Energy-E_F (eV)    DOS (1/eV)    PDOS (1/eV)  of atom type B  N  
     -5.99483      0.64438      0.26373      0.38065
     -5.98483      0.47032      0.19126      0.27907
     -5.97483      0.34619      0.13994      0.20624
     -5.96483      0.24467      0.09936      0.14531
     -5.95483      0.13919      0.05682      0.08236
     -5.94483      0.20916      0.08627      0.12289
     -5.93483      0.36340      0.15268      0.21072
     -5.92483      0.42321      0.18001      0.24320
     -5.91483      0.55457      0.23227      0.32230
     -5.90483      0.73026      0.29815      0.43211
     -5.89483      0.65489      0.26290      0.39199
     -5.88483      0.51469      0.20753      0.30716
     -5.87483      0.55044      0.22687      0.32357
     -5.86483      0.52465      0.21655      0.30810
     -5.85483      0.41093      0.16702      0.24390
     -5.84483      0.39278      0.16147      0.23131
     -5.83483      0.46960      0.19685      0.27275
     -5.82483      0.53653      0.22609      0.31044
     -5.81483      0.63907      0.27093      0.36814
     -5.80483      0.73699      0.31369      0.42330
     -5.79483      0.62290      0.26351      0.35939
     -5.78483      0.37499      0.15487      0.22012
     -5.77483      0.25734      0.10298      0.15436
     -5.76483      0.40502      0.16097      0.24405
     -5.75483      0.67551      0.27049      0.40502
     -5.74483      0.77218      0.31185      0.46034
     -5.73483      0.61238      0.24848      0.36391
     -5.72483      0.39612      0.15966      0.23646
     -5.71483      0.34853      0.13948      0.20905
     -5.70483      0.45927      0.18620      0.27307
     -5.69483      0.50453      0.20716      0.29737
     -5.68483      0.48778      0.20176      0.28601
     -5.67483      0.52699      0.21756      0.30943
     -5.66483      0.52193      0.21561      0.30633
     -5.65483      0.42162      0.17362      0.24800
     -5.64483      0.39050      0.15771      0.23279
     -5.63483      0.41062      0.16581      0.24480
     -5.62483      0.48672      0.19703      0.28969
     -5.61483      0.62184      0.25015      0.37169
     -5.60483      0.86270      0.34915      0.51355
     -5.59483      0.81723      0.33509      0.48214
     -5.58483      0.51952      0.21951      0.30001
     -5.57483      0.44067      0.18985      0.25083
     -5.56483      0.46389      0.19362      0.27027
     -5.55483      0.53445      0.21565      0.31880
     -5.54483      0.55569      0.22413      0.33156
     -5.53483      0.35405      0.14330      0.21075
     -5.52483      0.15027      0.06115      0.08912
     -5.51483      0.25653      0.10612      0.15041
     -5.50483      0.51816      0.21406      0.30410
     -5.49483      0.65497      0.26644      0.38854
     -5.48483      0.73990      0.29708      0.44282
     -5.47483      0.81850      0.33034      0.48816
     -5.46483      0.86662      0.35301      0.51361
     -5.45483      0.72279      0.29300      0.42979
     -5.44483      0.47608      0.18987      0.28622
     -5.43483      0.37522      0.14810      0.22711
     -5.42483      0.39629      0.15844      0.23785
     -5.41483      0.53520      0.21514      0.32005
     -5.40483      0.53216      0.21221      0.31996
     -5.39483      0.39483      0.15746      0.23737
     -5.38483      0.45653      0.18426      0.27227
     -5.37483      0.52255      0.21233      0.31022
     -5.36483      0.57779      0.23829      0.33950
     -5.35483      0.72834      0.30269      0.42565
     -5.34483      0.76988      0.31937      0.45051
     -5.33483      0.61326      0.25359      0.35967
     -5.32483      0.58462      0.23627      0.34835
     -5.31483      0.65675      0.26045      0.39631
     -5.30483      0.53317      0.20950      0.32367
     -5.29483      0.32312      0.12626      0.19686
     -5.28483      0.21195      0.08354      0.12841
     -5.27483      0.39466      0.15789      0.23676
     -5.26483      0.67523      0.27065      0.40459
     -5.25483      0.75937      0.30057      0.45880
     -5.24483      0.69010      0.26756      0.42253
     -5.23483      0.71193      0.27526      0.43667
     -5.22483      0.81275      0.31584      0.49692
     -5.21483      0.93890      0.36610      0.57279
     -5.20483      1.12330      0.43801      0.68529
     -5.19483      1.01875      0.39418      0.62457
     -5.18483      0.84610      0.32610      0.52000
     -5.17483      0.98299      0.38417      0.59882
     -5.16483      1.12925      0.44467      0.68458
     -5.15483      1.07116      0.41919      0.65196
     -5.14483      0.92838      0.36260      0.56578
     -5.13483      0.85030      0.33387      0.51643
     -5.12483      0.84365      0.33306      0.51059
     -5.11483      0.78091      0.30897      0.47194
     -5.10483      0.76048      0.29318      0.46730
     -5.09483      0.87379      0.32940      0.54439
     -5.08483      1.00790      0.38292      0.62499
     -5.07483      0.91316      0.35499      0.55817
     -5.06483      0.79057      0.30965      0.48092
     -5.05483      0.76217      0.29110      0.47107
     -5.04483      0.61810      0.23070      0.38740
     -5.03483      0.40073      0.14888      0.25185
     -5.02483      0.47096      0.18142      0.28954
     -5.01483      0.88187      0.34054      0.54133
     -5.00483      1.20218      0.46236      0.73982
     -4.99483      1.36272      0.52901      0.83371
     -4.98483      1.20823      0.46789      0.74035
     -4.97483      0.81319      0.30826      0.50492
     -4.96483      0.71146      0.26575      0.44571
     -4.95483      0.86667      0.32761      0.53906
     -4.94483      0.94662      0.36406      0.58255
     -4.93483      0.85017      0.32902      0.52115
     -4.92483      0.83732      0.32671      0.51062
     -4.91483      0.96874      0.37613      0.59261
     -4.90483      1.03865      0.39769      0.64096
     -4.89483      1.09395      0.41958      0.67437
     -4.88483      1.02772      0.39679      0.63092
     -4.87483      0.93257      0.36032      0.57226
     -4.86483      0.92737      0.35585      0.57152
     -4.85483      0.91120      0.34313      0.56808
     -4.84483      0.89107      0.33457      0.55650
     -4.83483      0.78462      0.29980      0.48482
     -4.82483      0.82765      0.32187      0.50577
     -4.81483      0.88657      0.34642      0.54015
     -4.80483      0.77735      0.29864      0.47871
     -4.79483      0.97555      0.36866      0.60689
     -4.78483      1.31384      0.50112      0.81273
     -4.77483      1.24198      0.47484      0.76714
     -4.76483      0.91920      0.34481      0.57439
     -4.75483      0.67241      0.24577      0.42665
     -4.74483      0.61648      0.22619      0.39029
     -4.73483      0.84625      0.31756      0.52870
     -4.72483      1.03153      0.39050      0.64102
     -4.71483      0.98324      0.36947      0.61377
     -4.70483      0.95202      0.35870      0.59333
     -4.69483      0.92667      0.35841      0.56826
     -4.68483      1.04505      0.40721      0.63784
     -4.67483      1.22871      0.47457      0.75415
     -4.66483      1.24196      0.47405      0.76791
     -4.65483      1.31548      0.49918      0.81631
     -4.64483      1.26770      0.48196      0.78575
     -4.63483      0.89282      0.33654      0.55627
     -4.62483      0.62032      0.23012      0.39020
     -4.61483      0.57920      0.21336      0.36583
     -4.60483      0.68477      0.25075      0.43403
     -4.59483      0.85449      0.31299      0.54150
     -4.58483      1.09863      0.40776      0.69086
     -4.57483      1.36932      0.51876      0.85056
     -4.56483      1.42200      0.54477      0.87723
     -4.55483      1.19540      0.45323      0.74217
     -4.54483      0.94924      0.35587      0.59337
     -4.53483      0.67737      0.25778      0.41959
     -4.52483      0.80804      0.30872      0.49931
     -4.51483      1.16651      0.43563      0.73088
     -4.50483      1.33745      0.49287      0.84458
     -4.49483      1.33344      0.49440      0.83904
     -4.48483      1.15090      0.43333      0.71757
     -4.47483      1.00135      0.38313      0.61822
     -4.46483      0.90179      0.34495      0.55684
     -4.45483      0.82328      0.31327      0.51000
     -4.44483      1.14289      0.43516      0.70774
     -4.43483      1.63360      0.61659      1.01702
     -4.42483      1.65931      0.62020      1.03911
     -4.41483      1.29571      0.47736      0.81835
     -4.40483      1.10884      0.40820      0.70065
     -4.39483      1.03077      0.38703      0.64374
     -4.38483      1.00096      0.38372      0.61723
     -4.37483      1.07441      0.40667      0.66774
     -4.36483      1.16586      0.42928      0.73658
     -4.35483      1.32061      0.48139      0.83922
     -4.34483      1.31376      0.47699      0.83677
     -4.33483      1.16336      0.42453      0.73883
     -4.32483      1.21558      0.44867      0.76691
     -4.31483      1.43642      0.53510      0.90132
     -4.30483      1.84127      0.69092      1.15035
     -4.29483      2.18399      0.81755      1.36644
     -4.28483      1.96308      0.72874      1.23435
     -4.27483      1.40062      0.51210      0.88852
     -4.26483      1.04521      0.38092      0.66430
     -4.25483      1.10449      0.40969      0.69481
     -4.24483      1.22365      0.45628      0.76737
     -4.23483      1.29123      0.48312      0.80811
     -4.22483      1.28437      0.48145      0.80292
     -4.21483      1.20723      0.45320      0.75403
     -4.20483      1.17969      0.44285      0.73684
     -4.19483      1.21328      0.45550      0.75777
     -4.18483      1.38301      0.51654      0.86647
     -4.17483      1.50158      0.54877      0.95281
     -4.16483      1.30281      0.46737      0.83543
     -4.15483      1.15284      0.41920      0.73363
     -4.14483      1.07858      0.40234      0.67624
     -4.13483      1.00223      0.38036      0.62186
     -4.12483      1.12909      0.42884      0.70025
     -4.11483      1.23400      0.46178      0.77223
     -4.10483      1.29985      0.48088      0.81898
     -4.09483      1.26343      0.46701      0.79641
     -4.08483      0.95599      0.35173      0.60427
     -4.07483      0.79935      0.29010      0.50924
     -4.06483      0.94518      0.34069      0.60449
     -4.05483      0.99175      0.36127      0.63047
     -4.04483      0.78387      0.29311      0.49076
     -4.03483      0.74305      0.27862      0.46444
     -4.02483      0.87688      0.32242      0.55446
     -4.01483      1.07893      0.39878      0.68015
     -4.00483      1.25218      0.46805      0.78414
     -3.99483      1.27193      0.47542      0.79651
     -3.98483      1.21119      0.44604      0.76515
     -3.97483      0.91122      0.32932      0.58190
     -3.96483      0.80280      0.29125      0.51155
     -3.95483      1.04293      0.38166      0.66126
     -3.94483      1.07874      0.39381      0.68493
     -3.93483      1.00562      0.36785      0.63777
     -3.92483      0.94322      0.34881      0.59440
     -3.91483      0.81996      0.30317      0.51679
     -3.90483      0.87564      0.32359      0.55204
     -3.89483      1.11667      0.41514      0.70153
     -3.88483      1.26868      0.46596      0.80272
     -3.87483      1.02929      0.36825      0.66104
     -3.86483      0.58498      0.20594      0.37904
     -3.85483      0.54624      0.19724      0.34900
     -3.84483      0.99715      0.36700      0.63015
     -3.83483      1.16405      0.43497      0.72908
     -3.82483      0.80077      0.30331      0.49746
     -3.81483      0.57190      0.21691      0.35499
     -3.80483      0.78647      0.29557      0.49090
     -3.79483      1.10375      0.41249      0.69126
     -3.78483      1.24688      0.46247      0.78441
     -3.77483      1.35406      0.49497      0.85908
     -3.76483      1.35552      0.48905      0.86646
     -3.75483      1.06967      0.38097      0.68870
     -3.74483      0.64937      0.22857      0.42080
     -3.73483      0.46151      0.16180      0.29971
     -3.72483      0.52834      0.18489      0.34345
     -3.71483      0.74008      0.26507      0.47501
     -3.70483      0.97077      0.35691      0.61386
     -3.69483      0.98812      0.37124      0.61688
     -3.68483      0.88070      0.32870      0.55200
     -3.67483      0.84877      0.30780      0.54097
     -3.66483      0.83439      0.30325      0.53114
     -3.65483      0.80524      0.29096      0.51428
     -3.64483      0.85912      0.30353      0.55559
     -3.63483      1.03694      0.37333      0.66361
     -3.62483      1.14839      0.42602      0.72237
     -3.61483      0.98447      0.36564      0.61882
     -3.60483      0.70924      0.25716      0.45208
     -3.59483      0.54030      0.19427      0.34603
     -3.58483      0.47835      0.17667      0.30169
     -3.57483      0.67961      0.25333      0.42628
     -3.56483      1.08857      0.39826      0.69031
     -3.55483      1.27791      0.45876      0.81915
     -3.54483      1.08946      0.38649      0.70297
     -3.53483      0.83024      0.29563      0.53461
     -3.52483      0.66779      0.23588      0.43191
     -3.51483      0.64812      0.22610      0.42202
     -3.50483      0.68601      0.24383      0.44218
     -3.49483      0.67289      0.24084      0.43204
     -3.48483      0.68191      0.24486      0.43705
     -3.47483      0.89789      0.32898      0.56891
     -3.46483      1.23921      0.45882      0.78039
     -3.45483      1.26474      0.46536      0.79938
     -3.44483      1.02849      0.37369      0.65480
     -3.43483      0.75399      0.27395      0.48003
     -3.42483      0.73914      0.27089      0.46824
     -3.41483      0.76350      0.27794      0.48557
     -3.40483      0.56297      0.20309      0.35988
     -3.39483      0.47673      0.16855      0.30818
     -3.38483      0.73947      0.26108      0.47839
     -3.37483      0.95643      0.34350      0.61294
     -3.36483      0.78964      0.28402      0.50562
     -3.35483      0.58775      0.21376      0.37399
     -3.34483      0.62010      0.22096      0.39914
     -3.33483      0.84045      0.29082      0.54962
     -3.32483      1.02779      0.36238      0.66541
     -3.31483      1.02914      0.37073      0.65841
     -3.30483      1.04775      0.37777      0.66998
     -3.29483      1.17184      0.41894      0.75290
     -3.28483      1.00253      0.35751      0.64502
     -3.27483      0.57111      0.20451      0.36660
     -3.26483      0.38170      0.13229      0.24941
     -3.25483      0.43077      0.14657      0.28420
     -3.24483      0.58540      0.20430      0.38110
     -3.23483      0.70454      0.24927      0.45526
     -3.22483      0.66743      0.23779      0.42964
     -3.21483      0.76086      0.26883      0.49203
     -3.20483      1.06176      0.37347      0.68829
     -3.19483      0.99730      0.35127      0.64603
     -3.18483      0.74843      0.27094      0.47749
     -3.17483      0.74969      0.27791      0.47178
     -3.16483      0.80011      0.29038      0.50973
     -3.15483      0.80444      0.29115      0.51328
     -3.14483      0.69237      0.26060      0.43177
     -3.13483      0.66712      0.25430      0.41283
     -3.12483      0.84487      0.31177      0.53310
     -3.11483      1.06188      0.37837      0.68351
     -3.10483      1.00723      0.34416      0.66307
     -3.09483      0.87430      0.28792      0.58638
     -3.08483      0.72003      0.23788      0.48214
     -3.07483      0.70701      0.24036      0.46664
     -3.06483      0.75931      0.26586      0.49344
     -3.05483      0.63170      0.22487      0.40683
     -3.04483      0.57209      0.20431      0.36778
     -3.03483      0.63559      0.22456      0.41103
     -3.02483      0.78403      0.26899      0.51504
     -3.01483      0.66862      0.22597      0.44265
     -3.00483      0.36901      0.12317      0.24584
     -2.99483      0.36771      0.12821      0.23950
     -2.98483      0.70800      0.25877      0.44923
     -2.97483      1.09821      0.39573      0.70248
     -2.96483      1.22050      0.43006      0.79044
     -2.95483      1.04567      0.37101      0.67466
     -2.94483      0.83218      0.29773      0.53445
     -2.93483      0.98240      0.34540      0.63700
     -2.92483      1.02145      0.36025      0.66120
     -2.91483      0.62157      0.22388      0.39769
     -2.90483      0.35883      0.12493      0.23390
     -2.89483      0.46046      0.15037      0.31008
     -2.88483      0.49772      0.16272      0.33500
     -2.87483      0.37877      0.13248      0.24629
     -2.86483      0.43539      0.16447      0.27091
     -2.85483      0.63446      0.22979      0.40467
     -2.84483      0.97603      0.33320      0.64282
     -2.83483      1.25411      0.42206      0.83205
     -2.82483      1.14423      0.38429      0.75994
     -2.81483      0.84963      0.28859      0.56104
     -2.80483      0.70154      0.24735      0.45419
     -2.79483      0.60103      0.21065      0.39038
     -2.78483      0.49318      0.16579      0.32740
     -2.77483      0.54277      0.18854      0.35423
     -2.76483      0.70563      0.25434      0.45129
     -2.75483      0.93933      0.33583      0.60350
     -2.74483      1.12781      0.39937      0.72844
     -2.73483      1.04868      0.36728      0.68140
     -2.72483      0.73848      0.24878      0.48969
     -2.71483      0.53119      0.17351      0.35769
     -2.70483      0.54783      0.18740      0.36043
     -2.69483      0.65523      0.22789      0.42734
     -2.68483      0.62903      0.21149      0.41753
     -2.67483      0.50537      0.16271      0.34267
     -2.66483      0.53192      0.17694      0.35498
     -2.65483      0.70524      0.24539      0.45985
     -2.64483      0.81824      0.28475      0.53349
     -2.63483      0.67068      0.23633      0.43435
     -2.62483      0.48896      0.17539      0.31358
     -2.61483      0.54186      0.18325      0.35861
     -2.60483      0.61962      0.20061      0.41901
     -2.59483      0.69289      0.22710      0.46579
     -2.58483      0.75655      0.25239      0.50416
     -2.57483      0.68210      0.23092      0.45118
     -2.56483      0.71720      0.24638      0.47082
     -2.55483      1.11039      0.38342      0.72697
     -2.54483      1.51146      0.52280      0.98865
     -2.53483      1.25708      0.43208      0.82500
     -2.52483      0.82016      0.27967      0.54049
     -2.51483      0.55626      0.19240      0.36386
     -2.50483      0.43546      0.14571      0.28975
     -2.49483      0.36880      0.11766      0.25114
     -2.48483      0.26794      0.08609      0.18185
     -2.47483      0.44668      0.14875      0.29794
     -2.46483      0.74937      0.25168      0.49769
     -2.45483      0.91648      0.30671      0.60976
     -2.44483      0.93240      0.31045      0.62195
     -2.43483      0.78845      0.26213      0.52632
     -2.42483      0.59078      0.20063      0.39015
     -2.41483      0.36264      0.12513      0.23750
     -2.40483      0.40913      0.13598      0.27315
     -2.39483      0.65709      0.21470      0.44239
     -2.38483      0.71284      0.23333      0.47951
     -2.37483      0.62814      0.21210      0.41604
     -2.36483      0.79862      0.28223      0.51638
     -2.35483      1.10281      0.39094      0.71187
     -2.34483      0.86595      0.30294      0.56301
     -2.33483      0.60871      0.19783      0.41088
     -2.32483      0.72688      0.21750      0.50938
     -2.31483      0.80718      0.24214      0.56504
     -2.30483      0.69459      0.21798      0.47661
     -2.29483      0.54063      0.17751      0.36312
     -2.28483      0.50073      0.16959      0.33114
     -2.27483      0.64754      0.22552      0.42202
     -2.26483      0.99705      0.34497      0.65208
     -2.25483      1.11891      0.37620      0.74270
     -2.24483      0.88112      0.28556      0.59555
     -2.23483      0.53316      0.16703      0.36612
     -2.22483      0.38612      0.12259      0.26352
     -2.21483      0.41753      0.13165      0.28588
     -2.20483      0.49141      0.15573      0.33568
     -2.19483      0.66339      0.21786      0.44553
     -2.18483      0.95966      0.32081      0.63885
     -2.17483      1.09602      0.37128      0.72474
     -2.16483      0.91428      0.30937      0.60491
     -2.15483      0.68896      0.21922      0.46973
     -2.14483      0.51393      0.15297      0.36096
     -2.13483      0.34445      0.11081      0.23364
     -2.12483      0.39901      0.14340      0.25561
     -2.11483      0.57866      0.19701      0.38165
     -2.10483      0.67784      0.21318      0.46466
     -2.09483      0.67060      0.21111      0.45949
     -2.08483      0.58022      0.19193      0.38829
     -2.07483      0.58636      0.19337      0.39299
     -2.06483      0.80230      0.24995      0.55235
     -2.05483      0.87363      0.26545      0.60818
     -2.04483      0.81068      0.24908      0.56159
     -2.03483      0.93232      0.29620      0.63612
     -2.02483      1.07688      0.35082      0.72606
     -2.01483      1.01655      0.34094      0.67561
     -2.00483      0.74659      0.25526      0.49133
     -1.99483      0.51734      0.17691      0.34043
     -1.98483      0.42525      0.13728      0.28797
     -1.97483      0.46502      0.13637      0.32865
     -1.96483      0.65977      0.19301      0.46676
     -1.95483      0.72048      0.21835      0.50212
     -1.94483      0.57621      0.18003      0.39618
     -1.93483      0.62089      0.19791      0.42298
     -1.92483      0.84242      0.26964      0.57278
     -1.91483      0.77126      0.24654      0.52471
     -1.90483      0.59593      0.18579      0.41013
     -1.89483      0.59827      0.18340      0.41488
     -1.88483      0.65460      0.20964      0.44497
     -1.87483      0.86772      0.28415      0.58356
     -1.86483      0.90613      0.28792      0.61821
     -1.85483      0.59077      0.18579      0.40498
     -1.84483      0.32114      0.10830      0.21284
     -1.83483      0.35604      0.11939      0.23665
     -1.82483      0.65848      0.20801      0.45047
     -1.81483      0.87074      0.27371      0.59703
     -1.80483      0.73640      0.22818      0.50822
     -1.79483      0.71304      0.20919      0.50385
     -1.78483      0.91193      0.26435      0.64758
     -1.77483      0.94225      0.28238      0.65987
     -1.76483      0.86179      0.26831      0.59348
     -1.75483      0.87496      0.27039      0.60457
     -1.74483      0.84219      0.25458      0.58761
     -1.73483      0.65102      0.19623      0.45479
     -1.72483      0.49525      0.15547      0.33978
     -1.71483      0.39260      0.12619      0.26641
     -1.70483      0.43497      0.13505      0.29993
     -1.69483      0.67060      0.20326      0.46734
     -1.68483      0.85617      0.25502      0.60114
     -1.67483      0.86698      0.26127      0.60571
     -1.66483      0.85681      0.26812      0.58869
     -1.65483      0.90054      0.28045      0.62009
     -1.64483      0.76379      0.22750      0.53629
     -1.63483      0.49201      0.14108      0.35093
     -1.62483      0.53846      0.15788      0.38058
     -1.61483      0.68814      0.20968      0.47846
     -1.60483      0.65492      0.20078      0.45414
     -1.59483      0.65720      0.19194      0.46526
     -1.58483      0.68622      0.20328      0.48294
     -1.57483      0.56876      0.18423      0.38453
     -1.56483      0.44960      0.14910      0.30050
     -1.55483      0.60202      0.18322      0.41880
     -1.54483      0.78779      0.22850      0.55928
     -1.53483      0.83386      0.23775      0.59611
     -1.52483      0.94983      0.27046      0.67937
     -1.51483      0.99607      0.27927      0.71680
     -1.50483      0.84225      0.23755      0.60471
     -1.49483      0.69978      0.19688      0.50290
     -1.48483      0.65781      0.17187      0.48594
     -1.47483      0.54880      0.13664      0.41216
     -1.46483      0.35292      0.08695      0.26597
     -1.45483      0.23232      0.05713      0.17520
     -1.44483      0.26084      0.06363      0.19721
     -1.43483      0.45254      0.10947      0.34307
     -1.42483      0.59823      0.14423      0.45400
     -1.41483      0.53663      0.12922      0.40741
     -1.40483      0.44404      0.10716      0.33688
     -1.39483      0.49452      0.11938      0.37514
     -1.38483      0.55876      0.13450      0.42426
     -1.37483      0.44718      0.10729      0.33989
     -1.36483      0.38149      0.09092      0.29057
     -1.35483      0.50663      0.12007      0.38656
     -1.34483      0.49213      0.11613      0.37599
     -1.33483      0.35282      0.08296      0.26986
     -1.32483      0.35617      0.08356      0.27261
     -1.31483      0.38341      0.08934      0.29407
     -1.30483      0.39026      0.09021      0.30005
     -1.29483      0.37103      0.08563      0.28540
     -1.28483      0.40043      0.09263      0.30780
     -1.27483      0.65615      0.15214      0.50401
     -1.26483      0.87044      0.20213      0.66832
     -1.25483      0.79247      0.18368      0.60879
     -1.24483      0.66784      0.15394      0.51390
     -1.23483      0.62359      0.14298      0.48061
     -1.22483      0.49907      0.11401      0.38506
     -1.21483      0.48023      0.10852      0.37170
     -1.20483      0.59826      0.13388      0.46437
     -1.19483      0.60500      0.13496      0.47004
     -1.18483      0.52013      0.11585      0.40428
     -1.17483      0.46063      0.10208      0.35856
     -1.16483      0.41990      0.09256      0.32734
     -1.15483      0.39034      0.08612      0.30421
     -1.14483      0.56143      0.12391      0.43751
     -1.13483      0.76404      0.16804      0.59600
     -1.12483      0.73328      0.16032      0.57296
     -1.11483      0.63654      0.13796      0.49858
     -1.10483      0.57473      0.12380      0.45093
     -1.09483      0.46959      0.10075      0.36883
     -1.08483      0.49866      0.10591      0.39275
     -1.07483      0.58587      0.12364      0.46224
     -1.06483      0.46144      0.09695      0.36449
     -1.05483      0.38402      0.08031      0.30370
     -1.04483      0.45977      0.09529      0.36448
     -1.03483      0.59189      0.12231      0.46958
     -1.02483      0.89048      0.18601      0.70447
     -1.01483      1.12095      0.23589      0.88506
     -1.00483      1.03581      0.21715      0.81866
     -0.99483      0.93072      0.19262      0.73810
     -0.98483      0.90010      0.18379      0.71631
     -0.97483      0.85156      0.17212      0.67944
     -0.96483      0.81377      0.16315      0.65062
     -0.95483      0.78239      0.15549      0.62690
     -0.94483      0.81701      0.16064      0.65637
     -0.93483      0.87452      0.17025      0.70427
     -0.92483      0.96119      0.18533      0.77586
     -0.91483      1.15840      0.22198      0.93642
     -0.90483      1.29589      0.24942      1.04647
     -0.89483      1.05054      0.20492      0.84561
     -0.88483      0.75126      0.14726      0.60400
     -0.87483      0.71323      0.13767      0.57556
     -0.86483      0.80830      0.15362      0.65468
     -0.85483      0.69676      0.13113      0.56563
     -0.84483      0.41746      0.07757      0.33989
     -0.83483      0.28057      0.05133      0.22923
     -0.82483      0.28024      0.05095      0.22930
     -0.81483      0.36473      0.06623      0.29850
     -0.80483      0.63134      0.11557      0.51577
     -0.79483      1.30459      0.24307      1.06152
     -0.78483      1.96610      0.37016      1.59594
     -0.77483      1.49408      0.28131      1.21277
     -0.76483      0.60203      0.11146      0.49057
     -0.75483      0.25166      0.04488      0.20678
     -0.74483      0.21625      0.03781      0.17844
     -0.73483      0.27661      0.04824      0.22836
     -0.72483      0.29289      0.05103      0.24186
     -0.71483      0.32980      0.05738      0.27242
     -0.70483      0.38244      0.06678      0.31566
     -0.69483      0.52307      0.09189      0.43118
     -0.68483      0.75986      0.13421      0.62565
     -0.67483      0.81365      0.14322      0.67043
     -0.66483      0.53344      0.09260      0.44084
     -0.65483      0.29076      0.04940      0.24136
     -0.64483      0.26311      0.04412      0.21900
     -0.63483      0.32322      0.05389      0.26933
     -0.62483      0.40385      0.06712      0.33674
     -0.61483      0.49220      0.08166      0.41054
     -0.60483      0.56432      0.09363      0.47069
     -0.59483      0.68951      0.11471      0.57481
     -0.58483      0.85764      0.14357      0.71406
     -0.57483      0.91946      0.15374      0.76572
     -0.56483      0.65781      0.10850      0.54932
     -0.55483      0.28707      0.04634      0.24073
     -0.54483      0.16257      0.02558      0.13700
     -0.53483      0.26837      0.04187      0.22650
     -0.52483      0.31583      0.04898      0.26684
     -0.51483      0.36969      0.05687      0.31282
     -0.50483      0.44836      0.06898      0.37938
     -0.49483      0.41054      0.06347      0.34707
     -0.48483      0.45535      0.07043      0.38492
     -0.47483      0.46466      0.07130      0.39336
     -0.46483      0.35207      0.05307      0.29900
     -0.45483      0.29718      0.04392      0.25326
     -0.44483      0.34509      0.05042      0.29467
     -0.43483      0.40188      0.05838      0.34350
     -0.42483      0.42525      0.06148      0.36377
     -0.41483      0.41870      0.06055      0.35815
     -0.40483      0.48326      0.06980      0.41346
     -0.39483      0.69147      0.09900      0.59247
     -0.38483      0.67283      0.09559      0.57724
     -0.37483      0.31059      0.04382      0.26676
     -0.36483      0.13100      0.01792      0.11309
     -0.35483      0.23915      0.03207      0.20708
     -0.34483      0.33482      0.04469      0.29012
     -0.33483      0.35271      0.04656      0.30615
     -0.32483      0.40245      0.05292      0.34953
     -0.31483      0.38472      0.05065      0.33408
     -0.30483      0.32851      0.04288      0.28563
     -0.29483      0.28878      0.03697      0.25181
     -0.28483      0.25918      0.03258      0.22661
     -0.27483      0.28823      0.03577      0.25246
     -0.26483      0.37766      0.04636      0.33130
     -0.25483      0.47732      0.05808      0.41923
     -0.24483      0.54547      0.06597      0.47950
     -0.23483      0.45512      0.05490      0.40022
     -0.22483      0.28232      0.03353      0.24879
     -0.21483      0.28266      0.03256      0.25010
     -0.20483      0.25639      0.02927      0.22712
     -0.19483      0.17629      0.01980      0.15649
     -0.18483      0.28401      0.03133      0.25268
     -0.17483      0.39081      0.04275      0.34805
     -0.16483      0.37588      0.04051      0.33537
     -0.15483      0.30725      0.03265      0.27459
     -0.14483      0.24144      0.02523      0.21621
     -0.13483      0.30658      0.03140      0.27518
     -0.12483      0.41281      0.04179      0.37102
     -0.11483      0.38749      0.03879      0.34870
     -0.10483      0.28769      0.02823      0.25946
     -0.09483      0.24817      0.02374      0.22443
     -0.08483      0.26413      0.02479      0.23934
     -0.07483      0.28102      0.02597      0.25505
     -0.06483      0.26420      0.02395      0.24025
     -0.05483      0.28958      0.02556      0.26402
     -0.04483      0.36541      0.03170      0.33371
     -0.03483      0.31850      0.02729      0.29121
     -0.02483      0.23297      0.01942      0.21355
     -0.01483      0.24396      0.01978      0.22417
     -0.00483      0.20670      0.01658      0.19013
      0.00517      0.08983      0.00716      0.08266
      0.01517      0.01678      0.00134      0.01545
      0.02517      0.00123      0.00010      0.00113
      0.03517      0.00003      0.00000      0.00003
      0.04517      0.00000      0.00000      0.00000
      0.05517      0.00000      0.00000      0.00000
      0.06517      0.00000      0.00000      0.00000
      0.07517      0.00000      0.00000      0.00000
      0.08517      0.00000      0.00000      0.00000
      0.09517      0.00000      0.00000      0.00000
      0.10517      0.00000      0.00000      0.00000
      0.11517      0.00000      0.00000      0.00000
      0.12517      0.00000      0.00000      0.00000
      0.13517      0.00000      0.00000      0.00000
      0.14517      0.00000      0.00000      0.00000
      0.15517      0.00000      0.00000      0.00000
      0.16517      0.00000      0.00000      0.00000
      0.17517      0.00000      0.00000      0.00000
      0.18517      0.00000      0.00000      0.00000
      0.19517      0.00000      0.00000      0.00000
      0.20517      0.00000      0.00000      0.00000
      0.21517      0.00000      0.00000      0.00000
      0.22517      0.00000      0.00000      0.00000
      0.23517      0.00000      0.00000      0.00000
      0.24517      0.00000      0.00000      0.00000
      0.25517      0.00000      0.00000      0.00000
      0.26517      0.00000      0.00000      0.00000
      0.27517      0.00000      0.00000      0.00000
      0.28517      0.00000      0.00000      0.00000
      0.29517      0.00000      0.00000      0.00000
      0.30517      0.00000      0.00000      0.00000
      0.31517      0.00000      0.00000      0.00000
      0.32517      0.00000      0.00000      0.00000
      0.33517      0.00000      0.00000      0.00000
      0.34517      0.00000      0.00000      0.00000
      0.35517      0.00000      0.00000      0.00000
      0.36517      0.00000      0.00000      0.00000
      0.37517      0.00000      0.00000      0.00000
      0.38517      0.00000      0.00000      0.00000
      0.39517      0.00000      0.00000      0.00000
      0.40517      0.00000      0.00000      0.00000
      0.41517      0.00000      0.00000      0.00000
      0.42517      0.00000      0.00000      0.00000
      0.43517      0.00000      0.00000      0.00000
      0.44517      0.00000      0.00000      0.00000
      0.45517      0.00000      0.00000      0.00000
      0.46517      0.00000      0.00000      0.00000
      0.47517      0.00000      0.00000      0.00000
      0.48517      0.00000      0.00000      0.00000
      0.49517      0.00000      0.00000      0.00000
      0.50517      0.00000      0.00000      0.00000
      0.51517      0.00000      0.00000      0.00000
      0.52517      0.00000      0.00000      0.00000
      0.53517      0.00000      0.00000      0.00000
      0.54517      0.00000      0.00000      0.00000
      0.55517      0.00000      0.00000      0.00000
      0.56517      0.00000      0.00000      0.00000
      0.57517      0.00000      0.00000      0.00000
      0.58517      0.00000      0.00000      0.00000
      0.59517      0.00000      0.00000      0.00000
      0.60517      0.00000      0.00000      0.00000
      0.61517      0.00000      0.00000      0.00000
      0.62517      0.00000      0.00000      0.00000
      0.63517      0.00000      0.00000      0.00000
      0.64517      0.00000      0.00000      0.00000
      0.65517      0.00000      0.00000      0.00000
      0.66517      0.00000      0.00000      0.00000
      0.67517      0.00000      0.00000      0.00000
      0.68517      0.00000      0.00000      0.00000
      0.69517      0.00000      0.00000      0.00000
      0.70517      0.00000      0.00000      0.00000
      0.71517      0.00000      0.00000      0.00000
      0.72517      0.00000      0.00000      0.00000
      0.73517      0.00000      0.00000      0.00000
      0.74517      0.00000      0.00000      0.00000
      0.75517      0.00000      0.00000      0.00000
      0.76517      0.00000      0.00000      0.00000
      0.77517      0.00000      0.00000      0.00000
      0.78517      0.00000      0.00000      0.00000
      0.79517      0.00000      0.00000      0.00000
      0.80517      0.00000      0.00000      0.00000
      0.81517      0.00000      0.00000      0.00000
      0.82517      0.00000      0.00000      0.00000
      0.83517      0.00000      0.00000      0.00000
      0.84517      0.00000      0.00000      0.00000
      0.85517      0.00000      0.00000      0.00000
      0.86517      0.00000      0.00000      0.00000
      0.87517      0.00000      0.00000      0.00000
      0.88517      0.00000      0.00000      0.00000
      0.89517      0.00000      0.00000      0.00000
      0.90517      0.00000      0.00000      0.00000
      0.91517      0.00000      0.00000      0.00000
      0.92517      0.00000      0.00000      0.00000
      0.93517      0.00000      0.00000      0.00000
      0.94517      0.00000      0.00000      0.00000
      0.95517      0.00000      0.00000      0.00000
      0.96517      0.00000      0.00000      0.00000
      0.97517      0.00000      0.00000      0.00000
      0.98517      0.00000      0.00000      0.00000
      0.99517      0.00000      0.00000      0.00000
      1.00517      0.00000      0.00000      0.00000
      1.01517      0.00000      0.00000      0.00000
      1.02517      0.00000      0.00000      0.00000
      1.03517      0.00000      0.00000      0.00000
      1.04517      0.00000      0.00000      0.00000
      1.05517      0.00000      0.00000      0.00000
      1.06517      0.00000      0.00000      0.00000
      1.07517      0.00000      0.00000      0.00000
      1.08517      0.00000      0.00000      0.00000
      1.09517      0.00000      0.00000      0.00000
      1.10517      0.00000      0.00000      0.00000
      1.11517      0.00000      0.00000      0.00000
      1.12517      0.00000      0.00000      0.00000
      1.13517      0.00000      0.00000      0.00000
      1.14517      0.00000      0.00000      0.00000
      1.15517      0.00000      0.00000      0.00000
      1.16517      0.00000      0.00000      0.00000
      1.17517      0.00000      0.00000      0.00000
      1.18517      0.00000      0.00000      0.00000
      1.19517      0.00000      0.00000      0.00000
      1.20517      0.00000      0.00000      0.00000
      1.21517      0.00000      0.00000      0.00000
      1.22517      0.00000      0.00000      0.00000
      1.23517      0.00000      0.00000      0.00000
      1.24517      0.00000      0.00000      0.00000
      1.25517      0.00000      0.00000      0.00000
      1.26517      0.00000      0.00000      0.00000
      1.27517      0.00000      0.00000      0.00000
      1.28517      0.00000      0.00000      0.00000
      1.29517      0.00000      0.00000      0.00000
      1.30517      0.00000      0.00000      0.00000
      1.31517      0.00000      0.00000      0.00000
      1.32517      0.00000      0.00000      0.00000
      1.33517      0.00000      0.00000      0.00000
      1.34517      0.00000      0.00000      0.00000
      1.35517      0.00000      0.00000      0.00000
      1.36517      0.00000      0.00000      0.00000
      1.37517      0.00000      0.00000      0.00000
      1.38517      0.00000      0.00000      0.00000
      1.39517      0.00000      0.00000      0.00000
      1.40517      0.00000      0.00000      0.00000
      1.41517      0.00000      0.00000      0.00000
      1.42517      0.00000      0.00000      0.00000
      1.43517      0.00000      0.00000      0.00000
      1.44517      0.00000      0.00000      0.00000
      1.45517      0.00000      0.00000      0.00000
      1.46517      0.00000      0.00000      0.00000
      1.47517      0.00000      0.00000      0.00000
      1.48517      0.00000      0.00000      0.00000
      1.49517      0.00000      0.00000      0.00000
      1.50517      0.00000      0.00000      0.00000
      1.51517      0.00000      0.00000      0.00000
      1.52517      0.00000      0.00000      0.00000
      1.53517      0.00000      0.00000      0.00000
      1.54517      0.00000      0.00000      0.00000
      1.55517      0.00000      0.00000      0.00000
      1.56517      0.00000      0.00000      0.00000
      1.57517      0.00000      0.00000      0.00000
      1.58517      0.00000      0.00000      0.00000
      1.59517      0.00000      0.00000      0.00000
      1.60517      0.00000      0.00000      0.00000
      1.61517      0.00000      0.00000      0.00000
      1.62517      0.00000      0.00000      0.00000
      1.63517      0.00000      0.00000      0.00000
      1.64517      0.00000      0.00000      0.00000
      1.65517      0.00000      0.00000      0.00000
      1.66517      0.00000      0.00000      0.00000
      1.67517      0.00000      0.00000      0.00000
      1.68517      0.00000      0.00000      0.00000
      1.69517      0.00000      0.00000      0.00000
      1.70517      0.00000      0.00000      0.00000
      1.71517      0.00000      0.00000      0.00000
      1.72517      0.00000      0.00000      0.00000
      1.73517      0.00000      0.00000      0.00000
      1.74517      0.00000      0.00000      0.00000
      1.75517      0.00000      0.00000      0.00000
      1.76517      0.00000      0.00000      0.00000
      1.77517      0.00000      0.00000      0.00000
      1.78517      0.00000      0.00000      0.00000
      1.79517      0.00000      0.00000      0.00000
      1.80517      0.00000      0.00000      0.00000
      1.81517      0.00000      0.00000      0.00000
      1.82517      0.00000      0.00000      0.00000
      1.83517      0.00000      0.00000      0.00000
      1.84517      0.00000      0.00000      0.00000
      1.85517      0.00000      0.00000      0.00000
      1.86517      0.00000      0.00000      0.00000
      1.87517      0.00000      0.00000      0.00000
      1.88517      0.00000      0.00000      0.00000
      1.89517      0.00000      0.00000      0.00000
      1.90517      0.00000      0.00000      0.00000
      1.91517      0.00000      0.00000      0.00000
      1.92517      0.00000      0.00000      0.00000
      1.93517      0.00000      0.00000      0.00000
      1.94517      0.00000      0.00000      0.00000
      1.95517      0.00000      0.00000      0.00000
      1.96517      0.00000      0.00000      0.00000
      1.97517      0.00000      0.00000      0.00000
      1.98517      0.00000      0.00000      0.00000
      1.99517      0.00000      0.00000      0.00000
      2.00517      0.00000      0.00000      0.00000
      2.01517      0.00000      0.00000      0.00000
      2.02517      0.00000      0.00000      0.00000
      2.03517      0.00000      0.00000      0.00000
      2.04517      0.00000      0.00000      0.00000
      2.05517      0.00000      0.00000      0.00000
      2.06517      0.00000      0.00000      0.00000
      2.07517      0.00000      0.00000      0.00000
      2.08517      0.00000      0.00000      0.00000
      2.09517      0.00000      0.00000      0.00000
      2.10517      0.00000      0.00000      0.00000
      2.11517      0.00000      0.00000      0.00000
      2.12517      0.00000      0.00000      0.00000
      2.13517      0.00000      0.00000      0.00000
      2.14517      0.00000      0.00000      0.00000
      2.15517      0.00000      0.00000      0.00000
      2.16517      0.00000      0.00000      0.00000
      2.17517      0.00000      0.00000      0.00000
      2.18517      0.00000      0.00000      0.00000
      2.19517      0.00000      0.00000      0.00000
      2.20517      0.00000      0.00000      0.00000
      2.21517      0.00000      0.00000      0.00000
      2.22517      0.00000      0.00000      0.00000
      2.23517      0.00000      0.00000      0.00000
      2.24517      0.00000      0.00000      0.00000
      2.25517      0.00000      0.00000      0.00000
      2.26517      0.00000      0.00000      0.00000
      2.27517      0.00000      0.00000      0.00000
      2.28517      0.00000      0.00000      0.00000
      2.29517      0.00000      0.00000      0.00000
      2.30517      0.00000      0.00000      0.00000
      2.31517      0.00000      0.00000      0.00000
      2.32517      0.00000      0.00000      0.00000
      2.33517      0.00000      0.00000      0.00000
      2.34517      0.00000      0.00000      0.00000
      2.35517      0.00000      0.00000      0.00000
      2.36517      0.00000      0.00000      0.00000
      2.37517      0.00000      0.00000      0.00000
      2.38517      0.00000      0.00000      0.00000
      2.39517      0.00000      0.00000      0.00000
      2.40517      0.00000      0.00000      0.00000
      2.41517      0.00000      0.00000      0.00000
      2.42517      0.00000      0.00000      0.00000
      2.43517      0.00000      0.00000      0.00000
      2.44517      0.00000      0.00000      0.00000
      2.45517      0.00000      0.00000      0.00000
      2.46517      0.00000      0.00000      0.00000
      2.47517      0.00000      0.00000      0.00000
      2.48517      0.00000      0.00000      0.00000
      2.49517      0.00000      0.00000      0.00000
      2.50517      0.00000      0.00000      0.00000
      2.51517      0.00000      0.00000      0.00000
      2.52517      0.00000      0.00000      0.00000
      2.53517      0.00000      0.00000      0.00000
      2.54517      0.00000      0.00000      0.00000
      2.55517      0.00000      0.00000      0.00000
      2.56517      0.00000      0.00000      0.00000
      2.57517      0.00000      0.00000      0.00000
      2.58517      0.00000      0.00000      0.00000
      2.59517      0.00000      0.00000      0.00000
      2.60517      0.00000      0.00000      0.00000
      2.61517      0.00000      0.00000      0.00000
      2.62517      0.00000      0.00000      0.00000
      2.63517      0.00000      0.00000      0.00000
      2.64517      0.00000      0.00000      0.00000
      2.65517      0.00000      0.00000      0.00000
      2.66517      0.00000      0.00000      0.00000
      2.67517      0.00000      0.00000      0.00000
      2.68517      0.00000      0.00000      0.00000
      2.69517      0.00000      0.00000      0.00000
      2.70517      0.00000      0.00000      0.00000
      2.71517      0.00000      0.00000      0.00000
      2.72517      0.00000      0.00000      0.00000
      2.73517      0.00000      0.00000      0.00000
      2.74517      0.00000      0.00000      0.00000
      2.75517      0.00000      0.00000      0.00000
      2.76517      0.00000      0.00000      0.00000
      2.77517      0.00000      0.00000      0.00000
      2.78517      0.00000      0.00000      0.00000
      2.79517      0.00000      0.00000      0.00000
      2.80517      0.00000      0.00000      0.00000
      2.81517      0.00000      0.00000      0.00000
      2.82517      0.00000      0.00000      0.00000
      2.83517      0.00000      0.00000      0.00000
      2.84517      0.00000      0.00000      0.00000
      2.85517      0.00000      0.00000      0.00000
      2.86517      0.00000      0.00000      0.00000
      2.87517      0.00000      0.00000      0.00000
      2.88517      0.00000      0.00000      0.00000
      2.89517      0.00000      0.00000      0.00000
      2.90517      0.00000      0.00000      0.00000
      2.91517      0.00000      0.00000      0.00000
      2.92517      0.00000      0.00000      0.00000
      2.93517      0.00000      0.00000      0.00000
      2.94517      0.00000      0.00000      0.00000
      2.95517      0.00000      0.00000      0.00000
      2.96517      0.00000      0.00000      0.00000
      2.97517      0.00000      0.00000      0.00000
      2.98517      0.00000      0.00000      0.00000
      2.99517      0.00000      0.00000      0.00000
      3.00517      0.00000      0.00000      0.00000
      3.01517      0.00000      0.00000      0.00000
      3.02517      0.00000      0.00000      0.00000
      3.03517      0.00000      0.00000      0.00000
      3.04517      0.00000      0.00000      0.00000
      3.05517      0.00000      0.00000      0.00000
      3.06517      0.00000      0.00000      0.00000
      3.07517      0.00000      0.00000      0.00000
      3.08517      0.00000      0.00000      0.00000
      3.09517      0.00000      0.00000      0.00000
      3.10517      0.00000      0.00000      0.00000
      3.11517      0.00000      0.00000      0.00000
      3.12517      0.00000      0.00000      0.00000
      3.13517      0.00000      0.00000      0.00000
      3.14517      0.00000      0.00000      0.00000
      3.15517      0.00000      0.00000      0.00000
      3.16517      0.00000      0.00000      0.00000
      3.17517      0.00000      0.00000      0.00000
      3.18517      0.00000      0.00000      0.00000
      3.19517      0.00000      0.00000      0.00000
      3.20517      0.00000      0.00000      0.00000
      3.21517      0.00000      0.00000      0.00000
      3.22517      0.00000      0.00000      0.00000
      3.23517      0.00000      0.00000      0.00000
      3.24517      0.00000      0.00000      0.00000
      3.25517      0.00000      0.00000      0.00000
      3.26517      0.00000      0.00000      0.00000
      3.27517      0.00000      0.00000      0.00000
      3.28517      0.00000      0.00000      0.00000
      3.29517      0.00000      0.00000      0.00000
      3.30517      0.00000      0.00000      0.00000
      3.31517      0.00000      0.00000      0.00000
      3.32517      0.00000      0.00000      0.00000
      3.33517      0.00000      0.00000      0.00000
      3.34517      0.00000      0.00000      0.00000
      3.35517      0.00000      0.00000      0.00000
      3.36517      0.00000      0.00000      0.00000
      3.37517      0.00000      0.00000      0.00000
      3.38517      0.00000      0.00000      0.00000
      3.39517      0.00000      0.00000      0.00000
      3.40517      0.00000      0.00000      0.00000
      3.41517      0.00000      0.00000      0.00000
      3.42517      0.00000      0.00000      0.00000
      3.43517      0.00000      0.00000      0.00000
      3.44517      0.00000      0.00000      0.00000
      3.45517      0.00000      0.00000      0.00000
      3.46517      0.00000      0.00000      0.00000
      3.47517      0.00000      0.00000      0.00000
      3.48517      0.00000      0.00000      0.00000
      3.49517      0.00000      0.00000      0.00000
      3.50517      0.00000      0.00000      0.00000
      3.51517      0.00000      0.00000      0.00000
      3.52517      0.00000      0.00000      0.00000
      3.53517      0.00000      0.00000      0.00000
      3.54517      0.00000      0.00000      0.00000
      3.55517      0.00000      0.00000      0.00000
      3.56517      0.00000      0.00000      0.00000
      3.57517      0.00000      0.00000      0.00000
      3.58517      0.00000      0.00000      0.00000
      3.59517      0.00000      0.00000      0.00000
      3.60517      0.00000      0.00000      0.00000
      3.61517      0.00000      0.00000      0.00000
      3.62517      0.00000      0.00000      0.00000
      3.63517      0.00000      0.00000      0.00000
      3.64517      0.00000      0.00000      0.00000
      3.65517      0.00000      0.00000      0.00000
      3.66517      0.00000      0.00000      0.00000
      3.67517      0.00000      0.00000      0.00000
      3.68517      0.00000      0.00000      0.00000
      3.69517      0.00000      0.00000      0.00000
      3.70517      0.00000      0.00000      0.00000
      3.71517      0.00000      0.00000      0.00000
      3.72517      0.00000      0.00000      0.00000
      3.73517      0.00000      0.00000      0.00000
      3.74517      0.00000      0.00000      0.00000
      3.75517      0.00000      0.00000      0.00000
      3.76517      0.00000      0.00000      0.00000
      3.77517      0.00000      0.00000      0.00000
      3.78517      0.00000      0.00000      0.00000
      3.79517      0.00000      0.00000      0.00000
      3.80517      0.00000      0.00000      0.00000
      3.81517      0.00000      0.00000      0.00000
      3.82517      0.00000      0.00000      0.00000
      3.83517      0.00000      0.00000      0.00000
      3.84517      0.00000      0.00000      0.00000
      3.85517      0.00000      0.00000      0.00000
      3.86517      0.00000      0.00000      0.00000
      3.87517      0.00000      0.00000      0.00000
      3.88517      0.00000      0.00000      0.00000
      3.89517      0.00000      0.00000      0.00000
      3.90517      0.00000      0.00000      0.00000
      3.91517      0.00000      0.00000      0.00000
      3.92517      0.00000      0.00000      0.00000
      3.93517      0.00000      0.00000      0.00000
      3.94517      0.00000      0.00000      0.00000
      3.95517      0.00000      0.00000      0.00000
      3.96517      0.00000      0.00000      0.00000
      3.97517      0.00000      0.00000      0.00000
      3.98517      0.00000      0.00000      0.00000
      3.99517      0.00000      0.00000      0.00000
      4.00517      0.00000      0.00000      0.00000
      4.01517      0.00000      0.00000      0.00000
      4.02517      0.00000      0.00000      0.00000
      4.03517      0.00000      0.00000      0.00000
      4.04517      0.00000      0.00000      0.00000
      4.05517      0.00000      0.00000      0.00000
      4.06517      0.00000      0.00000      0.00000
      4.07517      0.00000      0.00000      0.00000
      4.08517      0.00000      0.00000      0.00000
      4.09517      0.00000      0.00000      0.00000
      4.10517      0.00000      0.00000      0.00000
      4.11517      0.00000      0.00000      0.00000
      4.12517      0.00000      0.00000      0.00000
      4.13517      0.00000      0.00000      0.00000
      4.14517      0.00000      0.00000      0.00000
      4.15517      0.00000      0.00000      0.00000
      4.16517      0.00000      0.00000      0.00000
      4.17517      0.00000      0.00000      0.00000
      4.18517      0.00000      0.00000      0.00000
      4.19517      0.00000      0.00000      0.00000
      4.20517      0.00000      0.00000      0.00000
      4.21517      0.00000      0.00000      0.00000
      4.22517      0.00000      0.00000      0.00000
      4.23517      0.00000      0.00000      0.00000
      4.24517      0.00000      0.00000      0.00000
      4.25517      0.00000      0.00000      0.00000
      4.26517      0.00000      0.00000      0.00000
      4.27517      0.00000      0.00000      0.00000
      4.28517      0.00000      0.00000      0.00000
      4.29517      0.00000      0.00000      0.00000
      4.30517      0.00000      0.00000      0.00000
      4.31517      0.00000      0.00000      0.00000
      4.32517      0.00000      0.00000      0.00000
      4.33517      0.00000      0.00000      0.00000
      4.34517      0.00000      0.00000      0.00000
      4.35517      0.00000      0.00000      0.00000
      4.36517      0.00000      0.00000      0.00000
      4.37517      0.00000      0.00000      0.00000
      4.38517      0.00000      0.00000      0.00000
      4.39517      0.00000      0.00000      0.00000
      4.40517      0.00000      0.00000      0.00000
      4.41517      0.00000      0.00000      0.00000
      4.42517      0.00000      0.00000      0.00000
      4.43517      0.00000      0.00000      0.00000
      4.44517      0.00000      0.00000      0.00000
      4.45517      0.00000      0.00000      0.00000
      4.46517      0.00000      0.00000      0.00000
      4.47517      0.00000      0.00000      0.00000
      4.48517      0.00000      0.00000      0.00000
      4.49517      0.00000      0.00000      0.00000
      4.50517      0.00000      0.00000      0.00000
      4.51517      0.00000      0.00000      0.00000
      4.52517      0.00000      0.00000      0.00000
      4.53517      0.00000      0.00000      0.00000
      4.54517      0.00000      0.00000      0.00000
      4.55517      0.00000      0.00000      0.00000
      4.56517      0.00000      0.00000      0.00000
      4.57517      0.00000      0.00000      0.00000
      4.58517      0.00000      0.00000      0.00000
      4.59517      0.00000      0.00000      0.00000
      4.60517      0.00000      0.00000      0.00000
      4.61517      0.00000      0.00000      0.00000
      4.62517      0.00000      0.00000      0.00000
      4.63517      0.00005      0.00004      0.00000
      4.64517      0.00158      0.00140      0.00017
      4.65517      0.02063      0.01838      0.00224
      4.66517      0.10733      0.09562      0.01171
      4.67517      0.24395      0.21718      0.02677
      4.68517      0.30820      0.27386      0.03435
      4.69517      0.35274      0.31241      0.04034
      4.70517      0.42892      0.37888      0.05003
      4.71517      0.42296      0.37267      0.05029
      4.72517      0.39086      0.34309      0.04777
      4.73517      0.40655      0.35576      0.05080
      4.74517      0.36204      0.31595      0.04608
      4.75517      0.28267      0.24570      0.03697
      4.76517      0.41754      0.36140      0.05614
      4.77517      0.69797      0.60340      0.09456
      4.78517      0.67416      0.58133      0.09283
      4.79517      0.46909      0.40203      0.06706
      4.80517      0.38629      0.32886      0.05743
      4.81517      0.50494      0.42914      0.07580
      4.82517      0.62994      0.53459      0.09535
      4.83517      0.47030      0.39651      0.07379
      4.84517      0.38543      0.31664      0.06879
      4.85517      0.90673      0.72856      0.17817
      4.86517      1.84214      1.47245      0.36968
      4.87517      2.44733      1.94960      0.49773
      4.88517      2.54330      2.01109      0.53221
      4.89517      2.16082      1.69074      0.47008
      4.90517      1.70337      1.32732      0.37606
      4.91517      1.39352      1.08803      0.30549
      4.92517      1.13512      0.88983      0.24529
      4.93517      1.10453      0.86785      0.23668
      4.94517      1.34428      1.05227      0.29201
      4.95517      1.44048      1.12141      0.31907
      4.96517      1.12852      0.87711      0.25142
      4.97517      0.72845      0.56797      0.16048
      4.98517      0.76920      0.59989      0.16931
      4.99517      0.92589      0.72291      0.20298
      5.00517      0.80097      0.62982      0.17115
      5.01517      0.82573      0.65074      0.17500
      5.02517      1.24292      0.96648      0.27644
      5.03517      1.46374      1.12823      0.33550
      5.04517      1.03338      0.79637      0.23700
      5.05517      0.43358      0.33595      0.09763
      5.06517      0.26449      0.20366      0.06084
      5.07517      0.59282      0.45356      0.13926
      5.08517      0.79972      0.61151      0.18821
      5.09517      0.58065      0.44665      0.13400
      5.10517      0.52607      0.41224      0.11383
      5.11517      0.64455      0.50179      0.14276
      5.12517      0.92832      0.70277      0.22555
      5.13517      1.18165      0.88463      0.29701
      5.14517      0.79301      0.59455      0.19845
      5.15517      0.35745      0.27304      0.08441
      5.16517      0.35376      0.27520      0.07857
      5.17517      0.48372      0.37440      0.10932
      5.18517      0.65626      0.50026      0.15600
      5.19517      0.80329      0.60712      0.19617
      5.20517      0.74094      0.56645      0.17449
      5.21517      0.54095      0.41994      0.12100
      5.22517      0.34522      0.26720      0.07802
      5.23517      0.41259      0.31245      0.10013
      5.24517      0.82338      0.61298      0.21040
      5.25517      1.15278      0.84934      0.30344
      5.26517      0.76524      0.56142      0.20381
      5.27517      0.25625      0.18973      0.06652
      5.28517      0.22792      0.17490      0.05302
      5.29517      0.35920      0.27520      0.08401
      5.30517      0.39739      0.30101      0.09638
      5.31517      0.53980      0.40298      0.13682
      5.32517      0.74733      0.55339      0.19394
      5.33517      0.59026      0.43775      0.15251
      5.34517      0.26935      0.20127      0.06808
      5.35517      0.25267      0.19009      0.06259
      5.36517      0.33666      0.25271      0.08396
      5.37517      0.40336      0.29854      0.10482
      5.38517      0.72433      0.52827      0.19607
      5.39517      1.02390      0.74227      0.28163
      5.40517      0.84826      0.61921      0.22905
      5.41517      0.64346      0.48039      0.16307
      5.42517      0.52877      0.40001      0.12876
      5.43517      0.31260      0.23741      0.07519
      5.44517      0.17374      0.12960      0.04414
      5.45517      0.27771      0.20215      0.07556
      5.46517      0.47979      0.34653      0.13326
      5.47517      0.51860      0.37297      0.14563
      5.48517      0.39197      0.28486      0.10711
      5.49517      0.31658      0.23332      0.08326
      5.50517      0.28284      0.20833      0.07452
      5.51517      0.32185      0.23607      0.08577
      5.52517      0.40722      0.29742      0.10980
      5.53517      0.59004      0.42699      0.16304
      5.54517      0.88224      0.63146      0.25078
      5.55517      0.86771      0.61899      0.24872
      5.56517      0.41324      0.29545      0.11779
      5.57517      0.15537      0.11210      0.04327
      5.58517      0.22744      0.16554      0.06191
      5.59517      0.30406      0.22214      0.08192
      5.60517      0.29609      0.21589      0.08020
      5.61517      0.34905      0.25210      0.09695
      5.62517      0.47333      0.33859      0.13474
      5.63517      0.53073      0.37730      0.15343
      5.64517      0.48769      0.34921      0.13848
      5.65517      0.39506      0.28691      0.10815
      5.66517      0.38559      0.28156      0.10403
      5.67517      0.40541      0.29469      0.11072
      5.68517      0.34560      0.24876      0.09684
      5.69517      0.45790      0.32633      0.13157
      5.70517      0.68612      0.48485      0.20127
      5.71517      0.77221      0.53959      0.23262
      5.72517      0.53849      0.37343      0.16506
      5.73517      0.18670      0.12922      0.05748
      5.74517      0.08756      0.06216      0.02541
      5.75517      0.24055      0.17242      0.06813
      5.76517      0.38483      0.27526      0.10958
      5.77517      0.27922      0.19893      0.08029
      5.78517      0.20499      0.14506      0.05994
      5.79517      0.45167      0.31854      0.13313
      5.80517      0.68350      0.48072      0.20278
      5.81517      0.48296      0.33857      0.14439
      5.82517      0.19306      0.13508      0.05798
      5.83517      0.18378      0.12922      0.05456
      5.84517      0.26964      0.19032      0.07931
      5.85517      0.27621      0.19449      0.08173
      5.86517      0.26465      0.18468      0.07997
      5.87517      0.36332      0.25239      0.11092
      5.88517      0.58594      0.40533      0.18062
      5.89517      0.74074      0.51014      0.23060
      5.90517      0.71290      0.49362      0.21928
      5.91517      0.54820      0.38429      0.16391
      5.92517      0.38919      0.27546      0.11374
      5.93517      0.29573      0.21015      0.08558
      5.94517      0.19620      0.13862      0.05758
      5.95517      0.19528      0.13539      0.05989
      5.96517      0.27354      0.18880      0.08473
      5.97517      0.29471      0.20256      0.09215
      5.98517      0.32902      0.22444      0.10457
      5.99517      0.37435      0.25643      0.11792
      6.00517      0.35698      0.24666      0.11032
      6.01517      0.26331      0.18242      0.08089
      6.02517      0.24063      0.16638      0.07426
      6.03517      0.27422      0.18889      0.08533
      6.04517      0.28067      0.19302      0.08766
      6.05517      0.36974      0.25416      0.11557
      6.06517      0.50554      0.34584      0.15970
      6.07517      0.68121      0.46353      0.21768
      6.08517      0.62094      0.42096      0.19997
      6.09517      0.29038      0.19634      0.09405
      6.10517      0.15804      0.10749      0.05055
      6.11517      0.23768      0.16296      0.07480
      6.12517      0.27989      0.19690      0.08557
      6.13517      0.31730      0.27264      0.07573
      6.14517      0.59884      0.67626      0.07287
      6.15517      1.08487      1.30226      0.09647
      6.16517      1.21032      1.43258      0.11285
      6.17517      1.11755      1.24622      0.13433
      6.18517      1.05471      1.12094      0.14811
      6.19517      0.82375      0.88500      0.10829
      6.20517      0.72022      0.75125      0.10326
      6.21517      0.81164      0.82990      0.12299
      6.22517      0.75564      0.80789      0.09680
      6.23517      0.69776      0.71644      0.10388
      6.24517      0.80809      0.76470      0.15224
      6.25517      0.83011      0.77440      0.16221
      6.26517      0.74571      0.66828      0.16060
      6.27517      0.61376      0.53385      0.14059
      6.28517      0.52559      0.55259      0.06965
      6.29517      0.55280      0.65918      0.03151
      6.30517      0.56997      0.60985      0.06818
      6.31517      0.58674      0.53844      0.11642
      6.32517      0.51178      0.48030      0.09584
      6.33517      0.39369      0.42313      0.04523
      6.34517      0.47325      0.48279      0.06790
      6.35517      0.74016      0.64600      0.16434
      6.36517      0.78854      0.65782      0.19156
      6.37517      0.52008      0.45982      0.11267
      6.38517      0.36223      0.37118      0.05072
      6.39517      0.47718      0.49755      0.06144
      6.40517      0.56010      0.55874      0.08549
      6.41517      0.53636      0.54117      0.07865
      6.42517      0.51117      0.52313      0.07141
      6.43517      0.48566      0.46648      0.08459
      6.44517      0.55980      0.48095      0.12846
      6.45517      0.65227      0.52154      0.17135
      6.46517      0.84756      0.68994      0.21592
      6.47517      0.94036      0.80155      0.21874
      6.48517      0.66428      0.56676      0.15344
      6.49517      0.40536      0.32048      0.10722
      6.50517      0.35149      0.29768      0.08211
      6.51517      0.32591      0.32419      0.04990
      6.52517      0.40006      0.40138      0.05957
      6.53517      0.56449      0.55256      0.09119
      6.54517      0.56282      0.56754      0.08119
      6.55517      0.52401      0.52094      0.08020
      6.56517      0.56723      0.52407      0.10946
      6.57517      0.51998      0.44493      0.11999
      6.58517      0.37818      0.31336      0.09295
      6.59517      0.36189      0.32692      0.07379
      6.60517      0.42018      0.38450      0.08322
      6.61517      0.44986      0.42085      0.08421
      6.62517      0.55683      0.53226      0.09731
      6.63517      0.68762      0.63737      0.13107
      6.64517      0.67164      0.54692      0.17131
      6.65517      0.64805      0.45912      0.20472
      6.66517      0.52214      0.40925      0.14279
      6.67517      0.41048      0.41710      0.05807
      6.68517      0.38444      0.38713      0.05644
      6.69517      0.34335      0.27516      0.09034
      6.70517      0.28331      0.19665      0.09159
      6.71517      0.27843      0.21794      0.07584
      6.72517      0.43555      0.42123      0.07286
      6.73517      0.68722      0.68764      0.10224
      6.74517      0.70840      0.69544      0.11348
      6.75517      0.68589      0.64420      0.12684
      6.76517      0.63803      0.55848      0.14099
      6.77517      0.41591      0.33859      0.10622
      6.78517      0.43237      0.35595      0.10832
      6.79517      0.58323      0.50416      0.13281
      6.80517      0.44391      0.37863      0.10425
      6.81517      0.35973      0.26704      0.10736
      6.82517      0.54602      0.41108      0.15963
      6.83517      0.67190      0.55786      0.16671
      6.84517      0.61801      0.52114      0.14895
      6.85517      0.51118      0.45539      0.10937
      6.86517      0.40021      0.42771      0.04514
      6.87517      0.30636      0.34676      0.02397
      6.88517      0.37423      0.35670      0.06743
      6.89517      0.46285      0.37139      0.12291
      6.90517      0.34864      0.25133      0.10871
      6.91517      0.20857      0.17139      0.05298
      6.92517      0.33385      0.30302      0.06844
      6.93517      0.66060      0.53877      0.17066
      6.94517      0.76379      0.62350      0.19725
      6.95517      0.52908      0.49522      0.09959
      6.96517      0.37109      0.39842      0.03934
      6.97517      0.38204      0.37236      0.06240
      6.98517      0.41173      0.35850      0.09245
      6.99517      0.41494      0.37325      0.08670
      7.00517      0.41344      0.38583      0.07951
      7.01517      0.50956      0.47544      0.09893
      7.02517      0.72728      0.65812      0.15229
      7.03517      0.77474      0.66846      0.18064
      7.04517      0.61430      0.46580      0.17979
      7.05517      0.52778      0.36542      0.17406
      7.06517      0.48916      0.37856      0.13852
      7.07517      0.49274      0.43218      0.11063
      7.08517      0.45911      0.43273      0.08577
      7.09517      0.38359      0.37584      0.06299
      7.10517      0.35570      0.30105      0.08572
      7.11517      0.38156      0.30543      0.10273
      7.12517      0.41931      0.37978      0.08803
      7.13517      0.42881      0.40792      0.07839
      7.14517      0.42527      0.37398      0.09486
      7.15517      0.39898      0.32545      0.10426
      7.16517      0.38873      0.34476      0.08702
      7.17517      0.43655      0.39419      0.09389
      7.18517      0.43718      0.39029      0.09633
      7.19517      0.41926      0.33967      0.11156
      7.20517      0.49877      0.34873      0.16338
      7.21517      0.65847      0.49274      0.19675
      7.22517      0.74323      0.66290      0.16065
      7.23517      0.56095      0.58793      0.07073
      7.24517      0.41425      0.45726      0.03977
      7.25517      0.49726      0.50672      0.07304
      7.26517      0.50904      0.47547      0.09896
      7.27517      0.37678      0.30742      0.09821
      7.28517      0.35190      0.28034      0.09554
      7.29517      0.46007      0.38138      0.11644
      7.30517      0.44179      0.34570      0.12363
      7.31517      0.37100      0.28491      0.10763
      7.32517      0.48412      0.42720      0.11029
      7.33517      0.60084      0.58177      0.10764
      7.34517      0.69124      0.64582      0.13391
      7.35517      0.72391      0.63502      0.15434
      7.36517      0.74213      0.65176      0.14530
      7.37517      0.97219      0.85125      0.19124
      7.38517      1.12293      1.01387      0.20864
      7.39517      0.92104      0.91773      0.11767
      7.40517      0.63136      0.69442      0.03036
      7.41517      0.45560      0.51012      0.00841
      7.42517      0.42767      0.43183      0.03622
      7.43517      0.64169      0.58006      0.10728
      7.44517      0.90462      0.84998      0.13980
      7.45517      0.90328      0.91697      0.09669
      7.46517      0.78481      0.76328      0.10083
      7.47517      0.81182      0.69483      0.16230
      7.48517      0.76986      0.66298      0.15500
      7.49517      0.68971      0.68316      0.08212
      7.50517      0.77528      0.80165      0.06635
      7.51517      0.89540      0.90358      0.09605
      7.52517      0.97362      0.95738      0.12667
      7.53517      1.00613      0.97194      0.13925
      7.54517      0.98315      0.93875      0.14268
      7.55517      0.90489      0.88348      0.12727
      7.56517      0.87112      0.84425      0.11954
      7.57517      1.05569      1.00304      0.14251
      7.58517      1.11720      1.08985      0.14195
      7.59517      0.92174      0.87614      0.13511
      7.60517      0.80657      0.70278      0.14867
      7.61517      0.81810      0.72636      0.13696
      7.62517      0.74702      0.71151      0.09693
      7.63517      0.54269      0.53602      0.05478
      7.64517      0.56338      0.52254      0.07376
      7.65517      0.90164      0.84083      0.12120
      7.66517      1.17626      1.14190      0.14303
      7.67517      1.20466      1.17775      0.15771
      7.68517      1.09563      1.07259      0.14799
      7.69517      0.93417      0.89351      0.12434
      7.70517      0.77784      0.70374      0.11555
      7.71517      0.75797      0.70123      0.10943
      7.72517      0.85862      0.86132      0.09201
      7.73517      0.94213      0.93795      0.09491
      7.74517      1.03105      0.95279      0.13761
      7.75517      0.91080      0.80942      0.13573
      7.76517      0.72838      0.65180      0.09677
      7.77517      0.77540      0.69717      0.10860
      7.78517      0.93982      0.87889      0.12742
      7.79517      1.14063      1.05606      0.16970
      7.80517      1.17051      0.99867      0.22682
      7.81517      1.05776      0.85022      0.23320
      7.82517      1.05250      0.92579      0.16763
      7.83517      1.06140      1.06058      0.07714
      7.84517      1.04247      1.10879      0.04557
      7.85517      1.11326      1.15023      0.09311
      7.86517      1.11477      1.07875      0.13189
      7.87517      1.07981      1.01434      0.12606
      7.88517      1.07433      0.99180      0.13577
      7.89517      1.20944      1.10937      0.18174
      7.90517      1.24797      1.12710      0.20261
      7.91517      1.11782      1.01330      0.16685
      7.92517      1.24043      1.20050      0.12209
      7.93517      1.27079      1.22221      0.12047
      7.94517      1.11953      0.98215      0.16512
      7.95517      1.07632      0.89136      0.19834
      7.96517      1.24009      1.06312      0.20999
      7.97517      1.39868      1.21917      0.22310
      7.98517      1.27844      1.09128      0.22045
      7.99517      1.26253      1.09870      0.21306
      8.00517      1.39653      1.29736      0.18290
      8.01517      1.65006      1.59920      0.17599
      8.02517      1.83624      1.74528      0.22536
      8.03517      1.65180      1.47401      0.25366
      8.04517      1.59560      1.33717      0.28035
      8.05517      1.66014      1.39869      0.28335
      8.06517      1.85985      1.63461      0.29705
      8.07517      2.44245      2.15644      0.39102
      8.08517      2.85140      2.43927      0.47611
      8.09517      3.00004      2.49116      0.52568
      8.10517      3.20140      2.62627      0.58022
      8.11517      3.02856      2.49773      0.55107
      8.12517      2.37060      2.00315      0.41677
      8.13517      1.27149      1.12772      0.20507
      8.14517      0.45358      0.46472      0.05046
      8.15517      0.20878      0.26348      0.00544
      8.16517      0.18789      0.25100      0.00024
      8.17517      0.24123      0.31975      0.00000
      8.18517      0.40150      0.52830      0.00000
      8.19517      0.42851      0.56268      0.00000
      8.20517      0.28677      0.37542      0.00000
      8.21517      0.19830      0.25934      0.00000
      8.22517      0.21296      0.27987      0.00000
      8.23517      0.26764      0.35438      0.00000
      8.24517      0.34070      0.45284      0.00000
      8.25517      0.31508      0.41947      0.00000
      8.26517      0.17485      0.23287      0.00000
      8.27517      0.13519      0.17898      0.00000
      8.28517      0.13533      0.17873      0.00000
      8.29517      0.06994      0.09245      0.00000
      8.30517      0.08213      0.10928      0.00000
      8.31517      0.21290      0.28419      0.00000
      8.32517      0.25706      0.34400      0.00000
      8.33517      0.16802      0.22521      0.00000
      8.34517      0.21971      0.29320      0.00000
      8.35517      0.37450      0.49737      0.00000
      8.36517      0.33387      0.44165      0.00000
      8.37517      0.21063      0.27742      0.00000
      8.38517      0.18940      0.24978      0.00000
      8.39517      0.20799      0.27692      0.00000
      8.40517      0.22417      0.29969      0.00000
      8.41517      0.18552      0.24700      0.00000
      8.42517      0.16339      0.21624      0.00000
      8.43517      0.11503      0.15228      0.00000
      8.44517      0.10647      0.14214      0.00000
      8.45517      0.14826      0.19852      0.00000
      8.46517      0.14362      0.19243      0.00000
      8.47517      0.19952      0.26712      0.00000
      8.48517      0.25784      0.34449      0.00000
      8.49517      0.21124      0.28197      0.00000
      8.50517      0.17580      0.23507      0.00000
      8.51517      0.15215      0.20280      0.00000
      8.52517      0.20286      0.26720      0.00000
      8.53517      0.34586      0.45422      0.00000
      8.54517      0.38524      0.50682      0.00000
      8.55517      0.42153      0.55760      0.00000
      8.56517      0.48882      0.64913      0.00000
      8.57517      0.37751      0.50127      0.00000
      8.58517      0.20996      0.27814      0.00000
      8.59517      0.16140      0.21365      0.00000
      8.60517      0.15722      0.20831      0.00000
      8.61517      0.19027      0.25270      0.00000
      8.62517      0.28207      0.37501      0.00000
      8.63517      0.22097      0.29382      0.00000
      8.64517      0.18428      0.24503      0.00000
      8.65517      0.27238      0.36218      0.00000
      8.66517      0.21517      0.28613      0.00000
      8.67517      0.13354      0.17748      0.00000
      8.68517      0.19268      0.25584      0.00000
      8.69517      0.21637      0.28682      0.00000
      8.70517      0.23173      0.30620      0.00000
      8.71517      0.31930      0.42184      0.00000
      8.72517      0.31282      0.41375      0.00000
      8.73517      0.23170      0.30647      0.00000
      8.74517      0.17877      0.23630      0.00000
      8.75517      0.25336      0.33470      0.00000
      8.76517      0.37409      0.49416      0.00000
      8.77517      0.28359      0.37474      0.00000
      8.78517      0.12689      0.16757      0.00000
      8.79517      0.13419      0.17675      0.00000
      8.80517      0.19933      0.26281      0.00000
      8.81517      0.19494      0.25760      0.00000
      8.82517      0.12305      0.16262      0.00000
      8.83517      0.09545      0.12516      0.00000
      8.84517      0.14282      0.18660      0.00000
      8.85517      0.13925      0.18220      0.00000
      8.86517      0.16048      0.21084      0.00000
      8.87517      0.26949      0.35477      0.00000
      8.88517      0.48125      0.63353      0.00000
      8.89517      0.63359      0.83330      0.00000
      8.90517      0.51944      0.68363      0.00000
      8.91517      0.36571      0.48231      0.00000
      8.92517      0.35111      0.46208      0.00000
      8.93517      0.39367      0.51618      0.00000
      8.94517      0.36536      0.47827      0.00000
      8.95517      0.30493      0.39896      0.00000
      8.96517      0.24110      0.31594      0.00000
      8.97517      0.20081      0.26342      0.00000
      8.98517      0.18593      0.24334      0.00000
      8.99517      0.18534      0.24152      0.00000
      9.00517      0.22573      0.29148      0.00000
      9.01517      0.29288      0.37563      0.00000
      9.02517      0.25761      0.32959      0.00000
      9.03517      0.18782      0.24060      0.00000
      9.04517      0.14062      0.18044      0.00000
      9.05517      0.23209      0.29987      0.00000
      9.06517      0.37905      0.49411      0.00000
      9.07517      0.39803      0.52095      0.00000
      9.08517      0.38572      0.50116      0.00000
      9.09517      0.34874      0.45084      0.00000
      9.10517      0.25998      0.33712      0.00000
      9.11517      0.24865      0.31985      0.00000
      9.12517      0.29885      0.37911      0.00000
      9.13517      0.26700      0.33689      0.00000
      9.14517      0.18136      0.22951      0.00000
      9.15517      0.10461      0.13149      0.00000
      9.16517      0.15038      0.18543      0.00000
      9.17517      0.20728      0.25504      0.00000
      9.18517      0.11370      0.13995      0.00000
      9.19517      0.02376      0.02923      0.00000
      9.20517      0.01254      0.01509      0.00000
      9.21517      0.06568      0.07908      0.00000
      9.22517      0.18413      0.22676      0.00000
      9.23517      0.43566      0.56140      0.00000
      9.24517      1.00937      1.31924      0.00000
      9.25517      1.48002      1.91925      0.00000
      9.26517      1.22184      1.56061      0.00000
      9.27517      0.61490      0.76718      0.00000
      9.28517      0.28974      0.34990      0.00000
      9.29517      0.18411      0.21792      0.00000
      9.30517      0.14253      0.16665      0.00000
      9.31517      0.14897      0.17290      0.00000
      9.32517      0.09512      0.11019      0.00000
      9.33517      0.04945      0.05677      0.00000
      9.34517      0.07792      0.08917      0.00000
      9.35517      0.13948      0.16211      0.00000
      9.36517      0.25703      0.30347      0.00000
      9.37517      0.32124      0.38241      0.00000
      9.38517      0.33449      0.39958      0.00000
      9.39517      0.34949      0.42101      0.00000
      9.40517      0.34756      0.43595      0.00000
      9.41517      0.46271      0.60145      0.00000
      9.42517      0.51065      0.66717      0.00000
      9.43517      0.37495      0.46916      0.00000
      9.44517      0.42511      0.48492      0.00000
      9.45517      0.53584      0.59978      0.00000
      9.46517      0.43975      0.49511      0.00000
      9.47517      0.31485      0.35865      0.00000
      9.48517      0.26467      0.30510      0.00000
      9.49517      0.22460      0.26270      0.00000
      9.50517      0.29162      0.33607      0.00000
      9.51517      0.43486      0.49011      0.00000
      9.52517      0.40158      0.45780      0.00000
      9.53517      0.26867      0.32037      0.00000
      9.54517      0.29575      0.35618      0.00000
      9.55517      0.49833      0.57719      0.00003
      9.56517      0.69676      0.78641      0.00021
      9.57517      0.73047      0.83202      0.00063
      9.58517      0.71423      0.85238      0.00087
      9.59517      0.87885      1.08463      0.00158
      9.60517      0.99620      1.21965      0.00334
      9.61517      0.71733      0.85107      0.00317
      9.62517      0.46657      0.51511      0.00248
      9.63517      0.43200      0.44403      0.00760
      9.64517      0.42779      0.41913      0.01622
      9.65517      0.39979      0.39240      0.01663
      9.66517      0.48280      0.49770      0.01493
      9.67517      0.57021      0.59982      0.01638
      9.68517      0.46037      0.47632      0.01662
      9.69517      0.57723      0.56836      0.02852
      9.70517      0.83286      0.81535      0.04324
      9.71517      0.80550      0.79813      0.04606
      9.72517      0.63426      0.63336      0.04604
      9.73517      0.65512      0.62892      0.06018
      9.74517      0.90389      0.85704      0.08460
      9.75517      1.19518      1.14376      0.11589
      9.76517      1.24088      1.17255      0.13850
      9.77517      1.19350      1.14648      0.12913
      9.78517      1.21104      1.21674      0.09991
      9.79517      1.16218      1.17005      0.08033
      9.80517      0.85943      0.83797      0.06306
      9.81517      0.56559      0.52474      0.05631
      9.82517      0.68394      0.62554      0.08045
      9.83517      0.91288      0.83625      0.10739
      9.84517      0.67146      0.61084      0.08040
      9.85517      0.41235      0.39850      0.03617
      9.86517      0.54313      0.55284      0.03170
      9.87517      0.52755      0.52819      0.03595
      9.88517      0.49593      0.48593      0.04351
      9.89517      0.74568      0.74170      0.06014
      9.90517      0.75707      0.76558      0.05138
      9.91517      0.61398      0.63989      0.03189
      9.92517      0.66062      0.70304      0.02583
      9.93517      0.66893      0.71682      0.02916
      9.94517      0.62466      0.67623      0.03755
      9.95517      0.76495      0.83044      0.05396
      9.96517      1.03674      1.09000      0.08336
      9.97517      1.03570      1.03123      0.09468
      9.98517      0.67554      0.66594      0.05490
      9.99517      0.41397      0.44631      0.01462
     10.00517      0.28811      0.31454      0.00841
     10.01517      0.27490      0.26502      0.02005
     10.02517      0.27203      0.25068      0.02253
     10.03517      0.18543      0.16972      0.01699
     10.04517      0.29268      0.27479      0.02704
     10.05517      0.61077      0.59698      0.04358
     10.06517      0.78493      0.78667      0.04996
     10.07517      0.61683      0.63125      0.03601
     10.08517      0.36022      0.36341      0.02109
     10.09517      0.21142      0.20494      0.01546
     10.10517      0.25004      0.26118      0.01475
     10.11517      0.42772      0.46856      0.01958
     10.12517      0.43119      0.46831      0.02226
     10.13517      0.44854      0.47134      0.02837
     10.14517      0.64553      0.67258      0.03869
     10.15517      0.73662      0.73780      0.05456
     10.16517      0.70540      0.67155      0.07319
     10.17517      0.61994      0.56623      0.08089
     10.18517      0.35368      0.31186      0.05180
     10.19517      0.16719      0.15749      0.01538
     10.20517      0.27791      0.29377      0.00574
     10.21517      0.47006      0.50234      0.01223
     10.22517      0.47534      0.50698      0.01358
     10.23517      0.34088      0.36833      0.00609
     10.24517      0.29533      0.32524      0.00576
     10.25517      0.37818      0.39628      0.01758
     10.26517      0.36314      0.36315      0.02471
     10.27517      0.29706      0.30946      0.02068
     10.28517      0.36684      0.37760      0.03085
     10.29517      0.50625      0.50414      0.04649
     10.30517      0.56014      0.58302      0.03916
     10.31517      0.53383      0.60767      0.01632
     10.32517      0.57199      0.67868      0.00855
     10.33517      0.53531      0.62320      0.01262
     10.34517      0.38539      0.43449      0.01110
     10.35517      0.30924      0.32416      0.01216
     10.36517      0.32205      0.31070      0.01833
     10.37517      0.25317      0.23673      0.01836
     10.38517      0.26761      0.25429      0.02173
     10.39517      0.42019      0.41646      0.02619
     10.40517      0.46913      0.45986      0.03231
     10.41517      0.39452      0.36353      0.04347
     10.42517      0.46486      0.42216      0.06226
     10.43517      0.58008      0.53787      0.07549
     10.44517      0.44638      0.41407      0.05541
     10.45517      0.30789      0.29543      0.02535
     10.46517      0.34787      0.36111      0.01033
     10.47517      0.35174      0.38529      0.00281
     10.48517      0.25810      0.30166      0.00035
     10.49517      0.16869      0.20799      0.00051
     10.50517      0.18036      0.21508      0.00430
     10.51517      0.30803      0.34002      0.01393
     10.52517      0.39898      0.42159      0.01749
     10.53517      0.34207      0.36024      0.00998
     10.54517      0.18176      0.18483      0.00792
     10.55517      0.15890      0.14439      0.01799
     10.56517      0.30514      0.29372      0.02565
     10.57517      0.60655      0.61651      0.03275
     10.58517      0.71334      0.71944      0.04285
     10.59517      0.37423      0.36706      0.02892
     10.60517      0.11869      0.11881      0.00914
     10.61517      0.16928      0.18566      0.00625
     10.62517      0.27413      0.29536      0.01104
     10.63517      0.19902      0.21196      0.00879
     10.64517      0.16600      0.18532      0.00596
     10.65517      0.27713      0.30403      0.01203
     10.66517      0.35783      0.38762      0.01491
     10.67517      0.44373      0.49535      0.01224
     10.68517      0.52472      0.58912      0.01756
     10.69517      0.51418      0.57273      0.02151
     10.70517      0.48552      0.51125      0.02605
     10.71517      0.49245      0.49243      0.03306
     10.72517      0.41570      0.39865      0.03923
     10.73517      0.37487      0.32845      0.05393
     10.74517      0.44389      0.37894      0.06846
     10.75517      0.47729      0.43557      0.05356
     10.76517      0.38025      0.38136      0.01952
     10.77517      0.18151      0.19226      0.00306
     10.78517      0.06088      0.06320      0.00185
     10.79517      0.11677      0.11615      0.00751
     10.80517      0.24348      0.25430      0.01238
     10.81517      0.23629      0.25912      0.00751
     10.82517      0.17875      0.19406      0.00168
     10.83517      0.23522      0.24979      0.00024
     10.84517      0.26548      0.28998      0.00162
     10.85517      0.27303      0.30099      0.00895
     10.86517      0.31908      0.34390      0.01826
     10.87517      0.25113      0.27124      0.01431
     10.88517      0.18942      0.20006      0.00922
     10.89517      0.28791      0.28072      0.01977
     10.90517      0.39439      0.38345      0.03177
     10.91517      0.34503      0.33372      0.03313
     10.92517      0.21623      0.19773      0.02734
     10.93517      0.15922      0.14792      0.01476
     10.94517      0.31622      0.31936      0.01049
     10.95517      0.47973      0.50789      0.00830
     10.96517      0.36310      0.40083      0.00320
     10.97517      0.16056      0.17606      0.00339
     10.98517      0.14980      0.14780      0.01031
     10.99517      0.22973      0.23715      0.01299
     11.00517      0.21466      0.23733      0.00747
     11.01517      0.18194      0.19510      0.00929
     11.02517      0.26115      0.27209      0.01677
     11.03517      0.30550      0.33197      0.01505
     11.04517      0.38301      0.42195      0.01608
     11.05517      0.53988      0.58726      0.02253
     11.06517      0.47378      0.49960      0.02488
     11.07517      0.35011      0.33282      0.03387
     11.08517      0.42181      0.37813      0.04933
     11.09517      0.56222      0.51206      0.06499
     11.10517      0.49915      0.46479      0.05693
     11.11517      0.22595      0.21351      0.02517
     11.12517      0.05305      0.05126      0.00477
     11.13517      0.07590      0.07889      0.00036
     11.14517      0.21430      0.22562      0.00001
     11.15517      0.25412      0.27015      0.00011
     11.16517      0.13661      0.14434      0.00153
     11.17517      0.11782      0.11626      0.00769
     11.18517      0.22803      0.23201      0.01425
     11.19517      0.23367      0.25213      0.00974
     11.20517      0.12350      0.13737      0.00272
     11.21517      0.13679      0.14395      0.00193
     11.22517      0.33212      0.34976      0.00993
     11.23517      0.59373      0.58632      0.05578
     11.24517      0.89642      0.75797      0.17007
     11.25517      1.14489      0.87454      0.27797
     11.26517      1.21652      0.90697      0.31028
     11.27517      1.22029      0.92679      0.29455
     11.28517      1.29417      1.02295      0.27853
     11.29517      1.60448      1.27966      0.34399
     11.30517      1.71010      1.33221      0.39638
     11.31517      1.34416      1.02309      0.32771
     11.32517      1.20985      0.92322      0.28905
     11.33517      1.44125      1.14496      0.30804
     11.34517      1.69907      1.42123      0.31075
     11.35517      1.67748      1.40708      0.30562
     11.36517      1.45462      1.16860      0.30352
     11.37517      1.38737      1.10959      0.29573
     11.38517      1.72892      1.39535      0.36219
     11.39517      2.14291      1.70038      0.47201
     11.40517      2.24215      1.79438      0.48804
     11.41517      2.29419      1.86568      0.47724
     11.42517      2.35840      1.88672      0.50356
     11.43517      2.53791      1.97444      0.57347
     11.44517      3.07998      2.38853      0.69743
     11.45517      3.49413      2.81191      0.71261
     11.46517      3.89459      3.47453      0.53223
     11.47517      4.90073      4.74857      0.37844
     11.48517      5.13698      5.10600      0.29381
     11.49517      3.90896      3.94802      0.17313
     11.50517      2.91967      2.96369      0.12058
     11.51517      2.95636      2.87902      0.21897
     11.52517      3.36759      3.09085      0.39484
     11.53517      3.29652      2.96855      0.42659
     11.54517      2.65985      2.47340      0.27835
     11.55517      2.28618      2.22647      0.16087
     11.56517      2.27603      2.23209      0.15331
     11.57517      2.42298      2.31083      0.21252
     11.58517      2.44553      2.30061      0.22832
