Energy-E_F (eV)    DOS (1/eV)    PDOS (1/eV)  of atom type B  N  
     -5.74891      0.76775      0.30905      0.45870
     -5.73891      0.69928      0.28342      0.41586
     -5.72891      0.47410      0.19196      0.28214
     -5.71891      0.34047      0.13628      0.20419
     -5.70891      0.40952      0.16501      0.24451
     -5.69891      0.50177      0.20506      0.29671
     -5.68891      0.49119      0.20278      0.28842
     -5.67891      0.50552      0.20899      0.29653
     -5.66891      0.54058      0.22307      0.31751
     -5.65891      0.46235      0.19108      0.27127
     -5.64891      0.39216      0.15960      0.23255
     -5.63891      0.39849      0.16045      0.23804
     -5.62891      0.44831      0.18170      0.26661
     -5.61891      0.55468      0.22349      0.33118
     -5.60891      0.76479      0.30840      0.45639
     -5.59891      0.89698      0.36545      0.53153
     -5.58891      0.62761      0.26128      0.36634
     -5.57891      0.44796      0.19264      0.25532
     -5.56891      0.45028      0.19127      0.25901
     -5.55891      0.50049      0.20384      0.29665
     -5.54891      0.56817      0.22873      0.33944
     -5.53891      0.46045      0.18621      0.27424
     -5.52891      0.20568      0.08335      0.12234
     -5.51891      0.17431      0.07179      0.10252
     -5.50891      0.41823      0.17316      0.24507
     -5.49891      0.61344      0.25145      0.36199
     -5.48891      0.70653      0.28462      0.42191
     -5.47891      0.78534      0.31570      0.46964
     -5.46891      0.86104      0.34982      0.51123
     -5.45891      0.80875      0.32911      0.47965
     -5.44891      0.56871      0.22850      0.34021
     -5.43891      0.39636      0.15668      0.23967
     -5.42891      0.37420      0.14858      0.22562
     -5.41891      0.47218      0.18992      0.28226
     -5.40891      0.57016      0.22816      0.34200
     -5.39891      0.43558      0.17328      0.26230
     -5.38891      0.41279      0.16590      0.24690
     -5.37891      0.50771      0.20569      0.30202
     -5.36891      0.54255      0.22222      0.32033
     -5.35891      0.66410      0.27571      0.38840
     -5.34891      0.78193      0.32461      0.45732
     -5.33891      0.68480      0.28388      0.40093
     -5.32891      0.56417      0.23064      0.33353
     -5.31891      0.64360      0.25668      0.38692
     -5.30891      0.60436      0.23829      0.36607
     -5.29891      0.40979      0.16036      0.24943
     -5.28891      0.22793      0.08926      0.13867
     -5.27891      0.28723      0.11442      0.17281
     -5.26891      0.57350      0.23003      0.34347
     -5.25891      0.75436      0.30069      0.45367
     -5.24891      0.72057      0.28156      0.43901
     -5.23891      0.68343      0.26382      0.41961
     -5.22891      0.77426      0.30042      0.47383
     -5.21891      0.87255      0.33970      0.53284
     -5.20891      1.06338      0.41508      0.64830
     -5.19891      1.10209      0.42804      0.67405
     -5.18891      0.88621      0.34140      0.54481
     -5.17891      0.89808      0.34867      0.54940
     -5.16891      1.09487      0.43069      0.66418
     -5.15891      1.11316      0.43704      0.67613
     -5.14891      0.98769      0.38551      0.60218
     -5.13891      0.86686      0.33965      0.52721
     -5.12891      0.84919      0.33436      0.51483
     -5.11891      0.81090      0.32128      0.48962
     -5.10891      0.75525      0.29514      0.46011
     -5.09891      0.81046      0.30717      0.50329
     -5.08891      0.97282      0.36740      0.60541
     -5.07891      0.97579      0.37554      0.60024
     -5.06891      0.82453      0.32353      0.50100
     -5.05891      0.77515      0.29955      0.47560
     -5.04891      0.69871      0.26293      0.43579
     -5.03891      0.47751      0.17693      0.30058
     -5.02891      0.38742      0.14705      0.24037
     -5.01891      0.70081      0.27138      0.42943
     -5.00891      1.09689      0.42176      0.67513
     -4.99891      1.31615      0.50890      0.80724
     -4.98891      1.32561      0.51518      0.81043
     -4.97891      0.96384      0.36912      0.59471
     -4.96891      0.70399      0.26364      0.44035
     -4.95891      0.79630      0.29888      0.49742
     -4.94891      0.93722      0.35833      0.57889
     -4.93891      0.90006      0.34766      0.55240
     -4.92891      0.81508      0.31695      0.49813
     -4.91891      0.91476      0.35680      0.55796
     -4.90891      1.01795      0.39162      0.62634
     -4.89891      1.07338      0.41061      0.66277
     -4.88891      1.07692      0.41495      0.66198
     -4.87891      0.95433      0.36881      0.58552
     -4.86891      0.93114      0.35892      0.57221
     -4.85891      0.91384      0.34679      0.56705
     -4.84891      0.91044      0.34115      0.56928
     -4.83891      0.82673      0.31320      0.51354
     -4.82891      0.78397      0.30313      0.48084
     -4.81891      0.88991      0.34767      0.54224
     -4.80891      0.81544      0.31649      0.49894
     -4.79891      0.84111      0.31859      0.52252
     -4.78891      1.20672      0.45822      0.74850
     -4.77891      1.32511      0.50720      0.81791
     -4.76891      1.05371      0.39943      0.65428
     -4.75891      0.75633      0.27886      0.47747
     -4.74891      0.60596      0.22098      0.38498
     -4.73891      0.72776      0.27078      0.45698
     -4.72891      0.99147      0.37482      0.61665
     -4.71891      1.01194      0.38185      0.63009
     -4.70891      0.96017      0.36003      0.60014
     -4.69891      0.93389      0.35719      0.57670
     -4.68891      0.96843      0.37767      0.59076
     -4.67891      1.17455      0.45538      0.71917
     -4.66891      1.24216      0.47662      0.76555
     -4.65891      1.27628      0.48458      0.79170
     -4.64891      1.33000      0.50546      0.82453
     -4.63891      1.06392      0.40320      0.66072
     -4.62891      0.69717      0.26011      0.43706
     -4.61891      0.57540      0.21248      0.36291
     -4.60891      0.62888      0.23077      0.39810
     -4.59891      0.77967      0.28518      0.49449
     -4.58891      0.98810      0.36420      0.62391
     -4.57891      1.26768      0.47628      0.79140
     -4.56891      1.44488      0.55227      0.89262
     -4.55891      1.29848      0.49559      0.80289
     -4.54891      1.05695      0.39705      0.65990
     -4.53891      0.76814      0.28972      0.47842
     -4.52891      0.69327      0.26592      0.42735
     -4.51891      1.03262      0.38936      0.64325
     -4.50891      1.29133      0.47729      0.81404
     -4.49891      1.35796      0.50135      0.85661
     -4.48891      1.23803      0.46294      0.77509
     -4.47891      1.04540      0.39773      0.64767
     -4.46891      0.95120      0.36477      0.58643
     -4.45891      0.82686      0.31478      0.51208
     -4.44891      0.95816      0.36521      0.59295
     -4.43891      1.45793      0.55240      0.90553
     -4.42891      1.72526      0.64769      1.07757
     -4.41891      1.44744      0.53647      0.91096
     -4.40891      1.15348      0.42340      0.73008
     -4.39891      1.06594      0.39641      0.66952
     -4.38891      0.99515      0.37914      0.61601
     -4.37891      1.04279      0.39857      0.64422
     -4.36891      1.11975      0.41632      0.70343
     -4.35891      1.26014      0.46054      0.79960
     -4.34891      1.34856      0.49017      0.85838
     -4.33891      1.21767      0.44273      0.77494
     -4.32891      1.16202      0.42708      0.73494
     -4.31891      1.33330      0.49471      0.83859
     -4.30891      1.65025      0.61809      1.03216
     -4.29891      2.09567      0.78595      1.30971
     -4.28891      2.12303      0.79141      1.33162
     -4.27891      1.63564      0.60206      1.03358
     -4.26891      1.13590      0.41290      0.72300
     -4.25891      1.04934      0.38665      0.66269
     -4.24891      1.18434      0.44121      0.74313
     -4.23891      1.26802      0.47363      0.79439
     -4.22891      1.30043      0.48734      0.81309
     -4.21891      1.23869      0.46460      0.77409
     -4.20891      1.18227      0.44407      0.73820
     -4.19891      1.19006      0.44656      0.74350
     -4.18891      1.29515      0.48577      0.80939
     -4.17891      1.49163      0.55069      0.94094
     -4.16891      1.40386      0.50614      0.89772
     -4.15891      1.19164      0.42925      0.76238
     -4.14891      1.11540      0.41209      0.70331
     -4.13891      1.01714      0.38378      0.63336
     -4.12891      1.05793      0.40274      0.65519
     -4.11891      1.20912      0.45558      0.75353
     -4.10891      1.26562      0.46965      0.79598
     -4.09891      1.31769      0.48702      0.83067
     -4.08891      1.09044      0.40249      0.68796
     -4.07891      0.82284      0.30041      0.52243
     -4.06891      0.86428      0.31179      0.55249
     -4.05891      1.01732      0.36819      0.64914
     -4.04891      0.86961      0.32149      0.54812
     -4.03891      0.72866      0.27453      0.45413
     -4.02891      0.81196      0.30042      0.51154
     -4.01891      0.98934      0.36389      0.62545
     -4.00891      1.20060      0.44718      0.75342
     -3.99891      1.27249      0.47643      0.79606
     -3.98891      1.25948      0.46737      0.79211
     -3.97891      1.04985      0.38195      0.66790
     -3.96891      0.78737      0.28420      0.50317
     -3.95891      0.94060      0.34365      0.59695
     -3.94891      1.10113      0.40260      0.69853
     -3.93891      1.02626      0.37446      0.65180
     -3.92891      0.98054      0.36111      0.61944
     -3.91891      0.86328      0.31979      0.54350
     -3.90891      0.82208      0.30329      0.51880
     -3.89891      1.00885      0.37460      0.63424
     -3.88891      1.24225      0.45968      0.78256
     -3.87891      1.17756      0.42606      0.75150
     -3.86891      0.75296      0.26584      0.48712
     -3.85891      0.48349      0.17225      0.31123
     -3.84891      0.79446      0.29060      0.50386
     -3.83891      1.17732      0.43715      0.74017
     -3.82891      0.97469      0.36741      0.60727
     -3.81891      0.61188      0.23246      0.37942
     -3.80891      0.65733      0.24793      0.40940
     -3.79891      0.99271      0.37170      0.62101
     -3.78891      1.20210      0.44767      0.75444
     -3.77891      1.31108      0.48227      0.82881
     -3.76891      1.38308      0.50148      0.88160
     -3.75891      1.22157      0.43752      0.78404
     -3.74891      0.81088      0.28649      0.52439
     -3.73891      0.49887      0.17523      0.32364
     -3.72891      0.48039      0.16781      0.31258
     -3.71891      0.63960      0.22652      0.41309
     -3.70891      0.89135      0.32434      0.56701
     -3.69891      1.01142      0.37718      0.63424
     -3.68891      0.92060      0.34634      0.57426
     -3.67891      0.85330      0.31254      0.54076
     -3.66891      0.84354      0.30529      0.53825
     -3.65891      0.81483      0.29655      0.51828
     -3.64891      0.81926      0.29124      0.52802
     -3.63891      0.95742      0.34048      0.61695
     -3.62891      1.12867      0.41448      0.71419
     -3.61891      1.08457      0.40437      0.68020
     -3.60891      0.81249      0.29774      0.51475
     -3.59891      0.59823      0.21491      0.38332
     -3.58891      0.48275      0.17587      0.30688
     -3.57891      0.55799      0.20845      0.34954
     -3.56891      0.92116      0.33977      0.58139
     -3.55891      1.25135      0.45263      0.79873
     -3.54891      1.19619      0.42561      0.77058
     -3.53891      0.92657      0.32914      0.59743
     -3.52891      0.71988      0.25597      0.46391
     -3.51891      0.63897      0.22318      0.41578
     -3.50891      0.67531      0.23790      0.43740
     -3.49891      0.68217      0.24415      0.43802
     -3.48891      0.66622      0.23835      0.42786
     -3.47891      0.77394      0.28113      0.49281
     -3.46891      1.11843      0.41322      0.70521
     -3.45891      1.29990      0.48036      0.81955
     -3.44891      1.14274      0.41712      0.72562
     -3.43891      0.84983      0.30804      0.54179
     -3.42891      0.71085      0.25996      0.45088
     -3.41891      0.78146      0.28563      0.49583
     -3.40891      0.65802      0.23820      0.41983
     -3.39891      0.47046      0.16810      0.30235
     -3.38891      0.60284      0.21176      0.39108
     -3.37891      0.91126      0.32548      0.58578
     -3.36891      0.89154      0.32079      0.57075
     -3.35891      0.64599      0.23349      0.41250
     -3.34891      0.57880      0.20961      0.36919
     -3.33891      0.73696      0.25638      0.48058
     -3.32891      0.97433      0.33990      0.63443
     -3.31891      1.04223      0.37291      0.66932
     -3.30891      1.02267      0.36946      0.65321
     -3.29891      1.12597      0.40388      0.72209
     -3.28891      1.13091      0.40320      0.72771
     -3.27891      0.73759      0.26389      0.47370
     -3.26891      0.42137      0.14894      0.27243
     -3.25891      0.39132      0.13290      0.25842
     -3.24891      0.51735      0.17877      0.33859
     -3.23891      0.67193      0.23666      0.43528
     -3.22891      0.69451      0.24710      0.44741
     -3.21891      0.67958      0.24112      0.43845
     -3.20891      0.95160      0.33510      0.61651
     -3.19891      1.08286      0.38065      0.70221
     -3.18891      0.82676      0.29473      0.53203
     -3.17891      0.72815      0.26891      0.45924
     -3.16891      0.78219      0.28712      0.49507
     -3.15891      0.81621      0.29379      0.52242
     -3.14891      0.74326      0.27488      0.46838
     -3.13891      0.65437      0.24996      0.40440
     -3.12891      0.74849      0.28051      0.46799
     -3.11891      0.99715      0.36025      0.63690
     -3.10891      1.05636      0.36787      0.68849
     -3.09891      0.92795      0.30890      0.61905
     -3.08891      0.78229      0.25702      0.52526
     -3.07891      0.68327      0.22923      0.45404
     -3.06891      0.75907      0.26288      0.49619
     -3.05891      0.69163      0.24510      0.44653
     -3.04891      0.57955      0.20678      0.37277
     -3.03891      0.59375      0.21153      0.38222
     -3.02891      0.73028      0.25333      0.47695
     -3.01891      0.76456      0.25963      0.50493
     -3.00891      0.47568      0.15954      0.31613
     -2.99891      0.32006      0.10835      0.21172
     -2.98891      0.53993      0.19539      0.34454
     -2.97891      0.96023      0.34948      0.61075
     -2.96891      1.20869      0.42876      0.77993
     -2.95891      1.14770      0.40467      0.74303
     -2.94891      0.88704      0.31755      0.56949
     -2.93891      0.88705      0.31394      0.57311
     -2.92891      1.06689      0.37458      0.69230
     -2.91891      0.80818      0.28856      0.51962
     -2.90891      0.41453      0.14854      0.26600
     -2.89891      0.39693      0.13165      0.26528
     -2.88891      0.51532      0.16760      0.34772
     -2.87891      0.42069      0.14140      0.27929
     -2.86891      0.38645      0.14357      0.24288
     -2.85891      0.54050      0.20112      0.33939
     -2.84891      0.82002      0.28517      0.53485
     -2.83891      1.17871      0.39765      0.78106
     -2.82891      1.23396      0.41472      0.81924
     -2.81891      0.96460      0.32480      0.63980
     -2.80891      0.74094      0.25752      0.48342
     -2.79891      0.65083      0.23048      0.42035
     -2.78891      0.52407      0.17869      0.34538
     -2.77891      0.50305      0.17080      0.33225
     -2.76891      0.63005      0.22527      0.40479
     -2.75891      0.83784      0.30122      0.53662
     -2.74891      1.07180      0.38066      0.69115
     -2.73891      1.12153      0.39531      0.72622
     -2.72891      0.87158      0.29958      0.57200
     -2.71891      0.58839      0.19284      0.39555
     -2.70891      0.51772      0.17324      0.34448
     -2.69891      0.61670      0.21463      0.40207
     -2.68891      0.66285      0.22695      0.43590
     -2.67891      0.54983      0.17944      0.37040
     -2.66891      0.49592      0.16113      0.33479
     -2.65891      0.62745      0.21577      0.41168
     -2.64891      0.79698      0.27789      0.51908
     -2.63891      0.75997      0.26532      0.49465
     -2.62891      0.53843      0.19300      0.34543
     -2.61891      0.49995      0.17414      0.32581
     -2.60891      0.59724      0.19541      0.40184
     -2.59891      0.65419      0.21246      0.44173
     -2.58891      0.74726      0.24789      0.49937
     -2.57891      0.71935      0.24186      0.47749
     -2.56891      0.66809      0.22847      0.43963
     -2.55891      0.90692      0.31265      0.59427
     -2.54891      1.40589      0.48623      0.91966
     -2.53891      1.43227      0.49425      0.93802
     -2.52891      0.97576      0.33305      0.64271
     -2.51891      0.64987      0.22347      0.42640
     -2.50891      0.46415      0.15885      0.30530
     -2.49891      0.40783      0.13197      0.27586
     -2.48891      0.29214      0.09281      0.19932
     -2.47891      0.33483      0.11031      0.22452
     -2.46891      0.63759      0.21384      0.42375
     -2.45891      0.86405      0.28977      0.57427
     -2.44891      0.94941      0.31680      0.63261
     -2.43891      0.85688      0.28454      0.57235
     -2.42891      0.68006      0.22841      0.45166
     -2.41891      0.44369      0.15285      0.29083
     -2.40891      0.34342      0.11619      0.22723
     -2.39891      0.56307      0.18460      0.37847
     -2.38891      0.72115      0.23547      0.48569
     -2.37891      0.65738      0.21794      0.43944
     -2.36891      0.67828      0.23649      0.44180
     -2.35891      1.01914      0.36184      0.65730
     -2.34891      1.02206      0.36044      0.66162
     -2.33891      0.66128      0.22403      0.43725
     -2.32891      0.65767      0.20137      0.45630
     -2.31891      0.79900      0.23752      0.56148
     -2.30891      0.75833      0.23318      0.52515
     -2.29891      0.59355      0.19166      0.40189
     -2.28891      0.50225      0.16806      0.33419
     -2.27891      0.55324      0.19093      0.36231
     -2.26891      0.85466      0.29777      0.55689
     -2.25891      1.11731      0.38056      0.73675
     -2.24891      1.01146      0.33307      0.67839
     -2.23891      0.66386      0.21020      0.45367
     -2.22891      0.41502      0.13051      0.28451
     -2.21891      0.39544      0.12565      0.26979
     -2.20891      0.45621      0.14328      0.31293
     -2.19891      0.57406      0.18603      0.38804
     -2.18891      0.83553      0.27774      0.55780
     -2.17891      1.08239      0.36470      0.71769
     -2.16891      1.01297      0.34450      0.66848
     -2.15891      0.76976      0.25326      0.51650
     -2.14891      0.58909      0.17846      0.41064
     -2.13891      0.39878      0.12134      0.27744
     -2.12891      0.34579      0.12156      0.22423
     -2.11891      0.50828      0.17889      0.32939
     -2.10891      0.65095      0.21025      0.44070
     -2.09891      0.68579      0.21345      0.47234
     -2.08891      0.62136      0.20152      0.41984
     -2.07891      0.55394      0.18509      0.36885
     -2.06891      0.70656      0.22496      0.48159
     -2.05891      0.88019      0.26894      0.61125
     -2.04891      0.82385      0.25087      0.57297
     -2.03891      0.86223      0.27029      0.59194
     -2.02891      1.03335      0.33334      0.70001
     -2.01891      1.07357      0.35569      0.71788
     -2.00891      0.86788      0.29511      0.57277
     -1.99891      0.59272      0.20331      0.38942
     -1.98891      0.44974      0.15021      0.29952
     -1.97891      0.42696      0.12941      0.29756
     -1.96891      0.57371      0.16627      0.40744
     -1.95891      0.73251      0.21885      0.51366
     -1.94891      0.63553      0.19621      0.43932
     -1.93891      0.56296      0.17846      0.38450
     -1.92891      0.76256      0.24380      0.51875
     -1.91891      0.84610      0.27101      0.57509
     -1.90891      0.64292      0.20321      0.43971
     -1.89891      0.59028      0.18103      0.40925
     -1.88891      0.61517      0.19254      0.42263
     -1.87891      0.77247      0.25288      0.51959
     -1.86891      0.94013      0.30316      0.63697
     -1.85891      0.74155      0.23229      0.50926
     -1.84891      0.40028      0.13035      0.26993
     -1.83891      0.30235      0.10377      0.19858
     -1.82891      0.51669      0.16599      0.35070
     -1.81891      0.82818      0.26002      0.56815
     -1.80891      0.81228      0.25462      0.55766
     -1.79891      0.68067      0.20417      0.47650
     -1.78891      0.83172      0.24059      0.59113
     -1.77891      0.95961      0.28257      0.67704
     -1.76891      0.88838      0.27349      0.61489
     -1.75891      0.86010      0.26777      0.59234
     -1.74891      0.87756      0.26759      0.60997
     -1.73891      0.73661      0.22115      0.51546
     -1.72891      0.54837      0.16882      0.37955
     -1.71891      0.42856      0.13741      0.29115
     -1.70891      0.38823      0.12259      0.26563
     -1.69891      0.56460      0.17249      0.39212
     -1.68891      0.80118      0.24005      0.56113
     -1.67891      0.87835      0.26201      0.61634
     -1.66891      0.85039      0.26238      0.58800
     -1.65891      0.88788      0.27909      0.60879
     -1.64891      0.85480      0.25972      0.59508
     -1.63891      0.58636      0.17004      0.41632
     -1.62891      0.47474      0.13703      0.33771
     -1.61891      0.64988      0.19518      0.45469
     -1.60891      0.67794      0.20893      0.46901
     -1.59891      0.64354      0.19188      0.45166
     -1.58891      0.68508      0.19903      0.48605
     -1.57891      0.63525      0.19805      0.43720
     -1.56891      0.47405      0.15869      0.31535
     -1.55891      0.51032      0.16078      0.34954
     -1.54891      0.73361      0.21598      0.51763
     -1.53891      0.81692      0.23374      0.58317
     -1.52891      0.89296      0.25464      0.63832
     -1.51891      1.00412      0.28350      0.72063
     -1.50891      0.91866      0.25722      0.66144
     -1.49891      0.74287      0.21120      0.53166
     -1.48891      0.67207      0.18146      0.49061
     -1.47891      0.60938      0.15375      0.45563
     -1.46891      0.43377      0.10708      0.32669
     -1.45891      0.26416      0.06502      0.19914
     -1.44891      0.22975      0.05628      0.17347
     -1.43891      0.36008      0.08733      0.27275
     -1.42891      0.56507      0.13638      0.42868
     -1.41891      0.57852      0.13933      0.43919
     -1.40891      0.47120      0.11358      0.35762
     -1.39891      0.45560      0.11005      0.34555
     -1.38891      0.55112      0.13282      0.41830
     -1.37891      0.50742      0.12193      0.38549
     -1.36891      0.38141      0.09118      0.29023
     -1.35891      0.44911      0.10664      0.34247
     -1.34891      0.53127      0.12559      0.40567
     -1.33891      0.39929      0.09400      0.30529
     -1.32891      0.34051      0.07998      0.26053
     -1.31891      0.37774      0.08832      0.28941
     -1.30891      0.38715      0.08973      0.29741
     -1.29891      0.38489      0.08881      0.29607
     -1.28891      0.36491      0.08432      0.28059
     -1.27891      0.53128      0.12307      0.40821
     -1.26891      0.81574      0.18936      0.62638
     -1.25891      0.85109      0.19752      0.65357
     -1.24891      0.70413      0.16272      0.54141
     -1.23891      0.64534      0.14823      0.49711
     -1.22891      0.55534      0.12709      0.42825
     -1.21891      0.46007      0.10453      0.35554
     -1.20891      0.55224      0.12396      0.42828
     -1.19891      0.62128      0.13870      0.48258
     -1.18891      0.55605      0.12395      0.43210
     -1.17891      0.47945      0.10653      0.37292
     -1.16891      0.43888      0.09689      0.34199
     -1.15891      0.39015      0.08600      0.30415
     -1.14891      0.46346      0.10234      0.36112
     -1.13891      0.70646      0.15564      0.55082
     -1.12891      0.76709      0.16817      0.59891
     -1.11891      0.67192      0.14617      0.52575
     -1.10891      0.60072      0.12963      0.47110
     -1.09891      0.51412      0.11055      0.40357
     -1.08891      0.45772      0.09763      0.36009
     -1.07891      0.57304      0.12118      0.45186
     -1.06891      0.52692      0.11089      0.41602
     -1.05891      0.39299      0.08237      0.31062
     -1.04891      0.41948      0.08729      0.33219
     -1.03891      0.52636      0.10869      0.41766
     -1.02891      0.74870      0.15561      0.59309
     -1.01891      1.06689      0.22410      0.84279
     -1.00891      1.09329      0.22989      0.86340
     -0.99891      0.96010      0.19986      0.76023
     -0.98891      0.91201      0.18718      0.72483
     -0.97891      0.87233      0.17698      0.69534
     -0.96891      0.82834      0.16660      0.66174
     -0.95891      0.79103      0.15782      0.63321
     -0.94891      0.79467      0.15693      0.63774
     -0.93891      0.85214      0.16655      0.68559
     -0.92891      0.91573      0.17725      0.73849
     -0.91891      1.06493      0.20439      0.86054
     -0.90891      1.27613      0.24482      1.03131
     -0.89891      1.19043      0.23085      0.95958
     -0.88891      0.84666      0.16608      0.68058
     -0.87891      0.69875      0.13590      0.56285
     -0.86891      0.77449      0.14799      0.62650
     -0.85891      0.78066      0.14748      0.63318
     -0.84891      0.52624      0.09838      0.42787
     -0.83891      0.31390      0.05775      0.25615
     -0.82891      0.27006      0.04918      0.22088
     -0.81891      0.31782      0.05771      0.26012
     -0.80891      0.48590      0.08850      0.39740
     -0.79891      0.97635      0.18062      0.79572
     -0.78891      1.78325      0.33475      1.44850
     -0.77891      1.83048      0.34508      1.48540
     -0.76891      0.91585      0.17127      0.74457
     -0.75891      0.33720      0.06106      0.27614
     -0.74891      0.20868      0.03667      0.17201
     -0.73891      0.25345      0.04421      0.20924
     -0.72891      0.28982      0.05053      0.23929
     -0.71891      0.30945      0.05384      0.25561
     -0.70891      0.35938      0.06263      0.29675
     -0.69891      0.44656      0.07824      0.36832
     -0.68891      0.66562      0.11738      0.54825
     -0.67891      0.83488      0.14737      0.68751
     -0.66891      0.67161      0.11738      0.55423
     -0.65891      0.36070      0.06183      0.29886
     -0.64891      0.25659      0.04319      0.21341
     -0.63891      0.29463      0.04922      0.24541
     -0.62891      0.36877      0.06135      0.30742
     -0.61891      0.45816      0.07605      0.38212
     -0.60891      0.53332      0.08847      0.44485
     -0.59891      0.62950      0.10455      0.52495
     -0.58891      0.78902      0.13176      0.65726
     -0.57891      0.92543      0.15506      0.77038
     -0.56891      0.80170      0.13314      0.66855
     -0.55891      0.42336      0.06898      0.35437
     -0.54891      0.17396      0.02764      0.14632
     -0.53891      0.21711      0.03394      0.18318
     -0.52891      0.31042      0.04829      0.26213
     -0.51891      0.33300      0.05136      0.28164
     -0.50891      0.43146      0.06632      0.36514
     -0.49891      0.42768      0.06597      0.36171
     -0.48891      0.42451      0.06573      0.35878
     -0.47891      0.48161      0.07421      0.40739
     -0.46891      0.40013      0.06083      0.33931
     -0.45891      0.30623      0.04558      0.26064
     -0.44891      0.31679      0.04645      0.27033
     -0.43891      0.38422      0.05594      0.32828
     -0.42891      0.41843      0.06059      0.35784
     -0.41891      0.42342      0.06119      0.36223
     -0.40891      0.43596      0.06307      0.37289
     -0.39891      0.60368      0.08677      0.51691
     -0.38891      0.73699      0.10500      0.63199
     -0.37891      0.46729      0.06615      0.40115
     -0.36891      0.15961      0.02224      0.13737
     -0.35891      0.17823      0.02396      0.15427
     -0.34891      0.31205      0.04176      0.27028
     -0.33891      0.34330      0.04554      0.29776
     -0.32891      0.38282      0.05035      0.33247
     -0.31891      0.40375      0.05315      0.35060
     -0.30891      0.34869      0.04576      0.30293
     -0.29891      0.30521      0.03941      0.26581
     -0.28891      0.26668      0.03375      0.23293
     -0.27891      0.26778      0.03339      0.23439
     -0.26891      0.33642      0.04147      0.29495
     -0.25891      0.43812      0.05349      0.38463
     -0.24891      0.52729      0.06390      0.46340
     -0.23891      0.51746      0.06249      0.45497
     -0.22891      0.33996      0.04079      0.29917
     -0.21891      0.26531      0.03086      0.23445
     -0.20891      0.28738      0.03289      0.25449
     -0.19891      0.19349      0.02194      0.17155
     -0.18891      0.22107      0.02450      0.19657
     -0.17891      0.36490      0.04008      0.32482
     -0.16891      0.38999      0.04231      0.34768
     -0.15891      0.34161      0.03649      0.30512
     -0.14891      0.25728      0.02711      0.23018
     -0.13891      0.26424      0.02726      0.23698
     -0.12891      0.37814      0.03844      0.33970
     -0.11891      0.41641      0.04190      0.37451
     -0.10891      0.32586      0.03228      0.29358
     -0.09891      0.25472      0.02462      0.23011
     -0.08891      0.25454      0.02406      0.23049
     -0.07891      0.27742      0.02580      0.25162
     -0.06891      0.27332      0.02500      0.24832
     -0.05891      0.26699      0.02382      0.24316
     -0.04891      0.34035      0.02969      0.31066
     -0.03891      0.35575      0.03065      0.32510
     -0.02891      0.25660      0.02168      0.23491
     -0.01891      0.23448      0.01918      0.21530
     -0.00891      0.23627      0.01901      0.21725
      0.00109      0.13871      0.01108      0.12763
      0.01109      0.03714      0.00296      0.03418
      0.02109      0.00402      0.00032      0.00370
      0.03109      0.00017      0.00001      0.00015
      0.04109      0.00000      0.00000      0.00000
      0.05109      0.00000      0.00000      0.00000
      0.06109      0.00000      0.00000      0.00000
      0.07109      0.00000      0.00000      0.00000
      0.08109      0.00000      0.00000      0.00000
      0.09109      0.00000      0.00000      0.00000
      0.10109      0.00000      0.00000      0.00000
      0.11109      0.00000      0.00000      0.00000
      0.12109      0.00000      0.00000      0.00000
      0.13109      0.00000      0.00000      0.00000
      0.14109      0.00000      0.00000      0.00000
      0.15109      0.00000      0.00000      0.00000
      0.16109      0.00000      0.00000      0.00000
      0.17109      0.00000      0.00000      0.00000
      0.18109      0.00000      0.00000      0.00000
      0.19109      0.00000      0.00000      0.00000
      0.20109      0.00000      0.00000      0.00000
      0.21109      0.00000      0.00000      0.00000
      0.22109      0.00000      0.00000      0.00000
      0.23109      0.00000      0.00000      0.00000
      0.24109      0.00000      0.00000      0.00000
      0.25109      0.00000      0.00000      0.00000
      0.26109      0.00000      0.00000      0.00000
      0.27109      0.00000      0.00000      0.00000
      0.28109      0.00000      0.00000      0.00000
      0.29109      0.00000      0.00000      0.00000
      0.30109      0.00000      0.00000      0.00000
      0.31109      0.00000      0.00000      0.00000
      0.32109      0.00000      0.00000      0.00000
      0.33109      0.00000      0.00000      0.00000
      0.34109      0.00000      0.00000      0.00000
      0.35109      0.00000      0.00000      0.00000
      0.36109      0.00000      0.00000      0.00000
      0.37109      0.00000      0.00000      0.00000
      0.38109      0.00000      0.00000      0.00000
      0.39109      0.00000      0.00000      0.00000
      0.40109      0.00000      0.00000      0.00000
      0.41109      0.00000      0.00000      0.00000
      0.42109      0.00000      0.00000      0.00000
      0.43109      0.00000      0.00000      0.00000
      0.44109      0.00000      0.00000      0.00000
      0.45109      0.00000      0.00000      0.00000
      0.46109      0.00000      0.00000      0.00000
      0.47109      0.00000      0.00000      0.00000
      0.48109      0.00000      0.00000      0.00000
      0.49109      0.00000      0.00000      0.00000
      0.50109      0.00000      0.00000      0.00000
      0.51109      0.00000      0.00000      0.00000
      0.52109      0.00000      0.00000      0.00000
      0.53109      0.00000      0.00000      0.00000
      0.54109      0.00000      0.00000      0.00000
      0.55109      0.00000      0.00000      0.00000
      0.56109      0.00000      0.00000      0.00000
      0.57109      0.00000      0.00000      0.00000
      0.58109      0.00000      0.00000      0.00000
      0.59109      0.00000      0.00000      0.00000
      0.60109      0.00000      0.00000      0.00000
      0.61109      0.00000      0.00000      0.00000
      0.62109      0.00000      0.00000      0.00000
      0.63109      0.00000      0.00000      0.00000
      0.64109      0.00000      0.00000      0.00000
      0.65109      0.00000      0.00000      0.00000
      0.66109      0.00000      0.00000      0.00000
      0.67109      0.00000      0.00000      0.00000
      0.68109      0.00000      0.00000      0.00000
      0.69109      0.00000      0.00000      0.00000
      0.70109      0.00000      0.00000      0.00000
      0.71109      0.00000      0.00000      0.00000
      0.72109      0.00000      0.00000      0.00000
      0.73109      0.00000      0.00000      0.00000
      0.74109      0.00000      0.00000      0.00000
      0.75109      0.00000      0.00000      0.00000
      0.76109      0.00000      0.00000      0.00000
      0.77109      0.00000      0.00000      0.00000
      0.78109      0.00000      0.00000      0.00000
      0.79109      0.00000      0.00000      0.00000
      0.80109      0.00000      0.00000      0.00000
      0.81109      0.00000      0.00000      0.00000
      0.82109      0.00000      0.00000      0.00000
      0.83109      0.00000      0.00000      0.00000
      0.84109      0.00000      0.00000      0.00000
      0.85109      0.00000      0.00000      0.00000
      0.86109      0.00000      0.00000      0.00000
      0.87109      0.00000      0.00000      0.00000
      0.88109      0.00000      0.00000      0.00000
      0.89109      0.00000      0.00000      0.00000
      0.90109      0.00000      0.00000      0.00000
      0.91109      0.00000      0.00000      0.00000
      0.92109      0.00000      0.00000      0.00000
      0.93109      0.00000      0.00000      0.00000
      0.94109      0.00000      0.00000      0.00000
      0.95109      0.00000      0.00000      0.00000
      0.96109      0.00000      0.00000      0.00000
      0.97109      0.00000      0.00000      0.00000
      0.98109      0.00000      0.00000      0.00000
      0.99109      0.00000      0.00000      0.00000
      1.00109      0.00000      0.00000      0.00000
      1.01109      0.00000      0.00000      0.00000
      1.02109      0.00000      0.00000      0.00000
      1.03109      0.00000      0.00000      0.00000
      1.04109      0.00000      0.00000      0.00000
      1.05109      0.00000      0.00000      0.00000
      1.06109      0.00000      0.00000      0.00000
      1.07109      0.00000      0.00000      0.00000
      1.08109      0.00000      0.00000      0.00000
      1.09109      0.00000      0.00000      0.00000
      1.10109      0.00000      0.00000      0.00000
      1.11109      0.00000      0.00000      0.00000
      1.12109      0.00000      0.00000      0.00000
      1.13109      0.00000      0.00000      0.00000
      1.14109      0.00000      0.00000      0.00000
      1.15109      0.00000      0.00000      0.00000
      1.16109      0.00000      0.00000      0.00000
      1.17109      0.00000      0.00000      0.00000
      1.18109      0.00000      0.00000      0.00000
      1.19109      0.00000      0.00000      0.00000
      1.20109      0.00000      0.00000      0.00000
      1.21109      0.00000      0.00000      0.00000
      1.22109      0.00000      0.00000      0.00000
      1.23109      0.00000      0.00000      0.00000
      1.24109      0.00000      0.00000      0.00000
      1.25109      0.00000      0.00000      0.00000
      1.26109      0.00000      0.00000      0.00000
      1.27109      0.00000      0.00000      0.00000
      1.28109      0.00000      0.00000      0.00000
      1.29109      0.00000      0.00000      0.00000
      1.30109      0.00000      0.00000      0.00000
      1.31109      0.00000      0.00000      0.00000
      1.32109      0.00000      0.00000      0.00000
      1.33109      0.00000      0.00000      0.00000
      1.34109      0.00000      0.00000      0.00000
      1.35109      0.00000      0.00000      0.00000
      1.36109      0.00000      0.00000      0.00000
      1.37109      0.00000      0.00000      0.00000
      1.38109      0.00000      0.00000      0.00000
      1.39109      0.00000      0.00000      0.00000
      1.40109      0.00000      0.00000      0.00000
      1.41109      0.00000      0.00000      0.00000
      1.42109      0.00000      0.00000      0.00000
      1.43109      0.00000      0.00000      0.00000
      1.44109      0.00000      0.00000      0.00000
      1.45109      0.00000      0.00000      0.00000
      1.46109      0.00000      0.00000      0.00000
      1.47109      0.00000      0.00000      0.00000
      1.48109      0.00000      0.00000      0.00000
      1.49109      0.00000      0.00000      0.00000
      1.50109      0.00000      0.00000      0.00000
      1.51109      0.00000      0.00000      0.00000
      1.52109      0.00000      0.00000      0.00000
      1.53109      0.00000      0.00000      0.00000
      1.54109      0.00000      0.00000      0.00000
      1.55109      0.00000      0.00000      0.00000
      1.56109      0.00000      0.00000      0.00000
      1.57109      0.00000      0.00000      0.00000
      1.58109      0.00000      0.00000      0.00000
      1.59109      0.00000      0.00000      0.00000
      1.60109      0.00000      0.00000      0.00000
      1.61109      0.00000      0.00000      0.00000
      1.62109      0.00000      0.00000      0.00000
      1.63109      0.00000      0.00000      0.00000
      1.64109      0.00000      0.00000      0.00000
      1.65109      0.00000      0.00000      0.00000
      1.66109      0.00000      0.00000      0.00000
      1.67109      0.00000      0.00000      0.00000
      1.68109      0.00000      0.00000      0.00000
      1.69109      0.00000      0.00000      0.00000
      1.70109      0.00000      0.00000      0.00000
      1.71109      0.00000      0.00000      0.00000
      1.72109      0.00000      0.00000      0.00000
      1.73109      0.00000      0.00000      0.00000
      1.74109      0.00000      0.00000      0.00000
      1.75109      0.00000      0.00000      0.00000
      1.76109      0.00000      0.00000      0.00000
      1.77109      0.00000      0.00000      0.00000
      1.78109      0.00000      0.00000      0.00000
      1.79109      0.00000      0.00000      0.00000
      1.80109      0.00000      0.00000      0.00000
      1.81109      0.00000      0.00000      0.00000
      1.82109      0.00000      0.00000      0.00000
      1.83109      0.00000      0.00000      0.00000
      1.84109      0.00000      0.00000      0.00000
      1.85109      0.00000      0.00000      0.00000
      1.86109      0.00000      0.00000      0.00000
      1.87109      0.00000      0.00000      0.00000
      1.88109      0.00000      0.00000      0.00000
      1.89109      0.00000      0.00000      0.00000
      1.90109      0.00000      0.00000      0.00000
      1.91109      0.00000      0.00000      0.00000
      1.92109      0.00000      0.00000      0.00000
      1.93109      0.00000      0.00000      0.00000
      1.94109      0.00000      0.00000      0.00000
      1.95109      0.00000      0.00000      0.00000
      1.96109      0.00000      0.00000      0.00000
      1.97109      0.00000      0.00000      0.00000
      1.98109      0.00000      0.00000      0.00000
      1.99109      0.00000      0.00000      0.00000
      2.00109      0.00000      0.00000      0.00000
      2.01109      0.00000      0.00000      0.00000
      2.02109      0.00000      0.00000      0.00000
      2.03109      0.00000      0.00000      0.00000
      2.04109      0.00000      0.00000      0.00000
      2.05109      0.00000      0.00000      0.00000
      2.06109      0.00000      0.00000      0.00000
      2.07109      0.00000      0.00000      0.00000
      2.08109      0.00000      0.00000      0.00000
      2.09109      0.00000      0.00000      0.00000
      2.10109      0.00000      0.00000      0.00000
      2.11109      0.00000      0.00000      0.00000
      2.12109      0.00000      0.00000      0.00000
      2.13109      0.00000      0.00000      0.00000
      2.14109      0.00000      0.00000      0.00000
      2.15109      0.00000      0.00000      0.00000
      2.16109      0.00000      0.00000      0.00000
      2.17109      0.00000      0.00000      0.00000
      2.18109      0.00000      0.00000      0.00000
      2.19109      0.00000      0.00000      0.00000
      2.20109      0.00000      0.00000      0.00000
      2.21109      0.00000      0.00000      0.00000
      2.22109      0.00000      0.00000      0.00000
      2.23109      0.00000      0.00000      0.00000
      2.24109      0.00000      0.00000      0.00000
      2.25109      0.00000      0.00000      0.00000
      2.26109      0.00000      0.00000      0.00000
      2.27109      0.00000      0.00000      0.00000
      2.28109      0.00000      0.00000      0.00000
      2.29109      0.00000      0.00000      0.00000
      2.30109      0.00000      0.00000      0.00000
      2.31109      0.00000      0.00000      0.00000
      2.32109      0.00000      0.00000      0.00000
      2.33109      0.00000      0.00000      0.00000
      2.34109      0.00000      0.00000      0.00000
      2.35109      0.00000      0.00000      0.00000
      2.36109      0.00000      0.00000      0.00000
      2.37109      0.00000      0.00000      0.00000
      2.38109      0.00000      0.00000      0.00000
      2.39109      0.00000      0.00000      0.00000
      2.40109      0.00000      0.00000      0.00000
      2.41109      0.00000      0.00000      0.00000
      2.42109      0.00000      0.00000      0.00000
      2.43109      0.00000      0.00000      0.00000
      2.44109      0.00000      0.00000      0.00000
      2.45109      0.00000      0.00000      0.00000
      2.46109      0.00000      0.00000      0.00000
      2.47109      0.00000      0.00000      0.00000
      2.48109      0.00000      0.00000      0.00000
      2.49109      0.00000      0.00000      0.00000
      2.50109      0.00000      0.00000      0.00000
      2.51109      0.00000      0.00000      0.00000
      2.52109      0.00000      0.00000      0.00000
      2.53109      0.00000      0.00000      0.00000
      2.54109      0.00000      0.00000      0.00000
      2.55109      0.00000      0.00000      0.00000
      2.56109      0.00000      0.00000      0.00000
      2.57109      0.00000      0.00000      0.00000
      2.58109      0.00000      0.00000      0.00000
      2.59109      0.00000      0.00000      0.00000
      2.60109      0.00000      0.00000      0.00000
      2.61109      0.00000      0.00000      0.00000
      2.62109      0.00000      0.00000      0.00000
      2.63109      0.00000      0.00000      0.00000
      2.64109      0.00000      0.00000      0.00000
      2.65109      0.00000      0.00000      0.00000
      2.66109      0.00000      0.00000      0.00000
      2.67109      0.00000      0.00000      0.00000
      2.68109      0.00000      0.00000      0.00000
      2.69109      0.00000      0.00000      0.00000
      2.70109      0.00000      0.00000      0.00000
      2.71109      0.00000      0.00000      0.00000
      2.72109      0.00000      0.00000      0.00000
      2.73109      0.00000      0.00000      0.00000
      2.74109      0.00000      0.00000      0.00000
      2.75109      0.00000      0.00000      0.00000
      2.76109      0.00000      0.00000      0.00000
      2.77109      0.00000      0.00000      0.00000
      2.78109      0.00000      0.00000      0.00000
      2.79109      0.00000      0.00000      0.00000
      2.80109      0.00000      0.00000      0.00000
      2.81109      0.00000      0.00000      0.00000
      2.82109      0.00000      0.00000      0.00000
      2.83109      0.00000      0.00000      0.00000
      2.84109      0.00000      0.00000      0.00000
      2.85109      0.00000      0.00000      0.00000
      2.86109      0.00000      0.00000      0.00000
      2.87109      0.00000      0.00000      0.00000
      2.88109      0.00000      0.00000      0.00000
      2.89109      0.00000      0.00000      0.00000
      2.90109      0.00000      0.00000      0.00000
      2.91109      0.00000      0.00000      0.00000
      2.92109      0.00000      0.00000      0.00000
      2.93109      0.00000      0.00000      0.00000
      2.94109      0.00000      0.00000      0.00000
      2.95109      0.00000      0.00000      0.00000
      2.96109      0.00000      0.00000      0.00000
      2.97109      0.00000      0.00000      0.00000
      2.98109      0.00000      0.00000      0.00000
      2.99109      0.00000      0.00000      0.00000
      3.00109      0.00000      0.00000      0.00000
      3.01109      0.00000      0.00000      0.00000
      3.02109      0.00000      0.00000      0.00000
      3.03109      0.00000      0.00000      0.00000
      3.04109      0.00000      0.00000      0.00000
      3.05109      0.00000      0.00000      0.00000
      3.06109      0.00000      0.00000      0.00000
      3.07109      0.00000      0.00000      0.00000
      3.08109      0.00000      0.00000      0.00000
      3.09109      0.00000      0.00000      0.00000
      3.10109      0.00000      0.00000      0.00000
      3.11109      0.00000      0.00000      0.00000
      3.12109      0.00000      0.00000      0.00000
      3.13109      0.00000      0.00000      0.00000
      3.14109      0.00000      0.00000      0.00000
      3.15109      0.00000      0.00000      0.00000
      3.16109      0.00000      0.00000      0.00000
      3.17109      0.00000      0.00000      0.00000
      3.18109      0.00000      0.00000      0.00000
      3.19109      0.00000      0.00000      0.00000
      3.20109      0.00000      0.00000      0.00000
      3.21109      0.00000      0.00000      0.00000
      3.22109      0.00000      0.00000      0.00000
      3.23109      0.00000      0.00000      0.00000
      3.24109      0.00000      0.00000      0.00000
      3.25109      0.00000      0.00000      0.00000
      3.26109      0.00000      0.00000      0.00000
      3.27109      0.00000      0.00000      0.00000
      3.28109      0.00000      0.00000      0.00000
      3.29109      0.00000      0.00000      0.00000
      3.30109      0.00000      0.00000      0.00000
      3.31109      0.00000      0.00000      0.00000
      3.32109      0.00000      0.00000      0.00000
      3.33109      0.00000      0.00000      0.00000
      3.34109      0.00000      0.00000      0.00000
      3.35109      0.00000      0.00000      0.00000
      3.36109      0.00000      0.00000      0.00000
      3.37109      0.00000      0.00000      0.00000
      3.38109      0.00000      0.00000      0.00000
      3.39109      0.00000      0.00000      0.00000
      3.40109      0.00000      0.00000      0.00000
      3.41109      0.00000      0.00000      0.00000
      3.42109      0.00000      0.00000      0.00000
      3.43109      0.00000      0.00000      0.00000
      3.44109      0.00000      0.00000      0.00000
      3.45109      0.00000      0.00000      0.00000
      3.46109      0.00000      0.00000      0.00000
      3.47109      0.00000      0.00000      0.00000
      3.48109      0.00000      0.00000      0.00000
      3.49109      0.00000      0.00000      0.00000
      3.50109      0.00000      0.00000      0.00000
      3.51109      0.00000      0.00000      0.00000
      3.52109      0.00000      0.00000      0.00000
      3.53109      0.00000      0.00000      0.00000
      3.54109      0.00000      0.00000      0.00000
      3.55109      0.00000      0.00000      0.00000
      3.56109      0.00000      0.00000      0.00000
      3.57109      0.00000      0.00000      0.00000
      3.58109      0.00000      0.00000      0.00000
      3.59109      0.00000      0.00000      0.00000
      3.60109      0.00000      0.00000      0.00000
      3.61109      0.00000      0.00000      0.00000
      3.62109      0.00000      0.00000      0.00000
      3.63109      0.00000      0.00000      0.00000
      3.64109      0.00000      0.00000      0.00000
      3.65109      0.00000      0.00000      0.00000
      3.66109      0.00000      0.00000      0.00000
      3.67109      0.00000      0.00000      0.00000
      3.68109      0.00000      0.00000      0.00000
      3.69109      0.00000      0.00000      0.00000
      3.70109      0.00000      0.00000      0.00000
      3.71109      0.00000      0.00000      0.00000
      3.72109      0.00000      0.00000      0.00000
      3.73109      0.00000      0.00000      0.00000
      3.74109      0.00000      0.00000      0.00000
      3.75109      0.00000      0.00000      0.00000
      3.76109      0.00000      0.00000      0.00000
      3.77109      0.00000      0.00000      0.00000
      3.78109      0.00000      0.00000      0.00000
      3.79109      0.00000      0.00000      0.00000
      3.80109      0.00000      0.00000      0.00000
      3.81109      0.00000      0.00000      0.00000
      3.82109      0.00000      0.00000      0.00000
      3.83109      0.00000      0.00000      0.00000
      3.84109      0.00000      0.00000      0.00000
      3.85109      0.00000      0.00000      0.00000
      3.86109      0.00000      0.00000      0.00000
      3.87109      0.00000      0.00000      0.00000
      3.88109      0.00000      0.00000      0.00000
      3.89109      0.00000      0.00000      0.00000
      3.90109      0.00000      0.00000      0.00000
      3.91109      0.00000      0.00000      0.00000
      3.92109      0.00000      0.00000      0.00000
      3.93109      0.00000      0.00000      0.00000
      3.94109      0.00000      0.00000      0.00000
      3.95109      0.00000      0.00000      0.00000
      3.96109      0.00000      0.00000      0.00000
      3.97109      0.00000      0.00000      0.00000
      3.98109      0.00000      0.00000      0.00000
      3.99109      0.00000      0.00000      0.00000
      4.00109      0.00000      0.00000      0.00000
      4.01109      0.00000      0.00000      0.00000
      4.02109      0.00000      0.00000      0.00000
      4.03109      0.00000      0.00000      0.00000
      4.04109      0.00000      0.00000      0.00000
      4.05109      0.00000      0.00000      0.00000
      4.06109      0.00000      0.00000      0.00000
      4.07109      0.00000      0.00000      0.00000
      4.08109      0.00000      0.00000      0.00000
      4.09109      0.00000      0.00000      0.00000
      4.10109      0.00000      0.00000      0.00000
      4.11109      0.00000      0.00000      0.00000
      4.12109      0.00000      0.00000      0.00000
      4.13109      0.00000      0.00000      0.00000
      4.14109      0.00000      0.00000      0.00000
      4.15109      0.00000      0.00000      0.00000
      4.16109      0.00000      0.00000      0.00000
      4.17109      0.00000      0.00000      0.00000
      4.18109      0.00000      0.00000      0.00000
      4.19109      0.00000      0.00000      0.00000
      4.20109      0.00000      0.00000      0.00000
      4.21109      0.00000      0.00000      0.00000
      4.22109      0.00000      0.00000      0.00000
      4.23109      0.00000      0.00000      0.00000
      4.24109      0.00000      0.00000      0.00000
      4.25109      0.00000      0.00000      0.00000
      4.26109      0.00000      0.00000      0.00000
      4.27109      0.00000      0.00000      0.00000
      4.28109      0.00000      0.00000      0.00000
      4.29109      0.00000      0.00000      0.00000
      4.30109      0.00000      0.00000      0.00000
      4.31109      0.00000      0.00000      0.00000
      4.32109      0.00000      0.00000      0.00000
      4.33109      0.00000      0.00000      0.00000
      4.34109      0.00000      0.00000      0.00000
      4.35109      0.00000      0.00000      0.00000
      4.36109      0.00000      0.00000      0.00000
      4.37109      0.00000      0.00000      0.00000
      4.38109      0.00000      0.00000      0.00000
      4.39109      0.00000      0.00000      0.00000
      4.40109      0.00000      0.00000      0.00000
      4.41109      0.00000      0.00000      0.00000
      4.42109      0.00000      0.00000      0.00000
      4.43109      0.00000      0.00000      0.00000
      4.44109      0.00000      0.00000      0.00000
      4.45109      0.00000      0.00000      0.00000
      4.46109      0.00000      0.00000      0.00000
      4.47109      0.00000      0.00000      0.00000
      4.48109      0.00000      0.00000      0.00000
      4.49109      0.00000      0.00000      0.00000
      4.50109      0.00000      0.00000      0.00000
      4.51109      0.00000      0.00000      0.00000
      4.52109      0.00000      0.00000      0.00000
      4.53109      0.00000      0.00000      0.00000
      4.54109      0.00000      0.00000      0.00000
      4.55109      0.00000      0.00000      0.00000
      4.56109      0.00000      0.00000      0.00000
      4.57109      0.00000      0.00000      0.00000
      4.58109      0.00000      0.00000      0.00000
      4.59109      0.00000      0.00000      0.00000
      4.60109      0.00000      0.00000      0.00000
      4.61109      0.00000      0.00000      0.00000
      4.62109      0.00000      0.00000      0.00000
      4.63109      0.00001      0.00001      0.00000
      4.64109      0.00042      0.00037      0.00005
      4.65109      0.00809      0.00721      0.00088
      4.66109      0.06093      0.05429      0.00664
      4.67109      0.19089      0.17001      0.02088
      4.68109      0.29265      0.26029      0.03236
      4.69109      0.32807      0.29096      0.03712
      4.70109      0.40139      0.35490      0.04649
      4.71109      0.43766      0.38607      0.05159
      4.72109      0.39674      0.34881      0.04792
      4.73109      0.40073      0.35105      0.04968
      4.74109      0.39175      0.34228      0.04947
      4.75109      0.30592      0.26643      0.03949
      4.76109      0.32385      0.28065      0.04321
      4.77109      0.59986      0.51882      0.08104
      4.78109      0.72809      0.62872      0.09938
      4.79109      0.54892      0.47183      0.07709
      4.80109      0.39725      0.33896      0.05829
      4.81109      0.43434      0.36923      0.06511
      4.82109      0.60715      0.51573      0.09142
      4.83109      0.56066      0.47447      0.08618
      4.84109      0.37097      0.30906      0.06191
      4.85109      0.60644      0.48994      0.11650
      4.86109      1.46598      1.17356      0.29242
      4.87109      2.26130      1.80420      0.45710
      4.88109      2.56894      2.03901      0.52993
      4.89109      2.35572      1.85074      0.50498
      4.90109      1.87145      1.45916      0.41230
      4.91109      1.51032      1.17786      0.33246
      4.92109      1.22972      0.96229      0.26743
      4.93109      1.07432      0.84387      0.23045
      4.94109      1.23501      0.96880      0.26621
      4.95109      1.44673      1.12857      0.31817
      4.96109      1.29960      1.01007      0.28953
      4.97109      0.85793      0.66788      0.19005
      4.98109      0.69876      0.54521      0.15354
      4.99109      0.89252      0.69608      0.19645
      5.00109      0.87063      0.68215      0.18848
      5.01109      0.76197      0.60141      0.16056
      5.02109      1.04942      0.82076      0.22866
      5.03109      1.44718      1.11826      0.32892
      5.04109      1.27306      0.98023      0.29283
      5.05109      0.65067      0.50295      0.14772
      5.06109      0.26284      0.20351      0.05933
      5.07109      0.42476      0.32529      0.09947
      5.08109      0.77934      0.59598      0.18336
      5.09109      0.68425      0.52405      0.16020
      5.10109      0.51043      0.39729      0.11315
      5.11109      0.58863      0.46147      0.12716
      5.12109      0.78146      0.59805      0.18341
      5.13109      1.13636      0.85268      0.28368
      5.14109      1.01782      0.76183      0.25600
      5.15109      0.48153      0.36381      0.11772
      5.16109      0.32058      0.24858      0.07200
      5.17109      0.42734      0.33190      0.09544
      5.18109      0.57927      0.44465      0.13462
      5.19109      0.76147      0.57616      0.18530
      5.20109      0.79172      0.60128      0.19044
      5.21109      0.63165      0.48790      0.14374
      5.22109      0.40882      0.31782      0.09100
      5.23109      0.34068      0.26034      0.08034
      5.24109      0.62460      0.46791      0.15668
      5.25109      1.08454      0.80176      0.28278
      5.26109      1.00078      0.73505      0.26574
      5.27109      0.41353      0.30382      0.10971
      5.28109      0.19151      0.14545      0.04606
      5.29109      0.31519      0.24212      0.07306
      5.30109      0.38484      0.29306      0.09179
      5.31109      0.45698      0.34314      0.11384
      5.32109      0.68419      0.50766      0.17653
      5.33109      0.70784      0.52416      0.18369
      5.34109      0.37734      0.28092      0.09642
      5.35109      0.22375      0.16806      0.05569
      5.36109      0.31278      0.23524      0.07754
      5.37109      0.35915      0.26774      0.09141
      5.38109      0.55984      0.41029      0.14955
      5.39109      0.95125      0.69060      0.26065
      5.40109      0.96089      0.69781      0.26308
      5.41109      0.70218      0.51930      0.18288
      5.42109      0.58461      0.44057      0.14404
      5.43109      0.40795      0.30963      0.09832
      5.44109      0.20366      0.15378      0.04988
      5.45109      0.20939      0.15336      0.05604
      5.46109      0.40301      0.29194      0.11107
      5.47109      0.53355      0.38400      0.14955
      5.48109      0.44586      0.32192      0.12393
      5.49109      0.33925      0.24907      0.09019
      5.50109      0.29115      0.21472      0.07643
      5.51109      0.29674      0.21802      0.07871
      5.52109      0.36779      0.26913      0.09866
      5.53109      0.49582      0.36050      0.13533
      5.54109      0.76658      0.55076      0.21582
      5.55109      0.94400      0.67373      0.27028
      5.56109      0.61310      0.43772      0.17538
      5.57109      0.20893      0.14999      0.05894
      5.58109      0.17872      0.12976      0.04896
      5.59109      0.28754      0.20981      0.07773
      5.60109      0.30015      0.21928      0.08087
      5.61109      0.31405      0.22778      0.08627
      5.62109      0.42266      0.30350      0.11916
      5.63109      0.52122      0.37109      0.15013
      5.64109      0.51491      0.36697      0.14795
      5.65109      0.43211      0.31210      0.12001
      5.66109      0.37325      0.27240      0.10085
      5.67109      0.41045      0.29909      0.11136
      5.68109      0.36493      0.26392      0.10101
      5.69109      0.38328      0.27405      0.10923
      5.70109      0.59722      0.42370      0.17352
      5.71109      0.76848      0.53940      0.22908
      5.72109      0.67273      0.46767      0.20506
      5.73109      0.31352      0.21697      0.09655
      5.74109      0.09048      0.06324      0.02724
      5.75109      0.15895      0.11389      0.04507
      5.76109      0.35119      0.25147      0.09972
      5.77109      0.34573      0.24678      0.09895
      5.78109      0.20154      0.14303      0.05850
      5.79109      0.31948      0.22553      0.09395
      5.80109      0.63050      0.44399      0.18651
      5.81109      0.61103      0.42892      0.18211
      5.82109      0.28403      0.19878      0.08524
      5.83109      0.15829      0.11102      0.04727
      5.84109      0.24100      0.16992      0.07108
      5.85109      0.28214      0.19908      0.08306
      5.86109      0.26372      0.18472      0.07900
      5.87109      0.30265      0.21049      0.09216
      5.88109      0.49101      0.34040      0.15061
      5.89109      0.69713      0.48065      0.21648
      5.90109      0.74637      0.51492      0.23145
      5.91109      0.62412      0.43529      0.18883
      5.92109      0.44403      0.31322      0.13081
      5.93109      0.33238      0.23599      0.09639
      5.94109      0.23430      0.16626      0.06804
      5.95109      0.17701      0.12360      0.05341
      5.96109      0.24498      0.16918      0.07580
      5.97109      0.29099      0.20054      0.09044
      5.98109      0.30933      0.21149      0.09784
      5.99109      0.35986      0.24572      0.11413
      6.00109      0.37549      0.25865      0.11683
      6.01109      0.30354      0.21022      0.09332
      6.02109      0.23408      0.16204      0.07204
      6.03109      0.26531      0.18303      0.08228
      6.04109      0.27363      0.18821      0.08542
      6.05109      0.32320      0.22229      0.10090
      6.06109      0.44512      0.30525      0.13987
      6.07109      0.61356      0.41829      0.19527
      6.08109      0.69602      0.47254      0.22348
      6.09109      0.42583      0.28815      0.13769
      6.10109      0.17287      0.11710      0.05577
      6.11109      0.19877      0.13590      0.06289
      6.12109      0.27307      0.18874      0.08504
      6.13109      0.28791      0.22005      0.08045
      6.14109      0.44082      0.45745      0.07126
      6.15109      0.89789      1.06829      0.08482
      6.16109      1.21850      1.45738      0.10862
      6.17109      1.14541      1.31541      0.12228
      6.18109      1.09626      1.17841      0.14944
      6.19109      0.92782      0.98983      0.12657
      6.20109      0.72600      0.77372      0.09703
      6.21109      0.77513      0.78970      0.11926
      6.22109      0.80194      0.84218      0.11031
      6.23109      0.69652      0.73983      0.09156
      6.24109      0.75841      0.73499      0.13440
      6.25109      0.84096      0.78699      0.16286
      6.26109      0.78576      0.72104      0.16019
      6.27109      0.67276      0.58261      0.15559
      6.28109      0.54373      0.51748      0.10083
      6.29109      0.53832      0.62925      0.03765
      6.30109      0.56350      0.64375      0.04639
      6.31109      0.58406      0.56284      0.10197
      6.32109      0.55762      0.50629      0.11342
      6.33109      0.43156      0.44024      0.06216
      6.34109      0.40649      0.43820      0.04587
      6.35109      0.63073      0.58104      0.12372
      6.36109      0.81837      0.68582      0.19700
      6.37109      0.64423      0.54932      0.15034
      6.38109      0.38834      0.37453      0.06725
      6.39109      0.41342      0.43651      0.05049
      6.40109      0.54662      0.55337      0.07914
      6.41109      0.54726      0.54549      0.08376
      6.42109      0.52493      0.53809      0.07266
      6.43109      0.48673      0.48467      0.07544
      6.44109      0.52230      0.46948      0.10848
      6.45109      0.60998      0.49737      0.15477
      6.46109      0.75500      0.60477      0.19786
      6.47109      0.94563      0.79249      0.22787
      6.48109      0.80638      0.69452      0.18306
      6.49109      0.48105      0.39298      0.12042
      6.50109      0.36171      0.28950      0.09370
      6.51109      0.33517      0.31508      0.06127
      6.52109      0.34747      0.35414      0.04868
      6.53109      0.50664      0.49678      0.08160
      6.54109      0.58472      0.58130      0.08912
      6.55109      0.52749      0.53377      0.07522
      6.56109      0.54886      0.52286      0.09707
      6.57109      0.55926      0.49421      0.12038
      6.58109      0.43233      0.35705      0.10693
      6.59109      0.34805      0.30378      0.07691
      6.60109      0.40012      0.36678      0.07873
      6.61109      0.43639      0.40224      0.08503
      6.62109      0.49770      0.47447      0.08794
      6.63109      0.65057      0.61508      0.11721
      6.64109      0.68618      0.59827      0.15239
      6.65109      0.66135      0.48644      0.19858
      6.66109      0.58672      0.42594      0.17967
      6.67109      0.44097      0.40773      0.08531
      6.68109      0.39297      0.41392      0.04733
      6.69109      0.36407      0.32243      0.07848
      6.70109      0.30692      0.22022      0.09524
      6.71109      0.26685      0.19203      0.08232
      6.72109      0.34682      0.31389      0.07025
      6.73109      0.59689      0.59739      0.08858
      6.74109      0.72933      0.72241      0.11296
      6.75109      0.68026      0.65397      0.11714
      6.76109      0.68537      0.61786      0.14138
      6.77109      0.50382      0.42198      0.12201
      6.78109      0.38159      0.30760      0.09923
      6.79109      0.54425      0.46364      0.12769
      6.80109      0.52959      0.45954      0.11977
      6.81109      0.35361      0.27970      0.09567
      6.82109      0.45743      0.33344      0.14001
      6.83109      0.64387      0.51650      0.17007
      6.84109      0.65536      0.55448      0.15679
      6.85109      0.55381      0.47218      0.13059
      6.86109      0.44838      0.44473      0.07011
      6.87109      0.33269      0.37924      0.02430
      6.88109      0.32584      0.33730      0.04354
      6.89109      0.44603      0.38165      0.10499
      6.90109      0.41696      0.30993      0.12470
      6.91109      0.24603      0.18326      0.07332
      6.92109      0.24383      0.22422      0.04829
      6.93109      0.52647      0.44614      0.12627
      6.94109      0.77402      0.62077      0.20620
      6.95109      0.64023      0.55863      0.14440
      6.96109      0.40836      0.42393      0.05208
      6.97109      0.36821      0.38150      0.04691
      6.98109      0.40234      0.36027      0.08442
      6.99109      0.41712      0.36684      0.09176
      7.00109      0.40939      0.37808      0.08047
      7.01109      0.45113      0.42329      0.08612
      7.02109      0.63691      0.58382      0.12934
      7.03109      0.79456      0.70343      0.17508
      7.04109      0.68147      0.55034      0.18035
      7.05109      0.55206      0.38754      0.17914
      7.06109      0.50082      0.36393      0.15532
      7.07109      0.48899      0.41236      0.11918
      7.08109      0.48213      0.44076      0.09802
      7.09109      0.41323      0.40503      0.06799
      7.10109      0.35819      0.32736      0.07228
      7.11109      0.36769      0.29055      0.10087
      7.12109      0.40491      0.34865      0.09530
      7.13109      0.42928      0.40616      0.08000
      7.14109      0.42660      0.39276      0.08513
      7.15109      0.41422      0.34182      0.10553
      7.16109      0.38331      0.32658      0.09301
      7.17109      0.41684      0.37805      0.08877
      7.18109      0.44595      0.39989      0.09734
      7.19109      0.41896      0.36060      0.09972
      7.20109      0.45372      0.33091      0.14110
      7.21109      0.58768      0.41722      0.18860
      7.22109      0.73789      0.61152      0.18634
      7.23109      0.65789      0.64903      0.10629
      7.24109      0.44342      0.49050      0.04141
      7.25109      0.45012      0.47497      0.05660
      7.26109      0.53082      0.51571      0.09216
      7.27109      0.43161      0.37338      0.10054
      7.28109      0.33845      0.26485      0.09461
      7.29109      0.41522      0.34307      0.10573
      7.30109      0.47406      0.38254      0.12596
      7.31109      0.38174      0.28896      0.11270
      7.32109      0.42274      0.35098      0.10846
      7.33109      0.56247      0.53145      0.10844
      7.34109      0.65293      0.62745      0.11836
      7.35109      0.72590      0.64867      0.15270
      7.36109      0.71463      0.62464      0.14578
      7.37109      0.86013      0.75519      0.16663
      7.38109      1.10051      0.97233      0.21508
      7.39109      1.03786      0.98800      0.16281
      7.40109      0.73724      0.78385      0.05809
      7.41109      0.51505      0.57960      0.01079
      7.42109      0.41196      0.44061      0.01868
      7.43109      0.52917      0.49212      0.07611
      7.44109      0.81620      0.74441      0.13820
      7.45109      0.93981      0.93007      0.11650
      7.46109      0.82035      0.82935      0.08761
      7.47109      0.79057      0.70797      0.13811
      7.48109      0.80801      0.67856      0.17179
      7.49109      0.70558      0.65916      0.11038
      7.50109      0.72518      0.74910      0.06361
      7.51109      0.85152      0.86876      0.08224
      7.52109      0.94592      0.93937      0.11577
      7.53109      1.00003      0.97271      0.13595
      7.54109      0.99851      0.95522      0.14259
      7.55109      0.94338      0.91046      0.13578
      7.56109      0.86138      0.84434      0.11821
      7.57109      0.96526      0.91810      0.13243
      7.58109      1.13397      1.09350      0.14689
      7.59109      1.01027      0.98344      0.13421
      7.60109      0.83138      0.74666      0.14394
      7.61109      0.80958      0.70365      0.14579
      7.62109      0.79933      0.74009      0.11611
      7.63109      0.62426      0.61351      0.06788
      7.64109      0.50550      0.48348      0.05741
      7.65109      0.74793      0.68718      0.10451
      7.66109      1.09208      1.04674      0.13562
      7.67109      1.21962      1.19183      0.15342
      7.68109      1.14731      1.12293      0.15530
      7.69109      1.00571      0.97667      0.13344
      7.70109      0.83202      0.76932      0.11696
      7.71109      0.74474      0.67183      0.11365
      7.72109      0.81437      0.79468      0.09913
      7.73109      0.90899      0.91992      0.08841
      7.74109      1.00229      0.95524      0.11877
      7.75109      0.99402      0.89074      0.14714
      7.76109      0.77867      0.69420      0.10823
      7.77109      0.73433      0.65713      0.09974
      7.78109      0.86304      0.79359      0.11972
      7.79109      1.06549      1.00121      0.14774
      7.80109      1.18863      1.05405      0.20591
      7.81109      1.10119      0.89439      0.23998
      7.82109      1.03912      0.86761      0.20121
      7.83109      1.06932      1.01940      0.11192
      7.84109      1.03934      1.08923      0.04701
      7.85109      1.08290      1.14305      0.06858
      7.86109      1.12581      1.11685      0.12276
      7.87109      1.09296      1.03484      0.13039
      7.88109      1.06641      0.99140      0.12661
      7.89109      1.13874      1.04588      0.16124
      7.90109      1.27202      1.15920      0.20169
      7.91109      1.15394      1.03404      0.18587
      7.92109      1.16846      1.10300      0.13783
      7.93109      1.29528      1.26520      0.11363
      7.94109      1.18077      1.08077      0.14490
      7.95109      1.07133      0.89654      0.18874
      7.96109      1.14992      0.96746      0.20547
      7.97109      1.36637      1.19105      0.21865
      7.98109      1.34337      1.15702      0.22307
      7.99109      1.23794      1.05945      0.21709
      8.00109      1.33541      1.20636      0.19803
      8.01109      1.52632      1.46451      0.16976
      8.02109      1.80698      1.74218      0.20421
      8.03109      1.74587      1.60543      0.24501
      8.04109      1.58307      1.35251      0.26899
      8.05109      1.63860      1.36661      0.28690
      8.06109      1.72998      1.49538      0.28231
      8.07109      2.18335      1.93703      0.34645
      8.08109      2.73913      2.37732      0.44870
      8.09109      2.93407      2.46168      0.50436
      8.10109      3.13519      2.57927      0.56209
      8.11109      3.16071      2.59505      0.57676
      8.12109      2.70187      2.25604      0.48379
      8.13109      1.74061      1.50544      0.29422
      8.14109      0.70726      0.67082      0.09834
      8.15109      0.26187      0.30730      0.01499
      8.16109      0.18698      0.24770      0.00096
      8.17109      0.20585      0.27431      0.00003
      8.18109      0.33297      0.43887      0.00000
      8.19109      0.44869      0.58967      0.00000
      8.20109      0.34853      0.45688      0.00000
      8.21109      0.22022      0.28793      0.00000
      8.22109      0.19885      0.26066      0.00000
      8.23109      0.24192      0.31938      0.00000
      8.24109      0.31306      0.41569      0.00000
      8.25109      0.34672      0.46129      0.00000
      8.26109      0.23128      0.30814      0.00000
      8.27109      0.13429      0.17827      0.00000
      8.28109      0.14435      0.19073      0.00000
      8.29109      0.09733      0.12855      0.00000
      8.30109      0.05915      0.07848      0.00000
      8.31109      0.15463      0.20619      0.00000
      8.32109      0.26357      0.35234      0.00000
      8.33109      0.20314      0.27220      0.00000
      8.34109      0.17151      0.22943      0.00000
      8.35109      0.32126      0.42743      0.00000
      8.36109      0.37890      0.50202      0.00000
      8.37109      0.25006      0.32993      0.00000
      8.38109      0.19003      0.25015      0.00000
      8.39109      0.19674      0.26087      0.00000
      8.40109      0.22447      0.29993      0.00000
      8.41109      0.20289      0.27081      0.00000
      8.42109      0.17138      0.22723      0.00000
      8.43109      0.13829      0.18288      0.00000
      8.44109      0.09770      0.12995      0.00000
      8.45109      0.13526      0.18103      0.00000
      8.46109      0.14637      0.19608      0.00000
      8.47109      0.16550      0.22171      0.00000
      8.48109      0.24682      0.33006      0.00000
      8.49109      0.23670      0.31596      0.00000
      8.50109      0.18494      0.24712      0.00000
      8.51109      0.16187      0.21633      0.00000
      8.52109      0.16359      0.21643      0.00000
      8.53109      0.29101      0.38230      0.00000
      8.54109      0.38317      0.50352      0.00000
      8.55109      0.39402      0.51991      0.00000
      8.56109      0.47448      0.62942      0.00000
      8.57109      0.44462      0.59064      0.00000
      8.58109      0.26877      0.35639      0.00000
      8.59109      0.16712      0.22122      0.00000
      8.60109      0.16105      0.21328      0.00000
      8.61109      0.16303      0.21630      0.00000
      8.62109      0.25316      0.33651      0.00000
      8.63109      0.26389      0.35088      0.00000
      8.64109      0.17581      0.23376      0.00000
      8.65109      0.24029      0.31950      0.00000
      8.66109      0.26024      0.34605      0.00000
      8.67109      0.14914      0.19828      0.00000
      8.68109      0.16081      0.21360      0.00000
      8.69109      0.21811      0.28939      0.00000
      8.70109      0.21393      0.28303      0.00000
      8.71109      0.28481      0.37615      0.00000
      8.72109      0.33219      0.43919      0.00000
      8.73109      0.26524      0.35089      0.00000
      8.74109      0.19179      0.25358      0.00000
      8.75109      0.20321      0.26849      0.00000
      8.76109      0.34018      0.44935      0.00000
      8.77109      0.34736      0.45893      0.00000
      8.78109      0.17689      0.23375      0.00000
      8.79109      0.11252      0.14831      0.00000
      8.80109      0.17788      0.23437      0.00000
      8.81109      0.20684      0.27309      0.00000
      8.82109      0.15593      0.20618      0.00000
      8.83109      0.09292      0.12233      0.00000
      8.84109      0.12415      0.16229      0.00000
      8.85109      0.14685      0.19194      0.00000
      8.86109      0.14072      0.18457      0.00000
      8.87109      0.21453      0.28226      0.00000
      8.88109      0.38392      0.50552      0.00000
      8.89109      0.60115      0.79088      0.00000
      8.90109      0.59003      0.77609      0.00000
      8.91109      0.41473      0.54658      0.00000
      8.92109      0.34125      0.44977      0.00000
      8.93109      0.38063      0.49971      0.00000
      8.94109      0.38553      0.50493      0.00000
      8.95109      0.33024      0.43208      0.00000
      8.96109      0.26598      0.34825      0.00000
      8.97109      0.21395      0.28065      0.00000
      8.98109      0.18888      0.24751      0.00000
      8.99109      0.18498      0.24157      0.00000
      9.00109      0.19937      0.25847      0.00000
      9.01109      0.27384      0.35198      0.00000
      9.02109      0.28248      0.36158      0.00000
      9.03109      0.21635      0.27694      0.00000
      9.04109      0.15059      0.19307      0.00000
      9.05109      0.17467      0.22488      0.00000
      9.06109      0.32985      0.42848      0.00000
      9.07109      0.40332      0.52766      0.00000
      9.08109      0.38816      0.50630      0.00000
      9.09109      0.37320      0.48282      0.00000
      9.10109      0.29520      0.38228      0.00000
      9.11109      0.23780      0.30756      0.00000
      9.12109      0.28326      0.36113      0.00000
      9.13109      0.29038      0.36672      0.00000
      9.14109      0.21983      0.27778      0.00000
      9.15109      0.12691      0.16047      0.00000
      9.16109      0.11588      0.14364      0.00000
      9.17109      0.20050      0.24674      0.00000
      9.18109      0.16371      0.20146      0.00000
      9.19109      0.05008      0.06165      0.00000
      9.20109      0.00955      0.01163      0.00000
      9.21109      0.03535      0.04246      0.00000
      9.22109      0.12879      0.15653      0.00000
      9.23109      0.30086      0.38099      0.00000
      9.24109      0.74315      0.96988      0.00000
      9.25109      1.35529      1.76529      0.00000
      9.26109      1.41577      1.82084      0.00000
      9.27109      0.84953      1.07162      0.00000
      9.28109      0.38073      0.46594      0.00000
      9.29109      0.21712      0.25853      0.00000
      9.30109      0.15070      0.17710      0.00000
      9.31109      0.14821      0.17233      0.00000
      9.32109      0.12494      0.14485      0.00000
      9.33109      0.05831      0.06731      0.00000
      9.34109      0.06085      0.06954      0.00000
      9.35109      0.10899      0.12567      0.00000
      9.36109      0.20526      0.24111      0.00000
      9.37109      0.30936      0.36719      0.00000
      9.38109      0.32533      0.38835      0.00000
      9.39109      0.34997      0.41905      0.00000
      9.40109      0.33964      0.41749      0.00000
      9.41109      0.40375      0.51951      0.00000
      9.42109      0.52135      0.68174      0.00000
      9.43109      0.42945      0.55288      0.00000
      9.44109      0.37263      0.43824      0.00000
      9.45109      0.51219      0.57454      0.00000
      9.46109      0.49739      0.55792      0.00000
      9.47109      0.35586      0.40348      0.00000
      9.48109      0.28106      0.32223      0.00000
      9.49109      0.23780      0.27676      0.00000
      9.50109      0.24351      0.28368      0.00000
      9.51109      0.38577      0.43749      0.00000
      9.52109      0.44182      0.49887      0.00000
      9.53109      0.31538      0.36855      0.00000
      9.54109      0.25779      0.31230      0.00000
      9.55109      0.40346      0.47517      0.00001
      9.56109      0.63099      0.71724      0.00010
      9.57109      0.73586      0.83090      0.00045
      9.58109      0.70945      0.82826      0.00080
      9.59109      0.78761      0.96464      0.00112
      9.60109      0.99221      1.22250      0.00265
      9.61109      0.86287      1.04066      0.00360
      9.62109      0.53565      0.61186      0.00239
      9.63109      0.43402      0.45772      0.00459
      9.64109      0.43221      0.43039      0.01312
      9.65109      0.40989      0.39852      0.01763
      9.66109      0.42712      0.43193      0.01492
      9.67109      0.56281      0.58936      0.01609
      9.68109      0.50534      0.53002      0.01587
      9.69109      0.48680      0.48726      0.02208
      9.70109      0.74622      0.72952      0.03829
      9.71109      0.85674      0.84374      0.04634
      9.72109      0.69313      0.69270      0.04493
      9.73109      0.61681      0.60378      0.05267
      9.74109      0.77922      0.73728      0.07366
      9.75109      1.09608      1.04745      0.10279
      9.76109      1.25114      1.18952      0.13206
      9.77109      1.20637      1.14264      0.13728
      9.78109      1.19954      1.18639      0.11166
      9.79109      1.20633      1.22067      0.08708
      9.80109      1.01071      1.00099      0.07033
      9.81109      0.64919      0.61504      0.05588
      9.82109      0.58486      0.53432      0.06716
      9.83109      0.85653      0.78577      0.10046
      9.84109      0.82305      0.74978      0.09841
      9.85109      0.46600      0.43313      0.05050
      9.86109      0.47218      0.47710      0.02969
      9.87109      0.57092      0.57750      0.03522
      9.88109      0.46888      0.46145      0.03826
      9.89109      0.63837      0.63029      0.05466
      9.90109      0.80146      0.80464      0.05858
      9.91109      0.65319      0.67122      0.03859
      9.92109      0.62898      0.66582      0.02684
      9.93109      0.68240      0.72920      0.02696
      9.94109      0.63222      0.68126      0.03362
      9.95109      0.67858      0.73798      0.04566
      9.96109      0.93181      0.99731      0.07053
      9.97109      1.09373      1.11306      0.09598
      9.98109      0.83600      0.81763      0.07543
      9.99109      0.49434      0.51142      0.02716
     10.00109      0.33085      0.36710      0.00740
     10.01109      0.26429      0.26831      0.01490
     10.02109      0.28919      0.26854      0.02375
     10.03109      0.21454      0.19690      0.01825
     10.04109      0.21319      0.19673      0.02096
     10.05109      0.47380      0.45660      0.03726
     10.06109      0.75587      0.75041      0.04958
     10.07109      0.71598      0.72739      0.04360
     10.08109      0.45659      0.46678      0.02569
     10.09109      0.25573      0.25036      0.01730
     10.10109      0.20502      0.20574      0.01405
     10.11109      0.36157      0.39172      0.01767
     10.12109      0.45280      0.49670      0.02116
     10.13109      0.41465      0.43995      0.02533
     10.14109      0.55956      0.58614      0.03384
     10.15109      0.72484      0.74056      0.04756
     10.16109      0.71972      0.69871      0.06551
     10.17109      0.67373      0.62562      0.08123
     10.18109      0.47655      0.42528      0.06775
     10.19109      0.20922      0.18662      0.02768
     10.20109      0.20347      0.20967      0.00658
     10.21109      0.40408      0.43154      0.00903
     10.22109      0.50063      0.53414      0.01464
     10.23109      0.39774      0.42612      0.00919
     10.24109      0.29225      0.32106      0.00427
     10.25109      0.34244      0.36856      0.01188
     10.26109      0.38929      0.39369      0.02384
     10.27109      0.31215      0.31745      0.02200
     10.28109      0.32297      0.33879      0.02437
     10.29109      0.44946      0.44967      0.04162
     10.30109      0.55747      0.56522      0.04561
     10.31109      0.53911      0.59137      0.02521
     10.32109      0.55402      0.65283      0.00918
     10.33109      0.56894      0.66998      0.01102
     10.34109      0.44982      0.51417      0.01242
     10.35109      0.32144      0.35022      0.01048
     10.36109      0.32077      0.31773      0.01629
     10.37109      0.28769      0.27147      0.01868
     10.38109      0.23756      0.22227      0.01965
     10.39109      0.35536      0.34765      0.02461
     10.40109      0.47414      0.47046      0.02920
     10.41109      0.42136      0.39915      0.03821
     10.42109      0.41192      0.37212      0.05371
     10.43109      0.55381      0.51038      0.07303
     10.44109      0.52731      0.48959      0.06750
     10.45109      0.33975      0.31826      0.03600
     10.46109      0.32171      0.32421      0.01510
     10.47109      0.36596      0.39263      0.00521
     10.48109      0.30088      0.34161      0.00088
     10.49109      0.19956      0.24230      0.00021
     10.50109      0.15682      0.19194      0.00201
     10.51109      0.25130      0.28590      0.00969
     10.52109      0.37461      0.40034      0.01779
     10.53109      0.38737      0.40786      0.01344
     10.54109      0.24317      0.25378      0.00716
     10.55109      0.14430      0.13592      0.01305
     10.56109      0.22659      0.21010      0.02365
     10.57109      0.47302      0.47503      0.02857
     10.58109      0.73132      0.74296      0.04041
     10.59109      0.53814      0.53431      0.03753
     10.60109      0.18358      0.17866      0.01559
     10.61109      0.12148      0.13128      0.00551
     10.62109      0.24872      0.27061      0.00937
     10.63109      0.24479      0.26067      0.01069
     10.64109      0.15613      0.17072      0.00613
     10.65109      0.22731      0.25298      0.00889
     10.66109      0.33080      0.35750      0.01506
     10.67109      0.40364      0.44539      0.01281
     10.68109      0.49957      0.56103      0.01464
     10.69109      0.52986      0.59374      0.02061
     10.70109      0.48877      0.53003      0.02336
     10.71109      0.49563      0.50304      0.03065
     10.72109      0.45445      0.44588      0.03606
     10.73109      0.37601      0.34208      0.04682
     10.74109      0.40979      0.34888      0.06437
     10.75109      0.47720      0.42031      0.06419
     10.76109      0.43704      0.42282      0.03265
     10.77109      0.26542      0.27655      0.00713
     10.78109      0.08948      0.09527      0.00129
     10.79109      0.07489      0.07419      0.00461
     10.80109      0.19808      0.20236      0.01139
     10.81109      0.25957      0.27979      0.01040
     10.82109      0.19061      0.21014      0.00349
     10.83109      0.20403      0.21665      0.00046
     10.84109      0.26418      0.28480      0.00062
     10.85109      0.26180      0.28933      0.00502
     10.86109      0.30655      0.33325      0.01539
     10.87109      0.29282      0.31469      0.01756
     10.88109      0.19775      0.21380      0.00973
     10.89109      0.23200      0.23172      0.01388
     10.90109      0.36641      0.35471      0.02819
     10.91109      0.38232      0.37284      0.03341
     10.92109      0.27006      0.25343      0.03093
     10.93109      0.16105      0.14535      0.01967
     10.94109      0.22927      0.22558      0.01106
     10.95109      0.43890      0.45609      0.00981
     10.96109      0.44256      0.48097      0.00507
     10.97109      0.22865      0.25500      0.00234
     10.98109      0.12969      0.13213      0.00711
     10.99109      0.20228      0.20269      0.01329
     11.00109      0.23389      0.25283      0.00977
     11.01109      0.18347      0.20239      0.00704
     11.02109      0.22141      0.23004      0.01431
     11.03109      0.29781      0.31768      0.01668
     11.04109      0.33131      0.36542      0.01424
     11.05109      0.48851      0.53414      0.02041
     11.06109      0.53027      0.56980      0.02373
     11.07109      0.38267      0.38233      0.02919
     11.08109      0.36992      0.33449      0.04236
     11.09109      0.51512      0.46497      0.05984
     11.10109      0.56094      0.51792      0.06442
     11.11109      0.34323      0.32273      0.03864
     11.12109      0.09811      0.09339      0.01049
     11.13109      0.04632      0.04725      0.00116
     11.14109      0.15438      0.16187      0.00005
     11.15109      0.26413      0.27974      0.00003
     11.16109      0.18801      0.20024      0.00059
     11.17109      0.10207      0.10333      0.00448
     11.18109      0.18165      0.18093      0.01250
     11.19109      0.25459      0.26832      0.01282
     11.20109      0.16694      0.18499      0.00495
     11.21109      0.10591      0.11388      0.00154
     11.22109      0.23762      0.24999      0.00470
     11.23109      0.48346      0.49757      0.02913
     11.24109      0.76820      0.69330      0.11733
     11.25109      1.06390      0.83723      0.24204
     11.26109      1.20375      0.90058      0.30523
     11.27109      1.21940      0.91528      0.30456
     11.28109      1.24114      0.96547      0.27938
     11.29109      1.45785      1.16546      0.30699
     11.30109      1.73954      1.37012      0.39059
     11.31109      1.50783      1.15677      0.36237
     11.32109      1.20789      0.91658      0.29404
     11.33109      1.32146      1.02849      0.29893
     11.34109      1.61626      1.32720      0.31334
     11.35109      1.72444      1.45706      0.30580
     11.36109      1.55009      1.26784      0.30657
     11.37109      1.37084      1.09018      0.29539
     11.38109      1.54611      1.24913      0.32227
     11.39109      2.00630      1.60205      0.43356
     11.40109      2.22868      1.77021      0.49262
     11.41109      2.26398      1.83446      0.47744
     11.42109      2.33718      1.88940      0.48908
     11.43109      2.42246      1.90318      0.53675
     11.44109      2.83393      2.19241      0.64657
     11.45109      3.37131      2.65333      0.73337
     11.46109      3.66399      3.11653      0.61807
     11.47109      4.46340      4.22020      0.42598
     11.48109      5.24917      5.18035      0.33073
     11.49109      4.49799      4.51227      0.22330
     11.50109      3.19207      3.24671      0.12510
     11.51109      2.84988      2.83873      0.16138
     11.52109      3.20831      3.00991      0.32630
     11.53109      3.42678      3.08920      0.44302
     11.54109      2.92924      2.67515      0.34670
     11.55109      2.38198      2.28207      0.19599
     11.56109      2.25159      2.21519      0.14404
     11.57109      2.35665      2.27612      0.18675
     11.58109      2.47582      2.33296      0.23244
     11.59109      2.28845      2.15734      0.20925
     11.60109      1.87182      1.73084      0.20559
     11.61109      1.53916      1.37942      0.20430
     11.62109      1.67658      1.59087      0.15980
