Energy-E_F (eV)    DOS (1/eV)    PDOS (1/eV)  of atom type B  N  
     -4.99000      0.57208      0.20704      0.36504
     -4.98000      0.42793      0.15466      0.27328
     -4.97000      0.43863      0.15154      0.28709
     -4.96000      0.52142      0.17606      0.34536
     -4.95000      0.61884      0.21067      0.40817
     -4.94000      0.69251      0.23497      0.45754
     -4.93000      0.73554      0.24762      0.48792
     -4.92000      0.69751      0.23524      0.46227
     -4.91000      0.67539      0.22718      0.44820
     -4.90000      0.76652      0.25937      0.50715
     -4.89000      0.79824      0.27910      0.51914
     -4.88000      0.81252      0.29072      0.52181
     -4.87000      0.68391      0.24014      0.44377
     -4.86000      0.51391      0.17454      0.33936
     -4.85000      0.44847      0.15198      0.29649
     -4.84000      0.43423      0.15211      0.28212
     -4.83000      0.48168      0.17249      0.30919
     -4.82000      0.46126      0.16326      0.29800
     -4.81000      0.60904      0.20846      0.40059
     -4.80000      0.89287      0.29954      0.59333
     -4.79000      0.83660      0.27769      0.55891
     -4.78000      0.56751      0.19087      0.37665
     -4.77000      0.43670      0.15297      0.28374
     -4.76000      0.49035      0.17337      0.31698
     -4.75000      0.63338      0.22234      0.41104
     -4.74000      0.69981      0.24168      0.45813
     -4.73000      0.70787      0.23352      0.47435
     -4.72000      0.73173      0.23763      0.49410
     -4.71000      0.71336      0.23708      0.47628
     -4.70000      0.79377      0.26236      0.53140
     -4.69000      0.85314      0.27539      0.57775
     -4.68000      0.63898      0.20509      0.43389
     -4.67000      0.52940      0.17715      0.35225
     -4.66000      0.61310      0.20770      0.40540
     -4.65000      0.58804      0.19959      0.38845
     -4.64000      0.53946      0.18580      0.35366
     -4.63000      0.41188      0.14201      0.26987
     -4.62000      0.23888      0.08304      0.15584
     -4.61000      0.31250      0.11144      0.20106
     -4.60000      0.61554      0.21483      0.40071
     -4.59000      0.86563      0.29287      0.57276
     -4.58000      0.85673      0.28464      0.57209
     -4.57000      0.64178      0.21143      0.43035
     -4.56000      0.43772      0.14775      0.28997
     -4.55000      0.41990      0.14898      0.27092
     -4.54000      0.54258      0.19174      0.35084
     -4.53000      0.54679      0.18689      0.35990
     -4.52000      0.49765      0.16559      0.33206
     -4.51000      0.58778      0.19478      0.39301
     -4.50000      0.77377      0.25370      0.52007
     -4.49000      0.81827      0.26489      0.55338
     -4.48000      0.88400      0.28618      0.59782
     -4.47000      1.04753      0.34175      0.70579
     -4.46000      0.86470      0.28138      0.58331
     -4.45000      0.46758      0.15503      0.31255
     -4.44000      0.35687      0.12480      0.23207
     -4.43000      0.50852      0.17615      0.33237
     -4.42000      0.61373      0.20668      0.40705
     -4.41000      0.43163      0.14279      0.28884
     -4.40000      0.26662      0.09023      0.17639
     -4.39000      0.29056      0.09935      0.19122
     -4.38000      0.43636      0.14773      0.28862
     -4.37000      0.63042      0.21079      0.41963
     -4.36000      0.69133      0.22257      0.46876
     -4.35000      0.57507      0.17837      0.39670
     -4.34000      0.35123      0.10791      0.24331
     -4.33000      0.22770      0.07340      0.15431
     -4.32000      0.41314      0.13732      0.27582
     -4.31000      0.61385      0.20203      0.41183
     -4.30000      0.65555      0.21779      0.43777
     -4.29000      0.80683      0.26885      0.53798
     -4.28000      0.82915      0.27157      0.55758
     -4.27000      0.67566      0.22081      0.45486
     -4.26000      0.74775      0.24636      0.50139
     -4.25000      1.01999      0.33135      0.68864
     -4.24000      1.09001      0.34738      0.74263
     -4.23000      0.92087      0.29488      0.62598
     -4.22000      0.51101      0.16723      0.34378
     -4.21000      0.27767      0.09269      0.18498
     -4.20000      0.42508      0.14385      0.28123
     -4.19000      0.47540      0.16309      0.31231
     -4.18000      0.27068      0.09377      0.17690
     -4.17000      0.17160      0.05761      0.11399
     -4.16000      0.29678      0.09390      0.20287
     -4.15000      0.43690      0.13343      0.30347
     -4.14000      0.56151      0.17434      0.38717
     -4.13000      0.73323      0.23748      0.49575
     -4.12000      0.91395      0.30063      0.61332
     -4.11000      0.83702      0.27435      0.56267
     -4.10000      0.43902      0.14244      0.29658
     -4.09000      0.29710      0.09599      0.20111
     -4.08000      0.45379      0.14904      0.30475
     -4.07000      0.56067      0.18362      0.37705
     -4.06000      0.42943      0.13790      0.29153
     -4.05000      0.26172      0.08208      0.17964
     -4.04000      0.26673      0.08396      0.18277
     -4.03000      0.48216      0.15286      0.32930
     -4.02000      0.72414      0.23040      0.49374
     -4.01000      0.96085      0.30134      0.65952
     -4.00000      1.03780      0.31919      0.71861
     -3.99000      0.64545      0.19724      0.44821
     -3.98000      0.31650      0.09711      0.21940
     -3.97000      0.40154      0.12609      0.27545
     -3.96000      0.62569      0.20229      0.42340
     -3.95000      0.74630      0.24567      0.50063
     -3.94000      0.74995      0.24618      0.50377
     -3.93000      0.67412      0.22061      0.45351
     -3.92000      0.57640      0.18611      0.39029
     -3.91000      0.47567      0.15069      0.32498
     -3.90000      0.38502      0.12332      0.26170
     -3.89000      0.46108      0.14701      0.31406
     -3.88000      0.69656      0.21768      0.47888
     -3.87000      0.67011      0.20675      0.46336
     -3.86000      0.41313      0.12752      0.28561
     -3.85000      0.24935      0.07952      0.16983
     -3.84000      0.32480      0.10415      0.22065
     -3.83000      0.52549      0.16482      0.36066
     -3.82000      0.51566      0.16178      0.35388
     -3.81000      0.39324      0.12572      0.26751
     -3.80000      0.48828      0.15499      0.33330
     -3.79000      0.64979      0.20185      0.44794
     -3.78000      0.71135      0.21695      0.49441
     -3.77000      0.85706      0.26225      0.59481
     -3.76000      0.88642      0.27390      0.61252
     -3.75000      0.74712      0.23204      0.51509
     -3.74000      0.52599      0.16446      0.36153
     -3.73000      0.32358      0.10422      0.21936
     -3.72000      0.22218      0.07333      0.14885
     -3.71000      0.20552      0.06700      0.13852
     -3.70000      0.40028      0.12640      0.27387
     -3.69000      0.56857      0.17450      0.39407
     -3.68000      0.39073      0.11647      0.27425
     -3.67000      0.23695      0.07068      0.16627
     -3.66000      0.47200      0.14437      0.32763
     -3.65000      0.82804      0.25195      0.57608
     -3.64000      0.85471      0.25658      0.59813
     -3.63000      0.64712      0.19509      0.45203
     -3.62000      0.60278      0.18493      0.41786
     -3.61000      0.56443      0.17474      0.38969
     -3.60000      0.39217      0.12293      0.26924
     -3.59000      0.34035      0.10716      0.23319
     -3.58000      0.47563      0.14864      0.32699
     -3.57000      0.69820      0.21840      0.47981
     -3.56000      0.89427      0.27726      0.61701
     -3.55000      0.93471      0.28424      0.65046
     -3.54000      0.80796      0.24409      0.56387
     -3.53000      0.49188      0.14814      0.34374
     -3.52000      0.29427      0.08657      0.20770
     -3.51000      0.32841      0.09966      0.22875
     -3.50000      0.33342      0.10471      0.22871
     -3.49000      0.26022      0.07949      0.18073
     -3.48000      0.35920      0.10449      0.25472
     -3.47000      0.53192      0.15565      0.37627
     -3.46000      0.55791      0.16636      0.39155
     -3.45000      0.60542      0.18351      0.42191
     -3.44000      0.69623      0.21264      0.48359
     -3.43000      0.59548      0.18333      0.41215
     -3.42000      0.42865      0.13263      0.29602
     -3.41000      0.43520      0.13085      0.30435
     -3.40000      0.45289      0.13256      0.32032
     -3.39000      0.29270      0.08487      0.20783
     -3.38000      0.32551      0.09594      0.22958
     -3.37000      0.61322      0.18185      0.43137
     -3.36000      0.83842      0.24657      0.59186
     -3.35000      0.87277      0.25584      0.61693
     -3.34000      0.68185      0.19795      0.48390
     -3.33000      0.39721      0.11363      0.28358
     -3.32000      0.32146      0.09472      0.22675
     -3.31000      0.41970      0.12489      0.29481
     -3.30000      0.32181      0.09444      0.22737
     -3.29000      0.25646      0.07418      0.18227
     -3.28000      0.46038      0.13670      0.32368
     -3.27000      0.72968      0.22161      0.50806
     -3.26000      0.81718      0.24845      0.56874
     -3.25000      0.69458      0.20901      0.48557
     -3.24000      0.52359      0.15483      0.36876
     -3.23000      0.45611      0.13085      0.32526
     -3.22000      0.48823      0.13840      0.34983
     -3.21000      0.39273      0.11244      0.28029
     -3.20000      0.35858      0.10449      0.25409
     -3.19000      0.60036      0.17607      0.42429
     -3.18000      0.80654      0.23558      0.57096
     -3.17000      0.80309      0.23312      0.56997
     -3.16000      0.67682      0.19626      0.48056
     -3.15000      0.46081      0.13409      0.32672
     -3.14000      0.21449      0.06232      0.15216
     -3.13000      0.25153      0.07251      0.17902
     -3.12000      0.49161      0.14069      0.35092
     -3.11000      0.58096      0.16372      0.41724
     -3.10000      0.53380      0.14895      0.38485
     -3.09000      0.50845      0.14559      0.36286
     -3.08000      0.53283      0.15593      0.37690
     -3.07000      0.52379      0.15292      0.37086
     -3.06000      0.47013      0.13597      0.33415
     -3.05000      0.53994      0.15313      0.38682
     -3.04000      0.70955      0.20053      0.50902
     -3.03000      0.71468      0.20280      0.51188
     -3.02000      0.42922      0.12141      0.30782
     -3.01000      0.19278      0.05317      0.13961
     -3.00000      0.23565      0.06393      0.17172
     -2.99000      0.36866      0.10304      0.26562
     -2.98000      0.49084      0.14043      0.35041
     -2.97000      0.56527      0.16137      0.40390
     -2.96000      0.53324      0.15055      0.38269
     -2.95000      0.33891      0.09412      0.24479
     -2.94000      0.31726      0.08635      0.23091
     -2.93000      0.54910      0.15157      0.39753
     -2.92000      0.76714      0.21367      0.55347
     -2.91000      0.85162      0.23727      0.61435
     -2.90000      0.71709      0.20154      0.51556
     -2.89000      0.56478      0.16168      0.40311
     -2.88000      0.56727      0.16277      0.40451
     -2.87000      0.61313      0.17330      0.43982
     -2.86000      0.58505      0.16253      0.42252
     -2.85000      0.47321      0.12896      0.34425
     -2.84000      0.36601      0.09990      0.26611
     -2.83000      0.28038      0.07669      0.20370
     -2.82000      0.36869      0.09937      0.26932
     -2.81000      0.54955      0.14927      0.40028
     -2.80000      0.59373      0.16350      0.43024
     -2.79000      0.64550      0.17821      0.46729
     -2.78000      0.67701      0.18585      0.49116
     -2.77000      0.53970      0.14785      0.39185
     -2.76000      0.36007      0.09736      0.26271
     -2.75000      0.36267      0.09652      0.26615
     -2.74000      0.48613      0.13169      0.35444
     -2.73000      0.56812      0.15572      0.41240
     -2.72000      0.52716      0.14336      0.38379
     -2.71000      0.36384      0.09873      0.26511
     -2.70000      0.34505      0.09560      0.24945
     -2.69000      0.36062      0.10071      0.25991
     -2.68000      0.26023      0.07254      0.18769
     -2.67000      0.24135      0.06694      0.17441
     -2.66000      0.32094      0.08882      0.23212
     -2.65000      0.38173      0.10566      0.27607
     -2.64000      0.24596      0.06812      0.17784
     -2.63000      0.06998      0.01938      0.05060
     -2.62000      0.03238      0.00886      0.02351
     -2.61000      0.13996      0.03817      0.10179
     -2.60000      0.32137      0.08764      0.23373
     -2.59000      0.39120      0.10663      0.28457
     -2.58000      0.32658      0.08892      0.23766
     -2.57000      0.16845      0.04580      0.12265
     -2.56000      0.17101      0.04633      0.12468
     -2.55000      0.46913      0.12697      0.34216
     -2.54000      0.64610      0.17483      0.47126
     -2.53000      0.46465      0.12569      0.33895
     -2.52000      0.33220      0.08959      0.24261
     -2.51000      0.41598      0.11158      0.30440
     -2.50000      0.49181      0.13154      0.36027
     -2.49000      0.41926      0.11190      0.30736
     -2.48000      0.30071      0.08018      0.22053
     -2.47000      0.16858      0.04491      0.12367
     -2.46000      0.14917      0.03964      0.10953
     -2.45000      0.13211      0.03504      0.09707
     -2.44000      0.15565      0.04097      0.11467
     -2.43000      0.33354      0.08744      0.24610
     -2.42000      0.45479      0.11892      0.33587
     -2.41000      0.42994      0.11214      0.31780
     -2.40000      0.38124      0.09927      0.28198
     -2.39000      0.26041      0.06777      0.19264
     -2.38000      0.13667      0.03549      0.10118
     -2.37000      0.26233      0.06786      0.19447
     -2.36000      0.46189      0.11942      0.34247
     -2.35000      0.39478      0.10205      0.29274
     -2.34000      0.24424      0.06295      0.18128
     -2.33000      0.22995      0.05888      0.17107
     -2.32000      0.33440      0.08545      0.24895
     -2.31000      0.37704      0.09611      0.28093
     -2.30000      0.32780      0.08312      0.24468
     -2.29000      0.26570      0.06711      0.19858
     -2.28000      0.26678      0.06735      0.19943
     -2.27000      0.26501      0.06694      0.19806
     -2.26000      0.16089      0.04056      0.12033
     -2.25000      0.14090      0.03510      0.10580
     -2.24000      0.24612      0.06107      0.18505
     -2.23000      0.33110      0.08209      0.24901
     -2.22000      0.31811      0.07882      0.23929
     -2.21000      0.23780      0.05893      0.17887
     -2.20000      0.20816      0.05142      0.15675
     -2.19000      0.41537      0.10228      0.31309
     -2.18000      0.64569      0.15913      0.48656
     -2.17000      0.55543      0.13691      0.41852
     -2.16000      0.44397      0.10892      0.33505
     -2.15000      0.46505      0.11342      0.35164
     -2.14000      0.49133      0.11943      0.37191
     -2.13000      0.44993      0.10912      0.34081
     -2.12000      0.30011      0.07270      0.22740
     -2.11000      0.19556      0.04733      0.14823
     -2.10000      0.15813      0.03809      0.12004
     -2.09000      0.25142      0.05997      0.19145
     -2.08000      0.41321      0.09806      0.31515
     -2.07000      0.45800      0.10832      0.34967
     -2.06000      0.47644      0.11247      0.36397
     -2.05000      0.35040      0.08263      0.26777
     -2.04000      0.19824      0.04662      0.15162
     -2.03000      0.23510      0.05502      0.18008
     -2.02000      0.26725      0.06229      0.20496
     -2.01000      0.30574      0.07114      0.23460
     -2.00000      0.41809      0.09742      0.32067
     -1.99000      0.36811      0.08582      0.28230
     -1.98000      0.33644      0.07789      0.25855
     -1.97000      0.48561      0.11146      0.37415
     -1.96000      0.47850      0.10948      0.36902
     -1.95000      0.30874      0.07067      0.23807
     -1.94000      0.25091      0.05718      0.19374
     -1.93000      0.29786      0.06723      0.23063
     -1.92000      0.31985      0.07185      0.24800
     -1.91000      0.34898      0.07824      0.27073
     -1.90000      0.34804      0.07788      0.27016
     -1.89000      0.23928      0.05338      0.18590
     -1.88000      0.16128      0.03572      0.12556
     -1.87000      0.24670      0.05430      0.19240
     -1.86000      0.40237      0.08845      0.31392
     -1.85000      0.40702      0.08925      0.31777
     -1.84000      0.25767      0.05641      0.20126
     -1.83000      0.29124      0.06408      0.22716
     -1.82000      0.57338      0.12601      0.44737
     -1.81000      0.71534      0.15657      0.55877
     -1.80000      0.63238      0.13770      0.49469
     -1.79000      0.54923      0.11868      0.43056
     -1.78000      0.54921      0.11770      0.43150
     -1.77000      0.54454      0.11615      0.42840
     -1.76000      0.42171      0.08983      0.33188
     -1.75000      0.33916      0.07200      0.26716
     -1.74000      0.43115      0.09079      0.34036
     -1.73000      0.48046      0.10068      0.37978
     -1.72000      0.35359      0.07396      0.27963
     -1.71000      0.21963      0.04587      0.17376
     -1.70000      0.24231      0.05013      0.19218
     -1.69000      0.34551      0.07098      0.27453
     -1.68000      0.41147      0.08409      0.32739
     -1.67000      0.43516      0.08853      0.34663
     -1.66000      0.40950      0.08303      0.32647
     -1.65000      0.50560      0.10267      0.40292
     -1.64000      0.55489      0.11296      0.44193
     -1.63000      0.48408      0.09828      0.38580
     -1.62000      0.47276      0.09495      0.37780
     -1.61000      0.56131      0.11149      0.44982
     -1.60000      0.52456      0.10395      0.42061
     -1.59000      0.33655      0.06655      0.27000
     -1.58000      0.33207      0.06513      0.26694
     -1.57000      0.39225      0.07638      0.31587
     -1.56000      0.41171      0.07943      0.33229
     -1.55000      0.46158      0.08863      0.37295
     -1.54000      0.44397      0.08497      0.35899
     -1.53000      0.34798      0.06617      0.28181
     -1.52000      0.31450      0.05946      0.25504
     -1.51000      0.33059      0.06226      0.26833
     -1.50000      0.32745      0.06113      0.26632
     -1.49000      0.48839      0.09088      0.39751
     -1.48000      0.75736      0.14213      0.61523
     -1.47000      0.99690      0.18794      0.80896
     -1.46000      1.03912      0.19487      0.84425
     -1.45000      0.91580      0.17015      0.74565
     -1.44000      0.82352      0.15144      0.67208
     -1.43000      0.82859      0.15088      0.67771
     -1.42000      0.82052      0.14822      0.67230
     -1.41000      0.82327      0.14756      0.67572
     -1.40000      0.88553      0.15737      0.72816
     -1.39000      1.10056      0.19385      0.90670
     -1.38000      1.10268      0.19323      0.90945
     -1.37000      0.60329      0.10540      0.49790
     -1.36000      0.22807      0.03949      0.18858
     -1.35000      0.15670      0.02683      0.12987
     -1.34000      0.13214      0.02247      0.10966
     -1.33000      0.20212      0.03421      0.16791
     -1.32000      0.32837      0.05590      0.27247
     -1.31000      0.64131      0.11002      0.53129
     -1.30000      1.09118      0.18704      0.90414
     -1.29000      1.03596      0.17680      0.85916
     -1.28000      0.55663      0.09416      0.46247
     -1.27000      0.23307      0.03875      0.19432
     -1.26000      0.15912      0.02598      0.13314
     -1.25000      0.19272      0.03126      0.16146
     -1.24000      0.24460      0.03944      0.20516
     -1.23000      0.32132      0.05155      0.26977
     -1.22000      0.33718      0.05394      0.28324
     -1.21000      0.29602      0.04726      0.24876
     -1.20000      0.29152      0.04635      0.24516
     -1.19000      0.37144      0.05877      0.31268
     -1.18000      0.49514      0.07807      0.41707
     -1.17000      0.66890      0.10533      0.56357
     -1.16000      0.94401      0.14908      0.79493
     -1.15000      1.23257      0.19524      1.03733
     -1.14000      1.06306      0.16814      0.89492
     -1.13000      0.48018      0.07534      0.40484
     -1.12000      0.20827      0.03173      0.17654
     -1.11000      0.21605      0.03226      0.18378
     -1.10000      0.19870      0.02947      0.16922
     -1.09000      0.13104      0.01935      0.11169
     -1.08000      0.15059      0.02210      0.12849
     -1.07000      0.23165      0.03379      0.19786
     -1.06000      0.22987      0.03331      0.19656
     -1.05000      0.23575      0.03392      0.20182
     -1.04000      0.35847      0.05120      0.30726
     -1.03000      0.40635      0.05782      0.34853
     -1.02000      0.32773      0.04672      0.28101
     -1.01000      0.31833      0.04531      0.27302
     -1.00000      0.45143      0.06394      0.38750
     -0.99000      0.49887      0.07046      0.42841
     -0.98000      0.38944      0.05438      0.33506
     -0.97000      0.26414      0.03621      0.22793
     -0.96000      0.18929      0.02550      0.16379
     -0.95000      0.26211      0.03488      0.22724
     -0.94000      0.30007      0.03979      0.26027
     -0.93000      0.28204      0.03709      0.24495
     -0.92000      0.31543      0.04116      0.27427
     -0.91000      0.27478      0.03576      0.23902
     -0.90000      0.23351      0.03034      0.20317
     -0.89000      0.25271      0.03257      0.22014
     -0.88000      0.38313      0.04865      0.33447
     -0.87000      0.57065      0.07188      0.49877
     -0.86000      0.59061      0.07440      0.51621
     -0.85000      0.56361      0.07112      0.49250
     -0.84000      0.49404      0.06221      0.43183
     -0.83000      0.29972      0.03719      0.26253
     -0.82000      0.23975      0.02867      0.21108
     -0.81000      0.26458      0.03123      0.23336
     -0.80000      0.24005      0.02803      0.21202
     -0.79000      0.21566      0.02480      0.19086
     -0.78000      0.21036      0.02396      0.18639
     -0.77000      0.21789      0.02476      0.19313
     -0.76000      0.19366      0.02202      0.17164
     -0.75000      0.13906      0.01565      0.12341
     -0.74000      0.19122      0.02099      0.17023
     -0.73000      0.31918      0.03487      0.28430
     -0.72000      0.31470      0.03430      0.28041
     -0.71000      0.31336      0.03386      0.27950
     -0.70000      0.36376      0.03889      0.32487
     -0.69000      0.30051      0.03159      0.26892
     -0.68000      0.23832      0.02447      0.21385
     -0.67000      0.25201      0.02548      0.22652
     -0.66000      0.27726      0.02773      0.24953
     -0.65000      0.23532      0.02334      0.21199
     -0.64000      0.18876      0.01863      0.17013
     -0.63000      0.14856      0.01454      0.13402
     -0.62000      0.17712      0.01701      0.16011
     -0.61000      0.28788      0.02711      0.26076
     -0.60000      0.46226      0.04292      0.41934
     -0.59000      0.52879      0.04886      0.47993
     -0.58000      0.46341      0.04270      0.42071
     -0.57000      0.32822      0.03013      0.29809
     -0.56000      0.15848      0.01431      0.14417
     -0.55000      0.13265      0.01135      0.12131
     -0.54000      0.18332      0.01541      0.16791
     -0.53000      0.23909      0.01983      0.21926
     -0.52000      0.28033      0.02299      0.25735
     -0.51000      0.21157      0.01710      0.19447
     -0.50000      0.17795      0.01407      0.16389
     -0.49000      0.18679      0.01462      0.17217
     -0.48000      0.18456      0.01435      0.17021
     -0.47000      0.18824      0.01433      0.17390
     -0.46000      0.28625      0.02121      0.26504
     -0.45000      0.32415      0.02379      0.30036
     -0.44000      0.17761      0.01288      0.16474
     -0.43000      0.11655      0.00810      0.10845
     -0.42000      0.18575      0.01261      0.17315
     -0.41000      0.23327      0.01554      0.21773
     -0.40000      0.25308      0.01651      0.23657
     -0.39000      0.29050      0.01854      0.27196
     -0.38000      0.31236      0.01956      0.29280
     -0.37000      0.29297      0.01806      0.27491
     -0.36000      0.29475      0.01783      0.27692
     -0.35000      0.28956      0.01723      0.27233
     -0.34000      0.21929      0.01264      0.20664
     -0.33000      0.25269      0.01380      0.23889
     -0.32000      0.26505      0.01429      0.25075
     -0.31000      0.11880      0.00640      0.11240
     -0.30000      0.02881      0.00149      0.02732
     -0.29000      0.07163      0.00334      0.06828
     -0.28000      0.22080      0.01026      0.21053
     -0.27000      0.30263      0.01394      0.28868
     -0.26000      0.28408      0.01264      0.27144
     -0.25000      0.28153      0.01206      0.26946
     -0.24000      0.23081      0.00962      0.22118
     -0.23000      0.13516      0.00550      0.12967
     -0.22000      0.09307      0.00351      0.08956
     -0.21000      0.15738      0.00562      0.15176
     -0.20000      0.22738      0.00783      0.21955
     -0.19000      0.29721      0.00981      0.28740
     -0.18000      0.31079      0.00993      0.30086
     -0.17000      0.25593      0.00779      0.24814
     -0.16000      0.19193      0.00551      0.18642
     -0.15000      0.15479      0.00408      0.15071
     -0.14000      0.15905      0.00393      0.15512
     -0.13000      0.14287      0.00329      0.13958
     -0.12000      0.17960      0.00376      0.17584
     -0.11000      0.21708      0.00428      0.21280
     -0.10000      0.17643      0.00328      0.17314
     -0.09000      0.12624      0.00204      0.12419
     -0.08000      0.18430      0.00249      0.18181
     -0.07000      0.27628      0.00339      0.27289
     -0.06000      0.29275      0.00329      0.28947
     -0.05000      0.18420      0.00192      0.18228
     -0.04000      0.10043      0.00075      0.09968
     -0.03000      0.14556      0.00068      0.14489
     -0.02000      0.18948      0.00067      0.18881
     -0.01000      0.17756      0.00041      0.17715
      0.00000      0.10079      0.00018      0.10061
      0.01000      0.02475      0.00004      0.02471
      0.02000      0.00232      0.00000      0.00231
      0.03000      0.00008      0.00000      0.00008
      0.04000      0.00000      0.00000      0.00000
      0.05000      0.00000      0.00000      0.00000
      0.06000      0.00000      0.00000      0.00000
      0.07000      0.00000      0.00000      0.00000
      0.08000      0.00000      0.00000      0.00000
      0.09000      0.00000      0.00000      0.00000
      0.10000      0.00000      0.00000      0.00000
      0.11000      0.00000      0.00000      0.00000
      0.12000      0.00000      0.00000      0.00000
      0.13000      0.00000      0.00000      0.00000
      0.14000      0.00000      0.00000      0.00000
      0.15000      0.00000      0.00000      0.00000
      0.16000      0.00000      0.00000      0.00000
      0.17000      0.00000      0.00000      0.00000
      0.18000      0.00000      0.00000      0.00000
      0.19000      0.00000      0.00000      0.00000
      0.20000      0.00000      0.00000      0.00000
      0.21000      0.00000      0.00000      0.00000
      0.22000      0.00000      0.00000      0.00000
      0.23000      0.00000      0.00000      0.00000
      0.24000      0.00000      0.00000      0.00000
      0.25000      0.00000      0.00000      0.00000
      0.26000      0.00000      0.00000      0.00000
      0.27000      0.00000      0.00000      0.00000
      0.28000      0.00000      0.00000      0.00000
      0.29000      0.00000      0.00000      0.00000
      0.30000      0.00000      0.00000      0.00000
      0.31000      0.00000      0.00000      0.00000
      0.32000      0.00000      0.00000      0.00000
      0.33000      0.00000      0.00000      0.00000
      0.34000      0.00000      0.00000      0.00000
      0.35000      0.00000      0.00000      0.00000
      0.36000      0.00000      0.00000      0.00000
      0.37000      0.00000      0.00000      0.00000
      0.38000      0.00000      0.00000      0.00000
      0.39000      0.00000      0.00000      0.00000
      0.40000      0.00000      0.00000      0.00000
      0.41000      0.00000      0.00000      0.00000
      0.42000      0.00000      0.00000      0.00000
      0.43000      0.00000      0.00000      0.00000
      0.44000      0.00000      0.00000      0.00000
      0.45000      0.00000      0.00000      0.00000
      0.46000      0.00000      0.00000      0.00000
      0.47000      0.00000      0.00000      0.00000
      0.48000      0.00000      0.00000      0.00000
      0.49000      0.00000      0.00000      0.00000
      0.50000      0.00000      0.00000      0.00000
      0.51000      0.00000      0.00000      0.00000
      0.52000      0.00000      0.00000      0.00000
      0.53000      0.00000      0.00000      0.00000
      0.54000      0.00000      0.00000      0.00000
      0.55000      0.00000      0.00000      0.00000
      0.56000      0.00000      0.00000      0.00000
      0.57000      0.00000      0.00000      0.00000
      0.58000      0.00000      0.00000      0.00000
      0.59000      0.00000      0.00000      0.00000
      0.60000      0.00000      0.00000      0.00000
      0.61000      0.00000      0.00000      0.00000
      0.62000      0.00000      0.00000      0.00000
      0.63000      0.00000      0.00000      0.00000
      0.64000      0.00000      0.00000      0.00000
      0.65000      0.00000      0.00000      0.00000
      0.66000      0.00000      0.00000      0.00000
      0.67000      0.00000      0.00000      0.00000
      0.68000      0.00000      0.00000      0.00000
      0.69000      0.00000      0.00000      0.00000
      0.70000      0.00000      0.00000      0.00000
      0.71000      0.00000      0.00000      0.00000
      0.72000      0.00000      0.00000      0.00000
      0.73000      0.00000      0.00000      0.00000
      0.74000      0.00000      0.00000      0.00000
      0.75000      0.00000      0.00000      0.00000
      0.76000      0.00000      0.00000      0.00000
      0.77000      0.00000      0.00000      0.00000
      0.78000      0.00000      0.00000      0.00000
      0.79000      0.00000      0.00000      0.00000
      0.80000      0.00000      0.00000      0.00000
      0.81000      0.00000      0.00000      0.00000
      0.82000      0.00000      0.00000      0.00000
      0.83000      0.00000      0.00000      0.00000
      0.84000      0.00000      0.00000      0.00000
      0.85000      0.00000      0.00000      0.00000
      0.86000      0.00000      0.00000      0.00000
      0.87000      0.00000      0.00000      0.00000
      0.88000      0.00000      0.00000      0.00000
      0.89000      0.00000      0.00000      0.00000
      0.90000      0.00000      0.00000      0.00000
      0.91000      0.00000      0.00000      0.00000
      0.92000      0.00000      0.00000      0.00000
      0.93000      0.00000      0.00000      0.00000
      0.94000      0.00000      0.00000      0.00000
      0.95000      0.00000      0.00000      0.00000
      0.96000      0.00000      0.00000      0.00000
      0.97000      0.00000      0.00000      0.00000
      0.98000      0.00000      0.00000      0.00000
      0.99000      0.00000      0.00000      0.00000
      1.00000      0.00000      0.00000      0.00000
      1.01000      0.00000      0.00000      0.00000
      1.02000      0.00000      0.00000      0.00000
      1.03000      0.00000      0.00000      0.00000
      1.04000      0.00000      0.00000      0.00000
      1.05000      0.00000      0.00000      0.00000
      1.06000      0.00000      0.00000      0.00000
      1.07000      0.00000      0.00000      0.00000
      1.08000      0.00000      0.00000      0.00000
      1.09000      0.00000      0.00000      0.00000
      1.10000      0.00000      0.00000      0.00000
      1.11000      0.00000      0.00000      0.00000
      1.12000      0.00000      0.00000      0.00000
      1.13000      0.00000      0.00000      0.00000
      1.14000      0.00000      0.00000      0.00000
      1.15000      0.00000      0.00000      0.00000
      1.16000      0.00000      0.00000      0.00000
      1.17000      0.00000      0.00000      0.00000
      1.18000      0.00000      0.00000      0.00000
      1.19000      0.00000      0.00000      0.00000
      1.20000      0.00000      0.00000      0.00000
      1.21000      0.00000      0.00000      0.00000
      1.22000      0.00000      0.00000      0.00000
      1.23000      0.00000      0.00000      0.00000
      1.24000      0.00000      0.00000      0.00000
      1.25000      0.00000      0.00000      0.00000
      1.26000      0.00000      0.00000      0.00000
      1.27000      0.00000      0.00000      0.00000
      1.28000      0.00000      0.00000      0.00000
      1.29000      0.00000      0.00000      0.00000
      1.30000      0.00000      0.00000      0.00000
      1.31000      0.00000      0.00000      0.00000
      1.32000      0.00000      0.00000      0.00000
      1.33000      0.00000      0.00000      0.00000
      1.34000      0.00000      0.00000      0.00000
      1.35000      0.00000      0.00000      0.00000
      1.36000      0.00000      0.00000      0.00000
      1.37000      0.00000      0.00000      0.00000
      1.38000      0.00000      0.00000      0.00000
      1.39000      0.00000      0.00000      0.00000
      1.40000      0.00000      0.00000      0.00000
      1.41000      0.00000      0.00000      0.00000
      1.42000      0.00000      0.00000      0.00000
      1.43000      0.00000      0.00000      0.00000
      1.44000      0.00000      0.00000      0.00000
      1.45000      0.00000      0.00000      0.00000
      1.46000      0.00000      0.00000      0.00000
      1.47000      0.00000      0.00000      0.00000
      1.48000      0.00000      0.00000      0.00000
      1.49000      0.00000      0.00000      0.00000
      1.50000      0.00000      0.00000      0.00000
      1.51000      0.00000      0.00000      0.00000
      1.52000      0.00000      0.00000      0.00000
      1.53000      0.00000      0.00000      0.00000
      1.54000      0.00000      0.00000      0.00000
      1.55000      0.00000      0.00000      0.00000
      1.56000      0.00000      0.00000      0.00000
      1.57000      0.00000      0.00000      0.00000
      1.58000      0.00000      0.00000      0.00000
      1.59000      0.00000      0.00000      0.00000
      1.60000      0.00000      0.00000      0.00000
      1.61000      0.00000      0.00000      0.00000
      1.62000      0.00000      0.00000      0.00000
      1.63000      0.00000      0.00000      0.00000
      1.64000      0.00000      0.00000      0.00000
      1.65000      0.00000      0.00000      0.00000
      1.66000      0.00000      0.00000      0.00000
      1.67000      0.00000      0.00000      0.00000
      1.68000      0.00000      0.00000      0.00000
      1.69000      0.00000      0.00000      0.00000
      1.70000      0.00000      0.00000      0.00000
      1.71000      0.00000      0.00000      0.00000
      1.72000      0.00000      0.00000      0.00000
      1.73000      0.00000      0.00000      0.00000
      1.74000      0.00000      0.00000      0.00000
      1.75000      0.00000      0.00000      0.00000
      1.76000      0.00000      0.00000      0.00000
      1.77000      0.00000      0.00000      0.00000
      1.78000      0.00000      0.00000      0.00000
      1.79000      0.00000      0.00000      0.00000
      1.80000      0.00000      0.00000      0.00000
      1.81000      0.00000      0.00000      0.00000
      1.82000      0.00000      0.00000      0.00000
      1.83000      0.00000      0.00000      0.00000
      1.84000      0.00000      0.00000      0.00000
      1.85000      0.00000      0.00000      0.00000
      1.86000      0.00000      0.00000      0.00000
      1.87000      0.00000      0.00000      0.00000
      1.88000      0.00000      0.00000      0.00000
      1.89000      0.00000      0.00000      0.00000
      1.90000      0.00000      0.00000      0.00000
      1.91000      0.00000      0.00000      0.00000
      1.92000      0.00000      0.00000      0.00000
      1.93000      0.00000      0.00000      0.00000
      1.94000      0.00000      0.00000      0.00000
      1.95000      0.00000      0.00000      0.00000
      1.96000      0.00000      0.00000      0.00000
      1.97000      0.00000      0.00000      0.00000
      1.98000      0.00000      0.00000      0.00000
      1.99000      0.00000      0.00000      0.00000
      2.00000      0.00000      0.00000      0.00000
      2.01000      0.00000      0.00000      0.00000
      2.02000      0.00000      0.00000      0.00000
      2.03000      0.00000      0.00000      0.00000
      2.04000      0.00000      0.00000      0.00000
      2.05000      0.00000      0.00000      0.00000
      2.06000      0.00000      0.00000      0.00000
      2.07000      0.00000      0.00000      0.00000
      2.08000      0.00000      0.00000      0.00000
      2.09000      0.00000      0.00000      0.00000
      2.10000      0.00000      0.00000      0.00000
      2.11000      0.00000      0.00000      0.00000
      2.12000      0.00000      0.00000      0.00000
      2.13000      0.00000      0.00000      0.00000
      2.14000      0.00000      0.00000      0.00000
      2.15000      0.00000      0.00000      0.00000
      2.16000      0.00000      0.00000      0.00000
      2.17000      0.00000      0.00000      0.00000
      2.18000      0.00000      0.00000      0.00000
      2.19000      0.00000      0.00000      0.00000
      2.20000      0.00000      0.00000      0.00000
      2.21000      0.00000      0.00000      0.00000
      2.22000      0.00000      0.00000      0.00000
      2.23000      0.00000      0.00000      0.00000
      2.24000      0.00000      0.00000      0.00000
      2.25000      0.00000      0.00000      0.00000
      2.26000      0.00000      0.00000      0.00000
      2.27000      0.00000      0.00000      0.00000
      2.28000      0.00000      0.00000      0.00000
      2.29000      0.00000      0.00000      0.00000
      2.30000      0.00000      0.00000      0.00000
      2.31000      0.00000      0.00000      0.00000
      2.32000      0.00000      0.00000      0.00000
      2.33000      0.00000      0.00000      0.00000
      2.34000      0.00000      0.00000      0.00000
      2.35000      0.00000      0.00000      0.00000
      2.36000      0.00000      0.00000      0.00000
      2.37000      0.00000      0.00000      0.00000
      2.38000      0.00000      0.00000      0.00000
      2.39000      0.00000      0.00000      0.00000
      2.40000      0.00000      0.00000      0.00000
      2.41000      0.00000      0.00000      0.00000
      2.42000      0.00000      0.00000      0.00000
      2.43000      0.00000      0.00000      0.00000
      2.44000      0.00000      0.00000      0.00000
      2.45000      0.00000      0.00000      0.00000
      2.46000      0.00000      0.00000      0.00000
      2.47000      0.00000      0.00000      0.00000
      2.48000      0.00000      0.00000      0.00000
      2.49000      0.00000      0.00000      0.00000
      2.50000      0.00000      0.00000      0.00000
      2.51000      0.00000      0.00000      0.00000
      2.52000      0.00000      0.00000      0.00000
      2.53000      0.00000      0.00000      0.00000
      2.54000      0.00000      0.00000      0.00000
      2.55000      0.00000      0.00000      0.00000
      2.56000      0.00000      0.00000      0.00000
      2.57000      0.00000      0.00000      0.00000
      2.58000      0.00000      0.00000      0.00000
      2.59000      0.00000      0.00000      0.00000
      2.60000      0.00000      0.00000      0.00000
      2.61000      0.00000      0.00000      0.00000
      2.62000      0.00000      0.00000      0.00000
      2.63000      0.00000      0.00000      0.00000
      2.64000      0.00000      0.00000      0.00000
      2.65000      0.00000      0.00000      0.00000
      2.66000      0.00000      0.00000      0.00000
      2.67000      0.00000      0.00000      0.00000
      2.68000      0.00000      0.00000      0.00000
      2.69000      0.00000      0.00000      0.00000
      2.70000      0.00000      0.00000      0.00000
      2.71000      0.00000      0.00000      0.00000
      2.72000      0.00000      0.00000      0.00000
      2.73000      0.00000      0.00000      0.00000
      2.74000      0.00000      0.00000      0.00000
      2.75000      0.00000      0.00000      0.00000
      2.76000      0.00000      0.00000      0.00000
      2.77000      0.00000      0.00000      0.00000
      2.78000      0.00000      0.00000      0.00000
      2.79000      0.00000      0.00000      0.00000
      2.80000      0.00000      0.00000      0.00000
      2.81000      0.00000      0.00000      0.00000
      2.82000      0.00000      0.00000      0.00000
      2.83000      0.00000      0.00000      0.00000
      2.84000      0.00000      0.00000      0.00000
      2.85000      0.00000      0.00000      0.00000
      2.86000      0.00000      0.00000      0.00000
      2.87000      0.00000      0.00000      0.00000
      2.88000      0.00000      0.00000      0.00000
      2.89000      0.00000      0.00000      0.00000
      2.90000      0.00000      0.00000      0.00000
      2.91000      0.00000      0.00000      0.00000
      2.92000      0.00000      0.00000      0.00000
      2.93000      0.00000      0.00000      0.00000
      2.94000      0.00000      0.00000      0.00000
      2.95000      0.00000      0.00000      0.00000
      2.96000      0.00000      0.00000      0.00000
      2.97000      0.00000      0.00000      0.00000
      2.98000      0.00000      0.00000      0.00000
      2.99000      0.00000      0.00000      0.00000
      3.00000      0.00000      0.00000      0.00000
      3.01000      0.00000      0.00000      0.00000
      3.02000      0.00000      0.00000      0.00000
      3.03000      0.00000      0.00000      0.00000
      3.04000      0.00000      0.00000      0.00000
      3.05000      0.00000      0.00000      0.00000
      3.06000      0.00000      0.00000      0.00000
      3.07000      0.00000      0.00000      0.00000
      3.08000      0.00000      0.00000      0.00000
      3.09000      0.00000      0.00000      0.00000
      3.10000      0.00000      0.00000      0.00000
      3.11000      0.00000      0.00000      0.00000
      3.12000      0.00000      0.00000      0.00000
      3.13000      0.00000      0.00000      0.00000
      3.14000      0.00000      0.00000      0.00000
      3.15000      0.00000      0.00000      0.00000
      3.16000      0.00000      0.00000      0.00000
      3.17000      0.00000      0.00000      0.00000
      3.18000      0.00000      0.00000      0.00000
      3.19000      0.00000      0.00000      0.00000
      3.20000      0.00000      0.00000      0.00000
      3.21000      0.00000      0.00000      0.00000
      3.22000      0.00000      0.00000      0.00000
      3.23000      0.00000      0.00000      0.00000
      3.24000      0.00000      0.00000      0.00000
      3.25000      0.00000      0.00000      0.00000
      3.26000      0.00000      0.00000      0.00000
      3.27000      0.00000      0.00000      0.00000
      3.28000      0.00000      0.00000      0.00000
      3.29000      0.00000      0.00000      0.00000
      3.30000      0.00000      0.00000      0.00000
      3.31000      0.00000      0.00000      0.00000
      3.32000      0.00000      0.00000      0.00000
      3.33000      0.00000      0.00000      0.00000
      3.34000      0.00000      0.00000      0.00000
      3.35000      0.00000      0.00000      0.00000
      3.36000      0.00000      0.00000      0.00000
      3.37000      0.00000      0.00000      0.00000
      3.38000      0.00000      0.00000      0.00000
      3.39000      0.00000      0.00000      0.00000
      3.40000      0.00000      0.00000      0.00000
      3.41000      0.00000      0.00000      0.00000
      3.42000      0.00000      0.00000      0.00000
      3.43000      0.00000      0.00000      0.00000
      3.44000      0.00000      0.00000      0.00000
      3.45000      0.00000      0.00000      0.00000
      3.46000      0.00000      0.00000      0.00000
      3.47000      0.00000      0.00000      0.00000
      3.48000      0.00000      0.00000      0.00000
      3.49000      0.00000      0.00000      0.00000
      3.50000      0.00000      0.00000      0.00000
      3.51000      0.00000      0.00000      0.00000
      3.52000      0.00000      0.00000      0.00000
      3.53000      0.00000      0.00000      0.00000
      3.54000      0.00000      0.00000      0.00000
      3.55000      0.00000      0.00000      0.00000
      3.56000      0.00000      0.00000      0.00000
      3.57000      0.00000      0.00000      0.00000
      3.58000      0.00000      0.00000      0.00000
      3.59000      0.00000      0.00000      0.00000
      3.60000      0.00000      0.00000      0.00000
      3.61000      0.00000      0.00000      0.00000
      3.62000      0.00000      0.00000      0.00000
      3.63000      0.00000      0.00000      0.00000
      3.64000      0.00000      0.00000      0.00000
      3.65000      0.00000      0.00000      0.00000
      3.66000      0.00000      0.00000      0.00000
      3.67000      0.00000      0.00000      0.00000
      3.68000      0.00000      0.00000      0.00000
      3.69000      0.00000      0.00000      0.00000
      3.70000      0.00000      0.00000      0.00000
      3.71000      0.00000      0.00000      0.00000
      3.72000      0.00000      0.00000      0.00000
      3.73000      0.00000      0.00000      0.00000
      3.74000      0.00000      0.00000      0.00000
      3.75000      0.00000      0.00000      0.00000
      3.76000      0.00000      0.00000      0.00000
      3.77000      0.00000      0.00000      0.00000
      3.78000      0.00000      0.00000      0.00000
      3.79000      0.00000      0.00000      0.00000
      3.80000      0.00000      0.00000      0.00000
      3.81000      0.00000      0.00000      0.00000
      3.82000      0.00000      0.00000      0.00000
      3.83000      0.00000      0.00000      0.00000
      3.84000      0.00000      0.00000      0.00000
      3.85000      0.00000      0.00000      0.00000
      3.86000      0.00000      0.00000      0.00000
      3.87000      0.00000      0.00000      0.00000
      3.88000      0.00000      0.00000      0.00000
      3.89000      0.00000      0.00000      0.00000
      3.90000      0.00000      0.00000      0.00000
      3.91000      0.00000      0.00000      0.00000
      3.92000      0.00000      0.00000      0.00000
      3.93000      0.00000      0.00000      0.00000
      3.94000      0.00000      0.00000      0.00000
      3.95000      0.00000      0.00000      0.00000
      3.96000      0.00000      0.00000      0.00000
      3.97000      0.00000      0.00000      0.00000
      3.98000      0.00000      0.00000      0.00000
      3.99000      0.00000      0.00000      0.00000
      4.00000      0.00000      0.00000      0.00000
      4.01000      0.00000      0.00000      0.00000
      4.02000      0.00000      0.00000      0.00000
      4.03000      0.00000      0.00000      0.00000
      4.04000      0.00000      0.00000      0.00000
      4.05000      0.00000      0.00000      0.00000
      4.06000      0.00000      0.00000      0.00000
      4.07000      0.00000      0.00000      0.00000
      4.08000      0.00000      0.00000      0.00000
      4.09000      0.00000      0.00000      0.00000
      4.10000      0.00000      0.00000      0.00000
      4.11000      0.00000      0.00000      0.00000
      4.12000      0.00000      0.00000      0.00000
      4.13000      0.00000      0.00000      0.00000
      4.14000      0.00000      0.00000      0.00000
      4.15000      0.00000      0.00000      0.00000
      4.16000      0.00000      0.00000      0.00000
      4.17000      0.00000      0.00000      0.00000
      4.18000      0.00000      0.00000      0.00000
      4.19000      0.00000      0.00000      0.00000
      4.20000      0.00000      0.00000      0.00000
      4.21000      0.00000      0.00000      0.00000
      4.22000      0.00000      0.00000      0.00000
      4.23000      0.00000      0.00000      0.00000
      4.24000      0.00000      0.00000      0.00000
      4.25000      0.00000      0.00000      0.00000
      4.26000      0.00000      0.00000      0.00000
      4.27000      0.00000      0.00000      0.00000
      4.28000      0.00000      0.00000      0.00000
      4.29000      0.00000      0.00000      0.00000
      4.30000      0.00000      0.00000      0.00000
      4.31000      0.00000      0.00000      0.00000
      4.32000      0.00000      0.00000      0.00000
      4.33000      0.00000      0.00000      0.00000
      4.34000      0.00000      0.00000      0.00000
      4.35000      0.00000      0.00000      0.00000
      4.36000      0.00000      0.00000      0.00000
      4.37000      0.00000      0.00000      0.00000
      4.38000      0.00000      0.00000      0.00000
      4.39000      0.00000      0.00000      0.00000
      4.40000      0.00000      0.00000      0.00000
      4.41000      0.00000      0.00000      0.00000
      4.42000      0.00000      0.00000      0.00000
      4.43000      0.00000      0.00000      0.00000
      4.44000      0.00000      0.00000      0.00000
      4.45000      0.00000      0.00000      0.00000
      4.46000      0.00000      0.00000      0.00000
      4.47000      0.00000      0.00000      0.00000
      4.48000      0.00000      0.00000      0.00000
      4.49000      0.00000      0.00000      0.00000
      4.50000      0.00000      0.00000      0.00000
      4.51000      0.00000      0.00000      0.00000
      4.52000      0.00000      0.00000      0.00000
      4.53000      0.00000      0.00000      0.00000
      4.54000      0.00000      0.00000      0.00000
      4.55000      0.00000      0.00000      0.00000
      4.56000      0.00000      0.00000      0.00000
      4.57000      0.00000      0.00000      0.00000
      4.58000      0.00000      0.00000      0.00000
      4.59000      0.00000      0.00000      0.00000
      4.60000      0.00000      0.00000      0.00000
      4.61000      0.00000      0.00000      0.00000
      4.62000      0.00000      0.00000      0.00000
      4.63000      0.00000      0.00000      0.00000
      4.64000      0.00000      0.00000      0.00000
      4.65000      0.00000      0.00000      0.00000
      4.66000      0.00000      0.00000      0.00000
      4.67000      0.00000      0.00000      0.00000
      4.68000      0.00000      0.00000      0.00000
      4.69000      0.00000      0.00000      0.00000
      4.70000      0.00000      0.00000      0.00000
      4.71000      0.00000      0.00000      0.00000
      4.72000      0.00000      0.00000      0.00000
      4.73000      0.00000      0.00000      0.00000
      4.74000      0.00000      0.00000      0.00000
      4.75000      0.00000      0.00000      0.00000
      4.76000      0.00000      0.00000      0.00000
      4.77000      0.00000      0.00000      0.00000
      4.78000      0.00000      0.00000      0.00000
      4.79000      0.00000      0.00000      0.00000
      4.80000      0.00000      0.00000      0.00000
      4.81000      0.00000      0.00000      0.00000
      4.82000      0.00000      0.00000      0.00000
      4.83000      0.00000      0.00000      0.00000
      4.84000      0.00000      0.00000      0.00000
      4.85000      0.00000      0.00000      0.00000
      4.86000      0.00000      0.00000      0.00000
      4.87000      0.00000      0.00000      0.00000
      4.88000      0.00000      0.00000      0.00000
      4.89000      0.00000      0.00000      0.00000
      4.90000      0.00000      0.00000      0.00000
      4.91000      0.00000      0.00000      0.00000
      4.92000      0.00000      0.00000      0.00000
      4.93000      0.00000      0.00000      0.00000
      4.94000      0.00000      0.00000      0.00000
      4.95000      0.00000      0.00000      0.00000
      4.96000      0.00000      0.00000      0.00000
      4.97000      0.00000      0.00000      0.00000
      4.98000      0.00000      0.00000      0.00000
      4.99000      0.00000      0.00000      0.00000
      5.00000      0.00000      0.00000      0.00000
      5.01000      0.00000      0.00000      0.00000
      5.02000      0.00000      0.00000      0.00000
      5.03000      0.00000      0.00000      0.00000
      5.04000      0.00000      0.00000      0.00000
      5.05000      0.00000      0.00000      0.00000
      5.06000      0.00000      0.00000      0.00000
      5.07000      0.00000      0.00000      0.00000
      5.08000      0.00000      0.00000      0.00000
      5.09000      0.00000      0.00000      0.00000
      5.10000      0.00000      0.00000      0.00000
      5.11000      0.00000      0.00000      0.00000
      5.12000      0.00000      0.00000      0.00000
      5.13000      0.00000      0.00000      0.00000
      5.14000      0.00000      0.00000      0.00000
      5.15000      0.00000      0.00000      0.00000
      5.16000      0.00000      0.00000      0.00000
      5.17000      0.00000      0.00000      0.00000
      5.18000      0.00000      0.00000      0.00000
      5.19000      0.00000      0.00000      0.00000
      5.20000      0.00000      0.00000      0.00000
      5.21000      0.00000      0.00000      0.00000
      5.22000      0.00000      0.00000      0.00000
      5.23000      0.00000      0.00000      0.00000
      5.24000      0.00000      0.00000      0.00000
      5.25000      0.00000      0.00000      0.00000
      5.26000      0.00000      0.00000      0.00000
      5.27000      0.00000      0.00000      0.00000
      5.28000      0.00000      0.00000      0.00000
      5.29000      0.00000      0.00000      0.00000
      5.30000      0.00000      0.00000      0.00000
      5.31000      0.00000      0.00000      0.00000
      5.32000      0.00000      0.00000      0.00000
      5.33000      0.00000      0.00000      0.00000
      5.34000      0.00000      0.00000      0.00000
      5.35000      0.00000      0.00000      0.00000
      5.36000      0.00000      0.00000      0.00000
      5.37000      0.00000      0.00000      0.00000
      5.38000      0.00000      0.00000      0.00000
      5.39000      0.00000      0.00000      0.00000
      5.40000      0.00000      0.00000      0.00000
      5.41000      0.00000      0.00000      0.00000
      5.42000      0.00000      0.00000      0.00000
      5.43000      0.00000      0.00000      0.00000
      5.44000      0.00000      0.00000      0.00000
      5.45000      0.00000      0.00000      0.00000
      5.46000      0.00000      0.00000      0.00000
      5.47000      0.00000      0.00000      0.00000
      5.48000      0.00000      0.00000      0.00000
      5.49000      0.00000      0.00000      0.00000
      5.50000      0.00000      0.00000      0.00000
      5.51000      0.00000      0.00000      0.00000
      5.52000      0.00000      0.00000      0.00000
      5.53000      0.00000      0.00000      0.00000
      5.54000      0.00000      0.00000      0.00000
      5.55000      0.00000      0.00000      0.00000
      5.56000      0.00000      0.00000      0.00000
      5.57000      0.00000      0.00000      0.00000
      5.58000      0.00000      0.00000      0.00000
      5.59000      0.00000      0.00000      0.00000
      5.60000      0.00000      0.00000      0.00000
      5.61000      0.00000      0.00000      0.00000
      5.62000      0.00000      0.00000      0.00000
      5.63000      0.00000      0.00000      0.00000
      5.64000      0.00000      0.00000      0.00000
      5.65000      0.00000      0.00000      0.00000
      5.66000      0.00000      0.00000      0.00000
      5.67000      0.00000      0.00000      0.00000
      5.68000      0.00000      0.00000      0.00000
      5.69000      0.00000      0.00000      0.00000
      5.70000      0.00000      0.00000      0.00000
      5.71000      0.00000      0.00000      0.00000
      5.72000      0.00000      0.00000      0.00000
      5.73000      0.00000      0.00000      0.00000
      5.74000      0.00000      0.00000      0.00000
      5.75000      0.00000      0.00000      0.00000
      5.76000      0.00000      0.00000      0.00000
      5.77000      0.00000      0.00000      0.00000
      5.78000      0.00000      0.00000      0.00000
      5.79000      0.00000      0.00000      0.00000
      5.80000      0.00000      0.00000      0.00000
      5.81000      0.00000      0.00000      0.00000
      5.82000      0.00000      0.00000      0.00000
      5.83000      0.00000      0.00000      0.00000
      5.84000      0.00000      0.00000      0.00000
      5.85000      0.00000      0.00000      0.00000
      5.86000      0.00000      0.00000      0.00000
      5.87000      0.00000      0.00000      0.00000
      5.88000      0.00000      0.00000      0.00000
      5.89000      0.00000      0.00000      0.00000
      5.90000      0.00000      0.00000      0.00000
      5.91000      0.00000      0.00000      0.00000
      5.92000      0.00000      0.00000      0.00000
      5.93000      0.00000      0.00000      0.00000
      5.94000      0.00000      0.00000      0.00000
      5.95000      0.00000      0.00000      0.00000
      5.96000      0.00000      0.00000      0.00000
      5.97000      0.00000      0.00000      0.00000
      5.98000      0.00000      0.00000      0.00000
      5.99000      0.00000      0.00000      0.00000
      6.00000      0.00000      0.00000      0.00000
      6.01000      0.00000      0.00000      0.00000
      6.02000      0.00000      0.00000      0.00000
      6.03000      0.00000      0.00000      0.00000
      6.04000      0.00000      0.00000      0.00000
      6.05000      0.00000      0.00000      0.00000
      6.06000      0.00000      0.00000      0.00000
      6.07000      0.00000      0.00000      0.00000
      6.08000      0.00000      0.00000      0.00000
      6.09000      0.00000      0.00000      0.00000
      6.10000      0.00000      0.00000      0.00000
      6.11000      0.00000      0.00000      0.00000
      6.12000      0.00000      0.00000      0.00000
      6.13000      0.00000      0.00000      0.00000
      6.14000      0.00000      0.00000      0.00000
      6.15000      0.00000      0.00000      0.00000
      6.16000      0.00000      0.00000      0.00000
      6.17000      0.00000      0.00000      0.00000
      6.18000      0.00000      0.00000      0.00000
      6.19000      0.00000      0.00000      0.00000
      6.20000      0.00000      0.00000      0.00000
      6.21000      0.00000      0.00000      0.00000
      6.22000      0.00000      0.00000      0.00000
      6.23000      0.00000      0.00000      0.00000
      6.24000      0.00000      0.00000      0.00000
      6.25000      0.00000      0.00000      0.00000
      6.26000      0.00000      0.00000      0.00000
      6.27000      0.00000      0.00000      0.00000
      6.28000      0.00000      0.00000      0.00000
      6.29000      0.00000      0.00000      0.00000
      6.30000      0.00000      0.00000      0.00000
      6.31000      0.00000      0.00000      0.00000
      6.32000      0.00000      0.00000      0.00000
      6.33000      0.00000      0.00000      0.00000
      6.34000      0.00000      0.00000      0.00000
      6.35000      0.00000      0.00000      0.00000
      6.36000      0.00000      0.00000      0.00000
      6.37000      0.00000      0.00000      0.00000
      6.38000      0.00000      0.00000      0.00000
      6.39000      0.00000      0.00000      0.00000
      6.40000      0.00000      0.00000      0.00000
      6.41000      0.00000      0.00000      0.00000
      6.42000      0.00000      0.00000      0.00000
      6.43000      0.00000      0.00000      0.00000
      6.44000      0.00000      0.00000      0.00000
      6.45000      0.00000      0.00000      0.00000
      6.46000      0.00000      0.00000      0.00000
      6.47000      0.00000      0.00000      0.00000
      6.48000      0.00000      0.00000      0.00000
      6.49000      0.00000      0.00000      0.00000
      6.50000      0.00000      0.00000      0.00000
      6.51000      0.00000      0.00000      0.00000
      6.52000      0.00000      0.00000      0.00000
      6.53000      0.00000      0.00000      0.00000
      6.54000      0.00000      0.00000      0.00000
      6.55000      0.00000      0.00000      0.00000
      6.56000      0.00000      0.00000      0.00000
      6.57000      0.00000      0.00000      0.00000
      6.58000      0.00000      0.00000      0.00000
      6.59000      0.00000      0.00000      0.00000
      6.60000      0.00000      0.00000      0.00000
      6.61000      0.00000      0.00000      0.00000
      6.62000      0.00000      0.00000      0.00000
      6.63000      0.00000      0.00000      0.00000
      6.64000      0.00000      0.00000      0.00000
      6.65000      0.00000      0.00000      0.00000
      6.66000      0.00000      0.00000      0.00000
      6.67000      0.00000      0.00000      0.00000
      6.68000      0.00000      0.00000      0.00000
      6.69000      0.00000      0.00000      0.00000
      6.70000      0.00000      0.00000      0.00000
      6.71000      0.00000      0.00000      0.00000
      6.72000      0.00000      0.00000      0.00000
      6.73000      0.00000      0.00000      0.00000
      6.74000      0.00000      0.00000      0.00000
      6.75000      0.00000      0.00000      0.00000
      6.76000      0.00000      0.00000      0.00000
      6.77000      0.00000      0.00000      0.00000
      6.78000      0.00000      0.00000      0.00000
      6.79000      0.00000      0.00000      0.00000
      6.80000      0.00000      0.00000      0.00000
      6.81000      0.00000      0.00000      0.00000
      6.82000      0.00000      0.00000      0.00000
      6.83000      0.00000      0.00000      0.00000
      6.84000      0.00000      0.00000      0.00000
      6.85000      0.00000      0.00000      0.00000
      6.86000      0.00000      0.00000      0.00000
      6.87000      0.00000      0.00000      0.00000
      6.88000      0.00000      0.00000      0.00000
      6.89000      0.00000      0.00000      0.00000
      6.90000      0.00000      0.00000      0.00000
      6.91000      0.00000      0.00000      0.00000
      6.92000      0.00000      0.00000      0.00000
      6.93000      0.00000      0.00000      0.00000
      6.94000      0.00000      0.00000      0.00000
      6.95000      0.00000      0.00000      0.00000
      6.96000      0.00000      0.00000      0.00000
      6.97000      0.00000      0.00000      0.00000
      6.98000      0.00000      0.00000      0.00000
      6.99000      0.00000      0.00000      0.00000
      7.00000      0.00000      0.00000      0.00000
      7.01000      0.00000      0.00000      0.00000
      7.02000      0.00000      0.00000      0.00000
      7.03000      0.00000      0.00000      0.00000
      7.04000      0.00000      0.00000      0.00000
      7.05000      0.00000      0.00000      0.00000
      7.06000      0.00000      0.00000      0.00000
      7.07000      0.00000      0.00000      0.00000
      7.08000      0.00000      0.00000      0.00000
      7.09000      0.00000      0.00000      0.00000
      7.10000      0.00000      0.00000      0.00000
      7.11000      0.00000      0.00000      0.00000
      7.12000      0.00000      0.00000      0.00000
      7.13000      0.00000      0.00000      0.00000
      7.14000      0.00000      0.00000      0.00000
      7.15000      0.00000      0.00000      0.00000
      7.16000      0.00000      0.00000      0.00000
      7.17000      0.00000      0.00000      0.00000
      7.18000      0.00000      0.00000      0.00000
      7.19000      0.00000      0.00000      0.00000
      7.20000      0.00000      0.00000      0.00000
      7.21000      0.00000      0.00000      0.00000
      7.22000      0.00000      0.00000      0.00000
      7.23000      0.00000      0.00000      0.00000
      7.24000      0.00000      0.00000      0.00000
      7.25000      0.00000      0.00000      0.00000
      7.26000      0.00000      0.00000      0.00000
      7.27000      0.00000      0.00000      0.00000
      7.28000      0.00000      0.00000      0.00000
      7.29000      0.00000      0.00000      0.00000
      7.30000      0.00000      0.00000      0.00000
      7.31000      0.00000      0.00000      0.00000
      7.32000      0.00000      0.00000      0.00000
      7.33000      0.00000      0.00000      0.00000
      7.34000      0.00000      0.00000      0.00000
      7.35000      0.00000      0.00000      0.00000
      7.36000      0.00000      0.00000      0.00000
      7.37000      0.00000      0.00000      0.00000
      7.38000      0.00016      0.00016      0.00000
      7.39000      0.00390      0.00389      0.00001
      7.40000      0.03490      0.03484      0.00006
      7.41000      0.12216      0.12193      0.00023
      7.42000      0.19658      0.19606      0.00052
      7.43000      0.19364      0.19289      0.00075
      7.44000      0.13732      0.13655      0.00076
      7.45000      0.15318      0.15174      0.00144
      7.46000      0.27007      0.26711      0.00296
      7.47000      0.30697      0.30331      0.00367
      7.48000      0.22923      0.22620      0.00303
      7.49000      0.15799      0.15550      0.00249
      7.50000      0.18668      0.18323      0.00345
      7.51000      0.21835      0.21402      0.00434
      7.52000      0.20235      0.19800      0.00434
      7.53000      0.18540      0.18104      0.00437
      7.54000      0.16963      0.16534      0.00430
      7.55000      0.17057      0.16586      0.00471
      7.56000      0.21067      0.20443      0.00623
      7.57000      0.29197      0.28277      0.00920
      7.58000      0.34928      0.33789      0.01139
      7.59000      0.27775      0.26835      0.00940
      7.60000      0.18746      0.18080      0.00666
      7.61000      0.13409      0.12898      0.00511
      7.62000      0.19737      0.18929      0.00808
      7.63000      0.27472      0.26320      0.01152
      7.64000      0.26639      0.25482      0.01157
      7.65000      0.30140      0.28769      0.01370
      7.66000      0.29967      0.28579      0.01388
      7.67000      0.14674      0.13989      0.00685
      7.68000      0.06538      0.06206      0.00332
      7.69000      0.16886      0.15978      0.00908
      7.70000      0.27503      0.26021      0.01481
      7.71000      0.17640      0.16685      0.00954
      7.72000      0.10450      0.09850      0.00600
      7.73000      0.25541      0.24013      0.01528
      7.74000      0.45119      0.42388      0.02731
      7.75000      0.44546      0.41805      0.02741
      7.76000      0.36846      0.34510      0.02336
      7.77000      0.32722      0.30598      0.02124
      7.78000      0.23200      0.21661      0.01539
      7.79000      0.20192      0.18809      0.01383
      7.80000      0.19300      0.17948      0.01353
      7.81000      0.18679      0.17335      0.01344
      7.82000      0.19068      0.17672      0.01396
      7.83000      0.20351      0.18830      0.01521
      7.84000      0.28228      0.26066      0.02163
      7.85000      0.38506      0.35498      0.03008
      7.86000      0.35121      0.32341      0.02780
      7.87000      0.22839      0.20991      0.01849
      7.88000      0.25284      0.23177      0.02107
      7.89000      0.26808      0.24560      0.02248
      7.90000      0.12102      0.11085      0.01016
      7.91000      0.03442      0.03142      0.00300
      7.92000      0.10026      0.09111      0.00916
      7.93000      0.29158      0.26491      0.02667
      7.94000      0.45901      0.41693      0.04208
      7.95000      0.52361      0.47534      0.04827
      7.96000      0.47714      0.43259      0.04455
      7.97000      0.43120      0.39003      0.04117
      7.98000      0.40061      0.36167      0.03895
      7.99000      0.34297      0.30907      0.03390
      8.00000      0.34561      0.31083      0.03478
      8.01000      0.30451      0.27355      0.03096
      8.02000      0.21360      0.19154      0.02207
      8.03000      0.22569      0.20193      0.02376
      8.04000      0.20632      0.18439      0.02193
      8.05000      0.18853      0.16816      0.02037
      8.06000      0.24743      0.22047      0.02695
      8.07000      0.36632      0.32605      0.04027
      8.08000      0.50549      0.44912      0.05638
      8.09000      0.49472      0.43888      0.05584
      8.10000      0.34835      0.30861      0.03975
      8.11000      0.26516      0.23438      0.03077
      8.12000      0.24690      0.21784      0.02906
      8.13000      0.19942      0.17579      0.02363
      8.14000      0.13820      0.12157      0.01664
      8.15000      0.17340      0.15205      0.02134
      8.16000      0.22420      0.19643      0.02777
      8.17000      0.18815      0.16471      0.02343
      8.18000      0.16007      0.13982      0.02026
      8.19000      0.32994      0.28794      0.04200
      8.20000      0.73196      0.63895      0.09301
      8.21000      1.02833      0.89704      0.13129
      8.22000      0.88448      0.77034      0.11413
      8.23000      0.60495      0.52571      0.07923
      8.24000      0.43798      0.37979      0.05819
      8.25000      0.31646      0.27391      0.04255
      8.26000      0.27150      0.23447      0.03704
      8.27000      0.28693      0.24724      0.03970
      8.28000      0.31209      0.26840      0.04369
      8.29000      0.28649      0.24609      0.04040
      8.30000      0.21494      0.18437      0.03057
      8.31000      0.17544      0.15024      0.02520
      8.32000      0.18409      0.15747      0.02662
      8.33000      0.48526      0.41497      0.07028
      8.34000      0.91821      0.78527      0.13294
      8.35000      0.82783      0.70739      0.12045
      8.36000      0.49576      0.42242      0.07334
      8.37000      0.26534      0.22546      0.03988
      8.38000      0.16937      0.14348      0.02590
      8.39000      0.20073      0.16973      0.03099
      8.40000      0.14845      0.12547      0.02298
      8.41000      0.07168      0.06045      0.01123
      8.42000      0.13579      0.11417      0.02163
      8.43000      0.39205      0.32959      0.06246
      8.44000      0.84714      0.71217      0.13497
      8.45000      1.13578      0.95462      0.18116
      8.46000      1.01416      0.85205      0.16210
      8.47000      0.88585      0.74375      0.14210
      8.48000      0.90641      0.76071      0.14570
      8.49000      0.91620      0.76880      0.14740
      8.50000      0.79507      0.66579      0.12928
      8.51000      0.63746      0.53144      0.10602
      8.52000      0.50279      0.41793      0.08486
      8.53000      0.37630      0.31229      0.06401
      8.54000      0.50222      0.41571      0.08651
      8.55000      0.81448      0.67315      0.14133
      8.56000      0.91824      0.75837      0.15987
      8.57000      0.81358      0.67148      0.14210
      8.58000      0.71863      0.59245      0.12619
      8.59000      0.67550      0.55654      0.11896
      8.60000      0.62391      0.51356      0.11035
      8.61000      0.63724      0.52401      0.11323
      8.62000      0.61543      0.50591      0.10952
      8.63000      0.62420      0.51257      0.11164
      8.64000      0.77252      0.63370      0.13882
      8.65000      0.80952      0.66366      0.14585
      8.66000      0.59032      0.48347      0.10685
      8.67000      0.36598      0.29913      0.06684
      8.68000      0.38231      0.31162      0.07069
      8.69000      0.51591      0.42016      0.09575
      8.70000      0.47412      0.38593      0.08818
      8.71000      0.45990      0.37368      0.08622
      8.72000      0.53074      0.43059      0.10015
      8.73000      0.50157      0.40684      0.09473
      8.74000      0.46466      0.37678      0.08788
      8.75000      0.48852      0.39586      0.09266
      8.76000      0.41872      0.33913      0.07959
      8.77000      0.42790      0.34601      0.08189
      8.78000      0.55560      0.44852      0.10709
      8.79000      0.66484      0.53640      0.12844
      8.80000      0.71665      0.57829      0.13836
      8.81000      0.80063      0.64564      0.15499
      8.82000      0.76210      0.61353      0.14857
      8.83000      0.46746      0.37541      0.09205
      8.84000      0.23593      0.18893      0.04700
      8.85000      0.25569      0.20461      0.05108
      8.86000      0.38066      0.30435      0.07631
      8.87000      0.40226      0.32099      0.08127
      8.88000      0.34365      0.27385      0.06980
      8.89000      0.30578      0.24359      0.06219
      8.90000      0.31832      0.25353      0.06479
      8.91000      0.30821      0.24522      0.06299
      8.92000      0.30448      0.24180      0.06267
      8.93000      0.30654      0.24331      0.06323
      8.94000      0.36029      0.28572      0.07457
      8.95000      0.49336      0.39055      0.10281
      8.96000      0.64562      0.51052      0.13510
      8.97000      0.63460      0.50184      0.13275
      8.98000      0.45140      0.35719      0.09421
      8.99000      0.31360      0.24815      0.06545
      9.00000      0.20297      0.16038      0.04259
      9.01000      0.19037      0.14979      0.04058
      9.02000      0.35107      0.27572      0.07535
      9.03000      0.38822      0.30471      0.08351
      9.04000      0.30377      0.23828      0.06550
      9.05000      0.34327      0.26914      0.07413
      9.06000      0.38531      0.30170      0.08360
      9.07000      0.39858      0.31169      0.08689
      9.08000      0.37609      0.29395      0.08214
      9.09000      0.34291      0.26759      0.07532
      9.10000      0.39222      0.30571      0.08651
      9.11000      0.43936      0.34230      0.09706
      9.12000      0.49682      0.38700      0.10982
      9.13000      0.48368      0.37682      0.10686
      9.14000      0.40231      0.31347      0.08884
      9.15000      0.45454      0.35377      0.10077
      9.16000      0.56086      0.43573      0.12513
      9.17000      0.50443      0.39104      0.11338
      9.18000      0.38570      0.29828      0.08742
      9.19000      0.30596      0.23632      0.06963
      9.20000      0.24730      0.19103      0.05627
      9.21000      0.21671      0.16718      0.04953
      9.22000      0.26671      0.20532      0.06139
      9.23000      0.22693      0.17452      0.05240
      9.24000      0.14282      0.10970      0.03312
      9.25000      0.26033      0.19978      0.06055
      9.26000      0.44539      0.34169      0.10370
      9.27000      0.41416      0.31747      0.09669
      9.28000      0.28093      0.21501      0.06592
      9.29000      0.36082      0.27590      0.08492
      9.30000      0.48066      0.36769      0.11296
      9.31000      0.35971      0.27529      0.08442
      9.32000      0.21263      0.16273      0.04990
      9.33000      0.22861      0.17484      0.05377
      9.34000      0.31582      0.24094      0.07488
      9.35000      0.42721      0.32504      0.10217
      9.36000      0.35746      0.27163      0.08583
      9.37000      0.17241      0.13096      0.04145
      9.38000      0.16516      0.12542      0.03973
      9.39000      0.26493      0.20087      0.06406
      9.40000      0.35418      0.26812      0.08606
      9.41000      0.37558      0.28415      0.09143
      9.42000      0.39320      0.29727      0.09594
      9.43000      0.37277      0.28141      0.09136
      9.44000      0.36149      0.27261      0.08888
      9.45000      0.31862      0.24025      0.07837
      9.46000      0.21790      0.16429      0.05361
      9.47000      0.26252      0.19781      0.06471
      9.48000      0.36173      0.27234      0.08940
      9.49000      0.41534      0.31254      0.10279
      9.50000      0.44944      0.33798      0.11146
      9.51000      0.51590      0.38757      0.12833
      9.52000      0.48680      0.36547      0.12133
      9.53000      0.37913      0.28408      0.09505
      9.54000      0.37346      0.27913      0.09433
      9.55000      0.25246      0.18854      0.06392
      9.56000      0.11585      0.08650      0.02935
      9.57000      0.16161      0.12060      0.04101
      9.58000      0.27666      0.20616      0.07050
      9.59000      0.32032      0.23841      0.08191
      9.60000      0.20592      0.15316      0.05276
      9.61000      0.13373      0.09923      0.03451
      9.62000      0.21696      0.16079      0.05617
      9.63000      0.35541      0.26347      0.09193
      9.64000      0.41245      0.30583      0.10662
      9.65000      0.28692      0.21264      0.07428
      9.66000      0.26126      0.19321      0.06805
      9.67000      0.37638      0.27825      0.09813
      9.68000      0.39011      0.28853      0.10158
      9.69000      0.32853      0.24298      0.08555
      9.70000      0.24729      0.18287      0.06442
      9.71000      0.14801      0.10933      0.03868
      9.72000      0.19157      0.14090      0.05066
      9.73000      0.37595      0.27631      0.09964
      9.74000      0.33780      0.24829      0.08952
      9.75000      0.13405      0.09852      0.03553
      9.76000      0.09770      0.07174      0.02597
      9.77000      0.20976      0.15384      0.05592
      9.78000      0.32401      0.23730      0.08671
      9.79000      0.35484      0.25968      0.09516
      9.80000      0.36884      0.26976      0.09907
      9.81000      0.40554      0.29631      0.10923
      9.82000      0.36839      0.26885      0.09954
      9.83000      0.34986      0.25519      0.09467
      9.84000      0.26846      0.19582      0.07264
      9.85000      0.20368      0.14857      0.05511
      9.86000      0.27454      0.20008      0.07446
      9.87000      0.41063      0.29898      0.11165
      9.88000      0.52006      0.37851      0.14155
      9.89000      0.49436      0.35962      0.13474
      9.90000      0.32533      0.23629      0.08903
      9.91000      0.17975      0.13026      0.04949
      9.92000      0.14231      0.10293      0.03937
      9.93000      0.28067      0.20286      0.07781
      9.94000      0.32822      0.23719      0.09103
      9.95000      0.16911      0.12219      0.04692
      9.96000      0.12007      0.08674      0.03333
      9.97000      0.18354      0.13249      0.05105
      9.98000      0.25543      0.18407      0.07137
      9.99000      0.29025      0.20897      0.08127
     10.00000      0.17783      0.12798      0.04985
     10.01000      0.14177      0.10183      0.03994
     10.02000      0.27492      0.19738      0.07754
     10.03000      0.37840      0.27162      0.10678
     10.04000      0.35801      0.25685      0.10116
     10.05000      0.27336      0.19605      0.07731
     10.06000      0.32593      0.23356      0.09237
     10.07000      0.45389      0.32502      0.12887
     10.08000      0.38835      0.27798      0.11038
     10.09000      0.23770      0.17008      0.06762
     10.10000      0.10896      0.07795      0.03102
     10.11000      0.03539      0.02528      0.01011
     10.12000      0.08820      0.06282      0.02538
     10.13000      0.28130      0.20027      0.08104
     10.14000      0.38151      0.27151      0.11000
     10.15000      0.23785      0.16922      0.06863
     10.16000      0.13517      0.09615      0.03902
     10.17000      0.15663      0.11139      0.04524
     10.18000      0.18902      0.13421      0.05482
     10.19000      0.33138      0.23497      0.09642
     10.20000      0.41711      0.29572      0.12139
     10.21000      0.35327      0.25029      0.10297
     10.22000      0.38394      0.27172      0.11223
     10.23000      0.41503      0.29353      0.12151
     10.24000      0.40698      0.28764      0.11933
     10.25000      0.42569      0.30083      0.12486
     10.26000      0.37782      0.26704      0.11078
     10.27000      0.27439      0.19381      0.08058
     10.28000      0.23890      0.16841      0.07048
     10.29000      0.24563      0.17303      0.07260
     10.30000      0.16869      0.11879      0.04990
     10.31000      0.11551      0.08117      0.03434
     10.32000      0.14600      0.10245      0.04356
     10.33000      0.14233      0.09983      0.04250
     10.34000      0.20996      0.14716      0.06280
     10.35000      0.33827      0.23700      0.10127
     10.36000      0.31157      0.21826      0.09331
     10.37000      0.21070      0.14763      0.06307
     10.38000      0.11591      0.08120      0.03471
     10.39000      0.11972      0.08365      0.03607
     10.40000      0.25739      0.17969      0.07770
     10.41000      0.29878      0.20858      0.09020
     10.42000      0.23657      0.16515      0.07142
     10.43000      0.22347      0.15583      0.06764
     10.44000      0.32545      0.22664      0.09881
     10.45000      0.44809      0.31193      0.13616
     10.46000      0.36753      0.25573      0.11179
     10.47000      0.17434      0.12120      0.05314
     10.48000      0.19125      0.13273      0.05853
     10.49000      0.35682      0.24759      0.10923
     10.50000      0.32461      0.22527      0.09934
     10.51000      0.13446      0.09332      0.04114
     10.52000      0.04077      0.02827      0.01250
     10.53000      0.08239      0.05705      0.02534
     10.54000      0.15951      0.11040      0.04910
     10.55000      0.21643      0.14957      0.06686
     10.56000      0.33817      0.23346      0.10471
     10.57000      0.35212      0.24312      0.10900
     10.58000      0.19765      0.13649      0.06115
     10.59000      0.14349      0.09901      0.04449
     10.60000      0.26690      0.18396      0.08294
     10.61000      0.41201      0.28376      0.12825
     10.62000      0.47434      0.32651      0.14783
     10.63000      0.49099      0.33782      0.15317
     10.64000      0.47155      0.32427      0.14728
     10.65000      0.33240      0.22834      0.10406
     10.66000      0.22172      0.15205      0.06967
     10.67000      0.18266      0.12512      0.05753
     10.68000      0.13469      0.09223      0.04246
     10.69000      0.14485      0.09915      0.04570
     10.70000      0.26358      0.18040      0.08317
     10.71000      0.22577      0.15452      0.07124
     10.72000      0.07469      0.05112      0.02358
     10.73000      0.03494      0.02384      0.01110
     10.74000      0.10600      0.07225      0.03375
     10.75000      0.19800      0.13496      0.06304
     10.76000      0.29445      0.20068      0.09377
     10.77000      0.40120      0.27335      0.12785
     10.78000      0.34137      0.23247      0.10890
     10.79000      0.16523      0.11245      0.05278
     10.80000      0.11747      0.07988      0.03759
     10.81000      0.25614      0.17411      0.08203
     10.82000      0.36192      0.24590      0.11602
     10.83000      0.30635      0.20799      0.09836
     10.84000      0.16273      0.11041      0.05232
     10.85000      0.08966      0.06075      0.02891
     10.86000      0.19776      0.13387      0.06389
     10.87000      0.29728      0.20117      0.09611
     10.88000      0.24471      0.16548      0.07923
     10.89000      0.20920      0.14133      0.06786
     10.90000      0.27971      0.18890      0.09081
     10.91000      0.40513      0.27354      0.13159
     10.92000      0.30613      0.20665      0.09948
     10.93000      0.14296      0.09646      0.04650
     10.94000      0.14037      0.09467      0.04571
     10.95000      0.12896      0.08695      0.04201
     10.96000      0.11351      0.07646      0.03705
     10.97000      0.19035      0.12809      0.06226
     10.98000      0.32936      0.22139      0.10797
     10.99000      0.47346      0.31810      0.15536
     11.00000      0.44364      0.29805      0.14559
     11.01000      0.38270      0.25704      0.12566
     11.02000      0.31761      0.21320      0.10441
     11.03000      0.20465      0.13725      0.06741
     11.04000      0.17855      0.11955      0.05901
     11.05000      0.21939      0.14679      0.07260
     11.06000      0.19777      0.13230      0.06547
     11.07000      0.14007      0.09363      0.04645
     11.08000      0.15631      0.10435      0.05195
     11.09000      0.20142      0.13440      0.06702
     11.10000      0.27914      0.18620      0.09294
     11.11000      0.32216      0.21488      0.10728
     11.12000      0.24414      0.16280      0.08134
     11.13000      0.11682      0.07788      0.03894
     11.14000      0.03210      0.02139      0.01071
     11.15000      0.04743      0.03155      0.01588
     11.16000      0.17805      0.11839      0.05967
     11.17000      0.34467      0.22906      0.11560
     11.18000      0.38275      0.25426      0.12848
     11.19000      0.35153      0.23342      0.11811
     11.20000      0.31296      0.20770      0.10526
     11.21000      0.21314      0.14134      0.07180
     11.22000      0.17576      0.11646      0.05930
     11.23000      0.16074      0.10649      0.05425
     11.24000      0.10248      0.06786      0.03463
     11.25000      0.12432      0.08218      0.04213
     11.26000      0.19890      0.13146      0.06744
     11.27000      0.20562      0.13589      0.06972
     11.28000      0.15429      0.10192      0.05237
     11.29000      0.17037      0.11238      0.05799
     11.30000      0.27200      0.17934      0.09266
     11.31000      0.34289      0.22601      0.11689
     11.32000      0.37108      0.24445      0.12663
     11.33000      0.41147      0.27094      0.14053
     11.34000      0.36505      0.24033      0.12472
     11.35000      0.23722      0.15612      0.08110
     11.36000      0.22228      0.14621      0.07607
     11.37000      0.27526      0.18096      0.09429
     11.38000      0.27692      0.18200      0.09492
     11.39000      0.17597      0.11558      0.06038
     11.40000      0.17124      0.11227      0.05897
     11.41000      0.27242      0.17849      0.09393
     11.42000      0.28588      0.18727      0.09861
     11.43000      0.20568      0.13472      0.07096
     11.44000      0.09221      0.06039      0.03182
     11.45000      0.05374      0.03513      0.01861
     11.46000      0.15452      0.10093      0.05359
     11.47000      0.26160      0.17087      0.09073
     11.48000      0.19492      0.12731      0.06762
     11.49000      0.13948      0.09102      0.04846
     11.50000      0.24464      0.15954      0.08511
     11.51000      0.28654      0.18678      0.09976
     11.52000      0.27333      0.17803      0.09530
     11.53000      0.31545      0.20538      0.11007
     11.54000      0.27354      0.17807      0.09546
     11.55000      0.20477      0.13329      0.07149
     11.56000      0.14253      0.09274      0.04979
     11.57000      0.11863      0.07711      0.04152
     11.58000      0.18368      0.11927      0.06441
     11.59000      0.24863      0.16136      0.08727
     11.60000      0.22806      0.14793      0.08013
     11.61000      0.21496      0.13936      0.07561
     11.62000      0.23499      0.15228      0.08272
     11.63000      0.22810      0.14776      0.08034
     11.64000      0.14110      0.09137      0.04973
     11.65000      0.08267      0.05349      0.02919
     11.66000      0.16703      0.10799      0.05904
     11.67000      0.25898      0.16738      0.09159
     11.68000      0.21418      0.13838      0.07580
     11.69000      0.17644      0.11394      0.06250
     11.70000      0.20085      0.12962      0.07122
     11.71000      0.29360      0.18933      0.10427
     11.72000      0.45172      0.29116      0.16056
     11.73000      0.60024      0.38674      0.21350
     11.74000      0.58310      0.37559      0.20751
     11.75000      0.34442      0.22178      0.12264
     11.76000      0.11660      0.07506      0.04154
     11.77000      0.01951      0.01255      0.00695
     11.78000      0.00167      0.00107      0.00060
     11.79000      0.00657      0.00421      0.00236
     11.80000      0.05668      0.03635      0.02033
     11.81000      0.20214      0.12964      0.07250
     11.82000      0.32851      0.21065      0.11785
     11.83000      0.28174      0.18061      0.10113
     11.84000      0.13321      0.08537      0.04784
     11.85000      0.03818      0.02445      0.01373
     11.86000      0.08028      0.05134      0.02895
     11.87000      0.28181      0.18019      0.10162
     11.88000      0.39918      0.25524      0.14394
     11.89000      0.23419      0.14973      0.08445
     11.90000      0.13348      0.08526      0.04822
     11.91000      0.25413      0.16220      0.09193
     11.92000      0.36219      0.23109      0.13110
     11.93000      0.32953      0.21016      0.11937
     11.94000      0.22840      0.14560      0.08281
     11.95000      0.10673      0.06801      0.03872
     11.96000      0.06804      0.04332      0.02472
     11.97000      0.12692      0.08078      0.04614
     11.98000      0.13213      0.08408      0.04805
     11.99000      0.12748      0.08103      0.04644
     12.00000      0.26676      0.16947      0.09729
     12.01000      0.37455      0.23792      0.13662
     12.02000      0.25158      0.15979      0.09178
     12.03000      0.14413      0.09147      0.05266
     12.04000      0.20478      0.12988      0.07490
     12.05000      0.21467      0.13612      0.07854
     12.06000      0.22102      0.14006      0.08096
     12.07000      0.33683      0.21333      0.12350
     12.08000      0.41101      0.26024      0.15076
     12.09000      0.30479      0.19296      0.11183
     12.10000      0.15518      0.09818      0.05699
     12.11000      0.19928      0.12593      0.07335
     12.12000      0.29953      0.18922      0.11030
     12.13000      0.27567      0.17408      0.10160
     12.14000      0.28639      0.18074      0.10565
     12.15000      0.21849      0.13787      0.08062
     12.16000      0.07331      0.04626      0.02705
     12.17000      0.01402      0.00884      0.00518
     12.18000      0.04032      0.02538      0.01493
     12.19000      0.14867      0.09360      0.05507
     12.20000      0.24457      0.15395      0.09062
     12.21000      0.19857      0.12496      0.07361
     12.22000      0.14191      0.08923      0.05268
     12.23000      0.20738      0.13031      0.07707
     12.24000      0.26137      0.16421      0.09716
     12.25000      0.27382      0.17196      0.10185
     12.26000      0.31666      0.19877      0.11789
     12.27000      0.26971      0.16924      0.10047
     12.28000      0.12676      0.07952      0.04724
     12.29000      0.06710      0.04205      0.02505
     12.30000      0.16261      0.10184      0.06078
     12.31000      0.26200      0.16405      0.09795
     12.32000      0.21843      0.13672      0.08171
     12.33000      0.20354      0.12731      0.07623
     12.34000      0.24841      0.15533      0.09308
     12.35000      0.18444      0.11533      0.06912
     12.36000      0.09581      0.05988      0.03593
     12.37000      0.13958      0.08715      0.05243
     12.38000      0.26682      0.16652      0.10030
     12.39000      0.40426      0.25221      0.15205
     12.40000      0.41165      0.25676      0.15488
