cpu-bind=MASK - n2lcn0104, task  0  0 [2524574]: mask |BBBBBBBB|BBBBBBBB||BBBBBBBB|BBBBBBBB||BBBBBBBB|BBBBBBBB||BBBBBBBB|BBBBBBBB||||BBBBBBBB|BBBBBBBB||BBBBBBBB|BBBBBBBB||BBBBBBBB|BBBBBBBB||BBBBBBBB|BBBBBBBB|  set
The following modules were not unloaded:
  (Use "module --force purge" to unload all):

  1) pc2fs   2) slurm/24.11.5-1   3) DefaultModules
cpu-bind=MASK - n2lcn0104, task  0  0 [2525040]: mask |BB------|--------||--------|--------||--------|--------||--------|--------||||--------|--------||--------|--------||--------|--------||--------|--------|  set
cpu-bind=MASK - n2lcn0104, task  1  1 [2525041]: mask |--BB----|--------||--------|--------||--------|--------||--------|--------||||--------|--------||--------|--------||--------|--------||--------|--------|  set
cpu-bind=MASK - n2lcn0104, task  2  2 [2525042]: mask |----BB--|--------||--------|--------||--------|--------||--------|--------||||--------|--------||--------|--------||--------|--------||--------|--------|  set
cpu-bind=MASK - n2lcn0104, task  3  3 [2525043]: mask |------BB|--------||--------|--------||--------|--------||--------|--------||||--------|--------||--------|--------||--------|--------||--------|--------|  set
cpu-bind=MASK - n2lcn0104, task  4  4 [2525044]: mask |--------|BB------||--------|--------||--------|--------||--------|--------||||--------|--------||--------|--------||--------|--------||--------|--------|  set
cpu-bind=MASK - n2lcn0104, task  5  5 [2525045]: mask |--------|--BB----||--------|--------||--------|--------||--------|--------||||--------|--------||--------|--------||--------|--------||--------|--------|  set
cpu-bind=MASK - n2lcn0104, task  6  6 [2525046]: mask |--------|----BB--||--------|--------||--------|--------||--------|--------||||--------|--------||--------|--------||--------|--------||--------|--------|  set
cpu-bind=MASK - n2lcn0104, task  7  7 [2525047]: mask |--------|------BB||--------|--------||--------|--------||--------|--------||||--------|--------||--------|--------||--------|--------||--------|--------|  set
cpu-bind=MASK - n2lcn0104, task  8  8 [2525048]: mask |--------|--------||BB------|--------||--------|--------||--------|--------||||--------|--------||--------|--------||--------|--------||--------|--------|  set
cpu-bind=MASK - n2lcn0104, task  9  9 [2525049]: mask |--------|--------||--BB----|--------||--------|--------||--------|--------||||--------|--------||--------|--------||--------|--------||--------|--------|  set
cpu-bind=MASK - n2lcn0104, task 10 10 [2525050]: mask |--------|--------||----BB--|--------||--------|--------||--------|--------||||--------|--------||--------|--------||--------|--------||--------|--------|  set
cpu-bind=MASK - n2lcn0104, task 11 11 [2525051]: mask |--------|--------||------BB|--------||--------|--------||--------|--------||||--------|--------||--------|--------||--------|--------||--------|--------|  set
cpu-bind=MASK - n2lcn0104, task 12 12 [2525052]: mask |--------|--------||--------|BB------||--------|--------||--------|--------||||--------|--------||--------|--------||--------|--------||--------|--------|  set
cpu-bind=MASK - n2lcn0104, task 13 13 [2525053]: mask |--------|--------||--------|--BB----||--------|--------||--------|--------||||--------|--------||--------|--------||--------|--------||--------|--------|  set
cpu-bind=MASK - n2lcn0104, task 14 14 [2525054]: mask |--------|--------||--------|----BB--||--------|--------||--------|--------||||--------|--------||--------|--------||--------|--------||--------|--------|  set
cpu-bind=MASK - n2lcn0104, task 15 15 [2525055]: mask |--------|--------||--------|------BB||--------|--------||--------|--------||||--------|--------||--------|--------||--------|--------||--------|--------|  set
cpu-bind=MASK - n2lcn0104, task 16 16 [2525056]: mask |--------|--------||--------|--------||BB------|--------||--------|--------||||--------|--------||--------|--------||--------|--------||--------|--------|  set
cpu-bind=MASK - n2lcn0104, task 17 17 [2525057]: mask |--------|--------||--------|--------||--BB----|--------||--------|--------||||--------|--------||--------|--------||--------|--------||--------|--------|  set
cpu-bind=MASK - n2lcn0104, task 18 18 [2525058]: mask |--------|--------||--------|--------||----BB--|--------||--------|--------||||--------|--------||--------|--------||--------|--------||--------|--------|  set
cpu-bind=MASK - n2lcn0104, task 19 19 [2525059]: mask |--------|--------||--------|--------||------BB|--------||--------|--------||||--------|--------||--------|--------||--------|--------||--------|--------|  set
cpu-bind=MASK - n2lcn0104, task 20 20 [2525060]: mask |--------|--------||--------|--------||--------|BB------||--------|--------||||--------|--------||--------|--------||--------|--------||--------|--------|  set
cpu-bind=MASK - n2lcn0104, task 21 21 [2525061]: mask |--------|--------||--------|--------||--------|--BB----||--------|--------||||--------|--------||--------|--------||--------|--------||--------|--------|  set
cpu-bind=MASK - n2lcn0104, task 22 22 [2525062]: mask |--------|--------||--------|--------||--------|----BB--||--------|--------||||--------|--------||--------|--------||--------|--------||--------|--------|  set
cpu-bind=MASK - n2lcn0104, task 23 23 [2525063]: mask |--------|--------||--------|--------||--------|------BB||--------|--------||||--------|--------||--------|--------||--------|--------||--------|--------|  set
cpu-bind=MASK - n2lcn0104, task 24 24 [2525064]: mask |--------|--------||--------|--------||--------|--------||BB------|--------||||--------|--------||--------|--------||--------|--------||--------|--------|  set
cpu-bind=MASK - n2lcn0104, task 25 25 [2525065]: mask |--------|--------||--------|--------||--------|--------||--BB----|--------||||--------|--------||--------|--------||--------|--------||--------|--------|  set
cpu-bind=MASK - n2lcn0104, task 26 26 [2525066]: mask |--------|--------||--------|--------||--------|--------||----BB--|--------||||--------|--------||--------|--------||--------|--------||--------|--------|  set
cpu-bind=MASK - n2lcn0104, task 27 27 [2525067]: mask |--------|--------||--------|--------||--------|--------||------BB|--------||||--------|--------||--------|--------||--------|--------||--------|--------|  set
cpu-bind=MASK - n2lcn0104, task 28 28 [2525068]: mask |--------|--------||--------|--------||--------|--------||--------|BB------||||--------|--------||--------|--------||--------|--------||--------|--------|  set
cpu-bind=MASK - n2lcn0104, task 29 29 [2525069]: mask |--------|--------||--------|--------||--------|--------||--------|--BB----||||--------|--------||--------|--------||--------|--------||--------|--------|  set
cpu-bind=MASK - n2lcn0104, task 30 30 [2525070]: mask |--------|--------||--------|--------||--------|--------||--------|----BB--||||--------|--------||--------|--------||--------|--------||--------|--------|  set
cpu-bind=MASK - n2lcn0104, task 31 31 [2525071]: mask |--------|--------||--------|--------||--------|--------||--------|------BB||||--------|--------||--------|--------||--------|--------||--------|--------|  set
cpu-bind=MASK - n2lcn0104, task 32 32 [2525072]: mask |--------|--------||--------|--------||--------|--------||--------|--------||||BB------|--------||--------|--------||--------|--------||--------|--------|  set
cpu-bind=MASK - n2lcn0104, task 33 33 [2525073]: mask |--------|--------||--------|--------||--------|--------||--------|--------||||--BB----|--------||--------|--------||--------|--------||--------|--------|  set
cpu-bind=MASK - n2lcn0104, task 34 34 [2525074]: mask |--------|--------||--------|--------||--------|--------||--------|--------||||----BB--|--------||--------|--------||--------|--------||--------|--------|  set
cpu-bind=MASK - n2lcn0104, task 35 35 [2525075]: mask |--------|--------||--------|--------||--------|--------||--------|--------||||------BB|--------||--------|--------||--------|--------||--------|--------|  set
cpu-bind=MASK - n2lcn0104, task 36 36 [2525076]: mask |--------|--------||--------|--------||--------|--------||--------|--------||||--------|BB------||--------|--------||--------|--------||--------|--------|  set
cpu-bind=MASK - n2lcn0104, task 37 37 [2525077]: mask |--------|--------||--------|--------||--------|--------||--------|--------||||--------|--BB----||--------|--------||--------|--------||--------|--------|  set
cpu-bind=MASK - n2lcn0104, task 38 38 [2525078]: mask |--------|--------||--------|--------||--------|--------||--------|--------||||--------|----BB--||--------|--------||--------|--------||--------|--------|  set
cpu-bind=MASK - n2lcn0104, task 39 39 [2525079]: mask |--------|--------||--------|--------||--------|--------||--------|--------||||--------|------BB||--------|--------||--------|--------||--------|--------|  set
cpu-bind=MASK - n2lcn0104, task 40 40 [2525080]: mask |--------|--------||--------|--------||--------|--------||--------|--------||||--------|--------||BB------|--------||--------|--------||--------|--------|  set
cpu-bind=MASK - n2lcn0104, task 41 41 [2525081]: mask |--------|--------||--------|--------||--------|--------||--------|--------||||--------|--------||--BB----|--------||--------|--------||--------|--------|  set
cpu-bind=MASK - n2lcn0104, task 42 42 [2525082]: mask |--------|--------||--------|--------||--------|--------||--------|--------||||--------|--------||----BB--|--------||--------|--------||--------|--------|  set
cpu-bind=MASK - n2lcn0104, task 43 43 [2525083]: mask |--------|--------||--------|--------||--------|--------||--------|--------||||--------|--------||------BB|--------||--------|--------||--------|--------|  set
cpu-bind=MASK - n2lcn0104, task 44 44 [2525084]: mask |--------|--------||--------|--------||--------|--------||--------|--------||||--------|--------||--------|BB------||--------|--------||--------|--------|  set
cpu-bind=MASK - n2lcn0104, task 45 45 [2525085]: mask |--------|--------||--------|--------||--------|--------||--------|--------||||--------|--------||--------|--BB----||--------|--------||--------|--------|  set
cpu-bind=MASK - n2lcn0104, task 46 46 [2525086]: mask |--------|--------||--------|--------||--------|--------||--------|--------||||--------|--------||--------|----BB--||--------|--------||--------|--------|  set
cpu-bind=MASK - n2lcn0104, task 47 47 [2525087]: mask |--------|--------||--------|--------||--------|--------||--------|--------||||--------|--------||--------|------BB||--------|--------||--------|--------|  set
cpu-bind=MASK - n2lcn0104, task 48 48 [2525088]: mask |--------|--------||--------|--------||--------|--------||--------|--------||||--------|--------||--------|--------||BB------|--------||--------|--------|  set
cpu-bind=MASK - n2lcn0104, task 49 49 [2525089]: mask |--------|--------||--------|--------||--------|--------||--------|--------||||--------|--------||--------|--------||--BB----|--------||--------|--------|  set
cpu-bind=MASK - n2lcn0104, task 50 50 [2525090]: mask |--------|--------||--------|--------||--------|--------||--------|--------||||--------|--------||--------|--------||----BB--|--------||--------|--------|  set
cpu-bind=MASK - n2lcn0104, task 51 51 [2525091]: mask |--------|--------||--------|--------||--------|--------||--------|--------||||--------|--------||--------|--------||------BB|--------||--------|--------|  set
cpu-bind=MASK - n2lcn0104, task 52 52 [2525092]: mask |--------|--------||--------|--------||--------|--------||--------|--------||||--------|--------||--------|--------||--------|BB------||--------|--------|  set
cpu-bind=MASK - n2lcn0104, task 53 53 [2525093]: mask |--------|--------||--------|--------||--------|--------||--------|--------||||--------|--------||--------|--------||--------|--BB----||--------|--------|  set
cpu-bind=MASK - n2lcn0104, task 54 54 [2525094]: mask |--------|--------||--------|--------||--------|--------||--------|--------||||--------|--------||--------|--------||--------|----BB--||--------|--------|  set
cpu-bind=MASK - n2lcn0104, task 55 55 [2525095]: mask |--------|--------||--------|--------||--------|--------||--------|--------||||--------|--------||--------|--------||--------|------BB||--------|--------|  set
cpu-bind=MASK - n2lcn0104, task 56 56 [2525096]: mask |--------|--------||--------|--------||--------|--------||--------|--------||||--------|--------||--------|--------||--------|--------||BB------|--------|  set
cpu-bind=MASK - n2lcn0104, task 57 57 [2525097]: mask |--------|--------||--------|--------||--------|--------||--------|--------||||--------|--------||--------|--------||--------|--------||--BB----|--------|  set
cpu-bind=MASK - n2lcn0104, task 58 58 [2525098]: mask |--------|--------||--------|--------||--------|--------||--------|--------||||--------|--------||--------|--------||--------|--------||----BB--|--------|  set
cpu-bind=MASK - n2lcn0104, task 59 59 [2525099]: mask |--------|--------||--------|--------||--------|--------||--------|--------||||--------|--------||--------|--------||--------|--------||------BB|--------|  set
cpu-bind=MASK - n2lcn0104, task 60 60 [2525100]: mask |--------|--------||--------|--------||--------|--------||--------|--------||||--------|--------||--------|--------||--------|--------||--------|BB------|  set
cpu-bind=MASK - n2lcn0104, task 61 61 [2525101]: mask |--------|--------||--------|--------||--------|--------||--------|--------||||--------|--------||--------|--------||--------|--------||--------|--BB----|  set
cpu-bind=MASK - n2lcn0104, task 62 62 [2525102]: mask |--------|--------||--------|--------||--------|--------||--------|--------||||--------|--------||--------|--------||--------|--------||--------|----BB--|  set
cpu-bind=MASK - n2lcn0104, task 63 63 [2525103]: mask |--------|--------||--------|--------||--------|--------||--------|--------||||--------|--------||--------|--------||--------|--------||--------|------BB|  set
cpu-bind=MASK - n2lcn0107, task 128  0 [3809637]: mask |BB------|--------||--------|--------||--------|--------||--------|--------||||--------|--------||--------|--------||--------|--------||--------|--------|  set
cpu-bind=MASK - n2lcn0107, task 129  1 [3809638]: mask |--BB----|--------||--------|--------||--------|--------||--------|--------||||--------|--------||--------|--------||--------|--------||--------|--------|  set
cpu-bind=MASK - n2lcn0107, task 130  2 [3809639]: mask |----BB--|--------||--------|--------||--------|--------||--------|--------||||--------|--------||--------|--------||--------|--------||--------|--------|  set
cpu-bind=MASK - n2lcn0107, task 131  3 [3809640]: mask |------BB|--------||--------|--------||--------|--------||--------|--------||||--------|--------||--------|--------||--------|--------||--------|--------|  set
cpu-bind=MASK - n2lcn0107, task 132  4 [3809641]: mask |--------|BB------||--------|--------||--------|--------||--------|--------||||--------|--------||--------|--------||--------|--------||--------|--------|  set
cpu-bind=MASK - n2lcn0107, task 133  5 [3809642]: mask |--------|--BB----||--------|--------||--------|--------||--------|--------||||--------|--------||--------|--------||--------|--------||--------|--------|  set
cpu-bind=MASK - n2lcn0107, task 134  6 [3809643]: mask |--------|----BB--||--------|--------||--------|--------||--------|--------||||--------|--------||--------|--------||--------|--------||--------|--------|  set
cpu-bind=MASK - n2lcn0107, task 135  7 [3809644]: mask |--------|------BB||--------|--------||--------|--------||--------|--------||||--------|--------||--------|--------||--------|--------||--------|--------|  set
cpu-bind=MASK - n2lcn0107, task 136  8 [3809645]: mask |--------|--------||BB------|--------||--------|--------||--------|--------||||--------|--------||--------|--------||--------|--------||--------|--------|  set
cpu-bind=MASK - n2lcn0107, task 137  9 [3809646]: mask |--------|--------||--BB----|--------||--------|--------||--------|--------||||--------|--------||--------|--------||--------|--------||--------|--------|  set
cpu-bind=MASK - n2lcn0107, task 138 10 [3809647]: mask |--------|--------||----BB--|--------||--------|--------||--------|--------||||--------|--------||--------|--------||--------|--------||--------|--------|  set
cpu-bind=MASK - n2lcn0107, task 139 11 [3809648]: mask |--------|--------||------BB|--------||--------|--------||--------|--------||||--------|--------||--------|--------||--------|--------||--------|--------|  set
cpu-bind=MASK - n2lcn0107, task 140 12 [3809649]: mask |--------|--------||--------|BB------||--------|--------||--------|--------||||--------|--------||--------|--------||--------|--------||--------|--------|  set
cpu-bind=MASK - n2lcn0107, task 141 13 [3809650]: mask |--------|--------||--------|--BB----||--------|--------||--------|--------||||--------|--------||--------|--------||--------|--------||--------|--------|  set
cpu-bind=MASK - n2lcn0107, task 142 14 [3809651]: mask |--------|--------||--------|----BB--||--------|--------||--------|--------||||--------|--------||--------|--------||--------|--------||--------|--------|  set
cpu-bind=MASK - n2lcn0107, task 143 15 [3809652]: mask |--------|--------||--------|------BB||--------|--------||--------|--------||||--------|--------||--------|--------||--------|--------||--------|--------|  set
cpu-bind=MASK - n2lcn0107, task 144 16 [3809653]: mask |--------|--------||--------|--------||BB------|--------||--------|--------||||--------|--------||--------|--------||--------|--------||--------|--------|  set
cpu-bind=MASK - n2lcn0107, task 145 17 [3809654]: mask |--------|--------||--------|--------||--BB----|--------||--------|--------||||--------|--------||--------|--------||--------|--------||--------|--------|  set
cpu-bind=MASK - n2lcn0107, task 146 18 [3809655]: mask |--------|--------||--------|--------||----BB--|--------||--------|--------||||--------|--------||--------|--------||--------|--------||--------|--------|  set
cpu-bind=MASK - n2lcn0107, task 147 19 [3809656]: mask |--------|--------||--------|--------||------BB|--------||--------|--------||||--------|--------||--------|--------||--------|--------||--------|--------|  set
cpu-bind=MASK - n2lcn0107, task 148 20 [3809657]: mask |--------|--------||--------|--------||--------|BB------||--------|--------||||--------|--------||--------|--------||--------|--------||--------|--------|  set
cpu-bind=MASK - n2lcn0107, task 149 21 [3809658]: mask |--------|--------||--------|--------||--------|--BB----||--------|--------||||--------|--------||--------|--------||--------|--------||--------|--------|  set
cpu-bind=MASK - n2lcn0107, task 150 22 [3809659]: mask |--------|--------||--------|--------||--------|----BB--||--------|--------||||--------|--------||--------|--------||--------|--------||--------|--------|  set
cpu-bind=MASK - n2lcn0107, task 151 23 [3809660]: mask |--------|--------||--------|--------||--------|------BB||--------|--------||||--------|--------||--------|--------||--------|--------||--------|--------|  set
cpu-bind=MASK - n2lcn0107, task 152 24 [3809661]: mask |--------|--------||--------|--------||--------|--------||BB------|--------||||--------|--------||--------|--------||--------|--------||--------|--------|  set
cpu-bind=MASK - n2lcn0107, task 153 25 [3809662]: mask |--------|--------||--------|--------||--------|--------||--BB----|--------||||--------|--------||--------|--------||--------|--------||--------|--------|  set
cpu-bind=MASK - n2lcn0107, task 154 26 [3809663]: mask |--------|--------||--------|--------||--------|--------||----BB--|--------||||--------|--------||--------|--------||--------|--------||--------|--------|  set
cpu-bind=MASK - n2lcn0107, task 155 27 [3809664]: mask |--------|--------||--------|--------||--------|--------||------BB|--------||||--------|--------||--------|--------||--------|--------||--------|--------|  set
cpu-bind=MASK - n2lcn0107, task 156 28 [3809665]: mask |--------|--------||--------|--------||--------|--------||--------|BB------||||--------|--------||--------|--------||--------|--------||--------|--------|  set
cpu-bind=MASK - n2lcn0107, task 157 29 [3809666]: mask |--------|--------||--------|--------||--------|--------||--------|--BB----||||--------|--------||--------|--------||--------|--------||--------|--------|  set
cpu-bind=MASK - n2lcn0107, task 158 30 [3809667]: mask |--------|--------||--------|--------||--------|--------||--------|----BB--||||--------|--------||--------|--------||--------|--------||--------|--------|  set
cpu-bind=MASK - n2lcn0107, task 159 31 [3809668]: mask |--------|--------||--------|--------||--------|--------||--------|------BB||||--------|--------||--------|--------||--------|--------||--------|--------|  set
cpu-bind=MASK - n2lcn0107, task 160 32 [3809669]: mask |--------|--------||--------|--------||--------|--------||--------|--------||||BB------|--------||--------|--------||--------|--------||--------|--------|  set
cpu-bind=MASK - n2lcn0107, task 161 33 [3809670]: mask |--------|--------||--------|--------||--------|--------||--------|--------||||--BB----|--------||--------|--------||--------|--------||--------|--------|  set
cpu-bind=MASK - n2lcn0107, task 162 34 [3809671]: mask |--------|--------||--------|--------||--------|--------||--------|--------||||----BB--|--------||--------|--------||--------|--------||--------|--------|  set
cpu-bind=MASK - n2lcn0107, task 163 35 [3809672]: mask |--------|--------||--------|--------||--------|--------||--------|--------||||------BB|--------||--------|--------||--------|--------||--------|--------|  set
cpu-bind=MASK - n2lcn0107, task 164 36 [3809673]: mask |--------|--------||--------|--------||--------|--------||--------|--------||||--------|BB------||--------|--------||--------|--------||--------|--------|  set
cpu-bind=MASK - n2lcn0107, task 165 37 [3809674]: mask |--------|--------||--------|--------||--------|--------||--------|--------||||--------|--BB----||--------|--------||--------|--------||--------|--------|  set
cpu-bind=MASK - n2lcn0107, task 166 38 [3809675]: mask |--------|--------||--------|--------||--------|--------||--------|--------||||--------|----BB--||--------|--------||--------|--------||--------|--------|  set
cpu-bind=MASK - n2lcn0107, task 167 39 [3809676]: mask |--------|--------||--------|--------||--------|--------||--------|--------||||--------|------BB||--------|--------||--------|--------||--------|--------|  set
cpu-bind=MASK - n2lcn0107, task 168 40 [3809677]: mask |--------|--------||--------|--------||--------|--------||--------|--------||||--------|--------||BB------|--------||--------|--------||--------|--------|  set
cpu-bind=MASK - n2lcn0107, task 169 41 [3809678]: mask |--------|--------||--------|--------||--------|--------||--------|--------||||--------|--------||--BB----|--------||--------|--------||--------|--------|  set
cpu-bind=MASK - n2lcn0107, task 170 42 [3809679]: mask |--------|--------||--------|--------||--------|--------||--------|--------||||--------|--------||----BB--|--------||--------|--------||--------|--------|  set
cpu-bind=MASK - n2lcn0107, task 171 43 [3809680]: mask |--------|--------||--------|--------||--------|--------||--------|--------||||--------|--------||------BB|--------||--------|--------||--------|--------|  set
cpu-bind=MASK - n2lcn0107, task 172 44 [3809681]: mask |--------|--------||--------|--------||--------|--------||--------|--------||||--------|--------||--------|BB------||--------|--------||--------|--------|  set
cpu-bind=MASK - n2lcn0107, task 173 45 [3809682]: mask |--------|--------||--------|--------||--------|--------||--------|--------||||--------|--------||--------|--BB----||--------|--------||--------|--------|  set
cpu-bind=MASK - n2lcn0107, task 174 46 [3809683]: mask |--------|--------||--------|--------||--------|--------||--------|--------||||--------|--------||--------|----BB--||--------|--------||--------|--------|  set
cpu-bind=MASK - n2lcn0107, task 175 47 [3809684]: mask |--------|--------||--------|--------||--------|--------||--------|--------||||--------|--------||--------|------BB||--------|--------||--------|--------|  set
cpu-bind=MASK - n2lcn0107, task 176 48 [3809685]: mask |--------|--------||--------|--------||--------|--------||--------|--------||||--------|--------||--------|--------||BB------|--------||--------|--------|  set
cpu-bind=MASK - n2lcn0107, task 177 49 [3809686]: mask |--------|--------||--------|--------||--------|--------||--------|--------||||--------|--------||--------|--------||--BB----|--------||--------|--------|  set
cpu-bind=MASK - n2lcn0107, task 178 50 [3809687]: mask |--------|--------||--------|--------||--------|--------||--------|--------||||--------|--------||--------|--------||----BB--|--------||--------|--------|  set
cpu-bind=MASK - n2lcn0107, task 179 51 [3809688]: mask |--------|--------||--------|--------||--------|--------||--------|--------||||--------|--------||--------|--------||------BB|--------||--------|--------|  set
cpu-bind=MASK - n2lcn0107, task 180 52 [3809689]: mask |--------|--------||--------|--------||--------|--------||--------|--------||||--------|--------||--------|--------||--------|BB------||--------|--------|  set
cpu-bind=MASK - n2lcn0107, task 181 53 [3809690]: mask |--------|--------||--------|--------||--------|--------||--------|--------||||--------|--------||--------|--------||--------|--BB----||--------|--------|  set
cpu-bind=MASK - n2lcn0107, task 182 54 [3809691]: mask |--------|--------||--------|--------||--------|--------||--------|--------||||--------|--------||--------|--------||--------|----BB--||--------|--------|  set
cpu-bind=MASK - n2lcn0107, task 183 55 [3809692]: mask |--------|--------||--------|--------||--------|--------||--------|--------||||--------|--------||--------|--------||--------|------BB||--------|--------|  set
cpu-bind=MASK - n2lcn0107, task 184 56 [3809693]: mask |--------|--------||--------|--------||--------|--------||--------|--------||||--------|--------||--------|--------||--------|--------||BB------|--------|  set
cpu-bind=MASK - n2lcn0107, task 185 57 [3809694]: mask |--------|--------||--------|--------||--------|--------||--------|--------||||--------|--------||--------|--------||--------|--------||--BB----|--------|  set
cpu-bind=MASK - n2lcn0107, task 186 58 [3809695]: mask |--------|--------||--------|--------||--------|--------||--------|--------||||--------|--------||--------|--------||--------|--------||----BB--|--------|  set
cpu-bind=MASK - n2lcn0107, task 187 59 [3809696]: mask |--------|--------||--------|--------||--------|--------||--------|--------||||--------|--------||--------|--------||--------|--------||------BB|--------|  set
cpu-bind=MASK - n2lcn0107, task 188 60 [3809697]: mask |--------|--------||--------|--------||--------|--------||--------|--------||||--------|--------||--------|--------||--------|--------||--------|BB------|  set
cpu-bind=MASK - n2lcn0107, task 189 61 [3809698]: mask |--------|--------||--------|--------||--------|--------||--------|--------||||--------|--------||--------|--------||--------|--------||--------|--BB----|  set
cpu-bind=MASK - n2lcn0107, task 190 62 [3809699]: mask |--------|--------||--------|--------||--------|--------||--------|--------||||--------|--------||--------|--------||--------|--------||--------|----BB--|  set
cpu-bind=MASK - n2lcn0107, task 191 63 [3809700]: mask |--------|--------||--------|--------||--------|--------||--------|--------||||--------|--------||--------|--------||--------|--------||--------|------BB|  set
cpu-bind=MASK - n2lcn0105, task 64  0 [4156202]: mask |BB------|--------||--------|--------||--------|--------||--------|--------||||--------|--------||--------|--------||--------|--------||--------|--------|  set
cpu-bind=MASK - n2lcn0105, task 65  1 [4156203]: mask |--BB----|--------||--------|--------||--------|--------||--------|--------||||--------|--------||--------|--------||--------|--------||--------|--------|  set
cpu-bind=MASK - n2lcn0105, task 66  2 [4156204]: mask |----BB--|--------||--------|--------||--------|--------||--------|--------||||--------|--------||--------|--------||--------|--------||--------|--------|  set
cpu-bind=MASK - n2lcn0105, task 67  3 [4156205]: mask |------BB|--------||--------|--------||--------|--------||--------|--------||||--------|--------||--------|--------||--------|--------||--------|--------|  set
cpu-bind=MASK - n2lcn0105, task 68  4 [4156206]: mask |--------|BB------||--------|--------||--------|--------||--------|--------||||--------|--------||--------|--------||--------|--------||--------|--------|  set
cpu-bind=MASK - n2lcn0105, task 69  5 [4156207]: mask |--------|--BB----||--------|--------||--------|--------||--------|--------||||--------|--------||--------|--------||--------|--------||--------|--------|  set
cpu-bind=MASK - n2lcn0105, task 70  6 [4156208]: mask |--------|----BB--||--------|--------||--------|--------||--------|--------||||--------|--------||--------|--------||--------|--------||--------|--------|  set
cpu-bind=MASK - n2lcn0105, task 71  7 [4156209]: mask |--------|------BB||--------|--------||--------|--------||--------|--------||||--------|--------||--------|--------||--------|--------||--------|--------|  set
cpu-bind=MASK - n2lcn0105, task 72  8 [4156210]: mask |--------|--------||BB------|--------||--------|--------||--------|--------||||--------|--------||--------|--------||--------|--------||--------|--------|  set
cpu-bind=MASK - n2lcn0105, task 73  9 [4156211]: mask |--------|--------||--BB----|--------||--------|--------||--------|--------||||--------|--------||--------|--------||--------|--------||--------|--------|  set
cpu-bind=MASK - n2lcn0105, task 74 10 [4156212]: mask |--------|--------||----BB--|--------||--------|--------||--------|--------||||--------|--------||--------|--------||--------|--------||--------|--------|  set
cpu-bind=MASK - n2lcn0105, task 75 11 [4156213]: mask |--------|--------||------BB|--------||--------|--------||--------|--------||||--------|--------||--------|--------||--------|--------||--------|--------|  set
cpu-bind=MASK - n2lcn0105, task 76 12 [4156214]: mask |--------|--------||--------|BB------||--------|--------||--------|--------||||--------|--------||--------|--------||--------|--------||--------|--------|  set
cpu-bind=MASK - n2lcn0105, task 77 13 [4156215]: mask |--------|--------||--------|--BB----||--------|--------||--------|--------||||--------|--------||--------|--------||--------|--------||--------|--------|  set
cpu-bind=MASK - n2lcn0105, task 78 14 [4156216]: mask |--------|--------||--------|----BB--||--------|--------||--------|--------||||--------|--------||--------|--------||--------|--------||--------|--------|  set
cpu-bind=MASK - n2lcn0105, task 79 15 [4156217]: mask |--------|--------||--------|------BB||--------|--------||--------|--------||||--------|--------||--------|--------||--------|--------||--------|--------|  set
cpu-bind=MASK - n2lcn0105, task 80 16 [4156218]: mask |--------|--------||--------|--------||BB------|--------||--------|--------||||--------|--------||--------|--------||--------|--------||--------|--------|  set
cpu-bind=MASK - n2lcn0105, task 81 17 [4156219]: mask |--------|--------||--------|--------||--BB----|--------||--------|--------||||--------|--------||--------|--------||--------|--------||--------|--------|  set
cpu-bind=MASK - n2lcn0105, task 82 18 [4156220]: mask |--------|--------||--------|--------||----BB--|--------||--------|--------||||--------|--------||--------|--------||--------|--------||--------|--------|  set
cpu-bind=MASK - n2lcn0105, task 83 19 [4156221]: mask |--------|--------||--------|--------||------BB|--------||--------|--------||||--------|--------||--------|--------||--------|--------||--------|--------|  set
cpu-bind=MASK - n2lcn0105, task 84 20 [4156222]: mask |--------|--------||--------|--------||--------|BB------||--------|--------||||--------|--------||--------|--------||--------|--------||--------|--------|  set
cpu-bind=MASK - n2lcn0105, task 85 21 [4156223]: mask |--------|--------||--------|--------||--------|--BB----||--------|--------||||--------|--------||--------|--------||--------|--------||--------|--------|  set
cpu-bind=MASK - n2lcn0105, task 86 22 [4156224]: mask |--------|--------||--------|--------||--------|----BB--||--------|--------||||--------|--------||--------|--------||--------|--------||--------|--------|  set
cpu-bind=MASK - n2lcn0105, task 87 23 [4156225]: mask |--------|--------||--------|--------||--------|------BB||--------|--------||||--------|--------||--------|--------||--------|--------||--------|--------|  set
cpu-bind=MASK - n2lcn0105, task 88 24 [4156226]: mask |--------|--------||--------|--------||--------|--------||BB------|--------||||--------|--------||--------|--------||--------|--------||--------|--------|  set
cpu-bind=MASK - n2lcn0105, task 89 25 [4156227]: mask |--------|--------||--------|--------||--------|--------||--BB----|--------||||--------|--------||--------|--------||--------|--------||--------|--------|  set
cpu-bind=MASK - n2lcn0105, task 90 26 [4156228]: mask |--------|--------||--------|--------||--------|--------||----BB--|--------||||--------|--------||--------|--------||--------|--------||--------|--------|  set
cpu-bind=MASK - n2lcn0105, task 91 27 [4156229]: mask |--------|--------||--------|--------||--------|--------||------BB|--------||||--------|--------||--------|--------||--------|--------||--------|--------|  set
cpu-bind=MASK - n2lcn0105, task 92 28 [4156230]: mask |--------|--------||--------|--------||--------|--------||--------|BB------||||--------|--------||--------|--------||--------|--------||--------|--------|  set
cpu-bind=MASK - n2lcn0105, task 93 29 [4156231]: mask |--------|--------||--------|--------||--------|--------||--------|--BB----||||--------|--------||--------|--------||--------|--------||--------|--------|  set
cpu-bind=MASK - n2lcn0105, task 94 30 [4156232]: mask |--------|--------||--------|--------||--------|--------||--------|----BB--||||--------|--------||--------|--------||--------|--------||--------|--------|  set
cpu-bind=MASK - n2lcn0105, task 95 31 [4156233]: mask |--------|--------||--------|--------||--------|--------||--------|------BB||||--------|--------||--------|--------||--------|--------||--------|--------|  set
cpu-bind=MASK - n2lcn0105, task 96 32 [4156234]: mask |--------|--------||--------|--------||--------|--------||--------|--------||||BB------|--------||--------|--------||--------|--------||--------|--------|  set
cpu-bind=MASK - n2lcn0105, task 97 33 [4156235]: mask |--------|--------||--------|--------||--------|--------||--------|--------||||--BB----|--------||--------|--------||--------|--------||--------|--------|  set
cpu-bind=MASK - n2lcn0105, task 98 34 [4156236]: mask |--------|--------||--------|--------||--------|--------||--------|--------||||----BB--|--------||--------|--------||--------|--------||--------|--------|  set
cpu-bind=MASK - n2lcn0105, task 99 35 [4156237]: mask |--------|--------||--------|--------||--------|--------||--------|--------||||------BB|--------||--------|--------||--------|--------||--------|--------|  set
cpu-bind=MASK - n2lcn0105, task 100 36 [4156238]: mask |--------|--------||--------|--------||--------|--------||--------|--------||||--------|BB------||--------|--------||--------|--------||--------|--------|  set
cpu-bind=MASK - n2lcn0105, task 101 37 [4156239]: mask |--------|--------||--------|--------||--------|--------||--------|--------||||--------|--BB----||--------|--------||--------|--------||--------|--------|  set
cpu-bind=MASK - n2lcn0105, task 102 38 [4156240]: mask |--------|--------||--------|--------||--------|--------||--------|--------||||--------|----BB--||--------|--------||--------|--------||--------|--------|  set
cpu-bind=MASK - n2lcn0105, task 103 39 [4156241]: mask |--------|--------||--------|--------||--------|--------||--------|--------||||--------|------BB||--------|--------||--------|--------||--------|--------|  set
cpu-bind=MASK - n2lcn0105, task 104 40 [4156242]: mask |--------|--------||--------|--------||--------|--------||--------|--------||||--------|--------||BB------|--------||--------|--------||--------|--------|  set
cpu-bind=MASK - n2lcn0105, task 105 41 [4156243]: mask |--------|--------||--------|--------||--------|--------||--------|--------||||--------|--------||--BB----|--------||--------|--------||--------|--------|  set
cpu-bind=MASK - n2lcn0105, task 106 42 [4156244]: mask |--------|--------||--------|--------||--------|--------||--------|--------||||--------|--------||----BB--|--------||--------|--------||--------|--------|  set
cpu-bind=MASK - n2lcn0105, task 107 43 [4156245]: mask |--------|--------||--------|--------||--------|--------||--------|--------||||--------|--------||------BB|--------||--------|--------||--------|--------|  set
cpu-bind=MASK - n2lcn0105, task 108 44 [4156246]: mask |--------|--------||--------|--------||--------|--------||--------|--------||||--------|--------||--------|BB------||--------|--------||--------|--------|  set
cpu-bind=MASK - n2lcn0105, task 109 45 [4156247]: mask |--------|--------||--------|--------||--------|--------||--------|--------||||--------|--------||--------|--BB----||--------|--------||--------|--------|  set
cpu-bind=MASK - n2lcn0108, task 192  0 [1136811]: mask |BB------|--------||--------|--------||--------|--------||--------|--------||||--------|--------||--------|--------||--------|--------||--------|--------|  set
cpu-bind=MASK - n2lcn0105, task 110 46 [4156248]: mask |--------|--------||--------|--------||--------|--------||--------|--------||||--------|--------||--------|----BB--||--------|--------||--------|--------|  set
cpu-bind=MASK - n2lcn0108, task 193  1 [1136812]: mask |--BB----|--------||--------|--------||--------|--------||--------|--------||||--------|--------||--------|--------||--------|--------||--------|--------|  set
cpu-bind=MASK - n2lcn0105, task 111 47 [4156249]: mask |--------|--------||--------|--------||--------|--------||--------|--------||||--------|--------||--------|------BB||--------|--------||--------|--------|  set
cpu-bind=MASK - n2lcn0108, task 194  2 [1136813]: mask |----BB--|--------||--------|--------||--------|--------||--------|--------||||--------|--------||--------|--------||--------|--------||--------|--------|  set
cpu-bind=MASK - n2lcn0105, task 112 48 [4156250]: mask |--------|--------||--------|--------||--------|--------||--------|--------||||--------|--------||--------|--------||BB------|--------||--------|--------|  set
cpu-bind=MASK - n2lcn0108, task 195  3 [1136814]: mask |------BB|--------||--------|--------||--------|--------||--------|--------||||--------|--------||--------|--------||--------|--------||--------|--------|  set
cpu-bind=MASK - n2lcn0105, task 113 49 [4156251]: mask |--------|--------||--------|--------||--------|--------||--------|--------||||--------|--------||--------|--------||--BB----|--------||--------|--------|  set
cpu-bind=MASK - n2lcn0108, task 196  4 [1136815]: mask |--------|BB------||--------|--------||--------|--------||--------|--------||||--------|--------||--------|--------||--------|--------||--------|--------|  set
cpu-bind=MASK - n2lcn0105, task 114 50 [4156252]: mask |--------|--------||--------|--------||--------|--------||--------|--------||||--------|--------||--------|--------||----BB--|--------||--------|--------|  set
cpu-bind=MASK - n2lcn0108, task 197  5 [1136816]: mask |--------|--BB----||--------|--------||--------|--------||--------|--------||||--------|--------||--------|--------||--------|--------||--------|--------|  set
cpu-bind=MASK - n2lcn0105, task 115 51 [4156253]: mask |--------|--------||--------|--------||--------|--------||--------|--------||||--------|--------||--------|--------||------BB|--------||--------|--------|  set
cpu-bind=MASK - n2lcn0108, task 198  6 [1136817]: mask |--------|----BB--||--------|--------||--------|--------||--------|--------||||--------|--------||--------|--------||--------|--------||--------|--------|  set
cpu-bind=MASK - n2lcn0105, task 116 52 [4156254]: mask |--------|--------||--------|--------||--------|--------||--------|--------||||--------|--------||--------|--------||--------|BB------||--------|--------|  set
cpu-bind=MASK - n2lcn0108, task 199  7 [1136818]: mask |--------|------BB||--------|--------||--------|--------||--------|--------||||--------|--------||--------|--------||--------|--------||--------|--------|  set
cpu-bind=MASK - n2lcn0105, task 117 53 [4156255]: mask |--------|--------||--------|--------||--------|--------||--------|--------||||--------|--------||--------|--------||--------|--BB----||--------|--------|  set
cpu-bind=MASK - n2lcn0108, task 200  8 [1136819]: mask |--------|--------||BB------|--------||--------|--------||--------|--------||||--------|--------||--------|--------||--------|--------||--------|--------|  set
cpu-bind=MASK - n2lcn0105, task 118 54 [4156256]: mask |--------|--------||--------|--------||--------|--------||--------|--------||||--------|--------||--------|--------||--------|----BB--||--------|--------|  set
cpu-bind=MASK - n2lcn0108, task 201  9 [1136820]: mask |--------|--------||--BB----|--------||--------|--------||--------|--------||||--------|--------||--------|--------||--------|--------||--------|--------|  set
cpu-bind=MASK - n2lcn0105, task 119 55 [4156257]: mask |--------|--------||--------|--------||--------|--------||--------|--------||||--------|--------||--------|--------||--------|------BB||--------|--------|  set
cpu-bind=MASK - n2lcn0108, task 202 10 [1136821]: mask |--------|--------||----BB--|--------||--------|--------||--------|--------||||--------|--------||--------|--------||--------|--------||--------|--------|  set
cpu-bind=MASK - n2lcn0105, task 120 56 [4156258]: mask |--------|--------||--------|--------||--------|--------||--------|--------||||--------|--------||--------|--------||--------|--------||BB------|--------|  set
cpu-bind=MASK - n2lcn0108, task 203 11 [1136822]: mask |--------|--------||------BB|--------||--------|--------||--------|--------||||--------|--------||--------|--------||--------|--------||--------|--------|  set
cpu-bind=MASK - n2lcn0105, task 121 57 [4156259]: mask |--------|--------||--------|--------||--------|--------||--------|--------||||--------|--------||--------|--------||--------|--------||--BB----|--------|  set
cpu-bind=MASK - n2lcn0108, task 204 12 [1136823]: mask |--------|--------||--------|BB------||--------|--------||--------|--------||||--------|--------||--------|--------||--------|--------||--------|--------|  set
cpu-bind=MASK - n2lcn0105, task 122 58 [4156260]: mask |--------|--------||--------|--------||--------|--------||--------|--------||||--------|--------||--------|--------||--------|--------||----BB--|--------|  set
cpu-bind=MASK - n2lcn0108, task 205 13 [1136824]: mask |--------|--------||--------|--BB----||--------|--------||--------|--------||||--------|--------||--------|--------||--------|--------||--------|--------|  set
cpu-bind=MASK - n2lcn0105, task 123 59 [4156261]: mask |--------|--------||--------|--------||--------|--------||--------|--------||||--------|--------||--------|--------||--------|--------||------BB|--------|  set
cpu-bind=MASK - n2lcn0108, task 206 14 [1136825]: mask |--------|--------||--------|----BB--||--------|--------||--------|--------||||--------|--------||--------|--------||--------|--------||--------|--------|  set
cpu-bind=MASK - n2lcn0105, task 124 60 [4156262]: mask |--------|--------||--------|--------||--------|--------||--------|--------||||--------|--------||--------|--------||--------|--------||--------|BB------|  set
cpu-bind=MASK - n2lcn0108, task 207 15 [1136826]: mask |--------|--------||--------|------BB||--------|--------||--------|--------||||--------|--------||--------|--------||--------|--------||--------|--------|  set
cpu-bind=MASK - n2lcn0105, task 125 61 [4156263]: mask |--------|--------||--------|--------||--------|--------||--------|--------||||--------|--------||--------|--------||--------|--------||--------|--BB----|  set
cpu-bind=MASK - n2lcn0108, task 208 16 [1136827]: mask |--------|--------||--------|--------||BB------|--------||--------|--------||||--------|--------||--------|--------||--------|--------||--------|--------|  set
cpu-bind=MASK - n2lcn0105, task 126 62 [4156264]: mask |--------|--------||--------|--------||--------|--------||--------|--------||||--------|--------||--------|--------||--------|--------||--------|----BB--|  set
cpu-bind=MASK - n2lcn0108, task 209 17 [1136828]: mask |--------|--------||--------|--------||--BB----|--------||--------|--------||||--------|--------||--------|--------||--------|--------||--------|--------|  set
cpu-bind=MASK - n2lcn0108, task 210 18 [1136829]: mask |--------|--------||--------|--------||----BB--|--------||--------|--------||||--------|--------||--------|--------||--------|--------||--------|--------|  set
cpu-bind=MASK - n2lcn0108, task 211 19 [1136830]: mask |--------|--------||--------|--------||------BB|--------||--------|--------||||--------|--------||--------|--------||--------|--------||--------|--------|  set
cpu-bind=MASK - n2lcn0108, task 212 20 [1136831]: mask |--------|--------||--------|--------||--------|BB------||--------|--------||||--------|--------||--------|--------||--------|--------||--------|--------|  set
cpu-bind=MASK - n2lcn0108, task 213 21 [1136832]: mask |--------|--------||--------|--------||--------|--BB----||--------|--------||||--------|--------||--------|--------||--------|--------||--------|--------|  set
cpu-bind=MASK - n2lcn0108, task 214 22 [1136833]: mask |--------|--------||--------|--------||--------|----BB--||--------|--------||||--------|--------||--------|--------||--------|--------||--------|--------|  set
cpu-bind=MASK - n2lcn0108, task 215 23 [1136834]: mask |--------|--------||--------|--------||--------|------BB||--------|--------||||--------|--------||--------|--------||--------|--------||--------|--------|  set
cpu-bind=MASK - n2lcn0108, task 216 24 [1136835]: mask |--------|--------||--------|--------||--------|--------||BB------|--------||||--------|--------||--------|--------||--------|--------||--------|--------|  set
cpu-bind=MASK - n2lcn0108, task 217 25 [1136836]: mask |--------|--------||--------|--------||--------|--------||--BB----|--------||||--------|--------||--------|--------||--------|--------||--------|--------|  set
cpu-bind=MASK - n2lcn0108, task 218 26 [1136837]: mask |--------|--------||--------|--------||--------|--------||----BB--|--------||||--------|--------||--------|--------||--------|--------||--------|--------|  set
cpu-bind=MASK - n2lcn0108, task 219 27 [1136838]: mask |--------|--------||--------|--------||--------|--------||------BB|--------||||--------|--------||--------|--------||--------|--------||--------|--------|  set
cpu-bind=MASK - n2lcn0108, task 220 28 [1136839]: mask |--------|--------||--------|--------||--------|--------||--------|BB------||||--------|--------||--------|--------||--------|--------||--------|--------|  set
cpu-bind=MASK - n2lcn0108, task 221 29 [1136840]: mask |--------|--------||--------|--------||--------|--------||--------|--BB----||||--------|--------||--------|--------||--------|--------||--------|--------|  set
cpu-bind=MASK - n2lcn0108, task 222 30 [1136841]: mask |--------|--------||--------|--------||--------|--------||--------|----BB--||||--------|--------||--------|--------||--------|--------||--------|--------|  set
cpu-bind=MASK - n2lcn0108, task 223 31 [1136842]: mask |--------|--------||--------|--------||--------|--------||--------|------BB||||--------|--------||--------|--------||--------|--------||--------|--------|  set
cpu-bind=MASK - n2lcn0108, task 224 32 [1136843]: mask |--------|--------||--------|--------||--------|--------||--------|--------||||BB------|--------||--------|--------||--------|--------||--------|--------|  set
cpu-bind=MASK - n2lcn0108, task 225 33 [1136844]: mask |--------|--------||--------|--------||--------|--------||--------|--------||||--BB----|--------||--------|--------||--------|--------||--------|--------|  set
cpu-bind=MASK - n2lcn0105, task 127 63 [4156265]: mask |--------|--------||--------|--------||--------|--------||--------|--------||||--------|--------||--------|--------||--------|--------||--------|------BB|  set
cpu-bind=MASK - n2lcn0108, task 226 34 [1136845]: mask |--------|--------||--------|--------||--------|--------||--------|--------||||----BB--|--------||--------|--------||--------|--------||--------|--------|  set
cpu-bind=MASK - n2lcn0108, task 227 35 [1136846]: mask |--------|--------||--------|--------||--------|--------||--------|--------||||------BB|--------||--------|--------||--------|--------||--------|--------|  set
cpu-bind=MASK - n2lcn0108, task 228 36 [1136847]: mask |--------|--------||--------|--------||--------|--------||--------|--------||||--------|BB------||--------|--------||--------|--------||--------|--------|  set
cpu-bind=MASK - n2lcn0108, task 229 37 [1136848]: mask |--------|--------||--------|--------||--------|--------||--------|--------||||--------|--BB----||--------|--------||--------|--------||--------|--------|  set
cpu-bind=MASK - n2lcn0108, task 230 38 [1136849]: mask |--------|--------||--------|--------||--------|--------||--------|--------||||--------|----BB--||--------|--------||--------|--------||--------|--------|  set
cpu-bind=MASK - n2lcn0108, task 231 39 [1136850]: mask |--------|--------||--------|--------||--------|--------||--------|--------||||--------|------BB||--------|--------||--------|--------||--------|--------|  set
cpu-bind=MASK - n2lcn0108, task 232 40 [1136851]: mask |--------|--------||--------|--------||--------|--------||--------|--------||||--------|--------||BB------|--------||--------|--------||--------|--------|  set
cpu-bind=MASK - n2lcn0108, task 233 41 [1136852]: mask |--------|--------||--------|--------||--------|--------||--------|--------||||--------|--------||--BB----|--------||--------|--------||--------|--------|  set
cpu-bind=MASK - n2lcn0108, task 234 42 [1136853]: mask |--------|--------||--------|--------||--------|--------||--------|--------||||--------|--------||----BB--|--------||--------|--------||--------|--------|  set
cpu-bind=MASK - n2lcn0108, task 235 43 [1136854]: mask |--------|--------||--------|--------||--------|--------||--------|--------||||--------|--------||------BB|--------||--------|--------||--------|--------|  set
cpu-bind=MASK - n2lcn0108, task 236 44 [1136855]: mask |--------|--------||--------|--------||--------|--------||--------|--------||||--------|--------||--------|BB------||--------|--------||--------|--------|  set
cpu-bind=MASK - n2lcn0108, task 237 45 [1136856]: mask |--------|--------||--------|--------||--------|--------||--------|--------||||--------|--------||--------|--BB----||--------|--------||--------|--------|  set
cpu-bind=MASK - n2lcn0108, task 238 46 [1136857]: mask |--------|--------||--------|--------||--------|--------||--------|--------||||--------|--------||--------|----BB--||--------|--------||--------|--------|  set
cpu-bind=MASK - n2lcn0108, task 239 47 [1136858]: mask |--------|--------||--------|--------||--------|--------||--------|--------||||--------|--------||--------|------BB||--------|--------||--------|--------|  set
cpu-bind=MASK - n2lcn0108, task 240 48 [1136859]: mask |--------|--------||--------|--------||--------|--------||--------|--------||||--------|--------||--------|--------||BB------|--------||--------|--------|  set
cpu-bind=MASK - n2lcn0108, task 241 49 [1136860]: mask |--------|--------||--------|--------||--------|--------||--------|--------||||--------|--------||--------|--------||--BB----|--------||--------|--------|  set
cpu-bind=MASK - n2lcn0108, task 242 50 [1136861]: mask |--------|--------||--------|--------||--------|--------||--------|--------||||--------|--------||--------|--------||----BB--|--------||--------|--------|  set
cpu-bind=MASK - n2lcn0108, task 243 51 [1136862]: mask |--------|--------||--------|--------||--------|--------||--------|--------||||--------|--------||--------|--------||------BB|--------||--------|--------|  set
cpu-bind=MASK - n2lcn0108, task 244 52 [1136863]: mask |--------|--------||--------|--------||--------|--------||--------|--------||||--------|--------||--------|--------||--------|BB------||--------|--------|  set
cpu-bind=MASK - n2lcn0108, task 245 53 [1136864]: mask |--------|--------||--------|--------||--------|--------||--------|--------||||--------|--------||--------|--------||--------|--BB----||--------|--------|  set
cpu-bind=MASK - n2lcn0108, task 246 54 [1136865]: mask |--------|--------||--------|--------||--------|--------||--------|--------||||--------|--------||--------|--------||--------|----BB--||--------|--------|  set
cpu-bind=MASK - n2lcn0108, task 247 55 [1136866]: mask |--------|--------||--------|--------||--------|--------||--------|--------||||--------|--------||--------|--------||--------|------BB||--------|--------|  set
cpu-bind=MASK - n2lcn0108, task 248 56 [1136867]: mask |--------|--------||--------|--------||--------|--------||--------|--------||||--------|--------||--------|--------||--------|--------||BB------|--------|  set
cpu-bind=MASK - n2lcn0108, task 249 57 [1136868]: mask |--------|--------||--------|--------||--------|--------||--------|--------||||--------|--------||--------|--------||--------|--------||--BB----|--------|  set
cpu-bind=MASK - n2lcn0108, task 250 58 [1136869]: mask |--------|--------||--------|--------||--------|--------||--------|--------||||--------|--------||--------|--------||--------|--------||----BB--|--------|  set
cpu-bind=MASK - n2lcn0108, task 251 59 [1136870]: mask |--------|--------||--------|--------||--------|--------||--------|--------||||--------|--------||--------|--------||--------|--------||------BB|--------|  set
cpu-bind=MASK - n2lcn0108, task 252 60 [1136871]: mask |--------|--------||--------|--------||--------|--------||--------|--------||||--------|--------||--------|--------||--------|--------||--------|BB------|  set
cpu-bind=MASK - n2lcn0108, task 253 61 [1136872]: mask |--------|--------||--------|--------||--------|--------||--------|--------||||--------|--------||--------|--------||--------|--------||--------|--BB----|  set
cpu-bind=MASK - n2lcn0108, task 254 62 [1136873]: mask |--------|--------||--------|--------||--------|--------||--------|--------||||--------|--------||--------|--------||--------|--------||--------|----BB--|  set
cpu-bind=MASK - n2lcn0108, task 255 63 [1136874]: mask |--------|--------||--------|--------||--------|--------||--------|--------||||--------|--------||--------|--------||--------|--------||--------|------BB|  set
