Energy-E_F (eV)    DOS (1/eV)    PDOS (1/eV)  of atom type B  N  
     -4.99000      0.75268      0.28461      0.46807
     -4.98000      0.86663      0.32829      0.53834
     -4.97000      1.13178      0.42640      0.70538
     -4.96000      1.35521      0.51373      0.84148
     -4.95000      1.23210      0.47056      0.76154
     -4.94000      0.88549      0.33720      0.54830
     -4.93000      0.67642      0.25411      0.42231
     -4.92000      0.73629      0.27530      0.46099
     -4.91000      0.95282      0.36071      0.59210
     -4.90000      1.19551      0.45205      0.74346
     -4.89000      1.40099      0.52181      0.87918
     -4.88000      1.59882      0.59351      1.00531
     -4.87000      1.50196      0.56232      0.93964
     -4.86000      1.13086      0.42065      0.71021
     -4.85000      0.86210      0.31544      0.54666
     -4.84000      0.87271      0.31944      0.55327
     -4.83000      1.06521      0.39227      0.67295
     -4.82000      0.96156      0.35540      0.60616
     -4.81000      0.78656      0.28888      0.49768
     -4.80000      1.04049      0.38241      0.65808
     -4.79000      1.34787      0.50221      0.84566
     -4.78000      1.42939      0.53826      0.89113
     -4.77000      1.41557      0.53587      0.87969
     -4.76000      1.41008      0.53493      0.87514
     -4.75000      1.47289      0.55590      0.91699
     -4.74000      1.72956      0.64088      1.08868
     -4.73000      1.85994      0.68131      1.17863
     -4.72000      1.52939      0.56106      0.96833
     -4.71000      1.14778      0.42485      0.72293
     -4.70000      1.16762      0.43835      0.72928
     -4.69000      1.36956      0.51198      0.85758
     -4.68000      1.29386      0.47504      0.81882
     -4.67000      1.11517      0.40525      0.70993
     -4.66000      1.01703      0.37382      0.64321
     -4.65000      1.04061      0.39157      0.64904
     -4.64000      1.17021      0.43656      0.73365
     -4.63000      1.26941      0.46703      0.80238
     -4.62000      1.21745      0.45118      0.76626
     -4.61000      1.26709      0.47716      0.78993
     -4.60000      1.30889      0.49756      0.81133
     -4.59000      1.13553      0.43137      0.70416
     -4.58000      1.02451      0.38312      0.64139
     -4.57000      1.10406      0.41078      0.69328
     -4.56000      0.96949      0.36128      0.60821
     -4.55000      0.61901      0.22804      0.39097
     -4.54000      0.85156      0.30647      0.54509
     -4.53000      1.34721      0.48173      0.86547
     -4.52000      1.33193      0.47894      0.85299
     -4.51000      1.01923      0.37551      0.64372
     -4.50000      0.79026      0.29837      0.49189
     -4.49000      0.77561      0.29258      0.48303
     -4.48000      0.95895      0.35448      0.60447
     -4.47000      1.03959      0.38321      0.65638
     -4.46000      1.17867      0.44153      0.73714
     -4.45000      1.22957      0.45996      0.76961
     -4.44000      1.04119      0.38493      0.65626
     -4.43000      0.99341      0.36592      0.62749
     -4.42000      0.96392      0.35126      0.61266
     -4.41000      0.78421      0.28454      0.49967
     -4.40000      0.44638      0.16402      0.28235
     -4.39000      0.48840      0.17957      0.30883
     -4.38000      0.86376      0.31634      0.54742
     -4.37000      1.01476      0.37416      0.64061
     -4.36000      1.03605      0.38908      0.64697
     -4.35000      1.12220      0.42342      0.69878
     -4.34000      1.08146      0.39606      0.68541
     -4.33000      0.94550      0.33443      0.61108
     -4.32000      0.93842      0.33415      0.60427
     -4.31000      1.11828      0.40804      0.71024
     -4.30000      1.10629      0.40988      0.69641
     -4.29000      0.79060      0.29036      0.50024
     -4.28000      0.66550      0.24024      0.42526
     -4.27000      0.76649      0.28360      0.48289
     -4.26000      0.88169      0.33271      0.54899
     -4.25000      0.90350      0.34523      0.55827
     -4.24000      0.93140      0.35455      0.57685
     -4.23000      1.11707      0.41406      0.70301
     -4.22000      1.10865      0.40030      0.70834
     -4.21000      0.70785      0.25248      0.45537
     -4.20000      0.50800      0.18174      0.32626
     -4.19000      0.76020      0.27127      0.48893
     -4.18000      0.97528      0.35124      0.62404
     -4.17000      0.88652      0.32778      0.55874
     -4.16000      0.67718      0.25951      0.41767
     -4.15000      0.55574      0.21292      0.34282
     -4.14000      0.60281      0.21903      0.38377
     -4.13000      0.80304      0.28595      0.51709
     -4.12000      1.06560      0.38144      0.68416
     -4.11000      1.08096      0.38489      0.69607
     -4.10000      0.95205      0.33678      0.61527
     -4.09000      0.87486      0.31247      0.56239
     -4.08000      0.81866      0.30201      0.51665
     -4.07000      0.86750      0.32448      0.54302
     -4.06000      0.84165      0.31048      0.53117
     -4.05000      0.76154      0.27469      0.48685
     -4.04000      0.81026      0.28983      0.52043
     -4.03000      0.87770      0.32261      0.55509
     -4.02000      0.96233      0.35902      0.60331
     -4.01000      0.96552      0.35868      0.60684
     -4.00000      0.78295      0.29195      0.49100
     -3.99000      0.61695      0.22348      0.39347
     -3.98000      0.71791      0.25226      0.46565
     -3.97000      0.71736      0.25016      0.46720
     -3.96000      0.62494      0.22056      0.40438
     -3.95000      0.72808      0.26620      0.46188
     -3.94000      0.82910      0.30556      0.52354
     -3.93000      0.67193      0.24379      0.42814
     -3.92000      0.51788      0.18846      0.32942
     -3.91000      0.57957      0.21887      0.36070
     -3.90000      0.74705      0.27708      0.46997
     -3.89000      1.04396      0.37116      0.67280
     -3.88000      1.23087      0.43509      0.79578
     -3.87000      1.13979      0.40966      0.73013
     -3.86000      1.10832      0.40715      0.70117
     -3.85000      0.98584      0.36041      0.62543
     -3.84000      0.71305      0.25191      0.46114
     -3.83000      0.56834      0.19891      0.36943
     -3.82000      0.62230      0.22439      0.39791
     -3.81000      0.68193      0.25075      0.43118
     -3.80000      0.64011      0.23242      0.40769
     -3.79000      0.60392      0.21448      0.38944
     -3.78000      0.77059      0.27437      0.49622
     -3.77000      0.90960      0.32256      0.58704
     -3.76000      0.74363      0.26359      0.48004
     -3.75000      0.62320      0.22512      0.39808
     -3.74000      0.61286      0.22362      0.38924
     -3.73000      0.60147      0.22280      0.37866
     -3.72000      0.70627      0.26278      0.44349
     -3.71000      0.86171      0.31235      0.54935
     -3.70000      0.87691      0.31110      0.56581
     -3.69000      0.83106      0.29298      0.53807
     -3.68000      0.84220      0.30220      0.54000
     -3.67000      0.75012      0.27446      0.47566
     -3.66000      0.71024      0.25358      0.45666
     -3.65000      0.66094      0.22426      0.43669
     -3.64000      0.54245      0.17867      0.36377
     -3.63000      0.52051      0.17521      0.34531
     -3.62000      0.58597      0.20053      0.38544
     -3.61000      0.74715      0.25823      0.48892
     -3.60000      0.95754      0.34569      0.61186
     -3.59000      1.01813      0.38106      0.63706
     -3.58000      0.94022      0.35040      0.58982
     -3.57000      0.82328      0.30275      0.52053
     -3.56000      0.72309      0.26344      0.45965
     -3.55000      0.70712      0.25234      0.45478
     -3.54000      0.73899      0.26428      0.47471
     -3.53000      0.68484      0.24405      0.44079
     -3.52000      0.69528      0.23920      0.45608
     -3.51000      0.81852      0.27979      0.53873
     -3.50000      0.80932      0.28249      0.52683
     -3.49000      0.79606      0.28500      0.51107
     -3.48000      0.75733      0.27363      0.48370
     -3.47000      0.70112      0.25147      0.44965
     -3.46000      0.59205      0.21296      0.37909
     -3.45000      0.48273      0.18029      0.30244
     -3.44000      0.36814      0.13732      0.23081
     -3.43000      0.29975      0.10246      0.19729
     -3.42000      0.46065      0.15081      0.30984
     -3.41000      0.74826      0.25024      0.49802
     -3.40000      1.06136      0.36290      0.69845
     -3.39000      1.06074      0.37056      0.69018
     -3.38000      0.77630      0.27182      0.50448
     -3.37000      0.60770      0.20959      0.39811
     -3.36000      0.65941      0.23392      0.42549
     -3.35000      0.78204      0.28102      0.50102
     -3.34000      0.70056      0.25052      0.45005
     -3.33000      0.73992      0.26192      0.47800
     -3.32000      0.93785      0.33028      0.60758
     -3.31000      0.84112      0.29853      0.54259
     -3.30000      0.77520      0.27845      0.49675
     -3.29000      0.72556      0.26084      0.46471
     -3.28000      0.52585      0.18589      0.33997
     -3.27000      0.59706      0.20286      0.39420
     -3.26000      0.78162      0.26177      0.51985
     -3.25000      0.65916      0.22263      0.43653
     -3.24000      0.45377      0.15709      0.29667
     -3.23000      0.61841      0.21551      0.40290
     -3.22000      0.77005      0.26860      0.50146
     -3.21000      0.71133      0.25745      0.45389
     -3.20000      0.77485      0.28853      0.48631
     -3.19000      0.77343      0.27828      0.49514
     -3.18000      0.62104      0.21072      0.41031
     -3.17000      0.46092      0.15734      0.30359
     -3.16000      0.34841      0.12725      0.22116
     -3.15000      0.26077      0.09439      0.16638
     -3.14000      0.34697      0.11324      0.23373
     -3.13000      0.73300      0.23727      0.49573
     -3.12000      1.13431      0.37647      0.75785
     -3.11000      1.29674      0.44074      0.85600
     -3.10000      1.27488      0.44573      0.82915
     -3.09000      1.11674      0.40156      0.71518
     -3.08000      0.80137      0.28879      0.51258
     -3.07000      0.56600      0.19667      0.36933
     -3.06000      0.47918      0.16277      0.31641
     -3.05000      0.37649      0.12933      0.24717
     -3.04000      0.29822      0.09790      0.20032
     -3.03000      0.32526      0.10140      0.22386
     -3.02000      0.45083      0.14713      0.30370
     -3.01000      0.72041      0.24865      0.47177
     -3.00000      0.92690      0.32285      0.60405
     -2.99000      0.79923      0.27796      0.52127
     -2.98000      0.59644      0.20742      0.38902
     -2.97000      0.59893      0.20517      0.39376
     -2.96000      0.68153      0.23028      0.45124
     -2.95000      0.62970      0.21178      0.41792
     -2.94000      0.48905      0.16228      0.32678
     -2.93000      0.43183      0.14439      0.28744
     -2.92000      0.54157      0.18366      0.35792
     -2.91000      0.67665      0.23731      0.43934
     -2.90000      0.89521      0.32925      0.56596
     -2.89000      1.17736      0.43141      0.74594
     -2.88000      1.02366      0.35915      0.66451
     -2.87000      0.73110      0.24286      0.48823
     -2.86000      0.63067      0.20274      0.42793
     -2.85000      0.51467      0.16160      0.35307
     -2.84000      0.41839      0.13423      0.28416
     -2.83000      0.43909      0.14500      0.29408
     -2.82000      0.56536      0.18150      0.38385
     -2.81000      0.78909      0.25190      0.53719
     -2.80000      0.86471      0.28431      0.58040
     -2.79000      0.88371      0.30265      0.58107
     -2.78000      0.69270      0.24206      0.45063
     -2.77000      0.50851      0.17489      0.33362
     -2.76000      0.55510      0.18712      0.36798
     -2.75000      0.41732      0.14192      0.27541
     -2.74000      0.33078      0.11196      0.21881
     -2.73000      0.47976      0.15793      0.32184
     -2.72000      0.66808      0.22005      0.44803
     -2.71000      0.81072      0.26771      0.54301
     -2.70000      0.91141      0.30471      0.60670
     -2.69000      1.03211      0.35459      0.67753
     -2.68000      0.84435      0.29525      0.54910
     -2.67000      0.52512      0.18753      0.33759
     -2.66000      0.41825      0.14472      0.27353
     -2.65000      0.44102      0.13715      0.30387
     -2.64000      0.49346      0.15035      0.34311
     -2.63000      0.58484      0.19523      0.38961
     -2.62000      0.67238      0.24111      0.43127
     -2.61000      0.69004      0.24283      0.44720
     -2.60000      0.65454      0.22361      0.43093
     -2.59000      0.60317      0.20694      0.39624
     -2.58000      0.70703      0.23074      0.47630
     -2.57000      0.83167      0.25468      0.57699
     -2.56000      0.76222      0.22802      0.53420
     -2.55000      0.61280      0.18906      0.42374
     -2.54000      0.46669      0.15153      0.31516
     -2.53000      0.43726      0.14761      0.28964
     -2.52000      0.55437      0.19227      0.36209
     -2.51000      0.83860      0.28889      0.54970
     -2.50000      1.06240      0.35778      0.70463
     -2.49000      0.98532      0.32265      0.66268
     -2.48000      0.72692      0.23431      0.49261
     -2.47000      0.50418      0.16687      0.33731
     -2.46000      0.39314      0.13105      0.26209
     -2.45000      0.39214      0.12357      0.26856
     -2.44000      0.46080      0.14597      0.31483
     -2.43000      0.52941      0.16914      0.36027
     -2.42000      0.64376      0.20457      0.43919
     -2.41000      0.79048      0.25966      0.53081
     -2.40000      0.71981      0.23992      0.47989
     -2.39000      0.59546      0.18857      0.40688
     -2.38000      0.63375      0.19589      0.43787
     -2.37000      0.57631      0.19059      0.38572
     -2.36000      0.40827      0.14642      0.26185
     -2.35000      0.47304      0.16939      0.30365
     -2.34000      0.75125      0.25432      0.49693
     -2.33000      0.97588      0.32345      0.65243
     -2.32000      0.85802      0.28731      0.57071
     -2.31000      0.51527      0.17275      0.34252
     -2.30000      0.35594      0.10942      0.24652
     -2.29000      0.53931      0.15259      0.38672
     -2.28000      0.68725      0.19735      0.48990
     -2.27000      0.71041      0.21509      0.49532
     -2.26000      0.78138      0.24452      0.53686
     -2.25000      0.90127      0.28806      0.61321
     -2.24000      0.85155      0.27508      0.57647
     -2.23000      0.55437      0.17830      0.37607
     -2.22000      0.33758      0.10788      0.22970
     -2.21000      0.33649      0.11029      0.22621
     -2.20000      0.51693      0.17052      0.34641
     -2.19000      0.78273      0.25631      0.52643
     -2.18000      0.94126      0.30021      0.64105
     -2.17000      0.78792      0.24602      0.54190
     -2.16000      0.60057      0.19190      0.40866
     -2.15000      0.58457      0.18983      0.39474
     -2.14000      0.63870      0.19851      0.44019
     -2.13000      0.65847      0.20344      0.45503
     -2.12000      0.60041      0.19092      0.40949
     -2.11000      0.59820      0.18704      0.41116
     -2.10000      0.51686      0.15783      0.35903
     -2.09000      0.51224      0.16221      0.35003
     -2.08000      0.68673      0.21753      0.46920
     -2.07000      0.76158      0.23483      0.52675
     -2.06000      0.60364      0.19294      0.41070
     -2.05000      0.44023      0.15411      0.28612
     -2.04000      0.36275      0.12624      0.23651
     -2.03000      0.48017      0.14978      0.33039
     -2.02000      0.67025      0.20146      0.46880
     -2.01000      0.57716      0.17045      0.40671
     -2.00000      0.60527      0.18098      0.42429
     -1.99000      0.89402      0.27145      0.62257
     -1.98000      0.97460      0.29130      0.68330
     -1.97000      0.84121      0.25538      0.58582
     -1.96000      0.79820      0.25166      0.54654
     -1.95000      0.81543      0.25312      0.56230
     -1.94000      0.74037      0.22055      0.51982
     -1.93000      0.53100      0.15263      0.37837
     -1.92000      0.43770      0.13352      0.30418
     -1.91000      0.46499      0.15424      0.31075
     -1.90000      0.44281      0.14561      0.29720
     -1.89000      0.46916      0.14301      0.32616
     -1.88000      0.63916      0.18778      0.45138
     -1.87000      0.87026      0.26085      0.60940
     -1.86000      0.81514      0.24814      0.56700
     -1.85000      0.66368      0.20112      0.46256
     -1.84000      0.68514      0.20403      0.48111
     -1.83000      0.67911      0.19967      0.47944
     -1.82000      0.56011      0.17034      0.38977
     -1.81000      0.58010      0.17887      0.40123
     -1.80000      0.59855      0.17865      0.41990
     -1.79000      0.53088      0.16016      0.37072
     -1.78000      0.51438      0.14995      0.36443
     -1.77000      0.50733      0.13513      0.37220
     -1.76000      0.35710      0.09130      0.26580
     -1.75000      0.13107      0.03320      0.09787
     -1.74000      0.10925      0.02729      0.08195
     -1.73000      0.30503      0.07607      0.22896
     -1.72000      0.49272      0.12302      0.36971
     -1.71000      0.55318      0.13849      0.41469
     -1.70000      0.60166      0.15102      0.45064
     -1.69000      0.66872      0.16734      0.50139
     -1.68000      0.61901      0.15429      0.46472
     -1.67000      0.45086      0.11216      0.33870
     -1.66000      0.46077      0.11401      0.34676
     -1.65000      0.54911      0.13530      0.41381
     -1.64000      0.46515      0.11444      0.35071
     -1.63000      0.29063      0.07150      0.21912
     -1.62000      0.19804      0.04871      0.14933
     -1.61000      0.20615      0.05038      0.15576
     -1.60000      0.36378      0.08809      0.27569
     -1.59000      0.54527      0.13154      0.41372
     -1.58000      0.53373      0.12849      0.40524
     -1.57000      0.43938      0.10590      0.33348
     -1.56000      0.40290      0.09742      0.30548
     -1.55000      0.49319      0.11896      0.37423
     -1.54000      0.50360      0.12108      0.38252
     -1.53000      0.36141      0.08661      0.27480
     -1.52000      0.32510      0.07740      0.24770
     -1.51000      0.46961      0.11134      0.35827
     -1.50000      0.46876      0.11062      0.35814
     -1.49000      0.32324      0.07597      0.24727
     -1.48000      0.30998      0.07284      0.23714
     -1.47000      0.33868      0.07927      0.25941
     -1.46000      0.33682      0.07807      0.25876
     -1.45000      0.36018      0.08307      0.27711
     -1.44000      0.32855      0.07587      0.25268
     -1.43000      0.38779      0.08983      0.29796
     -1.42000      0.66470      0.15428      0.51042
     -1.41000      0.83009      0.19286      0.63723
     -1.40000      0.71497      0.16571      0.54927
     -1.39000      0.58728      0.13540      0.45188
     -1.38000      0.58160      0.13337      0.44823
     -1.37000      0.49435      0.11309      0.38126
     -1.36000      0.38090      0.08670      0.29421
     -1.35000      0.46563      0.10465      0.36098
     -1.34000      0.57211      0.12774      0.44436
     -1.33000      0.53916      0.12019      0.41898
     -1.32000      0.45649      0.10166      0.35483
     -1.31000      0.40626      0.09000      0.31626
     -1.30000      0.38778      0.08541      0.30237
     -1.29000      0.34201      0.07546      0.26655
     -1.28000      0.44658      0.09879      0.34779
     -1.27000      0.67437      0.14864      0.52572
     -1.26000      0.69825      0.15307      0.54518
     -1.25000      0.60376      0.13145      0.47231
     -1.24000      0.54309      0.11723      0.42586
     -1.23000      0.51100      0.10993      0.40107
     -1.22000      0.38662      0.08289      0.30373
     -1.21000      0.44366      0.09417      0.34949
     -1.20000      0.55476      0.11709      0.43767
     -1.19000      0.43538      0.09143      0.34395
     -1.18000      0.33144      0.06945      0.26199
     -1.17000      0.37384      0.07783      0.29600
     -1.16000      0.46334      0.09562      0.36771
     -1.15000      0.64712      0.13431      0.51281
     -1.14000      0.98051      0.20585      0.77466
     -1.13000      1.03666      0.21839      0.81827
     -1.12000      0.87685      0.18340      0.69345
     -1.11000      0.80748      0.16680      0.64067
     -1.10000      0.80357      0.16400      0.63957
     -1.09000      0.76221      0.15413      0.60808
     -1.08000      0.73776      0.14811      0.58965
     -1.07000      0.70167      0.13992      0.56175
     -1.06000      0.70018      0.13833      0.56185
     -1.05000      0.75679      0.14812      0.60867
     -1.04000      0.79668      0.15459      0.64209
     -1.03000      0.88221      0.16975      0.71246
     -1.02000      1.08766      0.20835      0.87930
     -1.01000      1.24318      0.23946      1.00372
     -1.00000      0.98522      0.19232      0.79290
     -0.99000      0.66290      0.13018      0.53271
     -0.98000      0.59628      0.11554      0.48074
     -0.97000      0.69869      0.13325      0.56544
     -0.96000      0.73496      0.13878      0.59618
     -0.95000      0.50695      0.09487      0.41208
     -0.94000      0.29455      0.05430      0.24025
     -0.93000      0.23678      0.04317      0.19361
     -0.92000      0.25157      0.04571      0.20586
     -0.91000      0.32104      0.05826      0.26277
     -0.90000      0.51943      0.09480      0.42463
     -0.89000      1.07049      0.19884      0.87165
     -0.88000      1.83352      0.34495      1.48857
     -0.87000      1.68067      0.31700      1.36368
     -0.86000      0.75692      0.14136      0.61556
     -0.85000      0.28976      0.05224      0.23751
     -0.84000      0.17775      0.03128      0.14648
     -0.83000      0.20074      0.03502      0.16573
     -0.82000      0.26246      0.04578      0.21668
     -0.81000      0.25874      0.04508      0.21365
     -0.80000      0.29454      0.05121      0.24333
     -0.79000      0.33179      0.05787      0.27392
     -0.78000      0.41167      0.07217      0.33950
     -0.77000      0.62334      0.11002      0.51332
     -0.76000      0.78500      0.13883      0.64616
     -0.75000      0.65991      0.11549      0.54442
     -0.74000      0.35413      0.06081      0.29332
     -0.73000      0.22372      0.03774      0.18598
     -0.72000      0.23508      0.03938      0.19570
     -0.71000      0.29085      0.04849      0.24236
     -0.70000      0.35272      0.05863      0.29409
     -0.69000      0.43294      0.07183      0.36111
     -0.68000      0.48435      0.08035      0.40400
     -0.67000      0.56359      0.09355      0.47004
     -0.66000      0.70113      0.11698      0.58415
     -0.65000      0.84151      0.14123      0.70027
     -0.64000      0.81441      0.13588      0.67853
     -0.63000      0.51173      0.08380      0.42793
     -0.62000      0.20521      0.03285      0.17235
     -0.61000      0.11800      0.01853      0.09947
     -0.60000      0.23605      0.03686      0.19920
     -0.59000      0.28943      0.04501      0.24442
     -0.58000      0.28635      0.04411      0.24224
     -0.57000      0.40230      0.06180      0.34050
     -0.56000      0.39520      0.06091      0.33430
     -0.55000      0.35416      0.05489      0.29927
     -0.54000      0.43818      0.06775      0.37043
     -0.53000      0.41430      0.06348      0.35083
     -0.52000      0.30018      0.04512      0.25507
     -0.51000      0.25440      0.03760      0.21680
     -0.50000      0.29455      0.04307      0.25147
     -0.49000      0.35571      0.05177      0.30394
     -0.48000      0.37640      0.05448      0.32193
     -0.47000      0.38420      0.05548      0.32872
     -0.46000      0.36547      0.05293      0.31254
     -0.45000      0.46766      0.06749      0.40017
     -0.44000      0.68155      0.09742      0.58413
     -0.43000      0.61792      0.08766      0.53026
     -0.42000      0.25475      0.03592      0.21882
     -0.41000      0.08485      0.01163      0.07322
     -0.40000      0.17924      0.02404      0.15521
     -0.39000      0.30078      0.04029      0.26049
     -0.38000      0.30205      0.04009      0.26196
     -0.37000      0.33303      0.04376      0.28928
     -0.36000      0.37698      0.04960      0.32737
     -0.35000      0.32877      0.04331      0.28546
     -0.34000      0.28694      0.03740      0.24954
     -0.33000      0.25789      0.03297      0.22493
     -0.32000      0.22596      0.02840      0.19756
     -0.31000      0.24126      0.03002      0.21124
     -0.30000      0.30740      0.03785      0.26955
     -0.29000      0.39366      0.04808      0.34558
     -0.28000      0.46877      0.05682      0.41195
     -0.27000      0.50227      0.06066      0.44161
     -0.26000      0.35792      0.04317      0.31476
     -0.25000      0.21368      0.02523      0.18845
     -0.24000      0.26499      0.03041      0.23457
     -0.23000      0.24598      0.02809      0.21789
     -0.22000      0.13339      0.01506      0.11834
     -0.21000      0.20741      0.02292      0.18449
     -0.20000      0.34795      0.03825      0.30970
     -0.19000      0.35355      0.03842      0.31513
     -0.18000      0.32245      0.03448      0.28797
     -0.17000      0.24475      0.02590      0.21885
     -0.16000      0.19983      0.02079      0.17904
     -0.15000      0.28075      0.02873      0.25203
     -0.14000      0.38389      0.03888      0.34501
     -0.13000      0.36551      0.03666      0.32885
     -0.12000      0.26861      0.02649      0.24213
     -0.11000      0.21822      0.02102      0.19720
     -0.10000      0.22434      0.02121      0.20313
     -0.09000      0.24666      0.02299      0.22367
     -0.08000      0.25346      0.02329      0.23017
     -0.07000      0.22535      0.02033      0.20502
     -0.06000      0.26081      0.02294      0.23787
     -0.05000      0.34376      0.02981      0.31395
     -0.04000      0.30043      0.02578      0.27465
     -0.03000      0.19982      0.01676      0.18306
     -0.02000      0.21193      0.01726      0.19467
     -0.01000      0.22437      0.01804      0.20633
      0.00000      0.13729      0.01096      0.12633
      0.01000      0.03888      0.00309      0.03579
      0.02000      0.00443      0.00035      0.00408
      0.03000      0.00019      0.00002      0.00018
      0.04000      0.00000      0.00000      0.00000
      0.05000      0.00000      0.00000      0.00000
      0.06000      0.00000      0.00000      0.00000
      0.07000      0.00000      0.00000      0.00000
      0.08000      0.00000      0.00000      0.00000
      0.09000      0.00000      0.00000      0.00000
      0.10000      0.00000      0.00000      0.00000
      0.11000      0.00000      0.00000      0.00000
      0.12000      0.00000      0.00000      0.00000
      0.13000      0.00000      0.00000      0.00000
      0.14000      0.00000      0.00000      0.00000
      0.15000      0.00000      0.00000      0.00000
      0.16000      0.00000      0.00000      0.00000
      0.17000      0.00000      0.00000      0.00000
      0.18000      0.00000      0.00000      0.00000
      0.19000      0.00000      0.00000      0.00000
      0.20000      0.00000      0.00000      0.00000
      0.21000      0.00000      0.00000      0.00000
      0.22000      0.00000      0.00000      0.00000
      0.23000      0.00000      0.00000      0.00000
      0.24000      0.00000      0.00000      0.00000
      0.25000      0.00000      0.00000      0.00000
      0.26000      0.00000      0.00000      0.00000
      0.27000      0.00000      0.00000      0.00000
      0.28000      0.00000      0.00000      0.00000
      0.29000      0.00000      0.00000      0.00000
      0.30000      0.00000      0.00000      0.00000
      0.31000      0.00000      0.00000      0.00000
      0.32000      0.00000      0.00000      0.00000
      0.33000      0.00000      0.00000      0.00000
      0.34000      0.00000      0.00000      0.00000
      0.35000      0.00000      0.00000      0.00000
      0.36000      0.00000      0.00000      0.00000
      0.37000      0.00000      0.00000      0.00000
      0.38000      0.00000      0.00000      0.00000
      0.39000      0.00000      0.00000      0.00000
      0.40000      0.00000      0.00000      0.00000
      0.41000      0.00000      0.00000      0.00000
      0.42000      0.00000      0.00000      0.00000
      0.43000      0.00000      0.00000      0.00000
      0.44000      0.00000      0.00000      0.00000
      0.45000      0.00000      0.00000      0.00000
      0.46000      0.00000      0.00000      0.00000
      0.47000      0.00000      0.00000      0.00000
      0.48000      0.00000      0.00000      0.00000
      0.49000      0.00000      0.00000      0.00000
      0.50000      0.00000      0.00000      0.00000
      0.51000      0.00000      0.00000      0.00000
      0.52000      0.00000      0.00000      0.00000
      0.53000      0.00000      0.00000      0.00000
      0.54000      0.00000      0.00000      0.00000
      0.55000      0.00000      0.00000      0.00000
      0.56000      0.00000      0.00000      0.00000
      0.57000      0.00000      0.00000      0.00000
      0.58000      0.00000      0.00000      0.00000
      0.59000      0.00000      0.00000      0.00000
      0.60000      0.00000      0.00000      0.00000
      0.61000      0.00000      0.00000      0.00000
      0.62000      0.00000      0.00000      0.00000
      0.63000      0.00000      0.00000      0.00000
      0.64000      0.00000      0.00000      0.00000
      0.65000      0.00000      0.00000      0.00000
      0.66000      0.00000      0.00000      0.00000
      0.67000      0.00000      0.00000      0.00000
      0.68000      0.00000      0.00000      0.00000
      0.69000      0.00000      0.00000      0.00000
      0.70000      0.00000      0.00000      0.00000
      0.71000      0.00000      0.00000      0.00000
      0.72000      0.00000      0.00000      0.00000
      0.73000      0.00000      0.00000      0.00000
      0.74000      0.00000      0.00000      0.00000
      0.75000      0.00000      0.00000      0.00000
      0.76000      0.00000      0.00000      0.00000
      0.77000      0.00000      0.00000      0.00000
      0.78000      0.00000      0.00000      0.00000
      0.79000      0.00000      0.00000      0.00000
      0.80000      0.00000      0.00000      0.00000
      0.81000      0.00000      0.00000      0.00000
      0.82000      0.00000      0.00000      0.00000
      0.83000      0.00000      0.00000      0.00000
      0.84000      0.00000      0.00000      0.00000
      0.85000      0.00000      0.00000      0.00000
      0.86000      0.00000      0.00000      0.00000
      0.87000      0.00000      0.00000      0.00000
      0.88000      0.00000      0.00000      0.00000
      0.89000      0.00000      0.00000      0.00000
      0.90000      0.00000      0.00000      0.00000
      0.91000      0.00000      0.00000      0.00000
      0.92000      0.00000      0.00000      0.00000
      0.93000      0.00000      0.00000      0.00000
      0.94000      0.00000      0.00000      0.00000
      0.95000      0.00000      0.00000      0.00000
      0.96000      0.00000      0.00000      0.00000
      0.97000      0.00000      0.00000      0.00000
      0.98000      0.00000      0.00000      0.00000
      0.99000      0.00000      0.00000      0.00000
      1.00000      0.00000      0.00000      0.00000
      1.01000      0.00000      0.00000      0.00000
      1.02000      0.00000      0.00000      0.00000
      1.03000      0.00000      0.00000      0.00000
      1.04000      0.00000      0.00000      0.00000
      1.05000      0.00000      0.00000      0.00000
      1.06000      0.00000      0.00000      0.00000
      1.07000      0.00000      0.00000      0.00000
      1.08000      0.00000      0.00000      0.00000
      1.09000      0.00000      0.00000      0.00000
      1.10000      0.00000      0.00000      0.00000
      1.11000      0.00000      0.00000      0.00000
      1.12000      0.00000      0.00000      0.00000
      1.13000      0.00000      0.00000      0.00000
      1.14000      0.00000      0.00000      0.00000
      1.15000      0.00000      0.00000      0.00000
      1.16000      0.00000      0.00000      0.00000
      1.17000      0.00000      0.00000      0.00000
      1.18000      0.00000      0.00000      0.00000
      1.19000      0.00000      0.00000      0.00000
      1.20000      0.00000      0.00000      0.00000
      1.21000      0.00000      0.00000      0.00000
      1.22000      0.00000      0.00000      0.00000
      1.23000      0.00000      0.00000      0.00000
      1.24000      0.00000      0.00000      0.00000
      1.25000      0.00000      0.00000      0.00000
      1.26000      0.00000      0.00000      0.00000
      1.27000      0.00000      0.00000      0.00000
      1.28000      0.00000      0.00000      0.00000
      1.29000      0.00000      0.00000      0.00000
      1.30000      0.00000      0.00000      0.00000
      1.31000      0.00000      0.00000      0.00000
      1.32000      0.00000      0.00000      0.00000
      1.33000      0.00000      0.00000      0.00000
      1.34000      0.00000      0.00000      0.00000
      1.35000      0.00000      0.00000      0.00000
      1.36000      0.00000      0.00000      0.00000
      1.37000      0.00000      0.00000      0.00000
      1.38000      0.00000      0.00000      0.00000
      1.39000      0.00000      0.00000      0.00000
      1.40000      0.00000      0.00000      0.00000
      1.41000      0.00000      0.00000      0.00000
      1.42000      0.00000      0.00000      0.00000
      1.43000      0.00000      0.00000      0.00000
      1.44000      0.00000      0.00000      0.00000
      1.45000      0.00000      0.00000      0.00000
      1.46000      0.00000      0.00000      0.00000
      1.47000      0.00000      0.00000      0.00000
      1.48000      0.00000      0.00000      0.00000
      1.49000      0.00000      0.00000      0.00000
      1.50000      0.00000      0.00000      0.00000
      1.51000      0.00000      0.00000      0.00000
      1.52000      0.00000      0.00000      0.00000
      1.53000      0.00000      0.00000      0.00000
      1.54000      0.00000      0.00000      0.00000
      1.55000      0.00000      0.00000      0.00000
      1.56000      0.00000      0.00000      0.00000
      1.57000      0.00000      0.00000      0.00000
      1.58000      0.00000      0.00000      0.00000
      1.59000      0.00000      0.00000      0.00000
      1.60000      0.00000      0.00000      0.00000
      1.61000      0.00000      0.00000      0.00000
      1.62000      0.00000      0.00000      0.00000
      1.63000      0.00000      0.00000      0.00000
      1.64000      0.00000      0.00000      0.00000
      1.65000      0.00000      0.00000      0.00000
      1.66000      0.00000      0.00000      0.00000
      1.67000      0.00000      0.00000      0.00000
      1.68000      0.00000      0.00000      0.00000
      1.69000      0.00000      0.00000      0.00000
      1.70000      0.00000      0.00000      0.00000
      1.71000      0.00000      0.00000      0.00000
      1.72000      0.00000      0.00000      0.00000
      1.73000      0.00000      0.00000      0.00000
      1.74000      0.00000      0.00000      0.00000
      1.75000      0.00000      0.00000      0.00000
      1.76000      0.00000      0.00000      0.00000
      1.77000      0.00000      0.00000      0.00000
      1.78000      0.00000      0.00000      0.00000
      1.79000      0.00000      0.00000      0.00000
      1.80000      0.00000      0.00000      0.00000
      1.81000      0.00000      0.00000      0.00000
      1.82000      0.00000      0.00000      0.00000
      1.83000      0.00000      0.00000      0.00000
      1.84000      0.00000      0.00000      0.00000
      1.85000      0.00000      0.00000      0.00000
      1.86000      0.00000      0.00000      0.00000
      1.87000      0.00000      0.00000      0.00000
      1.88000      0.00000      0.00000      0.00000
      1.89000      0.00000      0.00000      0.00000
      1.90000      0.00000      0.00000      0.00000
      1.91000      0.00000      0.00000      0.00000
      1.92000      0.00000      0.00000      0.00000
      1.93000      0.00000      0.00000      0.00000
      1.94000      0.00000      0.00000      0.00000
      1.95000      0.00000      0.00000      0.00000
      1.96000      0.00000      0.00000      0.00000
      1.97000      0.00000      0.00000      0.00000
      1.98000      0.00000      0.00000      0.00000
      1.99000      0.00000      0.00000      0.00000
      2.00000      0.00000      0.00000      0.00000
      2.01000      0.00000      0.00000      0.00000
      2.02000      0.00000      0.00000      0.00000
      2.03000      0.00000      0.00000      0.00000
      2.04000      0.00000      0.00000      0.00000
      2.05000      0.00000      0.00000      0.00000
      2.06000      0.00000      0.00000      0.00000
      2.07000      0.00000      0.00000      0.00000
      2.08000      0.00000      0.00000      0.00000
      2.09000      0.00000      0.00000      0.00000
      2.10000      0.00000      0.00000      0.00000
      2.11000      0.00000      0.00000      0.00000
      2.12000      0.00000      0.00000      0.00000
      2.13000      0.00000      0.00000      0.00000
      2.14000      0.00000      0.00000      0.00000
      2.15000      0.00000      0.00000      0.00000
      2.16000      0.00000      0.00000      0.00000
      2.17000      0.00000      0.00000      0.00000
      2.18000      0.00000      0.00000      0.00000
      2.19000      0.00000      0.00000      0.00000
      2.20000      0.00000      0.00000      0.00000
      2.21000      0.00000      0.00000      0.00000
      2.22000      0.00000      0.00000      0.00000
      2.23000      0.00000      0.00000      0.00000
      2.24000      0.00000      0.00000      0.00000
      2.25000      0.00000      0.00000      0.00000
      2.26000      0.00000      0.00000      0.00000
      2.27000      0.00000      0.00000      0.00000
      2.28000      0.00000      0.00000      0.00000
      2.29000      0.00000      0.00000      0.00000
      2.30000      0.00000      0.00000      0.00000
      2.31000      0.00000      0.00000      0.00000
      2.32000      0.00000      0.00000      0.00000
      2.33000      0.00000      0.00000      0.00000
      2.34000      0.00000      0.00000      0.00000
      2.35000      0.00000      0.00000      0.00000
      2.36000      0.00000      0.00000      0.00000
      2.37000      0.00000      0.00000      0.00000
      2.38000      0.00000      0.00000      0.00000
      2.39000      0.00000      0.00000      0.00000
      2.40000      0.00000      0.00000      0.00000
      2.41000      0.00000      0.00000      0.00000
      2.42000      0.00000      0.00000      0.00000
      2.43000      0.00000      0.00000      0.00000
      2.44000      0.00000      0.00000      0.00000
      2.45000      0.00000      0.00000      0.00000
      2.46000      0.00000      0.00000      0.00000
      2.47000      0.00000      0.00000      0.00000
      2.48000      0.00000      0.00000      0.00000
      2.49000      0.00000      0.00000      0.00000
      2.50000      0.00000      0.00000      0.00000
      2.51000      0.00000      0.00000      0.00000
      2.52000      0.00000      0.00000      0.00000
      2.53000      0.00000      0.00000      0.00000
      2.54000      0.00000      0.00000      0.00000
      2.55000      0.00000      0.00000      0.00000
      2.56000      0.00000      0.00000      0.00000
      2.57000      0.00000      0.00000      0.00000
      2.58000      0.00000      0.00000      0.00000
      2.59000      0.00000      0.00000      0.00000
      2.60000      0.00000      0.00000      0.00000
      2.61000      0.00000      0.00000      0.00000
      2.62000      0.00000      0.00000      0.00000
      2.63000      0.00000      0.00000      0.00000
      2.64000      0.00000      0.00000      0.00000
      2.65000      0.00000      0.00000      0.00000
      2.66000      0.00000      0.00000      0.00000
      2.67000      0.00000      0.00000      0.00000
      2.68000      0.00000      0.00000      0.00000
      2.69000      0.00000      0.00000      0.00000
      2.70000      0.00000      0.00000      0.00000
      2.71000      0.00000      0.00000      0.00000
      2.72000      0.00000      0.00000      0.00000
      2.73000      0.00000      0.00000      0.00000
      2.74000      0.00000      0.00000      0.00000
      2.75000      0.00000      0.00000      0.00000
      2.76000      0.00000      0.00000      0.00000
      2.77000      0.00000      0.00000      0.00000
      2.78000      0.00000      0.00000      0.00000
      2.79000      0.00000      0.00000      0.00000
      2.80000      0.00000      0.00000      0.00000
      2.81000      0.00000      0.00000      0.00000
      2.82000      0.00000      0.00000      0.00000
      2.83000      0.00000      0.00000      0.00000
      2.84000      0.00000      0.00000      0.00000
      2.85000      0.00000      0.00000      0.00000
      2.86000      0.00000      0.00000      0.00000
      2.87000      0.00000      0.00000      0.00000
      2.88000      0.00000      0.00000      0.00000
      2.89000      0.00000      0.00000      0.00000
      2.90000      0.00000      0.00000      0.00000
      2.91000      0.00000      0.00000      0.00000
      2.92000      0.00000      0.00000      0.00000
      2.93000      0.00000      0.00000      0.00000
      2.94000      0.00000      0.00000      0.00000
      2.95000      0.00000      0.00000      0.00000
      2.96000      0.00000      0.00000      0.00000
      2.97000      0.00000      0.00000      0.00000
      2.98000      0.00000      0.00000      0.00000
      2.99000      0.00000      0.00000      0.00000
      3.00000      0.00000      0.00000      0.00000
      3.01000      0.00000      0.00000      0.00000
      3.02000      0.00000      0.00000      0.00000
      3.03000      0.00000      0.00000      0.00000
      3.04000      0.00000      0.00000      0.00000
      3.05000      0.00000      0.00000      0.00000
      3.06000      0.00000      0.00000      0.00000
      3.07000      0.00000      0.00000      0.00000
      3.08000      0.00000      0.00000      0.00000
      3.09000      0.00000      0.00000      0.00000
      3.10000      0.00000      0.00000      0.00000
      3.11000      0.00000      0.00000      0.00000
      3.12000      0.00000      0.00000      0.00000
      3.13000      0.00000      0.00000      0.00000
      3.14000      0.00000      0.00000      0.00000
      3.15000      0.00000      0.00000      0.00000
      3.16000      0.00000      0.00000      0.00000
      3.17000      0.00000      0.00000      0.00000
      3.18000      0.00000      0.00000      0.00000
      3.19000      0.00000      0.00000      0.00000
      3.20000      0.00000      0.00000      0.00000
      3.21000      0.00000      0.00000      0.00000
      3.22000      0.00000      0.00000      0.00000
      3.23000      0.00000      0.00000      0.00000
      3.24000      0.00000      0.00000      0.00000
      3.25000      0.00000      0.00000      0.00000
      3.26000      0.00000      0.00000      0.00000
      3.27000      0.00000      0.00000      0.00000
      3.28000      0.00000      0.00000      0.00000
      3.29000      0.00000      0.00000      0.00000
      3.30000      0.00000      0.00000      0.00000
      3.31000      0.00000      0.00000      0.00000
      3.32000      0.00000      0.00000      0.00000
      3.33000      0.00000      0.00000      0.00000
      3.34000      0.00000      0.00000      0.00000
      3.35000      0.00000      0.00000      0.00000
      3.36000      0.00000      0.00000      0.00000
      3.37000      0.00000      0.00000      0.00000
      3.38000      0.00000      0.00000      0.00000
      3.39000      0.00000      0.00000      0.00000
      3.40000      0.00000      0.00000      0.00000
      3.41000      0.00000      0.00000      0.00000
      3.42000      0.00000      0.00000      0.00000
      3.43000      0.00000      0.00000      0.00000
      3.44000      0.00000      0.00000      0.00000
      3.45000      0.00000      0.00000      0.00000
      3.46000      0.00000      0.00000      0.00000
      3.47000      0.00000      0.00000      0.00000
      3.48000      0.00000      0.00000      0.00000
      3.49000      0.00000      0.00000      0.00000
      3.50000      0.00000      0.00000      0.00000
      3.51000      0.00000      0.00000      0.00000
      3.52000      0.00000      0.00000      0.00000
      3.53000      0.00000      0.00000      0.00000
      3.54000      0.00000      0.00000      0.00000
      3.55000      0.00000      0.00000      0.00000
      3.56000      0.00000      0.00000      0.00000
      3.57000      0.00000      0.00000      0.00000
      3.58000      0.00000      0.00000      0.00000
      3.59000      0.00000      0.00000      0.00000
      3.60000      0.00000      0.00000      0.00000
      3.61000      0.00000      0.00000      0.00000
      3.62000      0.00000      0.00000      0.00000
      3.63000      0.00000      0.00000      0.00000
      3.64000      0.00000      0.00000      0.00000
      3.65000      0.00000      0.00000      0.00000
      3.66000      0.00000      0.00000      0.00000
      3.67000      0.00000      0.00000      0.00000
      3.68000      0.00000      0.00000      0.00000
      3.69000      0.00000      0.00000      0.00000
      3.70000      0.00000      0.00000      0.00000
      3.71000      0.00000      0.00000      0.00000
      3.72000      0.00000      0.00000      0.00000
      3.73000      0.00000      0.00000      0.00000
      3.74000      0.00000      0.00000      0.00000
      3.75000      0.00000      0.00000      0.00000
      3.76000      0.00000      0.00000      0.00000
      3.77000      0.00000      0.00000      0.00000
      3.78000      0.00000      0.00000      0.00000
      3.79000      0.00000      0.00000      0.00000
      3.80000      0.00000      0.00000      0.00000
      3.81000      0.00000      0.00000      0.00000
      3.82000      0.00000      0.00000      0.00000
      3.83000      0.00000      0.00000      0.00000
      3.84000      0.00000      0.00000      0.00000
      3.85000      0.00000      0.00000      0.00000
      3.86000      0.00000      0.00000      0.00000
      3.87000      0.00000      0.00000      0.00000
      3.88000      0.00000      0.00000      0.00000
      3.89000      0.00000      0.00000      0.00000
      3.90000      0.00000      0.00000      0.00000
      3.91000      0.00000      0.00000      0.00000
      3.92000      0.00000      0.00000      0.00000
      3.93000      0.00000      0.00000      0.00000
      3.94000      0.00000      0.00000      0.00000
      3.95000      0.00000      0.00000      0.00000
      3.96000      0.00000      0.00000      0.00000
      3.97000      0.00000      0.00000      0.00000
      3.98000      0.00000      0.00000      0.00000
      3.99000      0.00000      0.00000      0.00000
      4.00000      0.00000      0.00000      0.00000
      4.01000      0.00000      0.00000      0.00000
      4.02000      0.00000      0.00000      0.00000
      4.03000      0.00000      0.00000      0.00000
      4.04000      0.00000      0.00000      0.00000
      4.05000      0.00000      0.00000      0.00000
      4.06000      0.00000      0.00000      0.00000
      4.07000      0.00000      0.00000      0.00000
      4.08000      0.00000      0.00000      0.00000
      4.09000      0.00000      0.00000      0.00000
      4.10000      0.00000      0.00000      0.00000
      4.11000      0.00000      0.00000      0.00000
      4.12000      0.00000      0.00000      0.00000
      4.13000      0.00000      0.00000      0.00000
      4.14000      0.00000      0.00000      0.00000
      4.15000      0.00000      0.00000      0.00000
      4.16000      0.00000      0.00000      0.00000
      4.17000      0.00000      0.00000      0.00000
      4.18000      0.00000      0.00000      0.00000
      4.19000      0.00000      0.00000      0.00000
      4.20000      0.00000      0.00000      0.00000
      4.21000      0.00000      0.00000      0.00000
      4.22000      0.00000      0.00000      0.00000
      4.23000      0.00000      0.00000      0.00000
      4.24000      0.00000      0.00000      0.00000
      4.25000      0.00000      0.00000      0.00000
      4.26000      0.00000      0.00000      0.00000
      4.27000      0.00000      0.00000      0.00000
      4.28000      0.00000      0.00000      0.00000
      4.29000      0.00000      0.00000      0.00000
      4.30000      0.00000      0.00000      0.00000
      4.31000      0.00000      0.00000      0.00000
      4.32000      0.00000      0.00000      0.00000
      4.33000      0.00000      0.00000      0.00000
      4.34000      0.00000      0.00000      0.00000
      4.35000      0.00000      0.00000      0.00000
      4.36000      0.00000      0.00000      0.00000
      4.37000      0.00000      0.00000      0.00000
      4.38000      0.00000      0.00000      0.00000
      4.39000      0.00000      0.00000      0.00000
      4.40000      0.00000      0.00000      0.00000
      4.41000      0.00000      0.00000      0.00000
      4.42000      0.00000      0.00000      0.00000
      4.43000      0.00000      0.00000      0.00000
      4.44000      0.00000      0.00000      0.00000
      4.45000      0.00000      0.00000      0.00000
      4.46000      0.00000      0.00000      0.00000
      4.47000      0.00000      0.00000      0.00000
      4.48000      0.00000      0.00000      0.00000
      4.49000      0.00000      0.00000      0.00000
      4.50000      0.00000      0.00000      0.00000
      4.51000      0.00000      0.00000      0.00000
      4.52000      0.00000      0.00000      0.00000
      4.53000      0.00000      0.00000      0.00000
      4.54000      0.00000      0.00000      0.00000
      4.55000      0.00000      0.00000      0.00000
      4.56000      0.00000      0.00000      0.00000
      4.57000      0.00000      0.00000      0.00000
      4.58000      0.00000      0.00000      0.00000
      4.59000      0.00000      0.00000      0.00000
      4.60000      0.00000      0.00000      0.00000
      4.61000      0.00000      0.00000      0.00000
      4.62000      0.00000      0.00000      0.00000
      4.63000      0.00000      0.00000      0.00000
      4.64000      0.00000      0.00000      0.00000
      4.65000      0.00000      0.00000      0.00000
      4.66000      0.00000      0.00000      0.00000
      4.67000      0.00000      0.00000      0.00000
      4.68000      0.00000      0.00000      0.00000
      4.69000      0.00000      0.00000      0.00000
      4.70000      0.00000      0.00000      0.00000
      4.71000      0.00000      0.00000      0.00000
      4.72000      0.00000      0.00000      0.00000
      4.73000      0.00000      0.00000      0.00000
      4.74000      0.00000      0.00000      0.00000
      4.75000      0.00000      0.00000      0.00000
      4.76000      0.00000      0.00000      0.00000
      4.77000      0.00000      0.00000      0.00000
      4.78000      0.00000      0.00000      0.00000
      4.79000      0.00000      0.00000      0.00000
      4.80000      0.00000      0.00000      0.00000
      4.81000      0.00000      0.00000      0.00000
      4.82000      0.00000      0.00000      0.00000
      4.83000      0.00000      0.00000      0.00000
      4.84000      0.00000      0.00000      0.00000
      4.85000      0.00000      0.00000      0.00000
      4.86000      0.00000      0.00000      0.00000
      4.87000      0.00000      0.00000      0.00000
      4.88000      0.00000      0.00000      0.00000
      4.89000      0.00000      0.00000      0.00000
      4.90000      0.00000      0.00000      0.00000
      4.91000      0.00000      0.00000      0.00000
      4.92000      0.00000      0.00000      0.00000
      4.93000      0.00000      0.00000      0.00000
      4.94000      0.00000      0.00000      0.00000
      4.95000      0.00000      0.00000      0.00000
      4.96000      0.00000      0.00000      0.00000
      4.97000      0.00000      0.00000      0.00000
      4.98000      0.00000      0.00000      0.00000
      4.99000      0.00000      0.00000      0.00000
      5.00000      0.00000      0.00000      0.00000
      5.01000      0.00000      0.00000      0.00000
      5.02000      0.00000      0.00000      0.00000
      5.03000      0.00000      0.00000      0.00000
      5.04000      0.00000      0.00000      0.00000
      5.05000      0.00000      0.00000      0.00000
      5.06000      0.00000      0.00000      0.00000
      5.07000      0.00000      0.00000      0.00000
      5.08000      0.00000      0.00000      0.00000
      5.09000      0.00000      0.00000      0.00000
      5.10000      0.00000      0.00000      0.00000
      5.11000      0.00000      0.00000      0.00000
      5.12000      0.00000      0.00000      0.00000
      5.13000      0.00000      0.00000      0.00000
      5.14000      0.00000      0.00000      0.00000
      5.15000      0.00000      0.00000      0.00000
      5.16000      0.00000      0.00000      0.00000
      5.17000      0.00000      0.00000      0.00000
      5.18000      0.00000      0.00000      0.00000
      5.19000      0.00000      0.00000      0.00000
      5.20000      0.00000      0.00000      0.00000
      5.21000      0.00000      0.00000      0.00000
      5.22000      0.00000      0.00000      0.00000
      5.23000      0.00000      0.00000      0.00000
      5.24000      0.00000      0.00000      0.00000
      5.25000      0.00000      0.00000      0.00000
      5.26000      0.00000      0.00000      0.00000
      5.27000      0.00000      0.00000      0.00000
      5.28000      0.00000      0.00000      0.00000
      5.29000      0.00000      0.00000      0.00000
      5.30000      0.00000      0.00000      0.00000
      5.31000      0.00000      0.00000      0.00000
      5.32000      0.00000      0.00000      0.00000
      5.33000      0.00000      0.00000      0.00000
      5.34000      0.00000      0.00000      0.00000
      5.35000      0.00000      0.00000      0.00000
      5.36000      0.00000      0.00000      0.00000
      5.37000      0.00000      0.00000      0.00000
      5.38000      0.00000      0.00000      0.00000
      5.39000      0.00000      0.00000      0.00000
      5.40000      0.00000      0.00000      0.00000
      5.41000      0.00000      0.00000      0.00000
      5.42000      0.00000      0.00000      0.00000
      5.43000      0.00000      0.00000      0.00000
      5.44000      0.00000      0.00000      0.00000
      5.45000      0.00000      0.00000      0.00000
      5.46000      0.00000      0.00000      0.00000
      5.47000      0.00000      0.00000      0.00000
      5.48000      0.00000      0.00000      0.00000
      5.49000      0.00000      0.00000      0.00000
      5.50000      0.00000      0.00000      0.00000
      5.51000      0.00000      0.00000      0.00000
      5.52000      0.00000      0.00000      0.00000
      5.53000      0.00000      0.00000      0.00000
      5.54000      0.00000      0.00000      0.00000
      5.55000      0.00000      0.00000      0.00000
      5.56000      0.00000      0.00000      0.00000
      5.57000      0.00000      0.00000      0.00000
      5.58000      0.00000      0.00000      0.00000
      5.59000      0.00000      0.00000      0.00000
      5.60000      0.00000      0.00000      0.00000
      5.61000      0.00000      0.00000      0.00000
      5.62000      0.00000      0.00000      0.00000
      5.63000      0.00000      0.00000      0.00000
      5.64000      0.00000      0.00000      0.00000
      5.65000      0.00000      0.00000      0.00000
      5.66000      0.00000      0.00000      0.00000
      5.67000      0.00000      0.00000      0.00000
      5.68000      0.00000      0.00000      0.00000
      5.69000      0.00000      0.00000      0.00000
      5.70000      0.00000      0.00000      0.00000
      5.71000      0.00000      0.00000      0.00000
      5.72000      0.00000      0.00000      0.00000
      5.73000      0.00000      0.00000      0.00000
      5.74000      0.00000      0.00000      0.00000
      5.75000      0.00000      0.00000      0.00000
      5.76000      0.00000      0.00000      0.00000
      5.77000      0.00000      0.00000      0.00000
      5.78000      0.00000      0.00000      0.00000
      5.79000      0.00000      0.00000      0.00000
      5.80000      0.00000      0.00000      0.00000
      5.81000      0.00000      0.00000      0.00000
      5.82000      0.00000      0.00000      0.00000
      5.83000      0.00000      0.00000      0.00000
      5.84000      0.00000      0.00000      0.00000
      5.85000      0.00000      0.00000      0.00000
      5.86000      0.00000      0.00000      0.00000
      5.87000      0.00000      0.00000      0.00000
      5.88000      0.00000      0.00000      0.00000
      5.89000      0.00000      0.00000      0.00000
      5.90000      0.00000      0.00000      0.00000
      5.91000      0.00000      0.00000      0.00000
      5.92000      0.00000      0.00000      0.00000
      5.93000      0.00000      0.00000      0.00000
      5.94000      0.00000      0.00000      0.00000
      5.95000      0.00000      0.00000      0.00000
      5.96000      0.00000      0.00000      0.00000
      5.97000      0.00000      0.00000      0.00000
      5.98000      0.00000      0.00000      0.00000
      5.99000      0.00000      0.00000      0.00000
      6.00000      0.00000      0.00000      0.00000
      6.01000      0.00000      0.00000      0.00000
      6.02000      0.00000      0.00000      0.00000
      6.03000      0.00000      0.00000      0.00000
      6.04000      0.00000      0.00000      0.00000
      6.05000      0.00000      0.00000      0.00000
      6.06000      0.00000      0.00000      0.00000
      6.07000      0.00000      0.00000      0.00000
      6.08000      0.00000      0.00000      0.00000
      6.09000      0.00000      0.00000      0.00000
      6.10000      0.00000      0.00000      0.00000
      6.11000      0.00000      0.00000      0.00000
      6.12000      0.00000      0.00000      0.00000
      6.13000      0.00000      0.00000      0.00000
      6.14000      0.00000      0.00000      0.00000
      6.15000      0.00000      0.00000      0.00000
      6.16000      0.00000      0.00000      0.00000
      6.17000      0.00000      0.00000      0.00000
      6.18000      0.00000      0.00000      0.00000
      6.19000      0.00000      0.00000      0.00000
      6.20000      0.00000      0.00000      0.00000
      6.21000      0.00000      0.00000      0.00000
      6.22000      0.00000      0.00000      0.00000
      6.23000      0.00000      0.00000      0.00000
      6.24000      0.00000      0.00000      0.00000
      6.25000      0.00000      0.00000      0.00000
      6.26000      0.00000      0.00000      0.00000
      6.27000      0.00000      0.00000      0.00000
      6.28000      0.00000      0.00000      0.00000
      6.29000      0.00000      0.00000      0.00000
      6.30000      0.00000      0.00000      0.00000
      6.31000      0.00000      0.00000      0.00000
      6.32000      0.00000      0.00000      0.00000
      6.33000      0.00000      0.00000      0.00000
      6.34000      0.00000      0.00000      0.00000
      6.35000      0.00000      0.00000      0.00000
      6.36000      0.00000      0.00000      0.00000
      6.37000      0.00000      0.00000      0.00000
      6.38000      0.00000      0.00000      0.00000
      6.39000      0.00000      0.00000      0.00000
      6.40000      0.00000      0.00000      0.00000
      6.41000      0.00000      0.00000      0.00000
      6.42000      0.00000      0.00000      0.00000
      6.43000      0.00000      0.00000      0.00000
      6.44000      0.00000      0.00000      0.00000
      6.45000      0.00000      0.00000      0.00000
      6.46000      0.00000      0.00000      0.00000
      6.47000      0.00000      0.00000      0.00000
      6.48000      0.00000      0.00000      0.00000
      6.49000      0.00000      0.00000      0.00000
      6.50000      0.00000      0.00000      0.00000
      6.51000      0.00000      0.00000      0.00000
      6.52000      0.00000      0.00000      0.00000
      6.53000      0.00000      0.00000      0.00000
      6.54000      0.00000      0.00000      0.00000
      6.55000      0.00000      0.00000      0.00000
      6.56000      0.00000      0.00000      0.00000
      6.57000      0.00000      0.00000      0.00000
      6.58000      0.00000      0.00000      0.00000
      6.59000      0.00000      0.00000      0.00000
      6.60000      0.00000      0.00000      0.00000
      6.61000      0.00000      0.00000      0.00000
      6.62000      0.00000      0.00000      0.00000
      6.63000      0.00000      0.00000      0.00000
      6.64000      0.00000      0.00000      0.00000
      6.65000      0.00000      0.00000      0.00000
      6.66000      0.00000      0.00000      0.00000
      6.67000      0.00000      0.00000      0.00000
      6.68000      0.00000      0.00000      0.00000
      6.69000      0.00000      0.00000      0.00000
      6.70000      0.00000      0.00000      0.00000
      6.71000      0.00000      0.00000      0.00000
      6.72000      0.00000      0.00000      0.00000
      6.73000      0.00000      0.00000      0.00000
      6.74000      0.00000      0.00000      0.00000
      6.75000      0.00000      0.00000      0.00000
      6.76000      0.00000      0.00000      0.00000
      6.77000      0.00000      0.00000      0.00000
      6.78000      0.00000      0.00000      0.00000
      6.79000      0.00000      0.00000      0.00000
      6.80000      0.00000      0.00000      0.00000
      6.81000      0.00000      0.00000      0.00000
      6.82000      0.00000      0.00000      0.00000
      6.83000      0.00000      0.00000      0.00000
      6.84000      0.00000      0.00000      0.00000
      6.85000      0.00000      0.00000      0.00000
      6.86000      0.00000      0.00000      0.00000
      6.87000      0.00000      0.00000      0.00000
      6.88000      0.00000      0.00000      0.00000
      6.89000      0.00000      0.00000      0.00000
      6.90000      0.00000      0.00000      0.00000
      6.91000      0.00000      0.00000      0.00000
      6.92000      0.00000      0.00000      0.00000
      6.93000      0.00000      0.00000      0.00000
      6.94000      0.00000      0.00000      0.00000
      6.95000      0.00000      0.00000      0.00000
      6.96000      0.00000      0.00000      0.00000
      6.97000      0.00000      0.00000      0.00000
      6.98000      0.00000      0.00000      0.00000
      6.99000      0.00000      0.00000      0.00000
      7.00000      0.00000      0.00000      0.00000
      7.01000      0.00000      0.00000      0.00000
      7.02000      0.00000      0.00000      0.00000
      7.03000      0.00000      0.00000      0.00000
      7.04000      0.00000      0.00000      0.00000
      7.05000      0.00000      0.00000      0.00000
      7.06000      0.00000      0.00000      0.00000
      7.07000      0.00000      0.00000      0.00000
      7.08000      0.00000      0.00000      0.00000
      7.09000      0.00000      0.00000      0.00000
      7.10000      0.00000      0.00000      0.00000
      7.11000      0.00000      0.00000      0.00000
      7.12000      0.00000      0.00000      0.00000
      7.13000      0.00000      0.00000      0.00000
      7.14000      0.00000      0.00000      0.00000
      7.15000      0.00000      0.00000      0.00000
      7.16000      0.00000      0.00000      0.00000
      7.17000      0.00000      0.00000      0.00000
      7.18000      0.00000      0.00000      0.00000
      7.19000      0.00000      0.00000      0.00000
      7.20000      0.00000      0.00000      0.00000
      7.21000      0.00000      0.00000      0.00000
      7.22000      0.00000      0.00000      0.00000
      7.23000      0.00000      0.00000      0.00000
      7.24000      0.00000      0.00000      0.00000
      7.25000      0.00000      0.00000      0.00000
      7.26000      0.00000      0.00000      0.00000
      7.27000      0.00000      0.00000      0.00000
      7.28000      0.00000      0.00000      0.00000
      7.29000      0.00000      0.00000      0.00000
      7.30000      0.00000      0.00000      0.00000
      7.31000      0.00000      0.00000      0.00000
      7.32000      0.00000      0.00000      0.00000
      7.33000      0.00000      0.00000      0.00000
      7.34000      0.00000      0.00000      0.00000
      7.35000      0.00000      0.00000      0.00000
      7.36000      0.00000      0.00000      0.00000
      7.37000      0.00000      0.00000      0.00000
      7.38000      0.00000      0.00000      0.00000
      7.39000      0.00000      0.00000      0.00000
      7.40000      0.00000      0.00000      0.00000
      7.41000      0.00000      0.00000      0.00000
      7.42000      0.00000      0.00000      0.00000
      7.43000      0.00000      0.00000      0.00000
      7.44000      0.00000      0.00000      0.00000
      7.45000      0.00000      0.00000      0.00000
      7.46000      0.00000      0.00000      0.00000
      7.47000      0.00000      0.00000      0.00000
      7.48000      0.00000      0.00000      0.00000
      7.49000      0.00000      0.00000      0.00000
      7.50000      0.00000      0.00000      0.00000
      7.51000      0.00000      0.00000      0.00000
      7.52000      0.00000      0.00000      0.00000
      7.53000      0.00000      0.00000      0.00000
      7.54000      0.00000      0.00000      0.00000
      7.55000      0.00005      0.00005      0.00001
      7.56000      0.00176      0.00157      0.00019
      7.57000      0.02213      0.01972      0.00241
      7.58000      0.11068      0.09861      0.01207
      7.59000      0.24303      0.21637      0.02667
      7.60000      0.29839      0.26516      0.03323
      7.61000      0.33365      0.29554      0.03811
      7.62000      0.41297      0.36484      0.04813
      7.63000      0.42181      0.37176      0.05005
      7.64000      0.38006      0.33376      0.04630
      7.65000      0.39462      0.34542      0.04921
      7.66000      0.37583      0.32813      0.04770
      7.67000      0.28075      0.24424      0.03651
      7.68000      0.32151      0.27827      0.04324
      7.69000      0.60950      0.52695      0.08255
      7.70000      0.75209      0.64907      0.10303
      7.71000      0.57762      0.49585      0.08177
      7.72000      0.40196      0.34137      0.06059
      7.73000      0.49372      0.40973      0.08399
      7.74000      0.97053      0.78846      0.18206
      7.75000      1.28231      1.02131      0.26100
      7.76000      1.31189      1.02613      0.28577
      7.77000      1.74148      1.36548      0.37600
      7.78000      2.26549      1.78816      0.47733
      7.79000      2.26986      1.80294      0.46692
      7.80000      2.06605      1.65033      0.41572
      7.81000      1.74808      1.39508      0.35300
      7.82000      1.24735      0.98711      0.26024
      7.83000      1.03030      0.80204      0.22826
      7.84000      1.11738      0.86528      0.25211
      7.85000      1.09098      0.84945      0.24153
      7.86000      1.12395      0.88162      0.24232
      7.87000      1.11452      0.87841      0.23611
      7.88000      0.87062      0.68576      0.18486
      7.89000      0.67212      0.52661      0.14551
      7.90000      0.66887      0.52305      0.14581
      7.91000      0.75126      0.58625      0.16501
      7.92000      0.88686      0.68390      0.20296
      7.93000      1.05272      0.80850      0.24422
      7.94000      1.12580      0.87067      0.25513
      7.95000      0.97693      0.76555      0.21138
      7.96000      0.79193      0.63042      0.16151
      7.97000      0.71882      0.56732      0.15151
      7.98000      0.58043      0.44534      0.13509
      7.99000      0.50826      0.38486      0.12340
      8.00000      0.48165      0.36976      0.11189
      8.01000      0.39950      0.31199      0.08750
      8.02000      0.46793      0.36058      0.10735
      8.03000      0.84657      0.63979      0.20678
      8.04000      1.22375      0.92536      0.29838
      8.05000      1.07475      0.81775      0.25700
      8.06000      0.56523      0.43471      0.13051
      8.07000      0.25940      0.20287      0.05652
      8.08000      0.20851      0.16133      0.04718
      8.09000      0.42303      0.32086      0.10217
      8.10000      0.70571      0.53267      0.17304
      8.11000      0.71697      0.54250      0.17446
      8.12000      0.48376      0.37064      0.11312
      8.13000      0.33148      0.25811      0.07337
      8.14000      0.42025      0.32750      0.09275
      8.15000      0.63423      0.48722      0.14701
      8.16000      0.99214      0.74394      0.24821
      8.17000      1.17663      0.87092      0.30570
      8.18000      0.88071      0.65488      0.22583
      8.19000      0.43363      0.32755      0.10608
      8.20000      0.13937      0.10649      0.03288
      8.21000      0.04531      0.03450      0.01081
      8.22000      0.17367      0.13082      0.04285
      8.23000      0.53935      0.40361      0.13575
      8.24000      0.74319      0.55127      0.19192
      8.25000      0.53472      0.39523      0.13949
      8.26000      0.39518      0.29819      0.09699
      8.27000      0.41131      0.31408      0.09724
      8.28000      0.29721      0.22601      0.07120
      8.29000      0.25445      0.19014      0.06431
      8.30000      0.49228      0.36191      0.13037
      8.31000      0.94231      0.68488      0.25743
      8.32000      0.97387      0.70377      0.27010
      8.33000      0.51149      0.37210      0.13939
      8.34000      0.27554      0.20623      0.06931
      8.35000      0.31685      0.23885      0.07799
      8.36000      0.42123      0.31800      0.10323
      8.37000      0.43606      0.32994      0.10612
      8.38000      0.48011      0.35966      0.12044
      8.39000      0.59844      0.43813      0.16032
      8.40000      0.57746      0.41682      0.16064
      8.41000      0.35370      0.25608      0.09763
      8.42000      0.15159      0.11112      0.04047
      8.43000      0.16520      0.12221      0.04300
      8.44000      0.29827      0.22084      0.07743
      8.45000      0.34554      0.25447      0.09107
      8.46000      0.47546      0.34499      0.13046
      8.47000      0.76554      0.54686      0.21869
      8.48000      0.92111      0.65405      0.26707
      8.49000      0.63172      0.45309      0.17900
      8.50000      0.35101      0.26642      0.08964
      8.51000      0.33139      0.29041      0.06648
      8.52000      0.33144      0.32757      0.05130
      8.53000      0.27346      0.25702      0.04905
      8.54000      0.24564      0.19919      0.05809
      8.55000      0.44816      0.36992      0.10410
      8.56000      0.77913      0.68686      0.16464
      8.57000      0.78983      0.73499      0.15161
      8.58000      0.59480      0.59634      0.09530
      8.59000      0.58036      0.62662      0.07360
      8.60000      0.65092      0.72681      0.07218
      8.61000      0.65663      0.71262      0.08022
      8.62000      0.66779      0.67172      0.10465
      8.63000      0.93918      0.96855      0.13934
      8.64000      1.36883      1.43724      0.19391
      8.65000      1.60026      1.56765      0.27727
      8.66000      1.28970      1.16981      0.26403
      8.67000      0.59042      0.53993      0.11731
      8.68000      0.19299      0.21079      0.02162
      8.69000      0.14586      0.18559      0.00281
      8.70000      0.25048      0.29929      0.01369
      8.71000      0.43871      0.45372      0.05856
      8.72000      0.70079      0.69747      0.10597
      8.73000      1.08160      1.18105      0.11147
      8.74000      1.32261      1.47599      0.12129
      8.75000      1.12402      1.18994      0.13555
      8.76000      0.86540      0.85295      0.13566
      8.77000      0.60919      0.55487      0.11713
      8.78000      0.35917      0.32386      0.07047
      8.79000      0.34801      0.34489      0.05347
      8.80000      0.45610      0.46503      0.06286
      8.81000      0.65097      0.65162      0.09476
      8.82000      0.77598      0.73910      0.13243
      8.83000      0.87421      0.77586      0.18005
      8.84000      0.91219      0.76258      0.21278
      8.85000      0.66303      0.54477      0.15818
      8.86000      0.40007      0.32056      0.09866
      8.87000      0.45524      0.40086      0.09375
      8.88000      0.73617      0.74154      0.10333
      8.89000      0.80513      0.85668      0.08844
      8.90000      0.65265      0.64928      0.09393
      8.91000      0.52613      0.44982      0.11431
      8.92000      0.41566      0.31427      0.11342
      8.93000      0.44219      0.31480      0.13276
      8.94000      0.43508      0.33916      0.11548
      8.95000      0.32935      0.32045      0.05314
      8.96000      0.32895      0.32336      0.05035
      8.97000      0.36442      0.30235      0.08495
      8.98000      0.30693      0.22921      0.08518
      8.99000      0.35399      0.27233      0.09468
      9.00000      0.46656      0.39743      0.10475
      9.01000      0.53771      0.48127      0.10892
      9.02000      0.79574      0.70150      0.16763
      9.03000      1.05192      0.92046      0.22559
      9.04000      0.91202      0.82815      0.17859
      9.05000      0.63659      0.61778      0.10228
      9.06000      0.36588      0.35964      0.05630
      9.07000      0.21010      0.17754      0.04823
      9.08000      0.21001      0.16938      0.05249
      9.09000      0.38675      0.37269      0.06333
      9.10000      0.67972      0.68207      0.09679
      9.11000      0.66532      0.63741      0.11179
      9.12000      0.45954      0.37667      0.11270
      9.13000      0.41717      0.29537      0.12790
      9.14000      0.40164      0.30085      0.11366
      9.15000      0.38487      0.33455      0.08335
      9.16000      0.35605      0.31375      0.07446
      9.17000      0.32651      0.24960      0.08897
      9.18000      0.39305      0.28315      0.11655
      9.19000      0.52181      0.41304      0.13419
      9.20000      0.68823      0.60405      0.14541
      9.21000      0.95894      0.86135      0.19381
      9.22000      1.14569      1.00164      0.24808
      9.23000      0.84115      0.73359      0.18371
      9.24000      0.39262      0.37942      0.06493
      9.25000      0.15889      0.18200      0.01034
      9.26000      0.14733      0.17543      0.00651
      9.27000      0.30906      0.32497      0.03753
      9.28000      0.49858      0.45601      0.09733
      9.29000      0.52941      0.46216      0.11456
      9.30000      0.36568      0.31772      0.07976
      9.31000      0.27076      0.20296      0.07776
      9.32000      0.40177      0.26976      0.13321
      9.33000      0.53945      0.36099      0.17866
      9.34000      0.42753      0.29336      0.13697
      9.35000      0.27706      0.23575      0.06361
      9.36000      0.44485      0.47187      0.05073
      9.37000      0.67024      0.73567      0.06218
      9.38000      0.67308      0.69467      0.08664
      9.39000      0.53244      0.48090      0.10697
      9.40000      0.42644      0.35110      0.10583
      9.41000      0.56590      0.45755      0.14643
      9.42000      0.68921      0.52546      0.19588
      9.43000      0.52389      0.36935      0.16510
      9.44000      0.34934      0.23459      0.11607
      9.45000      0.35357      0.23807      0.11665
      9.46000      0.35219      0.25609      0.10573
      9.47000      0.37255      0.31672      0.08702
      9.48000      0.44344      0.37677      0.10392
      9.49000      0.39042      0.29480      0.11202
      9.50000      0.31082      0.21200      0.10206
      9.51000      0.35521      0.25132      0.11185
      9.52000      0.43668      0.37617      0.09982
      9.53000      0.45664      0.47477      0.05841
      9.54000      0.48266      0.49066      0.06746
      9.55000      0.58552      0.56348      0.09878
      9.56000      0.51137      0.48738      0.08871
      9.57000      0.43370      0.37267      0.09871
      9.58000      0.45737      0.39930      0.10107
      9.59000      0.47502      0.43801      0.09289
      9.60000      0.64999      0.58194      0.13795
      9.61000      0.85526      0.72992      0.20164
      9.62000      0.73492      0.59506      0.19113
      9.63000      0.41093      0.30694      0.12089
      9.64000      0.18556      0.12818      0.06029
      9.65000      0.16824      0.12405      0.05072
      9.66000      0.26477      0.23061      0.06065
      9.67000      0.35246      0.31984      0.07356
      9.68000      0.39106      0.32016      0.10007
      9.69000      0.44304      0.37111      0.10774
      9.70000      0.55702      0.51810      0.10686
      9.71000      0.63603      0.59368      0.12149
      9.72000      0.55287      0.49819      0.11530
      9.73000      0.36752      0.30422      0.09153
      9.74000      0.26460      0.18665      0.08409
      9.75000      0.28362      0.18594      0.09821
      9.76000      0.37307      0.24282      0.13030
      9.77000      0.42688      0.28013      0.14787
      9.78000      0.49832      0.35059      0.15976
      9.79000      0.78715      0.63034      0.20982
      9.80000      1.03930      0.91496      0.23096
      9.81000      0.77162      0.74201      0.13669
      9.82000      0.32091      0.34259      0.03764
      9.83000      0.12332      0.14546      0.00575
      9.84000      0.12483      0.12602      0.01476
      9.85000      0.34280      0.30001      0.06505
      9.86000      0.70161      0.63693      0.12298
      9.87000      0.88964      0.88163      0.11410
      9.88000      0.79972      0.82434      0.08282
      9.89000      0.76766      0.74549      0.10669
      9.90000      0.87305      0.78024      0.15834
      9.91000      0.83727      0.72838      0.16011
      9.92000      0.64413      0.60997      0.09377
      9.93000      0.60247      0.62410      0.05918
      9.94000      0.66761      0.68829      0.06824
      9.95000      0.74655      0.72724      0.09487
      9.96000      0.78381      0.71851      0.12392
      9.97000      0.79743      0.73050      0.13173
      9.98000      0.91536      0.84054      0.15751
      9.99000      0.89923      0.82614      0.15824
     10.00000      0.80397      0.75841      0.12417
     10.01000      0.81977      0.77603      0.11501
     10.02000      0.80398      0.73257      0.12599
     10.03000      0.63594      0.55892      0.10971
     10.04000      0.61015      0.52114      0.11438
     10.05000      0.73950      0.63227      0.14195
     10.06000      0.81120      0.73947      0.13693
     10.07000      0.81394      0.78716      0.12260
     10.08000      0.72551      0.74292      0.07629
     10.09000      0.77574      0.82376      0.04350
     10.10000      0.91095      0.93649      0.07984
     10.11000      1.06236      1.10465      0.11232
     10.12000      1.08362      1.12701      0.11962
     10.13000      0.91321      0.87232      0.13196
     10.14000      0.75382      0.65708      0.13376
     10.15000      0.74343      0.61299      0.15686
     10.16000      0.83106      0.72929      0.15971
     10.17000      0.97604      0.96772      0.12747
     10.18000      1.02857      1.05011      0.10155
     10.19000      0.83832      0.82411      0.08022
     10.20000      0.61559      0.57971      0.06831
     10.21000      0.59069      0.55952      0.07829
     10.22000      0.88872      0.84683      0.13247
     10.23000      0.97636      0.91401      0.14787
     10.24000      0.67518      0.60923      0.10394
     10.25000      0.53661      0.45651      0.09523
     10.26000      0.58143      0.49654      0.10380
     10.27000      0.73636      0.68543      0.09834
     10.28000      1.02076      0.97796      0.12536
     10.29000      1.11841      1.03627      0.16775
     10.30000      1.23306      1.09067      0.22887
     10.31000      1.37935      1.22192      0.26220
     10.32000      1.08263      0.95428      0.20013
     10.33000      0.60928      0.55057      0.08332
     10.34000      0.40706      0.40282      0.01754
     10.35000      0.44716      0.45569      0.02007
     10.36000      0.56801      0.54076      0.07405
     10.37000      0.71570      0.61958      0.13069
     10.38000      0.88586      0.76278      0.14348
     10.39000      1.00183      0.91731      0.12152
     10.40000      0.95311      0.89976      0.10923
     10.41000      0.87031      0.77692      0.14023
     10.42000      0.79101      0.67144      0.15079
     10.43000      0.85612      0.76889      0.13090
     10.44000      1.10113      1.01223      0.15648
     10.45000      1.14406      1.02427      0.18507
     10.46000      0.87491      0.82305      0.12248
     10.47000      0.79687      0.79374      0.08396
     10.48000      0.91124      0.88705      0.11949
     10.49000      0.94966      0.88268      0.14153
     10.50000      1.12401      0.98260      0.17250
     10.51000      1.28136      1.11893      0.20173
     10.52000      1.27647      1.15931      0.20212
     10.53000      1.08856      1.03408      0.15867
     10.54000      0.78782      0.75668      0.10360
     10.55000      0.82505      0.74244      0.12401
     10.56000      1.24122      1.08449      0.21296
     10.57000      1.32098      1.12785      0.25053
     10.58000      0.79674      0.67489      0.15000
     10.59000      0.58510      0.54543      0.07591
     10.60000      0.99980      0.94252      0.13408
     10.61000      1.30197      1.16475      0.20949
     10.62000      1.20049      1.02222      0.20648
     10.63000      1.05734      0.88012      0.18744
     10.64000      0.96360      0.81890      0.17144
     10.65000      0.97395      0.84116      0.17629
     10.66000      1.14428      0.93546      0.23833
     10.67000      1.25378      1.02453      0.26038
     10.68000      1.32119      1.16018      0.23726
     10.69000      1.39956      1.24918      0.25589
     10.70000      1.42184      1.25898      0.26603
     10.71000      1.46064      1.31366      0.23699
     10.72000      1.34447      1.19018      0.21277
     10.73000      1.40078      1.19199      0.25867
     10.74000      1.58371      1.28734      0.33800
     10.75000      1.41857      1.12583      0.31378
     10.76000      1.34590      1.08963      0.28100
     10.77000      1.49534      1.23056      0.30647
     10.78000      1.65454      1.35834      0.34680
     10.79000      2.05098      1.64191      0.45233
     10.80000      2.59503      2.10282      0.55457
     10.81000      3.09546      2.57586      0.63615
     10.82000      3.28226      2.71951      0.68723
     10.83000      2.95806      2.41299      0.63814
     10.84000      2.54832      2.06205      0.56077
     10.85000      2.25606      1.80953      0.50539
     10.86000      1.57733      1.27405      0.35187
     10.87000      0.73707      0.65493      0.14116
     10.88000      0.28973      0.32472      0.02744
     10.89000      0.16776      0.21995      0.00230
     10.90000      0.08468      0.11329      0.00008
     10.91000      0.06421      0.08455      0.00000
     10.92000      0.12531      0.16402      0.00000
     10.93000      0.12009      0.15720      0.00000
     10.94000      0.06366      0.08388      0.00000
     10.95000      0.09526      0.12704      0.00000
     10.96000      0.13859      0.18503      0.00000
     10.97000      0.08187      0.10926      0.00000
     10.98000      0.04806      0.06374      0.00000
     10.99000      0.11832      0.15659      0.00000
     11.00000      0.19351      0.25706      0.00000
     11.01000      0.18583      0.24840      0.00000
     11.02000      0.15948      0.21319      0.00000
     11.03000      0.24844      0.32964      0.00000
     11.04000      0.42782      0.56790      0.00000
     11.05000      0.42389      0.56290      0.00000
     11.06000      0.30653      0.40688      0.00000
     11.07000      0.21183      0.28256      0.00000
     11.08000      0.09836      0.13181      0.00000
     11.09000      0.02094      0.02811      0.00000
     11.10000      0.00412      0.00548      0.00000
     11.11000      0.02493      0.03293      0.00000
     11.12000      0.09589      0.12664      0.00000
     11.13000      0.13673      0.18057      0.00000
     11.14000      0.07215      0.09528      0.00000
     11.15000      0.01479      0.01955      0.00000
     11.16000      0.01222      0.01634      0.00000
     11.17000      0.06936      0.09275      0.00000
     11.18000      0.19580      0.26099      0.00000
     11.19000      0.34060      0.45199      0.00000
     11.20000      0.44159      0.58565      0.00000
     11.21000      0.38327      0.50963      0.00000
     11.22000      0.32146      0.42838      0.00000
     11.23000      0.41695      0.55514      0.00000
     11.24000      0.32249      0.42860      0.00000
     11.25000      0.14367      0.19010      0.00000
     11.26000      0.18356      0.24182      0.00000
     11.27000      0.30697      0.40539      0.00000
     11.28000      0.32904      0.43636      0.00000
     11.29000      0.26308      0.34935      0.00000
     11.30000      0.17858      0.23650      0.00000
     11.31000      0.09304      0.12312      0.00000
     11.32000      0.13469      0.17891      0.00000
     11.33000      0.26694      0.35484      0.00000
     11.34000      0.21393      0.28442      0.00000
     11.35000      0.06337      0.08427      0.00000
     11.36000      0.00728      0.00968      0.00000
     11.37000      0.00720      0.00957      0.00000
     11.38000      0.04919      0.06537      0.00000
     11.39000      0.13839      0.18398      0.00000
     11.40000      0.21065      0.28041      0.00000
     11.41000      0.28317      0.37765      0.00000
     11.42000      0.25137      0.33549      0.00000
     11.43000      0.14158      0.18866      0.00000
     11.44000      0.25580      0.33922      0.00000
     11.45000      0.53287      0.70555      0.00000
     11.46000      0.50571      0.66909      0.00000
     11.47000      0.19654      0.25994      0.00000
     11.48000      0.02991      0.03955      0.00000
     11.49000      0.00358      0.00474      0.00000
     11.50000      0.02563      0.03397      0.00000
     11.51000      0.13638      0.18080      0.00000
     11.52000      0.29675      0.39338      0.00000
     11.53000      0.30983      0.41052      0.00000
     11.54000      0.19726      0.26114      0.00000
     11.55000      0.09961      0.13182      0.00000
     11.56000      0.10818      0.14304      0.00000
     11.57000      0.18717      0.24695      0.00000
     11.58000      0.28386      0.37417      0.00000
     11.59000      0.36139      0.47655      0.00000
     11.60000      0.40781      0.53843      0.00000
     11.61000      0.40264      0.53235      0.00000
     11.62000      0.26562      0.35147      0.00000
     11.63000      0.13201      0.17490      0.00000
     11.64000      0.09956      0.13191      0.00000
     11.65000      0.15585      0.20607      0.00000
     11.66000      0.28257      0.37288      0.00000
     11.67000      0.40816      0.53762      0.00000
     11.68000      0.45456      0.59873      0.00000
     11.69000      0.39760      0.52405      0.00000
     11.70000      0.25921      0.34146      0.00000
     11.71000      0.12610      0.16612      0.00000
     11.72000      0.12293      0.16234      0.00000
     11.73000      0.14206      0.18765      0.00000
     11.74000      0.12532      0.16492      0.00000
     11.75000      0.23950      0.31367      0.00000
     11.76000      0.37310      0.48815      0.00000
     11.77000      0.28308      0.37060      0.00000
     11.78000      0.16140      0.21186      0.00000
     11.79000      0.23633      0.31003      0.00000
     11.80000      0.34002      0.44543      0.00000
     11.81000      0.42839      0.56249      0.00000
     11.82000      0.44082      0.57919      0.00000
     11.83000      0.25421      0.33238      0.00000
     11.84000      0.10033      0.12972      0.00000
     11.85000      0.02919      0.03747      0.00000
     11.86000      0.00605      0.00776      0.00000
     11.87000      0.03127      0.04010      0.00000
     11.88000      0.18779      0.24094      0.00000
     11.89000      0.44129      0.56721      0.00000
     11.90000      0.44213      0.57080      0.00000
     11.91000      0.22046      0.28665      0.00000
     11.92000      0.06703      0.08732      0.00000
     11.93000      0.06638      0.08455      0.00000
     11.94000      0.14594      0.18559      0.00000
     11.95000      0.18184      0.23289      0.00000
     11.96000      0.18384      0.23803      0.00000
     11.97000      0.17165      0.22429      0.00000
     11.98000      0.17312      0.22726      0.00000
     11.99000      0.16449      0.21273      0.00000
     12.00000      0.16780      0.21233      0.00000
     12.01000      0.18678      0.23918      0.00000
     12.02000      0.38508      0.50403      0.00000
     12.03000      0.66686      0.87426      0.00000
     12.04000      0.58838      0.77044      0.00000
     12.05000      0.38330      0.49746      0.00000
     12.06000      0.40164      0.51018      0.00000
     12.07000      0.42311      0.53415      0.00000
     12.08000      0.27235      0.34674      0.00000
     12.09000      0.18075      0.23460      0.00000
     12.10000      0.13700      0.17834      0.00000
     12.11000      0.15313      0.19716      0.00000
     12.12000      0.18444      0.23431      0.00000
     12.13000      0.17829      0.22326      0.00000
     12.14000      0.20094      0.25276      0.00000
     12.15000      0.26434      0.33751      0.00000
     12.16000      0.36629      0.47094      0.00000
     12.17000      0.33131      0.42289      0.00000
     12.18000      0.30171      0.37694      0.00000
     12.19000      0.43431      0.54397      0.00000
     12.20000      0.43005      0.54278      0.00000
     12.21000      0.21373      0.27069      0.00000
     12.22000      0.09429      0.11954      0.00000
     12.23000      0.19383      0.24422      0.00000
     12.24000      0.29145      0.36513      0.00000
     12.25000      0.25911      0.32324      0.00000
     12.26000      0.29454      0.36467      0.00000
     12.27000      0.30755      0.37810      0.00000
     12.28000      0.26302      0.32332      0.00000
     12.29000      0.27017      0.32753      0.00000
     12.30000      0.29099      0.34555      0.00000
     12.31000      0.21691      0.25398      0.00000
     12.32000      0.14772      0.17535      0.00000
     12.33000      0.16387      0.20664      0.00000
     12.34000      0.22562      0.28681      0.00000
     12.35000      0.34373      0.42198      0.00000
     12.36000      0.39703      0.47586      0.00000
     12.37000      0.23300      0.27503      0.00000
     12.38000      0.15438      0.18967      0.00000
     12.39000      0.35446      0.44493      0.00000
     12.40000      0.60317      0.75330      0.00000
     12.41000      0.73552      0.91516      0.00000
     12.42000      0.79083      0.98466      0.00000
     12.43000      0.62335      0.77943      0.00000
     12.44000      0.39502      0.48429      0.00000
     12.45000      0.42485      0.50159      0.00000
     12.46000      0.34768      0.40694      0.00000
     12.47000      0.11477      0.13402      0.00000
     12.48000      0.01832      0.02175      0.00000
     12.49000      0.03667      0.04613      0.00000
     12.50000      0.11259      0.14183      0.00000
     12.51000      0.13071      0.16455      0.00000
     12.52000      0.07476      0.09217      0.00000
     12.53000      0.16380      0.19015      0.00000
     12.54000      0.47856      0.55258      0.00000
     12.55000      0.67815      0.78861      0.00000
     12.56000      0.74142      0.87421      0.00000
     12.57000      0.71348      0.84069      0.00000
     12.58000      0.48094      0.57683      0.00000
