Energy-E_F (eV)    DOS (1/eV)    PDOS (1/eV)  of atom type B  N  
     -4.99000      0.85716      0.31217      0.54499
     -4.98000      1.13123      0.41672      0.71451
     -4.97000      1.54689      0.58171      0.96518
     -4.96000      1.66233      0.62470      1.03763
     -4.95000      1.36210      0.50822      0.85388
     -4.94000      1.05418      0.39116      0.66302
     -4.93000      0.75156      0.27648      0.47508
     -4.92000      0.62039      0.23031      0.39008
     -4.91000      0.89410      0.33427      0.55982
     -4.90000      1.24139      0.46364      0.77775
     -4.89000      1.42831      0.53709      0.89122
     -4.88000      1.22333      0.45897      0.76436
     -4.87000      0.85945      0.31691      0.54254
     -4.86000      0.82303      0.30342      0.51961
     -4.85000      0.90270      0.33555      0.56715
     -4.84000      1.05855      0.39382      0.66473
     -4.83000      1.35540      0.50370      0.85169
     -4.82000      1.67875      0.62396      1.05479
     -4.81000      1.88144      0.70168      1.17976
     -4.80000      1.87635      0.70142      1.17493
     -4.79000      1.79530      0.66821      1.12709
     -4.78000      1.47341      0.54390      0.92951
     -4.77000      1.01630      0.36994      0.64636
     -4.76000      1.00955      0.36952      0.64003
     -4.75000      1.15775      0.43206      0.72570
     -4.74000      1.09208      0.40548      0.68660
     -4.73000      1.08940      0.39782      0.69158
     -4.72000      1.17531      0.43350      0.74181
     -4.71000      1.24518      0.46719      0.77798
     -4.70000      1.31163      0.49610      0.81553
     -4.69000      1.33619      0.50578      0.83041
     -4.68000      1.30602      0.48723      0.81879
     -4.67000      1.22680      0.45581      0.77098
     -4.66000      1.04795      0.39457      0.65338
     -4.65000      0.79233      0.29838      0.49395
     -4.64000      0.70612      0.26077      0.44535
     -4.63000      1.03665      0.37479      0.66186
     -4.62000      1.18697      0.42261      0.76436
     -4.61000      0.96143      0.34180      0.61963
     -4.60000      0.99989      0.36677      0.63311
     -4.59000      1.16795      0.43465      0.73329
     -4.58000      1.02660      0.38179      0.64480
     -4.57000      0.79918      0.29617      0.50300
     -4.56000      0.76236      0.28421      0.47815
     -4.55000      1.00959      0.37827      0.63133
     -4.54000      1.26069      0.47130      0.78939
     -4.53000      1.07022      0.39776      0.67246
     -4.52000      0.88216      0.32676      0.55540
     -4.51000      1.01590      0.37566      0.64024
     -4.50000      0.97145      0.35717      0.61428
     -4.49000      0.81309      0.29940      0.51369
     -4.48000      0.80719      0.29733      0.50986
     -4.47000      0.68501      0.24811      0.43690
     -4.46000      0.48368      0.17103      0.31266
     -4.45000      0.55295      0.20138      0.35156
     -4.44000      1.00555      0.37754      0.62801
     -4.43000      1.38055      0.51604      0.86451
     -4.42000      1.24836      0.45589      0.79247
     -4.41000      0.96584      0.34742      0.61842
     -4.40000      0.87352      0.31418      0.55934
     -4.39000      0.81937      0.29357      0.52580
     -4.38000      1.02336      0.37535      0.64802
     -4.37000      1.28018      0.47603      0.80415
     -4.36000      0.92917      0.34547      0.58370
     -4.35000      0.44200      0.16431      0.27768
     -4.34000      0.53343      0.20131      0.33212
     -4.33000      0.94130      0.35843      0.58288
     -4.32000      1.21416      0.45755      0.75661
     -4.31000      1.23112      0.45252      0.77860
     -4.30000      1.02447      0.36981      0.65466
     -4.29000      0.74398      0.27103      0.47294
     -4.28000      0.67388      0.24716      0.42672
     -4.27000      0.62143      0.22039      0.40104
     -4.26000      0.50145      0.17449      0.32696
     -4.25000      0.49641      0.17926      0.31715
     -4.24000      0.76590      0.28689      0.47901
     -4.23000      1.12118      0.42336      0.69782
     -4.22000      1.09532      0.40775      0.68757
     -4.21000      0.75068      0.26824      0.48244
     -4.20000      0.61323      0.20977      0.40345
     -4.19000      0.74288      0.25745      0.48543
     -4.18000      0.88310      0.31302      0.57007
     -4.17000      0.93214      0.33398      0.59816
     -4.16000      0.81904      0.29838      0.52066
     -4.15000      0.91737      0.34209      0.57528
     -4.14000      1.04686      0.39254      0.65432
     -4.13000      0.84997      0.31293      0.53704
     -4.12000      0.67621      0.24036      0.43585
     -4.11000      0.60843      0.21869      0.38975
     -4.10000      0.65526      0.24328      0.41198
     -4.09000      0.86638      0.31800      0.54838
     -4.08000      1.05555      0.38912      0.66643
     -4.07000      1.09957      0.41143      0.68814
     -4.06000      0.89335      0.32558      0.56777
     -4.05000      0.65486      0.22739      0.42748
     -4.04000      0.56530      0.19659      0.36871
     -4.03000      0.57812      0.20761      0.37051
     -4.02000      0.60773      0.22094      0.38678
     -4.01000      0.68216      0.24955      0.43262
     -4.00000      0.71596      0.26212      0.45384
     -3.99000      0.65308      0.23978      0.41330
     -3.98000      0.59607      0.22004      0.37603
     -3.97000      0.82078      0.30059      0.52019
     -3.96000      1.04209      0.37219      0.66990
     -3.95000      0.93697      0.32950      0.60747
     -3.94000      0.79286      0.28356      0.50930
     -3.93000      0.83897      0.30683      0.53215
     -3.92000      0.95991      0.34904      0.61087
     -3.91000      1.06954      0.38468      0.68486
     -3.90000      0.94970      0.34162      0.60809
     -3.89000      0.64472      0.23047      0.41425
     -3.88000      0.51104      0.18559      0.32545
     -3.87000      0.61750      0.22763      0.38987
     -3.86000      0.74299      0.26934      0.47365
     -3.85000      0.83983      0.30120      0.53863
     -3.84000      0.75380      0.26592      0.48788
     -3.83000      0.61013      0.21422      0.39591
     -3.82000      0.70278      0.25388      0.44890
     -3.81000      0.74741      0.27193      0.47548
     -3.80000      0.58632      0.21339      0.37293
     -3.79000      0.47706      0.17673      0.30033
     -3.78000      0.58590      0.21398      0.37192
     -3.77000      0.79368      0.28394      0.50974
     -3.76000      0.85280      0.30385      0.54895
     -3.75000      0.74705      0.26509      0.48195
     -3.74000      0.66477      0.23909      0.42568
     -3.73000      0.84269      0.30367      0.53902
     -3.72000      1.08793      0.38711      0.70082
     -3.71000      0.94571      0.33344      0.61227
     -3.70000      0.56290      0.19312      0.36977
     -3.69000      0.35229      0.11514      0.23715
     -3.68000      0.47110      0.15486      0.31623
     -3.67000      0.71675      0.24397      0.47278
     -3.66000      0.76075      0.27491      0.48584
     -3.65000      0.72507      0.27399      0.45108
     -3.64000      0.81466      0.30170      0.51296
     -3.63000      0.99361      0.36456      0.62905
     -3.62000      0.99065      0.36390      0.62676
     -3.61000      0.80247      0.28966      0.51281
     -3.60000      0.64202      0.23040      0.41162
     -3.59000      0.65165      0.23321      0.41843
     -3.58000      0.75749      0.26314      0.49434
     -3.57000      0.71806      0.24344      0.47462
     -3.56000      0.60879      0.20981      0.39898
     -3.55000      0.61949      0.21924      0.40025
     -3.54000      0.76172      0.27240      0.48933
     -3.53000      0.93911      0.33779      0.60132
     -3.52000      0.79329      0.28909      0.50420
     -3.51000      0.47135      0.17857      0.29278
     -3.50000      0.30691      0.11724      0.18967
     -3.49000      0.42287      0.15083      0.27204
     -3.48000      0.57349      0.19417      0.37932
     -3.47000      0.59097      0.19105      0.39992
     -3.46000      0.73657      0.23815      0.49842
     -3.45000      0.83394      0.28193      0.55201
     -3.44000      0.89973      0.31885      0.58088
     -3.43000      0.92923      0.33191      0.59732
     -3.42000      0.68403      0.24294      0.44109
     -3.41000      0.51032      0.18058      0.32974
     -3.40000      0.55078      0.19561      0.35517
     -3.39000      0.70764      0.25204      0.45560
     -3.38000      0.85926      0.30085      0.55841
     -3.37000      0.85129      0.30110      0.55019
     -3.36000      0.72388      0.26125      0.46263
     -3.35000      0.64853      0.23304      0.41548
     -3.34000      0.71992      0.25945      0.46047
     -3.33000      0.81330      0.28756      0.52574
     -3.32000      0.82609      0.28036      0.54573
     -3.31000      0.74368      0.25057      0.49311
     -3.30000      0.52183      0.18045      0.34138
     -3.29000      0.44816      0.15468      0.29348
     -3.28000      0.59866      0.20272      0.39594
     -3.27000      0.66951      0.23315      0.43637
     -3.26000      0.54716      0.20052      0.34664
     -3.25000      0.62166      0.23113      0.39053
     -3.24000      0.90385      0.32585      0.57800
     -3.23000      0.85140      0.29773      0.55367
     -3.22000      0.48677      0.16887      0.31790
     -3.21000      0.26637      0.09847      0.16790
     -3.20000      0.29793      0.10957      0.18835
     -3.19000      0.46540      0.15566      0.30974
     -3.18000      0.66132      0.20858      0.45274
     -3.17000      0.83967      0.26602      0.57365
     -3.16000      0.99625      0.32896      0.66729
     -3.15000      1.02203      0.35195      0.67008
     -3.14000      1.03344      0.36917      0.66426
     -3.13000      1.12770      0.41067      0.71703
     -3.12000      0.97406      0.35232      0.62175
     -3.11000      0.57563      0.20127      0.37436
     -3.10000      0.35000      0.11969      0.23032
     -3.09000      0.39556      0.13526      0.26031
     -3.08000      0.40973      0.13460      0.27513
     -3.07000      0.35442      0.11065      0.24377
     -3.06000      0.39676      0.12621      0.27054
     -3.05000      0.62634      0.21124      0.41510
     -3.04000      0.81537      0.28460      0.53077
     -3.03000      0.77164      0.27283      0.49880
     -3.02000      0.71071      0.24835      0.46236
     -3.01000      0.68172      0.23250      0.44922
     -3.00000      0.65062      0.21931      0.43131
     -2.99000      0.61940      0.21077      0.40862
     -2.98000      0.44641      0.15098      0.29544
     -2.97000      0.39527      0.13025      0.26502
     -2.96000      0.51005      0.17040      0.33964
     -2.95000      0.47621      0.16843      0.30778
     -2.94000      0.62344      0.22815      0.39529
     -2.93000      1.14984      0.41422      0.73563
     -2.92000      1.33367      0.47228      0.86140
     -2.91000      0.95142      0.32548      0.62593
     -2.90000      0.67166      0.21902      0.45264
     -2.89000      0.51371      0.16469      0.34902
     -2.88000      0.38320      0.12285      0.26035
     -2.87000      0.43284      0.14138      0.29146
     -2.86000      0.59321      0.18896      0.40425
     -2.85000      0.70051      0.21937      0.48114
     -2.84000      0.72957      0.23634      0.49323
     -2.83000      0.73616      0.25023      0.48593
     -2.82000      0.69230      0.24588      0.44642
     -2.81000      0.61675      0.21464      0.40211
     -2.80000      0.56345      0.18938      0.37407
     -2.79000      0.44697      0.15541      0.29156
     -2.78000      0.35639      0.12246      0.23393
     -2.77000      0.46660      0.15138      0.31523
     -2.76000      0.62518      0.20247      0.42270
     -2.75000      0.72590      0.23739      0.48851
     -2.74000      0.75747      0.24949      0.50798
     -2.73000      0.83798      0.28280      0.55518
     -2.72000      0.90908      0.31985      0.58923
     -2.71000      0.69911      0.25249      0.44662
     -2.70000      0.55062      0.19473      0.35589
     -2.69000      0.58151      0.19146      0.39005
     -2.68000      0.50363      0.15436      0.34927
     -2.67000      0.40194      0.12417      0.27777
     -2.66000      0.44841      0.15627      0.29214
     -2.65000      0.68041      0.24196      0.43844
     -2.64000      0.73234      0.25373      0.47861
     -2.63000      0.58511      0.20205      0.38307
     -2.62000      0.69372      0.23153      0.46219
     -2.61000      0.92644      0.29435      0.63209
     -2.60000      0.86700      0.26627      0.60073
     -2.59000      0.61116      0.18435      0.42681
     -2.58000      0.43680      0.13698      0.29982
     -2.57000      0.39630      0.13100      0.26530
     -2.56000      0.39506      0.13380      0.26125
     -2.55000      0.56518      0.19181      0.37337
     -2.54000      0.88818      0.29926      0.58892
     -2.53000      1.09826      0.36738      0.73088
     -2.52000      0.98646      0.32660      0.65987
     -2.51000      0.66924      0.22114      0.44810
     -2.50000      0.46898      0.15884      0.31013
     -2.49000      0.43501      0.14477      0.29023
     -2.48000      0.39687      0.12423      0.27264
     -2.47000      0.41907      0.13058      0.28849
     -2.46000      0.55442      0.17545      0.37897
     -2.45000      0.63148      0.19842      0.43306
     -2.44000      0.67830      0.22183      0.45647
     -2.43000      0.72738      0.24438      0.48300
     -2.42000      0.70564      0.22612      0.47952
     -2.41000      0.59269      0.18324      0.40945
     -2.40000      0.43962      0.14774      0.29188
     -2.39000      0.36724      0.13363      0.23362
     -2.38000      0.45487      0.15932      0.29555
     -2.37000      0.75380      0.25054      0.50325
     -2.36000      0.92945      0.30662      0.62283
     -2.35000      0.86183      0.29277      0.56907
     -2.34000      0.60913      0.20998      0.39915
     -2.33000      0.48403      0.15373      0.33030
     -2.32000      0.61173      0.17533      0.43640
     -2.31000      0.63084      0.17801      0.45283
     -2.30000      0.60086      0.17696      0.42389
     -2.29000      0.70481      0.21707      0.48775
     -2.28000      0.81667      0.25703      0.55963
     -2.27000      0.84708      0.27512      0.57196
     -2.26000      0.64066      0.21226      0.42840
     -2.25000      0.38540      0.12663      0.25877
     -2.24000      0.29600      0.09571      0.20029
     -2.23000      0.42667      0.13745      0.28922
     -2.22000      0.66379      0.21377      0.45002
     -2.21000      0.92064      0.29419      0.62645
     -2.20000      0.87988      0.27995      0.59993
     -2.19000      0.61963      0.19809      0.42154
     -2.18000      0.57096      0.18509      0.38587
     -2.17000      0.67447      0.21332      0.46116
     -2.16000      0.65077      0.20058      0.45019
     -2.15000      0.55620      0.17523      0.38097
     -2.14000      0.59994      0.18978      0.41016
     -2.13000      0.57744      0.17967      0.39777
     -2.12000      0.44802      0.13895      0.30908
     -2.11000      0.57762      0.18124      0.39637
     -2.10000      0.77472      0.24088      0.53384
     -2.09000      0.64628      0.20242      0.44387
     -2.08000      0.42334      0.14380      0.27954
     -2.07000      0.40379      0.14404      0.25975
     -2.06000      0.46382      0.15276      0.31106
     -2.05000      0.61188      0.18458      0.42729
     -2.04000      0.65731      0.19780      0.45951
     -2.03000      0.54634      0.16161      0.38473
     -2.02000      0.67692      0.19896      0.47797
     -2.01000      0.95945      0.28833      0.67113
     -2.00000      0.91274      0.27497      0.63777
     -1.99000      0.73454      0.22613      0.50841
     -1.98000      0.78473      0.24699      0.53774
     -1.97000      0.83383      0.25775      0.57608
     -1.96000      0.72127      0.21676      0.50451
     -1.95000      0.46472      0.13576      0.32896
     -1.94000      0.36147      0.11125      0.25022
     -1.93000      0.42884      0.14317      0.28567
     -1.92000      0.48130      0.15657      0.32472
     -1.91000      0.52244      0.15763      0.36482
     -1.90000      0.66940      0.19363      0.47578
     -1.89000      0.83225      0.24802      0.58423
     -1.88000      0.78451      0.24117      0.54334
     -1.87000      0.67125      0.20389      0.46735
     -1.86000      0.69716      0.20704      0.49012
     -1.85000      0.64202      0.19036      0.45166
     -1.84000      0.51149      0.15624      0.35525
     -1.83000      0.59319      0.18173      0.41146
     -1.82000      0.59412      0.17864      0.41548
     -1.81000      0.50581      0.15299      0.35282
     -1.80000      0.56000      0.16480      0.39520
     -1.79000      0.54528      0.14868      0.39660
     -1.78000      0.32703      0.08475      0.24228
     -1.77000      0.10540      0.02677      0.07863
     -1.76000      0.11528      0.02878      0.08650
     -1.75000      0.32308      0.08059      0.24249
     -1.74000      0.50215      0.12540      0.37675
     -1.73000      0.55962      0.14016      0.41946
     -1.72000      0.60106      0.15089      0.45018
     -1.71000      0.65353      0.16350      0.49003
     -1.70000      0.60398      0.15050      0.45348
     -1.69000      0.43771      0.10888      0.32883
     -1.68000      0.44607      0.11039      0.33569
     -1.67000      0.54063      0.13321      0.40742
     -1.66000      0.46749      0.11500      0.35249
     -1.65000      0.29550      0.07269      0.22281
     -1.64000      0.19695      0.04845      0.14850
     -1.63000      0.19161      0.04689      0.14471
     -1.62000      0.32609      0.07903      0.24706
     -1.61000      0.52350      0.12634      0.39716
     -1.60000      0.53920      0.12982      0.40938
     -1.59000      0.45489      0.10959      0.34530
     -1.58000      0.39681      0.09595      0.30087
     -1.57000      0.46591      0.11248      0.35343
     -1.56000      0.51064      0.12282      0.38781
     -1.55000      0.38491      0.09232      0.29258
     -1.54000      0.30089      0.07173      0.22916
     -1.53000      0.42489      0.10085      0.32404
     -1.52000      0.48704      0.11509      0.37196
     -1.51000      0.35291      0.08298      0.26993
     -1.50000      0.29645      0.06966      0.22678
     -1.49000      0.32946      0.07730      0.25216
     -1.48000      0.32362      0.07526      0.24836
     -1.47000      0.34725      0.08014      0.26712
     -1.46000      0.34524      0.07964      0.26559
     -1.45000      0.33320      0.07712      0.25608
     -1.44000      0.54249      0.12587      0.41661
     -1.43000      0.80000      0.18588      0.61412
     -1.42000      0.77062      0.17887      0.59175
     -1.41000      0.61132      0.14125      0.47008
     -1.40000      0.56654      0.13017      0.43637
     -1.39000      0.54905      0.12567      0.42338
     -1.38000      0.40769      0.09315      0.31454
     -1.37000      0.38609      0.08734      0.29875
     -1.36000      0.51988      0.11636      0.40352
     -1.35000      0.56702      0.12645      0.44057
     -1.34000      0.49619      0.11057      0.38562
     -1.33000      0.42132      0.09369      0.32763
     -1.32000      0.39088      0.08632      0.30455
     -1.31000      0.36774      0.08098      0.28676
     -1.30000      0.34939      0.07725      0.27213
     -1.29000      0.53543      0.11840      0.41703
     -1.28000      0.70101      0.15422      0.54678
     -1.27000      0.65584      0.14344      0.51239
     -1.26000      0.56124      0.12182      0.43942
     -1.25000      0.53071      0.11432      0.41639
     -1.24000      0.47305      0.10171      0.37134
     -1.23000      0.36201      0.07739      0.28462
     -1.22000      0.48146      0.10202      0.37944
     -1.21000      0.53555      0.11288      0.42267
     -1.20000      0.39348      0.08254      0.31094
     -1.19000      0.32488      0.06805      0.25683
     -1.18000      0.38361      0.07971      0.30390
     -1.17000      0.47843      0.09873      0.37970
     -1.16000      0.71280      0.14841      0.56439
     -1.15000      1.02708      0.21598      0.81110
     -1.14000      0.99709      0.20993      0.78716
     -1.13000      0.83480      0.17423      0.66057
     -1.12000      0.78682      0.16222      0.62460
     -1.11000      0.78504      0.15999      0.62506
     -1.10000      0.74472      0.15044      0.59428
     -1.09000      0.72503      0.14545      0.57958
     -1.08000      0.68655      0.13682      0.54973
     -1.07000      0.68952      0.13614      0.55338
     -1.06000      0.74642      0.14603      0.60039
     -1.05000      0.78425      0.15214      0.63210
     -1.04000      0.86865      0.16714      0.70151
     -1.03000      1.07786      0.20657      0.87129
     -1.02000      1.25041      0.24095      1.00946
     -1.01000      0.99264      0.19369      0.79894
     -1.00000      0.65302      0.12820      0.52482
     -0.99000      0.57966      0.11234      0.46732
     -0.98000      0.67827      0.12941      0.54886
     -0.97000      0.73330      0.13850      0.59480
     -0.96000      0.52066      0.09751      0.42315
     -0.95000      0.30031      0.05543      0.24488
     -0.94000      0.23458      0.04279      0.19179
     -0.93000      0.24433      0.04441      0.19993
     -0.92000      0.30349      0.05508      0.24841
     -0.91000      0.47285      0.08619      0.38666
     -0.90000      0.96878      0.17956      0.78922
     -0.89000      1.75992      0.33076      1.42916
     -0.88000      1.77555      0.33492      1.44062
     -0.87000      0.86419      0.16185      0.70234
     -0.86000      0.31998      0.05802      0.26197
     -0.85000      0.18513      0.03266      0.15247
     -0.84000      0.18270      0.03190      0.15080
     -0.83000      0.25309      0.04414      0.20896
     -0.82000      0.25768      0.04494      0.21274
     -0.81000      0.27748      0.04825      0.22923
     -0.80000      0.32426      0.05649      0.26777
     -0.79000      0.37281      0.06528      0.30753
     -0.78000      0.55931      0.09856      0.46076
     -0.77000      0.75653      0.13394      0.62259
     -0.76000      0.72086      0.12668      0.59418
     -0.75000      0.42937      0.07413      0.35524
     -0.74000      0.23702      0.04012      0.19690
     -0.73000      0.22048      0.03700      0.18348
     -0.72000      0.26720      0.04461      0.22259
     -0.71000      0.32585      0.05422      0.27163
     -0.70000      0.40046      0.06648      0.33398
     -0.69000      0.46545      0.07721      0.38824
     -0.68000      0.51918      0.08616      0.43302
     -0.67000      0.64211      0.10684      0.53528
     -0.66000      0.78852      0.13216      0.65636
     -0.65000      0.85516      0.14331      0.71185
     -0.64000      0.64610      0.10674      0.53936
     -0.63000      0.31194      0.05037      0.26158
     -0.62000      0.12017      0.01900      0.10117
     -0.61000      0.16831      0.02632      0.14199
     -0.60000      0.28525      0.04447      0.24078
     -0.59000      0.26991      0.04178      0.22813
     -0.58000      0.33888      0.05206      0.28682
     -0.57000      0.42212      0.06491      0.35720
     -0.56000      0.35522      0.05492      0.30030
     -0.55000      0.38780      0.06011      0.32769
     -0.54000      0.44728      0.06893      0.37835
     -0.53000      0.35140      0.05341      0.29799
     -0.52000      0.26542      0.03952      0.22589
     -0.51000      0.25753      0.03786      0.21967
     -0.50000      0.32504      0.04742      0.27763
     -0.49000      0.36134      0.05248      0.30886
     -0.48000      0.38256      0.05527      0.32729
     -0.47000      0.37079      0.05359      0.31720
     -0.46000      0.38016      0.05506      0.32509
     -0.45000      0.54716      0.07869      0.46847
     -0.44000      0.70854      0.10095      0.60759
     -0.43000      0.48625      0.06882      0.41743
     -0.42000      0.15134      0.02124      0.13009
     -0.41000      0.09365      0.01264      0.08100
     -0.40000      0.23028      0.03088      0.19941
     -0.39000      0.30805      0.04119      0.26685
     -0.38000      0.29868      0.03947      0.25921
     -0.37000      0.35154      0.04617      0.30537
     -0.36000      0.36855      0.04854      0.32001
     -0.35000      0.30851      0.04058      0.26792
     -0.34000      0.27705      0.03592      0.24113
     -0.33000      0.24398      0.03102      0.21296
     -0.32000      0.22222      0.02784      0.19438
     -0.31000      0.25088      0.03114      0.21973
     -0.30000      0.32698      0.04017      0.28681
     -0.29000      0.40779      0.04972      0.35807
     -0.28000      0.48257      0.05841      0.42416
     -0.27000      0.48424      0.05847      0.42577
     -0.26000      0.31111      0.03747      0.27364
     -0.25000      0.20699      0.02424      0.18276
     -0.24000      0.27587      0.03160      0.24427
     -0.23000      0.22111      0.02523      0.19588
     -0.22000      0.12654      0.01421      0.11233
     -0.21000      0.23389      0.02582      0.20807
     -0.20000      0.35562      0.03905      0.31657
     -0.19000      0.34589      0.03749      0.30841
     -0.18000      0.31296      0.03341      0.27955
     -0.17000      0.23028      0.02433      0.20595
     -0.16000      0.20124      0.02088      0.18036
     -0.15000      0.29241      0.02988      0.26253
     -0.14000      0.38764      0.03922      0.34842
     -0.13000      0.35394      0.03546      0.31848
     -0.12000      0.25822      0.02541      0.23281
     -0.11000      0.21480      0.02065      0.19415
     -0.10000      0.22405      0.02116      0.20289
     -0.09000      0.24637      0.02294      0.22343
     -0.08000      0.25062      0.02301      0.22761
     -0.07000      0.22211      0.02001      0.20210
     -0.06000      0.26240      0.02306      0.23934
     -0.05000      0.34372      0.02979      0.31393
     -0.04000      0.29515      0.02532      0.26983
     -0.03000      0.19601      0.01643      0.17958
     -0.02000      0.21105      0.01718      0.19387
     -0.01000      0.22326      0.01795      0.20532
      0.00000      0.13631      0.01088      0.12543
      0.01000      0.03851      0.00306      0.03544
      0.02000      0.00437      0.00035      0.00402
      0.03000      0.00019      0.00001      0.00017
      0.04000      0.00000      0.00000      0.00000
      0.05000      0.00000      0.00000      0.00000
      0.06000      0.00000      0.00000      0.00000
      0.07000      0.00000      0.00000      0.00000
      0.08000      0.00000      0.00000      0.00000
      0.09000      0.00000      0.00000      0.00000
      0.10000      0.00000      0.00000      0.00000
      0.11000      0.00000      0.00000      0.00000
      0.12000      0.00000      0.00000      0.00000
      0.13000      0.00000      0.00000      0.00000
      0.14000      0.00000      0.00000      0.00000
      0.15000      0.00000      0.00000      0.00000
      0.16000      0.00000      0.00000      0.00000
      0.17000      0.00000      0.00000      0.00000
      0.18000      0.00000      0.00000      0.00000
      0.19000      0.00000      0.00000      0.00000
      0.20000      0.00000      0.00000      0.00000
      0.21000      0.00000      0.00000      0.00000
      0.22000      0.00000      0.00000      0.00000
      0.23000      0.00000      0.00000      0.00000
      0.24000      0.00000      0.00000      0.00000
      0.25000      0.00000      0.00000      0.00000
      0.26000      0.00000      0.00000      0.00000
      0.27000      0.00000      0.00000      0.00000
      0.28000      0.00000      0.00000      0.00000
      0.29000      0.00000      0.00000      0.00000
      0.30000      0.00000      0.00000      0.00000
      0.31000      0.00000      0.00000      0.00000
      0.32000      0.00000      0.00000      0.00000
      0.33000      0.00000      0.00000      0.00000
      0.34000      0.00000      0.00000      0.00000
      0.35000      0.00000      0.00000      0.00000
      0.36000      0.00000      0.00000      0.00000
      0.37000      0.00000      0.00000      0.00000
      0.38000      0.00000      0.00000      0.00000
      0.39000      0.00000      0.00000      0.00000
      0.40000      0.00000      0.00000      0.00000
      0.41000      0.00000      0.00000      0.00000
      0.42000      0.00000      0.00000      0.00000
      0.43000      0.00000      0.00000      0.00000
      0.44000      0.00000      0.00000      0.00000
      0.45000      0.00000      0.00000      0.00000
      0.46000      0.00000      0.00000      0.00000
      0.47000      0.00000      0.00000      0.00000
      0.48000      0.00000      0.00000      0.00000
      0.49000      0.00000      0.00000      0.00000
      0.50000      0.00000      0.00000      0.00000
      0.51000      0.00000      0.00000      0.00000
      0.52000      0.00000      0.00000      0.00000
      0.53000      0.00000      0.00000      0.00000
      0.54000      0.00000      0.00000      0.00000
      0.55000      0.00000      0.00000      0.00000
      0.56000      0.00000      0.00000      0.00000
      0.57000      0.00000      0.00000      0.00000
      0.58000      0.00000      0.00000      0.00000
      0.59000      0.00000      0.00000      0.00000
      0.60000      0.00000      0.00000      0.00000
      0.61000      0.00000      0.00000      0.00000
      0.62000      0.00000      0.00000      0.00000
      0.63000      0.00000      0.00000      0.00000
      0.64000      0.00000      0.00000      0.00000
      0.65000      0.00000      0.00000      0.00000
      0.66000      0.00000      0.00000      0.00000
      0.67000      0.00000      0.00000      0.00000
      0.68000      0.00000      0.00000      0.00000
      0.69000      0.00000      0.00000      0.00000
      0.70000      0.00000      0.00000      0.00000
      0.71000      0.00000      0.00000      0.00000
      0.72000      0.00000      0.00000      0.00000
      0.73000      0.00000      0.00000      0.00000
      0.74000      0.00000      0.00000      0.00000
      0.75000      0.00000      0.00000      0.00000
      0.76000      0.00000      0.00000      0.00000
      0.77000      0.00000      0.00000      0.00000
      0.78000      0.00000      0.00000      0.00000
      0.79000      0.00000      0.00000      0.00000
      0.80000      0.00000      0.00000      0.00000
      0.81000      0.00000      0.00000      0.00000
      0.82000      0.00000      0.00000      0.00000
      0.83000      0.00000      0.00000      0.00000
      0.84000      0.00000      0.00000      0.00000
      0.85000      0.00000      0.00000      0.00000
      0.86000      0.00000      0.00000      0.00000
      0.87000      0.00000      0.00000      0.00000
      0.88000      0.00000      0.00000      0.00000
      0.89000      0.00000      0.00000      0.00000
      0.90000      0.00000      0.00000      0.00000
      0.91000      0.00000      0.00000      0.00000
      0.92000      0.00000      0.00000      0.00000
      0.93000      0.00000      0.00000      0.00000
      0.94000      0.00000      0.00000      0.00000
      0.95000      0.00000      0.00000      0.00000
      0.96000      0.00000      0.00000      0.00000
      0.97000      0.00000      0.00000      0.00000
      0.98000      0.00000      0.00000      0.00000
      0.99000      0.00000      0.00000      0.00000
      1.00000      0.00000      0.00000      0.00000
      1.01000      0.00000      0.00000      0.00000
      1.02000      0.00000      0.00000      0.00000
      1.03000      0.00000      0.00000      0.00000
      1.04000      0.00000      0.00000      0.00000
      1.05000      0.00000      0.00000      0.00000
      1.06000      0.00000      0.00000      0.00000
      1.07000      0.00000      0.00000      0.00000
      1.08000      0.00000      0.00000      0.00000
      1.09000      0.00000      0.00000      0.00000
      1.10000      0.00000      0.00000      0.00000
      1.11000      0.00000      0.00000      0.00000
      1.12000      0.00000      0.00000      0.00000
      1.13000      0.00000      0.00000      0.00000
      1.14000      0.00000      0.00000      0.00000
      1.15000      0.00000      0.00000      0.00000
      1.16000      0.00000      0.00000      0.00000
      1.17000      0.00000      0.00000      0.00000
      1.18000      0.00000      0.00000      0.00000
      1.19000      0.00000      0.00000      0.00000
      1.20000      0.00000      0.00000      0.00000
      1.21000      0.00000      0.00000      0.00000
      1.22000      0.00000      0.00000      0.00000
      1.23000      0.00000      0.00000      0.00000
      1.24000      0.00000      0.00000      0.00000
      1.25000      0.00000      0.00000      0.00000
      1.26000      0.00000      0.00000      0.00000
      1.27000      0.00000      0.00000      0.00000
      1.28000      0.00000      0.00000      0.00000
      1.29000      0.00000      0.00000      0.00000
      1.30000      0.00000      0.00000      0.00000
      1.31000      0.00000      0.00000      0.00000
      1.32000      0.00000      0.00000      0.00000
      1.33000      0.00000      0.00000      0.00000
      1.34000      0.00000      0.00000      0.00000
      1.35000      0.00000      0.00000      0.00000
      1.36000      0.00000      0.00000      0.00000
      1.37000      0.00000      0.00000      0.00000
      1.38000      0.00000      0.00000      0.00000
      1.39000      0.00000      0.00000      0.00000
      1.40000      0.00000      0.00000      0.00000
      1.41000      0.00000      0.00000      0.00000
      1.42000      0.00000      0.00000      0.00000
      1.43000      0.00000      0.00000      0.00000
      1.44000      0.00000      0.00000      0.00000
      1.45000      0.00000      0.00000      0.00000
      1.46000      0.00000      0.00000      0.00000
      1.47000      0.00000      0.00000      0.00000
      1.48000      0.00000      0.00000      0.00000
      1.49000      0.00000      0.00000      0.00000
      1.50000      0.00000      0.00000      0.00000
      1.51000      0.00000      0.00000      0.00000
      1.52000      0.00000      0.00000      0.00000
      1.53000      0.00000      0.00000      0.00000
      1.54000      0.00000      0.00000      0.00000
      1.55000      0.00000      0.00000      0.00000
      1.56000      0.00000      0.00000      0.00000
      1.57000      0.00000      0.00000      0.00000
      1.58000      0.00000      0.00000      0.00000
      1.59000      0.00000      0.00000      0.00000
      1.60000      0.00000      0.00000      0.00000
      1.61000      0.00000      0.00000      0.00000
      1.62000      0.00000      0.00000      0.00000
      1.63000      0.00000      0.00000      0.00000
      1.64000      0.00000      0.00000      0.00000
      1.65000      0.00000      0.00000      0.00000
      1.66000      0.00000      0.00000      0.00000
      1.67000      0.00000      0.00000      0.00000
      1.68000      0.00000      0.00000      0.00000
      1.69000      0.00000      0.00000      0.00000
      1.70000      0.00000      0.00000      0.00000
      1.71000      0.00000      0.00000      0.00000
      1.72000      0.00000      0.00000      0.00000
      1.73000      0.00000      0.00000      0.00000
      1.74000      0.00000      0.00000      0.00000
      1.75000      0.00000      0.00000      0.00000
      1.76000      0.00000      0.00000      0.00000
      1.77000      0.00000      0.00000      0.00000
      1.78000      0.00000      0.00000      0.00000
      1.79000      0.00000      0.00000      0.00000
      1.80000      0.00000      0.00000      0.00000
      1.81000      0.00000      0.00000      0.00000
      1.82000      0.00000      0.00000      0.00000
      1.83000      0.00000      0.00000      0.00000
      1.84000      0.00000      0.00000      0.00000
      1.85000      0.00000      0.00000      0.00000
      1.86000      0.00000      0.00000      0.00000
      1.87000      0.00000      0.00000      0.00000
      1.88000      0.00000      0.00000      0.00000
      1.89000      0.00000      0.00000      0.00000
      1.90000      0.00000      0.00000      0.00000
      1.91000      0.00000      0.00000      0.00000
      1.92000      0.00000      0.00000      0.00000
      1.93000      0.00000      0.00000      0.00000
      1.94000      0.00000      0.00000      0.00000
      1.95000      0.00000      0.00000      0.00000
      1.96000      0.00000      0.00000      0.00000
      1.97000      0.00000      0.00000      0.00000
      1.98000      0.00000      0.00000      0.00000
      1.99000      0.00000      0.00000      0.00000
      2.00000      0.00000      0.00000      0.00000
      2.01000      0.00000      0.00000      0.00000
      2.02000      0.00000      0.00000      0.00000
      2.03000      0.00000      0.00000      0.00000
      2.04000      0.00000      0.00000      0.00000
      2.05000      0.00000      0.00000      0.00000
      2.06000      0.00000      0.00000      0.00000
      2.07000      0.00000      0.00000      0.00000
      2.08000      0.00000      0.00000      0.00000
      2.09000      0.00000      0.00000      0.00000
      2.10000      0.00000      0.00000      0.00000
      2.11000      0.00000      0.00000      0.00000
      2.12000      0.00000      0.00000      0.00000
      2.13000      0.00000      0.00000      0.00000
      2.14000      0.00000      0.00000      0.00000
      2.15000      0.00000      0.00000      0.00000
      2.16000      0.00000      0.00000      0.00000
      2.17000      0.00000      0.00000      0.00000
      2.18000      0.00000      0.00000      0.00000
      2.19000      0.00000      0.00000      0.00000
      2.20000      0.00000      0.00000      0.00000
      2.21000      0.00000      0.00000      0.00000
      2.22000      0.00000      0.00000      0.00000
      2.23000      0.00000      0.00000      0.00000
      2.24000      0.00000      0.00000      0.00000
      2.25000      0.00000      0.00000      0.00000
      2.26000      0.00000      0.00000      0.00000
      2.27000      0.00000      0.00000      0.00000
      2.28000      0.00000      0.00000      0.00000
      2.29000      0.00000      0.00000      0.00000
      2.30000      0.00000      0.00000      0.00000
      2.31000      0.00000      0.00000      0.00000
      2.32000      0.00000      0.00000      0.00000
      2.33000      0.00000      0.00000      0.00000
      2.34000      0.00000      0.00000      0.00000
      2.35000      0.00000      0.00000      0.00000
      2.36000      0.00000      0.00000      0.00000
      2.37000      0.00000      0.00000      0.00000
      2.38000      0.00000      0.00000      0.00000
      2.39000      0.00000      0.00000      0.00000
      2.40000      0.00000      0.00000      0.00000
      2.41000      0.00000      0.00000      0.00000
      2.42000      0.00000      0.00000      0.00000
      2.43000      0.00000      0.00000      0.00000
      2.44000      0.00000      0.00000      0.00000
      2.45000      0.00000      0.00000      0.00000
      2.46000      0.00000      0.00000      0.00000
      2.47000      0.00000      0.00000      0.00000
      2.48000      0.00000      0.00000      0.00000
      2.49000      0.00000      0.00000      0.00000
      2.50000      0.00000      0.00000      0.00000
      2.51000      0.00000      0.00000      0.00000
      2.52000      0.00000      0.00000      0.00000
      2.53000      0.00000      0.00000      0.00000
      2.54000      0.00000      0.00000      0.00000
      2.55000      0.00000      0.00000      0.00000
      2.56000      0.00000      0.00000      0.00000
      2.57000      0.00000      0.00000      0.00000
      2.58000      0.00000      0.00000      0.00000
      2.59000      0.00000      0.00000      0.00000
      2.60000      0.00000      0.00000      0.00000
      2.61000      0.00000      0.00000      0.00000
      2.62000      0.00000      0.00000      0.00000
      2.63000      0.00000      0.00000      0.00000
      2.64000      0.00000      0.00000      0.00000
      2.65000      0.00000      0.00000      0.00000
      2.66000      0.00000      0.00000      0.00000
      2.67000      0.00000      0.00000      0.00000
      2.68000      0.00000      0.00000      0.00000
      2.69000      0.00000      0.00000      0.00000
      2.70000      0.00000      0.00000      0.00000
      2.71000      0.00000      0.00000      0.00000
      2.72000      0.00000      0.00000      0.00000
      2.73000      0.00000      0.00000      0.00000
      2.74000      0.00000      0.00000      0.00000
      2.75000      0.00000      0.00000      0.00000
      2.76000      0.00000      0.00000      0.00000
      2.77000      0.00000      0.00000      0.00000
      2.78000      0.00000      0.00000      0.00000
      2.79000      0.00000      0.00000      0.00000
      2.80000      0.00000      0.00000      0.00000
      2.81000      0.00000      0.00000      0.00000
      2.82000      0.00000      0.00000      0.00000
      2.83000      0.00000      0.00000      0.00000
      2.84000      0.00000      0.00000      0.00000
      2.85000      0.00000      0.00000      0.00000
      2.86000      0.00000      0.00000      0.00000
      2.87000      0.00000      0.00000      0.00000
      2.88000      0.00000      0.00000      0.00000
      2.89000      0.00000      0.00000      0.00000
      2.90000      0.00000      0.00000      0.00000
      2.91000      0.00000      0.00000      0.00000
      2.92000      0.00000      0.00000      0.00000
      2.93000      0.00000      0.00000      0.00000
      2.94000      0.00000      0.00000      0.00000
      2.95000      0.00000      0.00000      0.00000
      2.96000      0.00000      0.00000      0.00000
      2.97000      0.00000      0.00000      0.00000
      2.98000      0.00000      0.00000      0.00000
      2.99000      0.00000      0.00000      0.00000
      3.00000      0.00000      0.00000      0.00000
      3.01000      0.00000      0.00000      0.00000
      3.02000      0.00000      0.00000      0.00000
      3.03000      0.00000      0.00000      0.00000
      3.04000      0.00000      0.00000      0.00000
      3.05000      0.00000      0.00000      0.00000
      3.06000      0.00000      0.00000      0.00000
      3.07000      0.00000      0.00000      0.00000
      3.08000      0.00000      0.00000      0.00000
      3.09000      0.00000      0.00000      0.00000
      3.10000      0.00000      0.00000      0.00000
      3.11000      0.00000      0.00000      0.00000
      3.12000      0.00000      0.00000      0.00000
      3.13000      0.00000      0.00000      0.00000
      3.14000      0.00000      0.00000      0.00000
      3.15000      0.00000      0.00000      0.00000
      3.16000      0.00000      0.00000      0.00000
      3.17000      0.00000      0.00000      0.00000
      3.18000      0.00000      0.00000      0.00000
      3.19000      0.00000      0.00000      0.00000
      3.20000      0.00000      0.00000      0.00000
      3.21000      0.00000      0.00000      0.00000
      3.22000      0.00000      0.00000      0.00000
      3.23000      0.00000      0.00000      0.00000
      3.24000      0.00000      0.00000      0.00000
      3.25000      0.00000      0.00000      0.00000
      3.26000      0.00000      0.00000      0.00000
      3.27000      0.00000      0.00000      0.00000
      3.28000      0.00000      0.00000      0.00000
      3.29000      0.00000      0.00000      0.00000
      3.30000      0.00000      0.00000      0.00000
      3.31000      0.00000      0.00000      0.00000
      3.32000      0.00000      0.00000      0.00000
      3.33000      0.00000      0.00000      0.00000
      3.34000      0.00000      0.00000      0.00000
      3.35000      0.00000      0.00000      0.00000
      3.36000      0.00000      0.00000      0.00000
      3.37000      0.00000      0.00000      0.00000
      3.38000      0.00000      0.00000      0.00000
      3.39000      0.00000      0.00000      0.00000
      3.40000      0.00000      0.00000      0.00000
      3.41000      0.00000      0.00000      0.00000
      3.42000      0.00000      0.00000      0.00000
      3.43000      0.00000      0.00000      0.00000
      3.44000      0.00000      0.00000      0.00000
      3.45000      0.00000      0.00000      0.00000
      3.46000      0.00000      0.00000      0.00000
      3.47000      0.00000      0.00000      0.00000
      3.48000      0.00000      0.00000      0.00000
      3.49000      0.00000      0.00000      0.00000
      3.50000      0.00000      0.00000      0.00000
      3.51000      0.00000      0.00000      0.00000
      3.52000      0.00000      0.00000      0.00000
      3.53000      0.00000      0.00000      0.00000
      3.54000      0.00000      0.00000      0.00000
      3.55000      0.00000      0.00000      0.00000
      3.56000      0.00000      0.00000      0.00000
      3.57000      0.00000      0.00000      0.00000
      3.58000      0.00000      0.00000      0.00000
      3.59000      0.00000      0.00000      0.00000
      3.60000      0.00000      0.00000      0.00000
      3.61000      0.00000      0.00000      0.00000
      3.62000      0.00000      0.00000      0.00000
      3.63000      0.00000      0.00000      0.00000
      3.64000      0.00000      0.00000      0.00000
      3.65000      0.00000      0.00000      0.00000
      3.66000      0.00000      0.00000      0.00000
      3.67000      0.00000      0.00000      0.00000
      3.68000      0.00000      0.00000      0.00000
      3.69000      0.00000      0.00000      0.00000
      3.70000      0.00000      0.00000      0.00000
      3.71000      0.00000      0.00000      0.00000
      3.72000      0.00000      0.00000      0.00000
      3.73000      0.00000      0.00000      0.00000
      3.74000      0.00000      0.00000      0.00000
      3.75000      0.00000      0.00000      0.00000
      3.76000      0.00000      0.00000      0.00000
      3.77000      0.00000      0.00000      0.00000
      3.78000      0.00000      0.00000      0.00000
      3.79000      0.00000      0.00000      0.00000
      3.80000      0.00000      0.00000      0.00000
      3.81000      0.00000      0.00000      0.00000
      3.82000      0.00000      0.00000      0.00000
      3.83000      0.00000      0.00000      0.00000
      3.84000      0.00000      0.00000      0.00000
      3.85000      0.00000      0.00000      0.00000
      3.86000      0.00000      0.00000      0.00000
      3.87000      0.00000      0.00000      0.00000
      3.88000      0.00000      0.00000      0.00000
      3.89000      0.00000      0.00000      0.00000
      3.90000      0.00000      0.00000      0.00000
      3.91000      0.00000      0.00000      0.00000
      3.92000      0.00000      0.00000      0.00000
      3.93000      0.00000      0.00000      0.00000
      3.94000      0.00000      0.00000      0.00000
      3.95000      0.00000      0.00000      0.00000
      3.96000      0.00000      0.00000      0.00000
      3.97000      0.00000      0.00000      0.00000
      3.98000      0.00000      0.00000      0.00000
      3.99000      0.00000      0.00000      0.00000
      4.00000      0.00000      0.00000      0.00000
      4.01000      0.00000      0.00000      0.00000
      4.02000      0.00000      0.00000      0.00000
      4.03000      0.00000      0.00000      0.00000
      4.04000      0.00000      0.00000      0.00000
      4.05000      0.00000      0.00000      0.00000
      4.06000      0.00000      0.00000      0.00000
      4.07000      0.00000      0.00000      0.00000
      4.08000      0.00000      0.00000      0.00000
      4.09000      0.00000      0.00000      0.00000
      4.10000      0.00000      0.00000      0.00000
      4.11000      0.00000      0.00000      0.00000
      4.12000      0.00000      0.00000      0.00000
      4.13000      0.00000      0.00000      0.00000
      4.14000      0.00000      0.00000      0.00000
      4.15000      0.00000      0.00000      0.00000
      4.16000      0.00000      0.00000      0.00000
      4.17000      0.00000      0.00000      0.00000
      4.18000      0.00000      0.00000      0.00000
      4.19000      0.00000      0.00000      0.00000
      4.20000      0.00000      0.00000      0.00000
      4.21000      0.00000      0.00000      0.00000
      4.22000      0.00000      0.00000      0.00000
      4.23000      0.00000      0.00000      0.00000
      4.24000      0.00000      0.00000      0.00000
      4.25000      0.00000      0.00000      0.00000
      4.26000      0.00000      0.00000      0.00000
      4.27000      0.00000      0.00000      0.00000
      4.28000      0.00000      0.00000      0.00000
      4.29000      0.00000      0.00000      0.00000
      4.30000      0.00000      0.00000      0.00000
      4.31000      0.00000      0.00000      0.00000
      4.32000      0.00000      0.00000      0.00000
      4.33000      0.00000      0.00000      0.00000
      4.34000      0.00000      0.00000      0.00000
      4.35000      0.00000      0.00000      0.00000
      4.36000      0.00000      0.00000      0.00000
      4.37000      0.00000      0.00000      0.00000
      4.38000      0.00000      0.00000      0.00000
      4.39000      0.00000      0.00000      0.00000
      4.40000      0.00000      0.00000      0.00000
      4.41000      0.00000      0.00000      0.00000
      4.42000      0.00000      0.00000      0.00000
      4.43000      0.00000      0.00000      0.00000
      4.44000      0.00000      0.00000      0.00000
      4.45000      0.00000      0.00000      0.00000
      4.46000      0.00000      0.00000      0.00000
      4.47000      0.00000      0.00000      0.00000
      4.48000      0.00000      0.00000      0.00000
      4.49000      0.00000      0.00000      0.00000
      4.50000      0.00000      0.00000      0.00000
      4.51000      0.00000      0.00000      0.00000
      4.52000      0.00000      0.00000      0.00000
      4.53000      0.00000      0.00000      0.00000
      4.54000      0.00000      0.00000      0.00000
      4.55000      0.00000      0.00000      0.00000
      4.56000      0.00000      0.00000      0.00000
      4.57000      0.00000      0.00000      0.00000
      4.58000      0.00000      0.00000      0.00000
      4.59000      0.00000      0.00000      0.00000
      4.60000      0.00000      0.00000      0.00000
      4.61000      0.00000      0.00000      0.00000
      4.62000      0.00000      0.00000      0.00000
      4.63000      0.00000      0.00000      0.00000
      4.64000      0.00000      0.00000      0.00000
      4.65000      0.00000      0.00000      0.00000
      4.66000      0.00000      0.00000      0.00000
      4.67000      0.00000      0.00000      0.00000
      4.68000      0.00000      0.00000      0.00000
      4.69000      0.00000      0.00000      0.00000
      4.70000      0.00000      0.00000      0.00000
      4.71000      0.00000      0.00000      0.00000
      4.72000      0.00000      0.00000      0.00000
      4.73000      0.00000      0.00000      0.00000
      4.74000      0.00000      0.00000      0.00000
      4.75000      0.00000      0.00000      0.00000
      4.76000      0.00000      0.00000      0.00000
      4.77000      0.00000      0.00000      0.00000
      4.78000      0.00000      0.00000      0.00000
      4.79000      0.00000      0.00000      0.00000
      4.80000      0.00000      0.00000      0.00000
      4.81000      0.00000      0.00000      0.00000
      4.82000      0.00000      0.00000      0.00000
      4.83000      0.00000      0.00000      0.00000
      4.84000      0.00000      0.00000      0.00000
      4.85000      0.00000      0.00000      0.00000
      4.86000      0.00000      0.00000      0.00000
      4.87000      0.00000      0.00000      0.00000
      4.88000      0.00000      0.00000      0.00000
      4.89000      0.00000      0.00000      0.00000
      4.90000      0.00000      0.00000      0.00000
      4.91000      0.00000      0.00000      0.00000
      4.92000      0.00000      0.00000      0.00000
      4.93000      0.00000      0.00000      0.00000
      4.94000      0.00000      0.00000      0.00000
      4.95000      0.00000      0.00000      0.00000
      4.96000      0.00000      0.00000      0.00000
      4.97000      0.00000      0.00000      0.00000
      4.98000      0.00000      0.00000      0.00000
      4.99000      0.00000      0.00000      0.00000
      5.00000      0.00000      0.00000      0.00000
      5.01000      0.00000      0.00000      0.00000
      5.02000      0.00000      0.00000      0.00000
      5.03000      0.00000      0.00000      0.00000
      5.04000      0.00000      0.00000      0.00000
      5.05000      0.00000      0.00000      0.00000
      5.06000      0.00000      0.00000      0.00000
      5.07000      0.00000      0.00000      0.00000
      5.08000      0.00000      0.00000      0.00000
      5.09000      0.00000      0.00000      0.00000
      5.10000      0.00000      0.00000      0.00000
      5.11000      0.00000      0.00000      0.00000
      5.12000      0.00000      0.00000      0.00000
      5.13000      0.00000      0.00000      0.00000
      5.14000      0.00000      0.00000      0.00000
      5.15000      0.00000      0.00000      0.00000
      5.16000      0.00000      0.00000      0.00000
      5.17000      0.00000      0.00000      0.00000
      5.18000      0.00000      0.00000      0.00000
      5.19000      0.00000      0.00000      0.00000
      5.20000      0.00000      0.00000      0.00000
      5.21000      0.00000      0.00000      0.00000
      5.22000      0.00000      0.00000      0.00000
      5.23000      0.00000      0.00000      0.00000
      5.24000      0.00000      0.00000      0.00000
      5.25000      0.00000      0.00000      0.00000
      5.26000      0.00000      0.00000      0.00000
      5.27000      0.00000      0.00000      0.00000
      5.28000      0.00000      0.00000      0.00000
      5.29000      0.00000      0.00000      0.00000
      5.30000      0.00000      0.00000      0.00000
      5.31000      0.00000      0.00000      0.00000
      5.32000      0.00000      0.00000      0.00000
      5.33000      0.00000      0.00000      0.00000
      5.34000      0.00000      0.00000      0.00000
      5.35000      0.00000      0.00000      0.00000
      5.36000      0.00000      0.00000      0.00000
      5.37000      0.00000      0.00000      0.00000
      5.38000      0.00000      0.00000      0.00000
      5.39000      0.00000      0.00000      0.00000
      5.40000      0.00000      0.00000      0.00000
      5.41000      0.00000      0.00000      0.00000
      5.42000      0.00000      0.00000      0.00000
      5.43000      0.00000      0.00000      0.00000
      5.44000      0.00000      0.00000      0.00000
      5.45000      0.00000      0.00000      0.00000
      5.46000      0.00000      0.00000      0.00000
      5.47000      0.00000      0.00000      0.00000
      5.48000      0.00000      0.00000      0.00000
      5.49000      0.00000      0.00000      0.00000
      5.50000      0.00000      0.00000      0.00000
      5.51000      0.00000      0.00000      0.00000
      5.52000      0.00000      0.00000      0.00000
      5.53000      0.00000      0.00000      0.00000
      5.54000      0.00000      0.00000      0.00000
      5.55000      0.00000      0.00000      0.00000
      5.56000      0.00000      0.00000      0.00000
      5.57000      0.00000      0.00000      0.00000
      5.58000      0.00000      0.00000      0.00000
      5.59000      0.00000      0.00000      0.00000
      5.60000      0.00000      0.00000      0.00000
      5.61000      0.00000      0.00000      0.00000
      5.62000      0.00000      0.00000      0.00000
      5.63000      0.00000      0.00000      0.00000
      5.64000      0.00000      0.00000      0.00000
      5.65000      0.00000      0.00000      0.00000
      5.66000      0.00000      0.00000      0.00000
      5.67000      0.00000      0.00000      0.00000
      5.68000      0.00000      0.00000      0.00000
      5.69000      0.00000      0.00000      0.00000
      5.70000      0.00000      0.00000      0.00000
      5.71000      0.00000      0.00000      0.00000
      5.72000      0.00000      0.00000      0.00000
      5.73000      0.00000      0.00000      0.00000
      5.74000      0.00000      0.00000      0.00000
      5.75000      0.00000      0.00000      0.00000
      5.76000      0.00000      0.00000      0.00000
      5.77000      0.00000      0.00000      0.00000
      5.78000      0.00000      0.00000      0.00000
      5.79000      0.00000      0.00000      0.00000
      5.80000      0.00000      0.00000      0.00000
      5.81000      0.00000      0.00000      0.00000
      5.82000      0.00000      0.00000      0.00000
      5.83000      0.00000      0.00000      0.00000
      5.84000      0.00000      0.00000      0.00000
      5.85000      0.00000      0.00000      0.00000
      5.86000      0.00000      0.00000      0.00000
      5.87000      0.00000      0.00000      0.00000
      5.88000      0.00000      0.00000      0.00000
      5.89000      0.00000      0.00000      0.00000
      5.90000      0.00000      0.00000      0.00000
      5.91000      0.00000      0.00000      0.00000
      5.92000      0.00000      0.00000      0.00000
      5.93000      0.00000      0.00000      0.00000
      5.94000      0.00000      0.00000      0.00000
      5.95000      0.00000      0.00000      0.00000
      5.96000      0.00000      0.00000      0.00000
      5.97000      0.00000      0.00000      0.00000
      5.98000      0.00000      0.00000      0.00000
      5.99000      0.00000      0.00000      0.00000
      6.00000      0.00000      0.00000      0.00000
      6.01000      0.00000      0.00000      0.00000
      6.02000      0.00000      0.00000      0.00000
      6.03000      0.00000      0.00000      0.00000
      6.04000      0.00000      0.00000      0.00000
      6.05000      0.00000      0.00000      0.00000
      6.06000      0.00000      0.00000      0.00000
      6.07000      0.00000      0.00000      0.00000
      6.08000      0.00000      0.00000      0.00000
      6.09000      0.00000      0.00000      0.00000
      6.10000      0.00000      0.00000      0.00000
      6.11000      0.00000      0.00000      0.00000
      6.12000      0.00000      0.00000      0.00000
      6.13000      0.00000      0.00000      0.00000
      6.14000      0.00000      0.00000      0.00000
      6.15000      0.00000      0.00000      0.00000
      6.16000      0.00000      0.00000      0.00000
      6.17000      0.00000      0.00000      0.00000
      6.18000      0.00000      0.00000      0.00000
      6.19000      0.00000      0.00000      0.00000
      6.20000      0.00000      0.00000      0.00000
      6.21000      0.00000      0.00000      0.00000
      6.22000      0.00000      0.00000      0.00000
      6.23000      0.00000      0.00000      0.00000
      6.24000      0.00000      0.00000      0.00000
      6.25000      0.00000      0.00000      0.00000
      6.26000      0.00000      0.00000      0.00000
      6.27000      0.00000      0.00000      0.00000
      6.28000      0.00000      0.00000      0.00000
      6.29000      0.00000      0.00000      0.00000
      6.30000      0.00000      0.00000      0.00000
      6.31000      0.00000      0.00000      0.00000
      6.32000      0.00000      0.00000      0.00000
      6.33000      0.00000      0.00000      0.00000
      6.34000      0.00000      0.00000      0.00000
      6.35000      0.00000      0.00000      0.00000
      6.36000      0.00000      0.00000      0.00000
      6.37000      0.00000      0.00000      0.00000
      6.38000      0.00000      0.00000      0.00000
      6.39000      0.00000      0.00000      0.00000
      6.40000      0.00000      0.00000      0.00000
      6.41000      0.00000      0.00000      0.00000
      6.42000      0.00000      0.00000      0.00000
      6.43000      0.00000      0.00000      0.00000
      6.44000      0.00000      0.00000      0.00000
      6.45000      0.00000      0.00000      0.00000
      6.46000      0.00000      0.00000      0.00000
      6.47000      0.00000      0.00000      0.00000
      6.48000      0.00000      0.00000      0.00000
      6.49000      0.00000      0.00000      0.00000
      6.50000      0.00000      0.00000      0.00000
      6.51000      0.00000      0.00000      0.00000
      6.52000      0.00000      0.00000      0.00000
      6.53000      0.00000      0.00000      0.00000
      6.54000      0.00000      0.00000      0.00000
      6.55000      0.00000      0.00000      0.00000
      6.56000      0.00000      0.00000      0.00000
      6.57000      0.00000      0.00000      0.00000
      6.58000      0.00000      0.00000      0.00000
      6.59000      0.00000      0.00000      0.00000
      6.60000      0.00000      0.00000      0.00000
      6.61000      0.00000      0.00000      0.00000
      6.62000      0.00000      0.00000      0.00000
      6.63000      0.00000      0.00000      0.00000
      6.64000      0.00000      0.00000      0.00000
      6.65000      0.00000      0.00000      0.00000
      6.66000      0.00000      0.00000      0.00000
      6.67000      0.00000      0.00000      0.00000
      6.68000      0.00000      0.00000      0.00000
      6.69000      0.00000      0.00000      0.00000
      6.70000      0.00000      0.00000      0.00000
      6.71000      0.00000      0.00000      0.00000
      6.72000      0.00000      0.00000      0.00000
      6.73000      0.00000      0.00000      0.00000
      6.74000      0.00000      0.00000      0.00000
      6.75000      0.00000      0.00000      0.00000
      6.76000      0.00000      0.00000      0.00000
      6.77000      0.00000      0.00000      0.00000
      6.78000      0.00000      0.00000      0.00000
      6.79000      0.00000      0.00000      0.00000
      6.80000      0.00000      0.00000      0.00000
      6.81000      0.00000      0.00000      0.00000
      6.82000      0.00000      0.00000      0.00000
      6.83000      0.00000      0.00000      0.00000
      6.84000      0.00000      0.00000      0.00000
      6.85000      0.00000      0.00000      0.00000
      6.86000      0.00000      0.00000      0.00000
      6.87000      0.00000      0.00000      0.00000
      6.88000      0.00000      0.00000      0.00000
      6.89000      0.00000      0.00000      0.00000
      6.90000      0.00000      0.00000      0.00000
      6.91000      0.00000      0.00000      0.00000
      6.92000      0.00000      0.00000      0.00000
      6.93000      0.00000      0.00000      0.00000
      6.94000      0.00000      0.00000      0.00000
      6.95000      0.00000      0.00000      0.00000
      6.96000      0.00000      0.00000      0.00000
      6.97000      0.00000      0.00000      0.00000
      6.98000      0.00000      0.00000      0.00000
      6.99000      0.00000      0.00000      0.00000
      7.00000      0.00000      0.00000      0.00000
      7.01000      0.00000      0.00000      0.00000
      7.02000      0.00000      0.00000      0.00000
      7.03000      0.00000      0.00000      0.00000
      7.04000      0.00000      0.00000      0.00000
      7.05000      0.00000      0.00000      0.00000
      7.06000      0.00000      0.00000      0.00000
      7.07000      0.00000      0.00000      0.00000
      7.08000      0.00000      0.00000      0.00000
      7.09000      0.00000      0.00000      0.00000
      7.10000      0.00000      0.00000      0.00000
      7.11000      0.00000      0.00000      0.00000
      7.12000      0.00000      0.00000      0.00000
      7.13000      0.00000      0.00000      0.00000
      7.14000      0.00000      0.00000      0.00000
      7.15000      0.00000      0.00000      0.00000
      7.16000      0.00000      0.00000      0.00000
      7.17000      0.00000      0.00000      0.00000
      7.18000      0.00000      0.00000      0.00000
      7.19000      0.00000      0.00000      0.00000
      7.20000      0.00000      0.00000      0.00000
      7.21000      0.00000      0.00000      0.00000
      7.22000      0.00000      0.00000      0.00000
      7.23000      0.00000      0.00000      0.00000
      7.24000      0.00000      0.00000      0.00000
      7.25000      0.00000      0.00000      0.00000
      7.26000      0.00000      0.00000      0.00000
      7.27000      0.00000      0.00000      0.00000
      7.28000      0.00000      0.00000      0.00000
      7.29000      0.00000      0.00000      0.00000
      7.30000      0.00000      0.00000      0.00000
      7.31000      0.00000      0.00000      0.00000
      7.32000      0.00000      0.00000      0.00000
      7.33000      0.00000      0.00000      0.00000
      7.34000      0.00000      0.00000      0.00000
      7.35000      0.00000      0.00000      0.00000
      7.36000      0.00000      0.00000      0.00000
      7.37000      0.00000      0.00000      0.00000
      7.38000      0.00000      0.00000      0.00000
      7.39000      0.00000      0.00000      0.00000
      7.40000      0.00000      0.00000      0.00000
      7.41000      0.00000      0.00000      0.00000
      7.42000      0.00000      0.00000      0.00000
      7.43000      0.00000      0.00000      0.00000
      7.44000      0.00000      0.00000      0.00000
      7.45000      0.00000      0.00000      0.00000
      7.46000      0.00000      0.00000      0.00000
      7.47000      0.00000      0.00000      0.00000
      7.48000      0.00000      0.00000      0.00000
      7.49000      0.00000      0.00000      0.00000
      7.50000      0.00000      0.00000      0.00000
      7.51000      0.00000      0.00000      0.00000
      7.52000      0.00000      0.00000      0.00000
      7.53000      0.00000      0.00000      0.00000
      7.54000      0.00000      0.00000      0.00000
      7.55000      0.00000      0.00000      0.00000
      7.56000      0.00000      0.00000      0.00000
      7.57000      0.00007      0.00006      0.00001
      7.58000      0.00213      0.00190      0.00023
      7.59000      0.02514      0.02241      0.00273
      7.60000      0.11843      0.10551      0.01292
      7.61000      0.24725      0.22011      0.02714
      7.62000      0.29468      0.26184      0.03285
      7.63000      0.32891      0.29131      0.03760
      7.64000      0.40822      0.36063      0.04758
      7.65000      0.41628      0.36690      0.04938
      7.66000      0.37321      0.32776      0.04545
      7.67000      0.38817      0.33979      0.04837
      7.68000      0.37492      0.32738      0.04754
      7.69000      0.27993      0.24361      0.03632
      7.70000      0.29500      0.25537      0.03963
      7.71000      0.56869      0.49170      0.07699
      7.72000      0.75077      0.64819      0.10259
      7.73000      0.60253      0.51770      0.08483
      7.74000      0.41171      0.35012      0.06159
      7.75000      0.45444      0.37709      0.07735
      7.76000      0.90890      0.73790      0.17100
      7.77000      1.28804      1.02883      0.25921
      7.78000      1.28257      1.00540      0.27717
      7.79000      1.60451      1.25580      0.34871
      7.80000      2.16302      1.70499      0.45803
      7.81000      2.23605      1.77357      0.46248
      7.82000      2.05416      1.63953      0.41463
      7.83000      1.82341      1.45758      0.36583
      7.84000      1.35943      1.08062      0.27882
      7.85000      1.03287      0.80764      0.22523
      7.86000      1.07690      0.83318      0.24372
      7.87000      1.07630      0.83656      0.23974
      7.88000      1.06016      0.82969      0.23047
      7.89000      1.12333      0.88417      0.23915
      7.90000      0.95254      0.75096      0.20158
      7.91000      0.71487      0.56209      0.15278
      7.92000      0.63403      0.49607      0.13796
      7.93000      0.70073      0.54780      0.15292
      7.94000      0.81386      0.63043      0.18343
      7.95000      0.96668      0.74214      0.22454
      7.96000      1.07944      0.83144      0.24801
      7.97000      1.04050      0.80922      0.23128
      7.98000      0.82728      0.65415      0.17313
      7.99000      0.75128      0.59835      0.15293
      8.00000      0.68509      0.53506      0.15003
      8.01000      0.53135      0.40425      0.12710
      8.02000      0.48463      0.36826      0.11636
      8.03000      0.42938      0.33207      0.09730
      8.04000      0.38240      0.29864      0.08375
      8.05000      0.56723      0.43269      0.13455
      8.06000      0.98505      0.74279      0.24227
      8.07000      1.22014      0.92417      0.29596
      8.08000      0.91259      0.69664      0.21595
      8.09000      0.43633      0.33775      0.09858
      8.10000      0.22266      0.17475      0.04792
      8.11000      0.22547      0.17331      0.05217
      8.12000      0.47696      0.36068      0.11628
      8.13000      0.72217      0.54485      0.17733
      8.14000      0.67283      0.50988      0.16295
      8.15000      0.43255      0.33247      0.10008
      8.16000      0.31204      0.24336      0.06868
      8.17000      0.41584      0.32371      0.09212
      8.18000      0.64793      0.49653      0.15140
      8.19000      1.02618      0.76879      0.25739
      8.20000      1.16720      0.86432      0.30288
      8.21000      0.83783      0.62347      0.21435
      8.22000      0.42363      0.32059      0.10304
      8.23000      0.14840      0.11358      0.03483
      8.24000      0.04158      0.03171      0.00987
      8.25000      0.13493      0.10145      0.03348
      8.26000      0.48334      0.36150      0.12184
      8.27000      0.75060      0.55743      0.19317
      8.28000      0.56040      0.41408      0.14632
      8.29000      0.36258      0.27245      0.09014
      8.30000      0.40439      0.30886      0.09553
      8.31000      0.33606      0.25626      0.07980
      8.32000      0.24111      0.18117      0.05994
      8.33000      0.38948      0.28710      0.10238
      8.34000      0.82899      0.60379      0.22520
      8.35000      1.04341      0.75492      0.28849
      8.36000      0.62237      0.45064      0.17173
      8.37000      0.28083      0.20843      0.07240
      8.38000      0.26622      0.20086      0.06536
      8.39000      0.36735      0.27693      0.09042
      8.40000      0.42576      0.32192      0.10384
      8.41000      0.43532      0.32833      0.10699
      8.42000      0.55454      0.41059      0.14395
      8.43000      0.62957      0.45705      0.17253
      8.44000      0.47068      0.33987      0.13081
      8.45000      0.22946      0.16726      0.06220
      8.46000      0.11573      0.08533      0.03039
      8.47000      0.20738      0.15346      0.05392
      8.48000      0.31845      0.23562      0.08283
      8.49000      0.36524      0.26782      0.09742
      8.50000      0.56730      0.40919      0.15811
      8.51000      0.86604      0.61629      0.24975
      8.52000      0.84447      0.59968      0.24479
      8.53000      0.47899      0.34522      0.13377
      8.54000      0.28519      0.21077      0.07442
      8.55000      0.24659      0.18298      0.06362
      8.56000      0.18961      0.13969      0.05022
      8.57000      0.19011      0.14649      0.04841
      8.58000      0.30399      0.27944      0.05717
      8.59000      0.71756      0.71871      0.11020
      8.60000      1.25822      1.32429      0.17043
      8.61000      1.34474      1.51326      0.14389
      8.62000      1.02991      1.21620      0.08520
      8.63000      0.98042      1.17733      0.07063
      8.64000      1.03867      1.26391      0.06956
      8.65000      0.84952      0.99262      0.07584
      8.66000      0.61232      0.60950      0.09905
      8.67000      0.60671      0.51818      0.13273
      8.68000      0.83155      0.69818      0.18872
      8.69000      1.12238      0.91884      0.27059
      8.70000      1.16196      0.96943      0.27149
      8.71000      0.80621      0.77743      0.13577
      8.72000      0.55240      0.66392      0.02968
      8.73000      0.43806      0.56992      0.00311
      8.74000      0.26285      0.33154      0.00660
      8.75000      0.20811      0.19268      0.03859
      8.76000      0.40201      0.33532      0.09183
      8.77000      0.64569      0.61242      0.11095
      8.78000      0.89165      0.91969      0.11762
      8.79000      1.06490      1.11934      0.13050
      8.80000      0.86765      0.87261      0.12490
      8.81000      0.57085      0.48927      0.12292
      8.82000      0.40092      0.32738      0.09384
      8.83000      0.36633      0.35648      0.05774
      8.84000      0.48460      0.51581      0.05467
      8.85000      0.61482      0.65204      0.07048
      8.86000      0.65141      0.61956      0.11099
      8.87000      0.72674      0.63640      0.15253
      8.88000      0.93727      0.81387      0.20219
      8.89000      0.84989      0.72478      0.19082
      8.90000      0.49954      0.40897      0.11986
      8.91000      0.34732      0.27654      0.08617
      8.92000      0.46655      0.41533      0.09208
      8.93000      0.67595      0.66685      0.09906
      8.94000      0.73425      0.77250      0.08260
      8.95000      0.63152      0.61867      0.09525
      8.96000      0.49391      0.40407      0.11725
      8.97000      0.45817      0.36341      0.11670
      8.98000      0.56795      0.47021      0.13597
      8.99000      0.43850      0.35899      0.10751
      9.00000      0.16720      0.13052      0.04434
      9.01000      0.15464      0.11051      0.04575
      9.02000      0.30220      0.22866      0.08220
      9.03000      0.40882      0.36083      0.08379
      9.04000      0.56187      0.54076      0.09217
      9.05000      0.61567      0.58557      0.10565
      9.06000      0.51844      0.46145      0.10686
      9.07000      0.65213      0.54068      0.15659
      9.08000      0.87359      0.70817      0.21820
      9.09000      0.76747      0.64082      0.18038
      9.10000      0.53660      0.48029      0.10691
      9.11000      0.37110      0.34883      0.06412
      9.12000      0.22843      0.20101      0.04729
      9.13000      0.17559      0.12964      0.05032
      9.14000      0.19408      0.15099      0.05119
      9.15000      0.45049      0.41894      0.08144
      9.16000      0.84748      0.86477      0.11235
      9.17000      0.90830      0.94521      0.11114
      9.18000      0.68841      0.65694      0.11703
      9.19000      0.48627      0.39625      0.11966
      9.20000      0.36294      0.28911      0.09260
      9.21000      0.38472      0.35603      0.07071
      9.22000      0.46629      0.45303      0.07423
      9.23000      0.52407      0.48638      0.09660
      9.24000      0.57837      0.51186      0.12021
      9.25000      0.62145      0.53551      0.13698
      9.26000      0.65945      0.54922      0.15656
      9.27000      0.77516      0.58615      0.21812
      9.28000      0.77725      0.54069      0.24578
      9.29000      0.46077      0.32709      0.14267
      9.30000      0.20884      0.19858      0.03700
      9.31000      0.18430      0.22582      0.00446
      9.32000      0.19556      0.23513      0.00706
      9.33000      0.29191      0.29583      0.04109
      9.34000      0.52050      0.48006      0.09897
      9.35000      0.57875      0.53147      0.11028
      9.36000      0.50330      0.49210      0.07915
      9.37000      0.47035      0.45187      0.07983
      9.38000      0.49485      0.39945      0.12688
      9.39000      0.56341      0.41226      0.16714
      9.40000      0.53676      0.42824      0.13868
      9.41000      0.34356      0.30841      0.06973
      9.42000      0.20567      0.17073      0.04982
      9.43000      0.18238      0.12805      0.05732
      9.44000      0.25431      0.18462      0.07659
      9.45000      0.41420      0.33399      0.10669
      9.46000      0.45172      0.38353      0.10633
      9.47000      0.46281      0.35239      0.13194
      9.48000      0.59511      0.42950      0.18267
      9.49000      0.70033      0.58241      0.17149
      9.50000      0.73060      0.71890      0.11575
      9.51000      0.73695      0.74562      0.10416
      9.52000      0.59804      0.55583      0.11137
      9.53000      0.41085      0.36163      0.08761
      9.54000      0.48283      0.45112      0.08837
      9.55000      0.58446      0.53351      0.11426
      9.56000      0.44864      0.37061      0.11006
      9.57000      0.33355      0.23523      0.10516
      9.58000      0.33498      0.22123      0.11455
      9.59000      0.23628      0.16188      0.07772
      9.60000      0.19869      0.17176      0.04525
      9.61000      0.36743      0.33165      0.07553
      9.62000      0.44903      0.39724      0.09679
      9.63000      0.44909      0.41652      0.08591
      9.64000      0.53769      0.49766      0.10331
      9.65000      0.52479      0.49237      0.09784
      9.66000      0.52821      0.50194      0.09554
      9.67000      0.67775      0.60103      0.14719
      9.68000      0.78595      0.64366      0.20131
      9.69000      0.59794      0.45493      0.17236
      9.70000      0.34919      0.25244      0.10750
      9.71000      0.24841      0.21219      0.05863
      9.72000      0.28393      0.27298      0.05071
      9.73000      0.25809      0.22873      0.05674
      9.74000      0.24261      0.19126      0.06605
      9.75000      0.38875      0.32012      0.09819
      9.76000      0.45428      0.38053      0.11152
      9.77000      0.36091      0.27484      0.10417
      9.78000      0.33378      0.22401      0.11310
      9.79000      0.33672      0.22514      0.11427
      9.80000      0.33270      0.26105      0.09083
      9.81000      0.47195      0.46161      0.07736
      9.82000      0.68478      0.71365      0.08840
      9.83000      0.72259      0.71396      0.11538
      9.84000      0.58755      0.49718      0.14034
      9.85000      0.49373      0.35234      0.15511
      9.86000      0.59742      0.42631      0.18830
      9.87000      0.84003      0.64411      0.23847
      9.88000      0.81580      0.70127      0.18342
      9.89000      0.66097      0.69880      0.06527
      9.90000      0.57178      0.66986      0.01013
      9.91000      0.49117      0.57400      0.00425
      9.92000      0.49761      0.54279      0.02874
      9.93000      0.62840      0.59505      0.09005
      9.94000      0.76187      0.69387      0.12436
      9.95000      0.71581      0.68439      0.09968
      9.96000      0.75145      0.76010      0.08706
      9.97000      0.83969      0.82162      0.11661
      9.98000      0.83845      0.74600      0.15310
      9.99000      0.78088      0.67762      0.14379
     10.00000      0.57985      0.53386      0.08398
     10.01000      0.52502      0.51370      0.06039
     10.02000      0.58699      0.58628      0.06734
     10.03000      0.73279      0.72645      0.09697
     10.04000      0.89958      0.86965      0.12825
     10.05000      0.87691      0.80675      0.13720
     10.06000      0.80135      0.68452      0.15384
     10.07000      0.68002      0.56232      0.14221
     10.08000      0.61059      0.52022      0.11480
     10.09000      0.63231      0.55764      0.10720
     10.10000      0.73834      0.68327      0.11966
     10.11000      0.86970      0.88892      0.10801
     10.12000      1.07754      1.13288      0.10664
     10.13000      1.19745      1.18590      0.14263
     10.14000      1.02131      0.96895      0.14487
     10.15000      0.83919      0.79092      0.12857
     10.16000      0.69425      0.68971      0.08358
     10.17000      0.60954      0.64887      0.03822
     10.18000      0.63871      0.64041      0.06141
     10.19000      0.61728      0.54744      0.10426
     10.20000      0.60334      0.51693      0.11636
     10.21000      0.79806      0.73474      0.13209
     10.22000      1.04477      1.01446      0.13558
     10.23000      1.04265      0.97225      0.14629
     10.24000      0.83800      0.71884      0.15142
     10.25000      0.61957      0.50920      0.12671
     10.26000      0.60907      0.52852      0.10786
     10.27000      0.76095      0.73334      0.09265
     10.28000      0.76755      0.77919      0.07548
     10.29000      0.60324      0.60344      0.06271
     10.30000      0.63532      0.58786      0.09513
     10.31000      0.95180      0.87531      0.15435
     10.32000      1.10649      1.08893      0.13099
     10.33000      0.94709      0.96764      0.08363
     10.34000      0.76372      0.72322      0.09631
     10.35000      0.73317      0.67625      0.09972
     10.36000      0.74333      0.69895      0.09748
     10.37000      0.77541      0.67689      0.13407
     10.38000      0.84621      0.68150      0.17989
     10.39000      1.03863      0.81157      0.24403
     10.40000      1.05001      0.83082      0.25386
     10.41000      0.83898      0.72277      0.17080
     10.42000      0.69961      0.70007      0.06383
     10.43000      0.74646      0.79933      0.01378
     10.44000      0.80838      0.85125      0.02527
     10.45000      0.87187      0.86221      0.08252
     10.46000      0.89965      0.84124      0.13137
     10.47000      0.81981      0.72647      0.13900
     10.48000      0.80428      0.71786      0.11679
     10.49000      0.88643      0.82677      0.10495
     10.50000      0.93304      0.85552      0.13642
     10.51000      0.96528      0.89053      0.15876
     10.52000      1.02059      0.98276      0.14375
     10.53000      0.99045      0.91971      0.16227
     10.54000      1.04791      0.92898      0.18571
     10.55000      1.06914      0.99891      0.12558
     10.56000      0.95479      0.91782      0.08479
     10.57000      0.89839      0.82439      0.11984
     10.58000      0.78493      0.66916      0.14174
     10.59000      0.77264      0.62290      0.16612
     10.60000      0.98045      0.82596      0.19531
     10.61000      1.19874      1.06346      0.20278
     10.62000      1.15311      1.04321      0.18106
     10.63000      0.81255      0.74466      0.12227
     10.64000      0.66458      0.57673      0.11954
     10.65000      1.01433      0.84461      0.20323
     10.66000      1.32895      1.11084      0.26311
     10.67000      1.14306      1.00284      0.18334
     10.68000      0.91100      0.86674      0.09465
     10.69000      0.93475      0.86571      0.12332
     10.70000      1.12142      0.99466      0.20172
     10.71000      1.18930      1.07662      0.20853
     10.72000      1.11948      1.01730      0.18303
     10.73000      1.06946      0.94153      0.18209
     10.74000      1.03111      0.86435      0.19605
     10.75000      1.11130      0.90528      0.24084
     10.76000      1.18068      0.97181      0.25471
     10.77000      1.25282      1.03774      0.24243
     10.78000      1.38432      1.12245      0.28074
     10.79000      1.42566      1.13713      0.31334
     10.80000      1.24306      1.00094      0.26379
     10.81000      1.12228      0.95446      0.20961
     10.82000      1.49486      1.33044      0.26532
     10.83000      1.85370      1.63817      0.34613
     10.84000      1.65510      1.43472      0.31874
     10.85000      1.46347      1.22642      0.29730
     10.86000      1.73705      1.42249      0.36400
     10.87000      2.16410      1.74536      0.46306
     10.88000      2.43838      1.93236      0.54965
     10.89000      2.77187      2.23293      0.61918
     10.90000      3.13113      2.52608      0.70205
     10.91000      2.80245      2.24193      0.63895
     10.92000      2.39238      1.90818      0.54761
     10.93000      2.23941      1.81135      0.50142
     10.94000      1.67714      1.40513      0.35796
     10.95000      0.80692      0.69140      0.16740
     10.96000      0.23472      0.21759      0.04157
     10.97000      0.14207      0.17778      0.00451
     10.98000      0.17833      0.23629      0.00019
     10.99000      0.17901      0.23960      0.00000
     11.00000      0.13208      0.17750      0.00000
     11.01000      0.08353      0.11160      0.00000
     11.02000      0.14449      0.19136      0.00000
     11.03000      0.21871      0.28835      0.00000
     11.04000      0.18892      0.24788      0.00000
     11.05000      0.08861      0.11600      0.00000
     11.06000      0.06756      0.08912      0.00000
     11.07000      0.23090      0.30630      0.00000
     11.08000      0.41666      0.55454      0.00000
     11.09000      0.35418      0.47318      0.00000
     11.10000      0.21196      0.28427      0.00000
     11.11000      0.09788      0.13146      0.00000
     11.12000      0.03984      0.05325      0.00000
     11.13000      0.11619      0.15437      0.00000
     11.14000      0.26248      0.34875      0.00000
     11.15000      0.22584      0.30020      0.00000
     11.16000      0.09693      0.12932      0.00000
     11.17000      0.07317      0.09836      0.00000
     11.18000      0.05634      0.07582      0.00000
     11.19000      0.02177      0.02925      0.00000
     11.20000      0.04665      0.06223      0.00000
     11.21000      0.20308      0.27001      0.00000
     11.22000      0.42638      0.56503      0.00000
     11.23000      0.44321      0.58554      0.00000
     11.24000      0.26875      0.35414      0.00000
     11.25000      0.19565      0.25781      0.00000
     11.26000      0.22586      0.29934      0.00000
     11.27000      0.28454      0.37875      0.00000
     11.28000      0.32269      0.42932      0.00000
     11.29000      0.26372      0.35106      0.00000
     11.30000      0.18486      0.24557      0.00000
     11.31000      0.15760      0.20846      0.00000
     11.32000      0.10719      0.14185      0.00000
     11.33000      0.15052      0.20005      0.00000
     11.34000      0.27121      0.36057      0.00000
     11.35000      0.22313      0.29665      0.00000
     11.36000      0.15805      0.21064      0.00000
     11.37000      0.22259      0.29676      0.00000
     11.38000      0.22222      0.29572      0.00000
     11.39000      0.11106      0.14756      0.00000
     11.40000      0.04799      0.06374      0.00000
     11.41000      0.10029      0.13325      0.00000
     11.42000      0.15912      0.21121      0.00000
     11.43000      0.17081      0.22608      0.00000
     11.44000      0.25604      0.33867      0.00000
     11.45000      0.31850      0.42192      0.00000
     11.46000      0.26510      0.35179      0.00000
     11.47000      0.31885      0.42347      0.00000
     11.48000      0.36471      0.48397      0.00000
     11.49000      0.21593      0.28619      0.00000
     11.50000      0.07290      0.09657      0.00000
     11.51000      0.08651      0.11479      0.00000
     11.52000      0.17085      0.22668      0.00000
     11.53000      0.22183      0.29411      0.00000
     11.54000      0.22522      0.29845      0.00000
     11.55000      0.12321      0.16324      0.00000
     11.56000      0.03114      0.04124      0.00000
     11.57000      0.03475      0.04596      0.00000
     11.58000      0.10825      0.14318      0.00000
     11.59000      0.13668      0.18078      0.00000
     11.60000      0.10968      0.14502      0.00000
     11.61000      0.25292      0.33412      0.00000
     11.62000      0.50140      0.66200      0.00000
     11.63000      0.50709      0.66925      0.00000
     11.64000      0.38506      0.50802      0.00000
     11.65000      0.31951      0.42137      0.00000
     11.66000      0.24891      0.32847      0.00000
     11.67000      0.17218      0.22750      0.00000
     11.68000      0.15289      0.20216      0.00000
     11.69000      0.14980      0.19804      0.00000
     11.70000      0.17282      0.22793      0.00000
     11.71000      0.34458      0.45339      0.00000
     11.72000      0.39613      0.52058      0.00000
     11.73000      0.25831      0.33975      0.00000
     11.74000      0.16867      0.22255      0.00000
     11.75000      0.09589      0.12664      0.00000
     11.76000      0.09895      0.13049      0.00000
     11.77000      0.15725      0.20696      0.00000
     11.78000      0.18170      0.23762      0.00000
     11.79000      0.24043      0.31330      0.00000
     11.80000      0.24066      0.31433      0.00000
     11.81000      0.18642      0.24371      0.00000
     11.82000      0.26790      0.35028      0.00000
     11.83000      0.38210      0.50092      0.00000
     11.84000      0.37996      0.49911      0.00000
     11.85000      0.25075      0.32915      0.00000
     11.86000      0.16943      0.22089      0.00000
     11.87000      0.25277      0.32961      0.00000
     11.88000      0.29102      0.38000      0.00000
     11.89000      0.15776      0.20575      0.00000
     11.90000      0.04139      0.05392      0.00000
     11.91000      0.05752      0.07503      0.00000
     11.92000      0.19765      0.25711      0.00000
     11.93000      0.30408      0.39357      0.00000
     11.94000      0.25746      0.33015      0.00000
     11.95000      0.15927      0.20252      0.00000
     11.96000      0.07157      0.09082      0.00000
     11.97000      0.10291      0.13122      0.00000
     11.98000      0.22867      0.29285      0.00000
     11.99000      0.23621      0.30397      0.00000
     12.00000      0.13724      0.17832      0.00000
     12.01000      0.19275      0.25386      0.00000
     12.02000      0.38372      0.50375      0.00000
     12.03000      0.48324      0.62971      0.00000
     12.04000      0.44195      0.57432      0.00000
     12.05000      0.37007      0.48078      0.00000
     12.06000      0.33665      0.43731      0.00000
     12.07000      0.27117      0.35327      0.00000
     12.08000      0.27836      0.36004      0.00000
     12.09000      0.33406      0.42764      0.00000
     12.10000      0.28038      0.35936      0.00000
     12.11000      0.20428      0.26367      0.00000
     12.12000      0.26071      0.33447      0.00000
     12.13000      0.33723      0.42845      0.00000
     12.14000      0.29071      0.36745      0.00000
     12.15000      0.23183      0.29158      0.00000
     12.16000      0.21609      0.27240      0.00000
     12.17000      0.16685      0.21094      0.00000
     12.18000      0.15722      0.19842      0.00000
     12.19000      0.12330      0.15522      0.00000
     12.20000      0.14774      0.18578      0.00000
     12.21000      0.30672      0.38825      0.00000
     12.22000      0.46053      0.58408      0.00000
     12.23000      0.48206      0.60990      0.00000
     12.24000      0.36151      0.45773      0.00000
     12.25000      0.21523      0.27349      0.00000
     12.26000      0.24185      0.30556      0.00000
     12.27000      0.25671      0.32044      0.00000
     12.28000      0.15786      0.19589      0.00000
     12.29000      0.18687      0.23268      0.00000
     12.30000      0.26641      0.32822      0.00000
     12.31000      0.19315      0.23560      0.00000
     12.32000      0.14200      0.17498      0.00000
     12.33000      0.18534      0.22775      0.00000
     12.34000      0.22178      0.26542      0.00000
     12.35000      0.24450      0.28990      0.00000
     12.36000      0.18734      0.22394      0.00000
     12.37000      0.08696      0.10396      0.00000
     12.38000      0.09936      0.11538      0.00000
     12.39000      0.20520      0.23818      0.00000
     12.40000      0.23632      0.28465      0.00000
     12.41000      0.33940      0.43891      0.00000
     12.42000      0.52217      0.68603      0.00000
     12.43000      0.53985      0.70574      0.00000
     12.44000      0.51736      0.66184      0.00000
     12.45000      0.55700      0.69589      0.00000
     12.46000      0.57478      0.71674      0.00000
     12.47000      0.60416      0.74931      0.00000
     12.48000      0.65821      0.79948      0.00000
     12.49000      0.57365      0.67942      0.00000
     12.50000      0.39699      0.45787      0.00000
     12.51000      0.26939      0.30332      0.00000
     12.52000      0.20073      0.22244      0.00000
     12.53000      0.13773      0.15108      0.00000
     12.54000      0.13530      0.14663      0.00000
     12.55000      0.13423      0.14499      0.00000
     12.56000      0.06526      0.07032      0.00000
     12.57000      0.04863      0.05178      0.00000
     12.58000      0.09144      0.09775      0.00000
     12.59000      0.17241      0.18944      0.00000
     12.60000      0.34605      0.39688      0.00000
