Energy-E_F (eV)    DOS (1/eV)    PDOS (1/eV)  of atom type B  N  
     -5.99803      0.68410      0.28035      0.40374
     -5.98803      0.52809      0.21531      0.31278
     -5.97803      0.37605      0.15213      0.22392
     -5.96803      0.28305      0.11471      0.16834
     -5.95803      0.16121      0.06573      0.09548
     -5.94803      0.16520      0.06781      0.09739
     -5.93803      0.32214      0.13453      0.18761
     -5.92803      0.40869      0.17352      0.23517
     -5.91803      0.49466      0.20880      0.28587
     -5.90803      0.69201      0.28468      0.40734
     -5.89803      0.70630      0.28467      0.42163
     -5.88803      0.54112      0.21712      0.32400
     -5.87803      0.53015      0.21721      0.31294
     -5.86803      0.55184      0.22833      0.32351
     -5.85803      0.44249      0.18063      0.26186
     -5.84803      0.38471      0.15697      0.22774
     -5.83803      0.44148      0.18431      0.25716
     -5.82803      0.51771      0.21785      0.29986
     -5.81803      0.59699      0.25259      0.34439
     -5.80803      0.72232      0.30723      0.41509
     -5.79803      0.68408      0.29049      0.39359
     -5.78803      0.45312      0.18891      0.26420
     -5.77803      0.26684      0.10773      0.15911
     -5.76803      0.33258      0.13211      0.20048
     -5.75803      0.59402      0.23719      0.35683
     -5.74803      0.77299      0.31139      0.46160
     -5.73803      0.68215      0.27658      0.40557
     -5.72803      0.45512      0.18413      0.27099
     -5.71803      0.33907      0.13565      0.20342
     -5.70803      0.42081      0.16979      0.25103
     -5.69803      0.50400      0.20619      0.29780
     -5.68803      0.48955      0.20222      0.28734
     -5.67803      0.51006      0.21080      0.29926
     -5.66803      0.53868      0.22233      0.31636
     -5.65803      0.45262      0.18698      0.26564
     -5.64803      0.39086      0.15877      0.23209
     -5.63803      0.40044      0.16130      0.23914
     -5.62803      0.45604      0.18484      0.27121
     -5.61803      0.56722      0.22842      0.33880
     -5.60803      0.78820      0.31806      0.47014
     -5.59803      0.88631      0.36154      0.52477
     -5.58803      0.60054      0.25076      0.34977
     -5.57803      0.44445      0.19137      0.25308
     -5.56803      0.45265      0.19161      0.26104
     -5.55803      0.50764      0.20620      0.30144
     -5.54803      0.56875      0.22904      0.33972
     -5.53803      0.43910      0.17762      0.26148
     -5.52803      0.18921      0.07671      0.11250
     -5.51803      0.18838      0.07768      0.11070
     -5.50803      0.44195      0.18293      0.25902
     -5.49803      0.62350      0.25517      0.36833
     -5.48803      0.71399      0.28734      0.42665
     -5.47803      0.79235      0.31875      0.47361
     -5.46803      0.86472      0.35158      0.51314
     -5.45803      0.79281      0.32241      0.47040
     -5.44803      0.54654      0.21925      0.32730
     -5.43803      0.38988      0.15401      0.23587
     -5.42803      0.37705      0.14993      0.22712
     -5.41803      0.48648      0.19570      0.29077
     -5.40803      0.56601      0.22632      0.33969
     -5.39803      0.42336      0.16845      0.25490
     -5.38803      0.42142      0.16955      0.25187
     -5.37803      0.51212      0.20759      0.30454
     -5.36803      0.54825      0.22489      0.32336
     -5.35803      0.67867      0.28188      0.39679
     -5.34803      0.78312      0.32504      0.45808
     -5.33803      0.66854      0.27706      0.39148
     -5.32803      0.56521      0.23050      0.33471
     -5.31803      0.64966      0.25873      0.39093
     -5.30803      0.59056      0.23267      0.35789
     -5.29803      0.39058      0.15278      0.23780
     -5.28803      0.22010      0.08628      0.13381
     -5.27803      0.30770      0.12272      0.18498
     -5.26803      0.59819      0.23995      0.35825
     -5.25803      0.75862      0.30199      0.45663
     -5.24803      0.71317      0.27814      0.43503
     -5.23803      0.68758      0.26546      0.42213
     -5.22803      0.78321      0.30402      0.47919
     -5.21803      0.88472      0.34456      0.54016
     -5.20803      1.08011      0.42157      0.65854
     -5.19803      1.08744      0.42202      0.66542
     -5.18803      0.87242      0.33601      0.53641
     -5.17803      0.91475      0.35567      0.55908
     -5.16803      1.10586      0.43522      0.67064
     -5.15803      1.10566      0.43379      0.67187
     -5.14803      0.97436      0.38030      0.59406
     -5.13803      0.86146      0.33770      0.52376
     -5.12803      0.84897      0.33444      0.51453
     -5.11803      0.80428      0.31869      0.48558
     -5.10803      0.75458      0.29406      0.46052
     -5.09803      0.82254      0.31122      0.51132
     -5.08803      0.98399      0.37200      0.61198
     -5.07803      0.96381      0.37175      0.59205
     -5.06803      0.81491      0.31984      0.49507
     -5.05803      0.77350      0.29815      0.47535
     -5.04803      0.68348      0.25670      0.42678
     -5.03803      0.45796      0.16965      0.28830
     -5.02803      0.39896      0.15202      0.24695
     -5.01803      0.74067      0.28671      0.45396
     -5.00803      1.12239      0.43146      0.69093
     -4.99803      1.32944      0.51454      0.81489
     -4.98803      1.30613      0.50737      0.79876
     -4.97803      0.92754      0.35446      0.57308
     -4.96803      0.70040      0.26202      0.43838
     -4.95803      0.81199      0.30519      0.50681
     -4.94803      0.94238      0.36084      0.58154
     -4.93803      0.88917      0.34359      0.54558
     -4.92803      0.81665      0.31783      0.49882
     -4.91803      0.92743      0.36147      0.56596
     -4.90803      1.02279      0.39298      0.62981
     -4.89803      1.07888      0.41289      0.66599
     -4.88803      1.06818      0.41180      0.65638
     -4.87803      0.94724      0.36607      0.58117
     -4.86803      0.93103      0.35862      0.57241
     -4.85803      0.91254      0.34567      0.56688
     -4.84803      0.90819      0.34034      0.56785
     -4.83803      0.81606      0.30970      0.50636
     -4.82803      0.79123      0.30638      0.48485
     -4.81803      0.89334      0.34911      0.54423
     -4.80803      0.80388      0.31142      0.49247
     -4.79803      0.86520      0.32735      0.53785
     -4.78803      1.23585      0.46976      0.76609
     -4.77803      1.31231      0.50232      0.80999
     -4.76803      1.02362      0.38725      0.63637
     -4.75803      0.73597      0.27074      0.46523
     -4.74803      0.60369      0.22034      0.38335
     -4.73803      0.75219      0.28044      0.47174
     -4.72803      1.00497      0.38014      0.62483
     -4.71803      1.00545      0.37907      0.62639
     -4.70803      0.95836      0.35955      0.59881
     -4.69803      0.93114      0.35706      0.57408
     -4.68803      0.98215      0.38310      0.59906
     -4.67803      1.18994      0.46097      0.72897
     -4.66803      1.24134      0.47576      0.76558
     -4.65803      1.28473      0.48762      0.79710
     -4.64803      1.32248      0.50271      0.81977
     -4.63803      1.02657      0.38867      0.63790
     -4.62803      0.67651      0.25204      0.42447
     -4.61803      0.57395      0.21184      0.36211
     -4.60803      0.63997      0.23472      0.40525
     -4.59803      0.79508      0.29086      0.50422
     -4.58803      1.01107      0.37317      0.63790
     -4.57803      1.29174      0.48623      0.80551
     -4.56803      1.44547      0.55294      0.89253
     -4.55803      1.27582      0.48633      0.78948
     -4.54803      1.03525      0.38857      0.64668
     -4.53803      0.74357      0.28095      0.46263
     -4.52803      0.71232      0.27316      0.43916
     -4.51803      1.06468      0.40058      0.66409
     -4.50803      1.30370      0.48140      0.82230
     -4.49803      1.35564      0.50088      0.85476
     -4.48803      1.21949      0.45666      0.76282
     -4.47803      1.03396      0.39394      0.64002
     -4.46803      0.94186      0.36107      0.58078
     -4.45803      0.82080      0.31236      0.50844
     -4.44803      0.99316      0.37855      0.61461
     -4.43803      1.50157      0.56845      0.93312
     -4.42803      1.71928      0.64488      1.07440
     -4.41803      1.41238      0.52276      0.88963
     -4.40803      1.14098      0.41892      0.72206
     -4.39803      1.05864      0.39447      0.66417
     -4.38803      0.99406      0.37940      0.61466
     -4.37803      1.04997      0.40063      0.64934
     -4.36803      1.12825      0.41846      0.70979
     -4.35803      1.27478      0.46559      0.80920
     -4.34803      1.34458      0.48856      0.85601
     -4.33803      1.20343      0.43782      0.76561
     -4.32803      1.17058      0.43066      0.73992
     -4.31803      1.35371      0.50270      0.85101
     -4.30803      1.68981      0.63327      1.05654
     -4.29803      2.12299      0.79594      1.32705
     -4.28803      2.09521      0.78041      1.31480
     -4.27803      1.58322      0.58191      1.00131
     -4.26803      1.10900      0.40313      0.70587
     -4.25803      1.05953      0.39106      0.66847
     -4.24803      1.19390      0.44489      0.74901
     -4.23803      1.27379      0.47596      0.79783
     -4.22803      1.29848      0.48666      0.81183
     -4.21803      1.23128      0.46190      0.76938
     -4.20803      1.18088      0.44351      0.73737
     -4.19803      1.19349      0.44789      0.74561
     -4.18803      1.31284      0.49209      0.82075
     -4.17803      1.49961      0.55246      0.94715
     -4.16803      1.38219      0.49757      0.88462
     -4.15803      1.18095      0.42614      0.75481
     -4.14803      1.10855      0.41047      0.69808
     -4.13803      1.01073      0.38191      0.62882
     -4.12803      1.07260      0.40824      0.66436
     -4.11803      1.21620      0.45758      0.75862
     -4.10803      1.27253      0.47179      0.80074
     -4.09803      1.31142      0.48472      0.82671
     -4.08803      1.06023      0.39113      0.66910
     -4.07803      0.81258      0.29627      0.51631
     -4.06803      0.88113      0.31774      0.56340
     -4.05803      1.01750      0.36868      0.64882
     -4.04803      0.84906      0.31470      0.53436
     -4.03803      0.72857      0.27439      0.45419
     -4.02803      0.82520      0.30478      0.52042
     -4.01803      1.00820      0.37115      0.63705
     -4.00803      1.21478      0.45288      0.76190
     -3.99803      1.27257      0.47639      0.79618
     -3.98803      1.25306      0.46429      0.78877
     -3.97803      1.01936      0.37023      0.64913
     -3.96803      0.78323      0.28294      0.50029
     -3.95803      0.96508      0.35280      0.61228
     -3.94803      1.09944      0.40185      0.69759
     -3.93803      1.02051      0.37248      0.64803
     -3.92803      0.97428      0.35917      0.61511
     -3.91803      0.85183      0.31546      0.53637
     -3.90803      0.83031      0.30636      0.52395
     -3.89803      1.03212      0.38344      0.64868
     -3.88803      1.25340      0.46318      0.79022
     -3.87803      1.15047      0.41523      0.73524
     -3.86803      0.71240      0.25121      0.46119
     -3.85803      0.48769      0.17427      0.31342
     -3.84803      0.83970      0.30758      0.53212
     -3.83803      1.18461      0.44046      0.74415
     -3.82803      0.93699      0.35362      0.58337
     -3.81803      0.59605      0.22642      0.36962
     -3.80803      0.68206      0.25704      0.42502
     -3.79803      1.02001      0.38176      0.63825
     -3.78803      1.21256      0.45123      0.76133
     -3.77803      1.32097      0.48524      0.83573
     -3.76803      1.38114      0.50022      0.88092
     -3.75803      1.19202      0.42644      0.76558
     -3.74803      0.77306      0.27285      0.50021
     -3.73803      0.48638      0.17080      0.31558
     -3.72803      0.48871      0.17070      0.31800
     -3.71803      0.66017      0.23436      0.42581
     -3.70803      0.91138      0.33238      0.57899
     -3.69803      1.00938      0.37713      0.63224
     -3.68803      0.91068      0.34223      0.56846
     -3.67803      0.85174      0.31114      0.54060
     -3.66803      0.84201      0.30497      0.53704
     -3.65803      0.81206      0.29526      0.51681
     -3.64803      0.82566      0.29293      0.53273
     -3.63803      0.97465      0.34741      0.62724
     -3.62803      1.13685      0.41856      0.71829
     -3.61803      1.06585      0.39726      0.66860
     -3.60803      0.78819      0.28814      0.50005
     -3.59803      0.58461      0.20994      0.37467
     -3.58803      0.47856      0.17485      0.30370
     -3.57803      0.58002      0.21671      0.36330
     -3.56803      0.95929      0.35320      0.60608
     -3.55803      1.26355      0.45627      0.80728
     -3.54803      1.17504      0.41770      0.75734
     -3.53803      0.90422      0.32138      0.58283
     -3.52803      0.70660      0.25098      0.45563
     -3.51803      0.63936      0.22312      0.41625
     -3.50803      0.67859      0.23954      0.43904
     -3.49803      0.68030      0.24355      0.43675
     -3.48803      0.66749      0.23891      0.42858
     -3.47803      0.79694      0.29006      0.50688
     -3.46803      1.14889      0.42478      0.72411
     -3.45803      1.29686      0.47887      0.81799
     -3.44803      1.11952      0.40818      0.71134
     -3.43803      0.82559      0.29932      0.52626
     -3.42803      0.71425      0.26141      0.45284
     -3.41803      0.78179      0.28552      0.49627
     -3.40803      0.63735      0.23055      0.40680
     -3.39803      0.46606      0.16617      0.29990
     -3.38803      0.63087      0.22174      0.40914
     -3.37803      0.92746      0.33175      0.59570
     -3.36803      0.87160      0.31357      0.55803
     -3.35803      0.62976      0.22795      0.40181
     -3.34803      0.58469      0.21115      0.37354
     -3.33803      0.75874      0.26340      0.49534
     -3.32803      0.98925      0.34585      0.64339
     -3.31803      1.04003      0.37279      0.66724
     -3.30803      1.02564      0.37045      0.65519
     -3.29803      1.13844      0.40803      0.73041
     -3.28803      1.10955      0.39553      0.71401
     -3.27803      0.69814      0.24990      0.44823
     -3.26803      0.40877      0.14393      0.26485
     -3.25803      0.39800      0.13507      0.26293
     -3.24803      0.53201      0.18428      0.34774
     -3.23803      0.68155      0.24029      0.44126
     -3.22803      0.68864      0.24515      0.44349
     -3.21803      0.69183      0.24523      0.44660
     -3.20803      0.97982      0.34494      0.63489
     -3.19803      1.06993      0.37616      0.69377
     -3.18803      0.80526      0.28792      0.51734
     -3.17803      0.73172      0.27068      0.46104
     -3.16803      0.78628      0.28792      0.49837
     -3.15803      0.81585      0.29377      0.52208
     -3.14803      0.73168      0.27167      0.46002
     -3.13803      0.65424      0.25002      0.40422
     -3.12803      0.76711      0.28654      0.48057
     -3.11803      1.01558      0.36582      0.64976
     -3.10803      1.04743      0.36332      0.68411
     -3.09803      0.91657      0.30420      0.61237
     -3.08803      0.76769      0.25243      0.51527
     -3.07803      0.68547      0.23062      0.45485
     -3.06803      0.76276      0.26483      0.49793
     -3.05803      0.67806      0.24059      0.43746
     -3.04803      0.57620      0.20563      0.37057
     -3.03803      0.60074      0.21374      0.38700
     -3.02803      0.74453      0.25759      0.48694
     -3.01803      0.74884      0.25401      0.49483
     -3.00803      0.44871      0.15030      0.29840
     -2.99803      0.32490      0.11060      0.21430
     -2.98803      0.57413      0.20845      0.36568
     -2.97803      0.99391      0.36106      0.63285
     -2.96803      1.21567      0.43042      0.78524
     -2.95803      1.12833      0.39827      0.73006
     -2.94803      0.86933      0.31137      0.55797
     -2.93803      0.90626      0.32018      0.58608
     -2.92803      1.06532      0.37427      0.69105
     -2.91803      0.76767      0.27467      0.49299
     -2.90803      0.39577      0.14118      0.25459
     -2.89803      0.41011      0.13539      0.27473
     -2.88803      0.51548      0.16774      0.34774
     -2.87803      0.40922      0.13855      0.27067
     -2.86803      0.39470      0.14749      0.24721
     -2.85803      0.55911      0.20697      0.35214
     -2.84803      0.85288      0.29516      0.55773
     -2.83803      1.20089      0.40482      0.79607
     -2.82803      1.21871      0.40952      0.80919
     -2.81803      0.93765      0.31613      0.62152
     -2.80803      0.73065      0.25486      0.47579
     -2.79803      0.64114      0.22674      0.41440
     -2.78803      0.51504      0.17490      0.34014
     -2.77803      0.50978      0.17385      0.33593
     -2.76803      0.64544      0.23138      0.41406
     -2.75803      0.85962      0.30870      0.55093
     -2.74803      1.08731      0.38588      0.70142
     -2.73803      1.11030      0.39094      0.71937
     -2.72803      0.84196      0.28826      0.55371
     -2.71803      0.57251      0.18721      0.38529
     -2.70803      0.52202      0.17556      0.34645
     -2.69803      0.62658      0.21822      0.40836
     -2.68803      0.65800      0.22449      0.43351
     -2.67803      0.53838      0.17502      0.36336
     -2.66803      0.50101      0.16350      0.33751
     -2.65803      0.64424      0.22231      0.42193
     -2.64803      0.80540      0.28070      0.52470
     -2.63803      0.74288      0.25975      0.48313
     -2.62803      0.52371      0.18800      0.33571
     -2.61803      0.50789      0.17578      0.33211
     -2.60803      0.60299      0.19665      0.40634
     -2.59803      0.66161      0.21525      0.44636
     -2.58803      0.75193      0.24978      0.50215
     -2.57803      0.71092      0.23936      0.47156
     -2.56803      0.67378      0.23069      0.44309
     -2.55803      0.94738      0.32672      0.62066
     -2.54803      1.43878      0.49767      0.94112
     -2.53803      1.39967      0.48267      0.91700
     -2.52803      0.93855      0.32013      0.61842
     -2.51803      0.62796      0.21629      0.41166
     -2.50803      0.45580      0.15535      0.30045
     -2.49803      0.40127      0.12935      0.27192
     -2.48803      0.28322      0.09011      0.19311
     -2.47803      0.35562      0.11750      0.23812
     -2.46803      0.66415      0.22286      0.44129
     -2.45803      0.87716      0.29405      0.58312
     -2.44803      0.94866      0.31641      0.63225
     -2.43803      0.84252      0.27975      0.56277
     -2.42803      0.66197      0.22283      0.43914
     -2.41803      0.42308      0.14593      0.27715
     -2.40803      0.35276      0.11885      0.23392
     -2.39803      0.58596      0.19191      0.39405
     -2.38803      0.72261      0.23601      0.48661
     -2.37803      0.64876      0.21579      0.43297
     -2.36803      0.69890      0.24461      0.45429
     -2.35803      1.04546      0.37113      0.67433
     -2.34803      0.99198      0.34939      0.64259
     -2.33803      0.64261      0.21599      0.42662
     -2.32803      0.67221      0.20449      0.46771
     -2.31803      0.80392      0.23927      0.56465
     -2.30803      0.74597      0.23038      0.51559
     -2.29803      0.58030      0.18812      0.39219
     -2.28803      0.50012      0.16778      0.33234
     -2.27803      0.56931      0.19697      0.37235
     -2.26803      0.88771      0.30894      0.57878
     -2.25803      1.12344      0.38161      0.74182
     -2.24803      0.98612      0.32364      0.66248
     -2.23803      0.63289      0.19980      0.43310
     -2.22803      0.40538      0.12775      0.27763
     -2.21803      0.39970      0.12682      0.27288
     -2.20803      0.46295      0.14556      0.31738
     -2.19803      0.59106      0.19216      0.39890
     -2.18803      0.86338      0.28737      0.57601
     -2.17803      1.09084      0.36799      0.72285
     -2.16803      0.99310      0.33762      0.65548
     -2.15803      0.75068      0.24538      0.50531
     -2.14803      0.57360      0.17282      0.40079
     -2.13803      0.38402      0.11796      0.26605
     -2.12803      0.35443      0.12561      0.22882
     -2.11803      0.52462      0.18346      0.34116
     -2.10803      0.65837      0.21119      0.44718
     -2.09803      0.68393      0.21317      0.47076
     -2.08803      0.61221      0.19949      0.41273
     -2.07803      0.55689      0.18580      0.37109
     -2.06803      0.72825      0.23066      0.49759
     -2.05803      0.88264      0.26923      0.61341
     -2.04803      0.81808      0.24948      0.56861
     -2.03803      0.87606      0.27547      0.60059
     -2.02803      1.04533      0.33790      0.70742
     -2.01803      1.06502      0.35381      0.71120
     -2.00803      0.84169      0.28662      0.55507
     -1.99803      0.57403      0.19687      0.37716
     -1.98803      0.44297      0.14704      0.29593
     -1.97803      0.43236      0.12992      0.30244
     -1.96803      0.59300      0.17207      0.42092
     -1.95803      0.73441      0.22012      0.51429
     -1.94803      0.62092      0.19221      0.42871
     -1.93803      0.57107      0.18131      0.38976
     -1.92803      0.78338      0.25052      0.53285
     -1.91803      0.83390      0.26706      0.56685
     -1.90803      0.62885      0.19823      0.43063
     -1.89803      0.59207      0.18138      0.41069
     -1.88803      0.62089      0.19527      0.42562
     -1.87803      0.79385      0.26017      0.53369
     -1.86803      0.93916      0.30189      0.63727
     -1.85803      0.70954      0.22218      0.48737
     -1.84803      0.37875      0.12428      0.25447
     -1.83803      0.30951      0.10589      0.20362
     -1.82803      0.54674      0.17481      0.37193
     -1.81803      0.84375      0.26495      0.57880
     -1.80803      0.79597      0.24910      0.54688
     -1.79803      0.68265      0.20367      0.47898
     -1.78803      0.85108      0.24613      0.60495
     -1.77803      0.95871      0.28328      0.67543
     -1.76803      0.88108      0.27212      0.60897
     -1.75803      0.86292      0.26830      0.59463
     -1.74803      0.87292      0.26564      0.60728
     -1.73803      0.71784      0.21554      0.50230
     -1.72803      0.53589      0.16567      0.37022
     -1.71803      0.41953      0.13473      0.28480
     -1.70803      0.39475      0.12417      0.27058
     -1.69803      0.58755      0.17918      0.40837
     -1.68803      0.81597      0.24410      0.57187
     -1.67803      0.87701      0.26203      0.61499
     -1.66803      0.85026      0.26328      0.58699
     -1.65803      0.89232      0.28013      0.61218
     -1.64803      0.83900      0.25384      0.58517
     -1.63803      0.56171      0.16236      0.39935
     -1.62803      0.48474      0.14034      0.34440
     -1.61803      0.66186      0.19945      0.46241
     -1.60803      0.67288      0.20736      0.46552
     -1.59803      0.64523      0.19143      0.45381
     -1.58803      0.68736      0.20023      0.48713
     -1.57803      0.62232      0.19570      0.42663
     -1.56803      0.46466      0.15563      0.30902
     -1.55803      0.52810      0.16501      0.36309
     -1.54803      0.74850      0.21956      0.52894
     -1.53803      0.81967      0.23425      0.58541
     -1.52803      0.90508      0.25808      0.64700
     -1.51803      1.00597      0.28355      0.72242
     -1.50803      0.90267      0.25303      0.64965
     -1.49803      0.73144      0.20779      0.52366
     -1.48803      0.66945      0.17942      0.49002
     -1.47803      0.59804      0.15035      0.44769
     -1.46803      0.41561      0.10253      0.31307
     -1.45803      0.25509      0.06278      0.19232
     -1.44803      0.23401      0.05728      0.17673
     -1.43803      0.37947      0.09197      0.28750
     -1.42803      0.57590      0.13896      0.43693
     -1.41803      0.57062      0.13742      0.43320
     -1.40803      0.46336      0.11172      0.35164
     -1.39803      0.46255      0.11172      0.35083
     -1.38803      0.55576      0.13390      0.42185
     -1.37803      0.49500      0.11891      0.37609
     -1.36803      0.37765      0.09022      0.28743
     -1.35803      0.46253      0.10977      0.35276
     -1.34803      0.52629      0.12437      0.40192
     -1.33803      0.38680      0.09103      0.29578
     -1.32803      0.34305      0.08056      0.26249
     -1.31803      0.37955      0.08869      0.29086
     -1.30803      0.38788      0.08984      0.29804
     -1.29803      0.38235      0.08822      0.29412
     -1.28803      0.36898      0.08528      0.28370
     -1.27803      0.55730      0.12913      0.42817
     -1.26803      0.83243      0.19326      0.63917
     -1.25803      0.84026      0.19496      0.64530
     -1.24803      0.69412      0.16032      0.53380
     -1.23803      0.64202      0.14740      0.49461
     -1.22803      0.54263      0.12414      0.41848
     -1.21803      0.46122      0.10467      0.35655
     -1.20803      0.56359      0.12641      0.43718
     -1.19803      0.61968      0.13831      0.48137
     -1.18803      0.54796      0.12213      0.42583
     -1.17803      0.47478      0.10543      0.36935
     -1.16803      0.43522      0.09604      0.33918
     -1.15803      0.38771      0.08548      0.30223
     -1.14803      0.48238      0.10652      0.37586
     -1.13803      0.72295      0.15922      0.56374
     -1.12803      0.76133      0.16682      0.59451
     -1.11803      0.66341      0.14421      0.51921
     -1.10803      0.59577      0.12850      0.46727
     -1.09803      0.50355      0.10824      0.39532
     -1.08803      0.46371      0.09881      0.36490
     -1.07803      0.57971      0.12253      0.45718
     -1.06803      0.51301      0.10792      0.40508
     -1.05803      0.38819      0.08133      0.30686
     -1.04803      0.42774      0.08893      0.33881
     -1.03803      0.53843      0.11117      0.42725
     -1.02803      0.77837      0.16195      0.61642
     -1.01803      1.08431      0.22789      0.85642
     -1.00803      1.08197      0.22740      0.85458
     -0.99803      0.95201      0.19794      0.75408
     -0.98803      0.90982      0.18651      0.72331
     -0.97803      0.86762      0.17588      0.69174
     -0.96803      0.82527      0.16587      0.65940
     -0.95803      0.78825      0.15714      0.63111
     -0.94803      0.79891      0.15761      0.64130
     -0.93803      0.85703      0.16737      0.68967
     -0.92803      0.92409      0.17871      0.74538
     -0.91803      1.08431      0.20801      0.87630
     -0.90803      1.28628      0.24690      1.03938
     -0.89803      1.16288      0.22580      0.93708
     -0.88803      0.82187      0.16125      0.66062
     -0.87803      0.69885      0.13570      0.56315
     -0.86803      0.78390      0.14960      0.63430
     -0.85803      0.76651      0.14469      0.62182
     -0.84803      0.50071      0.09349      0.40722
     -0.83803      0.30430      0.05591      0.24839
     -0.82803      0.27122      0.04937      0.22186
     -0.81803      0.32626      0.05923      0.26703
     -0.80803      0.51223      0.09337      0.41885
     -0.79803      1.04272      0.19322      0.84950
     -0.78803      1.83862      0.34541      1.49321
     -0.77803      1.76993      0.33364      1.43630
     -0.76803      0.83856      0.15655      0.68202
     -0.75803      0.31335      0.05654      0.25681
     -0.74803      0.20822      0.03654      0.17169
     -0.73803      0.25928      0.04523      0.21405
     -0.72803      0.29041      0.05063      0.23978
     -0.71803      0.31352      0.05455      0.25897
     -0.70803      0.36378      0.06342      0.30036
     -0.69803      0.46094      0.08080      0.38014
     -0.68803      0.68748      0.12129      0.56619
     -0.67803      0.83603      0.14751      0.68853
     -0.66803      0.64254      0.11215      0.53039
     -0.65803      0.34173      0.05847      0.28326
     -0.64803      0.25645      0.04312      0.21333
     -0.63803      0.30058      0.05019      0.25039
     -0.62803      0.37611      0.06256      0.31355
     -0.61803      0.46601      0.07734      0.38867
     -0.60803      0.53947      0.08949      0.44998
     -0.59803      0.64165      0.10660      0.53506
     -0.58803      0.80437      0.13441      0.66996
     -0.57803      0.92884      0.15559      0.77326
     -0.56803      0.77368      0.12832      0.64536
     -0.55803      0.39068      0.06353      0.32715
     -0.54803      0.16699      0.02647      0.14052
     -0.53803      0.22866      0.03572      0.19293
     -0.52803      0.31258      0.04860      0.26398
     -0.51803      0.33927      0.05229      0.28698
     -0.50803      0.43770      0.06729      0.37041
     -0.49803      0.42295      0.06527      0.35768
     -0.48803      0.43057      0.06666      0.36391
     -0.47803      0.48059      0.07400      0.40659
     -0.46803      0.38912      0.05905      0.33007
     -0.45803      0.30261      0.04497      0.25764
     -0.44803      0.32236      0.04723      0.27514
     -0.43803      0.38872      0.05657      0.33215
     -0.42803      0.42032      0.06084      0.35948
     -0.41803      0.42219      0.06102      0.36118
     -0.40803      0.44338      0.06413      0.37925
     -0.39803      0.62410      0.08963      0.53447
     -0.38803      0.73011      0.10395      0.62615
     -0.37803      0.43184      0.06109      0.37075
     -0.36803      0.14811      0.02056      0.12755
     -0.35803      0.19078      0.02563      0.16515
     -0.34803      0.31896      0.04267      0.27629
     -0.33803      0.34454      0.04565      0.29889
     -0.32803      0.38780      0.05100      0.33680
     -0.31803      0.40069      0.05275      0.34794
     -0.30803      0.34383      0.04508      0.29876
     -0.29803      0.30174      0.03889      0.26285
     -0.28803      0.26428      0.03339      0.23089
     -0.27803      0.27124      0.03379      0.23745
     -0.26803      0.34507      0.04249      0.30258
     -0.25803      0.44683      0.05451      0.39232
     -0.24803      0.53301      0.06456      0.46845
     -0.23803      0.50656      0.06116      0.44540
     -0.22803      0.32469      0.03889      0.28580
     -0.21803      0.26827      0.03113      0.23715
     -0.20803      0.28295      0.03236      0.25058
     -0.19803      0.18677      0.02114      0.16563
     -0.18803      0.23362      0.02585      0.20777
     -0.17803      0.37287      0.04092      0.33194
     -0.16803      0.38755      0.04199      0.34556
     -0.15803      0.33479      0.03572      0.29907
     -0.14803      0.25193      0.02650      0.22543
     -0.13803      0.27205      0.02802      0.24403
     -0.12803      0.38740      0.03935      0.34806
     -0.11803      0.41193      0.04141      0.37052
     -0.10803      0.31677      0.03132      0.28545
     -0.09803      0.25227      0.02432      0.22795
     -0.08803      0.25644      0.02420      0.23224
     -0.07803      0.27876      0.02589      0.25287
     -0.06803      0.27123      0.02476      0.24647
     -0.05803      0.27040      0.02407      0.24633
     -0.04803      0.34734      0.03026      0.31708
     -0.03803      0.34926      0.03006      0.31920
     -0.02803      0.24958      0.02103      0.22854
     -0.01803      0.23671      0.01932      0.21739
     -0.00803      0.23153      0.01862      0.21292
      0.00197      0.12767      0.01020      0.11747
      0.01197      0.03166      0.00252      0.02914
      0.02197      0.00315      0.00025      0.00290
      0.03197      0.00012      0.00001      0.00011
      0.04197      0.00000      0.00000      0.00000
      0.05197      0.00000      0.00000      0.00000
      0.06197      0.00000      0.00000      0.00000
      0.07197      0.00000      0.00000      0.00000
      0.08197      0.00000      0.00000      0.00000
      0.09197      0.00000      0.00000      0.00000
      0.10197      0.00000      0.00000      0.00000
      0.11197      0.00000      0.00000      0.00000
      0.12197      0.00000      0.00000      0.00000
      0.13197      0.00000      0.00000      0.00000
      0.14197      0.00000      0.00000      0.00000
      0.15197      0.00000      0.00000      0.00000
      0.16197      0.00000      0.00000      0.00000
      0.17197      0.00000      0.00000      0.00000
      0.18197      0.00000      0.00000      0.00000
      0.19197      0.00000      0.00000      0.00000
      0.20197      0.00000      0.00000      0.00000
      0.21197      0.00000      0.00000      0.00000
      0.22197      0.00000      0.00000      0.00000
      0.23197      0.00000      0.00000      0.00000
      0.24197      0.00000      0.00000      0.00000
      0.25197      0.00000      0.00000      0.00000
      0.26197      0.00000      0.00000      0.00000
      0.27197      0.00000      0.00000      0.00000
      0.28197      0.00000      0.00000      0.00000
      0.29197      0.00000      0.00000      0.00000
      0.30197      0.00000      0.00000      0.00000
      0.31197      0.00000      0.00000      0.00000
      0.32197      0.00000      0.00000      0.00000
      0.33197      0.00000      0.00000      0.00000
      0.34197      0.00000      0.00000      0.00000
      0.35197      0.00000      0.00000      0.00000
      0.36197      0.00000      0.00000      0.00000
      0.37197      0.00000      0.00000      0.00000
      0.38197      0.00000      0.00000      0.00000
      0.39197      0.00000      0.00000      0.00000
      0.40197      0.00000      0.00000      0.00000
      0.41197      0.00000      0.00000      0.00000
      0.42197      0.00000      0.00000      0.00000
      0.43197      0.00000      0.00000      0.00000
      0.44197      0.00000      0.00000      0.00000
      0.45197      0.00000      0.00000      0.00000
      0.46197      0.00000      0.00000      0.00000
      0.47197      0.00000      0.00000      0.00000
      0.48197      0.00000      0.00000      0.00000
      0.49197      0.00000      0.00000      0.00000
      0.50197      0.00000      0.00000      0.00000
      0.51197      0.00000      0.00000      0.00000
      0.52197      0.00000      0.00000      0.00000
      0.53197      0.00000      0.00000      0.00000
      0.54197      0.00000      0.00000      0.00000
      0.55197      0.00000      0.00000      0.00000
      0.56197      0.00000      0.00000      0.00000
      0.57197      0.00000      0.00000      0.00000
      0.58197      0.00000      0.00000      0.00000
      0.59197      0.00000      0.00000      0.00000
      0.60197      0.00000      0.00000      0.00000
      0.61197      0.00000      0.00000      0.00000
      0.62197      0.00000      0.00000      0.00000
      0.63197      0.00000      0.00000      0.00000
      0.64197      0.00000      0.00000      0.00000
      0.65197      0.00000      0.00000      0.00000
      0.66197      0.00000      0.00000      0.00000
      0.67197      0.00000      0.00000      0.00000
      0.68197      0.00000      0.00000      0.00000
      0.69197      0.00000      0.00000      0.00000
      0.70197      0.00000      0.00000      0.00000
      0.71197      0.00000      0.00000      0.00000
      0.72197      0.00000      0.00000      0.00000
      0.73197      0.00000      0.00000      0.00000
      0.74197      0.00000      0.00000      0.00000
      0.75197      0.00000      0.00000      0.00000
      0.76197      0.00000      0.00000      0.00000
      0.77197      0.00000      0.00000      0.00000
      0.78197      0.00000      0.00000      0.00000
      0.79197      0.00000      0.00000      0.00000
      0.80197      0.00000      0.00000      0.00000
      0.81197      0.00000      0.00000      0.00000
      0.82197      0.00000      0.00000      0.00000
      0.83197      0.00000      0.00000      0.00000
      0.84197      0.00000      0.00000      0.00000
      0.85197      0.00000      0.00000      0.00000
      0.86197      0.00000      0.00000      0.00000
      0.87197      0.00000      0.00000      0.00000
      0.88197      0.00000      0.00000      0.00000
      0.89197      0.00000      0.00000      0.00000
      0.90197      0.00000      0.00000      0.00000
      0.91197      0.00000      0.00000      0.00000
      0.92197      0.00000      0.00000      0.00000
      0.93197      0.00000      0.00000      0.00000
      0.94197      0.00000      0.00000      0.00000
      0.95197      0.00000      0.00000      0.00000
      0.96197      0.00000      0.00000      0.00000
      0.97197      0.00000      0.00000      0.00000
      0.98197      0.00000      0.00000      0.00000
      0.99197      0.00000      0.00000      0.00000
      1.00197      0.00000      0.00000      0.00000
      1.01197      0.00000      0.00000      0.00000
      1.02197      0.00000      0.00000      0.00000
      1.03197      0.00000      0.00000      0.00000
      1.04197      0.00000      0.00000      0.00000
      1.05197      0.00000      0.00000      0.00000
      1.06197      0.00000      0.00000      0.00000
      1.07197      0.00000      0.00000      0.00000
      1.08197      0.00000      0.00000      0.00000
      1.09197      0.00000      0.00000      0.00000
      1.10197      0.00000      0.00000      0.00000
      1.11197      0.00000      0.00000      0.00000
      1.12197      0.00000      0.00000      0.00000
      1.13197      0.00000      0.00000      0.00000
      1.14197      0.00000      0.00000      0.00000
      1.15197      0.00000      0.00000      0.00000
      1.16197      0.00000      0.00000      0.00000
      1.17197      0.00000      0.00000      0.00000
      1.18197      0.00000      0.00000      0.00000
      1.19197      0.00000      0.00000      0.00000
      1.20197      0.00000      0.00000      0.00000
      1.21197      0.00000      0.00000      0.00000
      1.22197      0.00000      0.00000      0.00000
      1.23197      0.00000      0.00000      0.00000
      1.24197      0.00000      0.00000      0.00000
      1.25197      0.00000      0.00000      0.00000
      1.26197      0.00000      0.00000      0.00000
      1.27197      0.00000      0.00000      0.00000
      1.28197      0.00000      0.00000      0.00000
      1.29197      0.00000      0.00000      0.00000
      1.30197      0.00000      0.00000      0.00000
      1.31197      0.00000      0.00000      0.00000
      1.32197      0.00000      0.00000      0.00000
      1.33197      0.00000      0.00000      0.00000
      1.34197      0.00000      0.00000      0.00000
      1.35197      0.00000      0.00000      0.00000
      1.36197      0.00000      0.00000      0.00000
      1.37197      0.00000      0.00000      0.00000
      1.38197      0.00000      0.00000      0.00000
      1.39197      0.00000      0.00000      0.00000
      1.40197      0.00000      0.00000      0.00000
      1.41197      0.00000      0.00000      0.00000
      1.42197      0.00000      0.00000      0.00000
      1.43197      0.00000      0.00000      0.00000
      1.44197      0.00000      0.00000      0.00000
      1.45197      0.00000      0.00000      0.00000
      1.46197      0.00000      0.00000      0.00000
      1.47197      0.00000      0.00000      0.00000
      1.48197      0.00000      0.00000      0.00000
      1.49197      0.00000      0.00000      0.00000
      1.50197      0.00000      0.00000      0.00000
      1.51197      0.00000      0.00000      0.00000
      1.52197      0.00000      0.00000      0.00000
      1.53197      0.00000      0.00000      0.00000
      1.54197      0.00000      0.00000      0.00000
      1.55197      0.00000      0.00000      0.00000
      1.56197      0.00000      0.00000      0.00000
      1.57197      0.00000      0.00000      0.00000
      1.58197      0.00000      0.00000      0.00000
      1.59197      0.00000      0.00000      0.00000
      1.60197      0.00000      0.00000      0.00000
      1.61197      0.00000      0.00000      0.00000
      1.62197      0.00000      0.00000      0.00000
      1.63197      0.00000      0.00000      0.00000
      1.64197      0.00000      0.00000      0.00000
      1.65197      0.00000      0.00000      0.00000
      1.66197      0.00000      0.00000      0.00000
      1.67197      0.00000      0.00000      0.00000
      1.68197      0.00000      0.00000      0.00000
      1.69197      0.00000      0.00000      0.00000
      1.70197      0.00000      0.00000      0.00000
      1.71197      0.00000      0.00000      0.00000
      1.72197      0.00000      0.00000      0.00000
      1.73197      0.00000      0.00000      0.00000
      1.74197      0.00000      0.00000      0.00000
      1.75197      0.00000      0.00000      0.00000
      1.76197      0.00000      0.00000      0.00000
      1.77197      0.00000      0.00000      0.00000
      1.78197      0.00000      0.00000      0.00000
      1.79197      0.00000      0.00000      0.00000
      1.80197      0.00000      0.00000      0.00000
      1.81197      0.00000      0.00000      0.00000
      1.82197      0.00000      0.00000      0.00000
      1.83197      0.00000      0.00000      0.00000
      1.84197      0.00000      0.00000      0.00000
      1.85197      0.00000      0.00000      0.00000
      1.86197      0.00000      0.00000      0.00000
      1.87197      0.00000      0.00000      0.00000
      1.88197      0.00000      0.00000      0.00000
      1.89197      0.00000      0.00000      0.00000
      1.90197      0.00000      0.00000      0.00000
      1.91197      0.00000      0.00000      0.00000
      1.92197      0.00000      0.00000      0.00000
      1.93197      0.00000      0.00000      0.00000
      1.94197      0.00000      0.00000      0.00000
      1.95197      0.00000      0.00000      0.00000
      1.96197      0.00000      0.00000      0.00000
      1.97197      0.00000      0.00000      0.00000
      1.98197      0.00000      0.00000      0.00000
      1.99197      0.00000      0.00000      0.00000
      2.00197      0.00000      0.00000      0.00000
      2.01197      0.00000      0.00000      0.00000
      2.02197      0.00000      0.00000      0.00000
      2.03197      0.00000      0.00000      0.00000
      2.04197      0.00000      0.00000      0.00000
      2.05197      0.00000      0.00000      0.00000
      2.06197      0.00000      0.00000      0.00000
      2.07197      0.00000      0.00000      0.00000
      2.08197      0.00000      0.00000      0.00000
      2.09197      0.00000      0.00000      0.00000
      2.10197      0.00000      0.00000      0.00000
      2.11197      0.00000      0.00000      0.00000
      2.12197      0.00000      0.00000      0.00000
      2.13197      0.00000      0.00000      0.00000
      2.14197      0.00000      0.00000      0.00000
      2.15197      0.00000      0.00000      0.00000
      2.16197      0.00000      0.00000      0.00000
      2.17197      0.00000      0.00000      0.00000
      2.18197      0.00000      0.00000      0.00000
      2.19197      0.00000      0.00000      0.00000
      2.20197      0.00000      0.00000      0.00000
      2.21197      0.00000      0.00000      0.00000
      2.22197      0.00000      0.00000      0.00000
      2.23197      0.00000      0.00000      0.00000
      2.24197      0.00000      0.00000      0.00000
      2.25197      0.00000      0.00000      0.00000
      2.26197      0.00000      0.00000      0.00000
      2.27197      0.00000      0.00000      0.00000
      2.28197      0.00000      0.00000      0.00000
      2.29197      0.00000      0.00000      0.00000
      2.30197      0.00000      0.00000      0.00000
      2.31197      0.00000      0.00000      0.00000
      2.32197      0.00000      0.00000      0.00000
      2.33197      0.00000      0.00000      0.00000
      2.34197      0.00000      0.00000      0.00000
      2.35197      0.00000      0.00000      0.00000
      2.36197      0.00000      0.00000      0.00000
      2.37197      0.00000      0.00000      0.00000
      2.38197      0.00000      0.00000      0.00000
      2.39197      0.00000      0.00000      0.00000
      2.40197      0.00000      0.00000      0.00000
      2.41197      0.00000      0.00000      0.00000
      2.42197      0.00000      0.00000      0.00000
      2.43197      0.00000      0.00000      0.00000
      2.44197      0.00000      0.00000      0.00000
      2.45197      0.00000      0.00000      0.00000
      2.46197      0.00000      0.00000      0.00000
      2.47197      0.00000      0.00000      0.00000
      2.48197      0.00000      0.00000      0.00000
      2.49197      0.00000      0.00000      0.00000
      2.50197      0.00000      0.00000      0.00000
      2.51197      0.00000      0.00000      0.00000
      2.52197      0.00000      0.00000      0.00000
      2.53197      0.00000      0.00000      0.00000
      2.54197      0.00000      0.00000      0.00000
      2.55197      0.00000      0.00000      0.00000
      2.56197      0.00000      0.00000      0.00000
      2.57197      0.00000      0.00000      0.00000
      2.58197      0.00000      0.00000      0.00000
      2.59197      0.00000      0.00000      0.00000
      2.60197      0.00000      0.00000      0.00000
      2.61197      0.00000      0.00000      0.00000
      2.62197      0.00000      0.00000      0.00000
      2.63197      0.00000      0.00000      0.00000
      2.64197      0.00000      0.00000      0.00000
      2.65197      0.00000      0.00000      0.00000
      2.66197      0.00000      0.00000      0.00000
      2.67197      0.00000      0.00000      0.00000
      2.68197      0.00000      0.00000      0.00000
      2.69197      0.00000      0.00000      0.00000
      2.70197      0.00000      0.00000      0.00000
      2.71197      0.00000      0.00000      0.00000
      2.72197      0.00000      0.00000      0.00000
      2.73197      0.00000      0.00000      0.00000
      2.74197      0.00000      0.00000      0.00000
      2.75197      0.00000      0.00000      0.00000
      2.76197      0.00000      0.00000      0.00000
      2.77197      0.00000      0.00000      0.00000
      2.78197      0.00000      0.00000      0.00000
      2.79197      0.00000      0.00000      0.00000
      2.80197      0.00000      0.00000      0.00000
      2.81197      0.00000      0.00000      0.00000
      2.82197      0.00000      0.00000      0.00000
      2.83197      0.00000      0.00000      0.00000
      2.84197      0.00000      0.00000      0.00000
      2.85197      0.00000      0.00000      0.00000
      2.86197      0.00000      0.00000      0.00000
      2.87197      0.00000      0.00000      0.00000
      2.88197      0.00000      0.00000      0.00000
      2.89197      0.00000      0.00000      0.00000
      2.90197      0.00000      0.00000      0.00000
      2.91197      0.00000      0.00000      0.00000
      2.92197      0.00000      0.00000      0.00000
      2.93197      0.00000      0.00000      0.00000
      2.94197      0.00000      0.00000      0.00000
      2.95197      0.00000      0.00000      0.00000
      2.96197      0.00000      0.00000      0.00000
      2.97197      0.00000      0.00000      0.00000
      2.98197      0.00000      0.00000      0.00000
      2.99197      0.00000      0.00000      0.00000
      3.00197      0.00000      0.00000      0.00000
      3.01197      0.00000      0.00000      0.00000
      3.02197      0.00000      0.00000      0.00000
      3.03197      0.00000      0.00000      0.00000
      3.04197      0.00000      0.00000      0.00000
      3.05197      0.00000      0.00000      0.00000
      3.06197      0.00000      0.00000      0.00000
      3.07197      0.00000      0.00000      0.00000
      3.08197      0.00000      0.00000      0.00000
      3.09197      0.00000      0.00000      0.00000
      3.10197      0.00000      0.00000      0.00000
      3.11197      0.00000      0.00000      0.00000
      3.12197      0.00000      0.00000      0.00000
      3.13197      0.00000      0.00000      0.00000
      3.14197      0.00000      0.00000      0.00000
      3.15197      0.00000      0.00000      0.00000
      3.16197      0.00000      0.00000      0.00000
      3.17197      0.00000      0.00000      0.00000
      3.18197      0.00000      0.00000      0.00000
      3.19197      0.00000      0.00000      0.00000
      3.20197      0.00000      0.00000      0.00000
      3.21197      0.00000      0.00000      0.00000
      3.22197      0.00000      0.00000      0.00000
      3.23197      0.00000      0.00000      0.00000
      3.24197      0.00000      0.00000      0.00000
      3.25197      0.00000      0.00000      0.00000
      3.26197      0.00000      0.00000      0.00000
      3.27197      0.00000      0.00000      0.00000
      3.28197      0.00000      0.00000      0.00000
      3.29197      0.00000      0.00000      0.00000
      3.30197      0.00000      0.00000      0.00000
      3.31197      0.00000      0.00000      0.00000
      3.32197      0.00000      0.00000      0.00000
      3.33197      0.00000      0.00000      0.00000
      3.34197      0.00000      0.00000      0.00000
      3.35197      0.00000      0.00000      0.00000
      3.36197      0.00000      0.00000      0.00000
      3.37197      0.00000      0.00000      0.00000
      3.38197      0.00000      0.00000      0.00000
      3.39197      0.00000      0.00000      0.00000
      3.40197      0.00000      0.00000      0.00000
      3.41197      0.00000      0.00000      0.00000
      3.42197      0.00000      0.00000      0.00000
      3.43197      0.00000      0.00000      0.00000
      3.44197      0.00000      0.00000      0.00000
      3.45197      0.00000      0.00000      0.00000
      3.46197      0.00000      0.00000      0.00000
      3.47197      0.00000      0.00000      0.00000
      3.48197      0.00000      0.00000      0.00000
      3.49197      0.00000      0.00000      0.00000
      3.50197      0.00000      0.00000      0.00000
      3.51197      0.00000      0.00000      0.00000
      3.52197      0.00000      0.00000      0.00000
      3.53197      0.00000      0.00000      0.00000
      3.54197      0.00000      0.00000      0.00000
      3.55197      0.00000      0.00000      0.00000
      3.56197      0.00000      0.00000      0.00000
      3.57197      0.00000      0.00000      0.00000
      3.58197      0.00000      0.00000      0.00000
      3.59197      0.00000      0.00000      0.00000
      3.60197      0.00000      0.00000      0.00000
      3.61197      0.00000      0.00000      0.00000
      3.62197      0.00000      0.00000      0.00000
      3.63197      0.00000      0.00000      0.00000
      3.64197      0.00000      0.00000      0.00000
      3.65197      0.00000      0.00000      0.00000
      3.66197      0.00000      0.00000      0.00000
      3.67197      0.00000      0.00000      0.00000
      3.68197      0.00000      0.00000      0.00000
      3.69197      0.00000      0.00000      0.00000
      3.70197      0.00000      0.00000      0.00000
      3.71197      0.00000      0.00000      0.00000
      3.72197      0.00000      0.00000      0.00000
      3.73197      0.00000      0.00000      0.00000
      3.74197      0.00000      0.00000      0.00000
      3.75197      0.00000      0.00000      0.00000
      3.76197      0.00000      0.00000      0.00000
      3.77197      0.00000      0.00000      0.00000
      3.78197      0.00000      0.00000      0.00000
      3.79197      0.00000      0.00000      0.00000
      3.80197      0.00000      0.00000      0.00000
      3.81197      0.00000      0.00000      0.00000
      3.82197      0.00000      0.00000      0.00000
      3.83197      0.00000      0.00000      0.00000
      3.84197      0.00000      0.00000      0.00000
      3.85197      0.00000      0.00000      0.00000
      3.86197      0.00000      0.00000      0.00000
      3.87197      0.00000      0.00000      0.00000
      3.88197      0.00000      0.00000      0.00000
      3.89197      0.00000      0.00000      0.00000
      3.90197      0.00000      0.00000      0.00000
      3.91197      0.00000      0.00000      0.00000
      3.92197      0.00000      0.00000      0.00000
      3.93197      0.00000      0.00000      0.00000
      3.94197      0.00000      0.00000      0.00000
      3.95197      0.00000      0.00000      0.00000
      3.96197      0.00000      0.00000      0.00000
      3.97197      0.00000      0.00000      0.00000
      3.98197      0.00000      0.00000      0.00000
      3.99197      0.00000      0.00000      0.00000
      4.00197      0.00000      0.00000      0.00000
      4.01197      0.00000      0.00000      0.00000
      4.02197      0.00000      0.00000      0.00000
      4.03197      0.00000      0.00000      0.00000
      4.04197      0.00000      0.00000      0.00000
      4.05197      0.00000      0.00000      0.00000
      4.06197      0.00000      0.00000      0.00000
      4.07197      0.00000      0.00000      0.00000
      4.08197      0.00000      0.00000      0.00000
      4.09197      0.00000      0.00000      0.00000
      4.10197      0.00000      0.00000      0.00000
      4.11197      0.00000      0.00000      0.00000
      4.12197      0.00000      0.00000      0.00000
      4.13197      0.00000      0.00000      0.00000
      4.14197      0.00000      0.00000      0.00000
      4.15197      0.00000      0.00000      0.00000
      4.16197      0.00000      0.00000      0.00000
      4.17197      0.00000      0.00000      0.00000
      4.18197      0.00000      0.00000      0.00000
      4.19197      0.00000      0.00000      0.00000
      4.20197      0.00000      0.00000      0.00000
      4.21197      0.00000      0.00000      0.00000
      4.22197      0.00000      0.00000      0.00000
      4.23197      0.00000      0.00000      0.00000
      4.24197      0.00000      0.00000      0.00000
      4.25197      0.00000      0.00000      0.00000
      4.26197      0.00000      0.00000      0.00000
      4.27197      0.00000      0.00000      0.00000
      4.28197      0.00000      0.00000      0.00000
      4.29197      0.00000      0.00000      0.00000
      4.30197      0.00000      0.00000      0.00000
      4.31197      0.00000      0.00000      0.00000
      4.32197      0.00000      0.00000      0.00000
      4.33197      0.00000      0.00000      0.00000
      4.34197      0.00000      0.00000      0.00000
      4.35197      0.00000      0.00000      0.00000
      4.36197      0.00000      0.00000      0.00000
      4.37197      0.00000      0.00000      0.00000
      4.38197      0.00000      0.00000      0.00000
      4.39197      0.00000      0.00000      0.00000
      4.40197      0.00000      0.00000      0.00000
      4.41197      0.00000      0.00000      0.00000
      4.42197      0.00000      0.00000      0.00000
      4.43197      0.00000      0.00000      0.00000
      4.44197      0.00000      0.00000      0.00000
      4.45197      0.00000      0.00000      0.00000
      4.46197      0.00000      0.00000      0.00000
      4.47197      0.00000      0.00000      0.00000
      4.48197      0.00000      0.00000      0.00000
      4.49197      0.00000      0.00000      0.00000
      4.50197      0.00000      0.00000      0.00000
      4.51197      0.00000      0.00000      0.00000
      4.52197      0.00000      0.00000      0.00000
      4.53197      0.00000      0.00000      0.00000
      4.54197      0.00000      0.00000      0.00000
      4.55197      0.00000      0.00000      0.00000
      4.56197      0.00000      0.00000      0.00000
      4.57197      0.00000      0.00000      0.00000
      4.58197      0.00000      0.00000      0.00000
      4.59197      0.00000      0.00000      0.00000
      4.60197      0.00000      0.00000      0.00000
      4.61197      0.00000      0.00000      0.00000
      4.62197      0.00000      0.00000      0.00000
      4.63197      0.00001      0.00001      0.00000
      4.64197      0.00057      0.00050      0.00006
      4.65197      0.01005      0.00896      0.00109
      4.66197      0.06977      0.06217      0.00760
      4.67197      0.20334      0.18108      0.02226
      4.68197      0.29693      0.26405      0.03288
      4.69197      0.33248      0.29477      0.03770
      4.70197      0.40839      0.36102      0.04738
      4.71197      0.43554      0.38411      0.05143
      4.72197      0.39431      0.34656      0.04775
      4.73197      0.40261      0.35261      0.05000
      4.74197      0.38654      0.33764      0.04890
      4.75197      0.29870      0.26004      0.03866
      4.76197      0.33998      0.29452      0.04546
      4.77197      0.62517      0.54066      0.08451
      4.78197      0.72061      0.62209      0.09851
      4.79197      0.53010      0.45538      0.07472
      4.80197      0.39197      0.33426      0.05771
      4.81197      0.44777      0.38061      0.06715
      4.82197      0.61680      0.52384      0.09295
      4.83197      0.54227      0.45862      0.08365
      4.84197      0.36640      0.30441      0.06199
      4.85197      0.66233      0.53427      0.12806
      4.86197      1.55160      1.24164      0.30996
      4.87197      2.30886      1.84160      0.46726
      4.88197      2.57123      2.03933      0.53190
      4.89197      2.31606      1.81784      0.49822
      4.90197      1.83209      1.42812      0.40397
      4.91197      1.48445      1.15795      0.32651
      4.92197      1.20691      0.94480      0.26211
      4.93197      1.07572      0.84511      0.23061
      4.94197      1.25917      0.98734      0.27183
      4.95197      1.45156      1.13178      0.31978
      4.96197      1.26633      0.98413      0.28220
      4.97197      0.82346      0.64127      0.18219
      4.98197      0.70957      0.55361      0.15596
      4.99197      0.90490      0.70585      0.19906
      5.00197      0.85554      0.67081      0.18473
      5.01197      0.76871      0.60674      0.16197
      5.02197      1.09129      0.85239      0.23890
      5.03197      1.46110      1.12826      0.33284
      5.04197      1.22619      0.94423      0.28197
      5.05197      0.59819      0.46264      0.13555
      5.06197      0.25468      0.19700      0.05768
      5.07197      0.45990      0.35209      0.10781
      5.08197      0.79244      0.60597      0.18647
      5.09197      0.66036      0.50608      0.15428
      5.10197      0.51024      0.39785      0.11239
      5.11197      0.59955      0.46955      0.13000
      5.12197      0.81030      0.61850      0.19180
      5.13197      1.15610      0.86688      0.28922
      5.14197      0.97340      0.72874      0.24467
      5.15197      0.44687      0.33830      0.10857
      5.16197      0.32526      0.25251      0.07276
      5.17197      0.43921      0.34092      0.09830
      5.18197      0.59543      0.45637      0.13906
      5.19197      0.77359      0.58501      0.18859
      5.20197      0.78307      0.59548      0.18760
      5.21197      0.61273      0.47391      0.13882
      5.22197      0.39195      0.30454      0.08741
      5.23197      0.35092      0.26761      0.08331
      5.24197      0.66558      0.49790      0.16768
      5.25197      1.11015      0.82001      0.29014
      5.26197      0.95542      0.70151      0.25391
      5.27197      0.37147      0.27318      0.09829
      5.28197      0.19544      0.14891      0.04653
      5.29197      0.32673      0.25088      0.07585
      5.30197      0.38688      0.29429      0.09259
      5.31197      0.47224      0.35413      0.11811
      5.32197      0.70248      0.52092      0.18156
      5.33197      0.68738      0.50913      0.17825
      5.34197      0.34926      0.26021      0.08905
      5.35197      0.22712      0.17068      0.05644
      5.36197      0.31956      0.24027      0.07929
      5.37197      0.36539      0.27199      0.09339
      5.38197      0.59292      0.43401      0.15891
      5.39197      0.97499      0.70752      0.26747
      5.40197      0.93862      0.68219      0.25643
      5.41197      0.68662      0.50889      0.17773
      5.42197      0.57434      0.43325      0.14109
      5.43197      0.38717      0.29395      0.09322
      5.44197      0.19342      0.14575      0.04768
      5.45197      0.22186      0.16220      0.05965
      5.46197      0.42135      0.30503      0.11632
      5.47197      0.53386      0.38409      0.14976
      5.48197      0.43339      0.31330      0.12009
      5.49197      0.33373      0.24529      0.08845
      5.50197      0.28837      0.21263      0.07574
      5.51197      0.30141      0.22137      0.08003
      5.52197      0.37553      0.27469      0.10084
      5.53197      0.51384      0.37325      0.14059
      5.54197      0.79392      0.56987      0.22405
      5.55197      0.93624      0.66806      0.26818
      5.56197      0.56837      0.40589      0.16249
      5.57197      0.19119      0.13739      0.05380
      5.58197      0.18839      0.13687      0.05153
      5.59197      0.29301      0.21388      0.07914
      5.60197      0.29872      0.21817      0.08055
      5.61197      0.32011      0.23196      0.08814
      5.62197      0.43430      0.31160      0.12270
      5.63197      0.52492      0.37354      0.15138
      5.64197      0.51002      0.36379      0.14623
      5.65197      0.42334      0.30615      0.11718
      5.66197      0.37434      0.27328      0.10106
      5.67197      0.41148      0.29970      0.11178
      5.68197      0.35877      0.25922      0.09955
      5.69197      0.39667      0.28340      0.11327
      5.70197      0.61789      0.43802      0.17987
      5.71197      0.77372      0.54253      0.23119
      5.72197      0.64719      0.44964      0.19755
      5.73197      0.28256      0.19551      0.08704
      5.74197      0.08564      0.06005      0.02558
      5.75197      0.17537      0.12568      0.04969
      5.76197      0.36251      0.25952      0.10299
      5.77197      0.33266      0.23736      0.09530
      5.78197      0.19723      0.13988      0.05735
      5.79197      0.34600      0.24419      0.10181
      5.80197      0.64864      0.45664      0.19199
      5.81197      0.58684      0.41182      0.17502
      5.82197      0.25975      0.18177      0.07799
      5.83197      0.16140      0.11327      0.04814
      5.84197      0.24852      0.17528      0.07325
      5.85197      0.28154      0.19859      0.08295
      5.86197      0.26280      0.18392      0.07888
      5.87197      0.31338      0.21789      0.09549
      5.88197      0.51200      0.35480      0.15720
      5.89197      0.70925      0.48882      0.22043
      5.90197      0.74148      0.51187      0.22961
      5.91197      0.60809      0.42459      0.18350
      5.92197      0.43070      0.30406      0.12664
      5.93197      0.32470      0.23060      0.09410
      5.94197      0.22509      0.15962      0.06547
      5.95197      0.17897      0.12474      0.05423
      5.96197      0.25220      0.17414      0.07806
      5.97197      0.29189      0.20107      0.09082
      5.98197      0.31308      0.21392      0.09917
      5.99197      0.36370      0.24849      0.11521
      6.00197      0.37295      0.25710      0.11585
      6.01197      0.29428      0.20384      0.09044
      6.02197      0.23387      0.16186      0.07201
      6.03197      0.26820      0.18497      0.08324
      6.04197      0.27398      0.18843      0.08555
      6.05197      0.33257      0.22873      0.10384
      6.06197      0.45733      0.31347      0.14387
      6.07197      0.63010      0.42937      0.20073
      6.08197      0.68568      0.46537      0.22031
      6.09197      0.39434      0.26678      0.12757
      6.10197      0.16536      0.11210      0.05326
      6.11197      0.20749      0.14194      0.06557
      6.12197      0.27552      0.19090      0.08557
      6.13197      0.29169      0.22779      0.07942
      6.14197      0.47010      0.49892      0.07118
      6.15197      0.94265      1.12511      0.08733
      6.16197      1.22242      1.45961      0.10969
      6.17197      1.13733      1.29822      0.12458
      6.18197      1.09035      1.16784      0.15021
      6.19197      0.90471      0.96683      0.12236
      6.20197      0.72037      0.76468      0.09754
      6.21197      0.78482      0.79903      0.12092
      6.22197      0.79362      0.83726      0.10727
      6.23197      0.69324      0.73221      0.09317
      6.24197      0.76997      0.74127      0.13886
      6.25197      0.84068      0.78627      0.16306
      6.26197      0.77760      0.71042      0.16022
      6.27197      0.66019      0.57049      0.15331
      6.28197      0.53735      0.52222      0.09390
      6.29197      0.54177      0.63847      0.03510
      6.30197      0.56466      0.63711      0.05057
      6.31197      0.58566      0.55705      0.10605
      6.32197      0.54922      0.50100      0.11048
      6.33197      0.42112      0.43525      0.05765
      6.34197      0.41703      0.44557      0.04916
      6.35197      0.65622      0.59645      0.13303
      6.36197      0.81793      0.68376      0.19783
      6.37197      0.61710      0.52948      0.14227
      6.38197      0.37769      0.36964      0.06247
      6.39197      0.42674      0.45000      0.05237
      6.40197      0.55197      0.55660      0.08108
      6.41197      0.54455      0.54390      0.08275
      6.42197      0.52258      0.53608      0.07217
      6.43197      0.48473      0.47943      0.07690
      6.44197      0.53031      0.47187      0.11278
      6.45197      0.61790      0.50098      0.15838
      6.46197      0.77459      0.62221      0.20202
      6.47197      0.95075      0.80006      0.22720
      6.48197      0.77696      0.66874      0.17654
      6.49197      0.46066      0.37325      0.11697
      6.50197      0.35899      0.29012      0.09146
      6.51197      0.33250      0.31707      0.05833
      6.52197      0.35629      0.36237      0.05035
      6.53197      0.52157      0.51067      0.08437
      6.54197      0.58160      0.58008      0.08755
      6.55197      0.52490      0.52984      0.07564
      6.56197      0.55359      0.52382      0.09991
      6.57197      0.55303      0.48530      0.12092
      6.58197      0.41908      0.34545      0.10402
      6.59197      0.34911      0.30743      0.07562
      6.60197      0.40527      0.37142      0.07982
      6.61197      0.43865      0.40544      0.08486
      6.62197      0.50892      0.48584      0.08949
      6.63197      0.66146      0.62337      0.12030
      6.64197      0.68291      0.58755      0.15617
      6.65197      0.65977      0.47980      0.20126
      6.66197      0.57341      0.42155      0.17261
      6.67197      0.43247      0.40959      0.07814
      6.68197      0.39128      0.40987      0.04842
      6.69197      0.36000      0.31185      0.08155
      6.70197      0.30140      0.21395      0.09481
      6.71197      0.26740      0.19529      0.08085
      6.72197      0.36333      0.33473      0.07023
      6.73197      0.61967      0.62077      0.09166
      6.74197      0.72690      0.71871      0.11337
      6.75197      0.67997      0.65077      0.11878
      6.76197      0.67917      0.60838      0.14229
      6.77197      0.48226      0.40125      0.11829
      6.78197      0.38819      0.31395      0.10038
      6.79197      0.55732      0.47663      0.12973
      6.80197      0.51239      0.44377      0.11639
      6.81197      0.34961      0.27236      0.09698
      6.82197      0.47672      0.34924      0.14491
      6.83197      0.65296      0.52836      0.16986
      6.84197      0.64843      0.54854      0.15520
      6.85197      0.54436      0.46721      0.12660
      6.86197      0.43826      0.44225      0.06423
      6.87197      0.32480      0.37123      0.02321
      6.88197      0.33465      0.34029      0.04820
      6.89197      0.45284      0.38184      0.10978
      6.90197      0.40383      0.29754      0.12227
      6.91197      0.23445      0.17760      0.06818
      6.92197      0.25917      0.23894      0.05098
      6.93197      0.55727      0.46763      0.13632
      6.94197      0.77830      0.62535      0.20671
      6.95197      0.61595      0.54497      0.13452
      6.96197      0.39705      0.41684      0.04785
      6.97197      0.37073      0.37957      0.04989
      6.98197      0.40475      0.35925      0.08680
      6.99197      0.41702      0.36845      0.09080
      7.00197      0.40933      0.37905      0.07998
      7.01197      0.46138      0.43269      0.08825
      7.02197      0.65775      0.60120      0.13449
      7.03197      0.79484      0.70050      0.17695
      7.04197      0.66576      0.53073      0.18014
      7.05197      0.54598      0.38083      0.17854
      7.06197      0.49757      0.36614      0.15169
      7.07197      0.49001      0.41736      0.11708
      7.08197      0.47814      0.43987      0.09560
      7.09197      0.40628      0.39932      0.06617
      7.10197      0.35665      0.32071      0.07500
      7.11197      0.37045      0.29232      0.10192
      7.12197      0.40836      0.35585      0.09372
      7.13197      0.42953      0.40761      0.07930
      7.14197      0.42643      0.38915      0.08705
      7.15197      0.41124      0.33746      0.10594
      7.16197      0.38317      0.32958      0.09131
      7.17197      0.42162      0.38230      0.08983
      7.18197      0.44494      0.39876      0.09723
      7.19197      0.41762      0.35560      0.10154
      7.20197      0.46222      0.33292      0.14606
      7.21197      0.60287      0.43198      0.19118
      7.22197      0.74347      0.62612      0.18201
      7.23197      0.63795      0.63827      0.09792
      7.24197      0.43282      0.47998      0.03982
      7.25197      0.46027      0.48188      0.06013
      7.26197      0.52928      0.51021      0.09411
      7.27197      0.41872      0.35752      0.10018
      7.28197      0.33856      0.26526      0.09445
      7.29197      0.42612      0.35297      0.10799
      7.30197      0.46944      0.37646      0.12610
      7.31197      0.37623      0.28469      0.11121
      7.32197      0.43541      0.36648      0.10898
      7.33197      0.57166      0.54405      0.10799
      7.34197      0.66136      0.63235      0.12139
      7.35197      0.72716      0.64643      0.15395
      7.36197      0.71709      0.62742      0.14484
      7.37197      0.88382      0.77542      0.17174
      7.38197      1.11098      0.98507      0.21558
      7.39197      1.01515      0.97565      0.15339
      7.40197      0.71225      0.76369      0.05099
      7.41197      0.50066      0.56367      0.00959
      7.42197      0.41169      0.43545      0.02173
      7.43197      0.55148      0.50842      0.08299
      7.44197      0.83896      0.76926      0.14008
      7.45197      0.93528      0.93192      0.11187
      7.46197      0.81000      0.81396      0.08917
      7.47197      0.79527      0.70402      0.14401
      7.48197      0.80178      0.67518      0.16969
      7.49197      0.69932      0.66241      0.10352
      7.50197      0.73503      0.76053      0.06331
      7.51197      0.86180      0.87718      0.08516
      7.52197      0.95245      0.94368      0.11842
      7.53197      1.00223      0.97343      0.13680
      7.54197      0.99589      0.95179      0.14286
      7.55197      0.93551      0.90520      0.13406
      7.56197      0.85974      0.84136      0.11786
      7.57197      0.98492      0.93562      0.13483
      7.58197      1.13554      1.09812      0.14622
      7.59197      0.99051      0.96083      0.13387
      7.60197      0.82345      0.73357      0.14530
      7.61197      0.81180      0.70806      0.14430
      7.62197      0.79095      0.73700      0.11222
      7.63197      0.60470      0.59590      0.06424
      7.64197      0.51206      0.48615      0.06015
      7.65197      0.78118      0.71937      0.10867
      7.66197      1.11414      1.07151      0.13726
      7.67197      1.21892      1.19140      0.15468
      7.68197      1.13673      1.11281      0.15404
      7.69197      0.99064      0.95955      0.13127
      7.70197      0.81858      0.75285      0.11648
      7.71197      0.74519      0.67476      0.11299
      7.72197      0.82434      0.81021      0.09746
      7.73197      0.91577      0.92481      0.08907
      7.74197      1.01075      0.95652      0.12312
      7.75197      0.97900      0.87488      0.14581
      7.76197      0.76383      0.68169      0.10481
      7.77197      0.74142      0.66368      0.10152
      7.78197      0.87862      0.81122      0.12121
      7.79197      1.08362      1.01622      0.15204
      7.80197      1.18801      1.04505      0.21099
      7.81197      1.09033      0.88154      0.23966
      7.82197      1.04088      0.87802      0.19454
      7.83197      1.06906      1.03046      0.10378
      7.84197      1.03806      1.09290      0.04530
      7.85197      1.09031      1.14655      0.07370
      7.86197      1.12432      1.10876      0.12563
      7.87197      1.08996      1.02995      0.12941
      7.88197      1.06624      0.98963      0.12793
      7.89197      1.15348      1.05912      0.16577
      7.90197      1.27180      1.15699      0.20288
      7.91197      1.14182      1.02417      0.18206
      7.92197      1.18372      1.12447      0.13393
      7.93197      1.29416      1.26177      0.11422
      7.94197      1.16627      1.05778      0.14932
      7.95197      1.06950      0.89142      0.19130
      7.96197      1.16755      0.98632      0.20636
      7.97197      1.37858      1.20262      0.21986
      7.98197      1.32895      1.14205      0.22256
      7.99197      1.24011      1.06415      0.21649
      8.00197      1.34777      1.22503      0.19484
      8.01197      1.55155      1.49346      0.16991
      8.02197      1.82040      1.75080      0.20912
      8.03197      1.72485      1.57641      0.24699
      8.04197      1.58247      1.34493      0.27162
      8.05197      1.64368      1.37278      0.28651
      8.06197      1.75115      1.51979      0.28413
      8.07197      2.24004      1.98661      0.35587
      8.08197      2.76990      2.39661      0.45557
      8.09197      2.94608      2.46556      0.50861
      8.10197      3.15398      2.59252      0.56701
      8.11197      3.13872      2.57876      0.57272
      8.12197      2.63782      2.20780      0.47067
      8.13197      1.63747      1.42271      0.27453
      8.14197      0.64220      0.61804      0.08604
      8.15197      0.24624      0.29434      0.01217
      8.16197      0.18651      0.24782      0.00072
      8.17197      0.21150      0.28153      0.00002
      8.18197      0.34875      0.45945      0.00000
      8.19197      0.44786      0.58849      0.00000
      8.20197      0.33469      0.43861      0.00000
      8.21197      0.21369      0.27938      0.00000
      8.22197      0.20129      0.26399      0.00000
      8.23197      0.24704      0.32637      0.00000
      8.24197      0.31986      0.42483      0.00000
      8.25197      0.34242      0.45563      0.00000
      8.26197      0.21786      0.29027      0.00000
      8.27197      0.13296      0.17640      0.00000
      8.28197      0.14386      0.19005      0.00000
      8.29197      0.09077      0.11989      0.00000
      8.30197      0.06191      0.08220      0.00000
      8.31197      0.16763      0.22358      0.00000
      8.32197      0.26519      0.35459      0.00000
      8.33197      0.19410      0.26012      0.00000
      8.34197      0.17911      0.23947      0.00000
      8.35197      0.33534      0.44598      0.00000
      8.36197      0.37169      0.49230      0.00000
      8.37197      0.23957      0.31595      0.00000
      8.38197      0.18936      0.24933      0.00000
      8.39197      0.19877      0.26382      0.00000
      8.40197      0.22554      0.30144      0.00000
      8.41197      0.19881      0.26524      0.00000
      8.42197      0.16993      0.22520      0.00000
      8.43197      0.13321      0.17617      0.00000
      8.44197      0.09817      0.13070      0.00000
      8.45197      0.13908      0.18617      0.00000
      8.46197      0.14521      0.19452      0.00000
      8.47197      0.17198      0.23036      0.00000
      8.48197      0.25117      0.33581      0.00000
      8.49197      0.23125      0.30867      0.00000
      8.50197      0.18258      0.24400      0.00000
      8.51197      0.15941      0.21296      0.00000
      8.52197      0.16983      0.22444      0.00000
      8.53197      0.30434      0.39976      0.00000
      8.54197      0.38459      0.50548      0.00000
      8.55197      0.39840      0.52598      0.00000
      8.56197      0.48019      0.63718      0.00000
      8.57197      0.43183      0.57362      0.00000
      8.58197      0.25422      0.33703      0.00000
      8.59197      0.16470      0.21801      0.00000
      8.60197      0.16041      0.21244      0.00000
      8.61197      0.16709      0.22174      0.00000
      8.62197      0.26163      0.34779      0.00000
      8.63197      0.25560      0.33986      0.00000
      8.64197      0.17457      0.23212      0.00000
      8.65197      0.24909      0.33121      0.00000
      8.66197      0.25217      0.33532      0.00000
      8.67197      0.14305      0.19018      0.00000
      8.68197      0.16779      0.22285      0.00000
      8.69197      0.21875      0.29019      0.00000
      8.70197      0.21608      0.28578      0.00000
      8.71197      0.29333      0.38742      0.00000
      8.72197      0.32964      0.43586      0.00000
      8.73197      0.25773      0.34095      0.00000
      8.74197      0.18751      0.24790      0.00000
      8.75197      0.21212      0.28025      0.00000
      8.76197      0.35052      0.46301      0.00000
      8.77197      0.33583      0.44371      0.00000
      8.78197      0.16351      0.21605      0.00000
      8.79197      0.11565      0.15240      0.00000
      8.80197      0.18353      0.24184      0.00000
      8.81197      0.20543      0.27129      0.00000
      8.82197      0.14871      0.19663      0.00000
      8.83197      0.09174      0.12067      0.00000
      8.84197      0.12894      0.16853      0.00000
      8.85197      0.14540      0.19008      0.00000
      8.86197      0.14364      0.18848      0.00000
      8.87197      0.22509      0.29619      0.00000
      8.88197      0.40446      0.53255      0.00000
      8.89197      0.61260      0.80588      0.00000
      8.90197      0.57634      0.75815      0.00000
      8.91197      0.40194      0.52983      0.00000
      8.92197      0.34190      0.45051      0.00000
      8.93197      0.38451      0.50465      0.00000
      8.94197      0.38182      0.50000      0.00000
      8.95197      0.32485      0.42501      0.00000
      8.96197      0.26025      0.34081      0.00000
      8.97197      0.21076      0.27648      0.00000
      8.98197      0.18790      0.24617      0.00000
      8.99197      0.18487      0.24134      0.00000
      9.00197      0.20393      0.26415      0.00000
      9.01197      0.27963      0.35923      0.00000
      9.02197      0.27780      0.35552      0.00000
      9.03197      0.21016      0.26906      0.00000
      9.04197      0.14672      0.18813      0.00000
      9.05197      0.18523      0.23865      0.00000
      9.06197      0.34261      0.44540      0.00000
      9.07197      0.40305      0.52745      0.00000
      9.08197      0.38748      0.50500      0.00000
      9.09197      0.36910      0.47735      0.00000
      9.10197      0.28683      0.37158      0.00000
      9.11197      0.23846      0.30811      0.00000
      9.12197      0.28788      0.36657      0.00000
      9.13197      0.28622      0.36133      0.00000
      9.14197      0.21179      0.26771      0.00000
      9.15197      0.12042      0.15215      0.00000
      9.16197      0.12206      0.15107      0.00000
      9.17197      0.20459      0.25176      0.00000
      9.18197      0.15337      0.18875      0.00000
      9.19197      0.04303      0.05297      0.00000
      9.20197      0.00938      0.01139      0.00000
      9.21197      0.04091      0.04916      0.00000
      9.22197      0.13991      0.17044      0.00000
      9.23197      0.32532      0.41373      0.00000
      9.24197      0.79913      1.04368      0.00000
      9.25197      1.39286      1.81268      0.00000
      9.26197      1.38201      1.77492      0.00000
      9.27197      0.79463      1.00016      0.00000
      9.28197      0.35674      0.43527      0.00000
      9.29197      0.20925      0.24879      0.00000
      9.30197      0.14775      0.17344      0.00000
      9.31197      0.14920      0.17339      0.00000
      9.32197      0.11892      0.13786      0.00000
      9.33197      0.05505      0.06347      0.00000
      9.34197      0.06419      0.07336      0.00000
      9.35197      0.11472      0.13249      0.00000
      9.36197      0.21669      0.25486      0.00000
      9.37197      0.31346      0.37231      0.00000
      9.38197      0.32669      0.39006      0.00000
      9.39197      0.35086      0.42048      0.00000
      9.40197      0.33959      0.41917      0.00000
      9.41197      0.41606      0.53682      0.00000
      9.42197      0.52316      0.68424      0.00000
      9.43197      0.41555      0.53253      0.00000
      9.44197      0.38124      0.44470      0.00000
      9.45197      0.52086      0.58377      0.00000
      9.46197      0.48606      0.54558      0.00000
      9.47197      0.34549      0.39215      0.00000
      9.48197      0.27744      0.31842      0.00000
      9.49197      0.23399      0.27269      0.00000
      9.50197      0.25169      0.29262      0.00000
      9.51197      0.39867      0.45131      0.00000
      9.52197      0.43572      0.49272      0.00000
      9.53197      0.30332      0.35604      0.00000
      9.54197      0.26299      0.31855      0.00000
      9.55197      0.42331      0.49668      0.00001
      9.56197      0.64772      0.73480      0.00012
      9.57197      0.73642      0.83260      0.00049
      9.58197      0.70815      0.83060      0.00082
      9.59197      0.80564      0.98912      0.00119
      9.60197      0.99984      1.23055      0.00282
      9.61197      0.83268      1.00121      0.00354
      9.62197      0.51642      0.58571      0.00234
      9.63197      0.43293      0.45387      0.00514
      9.64197      0.43175      0.42819      0.01390
      9.65197      0.40683      0.39593      0.01751
      9.66197      0.43716      0.44416      0.01482
      9.67197      0.56884      0.59648      0.01623
      9.68197      0.49330      0.51636      0.01588
      9.69197      0.50225      0.50049      0.02335
      9.70197      0.76883      0.75165      0.03955
      9.71197      0.84946      0.83759      0.04641
      9.72197      0.67778      0.67776      0.04496
      9.73197      0.62172      0.60596      0.05414
      9.74197      0.80420      0.76076      0.07592
      9.75197      1.12126      1.07230      0.10566
      9.76197      1.25136      1.18797      0.13389
      9.77197      1.20234      1.14136      0.13595
      9.78197      1.20205      1.19367      0.10896
      9.79197      1.20044      1.21408      0.08553
      9.80197      0.97987      0.96743      0.06873
      9.81197      0.62514      0.58946      0.05551
      9.82197      0.60173      0.54959      0.06975
      9.83197      0.87575      0.80336      0.10270
      9.84197      0.79385      0.72265      0.09511
      9.85197      0.44669      0.41818      0.04673
      9.86197      0.48843      0.49496      0.02987
      9.87197      0.56466      0.57007      0.03547
      9.88197      0.46877      0.46051      0.03911
      9.89197      0.66380      0.65648      0.05618
      9.90197      0.79664      0.80094      0.05734
      9.91197      0.64104      0.66072      0.03691
      9.92197      0.63569      0.67392      0.02648
      9.93197      0.68132      0.72845      0.02736
      9.94197      0.62831      0.67773      0.03441
      9.95197      0.69423      0.75506      0.04724
      9.96197      0.95698      1.02078      0.07335
      9.97197      1.08817      1.10187      0.09654
      9.98197      0.80049      0.78285      0.07121
      9.99197      0.47424      0.49526      0.02389
     10.00197      0.32033      0.35517      0.00727
     10.01197      0.26522      0.26590      0.01608
     10.02197      0.28778      0.26657      0.02373
     10.03197      0.20615      0.18908      0.01775
     10.04197      0.22637      0.20957      0.02212
     10.05197      0.50417      0.48751      0.03873
     10.06197      0.76782      0.76386      0.04998
     10.07197      0.69680      0.70923      0.04207
     10.08197      0.43412      0.44293      0.02450
     10.09197      0.24393      0.23791      0.01687
     10.10197      0.21138      0.21404      0.01408
     10.11197      0.37831      0.41116      0.01814
     10.12197      0.44960      0.49250      0.02135
     10.13197      0.41833      0.44256      0.02594
     10.14197      0.57899      0.60610      0.03480
     10.15197      0.73015      0.74300      0.04903
     10.16197      0.71647      0.69245      0.06720
     10.17197      0.66507      0.61535      0.08170
     10.18197      0.45021      0.40052      0.06460
     10.19197      0.19534      0.17568      0.02459
     10.20197      0.21719      0.22556      0.00609
     10.21197      0.42087      0.44966      0.00974
     10.22197      0.49803      0.53126      0.01461
     10.23197      0.38473      0.41277      0.00845
     10.24197      0.29024      0.31938      0.00439
     10.25197      0.35107      0.37580      0.01309
     10.26197      0.38556      0.38846      0.02430
     10.27197      0.30673      0.31359      0.02155
     10.28197      0.33109      0.34627      0.02557
     10.29197      0.46241      0.46155      0.04297
     10.30197      0.56027      0.57081      0.04458
     10.31197      0.53661      0.59362      0.02310
     10.32197      0.55842      0.65973      0.00878
     10.33197      0.56390      0.66256      0.01145
     10.34197      0.43536      0.49626      0.01216
     10.35197      0.31655      0.34231      0.01070
     10.36197      0.32243      0.31723      0.01685
     10.37197      0.27994      0.26354      0.01859
     10.38197      0.24119      0.22621      0.02006
     10.39197      0.37018      0.36345      0.02496
     10.40197      0.47602      0.47149      0.02980
     10.41197      0.41385      0.38962      0.03925
     10.42197      0.42114      0.38050      0.05551
     10.43197      0.56331      0.52004      0.07404
     10.44197      0.51142      0.47471      0.06520
     10.45197      0.32939      0.30976      0.03341
     10.46197      0.32725      0.33211      0.01395
     10.47197      0.36480      0.39313      0.00461
     10.48197      0.29171      0.33324      0.00073
     10.49197      0.19186      0.23398      0.00024
     10.50197      0.15966      0.19453      0.00240
     10.51197      0.26375      0.29800      0.01063
     10.52197      0.38173      0.40662      0.01795
     10.53197      0.38001      0.40016      0.01266
     10.54197      0.22825      0.23733      0.00711
     10.55197      0.14487      0.13495      0.01410
     10.56197      0.24123      0.22539      0.02419
     10.57197      0.50230      0.50634      0.02930
     10.58197      0.73571      0.74650      0.04128
     10.59197      0.50294      0.49804      0.03589
     10.60197      0.16440      0.16039      0.01393
     10.61197      0.12968      0.14099      0.00549
     10.62197      0.25727      0.27934      0.00983
     10.63197      0.23541      0.25046      0.01035
     10.64197      0.15529      0.17076      0.00594
     10.65197      0.23850      0.26468      0.00955
     10.66197      0.33695      0.36395      0.01519
     10.67197      0.41193      0.45589      0.01256
     10.68197      0.50631      0.56864      0.01525
     10.69197      0.52744      0.59060      0.02086
     10.70197      0.48681      0.52474      0.02385
     10.71197      0.49633      0.50180      0.03124
     10.72197      0.44621      0.43606      0.03663
     10.73197      0.37370      0.33702      0.04827
     10.74197      0.41718      0.35485      0.06561
     10.75197      0.47903      0.42487      0.06235
     10.76197      0.42666      0.41626      0.02956
     10.77197      0.24672      0.25816      0.00598
     10.78197      0.08057      0.08555      0.00131
     10.79197      0.08213      0.08126      0.00520
     10.80197      0.20960      0.21513      0.01177
     10.81197      0.25640      0.27755      0.00982
     10.82197      0.18598      0.20458      0.00302
     10.83197      0.21067      0.22345      0.00038
     10.84197      0.26558      0.28714      0.00077
     10.85197      0.26294      0.29066      0.00577
     10.86197      0.31089      0.33723      0.01620
     10.87197      0.28468      0.30616      0.01698
     10.88197      0.19340      0.20848      0.00937
     10.89197      0.24303      0.24108      0.01505
     10.90197      0.37491      0.36318      0.02916
     10.91197      0.37580      0.36615      0.03341
     10.92197      0.25806      0.24079      0.03031
     10.93197      0.15747      0.14263      0.01849
     10.94197      0.24642      0.24406      0.01084
     10.95197      0.45197      0.47158      0.00957
     10.96197      0.42804      0.46690      0.00461
     10.97197      0.21109      0.23513      0.00245
     10.98197      0.13177      0.13286      0.00781
     10.99197      0.20956      0.21120      0.01341
     11.00197      0.23085      0.25103      0.00920
     11.01197      0.18114      0.19885      0.00736
     11.02197      0.23008      0.23881      0.01499
     11.03197      0.30020      0.32158      0.01636
     11.04197      0.33992      0.37508      0.01448
     11.05197      0.50273      0.54907      0.02099
     11.06197      0.52041      0.55748      0.02390
     11.07197      0.37262      0.36836      0.03011
     11.08197      0.37915      0.34165      0.04380
     11.09197      0.52759      0.47710      0.06121
     11.10197      0.55173      0.51041      0.06328
     11.11197      0.31703      0.29845      0.03562
     11.12197      0.08524      0.08128      0.00896
     11.13197      0.05058      0.05191      0.00091
     11.14197      0.16790      0.17620      0.00004
     11.15197      0.26523      0.28115      0.00004
     11.16197      0.17608      0.18741      0.00074
     11.17197      0.10276      0.10324      0.00511
     11.18197      0.19259      0.19262      0.01305
     11.19197      0.25269      0.26773      0.01225
     11.20197      0.15631      0.17362      0.00436
     11.21197      0.10955      0.11705      0.00154
     11.22197      0.25697      0.27057      0.00551
     11.23197      0.50697      0.51807      0.03384
     11.24197      0.79593      0.70787      0.12843
     11.25197      1.08444      0.84677      0.25105
     11.26197      1.20789      0.90242      0.30713
     11.27197      1.21938      0.91720      0.30270
     11.28197      1.24901      0.97525      0.27812
     11.29197      1.48945      1.19087      0.31429
     11.30197      1.74277      1.36948      0.39414
     11.31197      1.47050      1.12588      0.35482
     11.32197      1.20184      0.91259      0.29175
     11.33197      1.34570      1.05162      0.30105
     11.34197      1.63807      1.35127      0.31311
     11.35197      1.71824      1.45094      0.30551
     11.36197      1.52855      1.24492      0.30625
     11.37197      1.36829      1.08875      0.29467
     11.38197      1.58224      1.27889      0.32958
     11.39197      2.04141      1.62733      0.44331
     11.40197      2.23318      1.77605      0.49248
     11.41197      2.26972      1.84146      0.47675
     11.42197      2.34206      1.88969      0.49182
     11.43197      2.44125      1.91322      0.54362
     11.44197      2.88713      2.23376      0.65831
     11.45197      3.40285      2.68841      0.73238
     11.46197      3.70275      3.18177      0.59976
     11.47197      4.56210      4.34130      0.41387
     11.48197      5.25156      5.19180      0.32349
     11.49197      4.37247      4.39276      0.21194
     11.50197      3.11556      3.16959      0.12189
     11.51197      2.86498      2.84126      0.17210
     11.52197      3.24707      3.03031      0.34251
     11.53197      3.41047      3.07132      0.44295
     11.54197      2.86806      2.62841      0.33186
     11.55197      2.35488      2.26529      0.18670
     11.56197      2.25414      2.21764      0.14476
     11.57197      2.37133      2.28387      0.19262
     11.58197      2.47476      2.33010      0.23273
     11.59197      2.25564      2.12641      0.20675
