Energy-E_F (eV)    DOS (1/eV)    PDOS (1/eV)  of atom type B  N  
     -6.02872      0.86830      0.36547      0.50283
     -6.01872      0.88301      0.37036      0.51266
     -6.00872      0.77393      0.31998      0.45395
     -5.99872      0.69133      0.28340      0.40793
     -5.98872      0.54104      0.22070      0.32034
     -5.97872      0.38352      0.15521      0.22831
     -5.96872      0.29056      0.11770      0.17286
     -5.95872      0.16823      0.06857      0.09965
     -5.94872      0.15787      0.06474      0.09313
     -5.93872      0.31148      0.12990      0.18158
     -5.92872      0.40576      0.17215      0.23361
     -5.91872      0.48367      0.20445      0.27922
     -5.90872      0.68027      0.28034      0.39993
     -5.89872      0.71500      0.28849      0.42651
     -5.88872      0.54999      0.22054      0.32945
     -5.87872      0.52571      0.21506      0.31065
     -5.86872      0.55556      0.22991      0.32565
     -5.85872      0.45057      0.18415      0.26642
     -5.84872      0.38461      0.15673      0.22789
     -5.83872      0.43536      0.18154      0.25381
     -5.82872      0.51360      0.21606      0.29754
     -5.81872      0.58882      0.24902      0.33979
     -5.80872      0.71628      0.30458      0.41169
     -5.79872      0.69471      0.29517      0.39954
     -5.78872      0.47113      0.19679      0.27434
     -5.77872      0.27276      0.11037      0.16240
     -5.76872      0.31947      0.12691      0.19256
     -5.75872      0.57464      0.22932      0.34533
     -5.74872      0.76909      0.30964      0.45945
     -5.73872      0.69569      0.28199      0.41370
     -5.72872      0.46993      0.19024      0.27969
     -5.71872      0.34001      0.13608      0.20393
     -5.70872      0.41195      0.16604      0.24591
     -5.69872      0.50234      0.20534      0.29700
     -5.68872      0.49081      0.20264      0.28816
     -5.67872      0.50648      0.20937      0.29711
     -5.66872      0.54027      0.22295      0.31732
     -5.65872      0.46023      0.19019      0.27004
     -5.64872      0.39182      0.15940      0.23242
     -5.63872      0.39889      0.16062      0.23827
     -5.62872      0.44995      0.18237      0.26758
     -5.61872      0.55730      0.22452      0.33278
     -5.60872      0.76987      0.31049      0.45938
     -5.59872      0.89503      0.36475      0.53028
     -5.58872      0.62164      0.25896      0.36268
     -5.57872      0.44709      0.19233      0.25476
     -5.56872      0.45077      0.19134      0.25943
     -5.55872      0.50200      0.20433      0.29767
     -5.54872      0.56844      0.22885      0.33959
     -5.53872      0.45597      0.18441      0.27156
     -5.52872      0.20194      0.08184      0.12010
     -5.51872      0.17714      0.07297      0.10417
     -5.50872      0.42342      0.17530      0.24812
     -5.49872      0.61567      0.25228      0.36339
     -5.48872      0.70815      0.28521      0.42294
     -5.47872      0.78684      0.31635      0.47049
     -5.46872      0.86193      0.35024      0.51169
     -5.45872      0.80546      0.32773      0.47774
     -5.44872      0.56386      0.22647      0.33738
     -5.43872      0.39486      0.15606      0.23879
     -5.42872      0.37473      0.14884      0.22590
     -5.41872      0.47524      0.19116      0.28408
     -5.40872      0.56948      0.22785      0.34163
     -5.39872      0.43281      0.17218      0.26063
     -5.38872      0.41458      0.16665      0.24792
     -5.37872      0.50874      0.20612      0.30261
     -5.36872      0.54369      0.22276      0.32094
     -5.35872      0.66725      0.27704      0.39021
     -5.34872      0.78236      0.32477      0.45759
     -5.33872      0.68131      0.28241      0.39890
     -5.32872      0.56421      0.23054      0.33367
     -5.31872      0.64503      0.25717      0.38786
     -5.30872      0.60148      0.23711      0.36437
     -5.29872      0.40564      0.15872      0.24692
     -5.28872      0.22605      0.08854      0.13751
     -5.27872      0.29148      0.11614      0.17534
     -5.26872      0.57892      0.23221      0.34671
     -5.25872      0.75544      0.30104      0.45440
     -5.24872      0.71897      0.28082      0.43815
     -5.23872      0.68421      0.26413      0.42009
     -5.22872      0.77622      0.30121      0.47501
     -5.21872      0.87507      0.34071      0.53436
     -5.20872      1.06711      0.41653      0.65058
     -5.19872      1.09914      0.42682      0.67232
     -5.18872      0.88302      0.34015      0.54288
     -5.17872      0.90154      0.35013      0.55141
     -5.16872      1.09740      0.43174      0.66566
     -5.15872      1.11164      0.43637      0.67526
     -5.14872      0.98481      0.38438      0.60043
     -5.13872      0.86560      0.33919      0.52641
     -5.12872      0.84917      0.33439      0.51478
     -5.11872      0.80948      0.32073      0.48875
     -5.10872      0.75502      0.29488      0.46014
     -5.09872      0.81297      0.30800      0.50497
     -5.08872      0.97537      0.36844      0.60692
     -5.07872      0.97332      0.37477      0.59855
     -5.06872      0.82235      0.32270      0.49965
     -5.05872      0.77482      0.29926      0.47556
     -5.04872      0.69555      0.26163      0.43392
     -5.03872      0.47320      0.17532      0.29788
     -5.02872      0.38959      0.14800      0.24159
     -5.01872      0.70938      0.27468      0.43470
     -5.00872      1.10253      0.42390      0.67863
     -4.99872      1.31913      0.51017      0.80896
     -4.98872      1.32172      0.51362      0.80810
     -4.97872      0.95589      0.36591      0.58998
     -4.96872      0.70295      0.26318      0.43977
     -4.95872      0.79968      0.30023      0.49944
     -4.94872      0.93847      0.35892      0.57955
     -4.93872      0.89775      0.34680      0.55095
     -4.92872      0.81525      0.31708      0.49818
     -4.91872      0.91751      0.35782      0.55970
     -4.90872      1.01903      0.39192      0.62711
     -4.89872      1.07459      0.41110      0.66348
     -4.88872      1.07516      0.41432      0.66084
     -4.87872      0.95268      0.36817      0.58451
     -4.86872      0.93114      0.35887      0.57227
     -4.85872      0.91353      0.34653      0.56700
     -4.84872      0.91003      0.34100      0.56903
     -4.83872      0.82440      0.31243      0.51197
     -4.82872      0.78540      0.30378      0.48162
     -4.81872      0.89083      0.34805      0.54278
     -4.80872      0.81286      0.31537      0.49749
     -4.79872      0.84601      0.32036      0.52565
     -4.78872      1.21323      0.46080      0.75244
     -4.77872      1.32263      0.50626      0.81637
     -4.76872      1.04720      0.39680      0.65040
     -4.75872      0.75184      0.27707      0.47478
     -4.74872      0.60527      0.22076      0.38451
     -4.73872      0.73292      0.27282      0.46010
     -4.72872      0.99461      0.37606      0.61855
     -4.71872      1.01056      0.38126      0.62930
     -4.70872      0.95976      0.35991      0.59985
     -4.69872      0.93327      0.35715      0.57612
     -4.68872      0.97123      0.37879      0.59244
     -4.67872      1.17802      0.45664      0.72138
     -4.66872      1.24199      0.47643      0.76555
     -4.65872      1.27806      0.48522      0.79285
     -4.64872      1.32864      0.50497      0.82367
     -4.63872      1.05592      0.40009      0.65583
     -4.62872      0.69252      0.25829      0.43423
     -4.61872      0.57498      0.21230      0.36267
     -4.60872      0.63121      0.23160      0.39961
     -4.59872      0.78296      0.28639      0.49657
     -4.58872      0.99300      0.36610      0.62689
     -4.57872      1.27294      0.47845      0.79449
     -4.56872      1.44528      0.55252      0.89275
     -4.55872      1.29361      0.49360      0.80001
     -4.54872      1.05233      0.39523      0.65709
     -4.53872      0.76268      0.28776      0.47492
     -4.52872      0.69705      0.26736      0.42969
     -4.51872      1.03965      0.39183      0.64782
     -4.50872      1.29412      0.47822      0.81590
     -4.49872      1.35759      0.50129      0.85630
     -4.48872      1.23408      0.46161      0.77247
     -4.47872      1.04283      0.39688      0.64596
     -4.46872      0.94925      0.36400      0.58525
     -4.45872      0.82535      0.31418      0.51117
     -4.44872      0.96542      0.36799      0.59744
     -4.43872      1.46753      0.55593      0.91160
     -4.42872      1.72440      0.64725      1.07715
     -4.41872      1.43983      0.53350      0.90634
     -4.40872      1.15062      0.42236      0.72825
     -4.39872      1.06439      0.39600      0.66839
     -4.38872      0.99480      0.37916      0.61564
     -4.37872      1.04435      0.39903      0.64532
     -4.36872      1.12152      0.41675      0.70477
     -4.35872      1.26334      0.46164      0.80169
     -4.34872      1.34788      0.48989      0.85799
     -4.33872      1.21452      0.44164      0.77288
     -4.32872      1.16370      0.42779      0.73591
     -4.31872      1.33763      0.49641      0.84123
     -4.30872      1.65865      0.62132      1.03733
     -4.29872      2.10190      0.78824      1.31366
     -4.28872      2.11739      0.78918      1.32822
     -4.27872      1.62432      0.59771      1.02662
     -4.26872      1.12977      0.41066      0.71911
     -4.25872      1.05141      0.38755      0.66385
     -4.24872      1.18646      0.44203      0.74443
     -4.23872      1.26929      0.47414      0.79515
     -4.22872      1.30009      0.48722      0.81286
     -4.21872      1.23708      0.46401      0.77307
     -4.20872      1.18192      0.44393      0.73799
     -4.19872      1.19074      0.44682      0.74392
     -4.18872      1.29887      0.48710      0.81177
     -4.17872      1.49361      0.55117      0.94244
     -4.16872      1.39926      0.50431      0.89495
     -4.15872      1.18920      0.42853      0.76068
     -4.14872      1.11398      0.41176      0.70222
     -4.13872      1.01564      0.38333      0.63231
     -4.12872      1.06101      0.40390      0.65711
     -4.11872      1.21075      0.45606      0.75469
     -4.10872      1.26706      0.47009      0.79698
     -4.09872      1.31659      0.48661      0.82997
     -4.08872      1.08393      0.40004      0.68389
     -4.07872      0.82039      0.29943      0.52096
     -4.06872      0.86782      0.31304      0.55478
     -4.05872      1.01764      0.36839      0.64925
     -4.04872      0.86513      0.32001      0.54512
     -4.03872      0.72847      0.27444      0.45403
     -4.02872      0.81477      0.30134      0.51343
     -4.01872      0.99337      0.36544      0.62793
     -4.00872      1.20378      0.44846      0.75532
     -3.99872      1.27253      0.47643      0.79609
     -3.98872      1.25826      0.46677      0.79149
     -3.97872      1.04333      0.37943      0.66389
     -3.96872      0.78611      0.28379      0.50232
     -3.95872      0.94591      0.34564      0.60028
     -3.94872      1.10096      0.40251      0.69845
     -3.93872      1.02495      0.37400      0.65095
     -3.92872      0.97927      0.36072      0.61855
     -3.91872      0.86075      0.31883      0.54191
     -3.90872      0.82369      0.30388      0.51981
     -3.89872      1.01383      0.37650      0.63733
     -3.88872      1.24488      0.46053      0.78435
     -3.87872      1.17199      0.42382      0.74817
     -3.86872      0.74409      0.26263      0.48146
     -3.85872      0.48394      0.17252      0.31142
     -3.84872      0.80418      0.29425      0.50993
     -3.83872      1.17938      0.43805      0.74134
     -3.82872      0.96664      0.36447      0.60216
     -3.81872      0.60814      0.23104      0.37710
     -3.80872      0.66246      0.24982      0.41264
     -3.79872      0.99873      0.37392      0.62481
     -3.78872      1.20442      0.44846      0.75596
     -3.77872      1.31322      0.48291      0.83031
     -3.76872      1.38283      0.50127      0.88157
     -3.75872      1.21538      0.43520      0.78018
     -3.74872      0.80263      0.28351      0.51912
     -3.73872      0.49595      0.17420      0.32176
     -3.72872      0.48208      0.16840      0.31368
     -3.71872      0.64397      0.22818      0.41579
     -3.70872      0.89577      0.32611      0.56966
     -3.69872      1.01115      0.37724      0.63391
     -3.68872      0.91842      0.34545      0.57297
     -3.67872      0.85293      0.31222      0.54071
     -3.66872      0.84323      0.30523      0.53801
     -3.65872      0.81421      0.29627      0.51794
     -3.64872      0.82053      0.29156      0.52897
     -3.63872      0.96111      0.34195      0.61916
     -3.62872      1.13060      0.41543      0.71517
     -3.61872      1.08071      0.40291      0.67780
     -3.60872      0.80717      0.29564      0.51154
     -3.59872      0.59524      0.21381      0.38142
     -3.58872      0.48172      0.17561      0.30611
     -3.57872      0.56252      0.21016      0.35236
     -3.56872      0.92942      0.34268      0.58673
     -3.55872      1.25428      0.45352      0.80076
     -3.54872      1.19177      0.42395      0.76782
     -3.53872      0.92168      0.32745      0.59424
     -3.52872      0.71693      0.25487      0.46207
     -3.51872      0.63896      0.22313      0.41583
     -3.50872      0.67605      0.23827      0.43778
     -3.49872      0.68179      0.24403      0.43775
     -3.48872      0.66641      0.23844      0.42797
     -3.47872      0.77870      0.28298      0.49572
     -3.46872      1.12515      0.41577      0.70938
     -3.45872      1.29949      0.48013      0.81936
     -3.44872      1.13782      0.41522      0.72260
     -3.43872      0.84448      0.30611      0.53837
     -3.42872      0.71140      0.26021      0.45119
     -3.41872      0.78172      0.28568      0.49605
     -3.40872      0.65361      0.23656      0.41705
     -3.39872      0.46925      0.16760      0.30166
     -3.38872      0.60876      0.21386      0.39490
     -3.37872      0.91503      0.32693      0.58810
     -3.36872      0.88739      0.31929      0.56811
     -3.35872      0.64233      0.23224      0.41009
     -3.34872      0.57992      0.20990      0.37002
     -3.33872      0.74160      0.25786      0.48373
     -3.32872      0.97770      0.34123      0.63646
     -3.31872      1.04181      0.37291      0.66890
     -3.30872      1.02320      0.36964      0.65356
     -3.29872      1.12872      0.40480      0.72392
     -3.28872      1.12664      0.40166      0.72498
     -3.27872      0.72897      0.26084      0.46813
     -3.26872      0.41845      0.14779      0.27066
     -3.25872      0.39266      0.13332      0.25933
     -3.24872      0.52050      0.17995      0.34055
     -3.23872      0.67411      0.23748      0.43663
     -3.22872      0.69329      0.24670      0.44659
     -3.21872      0.68196      0.24192      0.44004
     -3.20872      0.95782      0.33726      0.62056
     -3.19872      1.08039      0.37979      0.70060
     -3.18872      0.82194      0.29320      0.52875
     -3.17872      0.72884      0.26927      0.45956
     -3.16872      0.78309      0.28730      0.49578
     -3.15872      0.81622      0.29381      0.52242
     -3.14872      0.74077      0.27419      0.46658
     -3.13872      0.65421      0.24994      0.40427
     -3.12872      0.75238      0.28176      0.47062
     -3.11872      1.00130      0.36152      0.63978
     -3.10872      1.05455      0.36693      0.68762
     -3.09872      0.92549      0.30787      0.61762
     -3.08872      0.77912      0.25602      0.52310
     -3.07872      0.68358      0.22947      0.45411
     -3.06872      0.76002      0.26335      0.49667
     -3.05872      0.68871      0.24413      0.44458
     -3.04872      0.57874      0.20650      0.37224
     -3.03872      0.59516      0.21198      0.38319
     -3.02872      0.73342      0.25427      0.47915
     -3.01872      0.76145      0.25851      0.50294
     -3.00872      0.46972      0.15750      0.31222
     -2.99872      0.32084      0.10873      0.21211
     -2.98872      0.54717      0.19816      0.34901
     -2.97872      0.96765      0.35204      0.61560
     -2.96872      1.21041      0.42919      0.78122
     -2.95872      1.14368      0.40334      0.74034
     -2.94872      0.88299      0.31614      0.56685
     -2.93872      0.89104      0.31523      0.57581
     -2.92872      1.06693      0.37464      0.69229
     -2.91872      0.79951      0.28560      0.51392
     -2.90872      0.41017      0.14685      0.26333
     -2.89872      0.39969      0.13242      0.26726
     -2.88872      0.51556      0.16769      0.34786
     -2.87872      0.41814      0.14076      0.27739
     -2.86872      0.38810      0.14438      0.24372
     -2.85872      0.54445      0.20237      0.34208
     -2.84872      0.82703      0.28729      0.53974
     -2.83872      1.18374      0.39928      0.78446
     -2.82872      1.23090      0.41368      0.81723
     -2.81872      0.95873      0.32290      0.63582
     -2.80872      0.73861      0.25691      0.48170
     -2.79872      0.64880      0.22970      0.41910
     -2.78872      0.52203      0.17784      0.34420
     -2.77872      0.50440      0.17141      0.33299
     -2.76872      0.63332      0.22658      0.40675
     -2.75872      0.84251      0.30282      0.53969
     -2.74872      1.07528      0.38183      0.69345
     -2.73872      1.11934      0.39445      0.72489
     -2.72872      0.86520      0.29714      0.56806
     -2.71872      0.58480      0.19156      0.39324
     -2.70872      0.51853      0.17370      0.34483
     -2.69872      0.61888      0.21543      0.40345
     -2.68872      0.66193      0.22647      0.43547
     -2.67872      0.54730      0.17846      0.36885
     -2.66872      0.49688      0.16158      0.33529
     -2.65872      0.63105      0.21718      0.41387
     -2.64872      0.79895      0.27856      0.52040
     -2.63872      0.75643      0.26416      0.49226
     -2.62872      0.53508      0.19187      0.34321
     -2.61872      0.50157      0.17447      0.32711
     -2.60872      0.59854      0.19569      0.40285
     -2.59872      0.65574      0.21304      0.44270
     -2.58872      0.74838      0.24833      0.50004
     -2.57872      0.71755      0.24133      0.47622
     -2.56872      0.66911      0.22888      0.44023
     -2.55872      0.91542      0.31561      0.59981
     -2.54872      1.41339      0.48884      0.92455
     -2.53872      1.42558      0.49188      0.93371
     -2.52872      0.96757      0.33020      0.63737
     -2.51872      0.64507      0.22190      0.42317
     -2.50872      0.46223      0.15806      0.30417
     -2.49872      0.40650      0.13142      0.27507
     -2.48872      0.29008      0.09218      0.19790
     -2.47872      0.33911      0.11179      0.22732
     -2.46872      0.64342      0.21582      0.42760
     -2.45872      0.86696      0.29072      0.57623
     -2.44872      0.94939      0.31677      0.63262
     -2.43872      0.85382      0.28351      0.57031
     -2.42872      0.67622      0.22722      0.44900
     -2.41872      0.43915      0.15133      0.28781
     -2.40872      0.34517      0.11667      0.22850
     -2.39872      0.56809      0.18620      0.38189
     -2.38872      0.72164      0.23564      0.48600
     -2.37872      0.65546      0.21745      0.43801
     -2.36872      0.68244      0.23814      0.44430
     -2.35872      1.02512      0.36396      0.66116
     -2.34872      1.01585      0.35816      0.65770
     -2.33872      0.65691      0.22219      0.43473
     -2.32872      0.66073      0.20201      0.45872
     -2.31872      0.80021      0.23793      0.56227
     -2.30872      0.75575      0.23261      0.52315
     -2.29872      0.59062      0.19088      0.39974
     -2.28872      0.50171      0.16798      0.33374
     -2.27872      0.55650      0.19216      0.36434
     -2.26872      0.86183      0.30020      0.56164
     -2.25872      1.11891      0.38088      0.73802
     -2.24872      1.00617      0.33109      0.67508
     -2.23872      0.65709      0.20791      0.44917
     -2.22872      0.41277      0.12986      0.28291
     -2.21872      0.39632      0.12590      0.27043
     -2.20872      0.45763      0.14376      0.31387
     -2.19872      0.57762      0.18731      0.39031
     -2.18872      0.84154      0.27982      0.56173
     -2.17872      1.08446      0.36549      0.71897
     -2.16872      1.00879      0.34306      0.66573
     -2.15872      0.76557      0.25154      0.51403
     -2.14872      0.58579      0.17724      0.40855
     -2.13872      0.39549      0.12057      0.27492
     -2.12872      0.34749      0.12239      0.22510
     -2.11872      0.51184      0.17990      0.33194
     -2.10872      0.65263      0.21047      0.44215
     -2.09872      0.68546      0.21340      0.47206
     -2.08872      0.61940      0.20109      0.41831
     -2.07872      0.55439      0.18519      0.36920
     -2.06872      0.71123      0.22619      0.48504
     -2.05872      0.88093      0.26906      0.61187
     -2.04872      0.82250      0.25053      0.57196
     -2.03872      0.86511      0.27137      0.59374
     -2.02872      1.03604      0.33435      0.70168
     -2.01872      1.07191      0.35534      0.71657
     -2.00872      0.86227      0.29330      0.56897
     -1.99872      0.58858      0.20188      0.38670
     -1.98872      0.44821      0.14951      0.29870
     -1.97872      0.42800      0.12947      0.29852
     -1.96872      0.57786      0.16751      0.41035
     -1.95872      0.73314      0.21919      0.51395
     -1.94872      0.63235      0.19534      0.43701
     -1.93872      0.56449      0.17901      0.38548
     -1.92872      0.76715      0.24529      0.52187
     -1.91872      0.84371      0.27024      0.57348
     -1.90872      0.63971      0.20208      0.43763
     -1.89872      0.59065      0.18110      0.40956
     -1.88872      0.61629      0.19308      0.42320
     -1.87872      0.77706      0.25446      0.52260
     -1.86872      0.94022      0.30299      0.63723
     -1.85872      0.73473      0.23012      0.50461
     -1.84872      0.39544      0.12898      0.26646
     -1.83872      0.30368      0.10416      0.19952
     -1.82872      0.52309      0.16786      0.35523
     -1.81872      0.83182      0.26117      0.57065
     -1.80872      0.80884      0.25346      0.55538
     -1.79872      0.68084      0.20398      0.47686
     -1.78872      0.83594      0.24179      0.59415
     -1.77872      0.95957      0.28276      0.67681
     -1.76872      0.88675      0.27319      0.61356
     -1.75872      0.86067      0.26787      0.59280
     -1.74872      0.87670      0.26721      0.60949
     -1.73872      0.73258      0.21994      0.51265
     -1.72872      0.54562      0.16812      0.37750
     -1.71872      0.42658      0.13683      0.28975
     -1.70872      0.38946      0.12288      0.26658
     -1.69872      0.56952      0.17392      0.39560
     -1.68872      0.80450      0.24096      0.56354
     -1.67872      0.87814      0.26203      0.61611
     -1.66872      0.85029      0.26256      0.58773
     -1.65872      0.88888      0.27934      0.60955
     -1.64872      0.85160      0.25851      0.59309
     -1.63872      0.58090      0.16833      0.41257
     -1.62872      0.47666      0.13767      0.33899
     -1.61872      0.65262      0.19615      0.45647
     -1.60872      0.67687      0.20861      0.46826
     -1.59872      0.64383      0.19176      0.45207
     -1.58872      0.68565      0.19929      0.48635
     -1.57872      0.63256      0.19758      0.43498
     -1.56872      0.47186      0.15800      0.31386
     -1.55872      0.51401      0.16165      0.35236
     -1.54872      0.73697      0.21680      0.52017
     -1.53872      0.81750      0.23385      0.58365
     -1.52872      0.89553      0.25537      0.64016
     -1.51872      1.00469      0.28355      0.72113
     -1.50872      0.91527      0.25632      0.65894
     -1.49872      0.74031      0.21045      0.52985
     -1.48872      0.67151      0.18102      0.49049
     -1.47872      0.60703      0.15303      0.45399
     -1.46872      0.42985      0.10610      0.32375
     -1.45872      0.26210      0.06451      0.19759
     -1.44872      0.23056      0.05647      0.17409
     -1.43872      0.36420      0.08831      0.27588
     -1.42872      0.56757      0.13698      0.43059
     -1.41872      0.57689      0.13894      0.43796
     -1.40872      0.46943      0.11316      0.35627
     -1.39872      0.45701      0.11039      0.34662
     -1.38872      0.55225      0.13308      0.41916
     -1.37872      0.50481      0.12129      0.38351
     -1.36872      0.38043      0.09093      0.28949
     -1.35872      0.45200      0.10731      0.34469
     -1.34872      0.53038      0.12537      0.40501
     -1.33872      0.39651      0.09334      0.30317
     -1.32872      0.34099      0.08009      0.26091
     -1.31872      0.37816      0.08841      0.28975
     -1.30872      0.38730      0.08975      0.29755
     -1.29872      0.38437      0.08870      0.29568
     -1.28872      0.36563      0.08449      0.28114
     -1.27872      0.53680      0.12436      0.41244
     -1.26872      0.81955      0.19025      0.62930
     -1.25872      0.84888      0.19700      0.65188
     -1.24872      0.70187      0.16218      0.53969
     -1.23872      0.64467      0.14806      0.49661
     -1.22872      0.55261      0.12646      0.42615
     -1.21872      0.46016      0.10452      0.35563
     -1.20872      0.55473      0.12450      0.43023
     -1.19872      0.62104      0.13864      0.48240
     -1.18872      0.55430      0.12356      0.43074
     -1.17872      0.47841      0.10628      0.37212
     -1.16872      0.43811      0.09671      0.34140
     -1.15872      0.38954      0.08587      0.30367
     -1.14872      0.46739      0.10321      0.36418
     -1.13872      0.71019      0.15645      0.55374
     -1.12872      0.76594      0.16790      0.59804
     -1.11872      0.67005      0.14574      0.52431
     -1.10872      0.59967      0.12939      0.47029
     -1.09872      0.51184      0.11005      0.40179
     -1.08872      0.45885      0.09785      0.36100
     -1.07872      0.57464      0.12151      0.45314
     -1.06872      0.52397      0.11026      0.41370
     -1.05872      0.39182      0.08212      0.30970
     -1.04872      0.42122      0.08763      0.33359
     -1.03872      0.52888      0.10921      0.41967
     -1.02872      0.75500      0.15695      0.59805
     -1.01872      1.07090      0.22497      0.84593
     -1.00872      1.09095      0.22937      0.86157
     -0.99872      0.95827      0.19943      0.75884
     -0.98872      0.91155      0.18704      0.72451
     -0.97872      0.87131      0.17674      0.69457
     -0.96872      0.82767      0.16644      0.66123
     -0.95872      0.79040      0.15767      0.63273
     -0.94872      0.79554      0.15707      0.63847
     -0.93872      0.85320      0.16673      0.68647
     -0.92872      0.91747      0.17755      0.73992
     -0.91872      1.06905      0.20516      0.86389
     -0.90872      1.27856      0.24531      1.03325
     -0.89872      1.18468      0.22980      0.95488
     -0.88872      0.84114      0.16501      0.67613
     -0.87872      0.69861      0.13583      0.56279
     -0.86872      0.77658      0.14835      0.62823
     -0.85872      0.77782      0.14692      0.63091
     -0.84872      0.52068      0.09731      0.42336
     -0.83872      0.31171      0.05733      0.25438
     -0.82872      0.27026      0.04921      0.22105
     -0.81872      0.31957      0.05802      0.26155
     -0.80872      0.49136      0.08951      0.40185
     -0.79872      0.99037      0.18328      0.80709
     -0.78872      1.79579      0.33716      1.45863
     -0.77872      1.81817      0.34276      1.47541
     -0.76872      0.89880      0.16803      0.73077
     -0.75872      0.33177      0.06003      0.27174
     -0.74872      0.20847      0.03662      0.17185
     -0.73872      0.25473      0.04444      0.21030
     -0.72872      0.28996      0.05056      0.23940
     -0.71872      0.31030      0.05399      0.25631
     -0.70872      0.36032      0.06280      0.29752
     -0.69872      0.44955      0.07877      0.37078
     -0.68872      0.67037      0.11823      0.55214
     -0.67872      0.83539      0.14745      0.68794
     -0.66872      0.66543      0.11627      0.54917
     -0.65872      0.35642      0.06108      0.29535
     -0.64872      0.25648      0.04316      0.21332
     -0.63872      0.29590      0.04943      0.24647
     -0.62872      0.37034      0.06161      0.30873
     -0.61872      0.45987      0.07633      0.38354
     -0.60872      0.53463      0.08869      0.44594
     -0.59872      0.63207      0.10498      0.52709
     -0.58872      0.79234      0.13234      0.66000
     -0.57872      0.92637      0.15521      0.77116
     -0.56872      0.79584      0.13213      0.66371
     -0.55872      0.41619      0.06779      0.34841
     -0.54872      0.17223      0.02735      0.14488
     -0.53872      0.21959      0.03432      0.18527
     -0.52872      0.31096      0.04837      0.26259
     -0.51872      0.33426      0.05155      0.28271
     -0.50872      0.43291      0.06654      0.36637
     -0.49872      0.42665      0.06582      0.36083
     -0.48872      0.42576      0.06592      0.35984
     -0.47872      0.48152      0.07419      0.40733
     -0.46872      0.39775      0.06044      0.33731
     -0.45872      0.30537      0.04544      0.25993
     -0.44872      0.31795      0.04661      0.27134
     -0.43872      0.38522      0.05608      0.32914
     -0.42872      0.41885      0.06065      0.35821
     -0.41872      0.42316      0.06115      0.36201
     -0.40872      0.43743      0.06328      0.37415
     -0.39872      0.60809      0.08739      0.52071
     -0.38872      0.73584      0.10482      0.63102
     -0.37872      0.45964      0.06506      0.39459
     -0.36872      0.15687      0.02184      0.13503
     -0.35872      0.18087      0.02431      0.15656
     -0.34872      0.31364      0.04197      0.27167
     -0.33872      0.34354      0.04556      0.29798
     -0.32872      0.38391      0.05049      0.33342
     -0.31872      0.40315      0.05307      0.35008
     -0.30872      0.34762      0.04561      0.30201
     -0.29872      0.30447      0.03930      0.26517
     -0.28872      0.26613      0.03366      0.23246
     -0.27872      0.26848      0.03347      0.23501
     -0.26872      0.33827      0.04169      0.29658
     -0.25872      0.44001      0.05371      0.38629
     -0.24872      0.52859      0.06405      0.46454
     -0.23872      0.51525      0.06222      0.45303
     -0.22872      0.33656      0.04037      0.29620
     -0.21872      0.26587      0.03091      0.23496
     -0.20872      0.28655      0.03279      0.25376
     -0.19872      0.19193      0.02175      0.17017
     -0.18872      0.22369      0.02478      0.19891
     -0.17872      0.36673      0.04027      0.32646
     -0.16872      0.38950      0.04225      0.34725
     -0.15872      0.34018      0.03633      0.30385
     -0.14872      0.25605      0.02697      0.22908
     -0.13872      0.26584      0.02741      0.23843
     -0.12872      0.38021      0.03864      0.34156
     -0.11872      0.41555      0.04181      0.37374
     -0.10872      0.32387      0.03207      0.29180
     -0.09872      0.25414      0.02455      0.22959
     -0.08872      0.25494      0.02409      0.23085
     -0.07872      0.27773      0.02582      0.25191
     -0.06872      0.27287      0.02495      0.24792
     -0.05872      0.26765      0.02387      0.24378
     -0.04872      0.34191      0.02982      0.31209
     -0.03872      0.35445      0.03053      0.32391
     -0.02872      0.25500      0.02154      0.23346
     -0.01872      0.23495      0.01921      0.21574
     -0.00872      0.23533      0.01893      0.21639
      0.00128      0.13632      0.01089      0.12543
      0.01128      0.03590      0.00286      0.03305
      0.02128      0.00381      0.00030      0.00351
      0.03128      0.00015      0.00001      0.00014
      0.04128      0.00000      0.00000      0.00000
      0.05128      0.00000      0.00000      0.00000
      0.06128      0.00000      0.00000      0.00000
      0.07128      0.00000      0.00000      0.00000
      0.08128      0.00000      0.00000      0.00000
      0.09128      0.00000      0.00000      0.00000
      0.10128      0.00000      0.00000      0.00000
      0.11128      0.00000      0.00000      0.00000
      0.12128      0.00000      0.00000      0.00000
      0.13128      0.00000      0.00000      0.00000
      0.14128      0.00000      0.00000      0.00000
      0.15128      0.00000      0.00000      0.00000
      0.16128      0.00000      0.00000      0.00000
      0.17128      0.00000      0.00000      0.00000
      0.18128      0.00000      0.00000      0.00000
      0.19128      0.00000      0.00000      0.00000
      0.20128      0.00000      0.00000      0.00000
      0.21128      0.00000      0.00000      0.00000
      0.22128      0.00000      0.00000      0.00000
      0.23128      0.00000      0.00000      0.00000
      0.24128      0.00000      0.00000      0.00000
      0.25128      0.00000      0.00000      0.00000
      0.26128      0.00000      0.00000      0.00000
      0.27128      0.00000      0.00000      0.00000
      0.28128      0.00000      0.00000      0.00000
      0.29128      0.00000      0.00000      0.00000
      0.30128      0.00000      0.00000      0.00000
      0.31128      0.00000      0.00000      0.00000
      0.32128      0.00000      0.00000      0.00000
      0.33128      0.00000      0.00000      0.00000
      0.34128      0.00000      0.00000      0.00000
      0.35128      0.00000      0.00000      0.00000
      0.36128      0.00000      0.00000      0.00000
      0.37128      0.00000      0.00000      0.00000
      0.38128      0.00000      0.00000      0.00000
      0.39128      0.00000      0.00000      0.00000
      0.40128      0.00000      0.00000      0.00000
      0.41128      0.00000      0.00000      0.00000
      0.42128      0.00000      0.00000      0.00000
      0.43128      0.00000      0.00000      0.00000
      0.44128      0.00000      0.00000      0.00000
      0.45128      0.00000      0.00000      0.00000
      0.46128      0.00000      0.00000      0.00000
      0.47128      0.00000      0.00000      0.00000
      0.48128      0.00000      0.00000      0.00000
      0.49128      0.00000      0.00000      0.00000
      0.50128      0.00000      0.00000      0.00000
      0.51128      0.00000      0.00000      0.00000
      0.52128      0.00000      0.00000      0.00000
      0.53128      0.00000      0.00000      0.00000
      0.54128      0.00000      0.00000      0.00000
      0.55128      0.00000      0.00000      0.00000
      0.56128      0.00000      0.00000      0.00000
      0.57128      0.00000      0.00000      0.00000
      0.58128      0.00000      0.00000      0.00000
      0.59128      0.00000      0.00000      0.00000
      0.60128      0.00000      0.00000      0.00000
      0.61128      0.00000      0.00000      0.00000
      0.62128      0.00000      0.00000      0.00000
      0.63128      0.00000      0.00000      0.00000
      0.64128      0.00000      0.00000      0.00000
      0.65128      0.00000      0.00000      0.00000
      0.66128      0.00000      0.00000      0.00000
      0.67128      0.00000      0.00000      0.00000
      0.68128      0.00000      0.00000      0.00000
      0.69128      0.00000      0.00000      0.00000
      0.70128      0.00000      0.00000      0.00000
      0.71128      0.00000      0.00000      0.00000
      0.72128      0.00000      0.00000      0.00000
      0.73128      0.00000      0.00000      0.00000
      0.74128      0.00000      0.00000      0.00000
      0.75128      0.00000      0.00000      0.00000
      0.76128      0.00000      0.00000      0.00000
      0.77128      0.00000      0.00000      0.00000
      0.78128      0.00000      0.00000      0.00000
      0.79128      0.00000      0.00000      0.00000
      0.80128      0.00000      0.00000      0.00000
      0.81128      0.00000      0.00000      0.00000
      0.82128      0.00000      0.00000      0.00000
      0.83128      0.00000      0.00000      0.00000
      0.84128      0.00000      0.00000      0.00000
      0.85128      0.00000      0.00000      0.00000
      0.86128      0.00000      0.00000      0.00000
      0.87128      0.00000      0.00000      0.00000
      0.88128      0.00000      0.00000      0.00000
      0.89128      0.00000      0.00000      0.00000
      0.90128      0.00000      0.00000      0.00000
      0.91128      0.00000      0.00000      0.00000
      0.92128      0.00000      0.00000      0.00000
      0.93128      0.00000      0.00000      0.00000
      0.94128      0.00000      0.00000      0.00000
      0.95128      0.00000      0.00000      0.00000
      0.96128      0.00000      0.00000      0.00000
      0.97128      0.00000      0.00000      0.00000
      0.98128      0.00000      0.00000      0.00000
      0.99128      0.00000      0.00000      0.00000
      1.00128      0.00000      0.00000      0.00000
      1.01128      0.00000      0.00000      0.00000
      1.02128      0.00000      0.00000      0.00000
      1.03128      0.00000      0.00000      0.00000
      1.04128      0.00000      0.00000      0.00000
      1.05128      0.00000      0.00000      0.00000
      1.06128      0.00000      0.00000      0.00000
      1.07128      0.00000      0.00000      0.00000
      1.08128      0.00000      0.00000      0.00000
      1.09128      0.00000      0.00000      0.00000
      1.10128      0.00000      0.00000      0.00000
      1.11128      0.00000      0.00000      0.00000
      1.12128      0.00000      0.00000      0.00000
      1.13128      0.00000      0.00000      0.00000
      1.14128      0.00000      0.00000      0.00000
      1.15128      0.00000      0.00000      0.00000
      1.16128      0.00000      0.00000      0.00000
      1.17128      0.00000      0.00000      0.00000
      1.18128      0.00000      0.00000      0.00000
      1.19128      0.00000      0.00000      0.00000
      1.20128      0.00000      0.00000      0.00000
      1.21128      0.00000      0.00000      0.00000
      1.22128      0.00000      0.00000      0.00000
      1.23128      0.00000      0.00000      0.00000
      1.24128      0.00000      0.00000      0.00000
      1.25128      0.00000      0.00000      0.00000
      1.26128      0.00000      0.00000      0.00000
      1.27128      0.00000      0.00000      0.00000
      1.28128      0.00000      0.00000      0.00000
      1.29128      0.00000      0.00000      0.00000
      1.30128      0.00000      0.00000      0.00000
      1.31128      0.00000      0.00000      0.00000
      1.32128      0.00000      0.00000      0.00000
      1.33128      0.00000      0.00000      0.00000
      1.34128      0.00000      0.00000      0.00000
      1.35128      0.00000      0.00000      0.00000
      1.36128      0.00000      0.00000      0.00000
      1.37128      0.00000      0.00000      0.00000
      1.38128      0.00000      0.00000      0.00000
      1.39128      0.00000      0.00000      0.00000
      1.40128      0.00000      0.00000      0.00000
      1.41128      0.00000      0.00000      0.00000
      1.42128      0.00000      0.00000      0.00000
      1.43128      0.00000      0.00000      0.00000
      1.44128      0.00000      0.00000      0.00000
      1.45128      0.00000      0.00000      0.00000
      1.46128      0.00000      0.00000      0.00000
      1.47128      0.00000      0.00000      0.00000
      1.48128      0.00000      0.00000      0.00000
      1.49128      0.00000      0.00000      0.00000
      1.50128      0.00000      0.00000      0.00000
      1.51128      0.00000      0.00000      0.00000
      1.52128      0.00000      0.00000      0.00000
      1.53128      0.00000      0.00000      0.00000
      1.54128      0.00000      0.00000      0.00000
      1.55128      0.00000      0.00000      0.00000
      1.56128      0.00000      0.00000      0.00000
      1.57128      0.00000      0.00000      0.00000
      1.58128      0.00000      0.00000      0.00000
      1.59128      0.00000      0.00000      0.00000
      1.60128      0.00000      0.00000      0.00000
      1.61128      0.00000      0.00000      0.00000
      1.62128      0.00000      0.00000      0.00000
      1.63128      0.00000      0.00000      0.00000
      1.64128      0.00000      0.00000      0.00000
      1.65128      0.00000      0.00000      0.00000
      1.66128      0.00000      0.00000      0.00000
      1.67128      0.00000      0.00000      0.00000
      1.68128      0.00000      0.00000      0.00000
      1.69128      0.00000      0.00000      0.00000
      1.70128      0.00000      0.00000      0.00000
      1.71128      0.00000      0.00000      0.00000
      1.72128      0.00000      0.00000      0.00000
      1.73128      0.00000      0.00000      0.00000
      1.74128      0.00000      0.00000      0.00000
      1.75128      0.00000      0.00000      0.00000
      1.76128      0.00000      0.00000      0.00000
      1.77128      0.00000      0.00000      0.00000
      1.78128      0.00000      0.00000      0.00000
      1.79128      0.00000      0.00000      0.00000
      1.80128      0.00000      0.00000      0.00000
      1.81128      0.00000      0.00000      0.00000
      1.82128      0.00000      0.00000      0.00000
      1.83128      0.00000      0.00000      0.00000
      1.84128      0.00000      0.00000      0.00000
      1.85128      0.00000      0.00000      0.00000
      1.86128      0.00000      0.00000      0.00000
      1.87128      0.00000      0.00000      0.00000
      1.88128      0.00000      0.00000      0.00000
      1.89128      0.00000      0.00000      0.00000
      1.90128      0.00000      0.00000      0.00000
      1.91128      0.00000      0.00000      0.00000
      1.92128      0.00000      0.00000      0.00000
      1.93128      0.00000      0.00000      0.00000
      1.94128      0.00000      0.00000      0.00000
      1.95128      0.00000      0.00000      0.00000
      1.96128      0.00000      0.00000      0.00000
      1.97128      0.00000      0.00000      0.00000
      1.98128      0.00000      0.00000      0.00000
      1.99128      0.00000      0.00000      0.00000
      2.00128      0.00000      0.00000      0.00000
      2.01128      0.00000      0.00000      0.00000
      2.02128      0.00000      0.00000      0.00000
      2.03128      0.00000      0.00000      0.00000
      2.04128      0.00000      0.00000      0.00000
      2.05128      0.00000      0.00000      0.00000
      2.06128      0.00000      0.00000      0.00000
      2.07128      0.00000      0.00000      0.00000
      2.08128      0.00000      0.00000      0.00000
      2.09128      0.00000      0.00000      0.00000
      2.10128      0.00000      0.00000      0.00000
      2.11128      0.00000      0.00000      0.00000
      2.12128      0.00000      0.00000      0.00000
      2.13128      0.00000      0.00000      0.00000
      2.14128      0.00000      0.00000      0.00000
      2.15128      0.00000      0.00000      0.00000
      2.16128      0.00000      0.00000      0.00000
      2.17128      0.00000      0.00000      0.00000
      2.18128      0.00000      0.00000      0.00000
      2.19128      0.00000      0.00000      0.00000
      2.20128      0.00000      0.00000      0.00000
      2.21128      0.00000      0.00000      0.00000
      2.22128      0.00000      0.00000      0.00000
      2.23128      0.00000      0.00000      0.00000
      2.24128      0.00000      0.00000      0.00000
      2.25128      0.00000      0.00000      0.00000
      2.26128      0.00000      0.00000      0.00000
      2.27128      0.00000      0.00000      0.00000
      2.28128      0.00000      0.00000      0.00000
      2.29128      0.00000      0.00000      0.00000
      2.30128      0.00000      0.00000      0.00000
      2.31128      0.00000      0.00000      0.00000
      2.32128      0.00000      0.00000      0.00000
      2.33128      0.00000      0.00000      0.00000
      2.34128      0.00000      0.00000      0.00000
      2.35128      0.00000      0.00000      0.00000
      2.36128      0.00000      0.00000      0.00000
      2.37128      0.00000      0.00000      0.00000
      2.38128      0.00000      0.00000      0.00000
      2.39128      0.00000      0.00000      0.00000
      2.40128      0.00000      0.00000      0.00000
      2.41128      0.00000      0.00000      0.00000
      2.42128      0.00000      0.00000      0.00000
      2.43128      0.00000      0.00000      0.00000
      2.44128      0.00000      0.00000      0.00000
      2.45128      0.00000      0.00000      0.00000
      2.46128      0.00000      0.00000      0.00000
      2.47128      0.00000      0.00000      0.00000
      2.48128      0.00000      0.00000      0.00000
      2.49128      0.00000      0.00000      0.00000
      2.50128      0.00000      0.00000      0.00000
      2.51128      0.00000      0.00000      0.00000
      2.52128      0.00000      0.00000      0.00000
      2.53128      0.00000      0.00000      0.00000
      2.54128      0.00000      0.00000      0.00000
      2.55128      0.00000      0.00000      0.00000
      2.56128      0.00000      0.00000      0.00000
      2.57128      0.00000      0.00000      0.00000
      2.58128      0.00000      0.00000      0.00000
      2.59128      0.00000      0.00000      0.00000
      2.60128      0.00000      0.00000      0.00000
      2.61128      0.00000      0.00000      0.00000
      2.62128      0.00000      0.00000      0.00000
      2.63128      0.00000      0.00000      0.00000
      2.64128      0.00000      0.00000      0.00000
      2.65128      0.00000      0.00000      0.00000
      2.66128      0.00000      0.00000      0.00000
      2.67128      0.00000      0.00000      0.00000
      2.68128      0.00000      0.00000      0.00000
      2.69128      0.00000      0.00000      0.00000
      2.70128      0.00000      0.00000      0.00000
      2.71128      0.00000      0.00000      0.00000
      2.72128      0.00000      0.00000      0.00000
      2.73128      0.00000      0.00000      0.00000
      2.74128      0.00000      0.00000      0.00000
      2.75128      0.00000      0.00000      0.00000
      2.76128      0.00000      0.00000      0.00000
      2.77128      0.00000      0.00000      0.00000
      2.78128      0.00000      0.00000      0.00000
      2.79128      0.00000      0.00000      0.00000
      2.80128      0.00000      0.00000      0.00000
      2.81128      0.00000      0.00000      0.00000
      2.82128      0.00000      0.00000      0.00000
      2.83128      0.00000      0.00000      0.00000
      2.84128      0.00000      0.00000      0.00000
      2.85128      0.00000      0.00000      0.00000
      2.86128      0.00000      0.00000      0.00000
      2.87128      0.00000      0.00000      0.00000
      2.88128      0.00000      0.00000      0.00000
      2.89128      0.00000      0.00000      0.00000
      2.90128      0.00000      0.00000      0.00000
      2.91128      0.00000      0.00000      0.00000
      2.92128      0.00000      0.00000      0.00000
      2.93128      0.00000      0.00000      0.00000
      2.94128      0.00000      0.00000      0.00000
      2.95128      0.00000      0.00000      0.00000
      2.96128      0.00000      0.00000      0.00000
      2.97128      0.00000      0.00000      0.00000
      2.98128      0.00000      0.00000      0.00000
      2.99128      0.00000      0.00000      0.00000
      3.00128      0.00000      0.00000      0.00000
      3.01128      0.00000      0.00000      0.00000
      3.02128      0.00000      0.00000      0.00000
      3.03128      0.00000      0.00000      0.00000
      3.04128      0.00000      0.00000      0.00000
      3.05128      0.00000      0.00000      0.00000
      3.06128      0.00000      0.00000      0.00000
      3.07128      0.00000      0.00000      0.00000
      3.08128      0.00000      0.00000      0.00000
      3.09128      0.00000      0.00000      0.00000
      3.10128      0.00000      0.00000      0.00000
      3.11128      0.00000      0.00000      0.00000
      3.12128      0.00000      0.00000      0.00000
      3.13128      0.00000      0.00000      0.00000
      3.14128      0.00000      0.00000      0.00000
      3.15128      0.00000      0.00000      0.00000
      3.16128      0.00000      0.00000      0.00000
      3.17128      0.00000      0.00000      0.00000
      3.18128      0.00000      0.00000      0.00000
      3.19128      0.00000      0.00000      0.00000
      3.20128      0.00000      0.00000      0.00000
      3.21128      0.00000      0.00000      0.00000
      3.22128      0.00000      0.00000      0.00000
      3.23128      0.00000      0.00000      0.00000
      3.24128      0.00000      0.00000      0.00000
      3.25128      0.00000      0.00000      0.00000
      3.26128      0.00000      0.00000      0.00000
      3.27128      0.00000      0.00000      0.00000
      3.28128      0.00000      0.00000      0.00000
      3.29128      0.00000      0.00000      0.00000
      3.30128      0.00000      0.00000      0.00000
      3.31128      0.00000      0.00000      0.00000
      3.32128      0.00000      0.00000      0.00000
      3.33128      0.00000      0.00000      0.00000
      3.34128      0.00000      0.00000      0.00000
      3.35128      0.00000      0.00000      0.00000
      3.36128      0.00000      0.00000      0.00000
      3.37128      0.00000      0.00000      0.00000
      3.38128      0.00000      0.00000      0.00000
      3.39128      0.00000      0.00000      0.00000
      3.40128      0.00000      0.00000      0.00000
      3.41128      0.00000      0.00000      0.00000
      3.42128      0.00000      0.00000      0.00000
      3.43128      0.00000      0.00000      0.00000
      3.44128      0.00000      0.00000      0.00000
      3.45128      0.00000      0.00000      0.00000
      3.46128      0.00000      0.00000      0.00000
      3.47128      0.00000      0.00000      0.00000
      3.48128      0.00000      0.00000      0.00000
      3.49128      0.00000      0.00000      0.00000
      3.50128      0.00000      0.00000      0.00000
      3.51128      0.00000      0.00000      0.00000
      3.52128      0.00000      0.00000      0.00000
      3.53128      0.00000      0.00000      0.00000
      3.54128      0.00000      0.00000      0.00000
      3.55128      0.00000      0.00000      0.00000
      3.56128      0.00000      0.00000      0.00000
      3.57128      0.00000      0.00000      0.00000
      3.58128      0.00000      0.00000      0.00000
      3.59128      0.00000      0.00000      0.00000
      3.60128      0.00000      0.00000      0.00000
      3.61128      0.00000      0.00000      0.00000
      3.62128      0.00000      0.00000      0.00000
      3.63128      0.00000      0.00000      0.00000
      3.64128      0.00000      0.00000      0.00000
      3.65128      0.00000      0.00000      0.00000
      3.66128      0.00000      0.00000      0.00000
      3.67128      0.00000      0.00000      0.00000
      3.68128      0.00000      0.00000      0.00000
      3.69128      0.00000      0.00000      0.00000
      3.70128      0.00000      0.00000      0.00000
      3.71128      0.00000      0.00000      0.00000
      3.72128      0.00000      0.00000      0.00000
      3.73128      0.00000      0.00000      0.00000
      3.74128      0.00000      0.00000      0.00000
      3.75128      0.00000      0.00000      0.00000
      3.76128      0.00000      0.00000      0.00000
      3.77128      0.00000      0.00000      0.00000
      3.78128      0.00000      0.00000      0.00000
      3.79128      0.00000      0.00000      0.00000
      3.80128      0.00000      0.00000      0.00000
      3.81128      0.00000      0.00000      0.00000
      3.82128      0.00000      0.00000      0.00000
      3.83128      0.00000      0.00000      0.00000
      3.84128      0.00000      0.00000      0.00000
      3.85128      0.00000      0.00000      0.00000
      3.86128      0.00000      0.00000      0.00000
      3.87128      0.00000      0.00000      0.00000
      3.88128      0.00000      0.00000      0.00000
      3.89128      0.00000      0.00000      0.00000
      3.90128      0.00000      0.00000      0.00000
      3.91128      0.00000      0.00000      0.00000
      3.92128      0.00000      0.00000      0.00000
      3.93128      0.00000      0.00000      0.00000
      3.94128      0.00000      0.00000      0.00000
      3.95128      0.00000      0.00000      0.00000
      3.96128      0.00000      0.00000      0.00000
      3.97128      0.00000      0.00000      0.00000
      3.98128      0.00000      0.00000      0.00000
      3.99128      0.00000      0.00000      0.00000
      4.00128      0.00000      0.00000      0.00000
      4.01128      0.00000      0.00000      0.00000
      4.02128      0.00000      0.00000      0.00000
      4.03128      0.00000      0.00000      0.00000
      4.04128      0.00000      0.00000      0.00000
      4.05128      0.00000      0.00000      0.00000
      4.06128      0.00000      0.00000      0.00000
      4.07128      0.00000      0.00000      0.00000
      4.08128      0.00000      0.00000      0.00000
      4.09128      0.00000      0.00000      0.00000
      4.10128      0.00000      0.00000      0.00000
      4.11128      0.00000      0.00000      0.00000
      4.12128      0.00000      0.00000      0.00000
      4.13128      0.00000      0.00000      0.00000
      4.14128      0.00000      0.00000      0.00000
      4.15128      0.00000      0.00000      0.00000
      4.16128      0.00000      0.00000      0.00000
      4.17128      0.00000      0.00000      0.00000
      4.18128      0.00000      0.00000      0.00000
      4.19128      0.00000      0.00000      0.00000
      4.20128      0.00000      0.00000      0.00000
      4.21128      0.00000      0.00000      0.00000
      4.22128      0.00000      0.00000      0.00000
      4.23128      0.00000      0.00000      0.00000
      4.24128      0.00000      0.00000      0.00000
      4.25128      0.00000      0.00000      0.00000
      4.26128      0.00000      0.00000      0.00000
      4.27128      0.00000      0.00000      0.00000
      4.28128      0.00000      0.00000      0.00000
      4.29128      0.00000      0.00000      0.00000
      4.30128      0.00000      0.00000      0.00000
      4.31128      0.00000      0.00000      0.00000
      4.32128      0.00000      0.00000      0.00000
      4.33128      0.00000      0.00000      0.00000
      4.34128      0.00000      0.00000      0.00000
      4.35128      0.00000      0.00000      0.00000
      4.36128      0.00000      0.00000      0.00000
      4.37128      0.00000      0.00000      0.00000
      4.38128      0.00000      0.00000      0.00000
      4.39128      0.00000      0.00000      0.00000
      4.40128      0.00000      0.00000      0.00000
      4.41128      0.00000      0.00000      0.00000
      4.42128      0.00000      0.00000      0.00000
      4.43128      0.00000      0.00000      0.00000
      4.44128      0.00000      0.00000      0.00000
      4.45128      0.00000      0.00000      0.00000
      4.46128      0.00000      0.00000      0.00000
      4.47128      0.00000      0.00000      0.00000
      4.48128      0.00000      0.00000      0.00000
      4.49128      0.00000      0.00000      0.00000
      4.50128      0.00000      0.00000      0.00000
      4.51128      0.00000      0.00000      0.00000
      4.52128      0.00000      0.00000      0.00000
      4.53128      0.00000      0.00000      0.00000
      4.54128      0.00000      0.00000      0.00000
      4.55128      0.00000      0.00000      0.00000
      4.56128      0.00000      0.00000      0.00000
      4.57128      0.00000      0.00000      0.00000
      4.58128      0.00000      0.00000      0.00000
      4.59128      0.00000      0.00000      0.00000
      4.60128      0.00000      0.00000      0.00000
      4.61128      0.00000      0.00000      0.00000
      4.62128      0.00000      0.00000      0.00000
      4.63128      0.00001      0.00001      0.00000
      4.64128      0.00045      0.00040      0.00005
      4.65128      0.00849      0.00757      0.00092
      4.66128      0.06277      0.05594      0.00684
      4.67128      0.19360      0.17242      0.02118
      4.68128      0.29363      0.26115      0.03248
      4.69128      0.32898      0.29174      0.03724
      4.70128      0.40294      0.35625      0.04669
      4.71128      0.43727      0.38571      0.05156
      4.72128      0.39616      0.34828      0.04788
      4.73128      0.40115      0.35140      0.04975
      4.74128      0.39069      0.34133      0.04936
      4.75128      0.30429      0.26499      0.03930
      4.76128      0.32711      0.28345      0.04366
      4.77128      0.60546      0.52365      0.08181
      4.78128      0.72671      0.62749      0.09922
      4.79128      0.54481      0.46824      0.07658
      4.80128      0.39598      0.33783      0.05815
      4.81128      0.43712      0.37158      0.06554
      4.82128      0.60942      0.51764      0.09178
      4.83128      0.55680      0.47115      0.08565
      4.84128      0.36967      0.30780      0.06187
      4.85128      0.61801      0.49911      0.11890
      4.86128      1.48456      1.18834      0.29622
      4.87128      2.27190      1.81255      0.45935
      4.88128      2.56980      2.03938      0.53042
      4.89128      2.34735      1.84377      0.50357
      4.90128      1.86284      1.45235      0.41048
      4.91128      1.50471      1.17354      0.33117
      4.92128      1.22473      0.95846      0.26627
      4.93128      1.07437      0.84395      0.23043
      4.94128      1.24019      0.97278      0.26741
      4.95128      1.44805      1.12947      0.31858
      4.96128      1.29265      1.00465      0.28801
      4.97128      0.85025      0.66195      0.18830
      4.98128      0.70081      0.54681      0.15400
      4.99128      0.89541      0.69835      0.19706
      5.00128      0.86744      0.67976      0.18768
      5.01128      0.76310      0.60231      0.16078
      5.02128      1.05837      0.82753      0.23084
      5.03128      1.45064      1.12076      0.32987
      5.04128      1.26327      0.97271      0.29056
      5.05128      0.63915      0.49410      0.14504
      5.06128      0.26068      0.20180      0.05888
      5.07128      0.43219      0.33096      0.10123
      5.08128      0.78257      0.59844      0.18413
      5.09128      0.67911      0.52018      0.15893
      5.10128      0.51019      0.39725      0.11293
      5.11128      0.59095      0.46320      0.12775
      5.12128      0.78750      0.60232      0.18517
      5.13128      1.14102      0.85604      0.28498
      5.14128      1.00856      0.75492      0.25364
      5.15128      0.47370      0.35805      0.11566
      5.16128      0.32143      0.24931      0.07212
      5.17128      0.42989      0.33384      0.09605
      5.18128      0.58272      0.44716      0.13557
      5.19128      0.76420      0.57815      0.18605
      5.20128      0.78998      0.60012      0.18986
      5.21128      0.62761      0.48493      0.14269
      5.22128      0.40507      0.31487      0.09020
      5.23128      0.34264      0.26172      0.08092
      5.24128      0.63328      0.47427      0.15901
      5.25128      1.09050      0.80602      0.28448
      5.26128      0.99138      0.72809      0.26329
      5.27128      0.40412      0.29696      0.10716
      5.28128      0.19212      0.14602      0.04610
      5.29128      0.31776      0.24408      0.07368
      5.30128      0.38528      0.29332      0.09196
      5.31128      0.46013      0.34540      0.11472
      5.32128      0.68829      0.51063      0.17766
      5.33128      0.70372      0.52113      0.18259
      5.34128      0.37110      0.27632      0.09478
      5.35128      0.22430      0.16849      0.05580
      5.36128      0.31432      0.23639      0.07793
      5.37128      0.36037      0.26857      0.09180
      5.38128      0.56680      0.41528      0.15152
      5.39128      0.95671      0.69449      0.26222
      5.40128      0.95627      0.69457      0.26170
      5.41128      0.69867      0.51695      0.18173
      5.42128      0.58247      0.43905      0.14341
      5.43128      0.40349      0.30627      0.09722
      5.44128      0.20129      0.15192      0.04937
      5.45128      0.21195      0.15517      0.05678
      5.46128      0.40702      0.29480      0.11221
      5.47128      0.53380      0.38415      0.14965
      5.48128      0.44315      0.32005      0.12310
      5.49128      0.33803      0.24823      0.08980
      5.50128      0.29051      0.21424      0.07627
      5.51128      0.29770      0.21871      0.07898
      5.52128      0.36943      0.27031      0.09912
      5.53128      0.49959      0.36317      0.13643
      5.54128      0.77252      0.55492      0.21761
      5.55128      0.94275      0.67280      0.26995
      5.56128      0.60347      0.43086      0.17260
      5.57128      0.20480      0.14706      0.05774
      5.58128      0.18073      0.13123      0.04949
      5.59128      0.28881      0.21076      0.07805
      5.60128      0.29983      0.21903      0.08080
      5.61128      0.31528      0.22863      0.08665
      5.62128      0.42518      0.30526      0.11993
      5.63128      0.52210      0.37167      0.15042
      5.64128      0.51391      0.36631      0.14759
      5.65128      0.43020      0.31081      0.11939
      5.66128      0.37339      0.27252      0.10087
      5.67128      0.41076      0.29929      0.11147
      5.68128      0.36354      0.26287      0.10068
      5.69128      0.38601      0.27595      0.11006
      5.70128      0.60172      0.42683      0.17490
      5.71128      0.76980      0.54021      0.22959
      5.72128      0.66743      0.46392      0.20351
      5.73128      0.30671      0.21225      0.09446
      5.74128      0.08923      0.06241      0.02682
      5.75128      0.16240      0.11637      0.04604
      5.76128      0.35380      0.25333      0.10047
      5.77128      0.34302      0.24482      0.09820
      5.78128      0.20039      0.14220      0.05819
      5.79128      0.32505      0.22945      0.09560
      5.80128      0.63469      0.44692      0.18777
      5.81128      0.60604      0.42539      0.18065
      5.82128      0.27860      0.19498      0.08362
      5.83128      0.15882      0.11140      0.04741
      5.84128      0.24268      0.17111      0.07157
      5.85128      0.28205      0.19901      0.08305
      5.86128      0.26348      0.18452      0.07896
      5.87128      0.30484      0.21200      0.09284
      5.88128      0.49554      0.34350      0.15203
      5.89128      0.69986      0.48249      0.21737
      5.90128      0.74544      0.51434      0.23109
      5.91128      0.62070      0.43301      0.18769
      5.92128      0.44109      0.31120      0.12989
      5.93128      0.33073      0.23483      0.09590
      5.94128      0.23229      0.16481      0.06748
      5.95128      0.17733      0.12377      0.05356
      5.96128      0.24657      0.17028      0.07630
      5.97128      0.29120      0.20067      0.09053
      5.98128      0.31011      0.21199      0.09811
      5.99128      0.36071      0.24634      0.11438
      6.00128      0.37501      0.25836      0.11664
      6.01128      0.30154      0.20884      0.09270
      6.02128      0.23395      0.16194      0.07201
      6.03128      0.26597      0.18348      0.08250
      6.04128      0.27366      0.18823      0.08544
      6.05128      0.32517      0.22365      0.10152
      6.06128      0.44772      0.30700      0.14072
      6.07128      0.61717      0.42071      0.19646
      6.08128      0.69409      0.47120      0.22289
      6.09128      0.41900      0.28351      0.13549
      6.10128      0.17103      0.11587      0.05516
      6.11128      0.20064      0.13719      0.06346
      6.12128      0.27365      0.18924      0.08517
      6.13128      0.28863      0.22158      0.08023
      6.14128      0.44689      0.46609      0.07122
      6.15128      0.90766      1.08074      0.08536
      6.16128      1.21967      1.45828      0.10886
      6.17128      1.14358      1.31161      0.12276
      6.18128      1.09511      1.17619      0.14965
      6.19128      0.92286      0.98490      0.12567
      6.20128      0.72457      0.77158      0.09710
      6.21128      0.77726      0.79170      0.11965
      6.22128      0.80026      0.84126      0.10966
      6.23128      0.69565      0.73808      0.09185
      6.24128      0.76091      0.73631      0.13538
      6.25128      0.84101      0.78693      0.16293
      6.26128      0.78402      0.71879      0.16019
      6.27128      0.67008      0.57995      0.15514
      6.28128      0.54224      0.51835      0.09934
      6.29128      0.53907      0.63135      0.03704
      6.30128      0.56375      0.64238      0.04725
      6.31128      0.58444      0.56157      0.10289
      6.32128      0.55589      0.50516      0.11283
      6.33128      0.42923      0.43912      0.06116
      6.34128      0.40857      0.43967      0.04651
      6.35128      0.63626      0.58440      0.12573
      6.36128      0.81856      0.68557      0.19728
      6.37128      0.63842      0.54506      0.14862
      6.38128      0.38581      0.37328      0.06617
      6.39128      0.41623      0.43939      0.05086
      6.40128      0.54790      0.55418      0.07958
      6.41128      0.54667      0.54512      0.08355
      6.42128      0.52445      0.53771      0.07254
      6.43128      0.48623      0.48349      0.07573
      6.44128      0.52400      0.46998      0.10940
      6.45128      0.61165      0.49809      0.15556
      6.46128      0.75916      0.60845      0.19876
      6.47128      0.94701      0.79436      0.22779
      6.48128      0.80016      0.68911      0.18166
      6.49128      0.47646      0.38854      0.11964
      6.50128      0.36108      0.28956      0.09323
      6.51128      0.33458      0.31552      0.06062
      6.52128      0.34924      0.35582      0.04901
      6.53128      0.50994      0.49983      0.08222
      6.54128      0.58416      0.58114      0.08879
      6.55128      0.52685      0.53288      0.07527
      6.56128      0.54990      0.52308      0.09768
      6.57128      0.55803      0.49238      0.12053
      6.58128      0.42943      0.35447      0.10631
      6.59128      0.34817      0.30448      0.07661
      6.60128      0.40126      0.36782      0.07897
      6.61128      0.43686      0.40290      0.08500
      6.62128      0.50003      0.47685      0.08825
      6.63128      0.65304      0.61701      0.11788
      6.64128      0.68549      0.59601      0.15319
      6.65128      0.66105      0.48496      0.19921
      6.66128      0.58391      0.42497      0.17820
      6.67128      0.43904      0.40810      0.08371
      6.68128      0.39260      0.41313      0.04752
      6.69128      0.36321      0.32014      0.07916
      6.70128      0.30572      0.21882      0.09517
      6.71128      0.26688      0.19264      0.08200
      6.72128      0.35024      0.31825      0.07022
      6.73128      0.60191      0.60257      0.08924
      6.74128      0.72895      0.72176      0.11307
      6.75128      0.68011      0.65320      0.11747
      6.76128      0.68422      0.61597      0.14162
      6.77128      0.49911      0.41744      0.12121
      6.78128      0.38277      0.30874      0.09943
      6.79128      0.54724      0.46660      0.12816
      6.80128      0.52601      0.45628      0.11906
      6.81128      0.35250      0.27791      0.09589
      6.82128      0.46156      0.33677      0.14108
      6.83128      0.64597      0.51918      0.17005
      6.84128      0.65394      0.55329      0.15645
      6.85128      0.55176      0.47104      0.12976
      6.86128      0.44621      0.44424      0.06883
      6.87128      0.33091      0.37749      0.02402
      6.88128      0.32763      0.33786      0.04452
      6.89128      0.44763      0.38180      0.10605
      6.90128      0.41424      0.30730      0.12423
      6.91128      0.24339      0.18191      0.07219
      6.92128      0.24693      0.22727      0.04879
      6.93128      0.53314      0.45081      0.12844
      6.94128      0.77525      0.62195      0.20643
      6.95128      0.63504      0.55572      0.14228
      6.96128      0.40576      0.42232      0.05110
      6.97128      0.36871      0.38108      0.04753
      6.98128      0.40287      0.36003      0.08496
      6.99128      0.41712      0.36720      0.09156
      7.00128      0.40934      0.37827      0.08035
      7.01128      0.45323      0.42523      0.08655
      7.02128      0.64142      0.58759      0.13045
      7.03128      0.79485      0.70303      0.17552
      7.04128      0.67805      0.54609      0.18030
      7.05128      0.55069      0.38599      0.17903
      7.06128      0.50010      0.36435      0.15454
      7.07128      0.48921      0.41346      0.11871
      7.08128      0.48132      0.44061      0.09751
      7.09128      0.41171      0.40383      0.06757
      7.10128      0.35781      0.32589      0.07285
      7.11128      0.36827      0.29085      0.10113
      7.12128      0.40567      0.35021      0.09496
      7.13128      0.42936      0.40653      0.07984
      7.14128      0.42657      0.39200      0.08553
      7.15128      0.41360      0.34085      0.10566
      7.16128      0.38322      0.32717      0.09263
      7.17128      0.41788      0.37900      0.08899
      7.18128      0.44578      0.39969      0.09733
      7.19128      0.41861      0.35951      0.10008
      7.20128      0.45548      0.33126      0.14217
      7.21128      0.59093      0.42031      0.18919
      7.22128      0.73928      0.61480      0.18547
      7.23128      0.65369      0.64687      0.10446
      7.24128      0.44094      0.48809      0.04100
      7.25128      0.45226      0.47642      0.05735
      7.26128      0.53064      0.51468      0.09260
      7.27128      0.42881      0.36992      0.10047
      7.28128      0.33834      0.26479      0.09456
      7.29128      0.41759      0.34525      0.10621
      7.30128      0.47320      0.38135      0.12602
      7.31128      0.38042      0.28789      0.11236
      7.32128      0.42541      0.35424      0.10858
      7.33128      0.56450      0.53425      0.10834
      7.34128      0.65474      0.62854      0.11899
      7.35128      0.72626      0.64824      0.15301
      7.36128      0.71502      0.62511      0.14554
      7.37128      0.86516      0.75949      0.16770
      7.38128      1.10301      0.97523      0.21528
      7.39128      1.03312      0.98550      0.16081
      7.40128      0.73176      0.77947      0.05651
      7.41128      0.51188      0.57613      0.01050
      7.42128      0.41174      0.43935      0.01931
      7.43128      0.53386      0.49549      0.07759
      7.44128      0.82125      0.74982      0.13868
      7.45128      0.93903      0.93070      0.11550
      7.46128      0.81802      0.82602      0.08788
      7.47128      0.79155      0.70705      0.13940
      7.48128      0.80679      0.67785      0.17141
      7.49128      0.70411      0.65977      0.10888
      7.50128      0.72723      0.75156      0.06350
      7.51128      0.85377      0.87062      0.08286
      7.52128      0.94735      0.94032      0.11635
      7.53128      1.00055      0.97291      0.13614
      7.54128      0.99798      0.95449      0.14265
      7.55128      0.94172      0.90935      0.13542
      7.56128      0.86087      0.84359      0.11810
      7.57128      0.96944      0.92179      0.13295
      7.58128      1.13456      1.09474      0.14677
      7.59128      1.00602      0.97864      0.13411
      7.60128      0.82954      0.74367      0.14424
      7.61128      0.81006      0.70455      0.14549
      7.62128      0.79766      0.73956      0.11529
      7.63128      0.62000      0.60972      0.06706
      7.64128      0.50663      0.48378      0.05796
      7.65128      0.75506      0.69402      0.10543
      7.66128      1.09701      1.05226      0.13598
      7.67128      1.21961      1.19189      0.15371
      7.68128      1.14506      1.12078      0.15505
      7.69128      1.00249      0.97303      0.13297
      7.70128      0.82906      0.76569      0.11685
      7.71128      0.74472      0.67229      0.11352
      7.72128      0.81652      0.79805      0.09877
      7.73128      0.91045      0.92104      0.08852
      7.74128      1.00418      0.95557      0.11971
      7.75128      0.99097      0.88744      0.14692
      7.76128      0.77530      0.69136      0.10746
      7.77128      0.73576      0.65843      0.10011
      7.78128      0.86634      0.79734      0.12004
      7.79128      1.06946      1.00457      0.14864
      7.80128      1.18867      1.05228      0.20703
      7.81128      1.09881      0.89149      0.23996
      7.82128      1.03942      0.86972      0.19981
      7.83128      1.06934      1.02188      0.11015
      7.84128      1.03898      1.09000      0.04658
      7.85128      1.08451      1.14388      0.06967
      7.86128      1.12555      1.11513      0.12342
      7.87128      1.09230      1.03376      0.13018
      7.88128      1.06631      0.99096      0.12686
      7.89128      1.14185      1.04867      0.16221
      7.90128      1.27222      1.15896      0.20199
      7.91128      1.15117      1.03171      0.18507
      7.92128      1.17167      1.10757      0.13697
      7.93128      1.29525      1.26476      0.11371
      7.94128      1.17761      1.07578      0.14585
      7.95128      1.07081      0.89526      0.18932
      7.96128      1.15360      0.97140      0.20566
      7.97128      1.36923      1.19378      0.21892
      7.98128      1.34031      1.15382      0.22297
      7.99128      1.23823      1.06026      0.21697
      8.00128      1.33805      1.21035      0.19735
      8.01128      1.53164      1.47070      0.16974
      8.02128      1.81018      1.74440      0.20527
      8.03128      1.74139      1.59923      0.24545
      8.04128      1.58274      1.35065      0.26956
      8.05128      1.63974      1.36792      0.28684
      8.06128      1.73424      1.50038      0.28264
      8.07128      2.19552      1.94774      0.34845
      8.08128      2.74609      2.38179      0.45023
      8.09128      2.93658      2.46242      0.50526
      8.10128      3.13938      2.58222      0.56319
      8.11128      3.15630      2.59178      0.57596
      8.12128      2.68842      2.24593      0.48103
      8.13128      1.71841      1.48765      0.28998
      8.14128      0.69275      0.65905      0.09560
      8.15128      0.25827      0.30432      0.01434
      8.16128      0.18684      0.24770      0.00091
      8.17128      0.20698      0.27576      0.00002
      8.18128      0.33638      0.44332      0.00000
      8.19128      0.44869      0.58965      0.00000
      8.20128      0.34555      0.45294      0.00000
      8.21128      0.21872      0.28597      0.00000
      8.22128      0.19933      0.26133      0.00000
      8.23128      0.24300      0.32086      0.00000
      8.24128      0.31455      0.41769      0.00000
      8.25128      0.34592      0.46023      0.00000
      8.26128      0.22835      0.30425      0.00000
      8.27128      0.13391      0.17774      0.00000
      8.28128      0.14431      0.19067      0.00000
      8.29128      0.09591      0.12667      0.00000
      8.30128      0.05964      0.07914      0.00000
      8.31128      0.15742      0.20992      0.00000
      8.32128      0.26407      0.35302      0.00000
      8.33128      0.20116      0.26955      0.00000
      8.34128      0.17300      0.23139      0.00000
      8.35128      0.32438      0.43154      0.00000
      8.36128      0.37749      0.50012      0.00000
      8.37128      0.24772      0.32680      0.00000
      8.38128      0.18985      0.24993      0.00000
      8.39128      0.19715      0.26148      0.00000
      8.40128      0.22475      0.30032      0.00000
      8.41128      0.20201      0.26961      0.00000
      8.42128      0.17106      0.22679      0.00000
      8.43128      0.13721      0.18145      0.00000
      8.44128      0.09773      0.13001      0.00000
      8.45128      0.13612      0.18219      0.00000
      8.46128      0.14611      0.19573      0.00000
      8.47128      0.16684      0.22350      0.00000
      8.48128      0.24785      0.33141      0.00000
      8.49128      0.23554      0.31442      0.00000
      8.50128      0.18441      0.24641      0.00000
      8.51128      0.16134      0.21560      0.00000
      8.52128      0.16482      0.21801      0.00000
      8.53128      0.29393      0.38612      0.00000
      8.54128      0.38354      0.50404      0.00000
      8.55128      0.39488      0.52111      0.00000
      8.56128      0.47581      0.63122      0.00000
      8.57128      0.44197      0.58711      0.00000
      8.58128      0.26556      0.35212      0.00000
      8.59128      0.16653      0.22043      0.00000
      8.60128      0.16093      0.21312      0.00000
      8.61128      0.16382      0.21736      0.00000
      8.62128      0.25506      0.33904      0.00000
      8.63128      0.26218      0.34861      0.00000
      8.64128      0.17539      0.23321      0.00000
      8.65128      0.24224      0.32209      0.00000
      8.66128      0.25861      0.34389      0.00000
      8.67128      0.14770      0.19638      0.00000
      8.68128      0.16229      0.21556      0.00000
      8.69128      0.21831      0.28965      0.00000
      8.70128      0.21432      0.28352      0.00000
      8.71128      0.28667      0.37862      0.00000
      8.72128      0.33173      0.43859      0.00000
      8.73128      0.26362      0.34874      0.00000
      8.74128      0.19081      0.25229      0.00000
      8.75128      0.20502      0.27089      0.00000
      8.76128      0.34253      0.45245      0.00000
      8.77128      0.34501      0.45583      0.00000
      8.78128      0.17391      0.22980      0.00000
      8.79128      0.11310      0.14907      0.00000
      8.80128      0.17914      0.23604      0.00000
      8.81128      0.20659      0.27277      0.00000
      8.82128      0.15439      0.20414      0.00000
      8.83128      0.09258      0.12186      0.00000
      8.84128      0.12520      0.16366      0.00000
      8.85128      0.14656      0.19158      0.00000
      8.86128      0.14128      0.18533      0.00000
      8.87128      0.21675      0.28519      0.00000
      8.88128      0.38830      0.51128      0.00000
      8.89128      0.60381      0.79437      0.00000
      8.90128      0.58719      0.77236      0.00000
      8.91128      0.41188      0.54284      0.00000
      8.92128      0.34130      0.44982      0.00000
      8.93128      0.38150      0.50082      0.00000
      8.94128      0.38477      0.50392      0.00000
      8.95128      0.32908      0.43056      0.00000
      8.96128      0.26474      0.34663      0.00000
      8.97128      0.21324      0.27973      0.00000
      8.98128      0.18865      0.24720      0.00000
      8.99128      0.18495      0.24152      0.00000
      9.00128      0.20029      0.25962      0.00000
      9.01128      0.27515      0.35363      0.00000
      9.02128      0.28152      0.36033      0.00000
      9.03128      0.21501      0.27524      0.00000
      9.04128      0.14970      0.19193      0.00000
      9.05128      0.17684      0.22771      0.00000
      9.06128      0.33269      0.43224      0.00000
      9.07128      0.40333      0.52770      0.00000
      9.08128      0.38800      0.50600      0.00000
      9.09128      0.37237      0.48171      0.00000
      9.10128      0.29337      0.37995      0.00000
      9.11128      0.23785      0.30757      0.00000
      9.12128      0.28430      0.36236      0.00000
      9.13128      0.28953      0.36562      0.00000
      9.14128      0.21811      0.27563      0.00000
      9.15128      0.12545      0.15860      0.00000
      9.16128      0.11713      0.14514      0.00000
      9.17128      0.20149      0.24796      0.00000
      9.18128      0.16153      0.19878      0.00000
      9.19128      0.04850      0.05970      0.00000
      9.20128      0.00947      0.01153      0.00000
      9.21128      0.03650      0.04384      0.00000
      9.22128      0.13115      0.15948      0.00000
      9.23128      0.30593      0.38778      0.00000
      9.24128      0.75507      0.98561      0.00000
      9.25128      1.36383      1.77610      0.00000
      9.26128      1.40895      1.81153      0.00000
      9.27128      0.83755      1.05602      0.00000
      9.28128      0.37533      0.45903      0.00000
      9.29128      0.21538      0.25638      0.00000
      9.30128      0.15001      0.17625      0.00000
      9.31128      0.14845      0.17259      0.00000
      9.32128      0.12368      0.14339      0.00000
      9.33128      0.05755      0.06641      0.00000
      9.34128      0.06155      0.07034      0.00000
      9.35128      0.11019      0.12710      0.00000
      9.36128      0.20772      0.24406      0.00000
      9.37128      0.31033      0.36839      0.00000
      9.38128      0.32559      0.38868      0.00000
      9.39128      0.35021      0.41941      0.00000
      9.40128      0.33956      0.41776      0.00000
      9.41128      0.40635      0.52318      0.00000
      9.42128      0.52193      0.68254      0.00000
      9.43128      0.42640      0.54846      0.00000
      9.44128      0.37431      0.43942      0.00000
      9.45128      0.51421      0.57668      0.00000
      9.46128      0.49503      0.55535      0.00000
      9.47128      0.35356      0.40097      0.00000
      9.48128      0.28026      0.32139      0.00000
      9.49128      0.23695      0.27585      0.00000
      9.50128      0.24516      0.28548      0.00000
      9.51128      0.38863      0.44056      0.00000
      9.52128      0.44065      0.49769      0.00000
      9.53128      0.31271      0.36578      0.00000
      9.54128      0.25876      0.31348      0.00000
      9.55128      0.40769      0.47976      0.00001
      9.56128      0.63470      0.72113      0.00010
      9.57128      0.73608      0.83136      0.00046
      9.58128      0.70909      0.82865      0.00081
      9.59128      0.79138      0.96979      0.00113
      9.60128      0.99415      1.22461      0.00269
      9.61128      0.85649      1.03231      0.00359
      9.62128      0.53130      0.60597      0.00238
      9.63128      0.43374      0.45683      0.00470
      9.64128      0.43213      0.42992      0.01329
      9.65128      0.40921      0.39793      0.01761
      9.66128      0.42916      0.43444      0.01490
