Energy-E_F (eV)    DOS (1/eV)    PDOS (1/eV)  of atom type B  N  
     -4.99000      1.04222      0.39664      0.64558
     -4.98000      0.90291      0.34610      0.55682
     -4.97000      0.81437      0.30608      0.50828
     -4.96000      0.87248      0.32004      0.55244
     -4.95000      0.84848      0.30890      0.53957
     -4.94000      0.79934      0.29079      0.50856
     -4.93000      0.91309      0.34018      0.57291
     -4.92000      1.27701      0.48862      0.78838
     -4.91000      1.48338      0.56848      0.91490
     -4.90000      1.33123      0.49946      0.83177
     -4.89000      1.01647      0.37008      0.64639
     -4.88000      0.80244      0.28628      0.51616
     -4.87000      0.83574      0.30157      0.53417
     -4.86000      1.04969      0.38894      0.66075
     -4.85000      1.26426      0.47040      0.79386
     -4.84000      1.31446      0.48932      0.82514
     -4.83000      1.13429      0.42603      0.70826
     -4.82000      0.95824      0.35757      0.60067
     -4.81000      0.91895      0.33984      0.57912
     -4.80000      1.03572      0.37974      0.65598
     -4.79000      1.17690      0.43141      0.74549
     -4.78000      1.35734      0.50496      0.85238
     -4.77000      1.51506      0.56681      0.94826
     -4.76000      1.59809      0.59831      0.99979
     -4.75000      1.72250      0.64544      1.07706
     -4.74000      1.77381      0.66140      1.11241
     -4.73000      1.37016      0.50919      0.86097
     -4.72000      0.87957      0.32445      0.55512
     -4.71000      0.88267      0.32682      0.55585
     -4.70000      1.22736      0.45681      0.77055
     -4.69000      1.39059      0.50828      0.88231
     -4.68000      1.41122      0.50814      0.90308
     -4.67000      1.30223      0.47320      0.82902
     -4.66000      1.16647      0.43272      0.73375
     -4.65000      1.17404      0.44275      0.73129
     -4.64000      1.28495      0.48772      0.79723
     -4.63000      1.34614      0.50699      0.83915
     -4.62000      1.19453      0.44275      0.75178
     -4.61000      1.12171      0.41446      0.70726
     -4.60000      1.02610      0.38076      0.64534
     -4.59000      0.90348      0.33284      0.57065
     -4.58000      0.96249      0.34990      0.61259
     -4.57000      0.91037      0.32542      0.58495
     -4.56000      0.65599      0.23503      0.42096
     -4.55000      0.78663      0.29415      0.49248
     -4.54000      1.19719      0.44997      0.74722
     -4.53000      1.13982      0.42212      0.71770
     -4.52000      0.73032      0.26637      0.46395
     -4.51000      0.60987      0.22504      0.38483
     -4.50000      0.89840      0.33462      0.56377
     -4.49000      1.40533      0.52183      0.88350
     -4.48000      1.41145      0.52136      0.89008
     -4.47000      0.95256      0.34819      0.60437
     -4.46000      0.90145      0.32884      0.57261
     -4.45000      0.98930      0.36173      0.62757
     -4.44000      1.04224      0.37896      0.66328
     -4.43000      1.04611      0.38004      0.66607
     -4.42000      0.67649      0.24688      0.42961
     -4.41000      0.39926      0.14450      0.25476
     -4.40000      0.49132      0.17948      0.31183
     -4.39000      0.89996      0.33458      0.56538
     -4.38000      1.39622      0.51764      0.87857
     -4.37000      1.37064      0.50155      0.86908
     -4.36000      0.95738      0.34825      0.60913
     -4.35000      0.67053      0.24506      0.42547
     -4.34000      0.61187      0.21885      0.39302
     -4.33000      0.85893      0.31175      0.54718
     -4.32000      1.12527      0.42264      0.70263
     -4.31000      0.89874      0.34278      0.55595
     -4.30000      0.46771      0.17575      0.29195
     -4.29000      0.55450      0.20178      0.35272
     -4.28000      1.05679      0.39019      0.66660
     -4.27000      1.29145      0.47911      0.81234
     -4.26000      1.22535      0.45110      0.77426
     -4.25000      1.11595      0.40752      0.70843
     -4.24000      1.03165      0.37369      0.65796
     -4.23000      0.83352      0.30074      0.53278
     -4.22000      0.52317      0.18572      0.33744
     -4.21000      0.45523      0.15707      0.29815
     -4.20000      0.57140      0.19986      0.37154
     -4.19000      0.88463      0.31686      0.56777
     -4.18000      1.17375      0.43037      0.74339
     -4.17000      1.06776      0.40280      0.66496
     -4.16000      0.74517      0.27853      0.46664
     -4.15000      0.50857      0.17933      0.32924
     -4.14000      0.47964      0.16966      0.30998
     -4.13000      0.71430      0.25722      0.45708
     -4.12000      0.95955      0.34399      0.61557
     -4.11000      0.89030      0.31766      0.57263
     -4.10000      0.80863      0.29400      0.51463
     -4.09000      0.95139      0.35679      0.59460
     -4.08000      0.90549      0.34066      0.56484
     -4.07000      0.66291      0.24331      0.41960
     -4.06000      0.52135      0.18926      0.33209
     -4.05000      0.51790      0.18989      0.32801
     -4.04000      0.78905      0.28687      0.50218
     -4.03000      1.20065      0.42882      0.77183
     -4.02000      1.43478      0.51511      0.91967
     -4.01000      1.14870      0.41977      0.72893
     -4.00000      0.67706      0.24634      0.43072
     -3.99000      0.56108      0.19826      0.36282
     -3.98000      0.64860      0.22671      0.42190
     -3.97000      0.58322      0.20326      0.37995
     -3.96000      0.64422      0.23066      0.41356
     -3.95000      0.78607      0.28918      0.49689
     -3.94000      0.75154      0.27526      0.47629
     -3.93000      0.63707      0.22626      0.41081
     -3.92000      0.70156      0.24932      0.45224
     -3.91000      0.89227      0.32375      0.56852
     -3.90000      0.77691      0.28344      0.49347
     -3.89000      0.65938      0.24169      0.41769
     -3.88000      0.79576      0.29075      0.50502
     -3.87000      0.85560      0.31502      0.54058
     -3.86000      0.89494      0.33343      0.56151
     -3.85000      0.96235      0.35277      0.60958
     -3.84000      0.83181      0.29462      0.53719
     -3.83000      0.62602      0.21734      0.40868
     -3.82000      0.62703      0.22285      0.40418
     -3.81000      0.64152      0.23562      0.40590
     -3.80000      0.68312      0.24942      0.43370
     -3.79000      0.81651      0.28855      0.52796
     -3.78000      0.79661      0.27580      0.52081
     -3.77000      0.75878      0.26434      0.49444
     -3.76000      0.76366      0.27157      0.49209
     -3.75000      0.79467      0.28280      0.51187
     -3.74000      0.81993      0.28629      0.53364
     -3.73000      0.67316      0.23803      0.43513
     -3.72000      0.57708      0.21354      0.36355
     -3.71000      0.72031      0.26463      0.45567
     -3.70000      0.76015      0.27303      0.48712
     -3.69000      0.68169      0.23991      0.44178
     -3.68000      0.78976      0.27740      0.51236
     -3.67000      0.92260      0.33068      0.59192
     -3.66000      0.88979      0.32255      0.56724
     -3.65000      0.74061      0.26156      0.47905
     -3.64000      0.56094      0.18683      0.37411
     -3.63000      0.37963      0.12265      0.25698
     -3.62000      0.37185      0.12602      0.24582
     -3.61000      0.55254      0.19541      0.35713
     -3.60000      0.78634      0.28536      0.50097
     -3.59000      0.89385      0.33077      0.56308
     -3.58000      0.76182      0.28714      0.47467
     -3.57000      0.73835      0.28165      0.45671
     -3.56000      0.72710      0.27440      0.45270
     -3.55000      0.73496      0.26505      0.46990
     -3.54000      0.79638      0.27631      0.52006
     -3.53000      0.97658      0.33382      0.64275
     -3.52000      0.93847      0.31874      0.61973
     -3.51000      0.69336      0.23464      0.45872
     -3.50000      0.69110      0.23560      0.45551
     -3.49000      0.74241      0.25730      0.48511
     -3.48000      0.80724      0.28658      0.52066
     -3.47000      0.87425      0.31660      0.55765
     -3.46000      0.73918      0.26955      0.46963
     -3.45000      0.68491      0.24097      0.44394
     -3.44000      0.65090      0.22433      0.42656
     -3.43000      0.52480      0.18288      0.34192
     -3.42000      0.38471      0.13262      0.25209
     -3.41000      0.26587      0.08932      0.17656
     -3.40000      0.37881      0.12771      0.25111
     -3.39000      0.72617      0.24569      0.48048
     -3.38000      1.01019      0.34949      0.66070
     -3.37000      0.88613      0.31660      0.56953
     -3.36000      0.59007      0.21348      0.37659
     -3.35000      0.63206      0.22100      0.41106
     -3.34000      0.76344      0.26624      0.49720
     -3.33000      0.67098      0.24099      0.42999
     -3.32000      0.56650      0.20671      0.35979
     -3.31000      0.71443      0.25520      0.45923
     -3.30000      0.86453      0.30372      0.56081
     -3.29000      0.74966      0.26468      0.48498
     -3.28000      0.65380      0.23871      0.41510
     -3.27000      0.58583      0.21525      0.37058
     -3.26000      0.52921      0.18461      0.34460
     -3.25000      0.71940      0.23958      0.47982
     -3.24000      0.91174      0.29938      0.61236
     -3.23000      0.89504      0.29131      0.60373
     -3.22000      0.74915      0.24734      0.50181
     -3.21000      0.64681      0.22479      0.42202
     -3.20000      0.60260      0.21475      0.38785
     -3.19000      0.70413      0.25190      0.45223
     -3.18000      0.90291      0.32596      0.57695
     -3.17000      0.73107      0.26444      0.46664
     -3.16000      0.44855      0.15705      0.29150
     -3.15000      0.42706      0.14415      0.28291
     -3.14000      0.52230      0.17706      0.34524
     -3.13000      0.52587      0.17533      0.35054
     -3.12000      0.48183      0.15440      0.32743
     -3.11000      0.50690      0.16438      0.34251
     -3.10000      0.63542      0.22000      0.41542
     -3.09000      0.80878      0.28576      0.52302
     -3.08000      1.00801      0.35438      0.65363
     -3.07000      1.19298      0.42238      0.77060
     -3.06000      1.06522      0.37992      0.68530
     -3.05000      0.65184      0.22964      0.42220
     -3.04000      0.40596      0.13707      0.26889
     -3.03000      0.47758      0.15790      0.31967
     -3.02000      0.38114      0.12774      0.25340
     -3.01000      0.17592      0.05871      0.11721
     -3.00000      0.25099      0.07905      0.17194
     -2.99000      0.56784      0.18648      0.38136
     -2.98000      0.89767      0.30698      0.59069
     -2.97000      1.00014      0.34280      0.65734
     -2.96000      0.82648      0.28117      0.54530
     -2.95000      0.60740      0.20802      0.39938
     -2.94000      0.53569      0.18303      0.35267
     -2.93000      0.67541      0.22555      0.44986
     -2.92000      0.79000      0.25635      0.53365
     -2.91000      0.66440      0.21031      0.45409
     -2.90000      0.57435      0.18439      0.38997
     -2.89000      0.50318      0.17098      0.33221
     -2.88000      0.61097      0.21742      0.39355
     -2.87000      1.05742      0.37778      0.67964
     -2.86000      1.21718      0.44210      0.77509
     -2.85000      0.79847      0.29101      0.50746
     -2.84000      0.52705      0.17994      0.34710
     -2.83000      0.55032      0.17657      0.37375
     -2.82000      0.55474      0.17211      0.38262
     -2.81000      0.53475      0.16590      0.36885
     -2.80000      0.54483      0.17405      0.37078
     -2.79000      0.45154      0.14582      0.30572
     -2.78000      0.35720      0.12114      0.23606
     -2.77000      0.43118      0.15336      0.27782
     -2.76000      0.71936      0.25105      0.46831
     -2.75000      0.87822      0.29736      0.58086
     -2.74000      0.68031      0.22294      0.45738
     -2.73000      0.48480      0.16269      0.32211
     -2.72000      0.40871      0.14153      0.26718
     -2.71000      0.44372      0.14563      0.29809
     -2.70000      0.44384      0.14478      0.29905
     -2.69000      0.47451      0.15851      0.31600
     -2.68000      0.77517      0.25190      0.52327
     -2.67000      1.05115      0.33703      0.71412
     -2.66000      1.18402      0.39064      0.79338
     -2.65000      1.06388      0.36312      0.70076
     -2.64000      0.69104      0.23842      0.45261
     -2.63000      0.50330      0.17454      0.32876
     -2.62000      0.37965      0.12844      0.25121
     -2.61000      0.36003      0.10966      0.25038
     -2.60000      0.52801      0.15988      0.36813
     -2.59000      0.80806      0.26164      0.54641
     -2.58000      0.91099      0.30839      0.60259
     -2.57000      0.70247      0.24275      0.45972
     -2.56000      0.57585      0.19990      0.37595
     -2.55000      0.62396      0.21102      0.41295
     -2.54000      0.57304      0.18818      0.38486
     -2.53000      0.46499      0.14641      0.31858
     -2.52000      0.46748      0.14071      0.32677
     -2.51000      0.54175      0.16582      0.37593
     -2.50000      0.51073      0.16206      0.34867
     -2.49000      0.55291      0.17766      0.37525
     -2.48000      0.78330      0.25317      0.53013
     -2.47000      0.88356      0.29869      0.58486
     -2.46000      0.74310      0.26713      0.47597
     -2.45000      0.53368      0.19445      0.33924
     -2.44000      0.47818      0.16223      0.31595
     -2.43000      0.62701      0.19989      0.42713
     -2.42000      0.61874      0.19524      0.42350
     -2.41000      0.39259      0.12274      0.26985
     -2.40000      0.31541      0.10056      0.21484
     -2.39000      0.55260      0.17315      0.37946
     -2.38000      0.81294      0.24621      0.56672
     -2.37000      0.88287      0.27541      0.60746
     -2.36000      0.88379      0.28608      0.59771
     -2.35000      0.77089      0.24353      0.52736
     -2.34000      0.65605      0.19783      0.45822
     -2.33000      0.63268      0.19723      0.43545
     -2.32000      0.56971      0.18875      0.38096
     -2.31000      0.47782      0.16415      0.31367
     -2.30000      0.55423      0.19347      0.36076
     -2.29000      0.71225      0.24414      0.46811
     -2.28000      0.89083      0.29794      0.59289
     -2.27000      0.94485      0.30362      0.64123
     -2.26000      0.70170      0.21594      0.48576
     -2.25000      0.38666      0.11303      0.27363
     -2.24000      0.30294      0.08475      0.21820
     -2.23000      0.46791      0.13499      0.33292
     -2.22000      0.61821      0.18783      0.43038
     -2.21000      0.59845      0.19113      0.40732
     -2.20000      0.70505      0.23089      0.47416
     -2.19000      0.72913      0.23894      0.49019
     -2.18000      0.51913      0.16680      0.35233
     -2.17000      0.46765      0.14111      0.32655
     -2.16000      0.62502      0.18541      0.43961
     -2.15000      0.64012      0.19948      0.44064
     -2.14000      0.52993      0.18374      0.34619
     -2.13000      0.48576      0.17588      0.30987
     -2.12000      0.48840      0.16476      0.32364
     -2.11000      0.64460      0.19945      0.44515
     -2.10000      0.73913      0.22868      0.51044
     -2.09000      0.63588      0.19609      0.43979
     -2.08000      0.69244      0.20832      0.48413
     -2.07000      0.87214      0.25952      0.61262
     -2.06000      0.88337      0.26247      0.62091
     -2.05000      0.65094      0.19279      0.45815
     -2.04000      0.57639      0.17198      0.40442
     -2.03000      0.72991      0.22328      0.50663
     -2.02000      0.77410      0.23665      0.53745
     -2.01000      0.64559      0.19894      0.44665
     -2.00000      0.55670      0.18011      0.37659
     -1.99000      0.48346      0.16324      0.32022
     -1.98000      0.39747      0.12967      0.26779
     -1.97000      0.46924      0.14498      0.32426
     -1.96000      0.62360      0.18466      0.43895
     -1.95000      0.67267      0.18941      0.48327
     -1.94000      0.68440      0.20037      0.48403
     -1.93000      0.72897      0.22539      0.50358
     -1.92000      0.71482      0.21755      0.49727
     -1.91000      0.74860      0.22768      0.52091
     -1.90000      0.70332      0.22374      0.47958
     -1.89000      0.63294      0.20160      0.43134
     -1.88000      0.58892      0.17703      0.41189
     -1.87000      0.41744      0.11945      0.29799
     -1.86000      0.45399      0.13366      0.32033
     -1.85000      0.71098      0.21385      0.49713
     -1.84000      0.69945      0.20949      0.48996
     -1.83000      0.39383      0.12234      0.27150
     -1.82000      0.25354      0.08526      0.16828
     -1.81000      0.47578      0.15434      0.32145
     -1.80000      0.75375      0.22933      0.52442
     -1.79000      0.81393      0.23556      0.57837
     -1.78000      0.82978      0.23667      0.59311
     -1.77000      0.83543      0.23604      0.59939
     -1.76000      0.85160      0.23827      0.61334
     -1.75000      0.80542      0.23158      0.57384
     -1.74000      0.64358      0.18890      0.45468
     -1.73000      0.67324      0.19171      0.48153
     -1.72000      0.74133      0.20795      0.53338
     -1.71000      0.53970      0.14628      0.39342
     -1.70000      0.28522      0.07302      0.21220
     -1.69000      0.18801      0.04647      0.14153
     -1.68000      0.18694      0.04570      0.14124
     -1.67000      0.33910      0.08213      0.25696
     -1.66000      0.52185      0.12591      0.39595
     -1.65000      0.52886      0.12731      0.40155
     -1.64000      0.45714      0.11017      0.34696
     -1.63000      0.40229      0.09732      0.30496
     -1.62000      0.45906      0.11081      0.34824
     -1.61000      0.49773      0.11967      0.37806
     -1.60000      0.36690      0.08798      0.27892
     -1.59000      0.28672      0.06833      0.21839
     -1.58000      0.40886      0.09709      0.31177
     -1.57000      0.47356      0.11193      0.36163
     -1.56000      0.35751      0.08404      0.27347
     -1.55000      0.29555      0.06945      0.22610
     -1.54000      0.31825      0.07477      0.24349
     -1.53000      0.30177      0.07030      0.23147
     -1.52000      0.32721      0.07554      0.25168
     -1.51000      0.35555      0.08199      0.27356
     -1.50000      0.32905      0.07614      0.25291
     -1.49000      0.48504      0.11264      0.37240
     -1.48000      0.76862      0.17865      0.58997
     -1.47000      0.78519      0.18236      0.60283
     -1.46000      0.61972      0.14331      0.47642
     -1.45000      0.54285      0.12485      0.41800
     -1.44000      0.55571      0.12724      0.42847
     -1.43000      0.45096      0.10310      0.34786
     -1.42000      0.34057      0.07750      0.26307
     -1.41000      0.43086      0.09680      0.33406
     -1.40000      0.55185      0.12316      0.42868
     -1.39000      0.53273      0.11869      0.41404
     -1.38000      0.44926      0.10004      0.34921
     -1.37000      0.38162      0.08463      0.29699
     -1.36000      0.37797      0.08327      0.29470
     -1.35000      0.35350      0.07797      0.27553
     -1.34000      0.40908      0.09070      0.31838
     -1.33000      0.61068      0.13493      0.47575
     -1.32000      0.67410      0.14790      0.52620
     -1.31000      0.59481      0.12975      0.46506
     -1.30000      0.51384      0.11116      0.40268
     -1.29000      0.51980      0.11182      0.40797
     -1.28000      0.42650      0.09158      0.33491
     -1.27000      0.34562      0.07371      0.27191
     -1.26000      0.49225      0.10426      0.38799
     -1.25000      0.50457      0.10620      0.39837
     -1.24000      0.37321      0.07820      0.29502
     -1.23000      0.31819      0.06668      0.25151
     -1.22000      0.36547      0.07596      0.28951
     -1.21000      0.48418      0.10014      0.38404
     -1.20000      0.77378      0.16166      0.61212
     -1.19000      1.06193      0.22348      0.83845
     -1.18000      0.94900      0.19964      0.74935
     -1.17000      0.77746      0.16205      0.61540
     -1.16000      0.73777      0.15211      0.58565
     -1.15000      0.74304      0.15154      0.59151
     -1.14000      0.71734      0.14495      0.57238
     -1.13000      0.70209      0.14090      0.56119
     -1.12000      0.66928      0.13354      0.53574
     -1.11000      0.64457      0.12756      0.51700
     -1.10000      0.69801      0.13688      0.56113
     -1.09000      0.73698      0.14336      0.59362
     -1.08000      0.79063      0.15260      0.63802
     -1.07000      0.95433      0.18335      0.77098
     -1.06000      1.24272      0.23938      1.00334
     -1.05000      1.19171      0.23124      0.96047
     -1.04000      0.74944      0.14665      0.60279
     -1.03000      0.53907      0.10496      0.43412
     -1.02000      0.57383      0.11009      0.46374
     -1.01000      0.69927      0.13251      0.56676
     -1.00000      0.64127      0.12059      0.52067
     -0.99000      0.38863      0.07235      0.31628
     -0.98000      0.24805      0.04550      0.20256
     -0.97000      0.22691      0.04132      0.18559
     -0.96000      0.24979      0.04538      0.20441
     -0.95000      0.33018      0.06001      0.27017
     -0.94000      0.59974      0.11020      0.48953
     -0.93000      1.31415      0.24547      1.06867
     -0.92000      1.95354      0.36781      1.58573
     -0.91000      1.43292      0.26979      1.16313
     -0.90000      0.54423      0.10109      0.44313
     -0.89000      0.24308      0.04345      0.19963
     -0.88000      0.17094      0.03008      0.14087
     -0.87000      0.17836      0.03113      0.14723
     -0.86000      0.25389      0.04428      0.20961
     -0.85000      0.25296      0.04412      0.20883
     -0.84000      0.27260      0.04741      0.22519
     -0.83000      0.32759      0.05709      0.27050
     -0.82000      0.37639      0.06599      0.31040
     -0.81000      0.57393      0.10132      0.47261
     -0.80000      0.75241      0.13346      0.61896
     -0.79000      0.67698      0.11901      0.55797
     -0.78000      0.41835      0.07199      0.34635
     -0.77000      0.23717      0.04008      0.19709
     -0.76000      0.21033      0.03533      0.17500
     -0.75000      0.24574      0.04109      0.20464
     -0.74000      0.30398      0.05063      0.25335
     -0.73000      0.37017      0.06151      0.30866
     -0.72000      0.44701      0.07417      0.37284
     -0.71000      0.49221      0.08173      0.41048
     -0.70000      0.59911      0.09960      0.49951
     -0.69000      0.76014      0.12711      0.63303
     -0.68000      0.84669      0.14223      0.70446
     -0.67000      0.69477      0.11564      0.57913
     -0.66000      0.40491      0.06576      0.33915
     -0.65000      0.17499      0.02780      0.14720
     -0.64000      0.10676      0.01675      0.09001
     -0.63000      0.22190      0.03467      0.18723
     -0.62000      0.28200      0.04390      0.23811
     -0.61000      0.25971      0.04008      0.21963
     -0.60000      0.37819      0.05810      0.32009
     -0.59000      0.41190      0.06340      0.34850
     -0.58000      0.34788      0.05389      0.29398
     -0.57000      0.40742      0.06314      0.34428
     -0.56000      0.41461      0.06376      0.35085
     -0.55000      0.29985      0.04530      0.25455
     -0.54000      0.24576      0.03645      0.20931
     -0.53000      0.24950      0.03664      0.21286
     -0.52000      0.32217      0.04699      0.27518
     -0.51000      0.35125      0.05103      0.30022
     -0.50000      0.37507      0.05418      0.32089
     -0.49000      0.37148      0.05366      0.31781
     -0.48000      0.37280      0.05401      0.31879
     -0.47000      0.51682      0.07445      0.44237
     -0.46000      0.68506      0.09771      0.58735
     -0.45000      0.51217      0.07243      0.43973
     -0.44000      0.17309      0.02429      0.14880
     -0.43000      0.06805      0.00924      0.05881
     -0.42000      0.18126      0.02431      0.15695
     -0.41000      0.29592      0.03966      0.25626
     -0.40000      0.28250      0.03752      0.24498
     -0.39000      0.31748      0.04170      0.27577
     -0.38000      0.37716      0.04961      0.32755
     -0.37000      0.32833      0.04328      0.28505
     -0.36000      0.27135      0.03548      0.23587
     -0.35000      0.24615      0.03158      0.21457
     -0.34000      0.21686      0.02734      0.18952
     -0.33000      0.21994      0.02745      0.19248
     -0.32000      0.26184      0.03239      0.22945
     -0.31000      0.34567      0.04236      0.30331
     -0.30000      0.41465      0.05045      0.36420
     -0.29000      0.48954      0.05917      0.43037
     -0.28000      0.45026      0.05435      0.39591
     -0.27000      0.25326      0.03045      0.22281
     -0.26000      0.18850      0.02192      0.16658
     -0.25000      0.27504      0.03147      0.24357
     -0.24000      0.20786      0.02372      0.18414
     -0.23000      0.11361      0.01276      0.10085
     -0.22000      0.22156      0.02447      0.19709
     -0.21000      0.34478      0.03790      0.30688
     -0.20000      0.33059      0.03590      0.29470
     -0.19000      0.30845      0.03296      0.27549
     -0.18000      0.23851      0.02526      0.21326
     -0.17000      0.18281      0.01906      0.16375
     -0.16000      0.24913      0.02555      0.22359
     -0.15000      0.35716      0.03624      0.32093
     -0.14000      0.36963      0.03719      0.33244
     -0.13000      0.27665      0.02744      0.24921
     -0.12000      0.21118      0.02051      0.19067
     -0.11000      0.20552      0.01955      0.18597
     -0.10000      0.22530      0.02114      0.20416
     -0.09000      0.24413      0.02260      0.22152
     -0.08000      0.22942      0.02094      0.20848
     -0.07000      0.20734      0.01852      0.18882
     -0.06000      0.27670      0.02419      0.25251
     -0.05000      0.33882      0.02930      0.30953
     -0.04000      0.25972      0.02222      0.23750
     -0.03000      0.17514      0.01460      0.16054
     -0.02000      0.20671      0.01679      0.18992
     -0.01000      0.21601      0.01735      0.19867
      0.00000      0.13002      0.01037      0.11965
      0.01000      0.03610      0.00287      0.03323
      0.02000      0.00400      0.00032      0.00368
      0.03000      0.00017      0.00001      0.00015
      0.04000      0.00000      0.00000      0.00000
      0.05000      0.00000      0.00000      0.00000
      0.06000      0.00000      0.00000      0.00000
      0.07000      0.00000      0.00000      0.00000
      0.08000      0.00000      0.00000      0.00000
      0.09000      0.00000      0.00000      0.00000
      0.10000      0.00000      0.00000      0.00000
      0.11000      0.00000      0.00000      0.00000
      0.12000      0.00000      0.00000      0.00000
      0.13000      0.00000      0.00000      0.00000
      0.14000      0.00000      0.00000      0.00000
      0.15000      0.00000      0.00000      0.00000
      0.16000      0.00000      0.00000      0.00000
      0.17000      0.00000      0.00000      0.00000
      0.18000      0.00000      0.00000      0.00000
      0.19000      0.00000      0.00000      0.00000
      0.20000      0.00000      0.00000      0.00000
      0.21000      0.00000      0.00000      0.00000
      0.22000      0.00000      0.00000      0.00000
      0.23000      0.00000      0.00000      0.00000
      0.24000      0.00000      0.00000      0.00000
      0.25000      0.00000      0.00000      0.00000
      0.26000      0.00000      0.00000      0.00000
      0.27000      0.00000      0.00000      0.00000
      0.28000      0.00000      0.00000      0.00000
      0.29000      0.00000      0.00000      0.00000
      0.30000      0.00000      0.00000      0.00000
      0.31000      0.00000      0.00000      0.00000
      0.32000      0.00000      0.00000      0.00000
      0.33000      0.00000      0.00000      0.00000
      0.34000      0.00000      0.00000      0.00000
      0.35000      0.00000      0.00000      0.00000
      0.36000      0.00000      0.00000      0.00000
      0.37000      0.00000      0.00000      0.00000
      0.38000      0.00000      0.00000      0.00000
      0.39000      0.00000      0.00000      0.00000
      0.40000      0.00000      0.00000      0.00000
      0.41000      0.00000      0.00000      0.00000
      0.42000      0.00000      0.00000      0.00000
      0.43000      0.00000      0.00000      0.00000
      0.44000      0.00000      0.00000      0.00000
      0.45000      0.00000      0.00000      0.00000
      0.46000      0.00000      0.00000      0.00000
      0.47000      0.00000      0.00000      0.00000
      0.48000      0.00000      0.00000      0.00000
      0.49000      0.00000      0.00000      0.00000
      0.50000      0.00000      0.00000      0.00000
      0.51000      0.00000      0.00000      0.00000
      0.52000      0.00000      0.00000      0.00000
      0.53000      0.00000      0.00000      0.00000
      0.54000      0.00000      0.00000      0.00000
      0.55000      0.00000      0.00000      0.00000
      0.56000      0.00000      0.00000      0.00000
      0.57000      0.00000      0.00000      0.00000
      0.58000      0.00000      0.00000      0.00000
      0.59000      0.00000      0.00000      0.00000
      0.60000      0.00000      0.00000      0.00000
      0.61000      0.00000      0.00000      0.00000
      0.62000      0.00000      0.00000      0.00000
      0.63000      0.00000      0.00000      0.00000
      0.64000      0.00000      0.00000      0.00000
      0.65000      0.00000      0.00000      0.00000
      0.66000      0.00000      0.00000      0.00000
      0.67000      0.00000      0.00000      0.00000
      0.68000      0.00000      0.00000      0.00000
      0.69000      0.00000      0.00000      0.00000
      0.70000      0.00000      0.00000      0.00000
      0.71000      0.00000      0.00000      0.00000
      0.72000      0.00000      0.00000      0.00000
      0.73000      0.00000      0.00000      0.00000
      0.74000      0.00000      0.00000      0.00000
      0.75000      0.00000      0.00000      0.00000
      0.76000      0.00000      0.00000      0.00000
      0.77000      0.00000      0.00000      0.00000
      0.78000      0.00000      0.00000      0.00000
      0.79000      0.00000      0.00000      0.00000
      0.80000      0.00000      0.00000      0.00000
      0.81000      0.00000      0.00000      0.00000
      0.82000      0.00000      0.00000      0.00000
      0.83000      0.00000      0.00000      0.00000
      0.84000      0.00000      0.00000      0.00000
      0.85000      0.00000      0.00000      0.00000
      0.86000      0.00000      0.00000      0.00000
      0.87000      0.00000      0.00000      0.00000
      0.88000      0.00000      0.00000      0.00000
      0.89000      0.00000      0.00000      0.00000
      0.90000      0.00000      0.00000      0.00000
      0.91000      0.00000      0.00000      0.00000
      0.92000      0.00000      0.00000      0.00000
      0.93000      0.00000      0.00000      0.00000
      0.94000      0.00000      0.00000      0.00000
      0.95000      0.00000      0.00000      0.00000
      0.96000      0.00000      0.00000      0.00000
      0.97000      0.00000      0.00000      0.00000
      0.98000      0.00000      0.00000      0.00000
      0.99000      0.00000      0.00000      0.00000
      1.00000      0.00000      0.00000      0.00000
      1.01000      0.00000      0.00000      0.00000
      1.02000      0.00000      0.00000      0.00000
      1.03000      0.00000      0.00000      0.00000
      1.04000      0.00000      0.00000      0.00000
      1.05000      0.00000      0.00000      0.00000
      1.06000      0.00000      0.00000      0.00000
      1.07000      0.00000      0.00000      0.00000
      1.08000      0.00000      0.00000      0.00000
      1.09000      0.00000      0.00000      0.00000
      1.10000      0.00000      0.00000      0.00000
      1.11000      0.00000      0.00000      0.00000
      1.12000      0.00000      0.00000      0.00000
      1.13000      0.00000      0.00000      0.00000
      1.14000      0.00000      0.00000      0.00000
      1.15000      0.00000      0.00000      0.00000
      1.16000      0.00000      0.00000      0.00000
      1.17000      0.00000      0.00000      0.00000
      1.18000      0.00000      0.00000      0.00000
      1.19000      0.00000      0.00000      0.00000
      1.20000      0.00000      0.00000      0.00000
      1.21000      0.00000      0.00000      0.00000
      1.22000      0.00000      0.00000      0.00000
      1.23000      0.00000      0.00000      0.00000
      1.24000      0.00000      0.00000      0.00000
      1.25000      0.00000      0.00000      0.00000
      1.26000      0.00000      0.00000      0.00000
      1.27000      0.00000      0.00000      0.00000
      1.28000      0.00000      0.00000      0.00000
      1.29000      0.00000      0.00000      0.00000
      1.30000      0.00000      0.00000      0.00000
      1.31000      0.00000      0.00000      0.00000
      1.32000      0.00000      0.00000      0.00000
      1.33000      0.00000      0.00000      0.00000
      1.34000      0.00000      0.00000      0.00000
      1.35000      0.00000      0.00000      0.00000
      1.36000      0.00000      0.00000      0.00000
      1.37000      0.00000      0.00000      0.00000
      1.38000      0.00000      0.00000      0.00000
      1.39000      0.00000      0.00000      0.00000
      1.40000      0.00000      0.00000      0.00000
      1.41000      0.00000      0.00000      0.00000
      1.42000      0.00000      0.00000      0.00000
      1.43000      0.00000      0.00000      0.00000
      1.44000      0.00000      0.00000      0.00000
      1.45000      0.00000      0.00000      0.00000
      1.46000      0.00000      0.00000      0.00000
      1.47000      0.00000      0.00000      0.00000
      1.48000      0.00000      0.00000      0.00000
      1.49000      0.00000      0.00000      0.00000
      1.50000      0.00000      0.00000      0.00000
      1.51000      0.00000      0.00000      0.00000
      1.52000      0.00000      0.00000      0.00000
      1.53000      0.00000      0.00000      0.00000
      1.54000      0.00000      0.00000      0.00000
      1.55000      0.00000      0.00000      0.00000
      1.56000      0.00000      0.00000      0.00000
      1.57000      0.00000      0.00000      0.00000
      1.58000      0.00000      0.00000      0.00000
      1.59000      0.00000      0.00000      0.00000
      1.60000      0.00000      0.00000      0.00000
      1.61000      0.00000      0.00000      0.00000
      1.62000      0.00000      0.00000      0.00000
      1.63000      0.00000      0.00000      0.00000
      1.64000      0.00000      0.00000      0.00000
      1.65000      0.00000      0.00000      0.00000
      1.66000      0.00000      0.00000      0.00000
      1.67000      0.00000      0.00000      0.00000
      1.68000      0.00000      0.00000      0.00000
      1.69000      0.00000      0.00000      0.00000
      1.70000      0.00000      0.00000      0.00000
      1.71000      0.00000      0.00000      0.00000
      1.72000      0.00000      0.00000      0.00000
      1.73000      0.00000      0.00000      0.00000
      1.74000      0.00000      0.00000      0.00000
      1.75000      0.00000      0.00000      0.00000
      1.76000      0.00000      0.00000      0.00000
      1.77000      0.00000      0.00000      0.00000
      1.78000      0.00000      0.00000      0.00000
      1.79000      0.00000      0.00000      0.00000
      1.80000      0.00000      0.00000      0.00000
      1.81000      0.00000      0.00000      0.00000
      1.82000      0.00000      0.00000      0.00000
      1.83000      0.00000      0.00000      0.00000
      1.84000      0.00000      0.00000      0.00000
      1.85000      0.00000      0.00000      0.00000
      1.86000      0.00000      0.00000      0.00000
      1.87000      0.00000      0.00000      0.00000
      1.88000      0.00000      0.00000      0.00000
      1.89000      0.00000      0.00000      0.00000
      1.90000      0.00000      0.00000      0.00000
      1.91000      0.00000      0.00000      0.00000
      1.92000      0.00000      0.00000      0.00000
      1.93000      0.00000      0.00000      0.00000
      1.94000      0.00000      0.00000      0.00000
      1.95000      0.00000      0.00000      0.00000
      1.96000      0.00000      0.00000      0.00000
      1.97000      0.00000      0.00000      0.00000
      1.98000      0.00000      0.00000      0.00000
      1.99000      0.00000      0.00000      0.00000
      2.00000      0.00000      0.00000      0.00000
      2.01000      0.00000      0.00000      0.00000
      2.02000      0.00000      0.00000      0.00000
      2.03000      0.00000      0.00000      0.00000
      2.04000      0.00000      0.00000      0.00000
      2.05000      0.00000      0.00000      0.00000
      2.06000      0.00000      0.00000      0.00000
      2.07000      0.00000      0.00000      0.00000
      2.08000      0.00000      0.00000      0.00000
      2.09000      0.00000      0.00000      0.00000
      2.10000      0.00000      0.00000      0.00000
      2.11000      0.00000      0.00000      0.00000
      2.12000      0.00000      0.00000      0.00000
      2.13000      0.00000      0.00000      0.00000
      2.14000      0.00000      0.00000      0.00000
      2.15000      0.00000      0.00000      0.00000
      2.16000      0.00000      0.00000      0.00000
      2.17000      0.00000      0.00000      0.00000
      2.18000      0.00000      0.00000      0.00000
      2.19000      0.00000      0.00000      0.00000
      2.20000      0.00000      0.00000      0.00000
      2.21000      0.00000      0.00000      0.00000
      2.22000      0.00000      0.00000      0.00000
      2.23000      0.00000      0.00000      0.00000
      2.24000      0.00000      0.00000      0.00000
      2.25000      0.00000      0.00000      0.00000
      2.26000      0.00000      0.00000      0.00000
      2.27000      0.00000      0.00000      0.00000
      2.28000      0.00000      0.00000      0.00000
      2.29000      0.00000      0.00000      0.00000
      2.30000      0.00000      0.00000      0.00000
      2.31000      0.00000      0.00000      0.00000
      2.32000      0.00000      0.00000      0.00000
      2.33000      0.00000      0.00000      0.00000
      2.34000      0.00000      0.00000      0.00000
      2.35000      0.00000      0.00000      0.00000
      2.36000      0.00000      0.00000      0.00000
      2.37000      0.00000      0.00000      0.00000
      2.38000      0.00000      0.00000      0.00000
      2.39000      0.00000      0.00000      0.00000
      2.40000      0.00000      0.00000      0.00000
      2.41000      0.00000      0.00000      0.00000
      2.42000      0.00000      0.00000      0.00000
      2.43000      0.00000      0.00000      0.00000
      2.44000      0.00000      0.00000      0.00000
      2.45000      0.00000      0.00000      0.00000
      2.46000      0.00000      0.00000      0.00000
      2.47000      0.00000      0.00000      0.00000
      2.48000      0.00000      0.00000      0.00000
      2.49000      0.00000      0.00000      0.00000
      2.50000      0.00000      0.00000      0.00000
      2.51000      0.00000      0.00000      0.00000
      2.52000      0.00000      0.00000      0.00000
      2.53000      0.00000      0.00000      0.00000
      2.54000      0.00000      0.00000      0.00000
      2.55000      0.00000      0.00000      0.00000
      2.56000      0.00000      0.00000      0.00000
      2.57000      0.00000      0.00000      0.00000
      2.58000      0.00000      0.00000      0.00000
      2.59000      0.00000      0.00000      0.00000
      2.60000      0.00000      0.00000      0.00000
      2.61000      0.00000      0.00000      0.00000
      2.62000      0.00000      0.00000      0.00000
      2.63000      0.00000      0.00000      0.00000
      2.64000      0.00000      0.00000      0.00000
      2.65000      0.00000      0.00000      0.00000
      2.66000      0.00000      0.00000      0.00000
      2.67000      0.00000      0.00000      0.00000
      2.68000      0.00000      0.00000      0.00000
      2.69000      0.00000      0.00000      0.00000
      2.70000      0.00000      0.00000      0.00000
      2.71000      0.00000      0.00000      0.00000
      2.72000      0.00000      0.00000      0.00000
      2.73000      0.00000      0.00000      0.00000
      2.74000      0.00000      0.00000      0.00000
      2.75000      0.00000      0.00000      0.00000
      2.76000      0.00000      0.00000      0.00000
      2.77000      0.00000      0.00000      0.00000
      2.78000      0.00000      0.00000      0.00000
      2.79000      0.00000      0.00000      0.00000
      2.80000      0.00000      0.00000      0.00000
      2.81000      0.00000      0.00000      0.00000
      2.82000      0.00000      0.00000      0.00000
      2.83000      0.00000      0.00000      0.00000
      2.84000      0.00000      0.00000      0.00000
      2.85000      0.00000      0.00000      0.00000
      2.86000      0.00000      0.00000      0.00000
      2.87000      0.00000      0.00000      0.00000
      2.88000      0.00000      0.00000      0.00000
      2.89000      0.00000      0.00000      0.00000
      2.90000      0.00000      0.00000      0.00000
      2.91000      0.00000      0.00000      0.00000
      2.92000      0.00000      0.00000      0.00000
      2.93000      0.00000      0.00000      0.00000
      2.94000      0.00000      0.00000      0.00000
      2.95000      0.00000      0.00000      0.00000
      2.96000      0.00000      0.00000      0.00000
      2.97000      0.00000      0.00000      0.00000
      2.98000      0.00000      0.00000      0.00000
      2.99000      0.00000      0.00000      0.00000
      3.00000      0.00000      0.00000      0.00000
      3.01000      0.00000      0.00000      0.00000
      3.02000      0.00000      0.00000      0.00000
      3.03000      0.00000      0.00000      0.00000
      3.04000      0.00000      0.00000      0.00000
      3.05000      0.00000      0.00000      0.00000
      3.06000      0.00000      0.00000      0.00000
      3.07000      0.00000      0.00000      0.00000
      3.08000      0.00000      0.00000      0.00000
      3.09000      0.00000      0.00000      0.00000
      3.10000      0.00000      0.00000      0.00000
      3.11000      0.00000      0.00000      0.00000
      3.12000      0.00000      0.00000      0.00000
      3.13000      0.00000      0.00000      0.00000
      3.14000      0.00000      0.00000      0.00000
      3.15000      0.00000      0.00000      0.00000
      3.16000      0.00000      0.00000      0.00000
      3.17000      0.00000      0.00000      0.00000
      3.18000      0.00000      0.00000      0.00000
      3.19000      0.00000      0.00000      0.00000
      3.20000      0.00000      0.00000      0.00000
      3.21000      0.00000      0.00000      0.00000
      3.22000      0.00000      0.00000      0.00000
      3.23000      0.00000      0.00000      0.00000
      3.24000      0.00000      0.00000      0.00000
      3.25000      0.00000      0.00000      0.00000
      3.26000      0.00000      0.00000      0.00000
      3.27000      0.00000      0.00000      0.00000
      3.28000      0.00000      0.00000      0.00000
      3.29000      0.00000      0.00000      0.00000
      3.30000      0.00000      0.00000      0.00000
      3.31000      0.00000      0.00000      0.00000
      3.32000      0.00000      0.00000      0.00000
      3.33000      0.00000      0.00000      0.00000
      3.34000      0.00000      0.00000      0.00000
      3.35000      0.00000      0.00000      0.00000
      3.36000      0.00000      0.00000      0.00000
      3.37000      0.00000      0.00000      0.00000
      3.38000      0.00000      0.00000      0.00000
      3.39000      0.00000      0.00000      0.00000
      3.40000      0.00000      0.00000      0.00000
      3.41000      0.00000      0.00000      0.00000
      3.42000      0.00000      0.00000      0.00000
      3.43000      0.00000      0.00000      0.00000
      3.44000      0.00000      0.00000      0.00000
      3.45000      0.00000      0.00000      0.00000
      3.46000      0.00000      0.00000      0.00000
      3.47000      0.00000      0.00000      0.00000
      3.48000      0.00000      0.00000      0.00000
      3.49000      0.00000      0.00000      0.00000
      3.50000      0.00000      0.00000      0.00000
      3.51000      0.00000      0.00000      0.00000
      3.52000      0.00000      0.00000      0.00000
      3.53000      0.00000      0.00000      0.00000
      3.54000      0.00000      0.00000      0.00000
      3.55000      0.00000      0.00000      0.00000
      3.56000      0.00000      0.00000      0.00000
      3.57000      0.00000      0.00000      0.00000
      3.58000      0.00000      0.00000      0.00000
      3.59000      0.00000      0.00000      0.00000
      3.60000      0.00000      0.00000      0.00000
      3.61000      0.00000      0.00000      0.00000
      3.62000      0.00000      0.00000      0.00000
      3.63000      0.00000      0.00000      0.00000
      3.64000      0.00000      0.00000      0.00000
      3.65000      0.00000      0.00000      0.00000
      3.66000      0.00000      0.00000      0.00000
      3.67000      0.00000      0.00000      0.00000
      3.68000      0.00000      0.00000      0.00000
      3.69000      0.00000      0.00000      0.00000
      3.70000      0.00000      0.00000      0.00000
      3.71000      0.00000      0.00000      0.00000
      3.72000      0.00000      0.00000      0.00000
      3.73000      0.00000      0.00000      0.00000
      3.74000      0.00000      0.00000      0.00000
      3.75000      0.00000      0.00000      0.00000
      3.76000      0.00000      0.00000      0.00000
      3.77000      0.00000      0.00000      0.00000
      3.78000      0.00000      0.00000      0.00000
      3.79000      0.00000      0.00000      0.00000
      3.80000      0.00000      0.00000      0.00000
      3.81000      0.00000      0.00000      0.00000
      3.82000      0.00000      0.00000      0.00000
      3.83000      0.00000      0.00000      0.00000
      3.84000      0.00000      0.00000      0.00000
      3.85000      0.00000      0.00000      0.00000
      3.86000      0.00000      0.00000      0.00000
      3.87000      0.00000      0.00000      0.00000
      3.88000      0.00000      0.00000      0.00000
      3.89000      0.00000      0.00000      0.00000
      3.90000      0.00000      0.00000      0.00000
      3.91000      0.00000      0.00000      0.00000
      3.92000      0.00000      0.00000      0.00000
      3.93000      0.00000      0.00000      0.00000
      3.94000      0.00000      0.00000      0.00000
      3.95000      0.00000      0.00000      0.00000
      3.96000      0.00000      0.00000      0.00000
      3.97000      0.00000      0.00000      0.00000
      3.98000      0.00000      0.00000      0.00000
      3.99000      0.00000      0.00000      0.00000
      4.00000      0.00000      0.00000      0.00000
      4.01000      0.00000      0.00000      0.00000
      4.02000      0.00000      0.00000      0.00000
      4.03000      0.00000      0.00000      0.00000
      4.04000      0.00000      0.00000      0.00000
      4.05000      0.00000      0.00000      0.00000
      4.06000      0.00000      0.00000      0.00000
      4.07000      0.00000      0.00000      0.00000
      4.08000      0.00000      0.00000      0.00000
      4.09000      0.00000      0.00000      0.00000
      4.10000      0.00000      0.00000      0.00000
      4.11000      0.00000      0.00000      0.00000
      4.12000      0.00000      0.00000      0.00000
      4.13000      0.00000      0.00000      0.00000
      4.14000      0.00000      0.00000      0.00000
      4.15000      0.00000      0.00000      0.00000
      4.16000      0.00000      0.00000      0.00000
      4.17000      0.00000      0.00000      0.00000
      4.18000      0.00000      0.00000      0.00000
      4.19000      0.00000      0.00000      0.00000
      4.20000      0.00000      0.00000      0.00000
      4.21000      0.00000      0.00000      0.00000
      4.22000      0.00000      0.00000      0.00000
      4.23000      0.00000      0.00000      0.00000
      4.24000      0.00000      0.00000      0.00000
      4.25000      0.00000      0.00000      0.00000
      4.26000      0.00000      0.00000      0.00000
      4.27000      0.00000      0.00000      0.00000
      4.28000      0.00000      0.00000      0.00000
      4.29000      0.00000      0.00000      0.00000
      4.30000      0.00000      0.00000      0.00000
      4.31000      0.00000      0.00000      0.00000
      4.32000      0.00000      0.00000      0.00000
      4.33000      0.00000      0.00000      0.00000
      4.34000      0.00000      0.00000      0.00000
      4.35000      0.00000      0.00000      0.00000
      4.36000      0.00000      0.00000      0.00000
      4.37000      0.00000      0.00000      0.00000
      4.38000      0.00000      0.00000      0.00000
      4.39000      0.00000      0.00000      0.00000
      4.40000      0.00000      0.00000      0.00000
      4.41000      0.00000      0.00000      0.00000
      4.42000      0.00000      0.00000      0.00000
      4.43000      0.00000      0.00000      0.00000
      4.44000      0.00000      0.00000      0.00000
      4.45000      0.00000      0.00000      0.00000
      4.46000      0.00000      0.00000      0.00000
      4.47000      0.00000      0.00000      0.00000
      4.48000      0.00000      0.00000      0.00000
      4.49000      0.00000      0.00000      0.00000
      4.50000      0.00000      0.00000      0.00000
      4.51000      0.00000      0.00000      0.00000
      4.52000      0.00000      0.00000      0.00000
      4.53000      0.00000      0.00000      0.00000
      4.54000      0.00000      0.00000      0.00000
      4.55000      0.00000      0.00000      0.00000
      4.56000      0.00000      0.00000      0.00000
      4.57000      0.00000      0.00000      0.00000
      4.58000      0.00000      0.00000      0.00000
      4.59000      0.00000      0.00000      0.00000
      4.60000      0.00000      0.00000      0.00000
      4.61000      0.00000      0.00000      0.00000
      4.62000      0.00000      0.00000      0.00000
      4.63000      0.00000      0.00000      0.00000
      4.64000      0.00000      0.00000      0.00000
      4.65000      0.00000      0.00000      0.00000
      4.66000      0.00000      0.00000      0.00000
      4.67000      0.00000      0.00000      0.00000
      4.68000      0.00000      0.00000      0.00000
      4.69000      0.00000      0.00000      0.00000
      4.70000      0.00000      0.00000      0.00000
      4.71000      0.00000      0.00000      0.00000
      4.72000      0.00000      0.00000      0.00000
      4.73000      0.00000      0.00000      0.00000
      4.74000      0.00000      0.00000      0.00000
      4.75000      0.00000      0.00000      0.00000
      4.76000      0.00000      0.00000      0.00000
      4.77000      0.00000      0.00000      0.00000
      4.78000      0.00000      0.00000      0.00000
      4.79000      0.00000      0.00000      0.00000
      4.80000      0.00000      0.00000      0.00000
      4.81000      0.00000      0.00000      0.00000
      4.82000      0.00000      0.00000      0.00000
      4.83000      0.00000      0.00000      0.00000
      4.84000      0.00000      0.00000      0.00000
      4.85000      0.00000      0.00000      0.00000
      4.86000      0.00000      0.00000      0.00000
      4.87000      0.00000      0.00000      0.00000
      4.88000      0.00000      0.00000      0.00000
      4.89000      0.00000      0.00000      0.00000
      4.90000      0.00000      0.00000      0.00000
      4.91000      0.00000      0.00000      0.00000
      4.92000      0.00000      0.00000      0.00000
      4.93000      0.00000      0.00000      0.00000
      4.94000      0.00000      0.00000      0.00000
      4.95000      0.00000      0.00000      0.00000
      4.96000      0.00000      0.00000      0.00000
      4.97000      0.00000      0.00000      0.00000
      4.98000      0.00000      0.00000      0.00000
      4.99000      0.00000      0.00000      0.00000
      5.00000      0.00000      0.00000      0.00000
      5.01000      0.00000      0.00000      0.00000
      5.02000      0.00000      0.00000      0.00000
      5.03000      0.00000      0.00000      0.00000
      5.04000      0.00000      0.00000      0.00000
      5.05000      0.00000      0.00000      0.00000
      5.06000      0.00000      0.00000      0.00000
      5.07000      0.00000      0.00000      0.00000
      5.08000      0.00000      0.00000      0.00000
      5.09000      0.00000      0.00000      0.00000
      5.10000      0.00000      0.00000      0.00000
      5.11000      0.00000      0.00000      0.00000
      5.12000      0.00000      0.00000      0.00000
      5.13000      0.00000      0.00000      0.00000
      5.14000      0.00000      0.00000      0.00000
      5.15000      0.00000      0.00000      0.00000
      5.16000      0.00000      0.00000      0.00000
      5.17000      0.00000      0.00000      0.00000
      5.18000      0.00000      0.00000      0.00000
      5.19000      0.00000      0.00000      0.00000
      5.20000      0.00000      0.00000      0.00000
      5.21000      0.00000      0.00000      0.00000
      5.22000      0.00000      0.00000      0.00000
      5.23000      0.00000      0.00000      0.00000
      5.24000      0.00000      0.00000      0.00000
      5.25000      0.00000      0.00000      0.00000
      5.26000      0.00000      0.00000      0.00000
      5.27000      0.00000      0.00000      0.00000
      5.28000      0.00000      0.00000      0.00000
      5.29000      0.00000      0.00000      0.00000
      5.30000      0.00000      0.00000      0.00000
      5.31000      0.00000      0.00000      0.00000
      5.32000      0.00000      0.00000      0.00000
      5.33000      0.00000      0.00000      0.00000
      5.34000      0.00000      0.00000      0.00000
      5.35000      0.00000      0.00000      0.00000
      5.36000      0.00000      0.00000      0.00000
      5.37000      0.00000      0.00000      0.00000
      5.38000      0.00000      0.00000      0.00000
      5.39000      0.00000      0.00000      0.00000
      5.40000      0.00000      0.00000      0.00000
      5.41000      0.00000      0.00000      0.00000
      5.42000      0.00000      0.00000      0.00000
      5.43000      0.00000      0.00000      0.00000
      5.44000      0.00000      0.00000      0.00000
      5.45000      0.00000      0.00000      0.00000
      5.46000      0.00000      0.00000      0.00000
      5.47000      0.00000      0.00000      0.00000
      5.48000      0.00000      0.00000      0.00000
      5.49000      0.00000      0.00000      0.00000
      5.50000      0.00000      0.00000      0.00000
      5.51000      0.00000      0.00000      0.00000
      5.52000      0.00000      0.00000      0.00000
      5.53000      0.00000      0.00000      0.00000
      5.54000      0.00000      0.00000      0.00000
      5.55000      0.00000      0.00000      0.00000
      5.56000      0.00000      0.00000      0.00000
      5.57000      0.00000      0.00000      0.00000
      5.58000      0.00000      0.00000      0.00000
      5.59000      0.00000      0.00000      0.00000
      5.60000      0.00000      0.00000      0.00000
      5.61000      0.00000      0.00000      0.00000
      5.62000      0.00000      0.00000      0.00000
      5.63000      0.00000      0.00000      0.00000
      5.64000      0.00000      0.00000      0.00000
      5.65000      0.00000      0.00000      0.00000
      5.66000      0.00000      0.00000      0.00000
      5.67000      0.00000      0.00000      0.00000
      5.68000      0.00000      0.00000      0.00000
      5.69000      0.00000      0.00000      0.00000
      5.70000      0.00000      0.00000      0.00000
      5.71000      0.00000      0.00000      0.00000
      5.72000      0.00000      0.00000      0.00000
      5.73000      0.00000      0.00000      0.00000
      5.74000      0.00000      0.00000      0.00000
      5.75000      0.00000      0.00000      0.00000
      5.76000      0.00000      0.00000      0.00000
      5.77000      0.00000      0.00000      0.00000
      5.78000      0.00000      0.00000      0.00000
      5.79000      0.00000      0.00000      0.00000
      5.80000      0.00000      0.00000      0.00000
      5.81000      0.00000      0.00000      0.00000
      5.82000      0.00000      0.00000      0.00000
      5.83000      0.00000      0.00000      0.00000
      5.84000      0.00000      0.00000      0.00000
      5.85000      0.00000      0.00000      0.00000
      5.86000      0.00000      0.00000      0.00000
      5.87000      0.00000      0.00000      0.00000
      5.88000      0.00000      0.00000      0.00000
      5.89000      0.00000      0.00000      0.00000
      5.90000      0.00000      0.00000      0.00000
      5.91000      0.00000      0.00000      0.00000
      5.92000      0.00000      0.00000      0.00000
      5.93000      0.00000      0.00000      0.00000
      5.94000      0.00000      0.00000      0.00000
      5.95000      0.00000      0.00000      0.00000
      5.96000      0.00000      0.00000      0.00000
      5.97000      0.00000      0.00000      0.00000
      5.98000      0.00000      0.00000      0.00000
      5.99000      0.00000      0.00000      0.00000
      6.00000      0.00000      0.00000      0.00000
      6.01000      0.00000      0.00000      0.00000
      6.02000      0.00000      0.00000      0.00000
      6.03000      0.00000      0.00000      0.00000
      6.04000      0.00000      0.00000      0.00000
      6.05000      0.00000      0.00000      0.00000
      6.06000      0.00000      0.00000      0.00000
      6.07000      0.00000      0.00000      0.00000
      6.08000      0.00000      0.00000      0.00000
      6.09000      0.00000      0.00000      0.00000
      6.10000      0.00000      0.00000      0.00000
      6.11000      0.00000      0.00000      0.00000
      6.12000      0.00000      0.00000      0.00000
      6.13000      0.00000      0.00000      0.00000
      6.14000      0.00000      0.00000      0.00000
      6.15000      0.00000      0.00000      0.00000
      6.16000      0.00000      0.00000      0.00000
      6.17000      0.00000      0.00000      0.00000
      6.18000      0.00000      0.00000      0.00000
      6.19000      0.00000      0.00000      0.00000
      6.20000      0.00000      0.00000      0.00000
      6.21000      0.00000      0.00000      0.00000
      6.22000      0.00000      0.00000      0.00000
      6.23000      0.00000      0.00000      0.00000
      6.24000      0.00000      0.00000      0.00000
      6.25000      0.00000      0.00000      0.00000
      6.26000      0.00000      0.00000      0.00000
      6.27000      0.00000      0.00000      0.00000
      6.28000      0.00000      0.00000      0.00000
      6.29000      0.00000      0.00000      0.00000
      6.30000      0.00000      0.00000      0.00000
      6.31000      0.00000      0.00000      0.00000
      6.32000      0.00000      0.00000      0.00000
      6.33000      0.00000      0.00000      0.00000
      6.34000      0.00000      0.00000      0.00000
      6.35000      0.00000      0.00000      0.00000
      6.36000      0.00000      0.00000      0.00000
      6.37000      0.00000      0.00000      0.00000
      6.38000      0.00000      0.00000      0.00000
      6.39000      0.00000      0.00000      0.00000
      6.40000      0.00000      0.00000      0.00000
      6.41000      0.00000      0.00000      0.00000
      6.42000      0.00000      0.00000      0.00000
      6.43000      0.00000      0.00000      0.00000
      6.44000      0.00000      0.00000      0.00000
      6.45000      0.00000      0.00000      0.00000
      6.46000      0.00000      0.00000      0.00000
      6.47000      0.00000      0.00000      0.00000
      6.48000      0.00000      0.00000      0.00000
      6.49000      0.00000      0.00000      0.00000
      6.50000      0.00000      0.00000      0.00000
      6.51000      0.00000      0.00000      0.00000
      6.52000      0.00000      0.00000      0.00000
      6.53000      0.00000      0.00000      0.00000
      6.54000      0.00000      0.00000      0.00000
      6.55000      0.00000      0.00000      0.00000
      6.56000      0.00000      0.00000      0.00000
      6.57000      0.00000      0.00000      0.00000
      6.58000      0.00000      0.00000      0.00000
      6.59000      0.00000      0.00000      0.00000
      6.60000      0.00000      0.00000      0.00000
      6.61000      0.00000      0.00000      0.00000
      6.62000      0.00000      0.00000      0.00000
      6.63000      0.00000      0.00000      0.00000
      6.64000      0.00000      0.00000      0.00000
      6.65000      0.00000      0.00000      0.00000
      6.66000      0.00000      0.00000      0.00000
      6.67000      0.00000      0.00000      0.00000
      6.68000      0.00000      0.00000      0.00000
      6.69000      0.00000      0.00000      0.00000
      6.70000      0.00000      0.00000      0.00000
      6.71000      0.00000      0.00000      0.00000
      6.72000      0.00000      0.00000      0.00000
      6.73000      0.00000      0.00000      0.00000
      6.74000      0.00000      0.00000      0.00000
      6.75000      0.00000      0.00000      0.00000
      6.76000      0.00000      0.00000      0.00000
      6.77000      0.00000      0.00000      0.00000
      6.78000      0.00000      0.00000      0.00000
      6.79000      0.00000      0.00000      0.00000
      6.80000      0.00000      0.00000      0.00000
      6.81000      0.00000      0.00000      0.00000
      6.82000      0.00000      0.00000      0.00000
      6.83000      0.00000      0.00000      0.00000
      6.84000      0.00000      0.00000      0.00000
      6.85000      0.00000      0.00000      0.00000
      6.86000      0.00000      0.00000      0.00000
      6.87000      0.00000      0.00000      0.00000
      6.88000      0.00000      0.00000      0.00000
      6.89000      0.00000      0.00000      0.00000
      6.90000      0.00000      0.00000      0.00000
      6.91000      0.00000      0.00000      0.00000
      6.92000      0.00000      0.00000      0.00000
      6.93000      0.00000      0.00000      0.00000
      6.94000      0.00000      0.00000      0.00000
      6.95000      0.00000      0.00000      0.00000
      6.96000      0.00000      0.00000      0.00000
      6.97000      0.00000      0.00000      0.00000
      6.98000      0.00000      0.00000      0.00000
      6.99000      0.00000      0.00000      0.00000
      7.00000      0.00000      0.00000      0.00000
      7.01000      0.00000      0.00000      0.00000
      7.02000      0.00000      0.00000      0.00000
      7.03000      0.00000      0.00000      0.00000
      7.04000      0.00000      0.00000      0.00000
      7.05000      0.00000      0.00000      0.00000
      7.06000      0.00000      0.00000      0.00000
      7.07000      0.00000      0.00000      0.00000
      7.08000      0.00000      0.00000      0.00000
      7.09000      0.00000      0.00000      0.00000
      7.10000      0.00000      0.00000      0.00000
      7.11000      0.00000      0.00000      0.00000
      7.12000      0.00000      0.00000      0.00000
      7.13000      0.00000      0.00000      0.00000
      7.14000      0.00000      0.00000      0.00000
      7.15000      0.00000      0.00000      0.00000
      7.16000      0.00000      0.00000      0.00000
      7.17000      0.00000      0.00000      0.00000
      7.18000      0.00000      0.00000      0.00000
      7.19000      0.00000      0.00000      0.00000
      7.20000      0.00000      0.00000      0.00000
      7.21000      0.00000      0.00000      0.00000
      7.22000      0.00000      0.00000      0.00000
      7.23000      0.00000      0.00000      0.00000
      7.24000      0.00000      0.00000      0.00000
      7.25000      0.00000      0.00000      0.00000
      7.26000      0.00000      0.00000      0.00000
      7.27000      0.00000      0.00000      0.00000
      7.28000      0.00000      0.00000      0.00000
      7.29000      0.00000      0.00000      0.00000
      7.30000      0.00000      0.00000      0.00000
      7.31000      0.00000      0.00000      0.00000
      7.32000      0.00000      0.00000      0.00000
      7.33000      0.00000      0.00000      0.00000
      7.34000      0.00000      0.00000      0.00000
      7.35000      0.00000      0.00000      0.00000
      7.36000      0.00006      0.00005      0.00001
      7.37000      0.00184      0.00164      0.00020
      7.38000      0.02262      0.02016      0.00246
      7.39000      0.11029      0.09827      0.01202
      7.40000      0.23616      0.21027      0.02589
      7.41000      0.28091      0.24969      0.03122
      7.42000      0.30315      0.26861      0.03454
      7.43000      0.38171      0.33735      0.04436
      7.44000      0.40868      0.36044      0.04824
      7.45000      0.35833      0.31503      0.04330
      7.46000      0.36216      0.31729      0.04487
      7.47000      0.37692      0.32944      0.04748
      7.48000      0.30733      0.26789      0.03943
      7.49000      0.23284      0.20203      0.03081
      7.50000      0.39711      0.34346      0.05365
      7.51000      0.68259      0.59007      0.09252
      7.52000      0.67979      0.58612      0.09367
      7.53000      0.47449      0.40655      0.06794
      7.54000      0.34221      0.29102      0.05120
      7.55000      0.40215      0.33986      0.06229
      7.56000      0.71632      0.59686      0.11946
      7.57000      0.96355      0.77795      0.18559
      7.58000      1.06894      0.83520      0.23374
      7.59000      1.40793      1.10065      0.30728
      7.60000      2.00140      1.57880      0.42260
      7.61000      2.35390      1.86298      0.49093
      7.62000      2.23228      1.77750      0.45477
      7.63000      1.89165      1.50897      0.38268
      7.64000      1.47131      1.16433      0.30698
      7.65000      1.02583      0.80517      0.22066
      7.66000      0.92934      0.72317      0.20617
      7.67000      1.10583      0.85734      0.24849
      7.68000      1.10317      0.85773      0.24544
      7.69000      1.16005      0.91060      0.24945
      7.70000      1.08671      0.85771      0.22900
      7.71000      0.79848      0.62789      0.17058
      7.72000      0.62309      0.48513      0.13796
      7.73000      0.66117      0.51592      0.14526
      7.74000      0.70262      0.55087      0.15175
      7.75000      0.75587      0.58671      0.16916
      7.76000      0.97349      0.74731      0.22618
      7.77000      1.15642      0.89116      0.26527
      7.78000      1.09910      0.85659      0.24251
      7.79000      0.84981      0.67372      0.17610
      7.80000      0.64520      0.51307      0.13213
      7.81000      0.50284      0.38851      0.11432
      7.82000      0.48174      0.36301      0.11873
      7.83000      0.54043      0.41110      0.12933
      7.84000      0.47402      0.36758      0.10644
      7.85000      0.35621      0.27912      0.07708
      7.86000      0.49500      0.37895      0.11605
      7.87000      0.96754      0.73212      0.23542
      7.88000      1.25956      0.95357      0.30599
      7.89000      0.93936      0.71390      0.22546
      7.90000      0.44281      0.34059      0.10222
      7.91000      0.19913      0.15571      0.04342
      7.92000      0.19745      0.15252      0.04493
      7.93000      0.44474      0.33850      0.10624
      7.94000      0.70446      0.53190      0.17257
      7.95000      0.71685      0.54192      0.17493
      7.96000      0.47262      0.36169      0.11093
      7.97000      0.32968      0.25664      0.07304
      7.98000      0.42256      0.32996      0.09260
      7.99000      0.56842      0.43919      0.12923
      8.00000      0.84403      0.63430      0.20973
      8.01000      1.13179      0.83620      0.29559
      8.02000      0.98234      0.72807      0.25426
      8.03000      0.50415      0.37882      0.12533
      8.04000      0.15597      0.11869      0.03728
      8.05000      0.03847      0.02938      0.00909
      8.06000      0.11485      0.08721      0.02763
      8.07000      0.40295      0.30412      0.09883
      8.08000      0.66019      0.49217      0.16801
      8.09000      0.61526      0.45318      0.16209
      8.10000      0.46693      0.34781      0.11912
      8.11000      0.43353      0.32969      0.10385
      8.12000      0.32796      0.24995      0.07801
      8.13000      0.21082      0.15891      0.05191
      8.14000      0.28528      0.21235      0.07293
      8.15000      0.58040      0.42621      0.15418
      8.16000      0.96544      0.69953      0.26592
      8.17000      0.87999      0.63518      0.24481
      8.18000      0.45074      0.32986      0.12088
      8.19000      0.26902      0.20192      0.06710
      8.20000      0.34350      0.25885      0.08464
      8.21000      0.43149      0.32615      0.10534
      8.22000      0.41493      0.31440      0.10053
      8.23000      0.43239      0.32398      0.10841
      8.24000      0.52732      0.38487      0.14245
      8.25000      0.55825      0.40188      0.15638
      8.26000      0.36781      0.26577      0.10204
      8.27000      0.15034      0.10996      0.04038
      8.28000      0.15638      0.11588      0.04059
      8.29000      0.29452      0.22143      0.07500
      8.30000      0.36010      0.29226      0.08342
      8.31000      0.53864      0.48148      0.10859
      8.32000      0.85912      0.76395      0.17917
      8.33000      1.21164      1.06853      0.25976
      8.34000      1.23228      1.18172      0.22054
      8.35000      0.96665      1.06311      0.11034
      8.36000      0.90948      1.07924      0.06907
      8.37000      0.81839      1.00060      0.05176
      8.38000      0.67352      0.82623      0.04496
      8.39000      0.65774      0.79145      0.05070
      8.40000      0.77571      0.88862      0.07273
      8.41000      0.94179      0.97287      0.13107
      8.42000      0.89078      0.83250      0.16422
      8.43000      0.67139      0.62272      0.12546
      8.44000      0.50019      0.48663      0.08113
      8.45000      0.38453      0.35570      0.07025
      8.46000      0.35293      0.30957      0.07173
      8.47000      0.47489      0.44344      0.08359
      8.48000      0.69906      0.68009      0.11023
      8.49000      0.94418      0.93303      0.14274
      8.50000      1.03609      0.94610      0.19783
      8.51000      1.14953      0.93140      0.28069
      8.52000      0.97433      0.77300      0.24589
      8.53000      0.43617      0.37404      0.09561
      8.54000      0.31342      0.37568      0.01502
      8.55000      0.48850      0.62815      0.00211
      8.56000      0.48608      0.60073      0.01347
      8.57000      0.57236      0.61928      0.05809
      8.58000      0.76155      0.76776      0.10492
      8.59000      0.87905      0.91612      0.10650
      8.60000      0.93551      0.97947      0.11303
      8.61000      0.75721      0.71445      0.13282
      8.62000      0.58039      0.47678      0.13663
      8.63000      0.59669      0.52293      0.12151
      8.64000      0.55573      0.56473      0.07326
      8.65000      0.50909      0.55151      0.05020
      8.66000      0.57280      0.62010      0.05677
      8.67000      0.60156      0.60917      0.08105
      8.68000      0.58115      0.51493      0.11722
      8.69000      0.68201      0.57823      0.15354
      8.70000      0.90002      0.76049      0.20549
      8.71000      0.77716      0.63831      0.18655
      8.72000      0.43474      0.33664      0.11388
      8.73000      0.31035      0.22807      0.08698
      8.74000      0.39831      0.31481      0.09936
      8.75000      0.46988      0.41218      0.09530
      8.76000      0.46133      0.42783      0.08159
      8.77000      0.60219      0.56977      0.10169
      8.78000      0.73384      0.72213      0.11042
      8.79000      0.69874      0.67572      0.11267
      8.80000      0.59853      0.51080      0.13400
      8.81000      0.38591      0.31600      0.09368
      8.82000      0.26291      0.25518      0.04144
      8.83000      0.30758      0.27790      0.05908
      8.84000      0.32515      0.24814      0.08707
      8.85000      0.28069      0.20519      0.08028
      8.86000      0.37698      0.29917      0.09570
      8.87000      0.45615      0.38910      0.10158
      8.88000      0.44277      0.36197      0.10812
      8.89000      0.60361      0.45100      0.17152
      8.90000      0.82800      0.63987      0.22359
      8.91000      0.73862      0.62264      0.16989
      8.92000      0.62685      0.61088      0.09720
      8.93000      0.56226      0.61067      0.05296
      8.94000      0.38298      0.40035      0.04535
      8.95000      0.25363      0.22656      0.05130
      8.96000      0.34508      0.32773      0.05876
      8.97000      0.56227      0.54346      0.09053
      8.98000      0.53558      0.47824      0.10842
      8.99000      0.43717      0.35900      0.10655
      9.00000      0.51490      0.42834      0.12255
      9.01000      0.47745      0.38564      0.11957
      9.02000      0.30661      0.22748      0.08762
      9.03000      0.24256      0.17591      0.07131
      9.04000      0.30371      0.23830      0.07953
      9.05000      0.41018      0.32880      0.10393
      9.06000      0.51630      0.42234      0.12587
      9.07000      0.62610      0.54272      0.13602
      9.08000      0.69750      0.58821      0.16148
      9.09000      0.86912      0.68430      0.22915
      9.10000      0.86266      0.67725      0.22963
      9.11000      0.51610      0.44535      0.11617
      9.12000      0.25612      0.27840      0.02642
      9.13000      0.18408      0.22795      0.00353
      9.14000      0.17655      0.20221      0.01221
      9.15000      0.24055      0.20293      0.05624
      9.16000      0.42048      0.33249      0.11022
      9.17000      0.45819      0.39052      0.10427
      9.18000      0.30262      0.25826      0.06888
      9.19000      0.27812      0.20208      0.08371
      9.20000      0.49104      0.36322      0.14409
      9.21000      0.75530      0.64023      0.17502
      9.22000      0.73684      0.71286      0.12046
      9.23000      0.44333      0.45777      0.05597
      9.24000      0.25146      0.22532      0.05124
      9.25000      0.23731      0.18994      0.06127
      9.26000      0.38195      0.32558      0.08736
      9.27000      0.46515      0.39746      0.10613
      9.28000      0.44863      0.38235      0.10379
      9.29000      0.59039      0.49301      0.14328
      9.30000      0.76551      0.63389      0.18964
      9.31000      0.74679      0.66429      0.15988
      9.32000      0.53186      0.47815      0.11071
      9.33000      0.39892      0.30389      0.11246
      9.34000      0.33346      0.22893      0.10741
      9.35000      0.27528      0.20130      0.08176
      9.36000      0.38933      0.32188      0.09528
      9.37000      0.48618      0.41264      0.11361
      9.38000      0.45196      0.38817      0.10357
      9.39000      0.53247      0.48625      0.10613
      9.40000      0.57456      0.53726      0.10800
      9.41000      0.39738      0.38489      0.06784
      9.42000      0.28085      0.26292      0.05275
      9.43000      0.39592      0.34303      0.08887
      9.44000      0.39615      0.33806      0.09166
      9.45000      0.30124      0.22794      0.08632
      9.46000      0.31387      0.21027      0.10556
      9.47000      0.27573      0.18437      0.09327
      9.48000      0.34680      0.25531      0.10492
      9.49000      0.61299      0.48422      0.16751
      9.50000      0.77045      0.62052      0.20374
      9.51000      0.66725      0.57212      0.15642
      9.52000      0.53672      0.52188      0.09000
      9.53000      0.49829      0.54412      0.04937
      9.54000      0.49311      0.53253      0.05244
      9.55000      0.38358      0.38427      0.05766
      9.56000      0.41503      0.39385      0.07499
      9.57000      0.52933      0.48764      0.10522
      9.58000      0.47660      0.41762      0.10775
      9.59000      0.39502      0.31931      0.10401
      9.60000      0.46603      0.38191      0.11894
      9.61000      0.44263      0.36614      0.11082
      9.62000      0.29188      0.22111      0.08439
      9.63000      0.25218      0.18117      0.07745
      9.64000      0.40500      0.33439      0.09618
      9.65000      0.65743      0.58905      0.12488
      9.66000      0.78240      0.69768      0.14514
      9.67000      0.85177      0.75443      0.16044
      9.68000      1.07297      0.96321      0.20560
      9.69000      1.22853      1.10912      0.23618
      9.70000      0.95757      0.91038      0.14646
      9.71000      0.64081      0.69142      0.04093
      9.72000      0.55002      0.64755      0.00538
      9.73000      0.44987      0.51769      0.00819
      9.74000      0.43904      0.43303      0.04597
      9.75000      0.64375      0.57172      0.10762
      9.76000      0.71403      0.63924      0.11895
      9.77000      0.64266      0.60980      0.09015
      9.78000      0.72136      0.71095      0.09225
      9.79000      0.86227      0.83449      0.12907
      9.80000      0.87003      0.79046      0.15793
      9.81000      0.75086      0.66926      0.12814
      9.82000      0.59015      0.55288      0.07253
      9.83000      0.49812      0.46572      0.06181
      9.84000      0.52317      0.48786      0.07206
      9.85000      0.75998      0.71856      0.10942
      9.86000      0.95268      0.92662      0.13173
      9.87000      1.01446      1.00621      0.14240
      9.88000      0.98844      0.96320      0.15380
      9.89000      0.99742      0.97302      0.13402
      9.90000      0.97159      0.95321      0.11038
      9.91000      0.83495      0.80418      0.10812
      9.92000      0.72962      0.67271      0.11816
      9.93000      0.68260      0.63959      0.10214
      9.94000      0.76722      0.70723      0.11779
      9.95000      0.79076      0.67835      0.15018
      9.96000      0.73042      0.62827      0.14235
      9.97000      0.76808      0.72969      0.11914
      9.98000      0.67741      0.70776      0.06308
      9.99000      0.59957      0.62066      0.03612
     10.00000      0.69791      0.65494      0.07521
     10.01000      0.70043      0.61038      0.11208
     10.02000      0.63080      0.52570      0.12539
     10.03000      0.72881      0.63858      0.13503
     10.04000      0.93676      0.88890      0.13448
     10.05000      0.99857      0.94484      0.14964
     10.06000      0.88912      0.83387      0.14251
     10.07000      0.81530      0.78543      0.11880
     10.08000      0.82901      0.81524      0.10586
     10.09000      0.86007      0.85190      0.09105
     10.10000      0.81003      0.80715      0.07143
     10.11000      0.69810      0.69554      0.06365
     10.12000      0.75152      0.67374      0.11636
     10.13000      0.79901      0.65741      0.15805
     10.14000      0.62114      0.51957      0.11100
     10.15000      0.55163      0.48355      0.08167
     10.16000      0.69306      0.62727      0.10222
     10.17000      0.75960      0.73201      0.09377
     10.18000      0.67990      0.63703      0.10373
     10.19000      0.77112      0.67509      0.14731
     10.20000      1.11146      0.97224      0.20150
     10.21000      1.45212      1.26055      0.25957
     10.22000      1.37928      1.21227      0.23718
     10.23000      0.93147      0.85642      0.13358
     10.24000      0.51115      0.51267      0.04016
     10.25000      0.50532      0.55414      0.01304
     10.26000      0.79318      0.84252      0.04412
     10.27000      1.01463      1.00102      0.10592
     10.28000      0.99488      0.94166      0.13721
     10.29000      0.82515      0.75983      0.13281
     10.30000      0.74238      0.68562      0.10847
     10.31000      0.71933      0.65556      0.11378
     10.32000      0.80431      0.68660      0.15348
     10.33000      1.05987      0.92950      0.16514
     10.34000      1.14122      1.02895      0.15490
     10.35000      1.04734      0.88785      0.18619
     10.36000      0.89211      0.74494      0.17512
     10.37000      0.71731      0.68238      0.09709
     10.38000      0.74042      0.72857      0.08963
     10.39000      0.90814      0.82917      0.13407
     10.40000      0.97461      0.85093      0.15610
     10.41000      0.96552      0.79745      0.18891
     10.42000      0.85468      0.68381      0.19555
     10.43000      0.89719      0.75096      0.19078
     10.44000      0.98474      0.87518      0.16529
     10.45000      1.02386      0.97385      0.12765
     10.46000      1.20362      1.12976      0.16511
     10.47000      1.41455      1.23914      0.25409
     10.48000      1.31138      1.12779      0.25103
     10.49000      0.86008      0.79007      0.12981
     10.50000      0.68227      0.65261      0.08120
     10.51000      0.92141      0.81249      0.15752
     10.52000      1.13447      0.95548      0.22603
     10.53000      1.01220      0.82993      0.20489
     10.54000      0.83759      0.66753      0.17676
     10.55000      0.78570      0.62323      0.17580
     10.56000      1.09406      0.89080      0.22787
     10.57000      1.46037      1.18671      0.29959
     10.58000      1.39189      1.18688      0.26267
     10.59000      1.48633      1.37710      0.23836
     10.60000      1.68468      1.53474      0.29451
     10.61000      1.49680      1.27716      0.30261
     10.62000      1.20210      1.00860      0.23764
     10.63000      1.20322      1.01497      0.23365
     10.64000      1.44401      1.16383      0.32014
     10.65000      1.56408      1.28570      0.34192
     10.66000      1.67891      1.45242      0.32439
     10.67000      1.95973      1.65607      0.38731
     10.68000      2.08229      1.70852      0.44045
     10.69000      2.30028      1.83825      0.52129
     10.70000      2.63559      2.07607      0.61468
     10.71000      2.87186      2.24048      0.68212
     10.72000      2.65012      2.06937      0.63437
     10.73000      2.33843      1.83203      0.55343
     10.74000      2.09172      1.65496      0.48642
     10.75000      1.55159      1.24122      0.35982
     10.76000      0.89429      0.75066      0.19454
     10.77000      0.36690      0.35717      0.05889
     10.78000      0.14781      0.17908      0.00800
     10.79000      0.19999      0.26327      0.00044
     10.80000      0.25096      0.33026      0.00001
     10.81000      0.14668      0.19246      0.00000
     10.82000      0.05670      0.07431      0.00000
     10.83000      0.10189      0.13391      0.00000
     10.84000      0.21768      0.28764      0.00000
     10.85000      0.31294      0.41692      0.00000
     10.86000      0.29507      0.39510      0.00000
     10.87000      0.20266      0.27202      0.00000
     10.88000      0.15634      0.20996      0.00000
     10.89000      0.10434      0.13947      0.00000
     10.90000      0.13805      0.18292      0.00000
     10.91000      0.21796      0.28922      0.00000
     10.92000      0.20098      0.26768      0.00000
     10.93000      0.10224      0.13658      0.00000
     10.94000      0.05591      0.07506      0.00000
     10.95000      0.07036      0.09469      0.00000
     10.96000      0.05244      0.07044      0.00000
     10.97000      0.05912      0.07823      0.00000
     10.98000      0.20714      0.27358      0.00000
     10.99000      0.43410      0.57441      0.00000
     11.00000      0.48708      0.64473      0.00000
     11.01000      0.33759      0.44603      0.00000
     11.02000      0.17640      0.23245      0.00000
     11.03000      0.12156      0.16051      0.00000
     11.04000      0.21882      0.29035      0.00000
     11.05000      0.27053      0.36021      0.00000
     11.06000      0.24180      0.32243      0.00000
     11.07000      0.28779      0.38308      0.00000
     11.08000      0.21991      0.29238      0.00000
     11.09000      0.08824      0.11714      0.00000
     11.10000      0.10719      0.14207      0.00000
     11.11000      0.19695      0.26140      0.00000
     11.12000      0.21119      0.28103      0.00000
     11.13000      0.14797      0.19723      0.00000
     11.14000      0.16187      0.21562      0.00000
     11.15000      0.27158      0.36173      0.00000
     11.16000      0.20924      0.27876      0.00000
     11.17000      0.06849      0.09121      0.00000
     11.18000      0.07188      0.09525      0.00000
     11.19000      0.20354      0.26949      0.00000
     11.20000      0.28207      0.37307      0.00000
     11.21000      0.21216      0.28019      0.00000
     11.22000      0.11375      0.15041      0.00000
     11.23000      0.15165      0.20157      0.00000
     11.24000      0.30787      0.40896      0.00000
     11.25000      0.39679      0.52661      0.00000
     11.26000      0.31447      0.41758      0.00000
     11.27000      0.15538      0.20655      0.00000
     11.28000      0.04268      0.05676      0.00000
     11.29000      0.03159      0.04192      0.00000
     11.30000      0.13991      0.18556      0.00000
     11.31000      0.28489      0.37777      0.00000
     11.32000      0.25339      0.33591      0.00000
     11.33000      0.12133      0.16080      0.00000
     11.34000      0.03472      0.04601      0.00000
     11.35000      0.00897      0.01188      0.00000
     11.36000      0.04007      0.05299      0.00000
     11.37000      0.16106      0.21290      0.00000
     11.38000      0.32745      0.43270      0.00000
     11.39000      0.42967      0.56775      0.00000
     11.40000      0.43058      0.56900      0.00000
     11.41000      0.37704      0.49786      0.00000
     11.42000      0.32573      0.42976      0.00000
     11.43000      0.27581      0.36393      0.00000
     11.44000      0.26900      0.35481      0.00000
     11.45000      0.27431      0.36190      0.00000
     11.46000      0.17598      0.23240      0.00000
     11.47000      0.11275      0.14905      0.00000
     11.48000      0.15013      0.19847      0.00000
     11.49000      0.16956      0.22375      0.00000
     11.50000      0.25782      0.33940      0.00000
     11.51000      0.35965      0.47287      0.00000
     11.52000      0.27092      0.35567      0.00000
     11.53000      0.12461      0.16357      0.00000
     11.54000      0.12183      0.16051      0.00000
     11.55000      0.13342      0.17593      0.00000
     11.56000      0.06576      0.08667      0.00000
     11.57000      0.07346      0.09640      0.00000
     11.58000      0.25601      0.33553      0.00000
     11.59000      0.41496      0.54377      0.00000
     11.60000      0.32775      0.42993      0.00000
     11.61000      0.27330      0.35863      0.00000
     11.62000      0.30798      0.40247      0.00000
     11.63000      0.27604      0.36011      0.00000
     11.64000      0.20357      0.26662      0.00000
     11.65000      0.17898      0.23547      0.00000
     11.66000      0.15832      0.20705      0.00000
     11.67000      0.16616      0.21500      0.00000
     11.68000      0.18404      0.23806      0.00000
     11.69000      0.13556      0.17608      0.00000
     11.70000      0.12803      0.16773      0.00000
     11.71000      0.14449      0.18962      0.00000
     11.72000      0.11324      0.14738      0.00000
     11.73000      0.14331      0.18418      0.00000
     11.74000      0.17707      0.22641      0.00000
     11.75000      0.17719      0.22534      0.00000
     11.76000      0.15539      0.19816      0.00000
     11.77000      0.21216      0.27484      0.00000
     11.78000      0.42477      0.55330      0.00000
     11.79000      0.53061      0.69272      0.00000
     11.80000      0.40390      0.52967      0.00000
     11.81000      0.27869      0.36737      0.00000
     11.82000      0.22204      0.29270      0.00000
     11.83000      0.23593      0.30821      0.00000
     11.84000      0.32947      0.42487      0.00000
     11.85000      0.40655      0.52229      0.00000
     11.86000      0.34997      0.45114      0.00000
     11.87000      0.23296      0.30244      0.00000
     11.88000      0.16188      0.21105      0.00000
     11.89000      0.16473      0.21221      0.00000
     11.90000      0.26294      0.33452      0.00000
     11.91000      0.25176      0.31862      0.00000
     11.92000      0.18997      0.24207      0.00000
     11.93000      0.19053      0.24301      0.00000
     11.94000      0.21422      0.26947      0.00000
     11.95000      0.24657      0.30979      0.00000
     11.96000      0.21782      0.27438      0.00000
     11.97000      0.18298      0.23007      0.00000
     11.98000      0.26132      0.33409      0.00000
     11.99000      0.35279      0.45627      0.00000
     12.00000      0.28008      0.36387      0.00000
     12.01000      0.25520      0.32966      0.00000
     12.02000      0.27316      0.34872      0.00000
     12.03000      0.21236      0.26725      0.00000
     12.04000      0.29482      0.36733      0.00000
     12.05000      0.38683      0.48079      0.00000
     12.06000      0.24181      0.29954      0.00000
     12.07000      0.11101      0.13776      0.00000
     12.08000      0.19342      0.24103      0.00000
     12.09000      0.27387      0.34012      0.00000
     12.10000      0.15350      0.18975      0.00000
     12.11000      0.07167      0.08723      0.00000
     12.12000      0.17539      0.21234      0.00000
     12.13000      0.27412      0.33320      0.00000
     12.14000      0.16389      0.20000      0.00000
     12.15000      0.05250      0.06365      0.00000
     12.16000      0.11252      0.13379      0.00000
     12.17000      0.30221      0.36384      0.00000
     12.18000      0.43944      0.54844      0.00000
     12.19000      0.49707      0.64452      0.00000
     12.20000      0.47018      0.61442      0.00000
     12.21000      0.46480      0.59445      0.00000
     12.22000      0.51010      0.63590      0.00000
     12.23000      0.43011      0.53593      0.00000
     12.24000      0.30893      0.39227      0.00000
     12.25000      0.26383      0.33728      0.00000
     12.26000      0.25461      0.32278      0.00000
     12.27000      0.28942      0.35924      0.00000
     12.28000      0.38563      0.46548      0.00000
     12.29000      0.43477      0.51817      0.00000
     12.30000      0.38468      0.45786      0.00000
     12.31000      0.34552      0.40787      0.00000
     12.32000      0.31033      0.36072      0.00000
     12.33000      0.25796      0.29496      0.00000
     12.34000      0.21441      0.24158      0.00000
     12.35000      0.18586      0.20675      0.00000
     12.36000      0.16124      0.17839      0.00000
     12.37000      0.13388      0.15307      0.00000
     12.38000      0.25303      0.30433      0.00000
     12.39000      0.39286      0.48396      0.00000
