Energy-E_F (eV)    DOS (1/eV)    PDOS (1/eV)  of atom type B  N  
     -6.34833      0.86749      0.30732      0.56017
     -6.33833      0.89783      0.31984      0.57799
     -6.32833      0.60770      0.21774      0.38996
     -6.31833      0.43489      0.15741      0.27748
     -6.30833      0.49745      0.18401      0.31344
     -6.29833      0.52125      0.19546      0.32580
     -6.28833      0.32466      0.12323      0.20143
     -6.27833      0.16716      0.06168      0.10548
     -6.26833      0.23950      0.08673      0.15277
     -6.25833      0.35762      0.13290      0.22472
     -6.24833      0.46089      0.16886      0.29202
     -6.23833      0.54640      0.19319      0.35321
     -6.22833      0.41156      0.14400      0.26756
     -6.21833      0.20177      0.07353      0.12824
     -6.20833      0.22945      0.09040      0.13905
     -6.19833      0.35563      0.13834      0.21729
     -6.18833      0.44601      0.16909      0.27692
     -6.17833      0.61183      0.23338      0.37845
     -6.16833      0.72342      0.27315      0.45027
     -6.15833      0.63569      0.23348      0.40222
     -6.14833      0.50072      0.18243      0.31829
     -6.13833      0.64302      0.23549      0.40753
     -6.12833      0.93516      0.33972      0.59544
     -6.11833      0.82402      0.29591      0.52811
     -6.10833      0.47633      0.17469      0.30164
     -6.09833      0.24824      0.09607      0.15217
     -6.08833      0.11081      0.04385      0.06696
     -6.07833      0.15900      0.06130      0.09770
     -6.06833      0.38067      0.14471      0.23596
     -6.05833      0.49951      0.18943      0.31008
     -6.04833      0.47037      0.17812      0.29225
     -6.03833      0.47157      0.17659      0.29498
     -6.02833      0.54255      0.19980      0.34275
     -6.01833      0.65922      0.23840      0.42082
     -6.00833      0.65608      0.23441      0.42167
     -5.99833      0.53831      0.19240      0.34590
     -5.98833      0.40595      0.15167      0.25428
     -5.97833      0.33572      0.13257      0.20316
     -5.96833      0.38256      0.15183      0.23073
     -5.95833      0.40434      0.15561      0.24872
     -5.94833      0.26985      0.09975      0.17009
     -5.93833      0.19282      0.06983      0.12299
     -5.92833      0.36987      0.13824      0.23163
     -5.91833      0.63734      0.24020      0.39713
     -5.90833      0.82899      0.30786      0.52113
     -5.89833      0.86355      0.31928      0.54427
     -5.88833      0.75926      0.28325      0.47601
     -5.87833      0.70898      0.26820      0.44078
     -5.86833      0.61358      0.23610      0.37748
     -5.85833      0.44951      0.17561      0.27390
     -5.84833      0.35495      0.13779      0.21716
     -5.83833      0.25484      0.09791      0.15693
     -5.82833      0.15445      0.05843      0.09602
     -5.81833      0.25931      0.09509      0.16422
     -5.80833      0.42727      0.15464      0.27264
     -5.79833      0.42935      0.15425      0.27510
     -5.78833      0.46500      0.17394      0.29105
     -5.77833      0.60595      0.23940      0.36654
     -5.76833      0.65391      0.26167      0.39224
     -5.75833      0.61852      0.23922      0.37931
     -5.74833      0.60060      0.22523      0.37537
     -5.73833      0.45678      0.17358      0.28319
     -5.72833      0.40247      0.15481      0.24766
     -5.71833      0.48206      0.17950      0.30256
     -5.70833      0.52053      0.18956      0.33097
     -5.69833      0.58017      0.21061      0.36956
     -5.68833      0.69319      0.24986      0.44333
     -5.67833      0.69090      0.25092      0.43997
     -5.66833      0.47779      0.17875      0.29904
     -5.65833      0.29730      0.11738      0.17993
     -5.64833      0.23765      0.09616      0.14148
     -5.63833      0.37918      0.14988      0.22929
     -5.62833      0.67475      0.26217      0.41258
     -5.61833      0.80281      0.31092      0.49189
     -5.60833      0.62057      0.24127      0.37930
     -5.59833      0.38024      0.14923      0.23101
     -5.58833      0.36684      0.14277      0.22408
     -5.57833      0.49259      0.18938      0.30321
     -5.56833      0.53821      0.20624      0.33197
     -5.55833      0.50777      0.19285      0.31492
     -5.54833      0.53071      0.19989      0.33082
     -5.53833      0.52418      0.19802      0.32616
     -5.52833      0.36661      0.14064      0.22597
     -5.51833      0.35243      0.13894      0.21349
     -5.50833      0.43486      0.16946      0.26540
     -5.49833      0.45052      0.17485      0.27567
     -5.48833      0.61840      0.24006      0.37834
     -5.47833      0.89721      0.34601      0.55120
     -5.46833      0.90401      0.34723      0.55678
     -5.45833      0.62884      0.23419      0.39464
     -5.44833      0.39769      0.14294      0.25475
     -5.43833      0.31600      0.11768      0.19832
     -5.42833      0.48482      0.18807      0.29675
     -5.41833      0.57345      0.22641      0.34704
     -5.40833      0.38049      0.15337      0.22713
     -5.39833      0.20819      0.08041      0.12778
     -5.38833      0.31855      0.11438      0.20417
     -5.37833      0.48042      0.17546      0.30496
     -5.36833      0.54475      0.20451      0.34024
     -5.35833      0.69762      0.26650      0.43112
     -5.34833      0.87355      0.33486      0.53870
     -5.33833      0.85651      0.33119      0.52532
     -5.32833      0.65822      0.26078      0.39743
     -5.31833      0.46563      0.18834      0.27729
     -5.30833      0.40805      0.16476      0.24330
     -5.29833      0.44973      0.17770      0.27204
     -5.28833      0.47797      0.18882      0.28915
     -5.27833      0.51396      0.20676      0.30720
     -5.26833      0.46466      0.18420      0.28045
     -5.25833      0.47440      0.18413      0.29027
     -5.24833      0.57969      0.22266      0.35703
     -5.23833      0.80734      0.29581      0.51153
     -5.22833      2.48318      0.83924      1.64394
     -5.21833      9.96222      3.28007      6.68215
     -5.20833     18.39690      6.02570     12.37120
     -5.19833     13.21508      4.33743      8.87765
     -5.18833      4.12017      1.38827      2.73189
     -5.17833      1.14378      0.41870      0.72508
     -5.16833      0.66234      0.24826      0.41407
     -5.15833      0.57104      0.20517      0.36587
     -5.14833      0.73466      0.26115      0.47351
     -5.13833      0.85066      0.30847      0.54219
     -5.12833      0.75562      0.27802      0.47760
     -5.11833      0.67337      0.24778      0.42560
     -5.10833      0.70405      0.25257      0.45148
     -5.09833      0.86305      0.30834      0.55471
     -5.08833      0.99169      0.35910      0.63259
     -5.07833      0.98548      0.36397      0.62151
     -5.06833      0.93819      0.35573      0.58246
     -5.05833      0.88592      0.33660      0.54932
     -5.04833      1.07060      0.39908      0.67152
     -5.03833      1.24804      0.46132      0.78673
     -5.02833      1.08857      0.39768      0.69089
     -5.01833      0.89642      0.32738      0.56904
     -5.00833      0.85913      0.31385      0.54528
     -4.99833      0.88152      0.31862      0.56290
     -4.98833      0.74706      0.26939      0.47767
     -4.97833      0.58768      0.21942      0.36827
     -4.96833      0.66875      0.25516      0.41359
     -4.95833      1.09724      0.40720      0.69004
     -4.94833      1.22214      0.44396      0.77818
     -4.93833      0.80497      0.29074      0.51424
     -4.92833      0.58950      0.21964      0.36986
     -4.91833      0.58135      0.21776      0.36359
     -4.90833      0.55364      0.19916      0.35448
     -4.89833      0.64268      0.22879      0.41388
     -4.88833      0.83420      0.30681      0.52739
     -4.87833      0.98151      0.36276      0.61875
     -4.86833      1.04577      0.38996      0.65580
     -4.85833      1.09916      0.41573      0.68343
     -4.84833      1.04832      0.39009      0.65823
     -4.83833      0.93118      0.34026      0.59092
     -4.82833      0.91986      0.34164      0.57822
     -4.81833      0.92089      0.35009      0.57080
     -4.80833      0.92079      0.34744      0.57336
     -4.79833      0.95867      0.35167      0.60701
     -4.78833      0.94624      0.34830      0.59794
     -4.77833      0.93147      0.34649      0.58498
     -4.76833      0.89188      0.33031      0.56157
     -4.75833      0.84630      0.31280      0.53350
     -4.74833      0.90932      0.33531      0.57401
     -4.73833      1.05039      0.39024      0.66015
     -4.72833      1.00290      0.37609      0.62680
     -4.71833      0.96004      0.36131      0.59874
     -4.70833      0.98322      0.36226      0.62095
     -4.69833      0.95593      0.34566      0.61027
     -4.68833      0.90412      0.32967      0.57444
     -4.67833      0.73868      0.26835      0.47034
     -4.66833      0.81384      0.29844      0.51541
     -4.65833      1.13124      0.42486      0.70638
     -4.64833      1.06901      0.40876      0.66025
     -4.63833      0.75654      0.29539      0.46115
     -4.62833      0.61399      0.23519      0.37881
     -4.61833      0.70649      0.25752      0.44897
     -4.60833      0.99324      0.35782      0.63542
     -4.59833      1.16281      0.43067      0.73214
     -4.58833      1.09212      0.41421      0.67790
     -4.57833      1.01881      0.38836      0.63045
     -4.56833      1.04719      0.40047      0.64673
     -4.55833      1.08726      0.41037      0.67689
     -4.54833      1.25027      0.46623      0.78405
     -4.53833      1.22685      0.45114      0.77571
     -4.52833      1.14095      0.41789      0.72306
     -4.51833      1.06057      0.40253      0.65804
     -4.50833      0.76438      0.29607      0.46831
     -4.49833      0.62979      0.23612      0.39367
     -4.48833      0.63864      0.24050      0.39814
     -4.47833      0.57504      0.22246      0.35257
     -4.46833      0.74177      0.27691      0.46485
     -4.45833      1.13290      0.41204      0.72086
     -4.44833      1.47069      0.54667      0.92402
     -4.43833      1.63422      0.62672      1.00750
     -4.42833      1.40135      0.54404      0.85730
     -4.41833      1.04418      0.40036      0.64382
     -4.40833      0.85595      0.31812      0.53782
     -4.39833      0.74176      0.27302      0.46874
     -4.38833      0.84481      0.31720      0.52761
     -4.37833      1.08440      0.41050      0.67390
     -4.36833      1.31217      0.49697      0.81520
     -4.35833      1.32276      0.49471      0.82805
     -4.34833      1.07750      0.40011      0.67739
     -4.33833      0.76570      0.28936      0.47635
     -4.32833      0.70105      0.26615      0.43490
     -4.31833      1.03350      0.39188      0.64163
     -4.30833      1.48872      0.57512      0.91360
     -4.29833      1.69526      0.66326      1.03200
     -4.28833      1.42436      0.55599      0.86837
     -4.27833      1.19935      0.46292      0.73643
     -4.26833      1.32276      0.50194      0.82082
     -4.25833      1.28436      0.48278      0.80157
     -4.24833      1.08224      0.41369      0.66856
     -4.23833      0.96202      0.38062      0.58140
     -4.22833      1.01361      0.40190      0.61171
     -4.21833      1.18939      0.46391      0.72547
     -4.20833      1.26937      0.49351      0.77586
     -4.19833      1.20286      0.46673      0.73613
     -4.18833      1.29739      0.50105      0.79634
     -4.17833      1.50224      0.58384      0.91840
     -4.16833      1.85907      0.73779      1.12128
     -4.15833      2.05901      0.83212      1.22689
     -4.14833      1.69799      0.69001      1.00798
     -4.13833      1.17023      0.46688      0.70335
     -4.12833      1.13541      0.43310      0.70231
     -4.11833      1.49998      0.56060      0.93938
     -4.10833      1.63277      0.61271      1.02006
     -4.09833      1.40611      0.53531      0.87079
     -4.08833      1.11634      0.43134      0.68500
     -4.07833      1.05169      0.41194      0.63975
     -4.06833      1.30203      0.50830      0.79373
     -4.05833      1.43802      0.55844      0.87958
     -4.04833      1.37105      0.53127      0.83978
     -4.03833      1.17912      0.45350      0.72563
     -4.02833      1.09825      0.41771      0.68054
     -4.01833      1.21377      0.45543      0.75834
     -4.00833      1.24660      0.46138      0.78522
     -3.99833      1.06001      0.39939      0.66063
     -3.98833      0.97762      0.37824      0.59939
     -3.97833      1.10413      0.42342      0.68072
     -3.96833      1.15138      0.44298      0.70840
     -3.95833      0.97380      0.37690      0.59690
     -3.94833      0.83444      0.31812      0.51631
     -3.93833      0.94184      0.35001      0.59183
     -3.92833      1.17560      0.43526      0.74033
     -3.91833      1.13408      0.42254      0.71154
     -3.90833      0.95992      0.35641      0.60351
     -3.89833      1.00116      0.37137      0.62979
     -3.88833      1.20034      0.44825      0.75209
     -3.87833      1.30864      0.49216      0.81648
     -3.86833      1.14334      0.43295      0.71039
     -3.85833      0.86739      0.32809      0.53930
     -3.84833      0.71598      0.26516      0.45081
     -3.83833      0.76841      0.27428      0.49413
     -3.82833      1.04562      0.37768      0.66794
     -3.81833      1.14499      0.42705      0.71794
     -3.80833      0.94303      0.36146      0.58156
     -3.79833      0.93722      0.35902      0.57821
     -3.78833      1.02203      0.38467      0.63736
     -3.77833      0.98692      0.36980      0.61712
     -3.76833      0.97484      0.37043      0.60441
     -3.75833      0.92409      0.35477      0.56932
     -3.74833      0.77429      0.28955      0.48474
     -3.73833      0.64881      0.23058      0.41823
     -3.72833      0.85133      0.30073      0.55060
     -3.71833      1.28976      0.46423      0.82553
     -3.70833      1.34023      0.48765      0.85258
     -3.69833      0.99451      0.36286      0.63164
     -3.68833      0.81839      0.29892      0.51947
     -3.67833      0.97910      0.35602      0.62308
     -3.66833      1.10310      0.39866      0.70444
     -3.65833      1.03413      0.37235      0.66178
     -3.64833      0.98674      0.36229      0.62445
     -3.63833      0.96058      0.36490      0.59568
     -3.62833      0.92030      0.34830      0.57199
     -3.61833      0.69808      0.25568      0.44239
     -3.60833      0.49702      0.17765      0.31937
     -3.59833      0.59676      0.21040      0.38636
     -3.58833      0.93104      0.33152      0.59952
     -3.57833      1.08177      0.39052      0.69124
     -3.56833      0.92151      0.33820      0.58331
     -3.55833      0.83845      0.31137      0.52708
     -3.54833      0.80921      0.29915      0.51007
     -3.53833      0.74792      0.27639      0.47153
     -3.52833      0.63252      0.23344      0.39908
     -3.51833      0.78196      0.28218      0.49978
     -3.50833      1.28689      0.45796      0.82893
     -3.49833      1.43355      0.51222      0.92133
     -3.48833      1.07268      0.39044      0.68223
     -3.47833      0.76576      0.27923      0.48652
     -3.46833      0.71648      0.25289      0.46359
     -3.45833      0.72598      0.25152      0.47446
     -3.44833      0.85124      0.30034      0.55091
     -3.43833      0.97279      0.34794      0.62484
     -3.42833      0.77266      0.27852      0.49414
     -3.41833      0.73230      0.26647      0.46583
     -3.40833      0.84731      0.30669      0.54062
     -3.39833      0.81986      0.29050      0.52936
     -3.38833      0.71308      0.24793      0.46516
     -3.37833      0.59412      0.20725      0.38686
     -3.36833      0.58530      0.20889      0.37642
     -3.35833      0.72420      0.26327      0.46093
     -3.34833      0.98369      0.35711      0.62658
     -3.33833      1.25497      0.45310      0.80187
     -3.32833      1.20812      0.43343      0.77468
     -3.31833      0.91917      0.32565      0.59352
     -3.30833      0.69669      0.24420      0.45249
     -3.29833      0.69128      0.24410      0.44718
     -3.28833      0.85627      0.30175      0.55452
     -3.27833      0.85752      0.29925      0.55827
     -3.26833      0.71801      0.24900      0.46902
     -3.25833      0.82159      0.28898      0.53261
     -3.24833      0.99741      0.35197      0.64544
     -3.23833      0.91112      0.31642      0.59471
     -3.22833      0.62761      0.21689      0.41072
     -3.21833      0.47865      0.16707      0.31158
     -3.20833      0.68570      0.24093      0.44477
     -3.19833      0.90703      0.32031      0.58673
     -3.18833      0.98727      0.34991      0.63736
     -3.17833      1.03747      0.36954      0.66793
     -3.16833      1.02197      0.36504      0.65693
     -3.15833      0.93646      0.32972      0.60674
     -3.14833      0.72312      0.24845      0.47467
     -3.13833      0.46700      0.15809      0.30891
     -3.12833      0.44124      0.15023      0.29101
     -3.11833      0.62047      0.21276      0.40771
     -3.10833      0.68377      0.23391      0.44986
     -3.09833      0.50490      0.17598      0.32892
     -3.08833      0.52457      0.19142      0.33316
     -3.07833      0.78247      0.28462      0.49786
     -3.06833      0.95428      0.33418      0.62010
     -3.05833      1.05313      0.35580      0.69733
     -3.04833      1.09739      0.36787      0.72953
     -3.03833      1.05278      0.35624      0.69654
     -3.02833      0.99317      0.33772      0.65545
     -3.01833      0.92556      0.31512      0.61044
     -3.00833      0.90449      0.31272      0.59177
     -2.99833      0.92567      0.32568      0.59999
     -2.98833      0.85531      0.30443      0.55088
     -2.97833      0.73643      0.25654      0.47988
     -2.96833      0.61828      0.20984      0.40844
     -2.95833      0.50276      0.17130      0.33146
     -2.94833      0.59029      0.20300      0.38730
     -2.93833      0.61548      0.20941      0.40606
     -2.92833      0.64144      0.21255      0.42889
     -2.91833      0.80775      0.26735      0.54040
     -2.90833      0.79352      0.26868      0.52484
     -2.89833      0.64966      0.22617      0.42349
     -2.88833      0.58125      0.19884      0.38240
     -2.87833      0.54738      0.18119      0.36618
     -2.86833      0.59128      0.19826      0.39302
     -2.85833      0.82663      0.28232      0.54431
     -2.84833      1.00611      0.34131      0.66480
     -2.83833      0.98443      0.33262      0.65181
     -2.82833      0.75936      0.26070      0.49866
     -2.81833      0.63363      0.22327      0.41036
     -2.80833      0.86786      0.30458      0.56328
     -2.79833      1.06668      0.36341      0.70327
     -2.78833      0.96705      0.31830      0.64875
     -2.77833      0.82013      0.26628      0.55385
     -2.76833      0.69244      0.22716      0.46527
     -2.75833      0.55853      0.18420      0.37433
     -2.74833      0.60379      0.19851      0.40527
     -2.73833      0.68956      0.22756      0.46201
     -2.72833      0.66185      0.22163      0.44022
     -2.71833      0.73453      0.24957      0.48496
     -2.70833      0.80202      0.26997      0.53205
     -2.69833      0.73484      0.24199      0.49285
     -2.68833      0.71554      0.23230      0.48323
     -2.67833      0.71093      0.23188      0.47905
     -2.66833      0.57787      0.18900      0.38887
     -2.65833      0.52382      0.17161      0.35220
     -2.64833      0.73320      0.24222      0.49098
     -2.63833      0.98000      0.32579      0.65422
     -2.62833      1.12925      0.37925      0.75001
     -2.61833      1.09268      0.37150      0.72118
     -2.60833      0.78654      0.26755      0.51898
     -2.59833      0.53465      0.17654      0.35810
     -2.58833      0.49442      0.16141      0.33302
     -2.57833      0.52045      0.16955      0.35089
     -2.56833      0.54113      0.17270      0.36842
     -2.55833      0.53903      0.16997      0.36906
     -2.54833      0.61684      0.19675      0.42010
     -2.53833      0.80246      0.26218      0.54028
     -2.52833      0.87026      0.28962      0.58064
     -2.51833      0.82585      0.27507      0.55078
     -2.50833      0.82528      0.26843      0.55685
     -2.49833      0.84192      0.26885      0.57307
     -2.48833      0.75098      0.23913      0.51185
     -2.47833      0.62265      0.19794      0.42471
     -2.46833      0.53627      0.17221      0.36406
     -2.45833      0.57992      0.18649      0.39342
     -2.44833      0.60959      0.19681      0.41278
     -2.43833      0.74408      0.24666      0.49741
     -2.42833      1.16794      0.38876      0.77918
     -2.41833      1.24026      0.40804      0.83222
     -2.40833      0.97759      0.31462      0.66297
     -2.39833      0.82401      0.26123      0.56278
     -2.38833      0.61929      0.19454      0.42475
     -2.37833      0.35769      0.11165      0.24605
     -2.36833      0.20803      0.06526      0.14277
     -2.35833      0.41098      0.13021      0.28077
     -2.34833      0.76973      0.24407      0.52567
     -2.33833      0.83666      0.26665      0.57000
     -2.32833      0.70599      0.22914      0.47684
     -2.31833      0.62586      0.20270      0.42316
     -2.30833      0.63206      0.20024      0.43182
     -2.29833      0.48690      0.15286      0.33404
     -2.28833      0.58611      0.18341      0.40270
     -2.27833      0.94527      0.29437      0.65090
     -2.26833      0.96668      0.30026      0.66642
     -2.25833      0.77476      0.24403      0.53073
     -2.24833      0.81330      0.26229      0.55101
     -2.23833      1.01630      0.33066      0.68564
     -2.22833      0.91048      0.29445      0.61603
     -2.21833      0.72753      0.22859      0.49894
     -2.20833      0.65962      0.20111      0.45851
     -2.19833      0.59818      0.18026      0.41792
     -2.18833      0.49523      0.15007      0.34516
     -2.17833      0.44965      0.13912      0.31053
     -2.16833      0.57661      0.17991      0.39669
     -2.15833      0.74394      0.23143      0.51251
     -2.14833      0.96578      0.30171      0.66407
     -2.13833      1.04090      0.32516      0.71574
     -2.12833      0.79250      0.24540      0.54710
     -2.11833      0.54372      0.16552      0.37820
     -2.10833      0.59433      0.18009      0.41424
     -2.09833      0.52639      0.16082      0.36557
     -2.08833      0.32143      0.10066      0.22077
     -2.07833      0.42642      0.13490      0.29152
     -2.06833      0.82429      0.25745      0.56685
     -2.05833      1.12295      0.34919      0.77376
     -2.04833      0.93085      0.28834      0.64250
     -2.03833      0.51935      0.15895      0.36041
     -2.02833      0.46893      0.13935      0.32958
     -2.01833      0.75994      0.22547      0.53447
     -2.00833      0.91871      0.27573      0.64298
     -1.99833      0.89698      0.27108      0.62590
     -1.98833      0.80655      0.24231      0.56424
     -1.97833      0.75107      0.22615      0.52492
     -1.96833      0.65914      0.20142      0.45771
     -1.95833      0.53175      0.16272      0.36903
     -1.94833      0.45535      0.13769      0.31766
     -1.93833      0.52082      0.15553      0.36529
     -1.92833      0.71784      0.21144      0.50640
     -1.91833      0.92709      0.27346      0.65363
     -1.90833      0.95192      0.28496      0.66696
     -1.89833      0.92644      0.28088      0.64555
     -1.88833      0.90761      0.27348      0.63413
     -1.87833      0.80978      0.24024      0.56954
     -1.86833      0.56630      0.16573      0.40056
     -1.85833      0.45971      0.13288      0.32683
     -1.84833      0.48436      0.14089      0.34346
     -1.83833      0.56694      0.16603      0.40092
     -1.82833      0.70180      0.20294      0.49886
     -1.81833      0.72147      0.20829      0.51317
     -1.80833      0.57782      0.16985      0.40797
     -1.79833      0.43825      0.12970      0.30855
     -1.78833      0.49710      0.14381      0.35329
     -1.77833      0.68522      0.19585      0.48937
     -1.76833      0.79512      0.22831      0.56681
     -1.75833      0.97815      0.28223      0.69592
     -1.74833      1.07214      0.30761      0.76454
     -1.73833      0.94037      0.26857      0.67180
     -1.72833      0.74328      0.21245      0.53083
     -1.71833      0.72453      0.20511      0.51941
     -1.70833      0.85101      0.23911      0.61190
     -1.69833      0.85529      0.24107      0.61422
     -1.68833      0.58745      0.16642      0.42103
     -1.67833      0.37282      0.10661      0.26621
     -1.66833      0.44095      0.12593      0.31502
     -1.65833      0.69889      0.19524      0.50365
     -1.64833      0.92319      0.25388      0.66930
     -1.63833      0.92598      0.25384      0.67214
     -1.62833      0.75144      0.20697      0.54448
     -1.61833      0.69183      0.19142      0.50041
     -1.60833      0.74072      0.20427      0.53645
     -1.59833      0.59343      0.16297      0.43046
     -1.58833      0.56245      0.15389      0.40855
     -1.57833      0.67903      0.18530      0.49373
     -1.56833      0.67063      0.18196      0.48867
     -1.55833      0.77503      0.20933      0.56570
     -1.54833      0.87061      0.23647      0.63414
     -1.53833      0.65312      0.17895      0.47416
     -1.52833      0.39090      0.10601      0.28489
     -1.51833      0.45011      0.11786      0.33225
     -1.50833      0.71681      0.18872      0.52809
     -1.49833      0.88665      0.23764      0.64901
     -1.48833      0.95959      0.25919      0.70040
     -1.47833      0.97041      0.25989      0.71052
     -1.46833      0.89933      0.24039      0.65894
     -1.45833      0.87593      0.23378      0.64215
     -1.44833      0.89111      0.23480      0.65630
     -1.43833      0.80948      0.21282      0.59666
     -1.42833      0.60315      0.15984      0.44332
     -1.41833      0.49559      0.13206      0.36353
     -1.40833      0.84882      0.22518      0.62364
     -1.39833      4.37979      1.17412      3.20567
     -1.38833     19.08293      5.14808     13.93486
     -1.37833     35.47944      9.58588     25.89355
     -1.36833     25.69833      6.94354     18.75479
     -1.35833      7.45766      2.00905      5.44861
     -1.34833      1.28047      0.33700      0.94347
     -1.33833      0.46118      0.11675      0.34443
     -1.32833      0.41872      0.10393      0.31479
     -1.31833      0.54420      0.13346      0.41074
     -1.30833      0.45606      0.11082      0.34524
     -1.29833      0.34060      0.08261      0.25799
     -1.28833      0.38478      0.09300      0.29178
     -1.27833      0.40916      0.09709      0.31207
     -1.26833      0.39255      0.09195      0.30060
     -1.25833      0.35207      0.08311      0.26897
     -1.24833      0.46441      0.11167      0.35274
     -1.23833      0.74518      0.18221      0.56298
     -1.22833      0.87106      0.21524      0.65582
     -1.21833      0.75543      0.18631      0.56913
     -1.20833      0.67411      0.16421      0.50990
     -1.19833      0.58954      0.14234      0.44721
     -1.18833      0.50068      0.11910      0.38158
     -1.17833      0.58389      0.13515      0.44874
     -1.16833      0.62822      0.14391      0.48431
     -1.15833      0.55588      0.12759      0.42829
     -1.14833      0.49681      0.11361      0.38321
     -1.13833      0.44872      0.10151      0.34721
     -1.12833      0.37799      0.08578      0.29221
     -1.11833      0.46750      0.10743      0.36007
     -1.10833      0.72691      0.16763      0.55928
     -1.09833      0.79379      0.18216      0.61162
     -1.08833      0.70172      0.15862      0.54310
     -1.07833      0.60514      0.13498      0.47016
     -1.06833      0.50705      0.11266      0.39440
     -1.05833      0.51796      0.11292      0.40504
     -1.04833      0.60417      0.12996      0.47421
     -1.03833      0.48272      0.10343      0.37929
     -1.02833      0.40018      0.08518      0.31501
     -1.01833      0.49340      0.10339      0.39001
     -1.00833      0.57032      0.11874      0.45158
     -0.99833      0.75887      0.16371      0.59516
     -0.98833      1.04534      0.23416      0.81118
     -0.97833      1.11437      0.25064      0.86373
     -0.96833      1.04548      0.22912      0.81636
     -0.95833      0.97747      0.20810      0.76936
     -0.94833      0.89604      0.18737      0.70868
     -0.93833      0.85317      0.17582      0.67735
     -0.92833      0.84539      0.17124      0.67415
     -0.91833      0.89724      0.17838      0.71886
     -0.90833      0.96214      0.18811      0.77403
     -0.89833      1.09102      0.20998      0.88105
     -0.88833      1.22022      0.23335      0.98686
     -0.87833      1.06757      0.20959      0.85797
     -0.86833      0.84002      0.17483      0.66519
     -0.85833      0.78464      0.16459      0.62005
     -0.84833      0.84633      0.17133      0.67500
     -0.83833      0.86364      0.17002      0.69362
     -0.82833      0.60896      0.11737      0.49159
     -0.81833      0.34613      0.06484      0.28129
     -0.80833      0.27504      0.05070      0.22434
     -0.79833      0.32012      0.05915      0.26097
     -0.78833      0.45866      0.08552      0.37314
     -0.77833      0.75146      0.14481      0.60665
     -0.76833      1.38059      0.28013      1.10047
     -0.75833      1.90672      0.39600      1.51071
     -0.74833      1.32406      0.27393      1.05014
     -0.73833      0.49755      0.09898      0.39857
     -0.72833      0.23558      0.04360      0.19198
     -0.71833      0.26168      0.04771      0.21397
     -0.70833      0.28713      0.05262      0.23452
     -0.69833      0.30862      0.05683      0.25179
     -0.68833      0.34292      0.06392      0.27900
     -0.67833      0.42131      0.07984      0.34147
     -0.66833      0.61620      0.11912      0.49709
     -0.65833      0.83604      0.16365      0.67239
     -0.64833      0.72767      0.14220      0.58546
     -0.63833      0.39278      0.07511      0.31767
     -0.62833      0.27441      0.05056      0.22385
     -0.61833      0.31485      0.05742      0.25743
     -0.60833      0.38658      0.07063      0.31595
     -0.59833      0.46994      0.08622      0.38372
     -0.58833      0.52973      0.09789      0.43185
     -0.57833      0.60901      0.11401      0.49500
     -0.56833      0.73854      0.14134      0.59720
     -0.55833      0.93858      0.18119      0.75739
     -0.54833      0.84305      0.16113      0.68192
     -0.53833      0.39351      0.07377      0.31974
     -0.52833      0.18238      0.03284      0.14954
     -0.51833      0.27775      0.04914      0.22861
     -0.50833      0.32722      0.05756      0.26966
     -0.49833      0.37422      0.06564      0.30858
     -0.48833      0.42520      0.07525      0.34995
     -0.47833      0.37796      0.06805      0.30991
     -0.46833      0.44918      0.08169      0.36749
     -0.45833      0.49659      0.08985      0.40675
     -0.44833      0.38864      0.06909      0.31955
     -0.43833      0.32116      0.05571      0.26544
     -0.42833      0.36552      0.06274      0.30279
     -0.41833      0.41023      0.07030      0.33992
     -0.40833      0.41359      0.07111      0.34248
     -0.39833      0.39370      0.06853      0.32518
     -0.38833      0.51157      0.08947      0.42210
     -0.37833      0.74372      0.12926      0.61447
     -0.36833      0.63265      0.10954      0.52311
     -0.35833      0.25926      0.04461      0.21465
     -0.34833      0.17219      0.02852      0.14367
     -0.33833      0.29955      0.04914      0.25041
     -0.32833      0.35455      0.05790      0.29665
     -0.31833      0.36981      0.06019      0.30961
     -0.30833      0.38807      0.06371      0.32436
     -0.29833      0.36148      0.05969      0.30179
     -0.28833      0.33858      0.05530      0.28328
     -0.27833      0.28833      0.04625      0.24209
     -0.26833      0.27502      0.04363      0.23139
     -0.25833      0.34781      0.05487      0.29294
     -0.24833      0.44800      0.07041      0.37759
     -0.23833      0.52803      0.08293      0.44510
     -0.22833      0.50542      0.07961      0.42582
     -0.21833      0.35356      0.05547      0.29809
     -0.20833      0.30198      0.04623      0.25575
     -0.19833      0.27831      0.04210      0.23621
     -0.18833      0.18553      0.02789      0.15765
     -0.17833      0.27083      0.04039      0.23043
     -0.16833      0.39992      0.05937      0.34055
     -0.15833      0.39687      0.05839      0.33848
     -0.14833      0.31692      0.04623      0.27069
     -0.13833      0.25078      0.03630      0.21448
     -0.12833      0.32383      0.04647      0.27736
     -0.11833      0.42690      0.06092      0.36597
     -0.10833      0.39263      0.05565      0.33698
     -0.09833      0.29489      0.04126      0.25363
     -0.08833      0.26099      0.03600      0.22498
     -0.07833      0.27904      0.03817      0.24087
     -0.06833      0.28987      0.03935      0.25052
     -0.05833      0.27863      0.03739      0.24124
     -0.04833      0.33829      0.04485      0.29344
     -0.03833      0.37315      0.04914      0.32401
     -0.02833      0.28195      0.03680      0.24515
     -0.01833      0.24696      0.03174      0.21523
     -0.00833      0.24094      0.03071      0.21023
      0.00167      0.13767      0.01749      0.12018
      0.01167      0.03561      0.00452      0.03109
      0.02167      0.00372      0.00047      0.00325
      0.03167      0.00015      0.00002      0.00013
      0.04167      0.00000      0.00000      0.00000
      0.05167      0.00000      0.00000      0.00000
      0.06167      0.00000      0.00000      0.00000
      0.07167      0.00000      0.00000      0.00000
      0.08167      0.00000      0.00000      0.00000
      0.09167      0.00000      0.00000      0.00000
      0.10167      0.00000      0.00000      0.00000
      0.11167      0.00000      0.00000      0.00000
      0.12167      0.00000      0.00000      0.00000
      0.13167      0.00000      0.00000      0.00000
      0.14167      0.00000      0.00000      0.00000
      0.15167      0.00000      0.00000      0.00000
      0.16167      0.00000      0.00000      0.00000
      0.17167      0.00000      0.00000      0.00000
      0.18167      0.00000      0.00000      0.00000
      0.19167      0.00000      0.00000      0.00000
      0.20167      0.00000      0.00000      0.00000
      0.21167      0.00000      0.00000      0.00000
      0.22167      0.00000      0.00000      0.00000
      0.23167      0.00000      0.00000      0.00000
      0.24167      0.00000      0.00000      0.00000
      0.25167      0.00000      0.00000      0.00000
      0.26167      0.00000      0.00000      0.00000
      0.27167      0.00000      0.00000      0.00000
      0.28167      0.00000      0.00000      0.00000
      0.29167      0.00000      0.00000      0.00000
      0.30167      0.00000      0.00000      0.00000
      0.31167      0.00000      0.00000      0.00000
      0.32167      0.00000      0.00000      0.00000
      0.33167      0.00000      0.00000      0.00000
      0.34167      0.00000      0.00000      0.00000
      0.35167      0.00000      0.00000      0.00000
      0.36167      0.00000      0.00000      0.00000
      0.37167      0.00000      0.00000      0.00000
      0.38167      0.00000      0.00000      0.00000
      0.39167      0.00000      0.00000      0.00000
      0.40167      0.00000      0.00000      0.00000
      0.41167      0.00000      0.00000      0.00000
      0.42167      0.00000      0.00000      0.00000
      0.43167      0.00000      0.00000      0.00000
      0.44167      0.00000      0.00000      0.00000
      0.45167      0.00000      0.00000      0.00000
      0.46167      0.00000      0.00000      0.00000
      0.47167      0.00000      0.00000      0.00000
      0.48167      0.00000      0.00000      0.00000
      0.49167      0.00000      0.00000      0.00000
      0.50167      0.00000      0.00000      0.00000
      0.51167      0.00000      0.00000      0.00000
      0.52167      0.00000      0.00000      0.00000
      0.53167      0.00000      0.00000      0.00000
      0.54167      0.00000      0.00000      0.00000
      0.55167      0.00000      0.00000      0.00000
      0.56167      0.00000      0.00000      0.00000
      0.57167      0.00000      0.00000      0.00000
      0.58167      0.00000      0.00000      0.00000
      0.59167      0.00000      0.00000      0.00000
      0.60167      0.00000      0.00000      0.00000
      0.61167      0.00000      0.00000      0.00000
      0.62167      0.00000      0.00000      0.00000
      0.63167      0.00000      0.00000      0.00000
      0.64167      0.00000      0.00000      0.00000
      0.65167      0.00000      0.00000      0.00000
      0.66167      0.00000      0.00000      0.00000
      0.67167      0.00000      0.00000      0.00000
      0.68167      0.00000      0.00000      0.00000
      0.69167      0.00000      0.00000      0.00000
      0.70167      0.00000      0.00000      0.00000
      0.71167      0.00000      0.00000      0.00000
      0.72167      0.00000      0.00000      0.00000
      0.73167      0.00000      0.00000      0.00000
      0.74167      0.00000      0.00000      0.00000
      0.75167      0.00000      0.00000      0.00000
      0.76167      0.00000      0.00000      0.00000
      0.77167      0.00000      0.00000      0.00000
      0.78167      0.00000      0.00000      0.00000
      0.79167      0.00000      0.00000      0.00000
      0.80167      0.00000      0.00000      0.00000
      0.81167      0.00000      0.00000      0.00000
      0.82167      0.00000      0.00000      0.00000
      0.83167      0.00000      0.00000      0.00000
      0.84167      0.00000      0.00000      0.00000
      0.85167      0.00000      0.00000      0.00000
      0.86167      0.00000      0.00000      0.00000
      0.87167      0.00000      0.00000      0.00000
      0.88167      0.00000      0.00000      0.00000
      0.89167      0.00000      0.00000      0.00000
      0.90167      0.00000      0.00000      0.00000
      0.91167      0.00000      0.00000      0.00000
      0.92167      0.00000      0.00000      0.00000
      0.93167      0.00000      0.00000      0.00000
      0.94167      0.00000      0.00000      0.00000
      0.95167      0.00000      0.00000      0.00000
      0.96167      0.00000      0.00000      0.00000
      0.97167      0.00000      0.00000      0.00000
      0.98167      0.00000      0.00000      0.00000
      0.99167      0.00000      0.00000      0.00000
      1.00167      0.00000      0.00000      0.00000
      1.01167      0.00000      0.00000      0.00000
      1.02167      0.00000      0.00000      0.00000
      1.03167      0.00000      0.00000      0.00000
      1.04167      0.00000      0.00000      0.00000
      1.05167      0.00000      0.00000      0.00000
      1.06167      0.00000      0.00000      0.00000
      1.07167      0.00000      0.00000      0.00000
      1.08167      0.00000      0.00000      0.00000
      1.09167      0.00000      0.00000      0.00000
      1.10167      0.00000      0.00000      0.00000
      1.11167      0.00000      0.00000      0.00000
      1.12167      0.00000      0.00000      0.00000
      1.13167      0.00000      0.00000      0.00000
      1.14167      0.00000      0.00000      0.00000
      1.15167      0.00000      0.00000      0.00000
      1.16167      0.00000      0.00000      0.00000
      1.17167      0.00000      0.00000      0.00000
      1.18167      0.00000      0.00000      0.00000
      1.19167      0.00000      0.00000      0.00000
      1.20167      0.00000      0.00000      0.00000
      1.21167      0.00000      0.00000      0.00000
      1.22167      0.00000      0.00000      0.00000
      1.23167      0.00000      0.00000      0.00000
      1.24167      0.00000      0.00000      0.00000
      1.25167      0.00000      0.00000      0.00000
      1.26167      0.00000      0.00000      0.00000
      1.27167      0.00000      0.00000      0.00000
      1.28167      0.00000      0.00000      0.00000
      1.29167      0.00000      0.00000      0.00000
      1.30167      0.00000      0.00000      0.00000
      1.31167      0.00000      0.00000      0.00000
      1.32167      0.00000      0.00000      0.00000
      1.33167      0.00000      0.00000      0.00000
      1.34167      0.00000      0.00000      0.00000
      1.35167      0.00000      0.00000      0.00000
      1.36167      0.00000      0.00000      0.00000
      1.37167      0.00000      0.00000      0.00000
      1.38167      0.00000      0.00000      0.00000
      1.39167      0.00000      0.00000      0.00000
      1.40167      0.00000      0.00000      0.00000
      1.41167      0.00000      0.00000      0.00000
      1.42167      0.00000      0.00000      0.00000
      1.43167      0.00000      0.00000      0.00000
      1.44167      0.00000      0.00000      0.00000
      1.45167      0.00000      0.00000      0.00000
      1.46167      0.00000      0.00000      0.00000
      1.47167      0.00000      0.00000      0.00000
      1.48167      0.00000      0.00000      0.00000
      1.49167      0.00000      0.00000      0.00000
      1.50167      0.00000      0.00000      0.00000
      1.51167      0.00000      0.00000      0.00000
      1.52167      0.00000      0.00000      0.00000
      1.53167      0.00000      0.00000      0.00000
      1.54167      0.00000      0.00000      0.00000
      1.55167      0.00000      0.00000      0.00000
      1.56167      0.00000      0.00000      0.00000
      1.57167      0.00000      0.00000      0.00000
      1.58167      0.00000      0.00000      0.00000
      1.59167      0.00000      0.00000      0.00000
      1.60167      0.00000      0.00000      0.00000
      1.61167      0.00000      0.00000      0.00000
      1.62167      0.00000      0.00000      0.00000
      1.63167      0.00000      0.00000      0.00000
      1.64167      0.00000      0.00000      0.00000
      1.65167      0.00000      0.00000      0.00000
      1.66167      0.00000      0.00000      0.00000
      1.67167      0.00000      0.00000      0.00000
      1.68167      0.00000      0.00000      0.00000
      1.69167      0.00000      0.00000      0.00000
      1.70167      0.00000      0.00000      0.00000
      1.71167      0.00000      0.00000      0.00000
      1.72167      0.00000      0.00000      0.00000
      1.73167      0.00000      0.00000      0.00000
      1.74167      0.00000      0.00000      0.00000
      1.75167      0.00000      0.00000      0.00000
      1.76167      0.00000      0.00000      0.00000
      1.77167      0.00000      0.00000      0.00000
      1.78167      0.00000      0.00000      0.00000
      1.79167      0.00000      0.00000      0.00000
      1.80167      0.00000      0.00000      0.00000
      1.81167      0.00000      0.00000      0.00000
      1.82167      0.00000      0.00000      0.00000
      1.83167      0.00000      0.00000      0.00000
      1.84167      0.00000      0.00000      0.00000
      1.85167      0.00000      0.00000      0.00000
      1.86167      0.00000      0.00000      0.00000
      1.87167      0.00000      0.00000      0.00000
      1.88167      0.00000      0.00000      0.00000
      1.89167      0.00000      0.00000      0.00000
      1.90167      0.00000      0.00000      0.00000
      1.91167      0.00000      0.00000      0.00000
      1.92167      0.00000      0.00000      0.00000
      1.93167      0.00000      0.00000      0.00000
      1.94167      0.00000      0.00000      0.00000
      1.95167      0.00000      0.00000      0.00000
      1.96167      0.00000      0.00000      0.00000
      1.97167      0.00000      0.00000      0.00000
      1.98167      0.00000      0.00000      0.00000
      1.99167      0.00000      0.00000      0.00000
      2.00167      0.00000      0.00000      0.00000
      2.01167      0.00000      0.00000      0.00000
      2.02167      0.00000      0.00000      0.00000
      2.03167      0.00000      0.00000      0.00000
      2.04167      0.00000      0.00000      0.00000
      2.05167      0.00000      0.00000      0.00000
      2.06167      0.00000      0.00000      0.00000
      2.07167      0.00000      0.00000      0.00000
      2.08167      0.00000      0.00000      0.00000
      2.09167      0.00000      0.00000      0.00000
      2.10167      0.00000      0.00000      0.00000
      2.11167      0.00000      0.00000      0.00000
      2.12167      0.00000      0.00000      0.00000
      2.13167      0.00000      0.00000      0.00000
      2.14167      0.00000      0.00000      0.00000
      2.15167      0.00000      0.00000      0.00000
      2.16167      0.00000      0.00000      0.00000
      2.17167      0.00000      0.00000      0.00000
      2.18167      0.00000      0.00000      0.00000
      2.19167      0.00000      0.00000      0.00000
      2.20167      0.00000      0.00000      0.00000
      2.21167      0.00000      0.00000      0.00000
      2.22167      0.00000      0.00000      0.00000
      2.23167      0.00000      0.00000      0.00000
      2.24167      0.00000      0.00000      0.00000
      2.25167      0.00000      0.00000      0.00000
      2.26167      0.00000      0.00000      0.00000
      2.27167      0.00000      0.00000      0.00000
      2.28167      0.00000      0.00000      0.00000
      2.29167      0.00000      0.00000      0.00000
      2.30167      0.00000      0.00000      0.00000
      2.31167      0.00000      0.00000      0.00000
      2.32167      0.00000      0.00000      0.00000
      2.33167      0.00000      0.00000      0.00000
      2.34167      0.00000      0.00000      0.00000
      2.35167      0.00000      0.00000      0.00000
      2.36167      0.00000      0.00000      0.00000
      2.37167      0.00000      0.00000      0.00000
      2.38167      0.00000      0.00000      0.00000
      2.39167      0.00000      0.00000      0.00000
      2.40167      0.00000      0.00000      0.00000
      2.41167      0.00000      0.00000      0.00000
      2.42167      0.00000      0.00000      0.00000
      2.43167      0.00000      0.00000      0.00000
      2.44167      0.00000      0.00000      0.00000
      2.45167      0.00000      0.00000      0.00000
      2.46167      0.00000      0.00000      0.00000
      2.47167      0.00000      0.00000      0.00000
      2.48167      0.00000      0.00000      0.00000
      2.49167      0.00000      0.00000      0.00000
      2.50167      0.00000      0.00000      0.00000
      2.51167      0.00000      0.00000      0.00000
      2.52167      0.00000      0.00000      0.00000
      2.53167      0.00000      0.00000      0.00000
      2.54167      0.00000      0.00000      0.00000
      2.55167      0.00000      0.00000      0.00000
      2.56167      0.00000      0.00000      0.00000
      2.57167      0.00000      0.00000      0.00000
      2.58167      0.00000      0.00000      0.00000
      2.59167      0.00000      0.00000      0.00000
      2.60167      0.00000      0.00000      0.00000
      2.61167      0.00000      0.00000      0.00000
      2.62167      0.00000      0.00000      0.00000
      2.63167      0.00000      0.00000      0.00000
      2.64167      0.00000      0.00000      0.00000
      2.65167      0.00000      0.00000      0.00000
      2.66167      0.00000      0.00000      0.00000
      2.67167      0.00000      0.00000      0.00000
      2.68167      0.00000      0.00000      0.00000
      2.69167      0.00000      0.00000      0.00000
      2.70167      0.00000      0.00000      0.00000
      2.71167      0.00000      0.00000      0.00000
      2.72167      0.00000      0.00000      0.00000
      2.73167      0.00000      0.00000      0.00000
      2.74167      0.00000      0.00000      0.00000
      2.75167      0.00000      0.00000      0.00000
      2.76167      0.00000      0.00000      0.00000
      2.77167      0.00000      0.00000      0.00000
      2.78167      0.00000      0.00000      0.00000
      2.79167      0.00000      0.00000      0.00000
      2.80167      0.00000      0.00000      0.00000
      2.81167      0.00000      0.00000      0.00000
      2.82167      0.00000      0.00000      0.00000
      2.83167      0.00000      0.00000      0.00000
      2.84167      0.00000      0.00000      0.00000
      2.85167      0.00000      0.00000      0.00000
      2.86167      0.00000      0.00000      0.00000
      2.87167      0.00000      0.00000      0.00000
      2.88167      0.00000      0.00000      0.00000
      2.89167      0.00000      0.00000      0.00000
      2.90167      0.00000      0.00000      0.00000
      2.91167      0.00000      0.00000      0.00000
      2.92167      0.00000      0.00000      0.00000
      2.93167      0.00000      0.00000      0.00000
      2.94167      0.00000      0.00000      0.00000
      2.95167      0.00000      0.00000      0.00000
      2.96167      0.00000      0.00000      0.00000
      2.97167      0.00000      0.00000      0.00000
      2.98167      0.00000      0.00000      0.00000
      2.99167      0.00000      0.00000      0.00000
      3.00167      0.00000      0.00000      0.00000
      3.01167      0.00000      0.00000      0.00000
      3.02167      0.00000      0.00000      0.00000
      3.03167      0.00000      0.00000      0.00000
      3.04167      0.00000      0.00000      0.00000
      3.05167      0.00000      0.00000      0.00000
      3.06167      0.00000      0.00000      0.00000
      3.07167      0.00000      0.00000      0.00000
      3.08167      0.00000      0.00000      0.00000
      3.09167      0.00000      0.00000      0.00000
      3.10167      0.00000      0.00000      0.00000
      3.11167      0.00000      0.00000      0.00000
      3.12167      0.00000      0.00000      0.00000
      3.13167      0.00000      0.00000      0.00000
      3.14167      0.00000      0.00000      0.00000
      3.15167      0.00000      0.00000      0.00000
      3.16167      0.00000      0.00000      0.00000
      3.17167      0.00000      0.00000      0.00000
      3.18167      0.00000      0.00000      0.00000
      3.19167      0.00000      0.00000      0.00000
      3.20167      0.00000      0.00000      0.00000
      3.21167      0.00000      0.00000      0.00000
      3.22167      0.00000      0.00000      0.00000
      3.23167      0.00000      0.00000      0.00000
      3.24167      0.00000      0.00000      0.00000
      3.25167      0.00000      0.00000      0.00000
      3.26167      0.00000      0.00000      0.00000
      3.27167      0.00000      0.00000      0.00000
      3.28167      0.00000      0.00000      0.00000
      3.29167      0.00000      0.00000      0.00000
      3.30167      0.00000      0.00000      0.00000
      3.31167      0.00000      0.00000      0.00000
      3.32167      0.00000      0.00000      0.00000
      3.33167      0.00000      0.00000      0.00000
      3.34167      0.00000      0.00000      0.00000
      3.35167      0.00000      0.00000      0.00000
      3.36167      0.00000      0.00000      0.00000
      3.37167      0.00000      0.00000      0.00000
      3.38167      0.00000      0.00000      0.00000
      3.39167      0.00000      0.00000      0.00000
      3.40167      0.00000      0.00000      0.00000
      3.41167      0.00000      0.00000      0.00000
      3.42167      0.00000      0.00000      0.00000
      3.43167      0.00000      0.00000      0.00000
      3.44167      0.00000      0.00000      0.00000
      3.45167      0.00000      0.00000      0.00000
      3.46167      0.00000      0.00000      0.00000
      3.47167      0.00000      0.00000      0.00000
      3.48167      0.00000      0.00000      0.00000
      3.49167      0.00000      0.00000      0.00000
      3.50167      0.00000      0.00000      0.00000
      3.51167      0.00000      0.00000      0.00000
      3.52167      0.00000      0.00000      0.00000
      3.53167      0.00000      0.00000      0.00000
      3.54167      0.00000      0.00000      0.00000
      3.55167      0.00000      0.00000      0.00000
      3.56167      0.00000      0.00000      0.00000
      3.57167      0.00000      0.00000      0.00000
      3.58167      0.00000      0.00000      0.00000
      3.59167      0.00000      0.00000      0.00000
      3.60167      0.00000      0.00000      0.00000
      3.61167      0.00000      0.00000      0.00000
      3.62167      0.00000      0.00000      0.00000
      3.63167      0.00000      0.00000      0.00000
      3.64167      0.00000      0.00000      0.00000
      3.65167      0.00000      0.00000      0.00000
      3.66167      0.00000      0.00000      0.00000
      3.67167      0.00000      0.00000      0.00000
      3.68167      0.00000      0.00000      0.00000
      3.69167      0.00000      0.00000      0.00000
      3.70167      0.00000      0.00000      0.00000
      3.71167      0.00000      0.00000      0.00000
      3.72167      0.00000      0.00000      0.00000
      3.73167      0.00000      0.00000      0.00000
      3.74167      0.00000      0.00000      0.00000
      3.75167      0.00000      0.00000      0.00000
      3.76167      0.00000      0.00000      0.00000
      3.77167      0.00000      0.00000      0.00000
      3.78167      0.00000      0.00000      0.00000
      3.79167      0.00000      0.00000      0.00000
      3.80167      0.00000      0.00000      0.00000
      3.81167      0.00000      0.00000      0.00000
      3.82167      0.00000      0.00000      0.00000
      3.83167      0.00000      0.00000      0.00000
      3.84167      0.00000      0.00000      0.00000
      3.85167      0.00000      0.00000      0.00000
      3.86167      0.00000      0.00000      0.00000
      3.87167      0.00000      0.00000      0.00000
      3.88167      0.00000      0.00000      0.00000
      3.89167      0.00000      0.00000      0.00000
      3.90167      0.00000      0.00000      0.00000
      3.91167      0.00000      0.00000      0.00000
      3.92167      0.00000      0.00000      0.00000
      3.93167      0.00000      0.00000      0.00000
      3.94167      0.00000      0.00000      0.00000
      3.95167      0.00000      0.00000      0.00000
      3.96167      0.00000      0.00000      0.00000
      3.97167      0.00000      0.00000      0.00000
      3.98167      0.00000      0.00000      0.00000
      3.99167      0.00000      0.00000      0.00000
      4.00167      0.00000      0.00000      0.00000
      4.01167      0.00000      0.00000      0.00000
      4.02167      0.00000      0.00000      0.00000
      4.03167      0.00000      0.00000      0.00000
      4.04167      0.00000      0.00000      0.00000
      4.05167      0.00000      0.00000      0.00000
      4.06167      0.00000      0.00000      0.00000
      4.07167      0.00000      0.00000      0.00000
      4.08167      0.00000      0.00000      0.00000
      4.09167      0.00000      0.00000      0.00000
      4.10167      0.00000      0.00000      0.00000
      4.11167      0.00000      0.00000      0.00000
      4.12167      0.00000      0.00000      0.00000
      4.13167      0.00000      0.00000      0.00000
      4.14167      0.00000      0.00000      0.00000
      4.15167      0.00000      0.00000      0.00000
      4.16167      0.00000      0.00000      0.00000
      4.17167      0.00000      0.00000      0.00000
      4.18167      0.00000      0.00000      0.00000
      4.19167      0.00000      0.00000      0.00000
      4.20167      0.00000      0.00000      0.00000
      4.21167      0.00000      0.00000      0.00000
      4.22167      0.00000      0.00000      0.00000
      4.23167      0.00000      0.00000      0.00000
      4.24167      0.00000      0.00000      0.00000
      4.25167      0.00000      0.00000      0.00000
      4.26167      0.00000      0.00000      0.00000
      4.27167      0.00000      0.00000      0.00000
      4.28167      0.00000      0.00000      0.00000
      4.29167      0.00000      0.00000      0.00000
      4.30167      0.00000      0.00000      0.00000
      4.31167      0.00000      0.00000      0.00000
      4.32167      0.00000      0.00000      0.00000
      4.33167      0.00000      0.00000      0.00000
      4.34167      0.00000      0.00000      0.00000
      4.35167      0.00000      0.00000      0.00000
      4.36167      0.00000      0.00000      0.00000
      4.37167      0.00000      0.00000      0.00000
      4.38167      0.00000      0.00000      0.00000
      4.39167      0.00000      0.00000      0.00000
      4.40167      0.00000      0.00000      0.00000
      4.41167      0.00000      0.00000      0.00000
      4.42167      0.00000      0.00000      0.00000
      4.43167      0.00000      0.00000      0.00000
      4.44167      0.00000      0.00000      0.00000
      4.45167      0.00000      0.00000      0.00000
      4.46167      0.00000      0.00000      0.00000
      4.47167      0.00000      0.00000      0.00000
      4.48167      0.00000      0.00000      0.00000
      4.49167      0.00000      0.00000      0.00000
      4.50167      0.00000      0.00000      0.00000
      4.51167      0.00000      0.00000      0.00000
      4.52167      0.00000      0.00000      0.00000
      4.53167      0.00000      0.00000      0.00000
      4.54167      0.00000      0.00000      0.00000
      4.55167      0.00000      0.00000      0.00000
      4.56167      0.00000      0.00000      0.00000
      4.57167      0.00000      0.00000      0.00000
      4.58167      0.00000      0.00000      0.00000
      4.59167      0.00000      0.00000      0.00000
      4.60167      0.00000      0.00000      0.00000
      4.61167      0.00000      0.00000      0.00000
      4.62167      0.00000      0.00000      0.00000
      4.63167      0.00000      0.00000      0.00000
      4.64167      0.00000      0.00000      0.00000
      4.65167      0.00000      0.00000      0.00000
      4.66167      0.00017      0.00016      0.00001
      4.67167      0.00422      0.00405      0.00017
      4.68167      0.04167      0.03997      0.00170
      4.69167      0.16858      0.16162      0.00696
      4.70167      0.32290      0.30910      0.01380
      4.71167      0.45338      0.42527      0.02811
      4.72167      1.32276      1.10562      0.21713
      4.73167      6.52254      5.09014      1.43240
      4.74167     16.53920     12.75468      3.78452
      4.75167     16.29689     12.56289      3.73400
      4.76167      6.28146      4.87817      1.40330
      4.77167      1.51718      1.24640      0.27078
      4.78167      1.07095      0.95348      0.11747
      4.79167      1.01112      0.90549      0.10563
      4.80167      0.94106      0.82052      0.12053
      4.81167      1.36784      1.17550      0.19234
      4.82167      1.86565      1.61662      0.24903
      4.83167      2.06560      1.79138      0.27422
      4.84167      2.47707      2.15268      0.32439
      4.85167      2.71485      2.37239      0.34245
      4.86167      2.56685      2.24606      0.32079
      4.87167      2.35228      2.04408      0.30820
      4.88167      1.89042      1.62488      0.26554
      4.89167      1.56042      1.32689      0.23354
      4.90167      1.48343      1.25884      0.22459
      4.91167      1.48582      1.26216      0.22366
      4.92167      1.37592      1.17984      0.19608
      4.93167      1.15607      0.99064      0.16543
      4.94167      1.06188      0.89148      0.17040
      4.95167      1.10974      0.91588      0.19386
      4.96167      1.26625      1.04196      0.22430
      4.97167      1.43478      1.19202      0.24277
      4.98167      1.44472      1.21477      0.22996
      4.99167      1.24456      1.04796      0.19660
      5.00167      1.11288      0.93174      0.18114
      5.01167      1.08854      0.90288      0.18566
      5.02167      0.92285      0.75234      0.17050
      5.03167      0.68289      0.56296      0.11993
      5.04167      0.54040      0.45190      0.08850
      5.05167      0.78389      0.62915      0.15474
      5.06167      1.40307      1.11495      0.28812
      5.07167      1.70483      1.37892      0.32591
      5.08167      1.25599      1.02594      0.23005
      5.09167      0.65332      0.52802      0.12531
      5.10167      0.44173      0.34612      0.09561
      5.11167      0.58288      0.45963      0.12324
      5.12167      0.97924      0.77809      0.20115
      5.13167      1.04930      0.83609      0.21322
      5.14167      0.72354      0.57781      0.14573
      5.15167      0.59153      0.46942      0.12210
      5.16167      0.70912      0.57436      0.13476
      5.17167      1.02707      0.84112      0.18595
      5.18167      1.47099      1.18432      0.28667
      5.19167      1.43738      1.12816      0.30922
      5.20167      0.95471      0.71967      0.23504
      5.21167      0.50943      0.36013      0.14930
      5.22167      0.30359      0.20901      0.09458
      5.23167      0.45527      0.34795      0.10732
      5.24167      0.79592      0.63577      0.16015
      5.25167      0.93628      0.73032      0.20596
      5.26167      0.80331      0.60891      0.19440
      5.27167      0.69080      0.53007      0.16072
      5.28167      0.54129      0.41478      0.12651
      5.29167      0.48233      0.36360      0.11873
      5.30167      0.71411      0.55314      0.16097
      5.31167      1.15433      0.90368      0.25065
      5.32167      1.16194      0.89837      0.26358
      5.33167      0.83498      0.61250      0.22248
      5.34167      0.70172      0.50116      0.20056
      5.35167      0.69483      0.51680      0.17803
      5.36167      0.68112      0.51948      0.16164
      5.37167      0.74881      0.56175      0.18706
      5.38167      0.85597      0.63867      0.21731
      5.39167      0.80814      0.60981      0.19832
      5.40167      0.60173      0.44235      0.15938
      5.41167      0.40768      0.28256      0.12512
      5.42167      0.45305      0.32224      0.13081
      5.43167      0.58545      0.42314      0.16231
      5.44167      0.68278      0.49332      0.18946
      5.45167      0.77279      0.58443      0.18837
      5.46167      0.96216      0.74928      0.21288
      5.47167      0.97687      0.75088      0.22599
      5.48167      0.68469      0.50854      0.17615
      5.49167      0.57358      0.39794      0.17563
      5.50167      0.61973      0.39991      0.21983
      5.51167      0.58815      0.37859      0.20956
      5.52167      0.57537      0.38774      0.18763
      5.53167      0.67574      0.48370      0.19203
      5.54167      0.73990      0.54420      0.19570
      5.55167      0.63206      0.47096      0.16109
      5.56167      0.52378      0.38111      0.14267
      5.57167      0.53694      0.37129      0.16565
      5.58167      0.57889      0.39735      0.18154
      5.59167      0.68638      0.47641      0.20997
      5.60167      0.83321      0.58238      0.25083
      5.61167      0.84422      0.61515      0.22907
      5.62167      0.96191      0.73601      0.22589
      5.63167      1.05966      0.79631      0.26336
      5.64167      0.72452      0.49849      0.22603
      5.65167      0.30161      0.18209      0.11952
      5.66167      0.09312      0.05568      0.03744
      5.67167      0.19297      0.13375      0.05922
      5.68167      0.58110      0.38977      0.19133
      5.69167      0.83426      0.53868      0.29558
      5.70167      0.77556      0.49093      0.28464
      5.71167      0.79971      0.52399      0.27572
      5.72167      0.84485      0.58639      0.25846
      5.73167      0.69918      0.49447      0.20471
      5.74167      0.45334      0.30592      0.14742
      5.75167      0.38425      0.24577      0.13848
      5.76167      0.36497      0.24723      0.11774
      5.77167      0.41592      0.29979      0.11613
      5.78167      0.59132      0.40280      0.18852
      5.79167      0.82024      0.54284      0.27739
      5.80167      0.99820      0.68089      0.31731
      5.81167      0.92225      0.62587      0.29638
      5.82167      0.71222      0.46751      0.24471
      5.83167      0.58210      0.39634      0.18576
      5.84167      0.42057      0.30921      0.11136
      5.85167      0.35063      0.26363      0.08700
      5.86167      0.49514      0.34327      0.15187
      5.87167      0.61984      0.39716      0.22268
      5.88167      0.60605      0.38878      0.21727
      5.89167      0.65407      0.42168      0.23239
      5.90167      0.61513      0.37530      0.23983
      5.91167      0.52495      0.31307      0.21188
      5.92167      0.59853      0.36871      0.22982
      5.93167      0.61246      0.37204      0.24043
      5.94167      0.58473      0.36055      0.22418
      5.95167      0.58410      0.36348      0.22062
      5.96167      0.52281      0.32896      0.19385
      5.97167      0.57073      0.39373      0.17700
      5.98167      0.81390      0.57163      0.24227
      5.99167      0.91810      0.62130      0.29680
      6.00167      0.64564      0.41783      0.22781
      6.01167      0.39056      0.23064      0.15991
      6.02167      0.38750      0.22209      0.16541
      6.03167      0.40816      0.24256      0.16560
      6.04167      0.43465      0.27140      0.16324
      6.05167      0.55684      0.33958      0.21726
      6.06167      0.58438      0.34928      0.23510
      6.07167      0.54499      0.34292      0.20207
      6.08167      0.57381      0.38104      0.19277
      6.09167      0.45752      0.32010      0.13743
      6.10167      0.33916      0.24133      0.09783
      6.11167      0.44996      0.27867      0.17129
      6.12167      0.79861      0.44879      0.34982
      6.13167      0.95719      0.54097      0.41622
      6.14167      0.76022      0.45022      0.31000
      6.15167      0.66257      0.42381      0.23876
      6.16167      0.76821      0.51431      0.25389
      6.17167      0.76575      0.51723      0.24853
      6.18167      0.66525      0.41717      0.24808
      6.19167      0.46306      0.24869      0.21437
      6.20167      0.27116      0.12450      0.14666
      6.21167      0.33935      0.16271      0.17664
      6.22167      0.50002      0.28489      0.21513
      6.23167      0.52052      0.33540      0.18512
      6.24167      0.44731      0.26818      0.17914
      6.25167      0.45323      0.23025      0.22301
      6.26167      0.63218      0.34921      0.28419
      6.27167      0.87815      0.51278      0.38339
      6.28167      1.06012      0.43945      0.72691
      6.29167      1.33478      0.21113      1.38956
      6.30167      1.48084      0.15771      1.64558
      6.31167      1.29197      0.20773      1.33897
      6.32167      1.14440      0.26637      1.06648
      6.33167      1.05791      0.29764      0.90257
      6.34167      1.06546      0.24724      0.98327
      6.35167      1.21560      0.28414      1.13748
      6.36167      1.25775      0.44507      0.97656
      6.37167      1.25462      0.54825      0.82880
      6.38167      1.22271      0.49958      0.85350
      6.39167      1.24504      0.45276      0.93260
      6.40167      1.14590      0.40406      0.86182
      6.41167      0.91985      0.33462      0.68519
      6.42167      0.80260      0.29635      0.61439
      6.43167      0.87653      0.26300      0.77720
      6.44167      0.91398      0.24051      0.87146
      6.45167      0.80935      0.23709      0.73471
      6.46167      0.79241      0.26927      0.63149
      6.47167      0.80782      0.27912      0.62492
      6.48167      0.81271      0.26325      0.67955
      6.49167      0.89329      0.31536      0.71037
      6.50167      0.92444      0.33180      0.69753
      6.51167      0.82627      0.29560      0.62602
      6.52167      0.68956      0.25903      0.53086
      6.53167      0.68276      0.21805      0.59492
      6.54167      0.98086      0.29929      0.85783
      6.55167      1.17091      0.42545      0.91281
      6.56167      1.05388      0.46737      0.71414
      6.57167      0.96501      0.44263      0.65320
      6.58167      1.16253      0.49783      0.79854
      6.59167      4.63533      2.30284      2.44942
      6.60167     14.46225      7.48096      7.09958
      6.61167     17.92287      9.32289      8.71426
      6.62167      8.65565      4.42093      4.36112
      6.63167      2.18094      0.98670      1.31109
      6.64167      0.91495      0.35209      0.62654
      6.65167      0.88446      0.34763      0.59916
      6.66167      0.95046      0.35172      0.71234
      6.67167      0.99296      0.31180      0.86666
      6.68167      0.96240      0.27174      0.90250
      6.69167      0.86080      0.24916      0.78079
      6.70167      0.86717      0.28669      0.70860
      6.71167      0.86028      0.35209      0.60094
      6.72167      0.78957      0.33558      0.52624
      6.73167      0.79166      0.30508      0.58741
      6.74167      0.89169      0.35661      0.67529
      6.75167      0.97450      0.38964      0.74894
      6.76167      0.93316      0.34489      0.74196
      6.77167      0.66391      0.23428      0.51402
      6.78167      0.48469      0.13029      0.41477
      6.79167      0.59573      0.11294      0.59535
      6.80167      0.73767      0.19465      0.64812
      6.81167      0.84196      0.32965      0.56542
      6.82167      0.81882      0.31611      0.59602
      6.83167      0.71733      0.15641      0.75566
      6.84167      0.73520      0.12104      0.83555
      6.85167      1.01796      0.31271      0.88817
      6.86167      1.16721      0.46569      0.83417
      6.87167      0.79518      0.31435      0.57715
      6.88167      0.42944      0.11500      0.41074
      6.89167      0.33914      0.09489      0.32522
      6.90167      0.42003      0.15177      0.33834
      6.91167      0.74867      0.22970      0.63963
      6.92167      1.05774      0.29881      0.90622
      6.93167      1.11655      0.30276      0.96436
      6.94167      1.09634      0.34408      0.89509
      6.95167      1.06516      0.41835      0.74032
      6.96167      0.85954      0.37159      0.52867
      6.97167      0.77163      0.32297      0.49579
      6.98167      0.94669      0.33335      0.72629
      6.99167      0.89538      0.25976      0.79474
      7.00167      0.78441      0.21369      0.73618
      7.01167      0.80994      0.23399      0.72201
      7.02167      0.83905      0.24286      0.72742
      7.03167      0.85196      0.23891      0.75983
      7.04167      0.86122      0.23881      0.76839
      7.05167      0.80885      0.20139      0.73967
      7.06167      0.56986      0.14889      0.51184
      7.07167      0.56668      0.20001      0.43629
      7.08167      0.79355      0.23796      0.66840
      7.09167      0.87570      0.23830      0.76576
      7.10167      0.75441      0.23484      0.62487
      7.11167      0.64688      0.20628      0.53146
      7.12167      0.86817      0.28630      0.67839
      7.13167      1.13651      0.39282      0.86367
      7.14167      1.07930      0.36975      0.82601
      7.15167      0.78596      0.26128      0.60952
      7.16167      0.43633      0.13820      0.35378
      7.17167      0.43299      0.11320      0.39417
      7.18167      0.81600      0.15945      0.82834
      7.19167      1.06358      0.20803      1.07963
      7.20167      0.96950      0.24497      0.89377
      7.21167      0.73556      0.23120      0.60546
      7.22167      0.62752      0.21240      0.48693
      7.23167      0.77435      0.22894      0.63167
      7.24167      0.93346      0.23890      0.80465
      7.25167      1.01777      0.24888      0.89038
      7.26167      1.11479      0.28705      0.95206
      7.27167      1.05620      0.31957      0.84112
      7.28167      1.03211      0.34164      0.80271
      7.29167      1.20603      0.39752      0.94047
      7.30167      1.18071      0.42953      0.84757
      7.31167      0.80506      0.29465      0.56099
      7.32167      0.59286      0.13250      0.52457
      7.33167      0.51204      0.06201      0.54063
      7.34167      0.45843      0.05874      0.49477
      7.35167      0.66072      0.15431      0.60405
      7.36167      0.95471      0.24646      0.83733
      7.37167      1.04191      0.24936      0.94682
      7.38167      0.96875      0.21336      0.90122
      7.39167      1.10698      0.23888      1.01325
      7.40167      1.25515      0.30952      1.07936
      7.41167      0.97948      0.26717      0.80874
      7.42167      0.68389      0.19452      0.54897
      7.43167      0.70691      0.21126      0.55412
      7.44167      0.95483      0.28648      0.75157
      7.45167      1.01232      0.23975      0.89645
      7.46167      0.92726      0.14865      0.92638
      7.47167      0.87149      0.18569      0.79084
      7.48167      0.90896      0.23361      0.75931
      7.49167      1.01352      0.26186      0.84213
      7.50167      0.98018      0.30274      0.73272
      7.51167      0.90158      0.30026      0.64471
      7.52167      0.89071      0.25565      0.70560
      7.53167      0.91452      0.18251      0.83371
      7.54167      1.09958      0.16429      1.07466
      7.55167      1.42022      0.26380      1.29903
      7.56167      1.63360      0.36685      1.37684
      7.57167      1.42721      0.28031      1.24571
      7.58167      1.00007      0.13726      0.95227
      7.59167      0.87782      0.15507      0.78589
      7.60167      1.11730      0.25643      0.91590
      7.61167      1.36770      0.26403      1.18054
      7.62167      1.59434      0.26488      1.42164
      7.63167      1.64954      0.29833      1.42704
      7.64167      1.51102      0.27434      1.28921
      7.65167      1.39735      0.22126      1.21174
      7.66167      1.70494      0.25450      1.47540
      7.67167      2.25748      0.33837      1.94967
      7.68167      2.57105      0.36364      2.25109
      7.69167      2.18340      0.27635      1.94110
      7.70167      1.39590      0.17354      1.23433
      7.71167      1.13160      0.16350      0.96997
      7.72167      1.24962      0.18117      1.06858
      7.73167      1.18123      0.17458      1.00665
      7.74167      0.89361      0.13894      0.75467
      7.75167      0.49907      0.08349      0.41558
      7.76167      0.34910      0.06839      0.28071
      7.77167      0.36421      0.07341      0.29080
      7.78167      0.24651      0.04637      0.20014
      7.79167      0.09227      0.01622      0.07605
      7.80167      0.06521      0.01278      0.05244
      7.81167      0.13881      0.02795      0.11086
      7.82167      0.17827      0.03417      0.14410
      7.83167      0.18215      0.03272      0.14943
      7.84167      0.17212      0.03404      0.13808
      7.85167      0.18390      0.04285      0.14105
      7.86167      0.21601      0.05023      0.16578
      7.87167      0.26068      0.05859      0.20210
      7.88167      0.23028      0.05257      0.17771
      7.89167      0.13913      0.02978      0.10934
      7.90167      0.22093      0.03654      0.18439
      7.91167      0.43048      0.06693      0.36355
      7.92167      0.49120      0.07800      0.41319
      7.93167      0.44730      0.07764      0.36965
      7.94167      0.36823      0.06752      0.30071
      7.95167      0.25199      0.04521      0.20678
      7.96167      0.18148      0.02926      0.15223
      7.97167      0.14702      0.02246      0.12456
      7.98167      0.14570      0.02494      0.12075
      7.99167      0.28067      0.05432      0.22635
      8.00167      0.36125      0.07415      0.28710
      8.01167      0.27485      0.05602      0.21884
      8.02167      0.20394      0.03786      0.16607
      8.03167      0.18703      0.03745      0.14959
      8.04167      0.18865      0.04538      0.14327
      8.05167      0.20323      0.04743      0.15581
      8.06167      0.25008      0.05376      0.19632
      8.07167      0.24381      0.05462      0.18919
      8.08167      0.16537      0.03462      0.13075
      8.09167      0.20427      0.03246      0.17181
      8.10167      0.29892      0.04742      0.25150
      8.11167      0.32000      0.05398      0.26602
      8.12167      0.30191      0.05615      0.24576
      8.13167      0.22075      0.04692      0.17383
      8.14167      0.24661      0.05693      0.18968
      8.15167      0.37701      0.08250      0.29451
      8.16167      0.30083      0.05960      0.24123
      8.17167      0.10962      0.01944      0.09018
      8.18167      0.03004      0.00567      0.02436
      8.19167      0.07115      0.01589      0.05526
      8.20167      0.15246      0.03351      0.11896
      8.21167      0.18366      0.03764      0.14602
      8.22167      0.21554      0.04471      0.17083
      8.23167      0.22363      0.05507      0.16856
      8.24167      0.17342      0.04780      0.12562
      8.25167      0.19828      0.05285      0.14543
      8.26167      0.29737      0.07591      0.22146
      8.27167      0.30846      0.06484      0.24363
      8.28167      0.35623      0.05231      0.30392
      8.29167      0.41873      0.05899      0.35974
      8.30167      0.43001      0.06904      0.36098
      8.31167      0.41806      0.07853      0.33953
      8.32167      0.39533      0.08522      0.31011
      8.33167      0.30877      0.06538      0.24338
      8.34167      0.17508      0.03184      0.14324
      8.35167      0.13833      0.02165      0.11668
      8.36167      0.14662      0.02341      0.12321
      8.37167      0.14134      0.02911      0.11223
      8.38167      0.25883      0.06125      0.19758
      8.39167      0.34234      0.08033      0.26202
      8.40167      0.31919      0.06306      0.25697
      8.41167      1.22077      0.05393      1.18223
      8.42167      7.01016      0.07336      7.03991
      8.43167     16.83229      0.06194     17.02479
      8.44167     15.25234      0.03750     15.44647
      8.45167      5.38932      0.05998      5.40826
      8.46167      1.14096      0.07522      1.07775
      8.47167      0.51519      0.05090      0.46704
      8.48167      0.41126      0.03213      0.38085
      8.49167      0.34997      0.03147      0.31969
      8.50167      0.45105      0.05875      0.39306
      8.51167      0.65283      0.09053      0.56302
      8.52167      0.58232      0.08953      0.49328
      8.53167      0.41603      0.07438      0.34181
      8.54167      0.36771      0.05983      0.30790
      8.55167      0.41188      0.05702      0.35486
      8.56167      0.38328      0.04568      0.33760
      8.57167      0.27744      0.02200      0.25544
      8.58167      0.30392      0.01415      0.28977
      8.59167      0.38373      0.03652      0.34721
      8.60167      0.43648      0.07425      0.36222
      8.61167      0.42283      0.08848      0.33434
      8.62167      0.42698      0.07320      0.35378
      8.63167      0.42449      0.06563      0.35886
      8.64167      0.37121      0.08664      0.28458
      8.65167      0.41580      0.09909      0.31671
      8.66167      0.49969      0.07623      0.42346
      8.67167      0.62706      0.06457      0.56249
      8.68167      0.66666      0.06686      0.59980
      8.69167      0.62832      0.08856      0.53976
      8.70167      0.67209      0.13448      0.53761
      8.71167      0.64007      0.13414      0.50593
      8.72167      0.49760      0.07778      0.41983
      8.73167      0.37703      0.04088      0.33615
      8.74167      0.38113      0.04002      0.34111
      8.75167      0.34836      0.04705      0.30131
      8.76167      0.32098      0.07536      0.24562
      8.77167      0.34130      0.09077      0.25053
      8.78167      0.44089      0.09605      0.34484
      8.79167      0.73043      0.14961      0.58082
      8.80167      0.73540      0.14761      0.58778
      8.81167      0.45435      0.08456      0.36979
      8.82167      0.35631      0.08174      0.27457
      8.83167      0.41844      0.10441      0.31404
      8.84167      0.33620      0.06980      0.26640
      8.85167      0.25499      0.03499      0.22000
      8.86167      0.41706      0.05417      0.36289
      8.87167      0.53390      0.08745      0.44645
      8.88167      0.53826      0.11836      0.41990
      8.89167      0.63492      0.17306      0.46185
      8.90167      0.55307      0.16141      0.39167
      8.91167      0.35632      0.09782      0.25850
      8.92167      0.33290      0.06599      0.26691
      8.93167      0.45876      0.06691      0.39185
      8.94167      0.55935      0.08861      0.47074
      8.95167      0.59393      0.13173      0.46220
      8.96167      0.49157      0.14168      0.34989
      8.97167      0.38916      0.10544      0.28372
      8.98167      0.36674      0.09359      0.27314
      8.99167      0.42088      0.13175      0.28913
      9.00167      0.46954      0.14833      0.32121
      9.01167      0.36588      0.09556      0.27031
      9.02167      0.33097      0.07823      0.25274
      9.03167      0.45835      0.13764      0.32071
      9.04167      0.47969      0.15331      0.32638
      9.05167      0.32017      0.08880      0.23137
      9.06167      0.29816      0.06646      0.23171
      9.07167      0.49037      0.11889      0.37149
      9.08167      0.67163      0.15445      0.51718
      9.09167      0.68867      0.13526      0.55341
      9.10167      0.71519      0.16087      0.55432
      9.11167      0.83455      0.26374      0.57081
      9.12167      0.83308      0.28218      0.55090
      9.13167      0.62173      0.16867      0.45305
      9.14167      0.41839      0.09524      0.32315
      9.15167      0.37692      0.11085      0.26607
      9.16167      0.43626      0.15195      0.28431
      9.17167      0.42597      0.14476      0.28121
      9.18167      0.49567      0.15034      0.34533
      9.19167      0.56781      0.16878      0.39903
      9.20167      0.50108      0.17312      0.32797
      9.21167      0.39431      0.14280      0.25151
      9.22167      0.33621      0.10384      0.23237
      9.23167      0.34317      0.11187      0.23130
      9.24167      0.40332      0.17855      0.22477
      9.25167      0.51631      0.23989      0.27642
      9.26167      0.47663      0.18501      0.29161
      9.27167      0.47119      0.13129      0.33989
      9.28167      0.65650      0.17041      0.48608
      9.29167      0.73314      0.22149      0.51165
      9.30167      0.69299      0.26879      0.42420
      9.31167      0.62323      0.25028      0.37295
      9.32167      0.50831      0.17021      0.33810
      9.33167      0.49112      0.15225      0.33887
      9.34167      0.44897      0.15112      0.29785
      9.35167      0.41522      0.16350      0.25172
      9.36167      0.58778      0.26062      0.32716
      9.37167      0.61436      0.29390      0.32046
      9.38167      0.51214      0.24610      0.26604
      9.39167      0.50634      0.23580      0.27054
      9.40167      0.57046      0.26954      0.30092
      9.41167      0.58074      0.28246      0.29828
      9.42167      0.46984      0.24710      0.22273
      9.43167      0.34761      0.20517      0.14244
      9.44167      0.38986      0.19919      0.19067
      9.45167      0.70514      0.23816      0.46697
      9.46167      1.34032      0.33444      1.00589
      9.47167      1.81428      0.36093      1.45345
      9.48167      2.18777      0.38845      1.79987
      9.49167      2.79135      0.51996      2.27290
      9.50167      3.07167      0.62237      2.45348
      9.51167      2.75763      0.62492      2.14478
      9.52167      2.44105      0.68269      1.78085
      9.53167      2.06475      0.63935      1.45130
      9.54167      1.68699      0.45232      1.26486
      9.55167      1.69653      0.34091      1.39786
      9.56167      1.77342      0.35178      1.46930
      9.57167      1.72875      0.41243      1.36593
      9.58167      1.85983      0.58989      1.32196
      9.59167      1.74714      0.72143      1.06493
      9.60167      1.31951      0.59866      0.75162
      9.61167      1.21591      0.47794      0.78052
      9.62167      1.59132      0.54982      1.10730
      9.63167      1.63076      0.60137      1.09575
      9.64167      1.46661      0.59527      0.92529
      9.65167      1.71273      0.75443      1.01811
      9.66167      1.74824      0.91927      0.87305
      9.67167      1.74032      1.00221      0.76730
      9.68167      1.68625      0.90698      0.82898
      9.69167      1.41941      0.75616      0.71992
      9.70167      1.35336      0.78034      0.60220
      9.71167      1.62076      0.87803      0.75991
      9.72167      1.99347      0.95190      1.08785
      9.73167      2.07204      0.86299      1.30167
      9.74167      1.74321      0.60693      1.25543
      9.75167      1.41090      0.45652      1.06594
      9.76167      1.29617      0.50990      0.86836
      9.77167      1.26653      0.61989      0.70074
      9.78167      1.34475      0.70371      0.68468
      9.79167      1.40013      0.67114      0.78152
      9.80167      1.07444      0.51127      0.60175
      9.81167      0.77695      0.37308      0.43291
      9.82167      1.05368      0.51645      0.58234
      9.83167      1.47302      0.78348      0.74223
      9.84167      1.45987      0.71264      0.80852
      9.85167      1.37793      0.54160      0.92138
      9.86167      1.24276      0.49028      0.83405
      9.87167      0.90377      0.42244      0.53236
      9.88167      0.82407      0.47025      0.38135
      9.89167      1.04336      0.61112      0.46040
      9.90167      1.22486      0.64937      0.62988
      9.91167      1.24806      0.60760      0.71453
      9.92167      1.09202      0.50744      0.64872
      9.93167      1.11341      0.55347      0.59988
      9.94167      1.33468      0.65509      0.71291
      9.95167      1.34316      0.57318      0.81796
      9.96167      1.29907      0.54783      0.79685
      9.97167      1.31262      0.60254      0.74512
      9.98167      1.39550      0.65980      0.78322
      9.99167      1.54123      0.69323      0.92609
     10.00167      1.71575      0.70053      1.12941
     10.01167      1.82775      0.80186      1.13668
     10.02167      1.66952      0.84224      0.89584
     10.03167      1.35038      0.70897      0.68159
     10.04167      1.03943      0.54271      0.52647
     10.05167      0.79621      0.41112      0.41916
     10.06167      0.70847      0.35538      0.39600
     10.07167      0.86702      0.36389      0.57374
     10.08167      1.11392      0.50893      0.68562
     10.09167      1.44030      0.82982      0.66748
     10.10167      1.67589      1.02516      0.69809
     10.11167      1.48733      0.86243      0.68173
     10.12167      1.06030      0.56699      0.54482
     10.13167      0.72226      0.39730      0.35211
     10.14167      0.67466      0.33770      0.37004
     10.15167      0.77578      0.29133      0.54827
     10.16167      0.85125      0.27478      0.65272
     10.17167      0.82523      0.34174      0.53374
     10.18167      0.95609      0.56451      0.41534
     10.19167      1.22442      0.71737      0.55013
     10.20167      1.11136      0.50414      0.68572
     10.21167      0.90133      0.35039      0.62231
     10.22167      1.30352      0.71465      0.63286
     10.23167      2.24061      1.38467      0.88731
     10.24167      2.30520      1.47379      0.84939
     10.25167      1.41871      0.94812      0.48434
