cpu-bind=MASK - n2lcn0104, task  0  0 [2238696]: mask |BBBBBBBB|BBBBBBBB||BBBBBBBB|BBBBBBBB||BBBBBBBB|BBBBBBBB||BBBBBBBB|BBBBBBBB||||BBBBBBBB|BBBBBBBB||BBBBBBBB|BBBBBBBB||BBBBBBBB|BBBBBBBB||BBBBBBBB|BBBBBBBB|  set
The following modules were not unloaded:
  (Use "module --force purge" to unload all):

  1) pc2fs   2) slurm/24.11.5-1   3) DefaultModules
cpu-bind=MASK - n2lcn0104, task  0  0 [2239178]: mask |BBBBBBBB|--------||--------|--------||--------|--------||--------|--------||||--------|--------||--------|--------||--------|--------||--------|--------|  set
cpu-bind=MASK - n2lcn0104, task  1  1 [2239179]: mask |--------|BBBBBBBB||--------|--------||--------|--------||--------|--------||||--------|--------||--------|--------||--------|--------||--------|--------|  set
cpu-bind=MASK - n2lcn0104, task  2  2 [2239180]: mask |--------|--------||BBBBBBBB|--------||--------|--------||--------|--------||||--------|--------||--------|--------||--------|--------||--------|--------|  set
cpu-bind=MASK - n2lcn0104, task  3  3 [2239181]: mask |--------|--------||--------|BBBBBBBB||--------|--------||--------|--------||||--------|--------||--------|--------||--------|--------||--------|--------|  set
cpu-bind=MASK - n2lcn0104, task  4  4 [2239182]: mask |--------|--------||--------|--------||BBBBBBBB|--------||--------|--------||||--------|--------||--------|--------||--------|--------||--------|--------|  set
cpu-bind=MASK - n2lcn0108, task 48  0 [733692]: mask |BBBBBBBB|--------||--------|--------||--------|--------||--------|--------||||--------|--------||--------|--------||--------|--------||--------|--------|  set
cpu-bind=MASK - n2lcn0104, task  5  5 [2239183]: mask |--------|--------||--------|--------||--------|BBBBBBBB||--------|--------||||--------|--------||--------|--------||--------|--------||--------|--------|  set
cpu-bind=MASK - n2lcn0108, task 49  1 [733693]: mask |--------|BBBBBBBB||--------|--------||--------|--------||--------|--------||||--------|--------||--------|--------||--------|--------||--------|--------|  set
cpu-bind=MASK - n2lcn0105, task 16  0 [3867102]: mask |BBBBBBBB|--------||--------|--------||--------|--------||--------|--------||||--------|--------||--------|--------||--------|--------||--------|--------|  set
cpu-bind=MASK - n2lcn0104, task  6  6 [2239184]: mask |--------|--------||--------|--------||--------|--------||BBBBBBBB|--------||||--------|--------||--------|--------||--------|--------||--------|--------|  set
cpu-bind=MASK - n2lcn0108, task 50  2 [733694]: mask |--------|--------||BBBBBBBB|--------||--------|--------||--------|--------||||--------|--------||--------|--------||--------|--------||--------|--------|  set
cpu-bind=MASK - n2lcn0105, task 17  1 [3867103]: mask |--------|BBBBBBBB||--------|--------||--------|--------||--------|--------||||--------|--------||--------|--------||--------|--------||--------|--------|  set
cpu-bind=MASK - n2lcn0108, task 51  3 [733695]: mask |--------|--------||--------|BBBBBBBB||--------|--------||--------|--------||||--------|--------||--------|--------||--------|--------||--------|--------|  set
cpu-bind=MASK - n2lcn0104, task  7  7 [2239185]: mask |--------|--------||--------|--------||--------|--------||--------|BBBBBBBB||||--------|--------||--------|--------||--------|--------||--------|--------|  set
cpu-bind=MASK - n2lcn0105, task 18  2 [3867104]: mask |--------|--------||BBBBBBBB|--------||--------|--------||--------|--------||||--------|--------||--------|--------||--------|--------||--------|--------|  set
cpu-bind=MASK - n2lcn0108, task 52  4 [733696]: mask |--------|--------||--------|--------||BBBBBBBB|--------||--------|--------||||--------|--------||--------|--------||--------|--------||--------|--------|  set
cpu-bind=MASK - n2lcn0104, task  8  8 [2239186]: mask |--------|--------||--------|--------||--------|--------||--------|--------||||BBBBBBBB|--------||--------|--------||--------|--------||--------|--------|  set
cpu-bind=MASK - n2lcn0105, task 19  3 [3867105]: mask |--------|--------||--------|BBBBBBBB||--------|--------||--------|--------||||--------|--------||--------|--------||--------|--------||--------|--------|  set
cpu-bind=MASK - n2lcn0108, task 53  5 [733697]: mask |--------|--------||--------|--------||--------|BBBBBBBB||--------|--------||||--------|--------||--------|--------||--------|--------||--------|--------|  set
cpu-bind=MASK - n2lcn0104, task  9  9 [2239187]: mask |--------|--------||--------|--------||--------|--------||--------|--------||||--------|BBBBBBBB||--------|--------||--------|--------||--------|--------|  set
cpu-bind=MASK - n2lcn0113, task 112  0 [175993]: mask |BBBBBBBB|--------||--------|--------||--------|--------||--------|--------||||--------|--------||--------|--------||--------|--------||--------|--------|  set
cpu-bind=MASK - n2lcn0105, task 20  4 [3867106]: mask |--------|--------||--------|--------||BBBBBBBB|--------||--------|--------||||--------|--------||--------|--------||--------|--------||--------|--------|  set
cpu-bind=MASK - n2lcn0108, task 54  6 [733698]: mask |--------|--------||--------|--------||--------|--------||BBBBBBBB|--------||||--------|--------||--------|--------||--------|--------||--------|--------|  set
cpu-bind=MASK - n2lcn0104, task 10 10 [2239188]: mask |--------|--------||--------|--------||--------|--------||--------|--------||||--------|--------||BBBBBBBB|--------||--------|--------||--------|--------|  set
cpu-bind=MASK - n2lcn0113, task 113  1 [175994]: mask |--------|BBBBBBBB||--------|--------||--------|--------||--------|--------||||--------|--------||--------|--------||--------|--------||--------|--------|  set
cpu-bind=MASK - n2lcn0110, task 80  0 [1566659]: mask |BBBBBBBB|--------||--------|--------||--------|--------||--------|--------||||--------|--------||--------|--------||--------|--------||--------|--------|  set
cpu-bind=MASK - n2lcn0105, task 21  5 [3867107]: mask |--------|--------||--------|--------||--------|BBBBBBBB||--------|--------||||--------|--------||--------|--------||--------|--------||--------|--------|  set
cpu-bind=MASK - n2lcn0108, task 55  7 [733699]: mask |--------|--------||--------|--------||--------|--------||--------|BBBBBBBB||||--------|--------||--------|--------||--------|--------||--------|--------|  set
cpu-bind=MASK - n2lcn0109, task 64  0 [3877858]: mask |BBBBBBBB|--------||--------|--------||--------|--------||--------|--------||||--------|--------||--------|--------||--------|--------||--------|--------|  set
cpu-bind=MASK - n2lcn0123, task 208  0 [1061256]: mask |BBBBBBBB|--------||--------|--------||--------|--------||--------|--------||||--------|--------||--------|--------||--------|--------||--------|--------|  set
cpu-bind=MASK - n2lcn0104, task 11 11 [2239189]: mask |--------|--------||--------|--------||--------|--------||--------|--------||||--------|--------||--------|BBBBBBBB||--------|--------||--------|--------|  set
cpu-bind=MASK - n2lcn0112, task 96  0 [2898437]: mask |BBBBBBBB|--------||--------|--------||--------|--------||--------|--------||||--------|--------||--------|--------||--------|--------||--------|--------|  set
cpu-bind=MASK - n2lcn0110, task 81  1 [1566660]: mask |--------|BBBBBBBB||--------|--------||--------|--------||--------|--------||||--------|--------||--------|--------||--------|--------||--------|--------|  set
cpu-bind=MASK - n2lcn0113, task 114  2 [175995]: mask |--------|--------||BBBBBBBB|--------||--------|--------||--------|--------||||--------|--------||--------|--------||--------|--------||--------|--------|  set
cpu-bind=MASK - n2lcn0105, task 22  6 [3867108]: mask |--------|--------||--------|--------||--------|--------||BBBBBBBB|--------||||--------|--------||--------|--------||--------|--------||--------|--------|  set
cpu-bind=MASK - n2lcn0108, task 56  8 [733700]: mask |--------|--------||--------|--------||--------|--------||--------|--------||||BBBBBBBB|--------||--------|--------||--------|--------||--------|--------|  set
cpu-bind=MASK - n2lcn0109, task 65  1 [3877859]: mask |--------|BBBBBBBB||--------|--------||--------|--------||--------|--------||||--------|--------||--------|--------||--------|--------||--------|--------|  set
cpu-bind=MASK - n2lcn0123, task 209  1 [1061257]: mask |--------|BBBBBBBB||--------|--------||--------|--------||--------|--------||||--------|--------||--------|--------||--------|--------||--------|--------|  set
cpu-bind=MASK - n2lcn0107, task 32  0 [3526343]: mask |BBBBBBBB|--------||--------|--------||--------|--------||--------|--------||||--------|--------||--------|--------||--------|--------||--------|--------|  set
cpu-bind=MASK - n2lcn0104, task 12 12 [2239190]: mask |--------|--------||--------|--------||--------|--------||--------|--------||||--------|--------||--------|--------||BBBBBBBB|--------||--------|--------|  set
cpu-bind=MASK - n2lcn0112, task 97  1 [2898438]: mask |--------|BBBBBBBB||--------|--------||--------|--------||--------|--------||||--------|--------||--------|--------||--------|--------||--------|--------|  set
cpu-bind=MASK - n2lcn0110, task 82  2 [1566661]: mask |--------|--------||BBBBBBBB|--------||--------|--------||--------|--------||||--------|--------||--------|--------||--------|--------||--------|--------|  set
cpu-bind=MASK - n2lcn0113, task 115  3 [175996]: mask |--------|--------||--------|BBBBBBBB||--------|--------||--------|--------||||--------|--------||--------|--------||--------|--------||--------|--------|  set
cpu-bind=MASK - n2lcn0105, task 23  7 [3867109]: mask |--------|--------||--------|--------||--------|--------||--------|BBBBBBBB||||--------|--------||--------|--------||--------|--------||--------|--------|  set
cpu-bind=MASK - n2lcn0109, task 66  2 [3877860]: mask |--------|--------||BBBBBBBB|--------||--------|--------||--------|--------||||--------|--------||--------|--------||--------|--------||--------|--------|  set
cpu-bind=MASK - n2lcn0108, task 57  9 [733701]: mask |--------|--------||--------|--------||--------|--------||--------|--------||||--------|BBBBBBBB||--------|--------||--------|--------||--------|--------|  set
cpu-bind=MASK - n2lcn0123, task 210  2 [1061258]: mask |--------|--------||BBBBBBBB|--------||--------|--------||--------|--------||||--------|--------||--------|--------||--------|--------||--------|--------|  set
cpu-bind=MASK - n2lcn0128, task 240  0 [3677539]: mask |BBBBBBBB|--------||--------|--------||--------|--------||--------|--------||||--------|--------||--------|--------||--------|--------||--------|--------|  set
cpu-bind=MASK - n2lcn0107, task 33  1 [3526344]: mask |--------|BBBBBBBB||--------|--------||--------|--------||--------|--------||||--------|--------||--------|--------||--------|--------||--------|--------|  set
cpu-bind=MASK - n2lcn0104, task 13 13 [2239191]: mask |--------|--------||--------|--------||--------|--------||--------|--------||||--------|--------||--------|--------||--------|BBBBBBBB||--------|--------|  set
cpu-bind=MASK - n2lcn0110, task 83  3 [1566662]: mask |--------|--------||--------|BBBBBBBB||--------|--------||--------|--------||||--------|--------||--------|--------||--------|--------||--------|--------|  set
cpu-bind=MASK - n2lcn0112, task 98  2 [2898439]: mask |--------|--------||BBBBBBBB|--------||--------|--------||--------|--------||||--------|--------||--------|--------||--------|--------||--------|--------|  set
cpu-bind=MASK - n2lcn0113, task 116  4 [175997]: mask |--------|--------||--------|--------||BBBBBBBB|--------||--------|--------||||--------|--------||--------|--------||--------|--------||--------|--------|  set
cpu-bind=MASK - n2lcn0105, task 24  8 [3867110]: mask |--------|--------||--------|--------||--------|--------||--------|--------||||BBBBBBBB|--------||--------|--------||--------|--------||--------|--------|  set
cpu-bind=MASK - n2lcn0109, task 67  3 [3877861]: mask |--------|--------||--------|BBBBBBBB||--------|--------||--------|--------||||--------|--------||--------|--------||--------|--------||--------|--------|  set
cpu-bind=MASK - n2lcn0123, task 211  3 [1061259]: mask |--------|--------||--------|BBBBBBBB||--------|--------||--------|--------||||--------|--------||--------|--------||--------|--------||--------|--------|  set
cpu-bind=MASK - n2lcn0108, task 58 10 [733702]: mask |--------|--------||--------|--------||--------|--------||--------|--------||||--------|--------||BBBBBBBB|--------||--------|--------||--------|--------|  set
cpu-bind=MASK - n2lcn0115, task 144  0 [1725184]: mask |BBBBBBBB|--------||--------|--------||--------|--------||--------|--------||||--------|--------||--------|--------||--------|--------||--------|--------|  set
cpu-bind=MASK - n2lcn0128, task 241  1 [3677540]: mask |--------|BBBBBBBB||--------|--------||--------|--------||--------|--------||||--------|--------||--------|--------||--------|--------||--------|--------|  set
cpu-bind=MASK - n2lcn0107, task 34  2 [3526345]: mask |--------|--------||BBBBBBBB|--------||--------|--------||--------|--------||||--------|--------||--------|--------||--------|--------||--------|--------|  set
cpu-bind=MASK - n2lcn0110, task 84  4 [1566663]: mask |--------|--------||--------|--------||BBBBBBBB|--------||--------|--------||||--------|--------||--------|--------||--------|--------||--------|--------|  set
cpu-bind=MASK - n2lcn0104, task 14 14 [2239192]: mask |--------|--------||--------|--------||--------|--------||--------|--------||||--------|--------||--------|--------||--------|--------||BBBBBBBB|--------|  set
cpu-bind=MASK - n2lcn0112, task 99  3 [2898440]: mask |--------|--------||--------|BBBBBBBB||--------|--------||--------|--------||||--------|--------||--------|--------||--------|--------||--------|--------|  set
cpu-bind=MASK - n2lcn0113, task 117  5 [175998]: mask |--------|--------||--------|--------||--------|BBBBBBBB||--------|--------||||--------|--------||--------|--------||--------|--------||--------|--------|  set
cpu-bind=MASK - n2lcn0105, task 25  9 [3867111]: mask |--------|--------||--------|--------||--------|--------||--------|--------||||--------|BBBBBBBB||--------|--------||--------|--------||--------|--------|  set
cpu-bind=MASK - n2lcn0123, task 212  4 [1061260]: mask |--------|--------||--------|--------||BBBBBBBB|--------||--------|--------||||--------|--------||--------|--------||--------|--------||--------|--------|  set
cpu-bind=MASK - n2lcn0109, task 68  4 [3877862]: mask |--------|--------||--------|--------||BBBBBBBB|--------||--------|--------||||--------|--------||--------|--------||--------|--------||--------|--------|  set
cpu-bind=MASK - n2lcn0108, task 59 11 [733703]: mask |--------|--------||--------|--------||--------|--------||--------|--------||||--------|--------||--------|BBBBBBBB||--------|--------||--------|--------|  set
cpu-bind=MASK - n2lcn0122, task 192  0 [792261]: mask |BBBBBBBB|--------||--------|--------||--------|--------||--------|--------||||--------|--------||--------|--------||--------|--------||--------|--------|  set
cpu-bind=MASK - n2lcn0128, task 242  2 [3677541]: mask |--------|--------||BBBBBBBB|--------||--------|--------||--------|--------||||--------|--------||--------|--------||--------|--------||--------|--------|  set
cpu-bind=MASK - n2lcn0110, task 85  5 [1566664]: mask |--------|--------||--------|--------||--------|BBBBBBBB||--------|--------||||--------|--------||--------|--------||--------|--------||--------|--------|  set
cpu-bind=MASK - n2lcn0115, task 145  1 [1725185]: mask |--------|BBBBBBBB||--------|--------||--------|--------||--------|--------||||--------|--------||--------|--------||--------|--------||--------|--------|  set
cpu-bind=MASK - n2lcn0107, task 35  3 [3526346]: mask |--------|--------||--------|BBBBBBBB||--------|--------||--------|--------||||--------|--------||--------|--------||--------|--------||--------|--------|  set
cpu-bind=MASK - n2lcn0112, task 100  4 [2898441]: mask |--------|--------||--------|--------||BBBBBBBB|--------||--------|--------||||--------|--------||--------|--------||--------|--------||--------|--------|  set
cpu-bind=MASK - n2lcn0113, task 118  6 [175999]: mask |--------|--------||--------|--------||--------|--------||BBBBBBBB|--------||||--------|--------||--------|--------||--------|--------||--------|--------|  set
cpu-bind=MASK - n2lcn0109, task 69  5 [3877863]: mask |--------|--------||--------|--------||--------|BBBBBBBB||--------|--------||||--------|--------||--------|--------||--------|--------||--------|--------|  set
cpu-bind=MASK - n2lcn0105, task 26 10 [3867112]: mask |--------|--------||--------|--------||--------|--------||--------|--------||||--------|--------||BBBBBBBB|--------||--------|--------||--------|--------|  set
cpu-bind=MASK - n2lcn0123, task 213  5 [1061261]: mask |--------|--------||--------|--------||--------|BBBBBBBB||--------|--------||||--------|--------||--------|--------||--------|--------||--------|--------|  set
cpu-bind=MASK - n2lcn0122, task 193  1 [792262]: mask |--------|BBBBBBBB||--------|--------||--------|--------||--------|--------||||--------|--------||--------|--------||--------|--------||--------|--------|  set
cpu-bind=MASK - n2lcn0108, task 60 12 [733704]: mask |--------|--------||--------|--------||--------|--------||--------|--------||||--------|--------||--------|--------||BBBBBBBB|--------||--------|--------|  set
cpu-bind=MASK - n2lcn0110, task 86  6 [1566665]: mask |--------|--------||--------|--------||--------|--------||BBBBBBBB|--------||||--------|--------||--------|--------||--------|--------||--------|--------|  set
cpu-bind=MASK - n2lcn0128, task 243  3 [3677542]: mask |--------|--------||--------|BBBBBBBB||--------|--------||--------|--------||||--------|--------||--------|--------||--------|--------||--------|--------|  set
cpu-bind=MASK - n2lcn0115, task 146  2 [1725186]: mask |--------|--------||BBBBBBBB|--------||--------|--------||--------|--------||||--------|--------||--------|--------||--------|--------||--------|--------|  set
cpu-bind=MASK - n2lcn0107, task 36  4 [3526347]: mask |--------|--------||--------|--------||BBBBBBBB|--------||--------|--------||||--------|--------||--------|--------||--------|--------||--------|--------|  set
cpu-bind=MASK - n2lcn0112, task 101  5 [2898442]: mask |--------|--------||--------|--------||--------|BBBBBBBB||--------|--------||||--------|--------||--------|--------||--------|--------||--------|--------|  set
cpu-bind=MASK - n2lcn0113, task 119  7 [176000]: mask |--------|--------||--------|--------||--------|--------||--------|BBBBBBBB||||--------|--------||--------|--------||--------|--------||--------|--------|  set
cpu-bind=MASK - n2lcn0123, task 214  6 [1061262]: mask |--------|--------||--------|--------||--------|--------||BBBBBBBB|--------||||--------|--------||--------|--------||--------|--------||--------|--------|  set
cpu-bind=MASK - n2lcn0109, task 70  6 [3877864]: mask |--------|--------||--------|--------||--------|--------||BBBBBBBB|--------||||--------|--------||--------|--------||--------|--------||--------|--------|  set
cpu-bind=MASK - n2lcn0105, task 27 11 [3867113]: mask |--------|--------||--------|--------||--------|--------||--------|--------||||--------|--------||--------|BBBBBBBB||--------|--------||--------|--------|  set
cpu-bind=MASK - n2lcn0122, task 194  2 [792263]: mask |--------|--------||BBBBBBBB|--------||--------|--------||--------|--------||||--------|--------||--------|--------||--------|--------||--------|--------|  set
cpu-bind=MASK - n2lcn0110, task 87  7 [1566666]: mask |--------|--------||--------|--------||--------|--------||--------|BBBBBBBB||||--------|--------||--------|--------||--------|--------||--------|--------|  set
cpu-bind=MASK - n2lcn0108, task 61 13 [733705]: mask |--------|--------||--------|--------||--------|--------||--------|--------||||--------|--------||--------|--------||--------|BBBBBBBB||--------|--------|  set
cpu-bind=MASK - n2lcn0128, task 244  4 [3677543]: mask |--------|--------||--------|--------||BBBBBBBB|--------||--------|--------||||--------|--------||--------|--------||--------|--------||--------|--------|  set
cpu-bind=MASK - n2lcn0115, task 147  3 [1725187]: mask |--------|--------||--------|BBBBBBBB||--------|--------||--------|--------||||--------|--------||--------|--------||--------|--------||--------|--------|  set
cpu-bind=MASK - n2lcn0112, task 102  6 [2898443]: mask |--------|--------||--------|--------||--------|--------||BBBBBBBB|--------||||--------|--------||--------|--------||--------|--------||--------|--------|  set
cpu-bind=MASK - n2lcn0107, task 37  5 [3526348]: mask |--------|--------||--------|--------||--------|BBBBBBBB||--------|--------||||--------|--------||--------|--------||--------|--------||--------|--------|  set
cpu-bind=MASK - n2lcn0113, task 120  8 [176001]: mask |--------|--------||--------|--------||--------|--------||--------|--------||||BBBBBBBB|--------||--------|--------||--------|--------||--------|--------|  set
cpu-bind=MASK - n2lcn0123, task 215  7 [1061263]: mask |--------|--------||--------|--------||--------|--------||--------|BBBBBBBB||||--------|--------||--------|--------||--------|--------||--------|--------|  set
cpu-bind=MASK - n2lcn0109, task 71  7 [3877865]: mask |--------|--------||--------|--------||--------|--------||--------|BBBBBBBB||||--------|--------||--------|--------||--------|--------||--------|--------|  set
cpu-bind=MASK - n2lcn0122, task 195  3 [792264]: mask |--------|--------||--------|BBBBBBBB||--------|--------||--------|--------||||--------|--------||--------|--------||--------|--------||--------|--------|  set
cpu-bind=MASK - n2lcn0105, task 28 12 [3867114]: mask |--------|--------||--------|--------||--------|--------||--------|--------||||--------|--------||--------|--------||BBBBBBBB|--------||--------|--------|  set
cpu-bind=MASK - n2lcn0110, task 88  8 [1566667]: mask |--------|--------||--------|--------||--------|--------||--------|--------||||BBBBBBBB|--------||--------|--------||--------|--------||--------|--------|  set
cpu-bind=MASK - n2lcn0108, task 62 14 [733706]: mask |--------|--------||--------|--------||--------|--------||--------|--------||||--------|--------||--------|--------||--------|--------||BBBBBBBB|--------|  set
cpu-bind=MASK - n2lcn0115, task 148  4 [1725188]: mask |--------|--------||--------|--------||BBBBBBBB|--------||--------|--------||||--------|--------||--------|--------||--------|--------||--------|--------|  set
cpu-bind=MASK - n2lcn0128, task 245  5 [3677544]: mask |--------|--------||--------|--------||--------|BBBBBBBB||--------|--------||||--------|--------||--------|--------||--------|--------||--------|--------|  set
cpu-bind=MASK - n2lcn0112, task 103  7 [2898444]: mask |--------|--------||--------|--------||--------|--------||--------|BBBBBBBB||||--------|--------||--------|--------||--------|--------||--------|--------|  set
cpu-bind=MASK - n2lcn0107, task 38  6 [3526349]: mask |--------|--------||--------|--------||--------|--------||BBBBBBBB|--------||||--------|--------||--------|--------||--------|--------||--------|--------|  set
cpu-bind=MASK - n2lcn0123, task 216  8 [1061264]: mask |--------|--------||--------|--------||--------|--------||--------|--------||||BBBBBBBB|--------||--------|--------||--------|--------||--------|--------|  set
cpu-bind=MASK - n2lcn0109, task 72  8 [3877866]: mask |--------|--------||--------|--------||--------|--------||--------|--------||||BBBBBBBB|--------||--------|--------||--------|--------||--------|--------|  set
cpu-bind=MASK - n2lcn0122, task 196  4 [792265]: mask |--------|--------||--------|--------||BBBBBBBB|--------||--------|--------||||--------|--------||--------|--------||--------|--------||--------|--------|  set
cpu-bind=MASK - n2lcn0113, task 121  9 [176002]: mask |--------|--------||--------|--------||--------|--------||--------|--------||||--------|BBBBBBBB||--------|--------||--------|--------||--------|--------|  set
cpu-bind=MASK - n2lcn0105, task 29 13 [3867115]: mask |--------|--------||--------|--------||--------|--------||--------|--------||||--------|--------||--------|--------||--------|BBBBBBBB||--------|--------|  set
cpu-bind=MASK - n2lcn0110, task 89  9 [1566668]: mask |--------|--------||--------|--------||--------|--------||--------|--------||||--------|BBBBBBBB||--------|--------||--------|--------||--------|--------|  set
cpu-bind=MASK - n2lcn0115, task 149  5 [1725189]: mask |--------|--------||--------|--------||--------|BBBBBBBB||--------|--------||||--------|--------||--------|--------||--------|--------||--------|--------|  set
cpu-bind=MASK - n2lcn0128, task 246  6 [3677545]: mask |--------|--------||--------|--------||--------|--------||BBBBBBBB|--------||||--------|--------||--------|--------||--------|--------||--------|--------|  set
cpu-bind=MASK - n2lcn0112, task 104  8 [2898445]: mask |--------|--------||--------|--------||--------|--------||--------|--------||||BBBBBBBB|--------||--------|--------||--------|--------||--------|--------|  set
cpu-bind=MASK - n2lcn0107, task 39  7 [3526350]: mask |--------|--------||--------|--------||--------|--------||--------|BBBBBBBB||||--------|--------||--------|--------||--------|--------||--------|--------|  set
cpu-bind=MASK - n2lcn0123, task 217  9 [1061265]: mask |--------|--------||--------|--------||--------|--------||--------|--------||||--------|BBBBBBBB||--------|--------||--------|--------||--------|--------|  set
cpu-bind=MASK - n2lcn0109, task 73  9 [3877867]: mask |--------|--------||--------|--------||--------|--------||--------|--------||||--------|BBBBBBBB||--------|--------||--------|--------||--------|--------|  set
cpu-bind=MASK - n2lcn0113, task 122 10 [176003]: mask |--------|--------||--------|--------||--------|--------||--------|--------||||--------|--------||BBBBBBBB|--------||--------|--------||--------|--------|  set
cpu-bind=MASK - n2lcn0122, task 197  5 [792266]: mask |--------|--------||--------|--------||--------|BBBBBBBB||--------|--------||||--------|--------||--------|--------||--------|--------||--------|--------|  set
cpu-bind=MASK - n2lcn0105, task 30 14 [3867116]: mask |--------|--------||--------|--------||--------|--------||--------|--------||||--------|--------||--------|--------||--------|--------||BBBBBBBB|--------|  set
cpu-bind=MASK - n2lcn0110, task 90 10 [1566669]: mask |--------|--------||--------|--------||--------|--------||--------|--------||||--------|--------||BBBBBBBB|--------||--------|--------||--------|--------|  set
cpu-bind=MASK - n2lcn0115, task 150  6 [1725190]: mask |--------|--------||--------|--------||--------|--------||BBBBBBBB|--------||||--------|--------||--------|--------||--------|--------||--------|--------|  set
cpu-bind=MASK - n2lcn0128, task 247  7 [3677546]: mask |--------|--------||--------|--------||--------|--------||--------|BBBBBBBB||||--------|--------||--------|--------||--------|--------||--------|--------|  set
cpu-bind=MASK - n2lcn0119, task 176  0 [244663]: mask |BBBBBBBB|--------||--------|--------||--------|--------||--------|--------||||--------|--------||--------|--------||--------|--------||--------|--------|  set
cpu-bind=MASK - n2lcn0112, task 105  9 [2898446]: mask |--------|--------||--------|--------||--------|--------||--------|--------||||--------|BBBBBBBB||--------|--------||--------|--------||--------|--------|  set
cpu-bind=MASK - n2lcn0107, task 40  8 [3526351]: mask |--------|--------||--------|--------||--------|--------||--------|--------||||BBBBBBBB|--------||--------|--------||--------|--------||--------|--------|  set
cpu-bind=MASK - n2lcn0123, task 218 10 [1061266]: mask |--------|--------||--------|--------||--------|--------||--------|--------||||--------|--------||BBBBBBBB|--------||--------|--------||--------|--------|  set
cpu-bind=MASK - n2lcn0109, task 74 10 [3877868]: mask |--------|--------||--------|--------||--------|--------||--------|--------||||--------|--------||BBBBBBBB|--------||--------|--------||--------|--------|  set
cpu-bind=MASK - n2lcn0122, task 198  6 [792267]: mask |--------|--------||--------|--------||--------|--------||BBBBBBBB|--------||||--------|--------||--------|--------||--------|--------||--------|--------|  set
cpu-bind=MASK - n2lcn0113, task 123 11 [176004]: mask |--------|--------||--------|--------||--------|--------||--------|--------||||--------|--------||--------|BBBBBBBB||--------|--------||--------|--------|  set
cpu-bind=MASK - n2lcn0110, task 91 11 [1566670]: mask |--------|--------||--------|--------||--------|--------||--------|--------||||--------|--------||--------|BBBBBBBB||--------|--------||--------|--------|  set
cpu-bind=MASK - n2lcn0115, task 151  7 [1725191]: mask |--------|--------||--------|--------||--------|--------||--------|BBBBBBBB||||--------|--------||--------|--------||--------|--------||--------|--------|  set
cpu-bind=MASK - n2lcn0128, task 248  8 [3677547]: mask |--------|--------||--------|--------||--------|--------||--------|--------||||BBBBBBBB|--------||--------|--------||--------|--------||--------|--------|  set
cpu-bind=MASK - n2lcn0119, task 177  1 [244664]: mask |--------|BBBBBBBB||--------|--------||--------|--------||--------|--------||||--------|--------||--------|--------||--------|--------||--------|--------|  set
cpu-bind=MASK - n2lcn0112, task 106 10 [2898447]: mask |--------|--------||--------|--------||--------|--------||--------|--------||||--------|--------||BBBBBBBB|--------||--------|--------||--------|--------|  set
cpu-bind=MASK - n2lcn0107, task 41  9 [3526352]: mask |--------|--------||--------|--------||--------|--------||--------|--------||||--------|BBBBBBBB||--------|--------||--------|--------||--------|--------|  set
cpu-bind=MASK - n2lcn0123, task 219 11 [1061267]: mask |--------|--------||--------|--------||--------|--------||--------|--------||||--------|--------||--------|BBBBBBBB||--------|--------||--------|--------|  set
cpu-bind=MASK - n2lcn0109, task 75 11 [3877869]: mask |--------|--------||--------|--------||--------|--------||--------|--------||||--------|--------||--------|BBBBBBBB||--------|--------||--------|--------|  set
cpu-bind=MASK - n2lcn0122, task 199  7 [792268]: mask |--------|--------||--------|--------||--------|--------||--------|BBBBBBBB||||--------|--------||--------|--------||--------|--------||--------|--------|  set
cpu-bind=MASK - n2lcn0113, task 124 12 [176005]: mask |--------|--------||--------|--------||--------|--------||--------|--------||||--------|--------||--------|--------||BBBBBBBB|--------||--------|--------|  set
cpu-bind=MASK - n2lcn0110, task 92 12 [1566671]: mask |--------|--------||--------|--------||--------|--------||--------|--------||||--------|--------||--------|--------||BBBBBBBB|--------||--------|--------|  set
cpu-bind=MASK - n2lcn0128, task 249  9 [3677548]: mask |--------|--------||--------|--------||--------|--------||--------|--------||||--------|BBBBBBBB||--------|--------||--------|--------||--------|--------|  set
cpu-bind=MASK - n2lcn0115, task 152  8 [1725192]: mask |--------|--------||--------|--------||--------|--------||--------|--------||||BBBBBBBB|--------||--------|--------||--------|--------||--------|--------|  set
cpu-bind=MASK - n2lcn0112, task 107 11 [2898448]: mask |--------|--------||--------|--------||--------|--------||--------|--------||||--------|--------||--------|BBBBBBBB||--------|--------||--------|--------|  set
cpu-bind=MASK - n2lcn0107, task 42 10 [3526353]: mask |--------|--------||--------|--------||--------|--------||--------|--------||||--------|--------||BBBBBBBB|--------||--------|--------||--------|--------|  set
cpu-bind=MASK - n2lcn0119, task 178  2 [244665]: mask |--------|--------||BBBBBBBB|--------||--------|--------||--------|--------||||--------|--------||--------|--------||--------|--------||--------|--------|  set
cpu-bind=MASK - n2lcn0123, task 220 12 [1061268]: mask |--------|--------||--------|--------||--------|--------||--------|--------||||--------|--------||--------|--------||BBBBBBBB|--------||--------|--------|  set
cpu-bind=MASK - n2lcn0122, task 200  8 [792269]: mask |--------|--------||--------|--------||--------|--------||--------|--------||||BBBBBBBB|--------||--------|--------||--------|--------||--------|--------|  set
cpu-bind=MASK - n2lcn0109, task 76 12 [3877870]: mask |--------|--------||--------|--------||--------|--------||--------|--------||||--------|--------||--------|--------||BBBBBBBB|--------||--------|--------|  set
cpu-bind=MASK - n2lcn0110, task 93 13 [1566672]: mask |--------|--------||--------|--------||--------|--------||--------|--------||||--------|--------||--------|--------||--------|BBBBBBBB||--------|--------|  set
cpu-bind=MASK - n2lcn0113, task 125 13 [176006]: mask |--------|--------||--------|--------||--------|--------||--------|--------||||--------|--------||--------|--------||--------|BBBBBBBB||--------|--------|  set
cpu-bind=MASK - n2lcn0104, task 15 15 [2239193]: mask |--------|--------||--------|--------||--------|--------||--------|--------||||--------|--------||--------|--------||--------|--------||--------|BBBBBBBB|  set
cpu-bind=MASK - n2lcn0128, task 250 10 [3677549]: mask |--------|--------||--------|--------||--------|--------||--------|--------||||--------|--------||BBBBBBBB|--------||--------|--------||--------|--------|  set
cpu-bind=MASK - n2lcn0115, task 153  9 [1725193]: mask |--------|--------||--------|--------||--------|--------||--------|--------||||--------|BBBBBBBB||--------|--------||--------|--------||--------|--------|  set
cpu-bind=MASK - n2lcn0107, task 43 11 [3526354]: mask |--------|--------||--------|--------||--------|--------||--------|--------||||--------|--------||--------|BBBBBBBB||--------|--------||--------|--------|  set
cpu-bind=MASK - n2lcn0112, task 108 12 [2898449]: mask |--------|--------||--------|--------||--------|--------||--------|--------||||--------|--------||--------|--------||BBBBBBBB|--------||--------|--------|  set
cpu-bind=MASK - n2lcn0123, task 221 13 [1061269]: mask |--------|--------||--------|--------||--------|--------||--------|--------||||--------|--------||--------|--------||--------|BBBBBBBB||--------|--------|  set
cpu-bind=MASK - n2lcn0119, task 179  3 [244666]: mask |--------|--------||--------|BBBBBBBB||--------|--------||--------|--------||||--------|--------||--------|--------||--------|--------||--------|--------|  set
cpu-bind=MASK - n2lcn0122, task 201  9 [792270]: mask |--------|--------||--------|--------||--------|--------||--------|--------||||--------|BBBBBBBB||--------|--------||--------|--------||--------|--------|  set
cpu-bind=MASK - n2lcn0109, task 77 13 [3877871]: mask |--------|--------||--------|--------||--------|--------||--------|--------||||--------|--------||--------|--------||--------|BBBBBBBB||--------|--------|  set
cpu-bind=MASK - n2lcn0113, task 126 14 [176007]: mask |--------|--------||--------|--------||--------|--------||--------|--------||||--------|--------||--------|--------||--------|--------||BBBBBBBB|--------|  set
cpu-bind=MASK - n2lcn0110, task 94 14 [1566673]: mask |--------|--------||--------|--------||--------|--------||--------|--------||||--------|--------||--------|--------||--------|--------||BBBBBBBB|--------|  set
cpu-bind=MASK - n2lcn0128, task 251 11 [3677550]: mask |--------|--------||--------|--------||--------|--------||--------|--------||||--------|--------||--------|BBBBBBBB||--------|--------||--------|--------|  set
cpu-bind=MASK - n2lcn0115, task 154 10 [1725194]: mask |--------|--------||--------|--------||--------|--------||--------|--------||||--------|--------||BBBBBBBB|--------||--------|--------||--------|--------|  set
cpu-bind=MASK - n2lcn0112, task 109 13 [2898450]: mask |--------|--------||--------|--------||--------|--------||--------|--------||||--------|--------||--------|--------||--------|BBBBBBBB||--------|--------|  set
cpu-bind=MASK - n2lcn0122, task 202 10 [792271]: mask |--------|--------||--------|--------||--------|--------||--------|--------||||--------|--------||BBBBBBBB|--------||--------|--------||--------|--------|  set
cpu-bind=MASK - n2lcn0107, task 44 12 [3526355]: mask |--------|--------||--------|--------||--------|--------||--------|--------||||--------|--------||--------|--------||BBBBBBBB|--------||--------|--------|  set
cpu-bind=MASK - n2lcn0119, task 180  4 [244667]: mask |--------|--------||--------|--------||BBBBBBBB|--------||--------|--------||||--------|--------||--------|--------||--------|--------||--------|--------|  set
cpu-bind=MASK - n2lcn0123, task 222 14 [1061270]: mask |--------|--------||--------|--------||--------|--------||--------|--------||||--------|--------||--------|--------||--------|--------||BBBBBBBB|--------|  set
cpu-bind=MASK - n2lcn0109, task 78 14 [3877872]: mask |--------|--------||--------|--------||--------|--------||--------|--------||||--------|--------||--------|--------||--------|--------||BBBBBBBB|--------|  set
cpu-bind=MASK - n2lcn0128, task 252 12 [3677551]: mask |--------|--------||--------|--------||--------|--------||--------|--------||||--------|--------||--------|--------||BBBBBBBB|--------||--------|--------|  set
cpu-bind=MASK - n2lcn0115, task 155 11 [1725195]: mask |--------|--------||--------|--------||--------|--------||--------|--------||||--------|--------||--------|BBBBBBBB||--------|--------||--------|--------|  set
cpu-bind=MASK - n2lcn0122, task 203 11 [792272]: mask |--------|--------||--------|--------||--------|--------||--------|--------||||--------|--------||--------|BBBBBBBB||--------|--------||--------|--------|  set
cpu-bind=MASK - n2lcn0112, task 110 14 [2898451]: mask |--------|--------||--------|--------||--------|--------||--------|--------||||--------|--------||--------|--------||--------|--------||BBBBBBBB|--------|  set
cpu-bind=MASK - n2lcn0107, task 45 13 [3526356]: mask |--------|--------||--------|--------||--------|--------||--------|--------||||--------|--------||--------|--------||--------|BBBBBBBB||--------|--------|  set
cpu-bind=MASK - n2lcn0119, task 181  5 [244668]: mask |--------|--------||--------|--------||--------|BBBBBBBB||--------|--------||||--------|--------||--------|--------||--------|--------||--------|--------|  set
cpu-bind=MASK - n2lcn0114, task 128  0 [3465455]: mask |BBBBBBBB|--------||--------|--------||--------|--------||--------|--------||||--------|--------||--------|--------||--------|--------||--------|--------|  set
cpu-bind=MASK - n2lcn0128, task 253 13 [3677552]: mask |--------|--------||--------|--------||--------|--------||--------|--------||||--------|--------||--------|--------||--------|BBBBBBBB||--------|--------|  set
cpu-bind=MASK - n2lcn0115, task 156 12 [1725196]: mask |--------|--------||--------|--------||--------|--------||--------|--------||||--------|--------||--------|--------||BBBBBBBB|--------||--------|--------|  set
cpu-bind=MASK - n2lcn0122, task 204 12 [792273]: mask |--------|--------||--------|--------||--------|--------||--------|--------||||--------|--------||--------|--------||BBBBBBBB|--------||--------|--------|  set
cpu-bind=MASK - n2lcn0108, task 63 15 [733707]: mask |--------|--------||--------|--------||--------|--------||--------|--------||||--------|--------||--------|--------||--------|--------||--------|BBBBBBBB|  set
cpu-bind=MASK - n2lcn0107, task 46 14 [3526357]: mask |--------|--------||--------|--------||--------|--------||--------|--------||||--------|--------||--------|--------||--------|--------||BBBBBBBB|--------|  set
cpu-bind=MASK - n2lcn0119, task 182  6 [244669]: mask |--------|--------||--------|--------||--------|--------||BBBBBBBB|--------||||--------|--------||--------|--------||--------|--------||--------|--------|  set
cpu-bind=MASK - n2lcn0118, task 160  0 [3266908]: mask |BBBBBBBB|--------||--------|--------||--------|--------||--------|--------||||--------|--------||--------|--------||--------|--------||--------|--------|  set
cpu-bind=MASK - n2lcn0128, task 254 14 [3677553]: mask |--------|--------||--------|--------||--------|--------||--------|--------||||--------|--------||--------|--------||--------|--------||BBBBBBBB|--------|  set
cpu-bind=MASK - n2lcn0115, task 157 13 [1725197]: mask |--------|--------||--------|--------||--------|--------||--------|--------||||--------|--------||--------|--------||--------|BBBBBBBB||--------|--------|  set
cpu-bind=MASK - n2lcn0114, task 129  1 [3465456]: mask |--------|BBBBBBBB||--------|--------||--------|--------||--------|--------||||--------|--------||--------|--------||--------|--------||--------|--------|  set
cpu-bind=MASK - n2lcn0122, task 205 13 [792274]: mask |--------|--------||--------|--------||--------|--------||--------|--------||||--------|--------||--------|--------||--------|BBBBBBBB||--------|--------|  set
cpu-bind=MASK - n2lcn0119, task 183  7 [244670]: mask |--------|--------||--------|--------||--------|--------||--------|BBBBBBBB||||--------|--------||--------|--------||--------|--------||--------|--------|  set
cpu-bind=MASK - n2lcn0118, task 161  1 [3266909]: mask |--------|BBBBBBBB||--------|--------||--------|--------||--------|--------||||--------|--------||--------|--------||--------|--------||--------|--------|  set
cpu-bind=MASK - n2lcn0105, task 31 15 [3867117]: mask |--------|--------||--------|--------||--------|--------||--------|--------||||--------|--------||--------|--------||--------|--------||--------|BBBBBBBB|  set
cpu-bind=MASK - n2lcn0114, task 130  2 [3465457]: mask |--------|--------||BBBBBBBB|--------||--------|--------||--------|--------||||--------|--------||--------|--------||--------|--------||--------|--------|  set
cpu-bind=MASK - n2lcn0115, task 158 14 [1725198]: mask |--------|--------||--------|--------||--------|--------||--------|--------||||--------|--------||--------|--------||--------|--------||BBBBBBBB|--------|  set
cpu-bind=MASK - n2lcn0122, task 206 14 [792275]: mask |--------|--------||--------|--------||--------|--------||--------|--------||||--------|--------||--------|--------||--------|--------||BBBBBBBB|--------|  set
cpu-bind=MASK - n2lcn0119, task 184  8 [244671]: mask |--------|--------||--------|--------||--------|--------||--------|--------||||BBBBBBBB|--------||--------|--------||--------|--------||--------|--------|  set
cpu-bind=MASK - n2lcn0118, task 162  2 [3266910]: mask |--------|--------||BBBBBBBB|--------||--------|--------||--------|--------||||--------|--------||--------|--------||--------|--------||--------|--------|  set
cpu-bind=MASK - n2lcn0125, task 224  0 [212467]: mask |BBBBBBBB|--------||--------|--------||--------|--------||--------|--------||||--------|--------||--------|--------||--------|--------||--------|--------|  set
cpu-bind=MASK - n2lcn0114, task 131  3 [3465458]: mask |--------|--------||--------|BBBBBBBB||--------|--------||--------|--------||||--------|--------||--------|--------||--------|--------||--------|--------|  set
cpu-bind=MASK - n2lcn0119, task 185  9 [244672]: mask |--------|--------||--------|--------||--------|--------||--------|--------||||--------|BBBBBBBB||--------|--------||--------|--------||--------|--------|  set
cpu-bind=MASK - n2lcn0125, task 225  1 [212468]: mask |--------|BBBBBBBB||--------|--------||--------|--------||--------|--------||||--------|--------||--------|--------||--------|--------||--------|--------|  set
cpu-bind=MASK - n2lcn0118, task 163  3 [3266911]: mask |--------|--------||--------|BBBBBBBB||--------|--------||--------|--------||||--------|--------||--------|--------||--------|--------||--------|--------|  set
cpu-bind=MASK - n2lcn0114, task 132  4 [3465459]: mask |--------|--------||--------|--------||BBBBBBBB|--------||--------|--------||||--------|--------||--------|--------||--------|--------||--------|--------|  set
cpu-bind=MASK - n2lcn0119, task 186 10 [244673]: mask |--------|--------||--------|--------||--------|--------||--------|--------||||--------|--------||BBBBBBBB|--------||--------|--------||--------|--------|  set
cpu-bind=MASK - n2lcn0125, task 226  2 [212469]: mask |--------|--------||BBBBBBBB|--------||--------|--------||--------|--------||||--------|--------||--------|--------||--------|--------||--------|--------|  set
cpu-bind=MASK - n2lcn0118, task 164  4 [3266912]: mask |--------|--------||--------|--------||BBBBBBBB|--------||--------|--------||||--------|--------||--------|--------||--------|--------||--------|--------|  set
cpu-bind=MASK - n2lcn0119, task 187 11 [244674]: mask |--------|--------||--------|--------||--------|--------||--------|--------||||--------|--------||--------|BBBBBBBB||--------|--------||--------|--------|  set
cpu-bind=MASK - n2lcn0114, task 133  5 [3465460]: mask |--------|--------||--------|--------||--------|BBBBBBBB||--------|--------||||--------|--------||--------|--------||--------|--------||--------|--------|  set
cpu-bind=MASK - n2lcn0125, task 227  3 [212470]: mask |--------|--------||--------|BBBBBBBB||--------|--------||--------|--------||||--------|--------||--------|--------||--------|--------||--------|--------|  set
cpu-bind=MASK - n2lcn0118, task 165  5 [3266913]: mask |--------|--------||--------|--------||--------|BBBBBBBB||--------|--------||||--------|--------||--------|--------||--------|--------||--------|--------|  set
cpu-bind=MASK - n2lcn0113, task 127 15 [176008]: mask |--------|--------||--------|--------||--------|--------||--------|--------||||--------|--------||--------|--------||--------|--------||--------|BBBBBBBB|  set
cpu-bind=MASK - n2lcn0110, task 95 15 [1566674]: mask |--------|--------||--------|--------||--------|--------||--------|--------||||--------|--------||--------|--------||--------|--------||--------|BBBBBBBB|  set
cpu-bind=MASK - n2lcn0123, task 223 15 [1061271]: mask |--------|--------||--------|--------||--------|--------||--------|--------||||--------|--------||--------|--------||--------|--------||--------|BBBBBBBB|  set
cpu-bind=MASK - n2lcn0114, task 134  6 [3465461]: mask |--------|--------||--------|--------||--------|--------||BBBBBBBB|--------||||--------|--------||--------|--------||--------|--------||--------|--------|  set
cpu-bind=MASK - n2lcn0119, task 188 12 [244675]: mask |--------|--------||--------|--------||--------|--------||--------|--------||||--------|--------||--------|--------||BBBBBBBB|--------||--------|--------|  set
cpu-bind=MASK - n2lcn0109, task 79 15 [3877873]: mask |--------|--------||--------|--------||--------|--------||--------|--------||||--------|--------||--------|--------||--------|--------||--------|BBBBBBBB|  set
cpu-bind=MASK - n2lcn0125, task 228  4 [212471]: mask |--------|--------||--------|--------||BBBBBBBB|--------||--------|--------||||--------|--------||--------|--------||--------|--------||--------|--------|  set
cpu-bind=MASK - n2lcn0118, task 166  6 [3266914]: mask |--------|--------||--------|--------||--------|--------||BBBBBBBB|--------||||--------|--------||--------|--------||--------|--------||--------|--------|  set
cpu-bind=MASK - n2lcn0114, task 135  7 [3465462]: mask |--------|--------||--------|--------||--------|--------||--------|BBBBBBBB||||--------|--------||--------|--------||--------|--------||--------|--------|  set
cpu-bind=MASK - n2lcn0119, task 189 13 [244676]: mask |--------|--------||--------|--------||--------|--------||--------|--------||||--------|--------||--------|--------||--------|BBBBBBBB||--------|--------|  set
cpu-bind=MASK - n2lcn0112, task 111 15 [2898452]: mask |--------|--------||--------|--------||--------|--------||--------|--------||||--------|--------||--------|--------||--------|--------||--------|BBBBBBBB|  set
cpu-bind=MASK - n2lcn0125, task 229  5 [212472]: mask |--------|--------||--------|--------||--------|BBBBBBBB||--------|--------||||--------|--------||--------|--------||--------|--------||--------|--------|  set
cpu-bind=MASK - n2lcn0118, task 167  7 [3266915]: mask |--------|--------||--------|--------||--------|--------||--------|BBBBBBBB||||--------|--------||--------|--------||--------|--------||--------|--------|  set
cpu-bind=MASK - n2lcn0114, task 136  8 [3465463]: mask |--------|--------||--------|--------||--------|--------||--------|--------||||BBBBBBBB|--------||--------|--------||--------|--------||--------|--------|  set
cpu-bind=MASK - n2lcn0119, task 190 14 [244677]: mask |--------|--------||--------|--------||--------|--------||--------|--------||||--------|--------||--------|--------||--------|--------||BBBBBBBB|--------|  set
cpu-bind=MASK - n2lcn0107, task 47 15 [3526358]: mask |--------|--------||--------|--------||--------|--------||--------|--------||||--------|--------||--------|--------||--------|--------||--------|BBBBBBBB|  set
cpu-bind=MASK - n2lcn0125, task 230  6 [212473]: mask |--------|--------||--------|--------||--------|--------||BBBBBBBB|--------||||--------|--------||--------|--------||--------|--------||--------|--------|  set
cpu-bind=MASK - n2lcn0128, task 255 15 [3677554]: mask |--------|--------||--------|--------||--------|--------||--------|--------||||--------|--------||--------|--------||--------|--------||--------|BBBBBBBB|  set
cpu-bind=MASK - n2lcn0118, task 168  8 [3266916]: mask |--------|--------||--------|--------||--------|--------||--------|--------||||BBBBBBBB|--------||--------|--------||--------|--------||--------|--------|  set
cpu-bind=MASK - n2lcn0114, task 137  9 [3465464]: mask |--------|--------||--------|--------||--------|--------||--------|--------||||--------|BBBBBBBB||--------|--------||--------|--------||--------|--------|  set
cpu-bind=MASK - n2lcn0118, task 169  9 [3266917]: mask |--------|--------||--------|--------||--------|--------||--------|--------||||--------|BBBBBBBB||--------|--------||--------|--------||--------|--------|  set
cpu-bind=MASK - n2lcn0125, task 231  7 [212474]: mask |--------|--------||--------|--------||--------|--------||--------|BBBBBBBB||||--------|--------||--------|--------||--------|--------||--------|--------|  set
cpu-bind=MASK - n2lcn0122, task 207 15 [792276]: mask |--------|--------||--------|--------||--------|--------||--------|--------||||--------|--------||--------|--------||--------|--------||--------|BBBBBBBB|  set
cpu-bind=MASK - n2lcn0114, task 138 10 [3465465]: mask |--------|--------||--------|--------||--------|--------||--------|--------||||--------|--------||BBBBBBBB|--------||--------|--------||--------|--------|  set
cpu-bind=MASK - n2lcn0115, task 159 15 [1725199]: mask |--------|--------||--------|--------||--------|--------||--------|--------||||--------|--------||--------|--------||--------|--------||--------|BBBBBBBB|  set
cpu-bind=MASK - n2lcn0125, task 232  8 [212475]: mask |--------|--------||--------|--------||--------|--------||--------|--------||||BBBBBBBB|--------||--------|--------||--------|--------||--------|--------|  set
cpu-bind=MASK - n2lcn0118, task 170 10 [3266918]: mask |--------|--------||--------|--------||--------|--------||--------|--------||||--------|--------||BBBBBBBB|--------||--------|--------||--------|--------|  set
cpu-bind=MASK - n2lcn0114, task 139 11 [3465466]: mask |--------|--------||--------|--------||--------|--------||--------|--------||||--------|--------||--------|BBBBBBBB||--------|--------||--------|--------|  set
cpu-bind=MASK - n2lcn0118, task 171 11 [3266919]: mask |--------|--------||--------|--------||--------|--------||--------|--------||||--------|--------||--------|BBBBBBBB||--------|--------||--------|--------|  set
cpu-bind=MASK - n2lcn0125, task 233  9 [212476]: mask |--------|--------||--------|--------||--------|--------||--------|--------||||--------|BBBBBBBB||--------|--------||--------|--------||--------|--------|  set
cpu-bind=MASK - n2lcn0114, task 140 12 [3465467]: mask |--------|--------||--------|--------||--------|--------||--------|--------||||--------|--------||--------|--------||BBBBBBBB|--------||--------|--------|  set
cpu-bind=MASK - n2lcn0118, task 172 12 [3266920]: mask |--------|--------||--------|--------||--------|--------||--------|--------||||--------|--------||--------|--------||BBBBBBBB|--------||--------|--------|  set
cpu-bind=MASK - n2lcn0125, task 234 10 [212477]: mask |--------|--------||--------|--------||--------|--------||--------|--------||||--------|--------||BBBBBBBB|--------||--------|--------||--------|--------|  set
cpu-bind=MASK - n2lcn0114, task 141 13 [3465468]: mask |--------|--------||--------|--------||--------|--------||--------|--------||||--------|--------||--------|--------||--------|BBBBBBBB||--------|--------|  set
cpu-bind=MASK - n2lcn0118, task 173 13 [3266921]: mask |--------|--------||--------|--------||--------|--------||--------|--------||||--------|--------||--------|--------||--------|BBBBBBBB||--------|--------|  set
cpu-bind=MASK - n2lcn0125, task 235 11 [212478]: mask |--------|--------||--------|--------||--------|--------||--------|--------||||--------|--------||--------|BBBBBBBB||--------|--------||--------|--------|  set
cpu-bind=MASK - n2lcn0114, task 142 14 [3465469]: mask |--------|--------||--------|--------||--------|--------||--------|--------||||--------|--------||--------|--------||--------|--------||BBBBBBBB|--------|  set
cpu-bind=MASK - n2lcn0118, task 174 14 [3266922]: mask |--------|--------||--------|--------||--------|--------||--------|--------||||--------|--------||--------|--------||--------|--------||BBBBBBBB|--------|  set
cpu-bind=MASK - n2lcn0125, task 236 12 [212479]: mask |--------|--------||--------|--------||--------|--------||--------|--------||||--------|--------||--------|--------||BBBBBBBB|--------||--------|--------|  set
cpu-bind=MASK - n2lcn0125, task 237 13 [212480]: mask |--------|--------||--------|--------||--------|--------||--------|--------||||--------|--------||--------|--------||--------|BBBBBBBB||--------|--------|  set
cpu-bind=MASK - n2lcn0119, task 191 15 [244678]: mask |--------|--------||--------|--------||--------|--------||--------|--------||||--------|--------||--------|--------||--------|--------||--------|BBBBBBBB|  set
cpu-bind=MASK - n2lcn0125, task 238 14 [212481]: mask |--------|--------||--------|--------||--------|--------||--------|--------||||--------|--------||--------|--------||--------|--------||BBBBBBBB|--------|  set
cpu-bind=MASK - n2lcn0114, task 143 15 [3465470]: mask |--------|--------||--------|--------||--------|--------||--------|--------||||--------|--------||--------|--------||--------|--------||--------|BBBBBBBB|  set
cpu-bind=MASK - n2lcn0118, task 175 15 [3266923]: mask |--------|--------||--------|--------||--------|--------||--------|--------||||--------|--------||--------|--------||--------|--------||--------|BBBBBBBB|  set
cpu-bind=MASK - n2lcn0125, task 239 15 [212482]: mask |--------|--------||--------|--------||--------|--------||--------|--------||||--------|--------||--------|--------||--------|--------||--------|BBBBBBBB|  set
slurmstepd: error: Detected 1 oom_kill event in StepId=27201453.0. Some of the step tasks have been OOM Killed.
srun: error: n2lcn0109: task 79: Out Of Memory
slurmstepd: error:  mpi/pmix_v4: _errhandler: n2lcn0108 [3]: pmixp_client_v2.c:212: Error handler invoked: status = -61, source = [slurm.pmix.27201453.0:56]
srun: Terminating StepId=27201453.0
slurmstepd: error:  mpi/pmix_v4: _errhandler: n2lcn0123 [13]: pmixp_client_v2.c:212: Error handler invoked: status = -61, source = [slurm.pmix.27201453.0:208]
slurmstepd: error: Detected 2 oom_kill events in StepId=27201453.0. Some of the step tasks have been OOM Killed.
slurmstepd: error: Detected 2 oom_kill events in StepId=27201453.0. Some of the step tasks have been OOM Killed.
slurmstepd: error:  mpi/pmix_v4: _errhandler: n2lcn0118 [10]: pmixp_client_v2.c:212: Error handler invoked: status = -61, source = [slurm.pmix.27201453.0:168]
slurmstepd: error: Detected 1 oom_kill event in StepId=27201453.0. Some of the step tasks have been OOM Killed.
srun: Job step aborted: Waiting up to 32 seconds for job step to finish.
slurmstepd: error: *** STEP 27201453.0 ON n2lcn0104 CANCELLED AT 2025-10-03T02:14:06 ***
slurmstepd: error: *** STEP 27201453.0 ON n2lcn0104 CANCELLED AT 2025-10-03T02:14:06 ***
slurmstepd: error: *** STEP 27201453.0 ON n2lcn0104 CANCELLED AT 2025-10-03T02:14:06 ***
slurmstepd: error: Detected 2 oom_kill events in StepId=27201453.0. Some of the step tasks have been OOM Killed.
slurmstepd: error: Detected 2 oom_kill events in StepId=27201453.0. Some of the step tasks have been OOM Killed.
slurmstepd: error:  mpi/pmix_v4: _errhandler: n2lcn0107 [2]: pmixp_client_v2.c:212: Error handler invoked: status = -61, source = [slurm.pmix.27201453.0:44]
slurmstepd: error: Detected 2 oom_kill events in StepId=27201453.0. Some of the step tasks have been OOM Killed.
slurmstepd: error:  mpi/pmix_v4: _errhandler: n2lcn0119 [11]: pmixp_client_v2.c:212: Error handler invoked: status = -61, source = [slurm.pmix.27201453.0:188]
slurmstepd: error: Detected 2 oom_kill events in StepId=27201453.0. Some of the step tasks have been OOM Killed.
slurmstepd: error:  mpi/pmix_v4: _errhandler: n2lcn0114 [8]: pmixp_client_v2.c:212: Error handler invoked: status = -61, source = [slurm.pmix.27201453.0:140]
slurmstepd: error:  mpi/pmix_v4: _errhandler: n2lcn0122 [12]: pmixp_client_v2.c:212: Error handler invoked: status = -61, source = [slurm.pmix.27201453.0:192]
slurmstepd: error: Detected 2 oom_kill events in StepId=27201453.0. Some of the step tasks have been OOM Killed.
slurmstepd: error:  mpi/pmix_v4: _errhandler: n2lcn0125 [14]: pmixp_client_v2.c:212: Error handler invoked: status = -61, source = [slurm.pmix.27201453.0:232]
slurmstepd: error: Detected 2 oom_kill events in StepId=27201453.0. Some of the step tasks have been OOM Killed.
slurmstepd: error:  mpi/pmix_v4: _errhandler: n2lcn0110 [5]: pmixp_client_v2.c:212: Error handler invoked: status = -61, source = [slurm.pmix.27201453.0:88]
slurmstepd: error:  mpi/pmix_v4: _errhandler: n2lcn0112 [6]: pmixp_client_v2.c:212: Error handler invoked: status = -61, source = [slurm.pmix.27201453.0:111]
slurmstepd: error: Detected 2 oom_kill events in StepId=27201453.0. Some of the step tasks have been OOM Killed.
slurmstepd: error:  mpi/pmix_v4: _errhandler: n2lcn0115 [9]: pmixp_client_v2.c:212: Error handler invoked: status = -61, source = [slurm.pmix.27201453.0:154]
slurmstepd: error: Detected 2 oom_kill events in StepId=27201453.0. Some of the step tasks have been OOM Killed.
slurmstepd: error:  mpi/pmix_v4: _errhandler: n2lcn0113 [7]: pmixp_client_v2.c:212: Error handler invoked: status = -61, source = [slurm.pmix.27201453.0:121]
slurmstepd: error: Detected 2 oom_kill events in StepId=27201453.0. Some of the step tasks have been OOM Killed.
slurmstepd: error:  mpi/pmix_v4: _errhandler: n2lcn0128 [15]: pmixp_client_v2.c:212: Error handler invoked: status = -61, source = [slurm.pmix.27201453.0:240]
slurmstepd: error: Detected 2 oom_kill events in StepId=27201453.0. Some of the step tasks have been OOM Killed.
slurmstepd: error:  mpi/pmix_v4: _errhandler: n2lcn0109 [4]: pmixp_client_v2.c:212: Error handler invoked: status = -61, source = [slurm.pmix.27201453.0:79]
slurmstepd: error:  mpi/pmix_v4: _errhandler: n2lcn0105 [1]: pmixp_client_v2.c:212: Error handler invoked: status = -61, source = [slurm.pmix.27201453.0:20]
slurmstepd: error: Detected 2 oom_kill events in StepId=27201453.0. Some of the step tasks have been OOM Killed.
slurmstepd: error: Detected 1 oom_kill event in StepId=27201453.0. Some of the step tasks have been OOM Killed.
slurmstepd: error:  mpi/pmix_v4: _errhandler: n2lcn0118 [10]: pmixp_client_v2.c:212: Error handler invoked: status = -61, source = [slurm.pmix.27201453.0:169]
slurmstepd: error:  mpi/pmix_v4: _errhandler: n2lcn0108 [3]: pmixp_client_v2.c:212: Error handler invoked: status = -61, source = [slurm.pmix.27201453.0:57]
slurmstepd: error:  mpi/pmix_v4: _errhandler: n2lcn0107 [2]: pmixp_client_v2.c:212: Error handler invoked: status = -61, source = [slurm.pmix.27201453.0:45]
slurmstepd: error:  mpi/pmix_v4: _errhandler: n2lcn0113 [7]: pmixp_client_v2.c:212: Error handler invoked: status = -61, source = [slurm.pmix.27201453.0:120]
slurmstepd: error:  mpi/pmix_v4: _errhandler: n2lcn0109 [4]: pmixp_client_v2.c:212: Error handler invoked: status = -61, source = [slurm.pmix.27201453.0:78]
