cpu-bind=MASK - lcn1302, task  0  0 [2820417]: mask |BBBBBBBB|BBBBBBBB|BBBBBBBB|BBBBBBBB|BBBBBBBB|BBBBBBBB|BBBBBBBB|BBBBBBBB|BBBBBBBB|BBBBBBBB|BBBBBBBB|BBBBBBBB||||BBBBBBBB|BBBBBBBB|BBBBBBBB|BBBBBBBB|BBBBBBBB|BBBBBBBB|BBBBBBBB|BBBBBBBB|BBBBBBBB|BBBBBBBB|BBBBBBBB|BBBBBBBB|  set
Running "module reset". Resetting modules to system default. The following $MODULEPATH directories have been removed: None
cpu-bind=MASK - lcn1307, task 60  0 [3504838]: mask |BBBBBBBB|--------|--------|--------|--------|--------|--------|--------|--------|BBBBBBBB|--------|--------||||--------|--------|--------|--------|--------|--------|--------|--------|--------|--------|--------|--------|  set
cpu-bind=MASK - lcn1314, task 144  0 [358263]: mask |BBBBBBBB|--------|--------|--------|--------|--------|--------|--------|--------|BBBBBBBB|--------|--------||||--------|--------|--------|--------|--------|--------|--------|--------|--------|--------|--------|--------|  set
cpu-bind=MASK - lcn1302, task  0  0 [2820850]: mask |BBBBBBBB|--------|--------|--------|--------|--------|--------|--------|--------|BBBBBBBB|--------|--------||||--------|--------|--------|--------|--------|--------|--------|--------|--------|--------|--------|--------|  set
cpu-bind=MASK - lcn1316, task 168  0 [3138593]: mask |BBBBBBBB|--------|--------|--------|--------|--------|--------|--------|--------|BBBBBBBB|--------|--------||||--------|--------|--------|--------|--------|--------|--------|--------|--------|--------|--------|--------|  set
cpu-bind=MASK - lcn1315, task 156  0 [3437919]: mask |BBBBBBBB|--------|--------|--------|--------|--------|--------|--------|--------|BBBBBBBB|--------|--------||||--------|--------|--------|--------|--------|--------|--------|--------|--------|--------|--------|--------|  set
cpu-bind=MASK - lcn1307, task 61  1 [3504839]: mask |--------|--------|--------|BBBBBBBB|--------|--------|BBBBBBBB|--------|--------|--------|--------|--------||||--------|--------|--------|--------|--------|--------|--------|--------|--------|--------|--------|--------|  set
cpu-bind=MASK - lcn1314, task 145  1 [358264]: mask |--------|--------|--------|BBBBBBBB|--------|--------|BBBBBBBB|--------|--------|--------|--------|--------||||--------|--------|--------|--------|--------|--------|--------|--------|--------|--------|--------|--------|  set
cpu-bind=MASK - lcn1302, task  1  1 [2820851]: mask |--------|--------|--------|BBBBBBBB|--------|--------|BBBBBBBB|--------|--------|--------|--------|--------||||--------|--------|--------|--------|--------|--------|--------|--------|--------|--------|--------|--------|  set
cpu-bind=MASK - lcn1316, task 169  1 [3138594]: mask |--------|--------|--------|BBBBBBBB|--------|--------|BBBBBBBB|--------|--------|--------|--------|--------||||--------|--------|--------|--------|--------|--------|--------|--------|--------|--------|--------|--------|  set
cpu-bind=MASK - lcn1315, task 157  1 [3437920]: mask |--------|--------|--------|BBBBBBBB|--------|--------|BBBBBBBB|--------|--------|--------|--------|--------||||--------|--------|--------|--------|--------|--------|--------|--------|--------|--------|--------|--------|  set
cpu-bind=MASK - lcn1307, task 62  2 [3504840]: mask |--------|BBBBBBBB|--------|--------|--------|--------|--------|--------|--------|--------|BBBBBBBB|--------||||--------|--------|--------|--------|--------|--------|--------|--------|--------|--------|--------|--------|  set
cpu-bind=MASK - lcn1314, task 146  2 [358265]: mask |--------|BBBBBBBB|--------|--------|--------|--------|--------|--------|--------|--------|BBBBBBBB|--------||||--------|--------|--------|--------|--------|--------|--------|--------|--------|--------|--------|--------|  set
cpu-bind=MASK - lcn1302, task  2  2 [2820852]: mask |--------|BBBBBBBB|--------|--------|--------|--------|--------|--------|--------|--------|BBBBBBBB|--------||||--------|--------|--------|--------|--------|--------|--------|--------|--------|--------|--------|--------|  set
cpu-bind=MASK - lcn1307, task 63  3 [3504841]: mask |--------|--------|--------|--------|BBBBBBBB|--------|--------|BBBBBBBB|--------|--------|--------|--------||||--------|--------|--------|--------|--------|--------|--------|--------|--------|--------|--------|--------|  set
cpu-bind=MASK - lcn1314, task 147  3 [358266]: mask |--------|--------|--------|--------|BBBBBBBB|--------|--------|BBBBBBBB|--------|--------|--------|--------||||--------|--------|--------|--------|--------|--------|--------|--------|--------|--------|--------|--------|  set
cpu-bind=MASK - lcn1302, task  3  3 [2820853]: mask |--------|--------|--------|--------|BBBBBBBB|--------|--------|BBBBBBBB|--------|--------|--------|--------||||--------|--------|--------|--------|--------|--------|--------|--------|--------|--------|--------|--------|  set
cpu-bind=MASK - lcn1307, task 64  4 [3504842]: mask |--------|--------|BBBBBBBB|--------|--------|--------|--------|--------|--------|--------|--------|BBBBBBBB||||--------|--------|--------|--------|--------|--------|--------|--------|--------|--------|--------|--------|  set
cpu-bind=MASK - lcn1314, task 148  4 [358267]: mask |--------|--------|BBBBBBBB|--------|--------|--------|--------|--------|--------|--------|--------|BBBBBBBB||||--------|--------|--------|--------|--------|--------|--------|--------|--------|--------|--------|--------|  set
cpu-bind=MASK - lcn1302, task  4  4 [2820854]: mask |--------|--------|BBBBBBBB|--------|--------|--------|--------|--------|--------|--------|--------|BBBBBBBB||||--------|--------|--------|--------|--------|--------|--------|--------|--------|--------|--------|--------|  set
cpu-bind=MASK - lcn1307, task 65  5 [3504843]: mask |--------|--------|--------|--------|--------|BBBBBBBB|--------|--------|BBBBBBBB|--------|--------|--------||||--------|--------|--------|--------|--------|--------|--------|--------|--------|--------|--------|--------|  set
cpu-bind=MASK - lcn1314, task 149  5 [358268]: mask |--------|--------|--------|--------|--------|BBBBBBBB|--------|--------|BBBBBBBB|--------|--------|--------||||--------|--------|--------|--------|--------|--------|--------|--------|--------|--------|--------|--------|  set
cpu-bind=MASK - lcn1302, task  5  5 [2820855]: mask |--------|--------|--------|--------|--------|BBBBBBBB|--------|--------|BBBBBBBB|--------|--------|--------||||--------|--------|--------|--------|--------|--------|--------|--------|--------|--------|--------|--------|  set
cpu-bind=MASK - lcn1307, task 66  6 [3504844]: mask |--------|--------|--------|--------|--------|--------|--------|--------|--------|--------|--------|--------||||BBBBBBBB|--------|--------|--------|--------|--------|--------|--------|--------|BBBBBBBB|--------|--------|  set
cpu-bind=MASK - lcn1302, task  6  6 [2820856]: mask |--------|--------|--------|--------|--------|--------|--------|--------|--------|--------|--------|--------||||BBBBBBBB|--------|--------|--------|--------|--------|--------|--------|--------|BBBBBBBB|--------|--------|  set
cpu-bind=MASK - lcn1302, task  7  7 [2820857]: mask |--------|--------|--------|--------|--------|--------|--------|--------|--------|--------|--------|--------||||--------|--------|--------|BBBBBBBB|--------|--------|BBBBBBBB|--------|--------|--------|--------|--------|  set
cpu-bind=MASK - lcn1302, task  8  8 [2820858]: mask |--------|--------|--------|--------|--------|--------|--------|--------|--------|--------|--------|--------||||--------|BBBBBBBB|--------|--------|--------|--------|--------|--------|--------|--------|BBBBBBBB|--------|  set
cpu-bind=MASK - lcn1302, task  9  9 [2820859]: mask |--------|--------|--------|--------|--------|--------|--------|--------|--------|--------|--------|--------||||--------|--------|--------|--------|BBBBBBBB|--------|--------|BBBBBBBB|--------|--------|--------|--------|  set
cpu-bind=MASK - lcn1302, task 10 10 [2820860]: mask |--------|--------|--------|--------|--------|--------|--------|--------|--------|--------|--------|--------||||--------|--------|BBBBBBBB|--------|--------|--------|--------|--------|--------|--------|--------|BBBBBBBB|  set
cpu-bind=MASK - lcn1302, task 11 11 [2820861]: mask |--------|--------|--------|--------|--------|--------|--------|--------|--------|--------|--------|--------||||--------|--------|--------|--------|--------|BBBBBBBB|--------|--------|BBBBBBBB|--------|--------|--------|  set
cpu-bind=MASK - lcn1307, task 67  7 [3504845]: mask |--------|--------|--------|--------|--------|--------|--------|--------|--------|--------|--------|--------||||--------|--------|--------|BBBBBBBB|--------|--------|BBBBBBBB|--------|--------|--------|--------|--------|  set
cpu-bind=MASK - lcn1314, task 150  6 [358269]: mask |--------|--------|--------|--------|--------|--------|--------|--------|--------|--------|--------|--------||||BBBBBBBB|--------|--------|--------|--------|--------|--------|--------|--------|BBBBBBBB|--------|--------|  set
cpu-bind=MASK - lcn1316, task 170  2 [3138595]: mask |--------|BBBBBBBB|--------|--------|--------|--------|--------|--------|--------|--------|BBBBBBBB|--------||||--------|--------|--------|--------|--------|--------|--------|--------|--------|--------|--------|--------|  set
cpu-bind=MASK - lcn1315, task 158  2 [3437921]: mask |--------|BBBBBBBB|--------|--------|--------|--------|--------|--------|--------|--------|BBBBBBBB|--------||||--------|--------|--------|--------|--------|--------|--------|--------|--------|--------|--------|--------|  set
cpu-bind=MASK - lcn1314, task 151  7 [358270]: mask |--------|--------|--------|--------|--------|--------|--------|--------|--------|--------|--------|--------||||--------|--------|--------|BBBBBBBB|--------|--------|BBBBBBBB|--------|--------|--------|--------|--------|  set
cpu-bind=MASK - lcn1316, task 171  3 [3138596]: mask |--------|--------|--------|--------|BBBBBBBB|--------|--------|BBBBBBBB|--------|--------|--------|--------||||--------|--------|--------|--------|--------|--------|--------|--------|--------|--------|--------|--------|  set
cpu-bind=MASK - lcn1315, task 159  3 [3437922]: mask |--------|--------|--------|--------|BBBBBBBB|--------|--------|BBBBBBBB|--------|--------|--------|--------||||--------|--------|--------|--------|--------|--------|--------|--------|--------|--------|--------|--------|  set
cpu-bind=MASK - lcn1307, task 68  8 [3504846]: mask |--------|--------|--------|--------|--------|--------|--------|--------|--------|--------|--------|--------||||--------|BBBBBBBB|--------|--------|--------|--------|--------|--------|--------|--------|BBBBBBBB|--------|  set
cpu-bind=MASK - lcn1315, task 160  4 [3437923]: mask |--------|--------|BBBBBBBB|--------|--------|--------|--------|--------|--------|--------|--------|BBBBBBBB||||--------|--------|--------|--------|--------|--------|--------|--------|--------|--------|--------|--------|  set
cpu-bind=MASK - lcn1314, task 152  8 [358271]: mask |--------|--------|--------|--------|--------|--------|--------|--------|--------|--------|--------|--------||||--------|BBBBBBBB|--------|--------|--------|--------|--------|--------|--------|--------|BBBBBBBB|--------|  set
cpu-bind=MASK - lcn1307, task 69  9 [3504847]: mask |--------|--------|--------|--------|--------|--------|--------|--------|--------|--------|--------|--------||||--------|--------|--------|--------|BBBBBBBB|--------|--------|BBBBBBBB|--------|--------|--------|--------|  set
cpu-bind=MASK - lcn1316, task 172  4 [3138597]: mask |--------|--------|BBBBBBBB|--------|--------|--------|--------|--------|--------|--------|--------|BBBBBBBB||||--------|--------|--------|--------|--------|--------|--------|--------|--------|--------|--------|--------|  set
cpu-bind=MASK - lcn1315, task 161  5 [3437924]: mask |--------|--------|--------|--------|--------|BBBBBBBB|--------|--------|BBBBBBBB|--------|--------|--------||||--------|--------|--------|--------|--------|--------|--------|--------|--------|--------|--------|--------|  set
cpu-bind=MASK - lcn1314, task 153  9 [358272]: mask |--------|--------|--------|--------|--------|--------|--------|--------|--------|--------|--------|--------||||--------|--------|--------|--------|BBBBBBBB|--------|--------|BBBBBBBB|--------|--------|--------|--------|  set
cpu-bind=MASK - lcn1307, task 70 10 [3504848]: mask |--------|--------|--------|--------|--------|--------|--------|--------|--------|--------|--------|--------||||--------|--------|BBBBBBBB|--------|--------|--------|--------|--------|--------|--------|--------|BBBBBBBB|  set
cpu-bind=MASK - lcn1316, task 173  5 [3138598]: mask |--------|--------|--------|--------|--------|BBBBBBBB|--------|--------|BBBBBBBB|--------|--------|--------||||--------|--------|--------|--------|--------|--------|--------|--------|--------|--------|--------|--------|  set
cpu-bind=MASK - lcn1314, task 154 10 [358273]: mask |--------|--------|--------|--------|--------|--------|--------|--------|--------|--------|--------|--------||||--------|--------|BBBBBBBB|--------|--------|--------|--------|--------|--------|--------|--------|BBBBBBBB|  set
cpu-bind=MASK - lcn1316, task 174  6 [3138599]: mask |--------|--------|--------|--------|--------|--------|--------|--------|--------|--------|--------|--------||||BBBBBBBB|--------|--------|--------|--------|--------|--------|--------|--------|BBBBBBBB|--------|--------|  set
cpu-bind=MASK - lcn1315, task 162  6 [3437925]: mask |--------|--------|--------|--------|--------|--------|--------|--------|--------|--------|--------|--------||||BBBBBBBB|--------|--------|--------|--------|--------|--------|--------|--------|BBBBBBBB|--------|--------|  set
cpu-bind=MASK - lcn1315, task 163  7 [3437926]: mask |--------|--------|--------|--------|--------|--------|--------|--------|--------|--------|--------|--------||||--------|--------|--------|BBBBBBBB|--------|--------|BBBBBBBB|--------|--------|--------|--------|--------|  set
cpu-bind=MASK - lcn1316, task 175  7 [3138600]: mask |--------|--------|--------|--------|--------|--------|--------|--------|--------|--------|--------|--------||||--------|--------|--------|BBBBBBBB|--------|--------|BBBBBBBB|--------|--------|--------|--------|--------|  set
cpu-bind=MASK - lcn1315, task 164  8 [3437927]: mask |--------|--------|--------|--------|--------|--------|--------|--------|--------|--------|--------|--------||||--------|BBBBBBBB|--------|--------|--------|--------|--------|--------|--------|--------|BBBBBBBB|--------|  set
cpu-bind=MASK - lcn1316, task 176  8 [3138601]: mask |--------|--------|--------|--------|--------|--------|--------|--------|--------|--------|--------|--------||||--------|BBBBBBBB|--------|--------|--------|--------|--------|--------|--------|--------|BBBBBBBB|--------|  set
cpu-bind=MASK - lcn1315, task 165  9 [3437928]: mask |--------|--------|--------|--------|--------|--------|--------|--------|--------|--------|--------|--------||||--------|--------|--------|--------|BBBBBBBB|--------|--------|BBBBBBBB|--------|--------|--------|--------|  set
cpu-bind=MASK - lcn1316, task 177  9 [3138602]: mask |--------|--------|--------|--------|--------|--------|--------|--------|--------|--------|--------|--------||||--------|--------|--------|--------|BBBBBBBB|--------|--------|BBBBBBBB|--------|--------|--------|--------|  set
cpu-bind=MASK - lcn1315, task 166 10 [3437929]: mask |--------|--------|--------|--------|--------|--------|--------|--------|--------|--------|--------|--------||||--------|--------|BBBBBBBB|--------|--------|--------|--------|--------|--------|--------|--------|BBBBBBBB|  set
cpu-bind=MASK - lcn1316, task 178 10 [3138603]: mask |--------|--------|--------|--------|--------|--------|--------|--------|--------|--------|--------|--------||||--------|--------|BBBBBBBB|--------|--------|--------|--------|--------|--------|--------|--------|BBBBBBBB|  set
cpu-bind=MASK - lcn1308, task 72  0 [3996970]: mask |BBBBBBBB|--------|--------|--------|--------|--------|--------|--------|--------|BBBBBBBB|--------|--------||||--------|--------|--------|--------|--------|--------|--------|--------|--------|--------|--------|--------|  set
cpu-bind=MASK - lcn1308, task 73  1 [3996971]: mask |--------|--------|--------|BBBBBBBB|--------|--------|BBBBBBBB|--------|--------|--------|--------|--------||||--------|--------|--------|--------|--------|--------|--------|--------|--------|--------|--------|--------|  set
cpu-bind=MASK - lcn1308, task 74  2 [3996972]: mask |--------|BBBBBBBB|--------|--------|--------|--------|--------|--------|--------|--------|BBBBBBBB|--------||||--------|--------|--------|--------|--------|--------|--------|--------|--------|--------|--------|--------|  set
cpu-bind=MASK - lcn1308, task 75  3 [3996973]: mask |--------|--------|--------|--------|BBBBBBBB|--------|--------|BBBBBBBB|--------|--------|--------|--------||||--------|--------|--------|--------|--------|--------|--------|--------|--------|--------|--------|--------|  set
cpu-bind=MASK - lcn1308, task 76  4 [3996974]: mask |--------|--------|BBBBBBBB|--------|--------|--------|--------|--------|--------|--------|--------|BBBBBBBB||||--------|--------|--------|--------|--------|--------|--------|--------|--------|--------|--------|--------|  set
cpu-bind=MASK - lcn1308, task 77  5 [3996975]: mask |--------|--------|--------|--------|--------|BBBBBBBB|--------|--------|BBBBBBBB|--------|--------|--------||||--------|--------|--------|--------|--------|--------|--------|--------|--------|--------|--------|--------|  set
cpu-bind=MASK - lcn1308, task 78  6 [3996976]: mask |--------|--------|--------|--------|--------|--------|--------|--------|--------|--------|--------|--------||||BBBBBBBB|--------|--------|--------|--------|--------|--------|--------|--------|BBBBBBBB|--------|--------|  set
cpu-bind=MASK - lcn1308, task 79  7 [3996977]: mask |--------|--------|--------|--------|--------|--------|--------|--------|--------|--------|--------|--------||||--------|--------|--------|BBBBBBBB|--------|--------|BBBBBBBB|--------|--------|--------|--------|--------|  set
cpu-bind=MASK - lcn1308, task 80  8 [3996978]: mask |--------|--------|--------|--------|--------|--------|--------|--------|--------|--------|--------|--------||||--------|BBBBBBBB|--------|--------|--------|--------|--------|--------|--------|--------|BBBBBBBB|--------|  set
cpu-bind=MASK - lcn1308, task 81  9 [3996979]: mask |--------|--------|--------|--------|--------|--------|--------|--------|--------|--------|--------|--------||||--------|--------|--------|--------|BBBBBBBB|--------|--------|BBBBBBBB|--------|--------|--------|--------|  set
cpu-bind=MASK - lcn1308, task 82 10 [3996980]: mask |--------|--------|--------|--------|--------|--------|--------|--------|--------|--------|--------|--------||||--------|--------|BBBBBBBB|--------|--------|--------|--------|--------|--------|--------|--------|BBBBBBBB|  set
cpu-bind=MASK - lcn1303, task 12  0 [1132214]: mask |BBBBBBBB|--------|--------|--------|--------|--------|--------|--------|--------|BBBBBBBB|--------|--------||||--------|--------|--------|--------|--------|--------|--------|--------|--------|--------|--------|--------|  set
cpu-bind=MASK - lcn1313, task 132  0 [378924]: mask |BBBBBBBB|--------|--------|--------|--------|--------|--------|--------|--------|BBBBBBBB|--------|--------||||--------|--------|--------|--------|--------|--------|--------|--------|--------|--------|--------|--------|  set
cpu-bind=MASK - lcn1303, task 13  1 [1132215]: mask |--------|--------|--------|BBBBBBBB|--------|--------|BBBBBBBB|--------|--------|--------|--------|--------||||--------|--------|--------|--------|--------|--------|--------|--------|--------|--------|--------|--------|  set
cpu-bind=MASK - lcn1313, task 133  1 [378925]: mask |--------|--------|--------|BBBBBBBB|--------|--------|BBBBBBBB|--------|--------|--------|--------|--------||||--------|--------|--------|--------|--------|--------|--------|--------|--------|--------|--------|--------|  set
cpu-bind=MASK - lcn1303, task 14  2 [1132216]: mask |--------|BBBBBBBB|--------|--------|--------|--------|--------|--------|--------|--------|BBBBBBBB|--------||||--------|--------|--------|--------|--------|--------|--------|--------|--------|--------|--------|--------|  set
cpu-bind=MASK - lcn1313, task 134  2 [378926]: mask |--------|BBBBBBBB|--------|--------|--------|--------|--------|--------|--------|--------|BBBBBBBB|--------||||--------|--------|--------|--------|--------|--------|--------|--------|--------|--------|--------|--------|  set
cpu-bind=MASK - lcn1303, task 15  3 [1132217]: mask |--------|--------|--------|--------|BBBBBBBB|--------|--------|BBBBBBBB|--------|--------|--------|--------||||--------|--------|--------|--------|--------|--------|--------|--------|--------|--------|--------|--------|  set
cpu-bind=MASK - lcn1313, task 135  3 [378927]: mask |--------|--------|--------|--------|BBBBBBBB|--------|--------|BBBBBBBB|--------|--------|--------|--------||||--------|--------|--------|--------|--------|--------|--------|--------|--------|--------|--------|--------|  set
cpu-bind=MASK - lcn1303, task 16  4 [1132218]: mask |--------|--------|BBBBBBBB|--------|--------|--------|--------|--------|--------|--------|--------|BBBBBBBB||||--------|--------|--------|--------|--------|--------|--------|--------|--------|--------|--------|--------|  set
cpu-bind=MASK - lcn1313, task 136  4 [378928]: mask |--------|--------|BBBBBBBB|--------|--------|--------|--------|--------|--------|--------|--------|BBBBBBBB||||--------|--------|--------|--------|--------|--------|--------|--------|--------|--------|--------|--------|  set
cpu-bind=MASK - lcn1303, task 17  5 [1132219]: mask |--------|--------|--------|--------|--------|BBBBBBBB|--------|--------|BBBBBBBB|--------|--------|--------||||--------|--------|--------|--------|--------|--------|--------|--------|--------|--------|--------|--------|  set
cpu-bind=MASK - lcn1313, task 137  5 [378929]: mask |--------|--------|--------|--------|--------|BBBBBBBB|--------|--------|BBBBBBBB|--------|--------|--------||||--------|--------|--------|--------|--------|--------|--------|--------|--------|--------|--------|--------|  set
cpu-bind=MASK - lcn1303, task 18  6 [1132220]: mask |--------|--------|--------|--------|--------|--------|--------|--------|--------|--------|--------|--------||||BBBBBBBB|--------|--------|--------|--------|--------|--------|--------|--------|BBBBBBBB|--------|--------|  set
cpu-bind=MASK - lcn1313, task 138  6 [378930]: mask |--------|--------|--------|--------|--------|--------|--------|--------|--------|--------|--------|--------||||BBBBBBBB|--------|--------|--------|--------|--------|--------|--------|--------|BBBBBBBB|--------|--------|  set
cpu-bind=MASK - lcn1303, task 19  7 [1132221]: mask |--------|--------|--------|--------|--------|--------|--------|--------|--------|--------|--------|--------||||--------|--------|--------|BBBBBBBB|--------|--------|BBBBBBBB|--------|--------|--------|--------|--------|  set
cpu-bind=MASK - lcn1303, task 20  8 [1132222]: mask |--------|--------|--------|--------|--------|--------|--------|--------|--------|--------|--------|--------||||--------|BBBBBBBB|--------|--------|--------|--------|--------|--------|--------|--------|BBBBBBBB|--------|  set
cpu-bind=MASK - lcn1307, task 71 11 [3504849]: mask |--------|--------|--------|--------|--------|--------|--------|--------|--------|--------|--------|--------||||--------|--------|--------|--------|--------|BBBBBBBB|--------|--------|BBBBBBBB|--------|--------|--------|  set
cpu-bind=MASK - lcn1313, task 139  7 [378931]: mask |--------|--------|--------|--------|--------|--------|--------|--------|--------|--------|--------|--------||||--------|--------|--------|BBBBBBBB|--------|--------|BBBBBBBB|--------|--------|--------|--------|--------|  set
cpu-bind=MASK - lcn1314, task 155 11 [358274]: mask |--------|--------|--------|--------|--------|--------|--------|--------|--------|--------|--------|--------||||--------|--------|--------|--------|--------|BBBBBBBB|--------|--------|BBBBBBBB|--------|--------|--------|  set
cpu-bind=MASK - lcn1313, task 140  8 [378932]: mask |--------|--------|--------|--------|--------|--------|--------|--------|--------|--------|--------|--------||||--------|BBBBBBBB|--------|--------|--------|--------|--------|--------|--------|--------|BBBBBBBB|--------|  set
cpu-bind=MASK - lcn1303, task 21  9 [1132223]: mask |--------|--------|--------|--------|--------|--------|--------|--------|--------|--------|--------|--------||||--------|--------|--------|--------|BBBBBBBB|--------|--------|BBBBBBBB|--------|--------|--------|--------|  set
cpu-bind=MASK - lcn1303, task 22 10 [1132224]: mask |--------|--------|--------|--------|--------|--------|--------|--------|--------|--------|--------|--------||||--------|--------|BBBBBBBB|--------|--------|--------|--------|--------|--------|--------|--------|BBBBBBBB|  set
cpu-bind=MASK - lcn1313, task 141  9 [378933]: mask |--------|--------|--------|--------|--------|--------|--------|--------|--------|--------|--------|--------||||--------|--------|--------|--------|BBBBBBBB|--------|--------|BBBBBBBB|--------|--------|--------|--------|  set
cpu-bind=MASK - lcn1313, task 142 10 [378934]: mask |--------|--------|--------|--------|--------|--------|--------|--------|--------|--------|--------|--------||||--------|--------|BBBBBBBB|--------|--------|--------|--------|--------|--------|--------|--------|BBBBBBBB|  set
cpu-bind=MASK - lcn1315, task 167 11 [3437930]: mask |--------|--------|--------|--------|--------|--------|--------|--------|--------|--------|--------|--------||||--------|--------|--------|--------|--------|BBBBBBBB|--------|--------|BBBBBBBB|--------|--------|--------|  set
cpu-bind=MASK - lcn1304, task 24  0 [996839]: mask |BBBBBBBB|--------|--------|--------|--------|--------|--------|--------|--------|BBBBBBBB|--------|--------||||--------|--------|--------|--------|--------|--------|--------|--------|--------|--------|--------|--------|  set
cpu-bind=MASK - lcn1304, task 25  1 [996840]: mask |--------|--------|--------|BBBBBBBB|--------|--------|BBBBBBBB|--------|--------|--------|--------|--------||||--------|--------|--------|--------|--------|--------|--------|--------|--------|--------|--------|--------|  set
cpu-bind=MASK - lcn1304, task 26  2 [996841]: mask |--------|BBBBBBBB|--------|--------|--------|--------|--------|--------|--------|--------|BBBBBBBB|--------||||--------|--------|--------|--------|--------|--------|--------|--------|--------|--------|--------|--------|  set
cpu-bind=MASK - lcn1304, task 27  3 [996842]: mask |--------|--------|--------|--------|BBBBBBBB|--------|--------|BBBBBBBB|--------|--------|--------|--------||||--------|--------|--------|--------|--------|--------|--------|--------|--------|--------|--------|--------|  set
cpu-bind=MASK - lcn1310, task 96  0 [2945866]: mask |BBBBBBBB|--------|--------|--------|--------|--------|--------|--------|--------|BBBBBBBB|--------|--------||||--------|--------|--------|--------|--------|--------|--------|--------|--------|--------|--------|--------|  set
cpu-bind=MASK - lcn1304, task 28  4 [996843]: mask |--------|--------|BBBBBBBB|--------|--------|--------|--------|--------|--------|--------|--------|BBBBBBBB||||--------|--------|--------|--------|--------|--------|--------|--------|--------|--------|--------|--------|  set
cpu-bind=MASK - lcn1310, task 97  1 [2945867]: mask |--------|--------|--------|BBBBBBBB|--------|--------|BBBBBBBB|--------|--------|--------|--------|--------||||--------|--------|--------|--------|--------|--------|--------|--------|--------|--------|--------|--------|  set
cpu-bind=MASK - lcn1304, task 29  5 [996844]: mask |--------|--------|--------|--------|--------|BBBBBBBB|--------|--------|BBBBBBBB|--------|--------|--------||||--------|--------|--------|--------|--------|--------|--------|--------|--------|--------|--------|--------|  set
cpu-bind=MASK - lcn1310, task 98  2 [2945868]: mask |--------|BBBBBBBB|--------|--------|--------|--------|--------|--------|--------|--------|BBBBBBBB|--------||||--------|--------|--------|--------|--------|--------|--------|--------|--------|--------|--------|--------|  set
cpu-bind=MASK - lcn1304, task 30  6 [996845]: mask |--------|--------|--------|--------|--------|--------|--------|--------|--------|--------|--------|--------||||BBBBBBBB|--------|--------|--------|--------|--------|--------|--------|--------|BBBBBBBB|--------|--------|  set
cpu-bind=MASK - lcn1310, task 99  3 [2945869]: mask |--------|--------|--------|--------|BBBBBBBB|--------|--------|BBBBBBBB|--------|--------|--------|--------||||--------|--------|--------|--------|--------|--------|--------|--------|--------|--------|--------|--------|  set
cpu-bind=MASK - lcn1304, task 31  7 [996846]: mask |--------|--------|--------|--------|--------|--------|--------|--------|--------|--------|--------|--------||||--------|--------|--------|BBBBBBBB|--------|--------|BBBBBBBB|--------|--------|--------|--------|--------|  set
cpu-bind=MASK - lcn1317, task 180  0 [2995506]: mask |BBBBBBBB|--------|--------|--------|--------|--------|--------|--------|--------|BBBBBBBB|--------|--------||||--------|--------|--------|--------|--------|--------|--------|--------|--------|--------|--------|--------|  set
cpu-bind=MASK - lcn1317, task 181  1 [2995507]: mask |--------|--------|--------|BBBBBBBB|--------|--------|BBBBBBBB|--------|--------|--------|--------|--------||||--------|--------|--------|--------|--------|--------|--------|--------|--------|--------|--------|--------|  set
cpu-bind=MASK - lcn1310, task 100  4 [2945870]: mask |--------|--------|BBBBBBBB|--------|--------|--------|--------|--------|--------|--------|--------|BBBBBBBB||||--------|--------|--------|--------|--------|--------|--------|--------|--------|--------|--------|--------|  set
cpu-bind=MASK - lcn1304, task 32  8 [996847]: mask |--------|--------|--------|--------|--------|--------|--------|--------|--------|--------|--------|--------||||--------|BBBBBBBB|--------|--------|--------|--------|--------|--------|--------|--------|BBBBBBBB|--------|  set
cpu-bind=MASK - lcn1309, task 84  0 [2140227]: mask |BBBBBBBB|--------|--------|--------|--------|--------|--------|--------|--------|BBBBBBBB|--------|--------||||--------|--------|--------|--------|--------|--------|--------|--------|--------|--------|--------|--------|  set
cpu-bind=MASK - lcn1308, task 83 11 [3996981]: mask |--------|--------|--------|--------|--------|--------|--------|--------|--------|--------|--------|--------||||--------|--------|--------|--------|--------|BBBBBBBB|--------|--------|BBBBBBBB|--------|--------|--------|  set
cpu-bind=MASK - lcn1309, task 85  1 [2140228]: mask |--------|--------|--------|BBBBBBBB|--------|--------|BBBBBBBB|--------|--------|--------|--------|--------||||--------|--------|--------|--------|--------|--------|--------|--------|--------|--------|--------|--------|  set
cpu-bind=MASK - lcn1310, task 101  5 [2945871]: mask |--------|--------|--------|--------|--------|BBBBBBBB|--------|--------|BBBBBBBB|--------|--------|--------||||--------|--------|--------|--------|--------|--------|--------|--------|--------|--------|--------|--------|  set
cpu-bind=MASK - lcn1317, task 182  2 [2995508]: mask |--------|BBBBBBBB|--------|--------|--------|--------|--------|--------|--------|--------|BBBBBBBB|--------||||--------|--------|--------|--------|--------|--------|--------|--------|--------|--------|--------|--------|  set
cpu-bind=MASK - lcn1304, task 33  9 [996848]: mask |--------|--------|--------|--------|--------|--------|--------|--------|--------|--------|--------|--------||||--------|--------|--------|--------|BBBBBBBB|--------|--------|BBBBBBBB|--------|--------|--------|--------|  set
cpu-bind=MASK - lcn1317, task 183  3 [2995509]: mask |--------|--------|--------|--------|BBBBBBBB|--------|--------|BBBBBBBB|--------|--------|--------|--------||||--------|--------|--------|--------|--------|--------|--------|--------|--------|--------|--------|--------|  set
cpu-bind=MASK - lcn1309, task 86  2 [2140229]: mask |--------|BBBBBBBB|--------|--------|--------|--------|--------|--------|--------|--------|BBBBBBBB|--------||||--------|--------|--------|--------|--------|--------|--------|--------|--------|--------|--------|--------|  set
cpu-bind=MASK - lcn1304, task 34 10 [996849]: mask |--------|--------|--------|--------|--------|--------|--------|--------|--------|--------|--------|--------||||--------|--------|BBBBBBBB|--------|--------|--------|--------|--------|--------|--------|--------|BBBBBBBB|  set
cpu-bind=MASK - lcn1310, task 102  6 [2945872]: mask |--------|--------|--------|--------|--------|--------|--------|--------|--------|--------|--------|--------||||BBBBBBBB|--------|--------|--------|--------|--------|--------|--------|--------|BBBBBBBB|--------|--------|  set
cpu-bind=MASK - lcn1309, task 87  3 [2140230]: mask |--------|--------|--------|--------|BBBBBBBB|--------|--------|BBBBBBBB|--------|--------|--------|--------||||--------|--------|--------|--------|--------|--------|--------|--------|--------|--------|--------|--------|  set
cpu-bind=MASK - lcn1317, task 184  4 [2995510]: mask |--------|--------|BBBBBBBB|--------|--------|--------|--------|--------|--------|--------|--------|BBBBBBBB||||--------|--------|--------|--------|--------|--------|--------|--------|--------|--------|--------|--------|  set
cpu-bind=MASK - lcn1310, task 103  7 [2945873]: mask |--------|--------|--------|--------|--------|--------|--------|--------|--------|--------|--------|--------||||--------|--------|--------|BBBBBBBB|--------|--------|BBBBBBBB|--------|--------|--------|--------|--------|  set
cpu-bind=MASK - lcn1317, task 185  5 [2995511]: mask |--------|--------|--------|--------|--------|BBBBBBBB|--------|--------|BBBBBBBB|--------|--------|--------||||--------|--------|--------|--------|--------|--------|--------|--------|--------|--------|--------|--------|  set
cpu-bind=MASK - lcn1309, task 88  4 [2140231]: mask |--------|--------|BBBBBBBB|--------|--------|--------|--------|--------|--------|--------|--------|BBBBBBBB||||--------|--------|--------|--------|--------|--------|--------|--------|--------|--------|--------|--------|  set
cpu-bind=MASK - lcn1310, task 104  8 [2945874]: mask |--------|--------|--------|--------|--------|--------|--------|--------|--------|--------|--------|--------||||--------|BBBBBBBB|--------|--------|--------|--------|--------|--------|--------|--------|BBBBBBBB|--------|  set
cpu-bind=MASK - lcn1309, task 89  5 [2140232]: mask |--------|--------|--------|--------|--------|BBBBBBBB|--------|--------|BBBBBBBB|--------|--------|--------||||--------|--------|--------|--------|--------|--------|--------|--------|--------|--------|--------|--------|  set
cpu-bind=MASK - lcn1306, task 48  0 [3437367]: mask |BBBBBBBB|--------|--------|--------|--------|--------|--------|--------|--------|BBBBBBBB|--------|--------||||--------|--------|--------|--------|--------|--------|--------|--------|--------|--------|--------|--------|  set
cpu-bind=MASK - lcn1310, task 105  9 [2945875]: mask |--------|--------|--------|--------|--------|--------|--------|--------|--------|--------|--------|--------||||--------|--------|--------|--------|BBBBBBBB|--------|--------|BBBBBBBB|--------|--------|--------|--------|  set
cpu-bind=MASK - lcn1317, task 186  6 [2995512]: mask |--------|--------|--------|--------|--------|--------|--------|--------|--------|--------|--------|--------||||BBBBBBBB|--------|--------|--------|--------|--------|--------|--------|--------|BBBBBBBB|--------|--------|  set
cpu-bind=MASK - lcn1306, task 49  1 [3437368]: mask |--------|--------|--------|BBBBBBBB|--------|--------|BBBBBBBB|--------|--------|--------|--------|--------||||--------|--------|--------|--------|--------|--------|--------|--------|--------|--------|--------|--------|  set
cpu-bind=MASK - lcn1316, task 179 11 [3138604]: mask |--------|--------|--------|--------|--------|--------|--------|--------|--------|--------|--------|--------||||--------|--------|--------|--------|--------|BBBBBBBB|--------|--------|BBBBBBBB|--------|--------|--------|  set
cpu-bind=MASK - lcn1309, task 90  6 [2140233]: mask |--------|--------|--------|--------|--------|--------|--------|--------|--------|--------|--------|--------||||BBBBBBBB|--------|--------|--------|--------|--------|--------|--------|--------|BBBBBBBB|--------|--------|  set
cpu-bind=MASK - lcn1310, task 106 10 [2945876]: mask |--------|--------|--------|--------|--------|--------|--------|--------|--------|--------|--------|--------||||--------|--------|BBBBBBBB|--------|--------|--------|--------|--------|--------|--------|--------|BBBBBBBB|  set
cpu-bind=MASK - lcn1317, task 187  7 [2995513]: mask |--------|--------|--------|--------|--------|--------|--------|--------|--------|--------|--------|--------||||--------|--------|--------|BBBBBBBB|--------|--------|BBBBBBBB|--------|--------|--------|--------|--------|  set
cpu-bind=MASK - lcn1306, task 50  2 [3437369]: mask |--------|BBBBBBBB|--------|--------|--------|--------|--------|--------|--------|--------|BBBBBBBB|--------||||--------|--------|--------|--------|--------|--------|--------|--------|--------|--------|--------|--------|  set
cpu-bind=MASK - lcn1309, task 91  7 [2140234]: mask |--------|--------|--------|--------|--------|--------|--------|--------|--------|--------|--------|--------||||--------|--------|--------|BBBBBBBB|--------|--------|BBBBBBBB|--------|--------|--------|--------|--------|  set
cpu-bind=MASK - lcn1317, task 188  8 [2995514]: mask |--------|--------|--------|--------|--------|--------|--------|--------|--------|--------|--------|--------||||--------|BBBBBBBB|--------|--------|--------|--------|--------|--------|--------|--------|BBBBBBBB|--------|  set
cpu-bind=MASK - lcn1306, task 51  3 [3437370]: mask |--------|--------|--------|--------|BBBBBBBB|--------|--------|BBBBBBBB|--------|--------|--------|--------||||--------|--------|--------|--------|--------|--------|--------|--------|--------|--------|--------|--------|  set
cpu-bind=MASK - lcn1309, task 92  8 [2140235]: mask |--------|--------|--------|--------|--------|--------|--------|--------|--------|--------|--------|--------||||--------|BBBBBBBB|--------|--------|--------|--------|--------|--------|--------|--------|BBBBBBBB|--------|  set
cpu-bind=MASK - lcn1312, task 120  0 [3987722]: mask |BBBBBBBB|--------|--------|--------|--------|--------|--------|--------|--------|BBBBBBBB|--------|--------||||--------|--------|--------|--------|--------|--------|--------|--------|--------|--------|--------|--------|  set
cpu-bind=MASK - lcn1317, task 189  9 [2995515]: mask |--------|--------|--------|--------|--------|--------|--------|--------|--------|--------|--------|--------||||--------|--------|--------|--------|BBBBBBBB|--------|--------|BBBBBBBB|--------|--------|--------|--------|  set
cpu-bind=MASK - lcn1306, task 52  4 [3437371]: mask |--------|--------|BBBBBBBB|--------|--------|--------|--------|--------|--------|--------|--------|BBBBBBBB||||--------|--------|--------|--------|--------|--------|--------|--------|--------|--------|--------|--------|  set
cpu-bind=MASK - lcn1312, task 121  1 [3987723]: mask |--------|--------|--------|BBBBBBBB|--------|--------|BBBBBBBB|--------|--------|--------|--------|--------||||--------|--------|--------|--------|--------|--------|--------|--------|--------|--------|--------|--------|  set
cpu-bind=MASK - lcn1309, task 93  9 [2140236]: mask |--------|--------|--------|--------|--------|--------|--------|--------|--------|--------|--------|--------||||--------|--------|--------|--------|BBBBBBBB|--------|--------|BBBBBBBB|--------|--------|--------|--------|  set
cpu-bind=MASK - lcn1317, task 190 10 [2995516]: mask |--------|--------|--------|--------|--------|--------|--------|--------|--------|--------|--------|--------||||--------|--------|BBBBBBBB|--------|--------|--------|--------|--------|--------|--------|--------|BBBBBBBB|  set
cpu-bind=MASK - lcn1306, task 53  5 [3437372]: mask |--------|--------|--------|--------|--------|BBBBBBBB|--------|--------|BBBBBBBB|--------|--------|--------||||--------|--------|--------|--------|--------|--------|--------|--------|--------|--------|--------|--------|  set
cpu-bind=MASK - lcn1312, task 122  2 [3987724]: mask |--------|BBBBBBBB|--------|--------|--------|--------|--------|--------|--------|--------|BBBBBBBB|--------||||--------|--------|--------|--------|--------|--------|--------|--------|--------|--------|--------|--------|  set
cpu-bind=MASK - lcn1311, task 108  0 [790756]: mask |BBBBBBBB|--------|--------|--------|--------|--------|--------|--------|--------|BBBBBBBB|--------|--------||||--------|--------|--------|--------|--------|--------|--------|--------|--------|--------|--------|--------|  set
cpu-bind=MASK - lcn1309, task 94 10 [2140237]: mask |--------|--------|--------|--------|--------|--------|--------|--------|--------|--------|--------|--------||||--------|--------|BBBBBBBB|--------|--------|--------|--------|--------|--------|--------|--------|BBBBBBBB|  set
cpu-bind=MASK - lcn1306, task 54  6 [3437373]: mask |--------|--------|--------|--------|--------|--------|--------|--------|--------|--------|--------|--------||||BBBBBBBB|--------|--------|--------|--------|--------|--------|--------|--------|BBBBBBBB|--------|--------|  set
cpu-bind=MASK - lcn1312, task 123  3 [3987725]: mask |--------|--------|--------|--------|BBBBBBBB|--------|--------|BBBBBBBB|--------|--------|--------|--------||||--------|--------|--------|--------|--------|--------|--------|--------|--------|--------|--------|--------|  set
cpu-bind=MASK - lcn1311, task 109  1 [790757]: mask |--------|--------|--------|BBBBBBBB|--------|--------|BBBBBBBB|--------|--------|--------|--------|--------||||--------|--------|--------|--------|--------|--------|--------|--------|--------|--------|--------|--------|  set
cpu-bind=MASK - lcn1306, task 55  7 [3437374]: mask |--------|--------|--------|--------|--------|--------|--------|--------|--------|--------|--------|--------||||--------|--------|--------|BBBBBBBB|--------|--------|BBBBBBBB|--------|--------|--------|--------|--------|  set
cpu-bind=MASK - lcn1311, task 110  2 [790758]: mask |--------|BBBBBBBB|--------|--------|--------|--------|--------|--------|--------|--------|BBBBBBBB|--------||||--------|--------|--------|--------|--------|--------|--------|--------|--------|--------|--------|--------|  set
cpu-bind=MASK - lcn1312, task 124  4 [3987726]: mask |--------|--------|BBBBBBBB|--------|--------|--------|--------|--------|--------|--------|--------|BBBBBBBB||||--------|--------|--------|--------|--------|--------|--------|--------|--------|--------|--------|--------|  set
cpu-bind=MASK - lcn1306, task 56  8 [3437375]: mask |--------|--------|--------|--------|--------|--------|--------|--------|--------|--------|--------|--------||||--------|BBBBBBBB|--------|--------|--------|--------|--------|--------|--------|--------|BBBBBBBB|--------|  set
cpu-bind=MASK - lcn1312, task 125  5 [3987727]: mask |--------|--------|--------|--------|--------|BBBBBBBB|--------|--------|BBBBBBBB|--------|--------|--------||||--------|--------|--------|--------|--------|--------|--------|--------|--------|--------|--------|--------|  set
cpu-bind=MASK - lcn1311, task 111  3 [790759]: mask |--------|--------|--------|--------|BBBBBBBB|--------|--------|BBBBBBBB|--------|--------|--------|--------||||--------|--------|--------|--------|--------|--------|--------|--------|--------|--------|--------|--------|  set
cpu-bind=MASK - lcn1306, task 57  9 [3437376]: mask |--------|--------|--------|--------|--------|--------|--------|--------|--------|--------|--------|--------||||--------|--------|--------|--------|BBBBBBBB|--------|--------|BBBBBBBB|--------|--------|--------|--------|  set
cpu-bind=MASK - lcn1311, task 112  4 [790760]: mask |--------|--------|BBBBBBBB|--------|--------|--------|--------|--------|--------|--------|--------|BBBBBBBB||||--------|--------|--------|--------|--------|--------|--------|--------|--------|--------|--------|--------|  set
cpu-bind=MASK - lcn1312, task 126  6 [3987728]: mask |--------|--------|--------|--------|--------|--------|--------|--------|--------|--------|--------|--------||||BBBBBBBB|--------|--------|--------|--------|--------|--------|--------|--------|BBBBBBBB|--------|--------|  set
cpu-bind=MASK - lcn1311, task 113  5 [790761]: mask |--------|--------|--------|--------|--------|BBBBBBBB|--------|--------|BBBBBBBB|--------|--------|--------||||--------|--------|--------|--------|--------|--------|--------|--------|--------|--------|--------|--------|  set
cpu-bind=MASK - lcn1306, task 58 10 [3437377]: mask |--------|--------|--------|--------|--------|--------|--------|--------|--------|--------|--------|--------||||--------|--------|BBBBBBBB|--------|--------|--------|--------|--------|--------|--------|--------|BBBBBBBB|  set
cpu-bind=MASK - lcn1312, task 127  7 [3987729]: mask |--------|--------|--------|--------|--------|--------|--------|--------|--------|--------|--------|--------||||--------|--------|--------|BBBBBBBB|--------|--------|BBBBBBBB|--------|--------|--------|--------|--------|  set
cpu-bind=MASK - lcn1311, task 114  6 [790762]: mask |--------|--------|--------|--------|--------|--------|--------|--------|--------|--------|--------|--------||||BBBBBBBB|--------|--------|--------|--------|--------|--------|--------|--------|BBBBBBBB|--------|--------|  set
cpu-bind=MASK - lcn1312, task 128  8 [3987730]: mask |--------|--------|--------|--------|--------|--------|--------|--------|--------|--------|--------|--------||||--------|BBBBBBBB|--------|--------|--------|--------|--------|--------|--------|--------|BBBBBBBB|--------|  set
cpu-bind=MASK - lcn1313, task 143 11 [378935]: mask |--------|--------|--------|--------|--------|--------|--------|--------|--------|--------|--------|--------||||--------|--------|--------|--------|--------|BBBBBBBB|--------|--------|BBBBBBBB|--------|--------|--------|  set
cpu-bind=MASK - lcn1311, task 115  7 [790763]: mask |--------|--------|--------|--------|--------|--------|--------|--------|--------|--------|--------|--------||||--------|--------|--------|BBBBBBBB|--------|--------|BBBBBBBB|--------|--------|--------|--------|--------|  set
cpu-bind=MASK - lcn1312, task 129  9 [3987731]: mask |--------|--------|--------|--------|--------|--------|--------|--------|--------|--------|--------|--------||||--------|--------|--------|--------|BBBBBBBB|--------|--------|BBBBBBBB|--------|--------|--------|--------|  set
cpu-bind=MASK - lcn1311, task 116  8 [790764]: mask |--------|--------|--------|--------|--------|--------|--------|--------|--------|--------|--------|--------||||--------|BBBBBBBB|--------|--------|--------|--------|--------|--------|--------|--------|BBBBBBBB|--------|  set
cpu-bind=MASK - lcn1303, task 23 11 [1132225]: mask |--------|--------|--------|--------|--------|--------|--------|--------|--------|--------|--------|--------||||--------|--------|--------|--------|--------|BBBBBBBB|--------|--------|BBBBBBBB|--------|--------|--------|  set
cpu-bind=MASK - lcn1304, task 35 11 [996850]: mask |--------|--------|--------|--------|--------|--------|--------|--------|--------|--------|--------|--------||||--------|--------|--------|--------|--------|BBBBBBBB|--------|--------|BBBBBBBB|--------|--------|--------|  set
cpu-bind=MASK - lcn1311, task 117  9 [790765]: mask |--------|--------|--------|--------|--------|--------|--------|--------|--------|--------|--------|--------||||--------|--------|--------|--------|BBBBBBBB|--------|--------|BBBBBBBB|--------|--------|--------|--------|  set
cpu-bind=MASK - lcn1312, task 130 10 [3987732]: mask |--------|--------|--------|--------|--------|--------|--------|--------|--------|--------|--------|--------||||--------|--------|BBBBBBBB|--------|--------|--------|--------|--------|--------|--------|--------|BBBBBBBB|  set
cpu-bind=MASK - lcn1311, task 118 10 [790766]: mask |--------|--------|--------|--------|--------|--------|--------|--------|--------|--------|--------|--------||||--------|--------|BBBBBBBB|--------|--------|--------|--------|--------|--------|--------|--------|BBBBBBBB|  set
cpu-bind=MASK - lcn1306, task 59 11 [3437378]: mask |--------|--------|--------|--------|--------|--------|--------|--------|--------|--------|--------|--------||||--------|--------|--------|--------|--------|BBBBBBBB|--------|--------|BBBBBBBB|--------|--------|--------|  set
cpu-bind=MASK - lcn1312, task 131 11 [3987733]: mask |--------|--------|--------|--------|--------|--------|--------|--------|--------|--------|--------|--------||||--------|--------|--------|--------|--------|BBBBBBBB|--------|--------|BBBBBBBB|--------|--------|--------|  set
cpu-bind=MASK - lcn1311, task 119 11 [790767]: mask |--------|--------|--------|--------|--------|--------|--------|--------|--------|--------|--------|--------||||--------|--------|--------|--------|--------|BBBBBBBB|--------|--------|BBBBBBBB|--------|--------|--------|  set
cpu-bind=MASK - lcn1309, task 95 11 [2140238]: mask |--------|--------|--------|--------|--------|--------|--------|--------|--------|--------|--------|--------||||--------|--------|--------|--------|--------|BBBBBBBB|--------|--------|BBBBBBBB|--------|--------|--------|  set
cpu-bind=MASK - lcn1310, task 107 11 [2945877]: mask |--------|--------|--------|--------|--------|--------|--------|--------|--------|--------|--------|--------||||--------|--------|--------|--------|--------|BBBBBBBB|--------|--------|BBBBBBBB|--------|--------|--------|  set
cpu-bind=MASK - lcn1317, task 191 11 [2995517]: mask |--------|--------|--------|--------|--------|--------|--------|--------|--------|--------|--------|--------||||--------|--------|--------|--------|--------|BBBBBBBB|--------|--------|BBBBBBBB|--------|--------|--------|  set
cpu-bind=MASK - lcn1305, task 36  0 [3875605]: mask |BBBBBBBB|--------|--------|--------|--------|--------|--------|--------|--------|BBBBBBBB|--------|--------||||--------|--------|--------|--------|--------|--------|--------|--------|--------|--------|--------|--------|  set
cpu-bind=MASK - lcn1305, task 37  1 [3875606]: mask |--------|--------|--------|BBBBBBBB|--------|--------|BBBBBBBB|--------|--------|--------|--------|--------||||--------|--------|--------|--------|--------|--------|--------|--------|--------|--------|--------|--------|  set
cpu-bind=MASK - lcn1305, task 38  2 [3875607]: mask |--------|BBBBBBBB|--------|--------|--------|--------|--------|--------|--------|--------|BBBBBBBB|--------||||--------|--------|--------|--------|--------|--------|--------|--------|--------|--------|--------|--------|  set
cpu-bind=MASK - lcn1305, task 39  3 [3875608]: mask |--------|--------|--------|--------|BBBBBBBB|--------|--------|BBBBBBBB|--------|--------|--------|--------||||--------|--------|--------|--------|--------|--------|--------|--------|--------|--------|--------|--------|  set
cpu-bind=MASK - lcn1305, task 40  4 [3875609]: mask |--------|--------|BBBBBBBB|--------|--------|--------|--------|--------|--------|--------|--------|BBBBBBBB||||--------|--------|--------|--------|--------|--------|--------|--------|--------|--------|--------|--------|  set
cpu-bind=MASK - lcn1305, task 41  5 [3875610]: mask |--------|--------|--------|--------|--------|BBBBBBBB|--------|--------|BBBBBBBB|--------|--------|--------||||--------|--------|--------|--------|--------|--------|--------|--------|--------|--------|--------|--------|  set
cpu-bind=MASK - lcn1305, task 42  6 [3875611]: mask |--------|--------|--------|--------|--------|--------|--------|--------|--------|--------|--------|--------||||BBBBBBBB|--------|--------|--------|--------|--------|--------|--------|--------|BBBBBBBB|--------|--------|  set
cpu-bind=MASK - lcn1305, task 43  7 [3875612]: mask |--------|--------|--------|--------|--------|--------|--------|--------|--------|--------|--------|--------||||--------|--------|--------|BBBBBBBB|--------|--------|BBBBBBBB|--------|--------|--------|--------|--------|  set
cpu-bind=MASK - lcn1305, task 44  8 [3875613]: mask |--------|--------|--------|--------|--------|--------|--------|--------|--------|--------|--------|--------||||--------|BBBBBBBB|--------|--------|--------|--------|--------|--------|--------|--------|BBBBBBBB|--------|  set
cpu-bind=MASK - lcn1305, task 45  9 [3875614]: mask |--------|--------|--------|--------|--------|--------|--------|--------|--------|--------|--------|--------||||--------|--------|--------|--------|BBBBBBBB|--------|--------|BBBBBBBB|--------|--------|--------|--------|  set
cpu-bind=MASK - lcn1305, task 46 10 [3875615]: mask |--------|--------|--------|--------|--------|--------|--------|--------|--------|--------|--------|--------||||--------|--------|BBBBBBBB|--------|--------|--------|--------|--------|--------|--------|--------|BBBBBBBB|  set
cpu-bind=MASK - lcn1305, task 47 11 [3875616]: mask |--------|--------|--------|--------|--------|--------|--------|--------|--------|--------|--------|--------||||--------|--------|--------|--------|--------|BBBBBBBB|--------|--------|BBBBBBBB|--------|--------|--------|  set
