Energy-E_F (eV)    DOS (1/eV)    PDOS (1/eV)  of atom type B  N  
     -4.99000      0.70170      0.24070      0.46100
     -4.98000      0.68360      0.23678      0.44682
     -4.97000      0.48189      0.16671      0.31518
     -4.96000      0.49470      0.17427      0.32042
     -4.95000      0.73830      0.26173      0.47657
     -4.94000      0.72519      0.25809      0.46710
     -4.93000      0.54357      0.19167      0.35190
     -4.92000      0.47878      0.16327      0.31550
     -4.91000      0.45337      0.15432      0.29906
     -4.90000      0.53998      0.18399      0.35599
     -4.89000      0.67896      0.22996      0.44901
     -4.88000      0.62657      0.21390      0.41268
     -4.87000      0.63258      0.21465      0.41792
     -4.86000      0.72470      0.24140      0.48330
     -4.85000      0.83699      0.28106      0.55593
     -4.84000      0.88497      0.30790      0.57707
     -4.83000      0.88884      0.31460      0.57424
     -4.82000      0.76462      0.26745      0.49717
     -4.81000      0.48178      0.16633      0.31546
     -4.80000      0.36296      0.12589      0.23707
     -4.79000      0.39984      0.14132      0.25852
     -4.78000      0.48604      0.17345      0.31259
     -4.77000      0.50347      0.17621      0.32726
     -4.76000      0.52332      0.17879      0.34454
     -4.75000      0.75083      0.25150      0.49933
     -4.74000      0.88521      0.29521      0.59000
     -4.73000      0.65919      0.22335      0.43584
     -4.72000      0.47067      0.16488      0.30579
     -4.71000      0.44580      0.15850      0.28729
     -4.70000      0.60791      0.21220      0.39571
     -4.69000      0.83684      0.28258      0.55425
     -4.68000      0.79670      0.26188      0.53483
     -4.67000      0.58541      0.19348      0.39192
     -4.66000      0.64777      0.21602      0.43175
     -4.65000      0.79872      0.26200      0.53673
     -4.64000      0.83776      0.27088      0.56688
     -4.63000      0.73634      0.23809      0.49825
     -4.62000      0.62297      0.20643      0.41654
     -4.61000      0.56630      0.19339      0.37291
     -4.60000      0.49122      0.17075      0.32047
     -4.59000      0.48871      0.17051      0.31820
     -4.58000      0.45919      0.15815      0.30104
     -4.57000      0.32432      0.11080      0.21352
     -4.56000      0.32640      0.11404      0.21235
     -4.55000      0.57394      0.19864      0.37530
     -4.54000      0.79977      0.27075      0.52902
     -4.53000      0.86237      0.28715      0.57522
     -4.52000      0.71765      0.23753      0.48012
     -4.51000      0.46981      0.15985      0.30995
     -4.50000      0.38750      0.13853      0.24898
     -4.49000      0.46309      0.16646      0.29662
     -4.48000      0.47389      0.16445      0.30944
     -4.47000      0.49769      0.16506      0.33263
     -4.46000      0.63124      0.20633      0.42492
     -4.45000      0.80784      0.26259      0.54525
     -4.44000      0.84446      0.27342      0.57104
     -4.43000      0.79081      0.25706      0.53375
     -4.42000      0.94216      0.30856      0.63360
     -4.41000      0.93070      0.30492      0.62578
     -4.40000      0.61114      0.20228      0.40886
     -4.39000      0.41428      0.14233      0.27195
     -4.38000      0.50137      0.17194      0.32942
     -4.37000      0.63120      0.21212      0.41908
     -4.36000      0.45951      0.15401      0.30550
     -4.35000      0.24805      0.08538      0.16267
     -4.34000      0.23471      0.08158      0.15314
     -4.33000      0.36873      0.12523      0.24351
     -4.32000      0.60793      0.20231      0.40562
     -4.31000      0.71534      0.22995      0.48539
     -4.30000      0.61704      0.19306      0.42399
     -4.29000      0.40114      0.12528      0.27586
     -4.28000      0.27526      0.08772      0.18753
     -4.27000      0.40650      0.13280      0.27371
     -4.26000      0.59331      0.19494      0.39837
     -4.25000      0.69643      0.22925      0.46718
     -4.24000      0.83266      0.27580      0.55686
     -4.23000      0.76165      0.25280      0.50886
     -4.22000      0.58029      0.19319      0.38710
     -4.21000      0.61506      0.20421      0.41086
     -4.20000      0.91781      0.29842      0.61939
     -4.19000      1.05275      0.33672      0.71603
     -4.18000      0.98340      0.31582      0.66757
     -4.17000      0.71060      0.23094      0.47966
     -4.16000      0.34350      0.11342      0.23008
     -4.15000      0.37436      0.12692      0.24744
     -4.14000      0.51603      0.17581      0.34022
     -4.13000      0.35498      0.12092      0.23406
     -4.12000      0.23165      0.07535      0.15630
     -4.11000      0.34688      0.10767      0.23921
     -4.10000      0.38707      0.11840      0.26866
     -4.09000      0.38467      0.12059      0.26407
     -4.08000      0.61106      0.19897      0.41209
     -4.07000      0.89220      0.29278      0.59942
     -4.06000      0.91383      0.29941      0.61442
     -4.05000      0.54116      0.17618      0.36497
     -4.04000      0.30202      0.09730      0.20471
     -4.03000      0.48480      0.15654      0.32826
     -4.02000      0.60767      0.19790      0.40977
     -4.01000      0.39750      0.13028      0.26722
     -4.00000      0.24043      0.07630      0.16413
     -3.99000      0.31122      0.09629      0.21493
     -3.98000      0.45149      0.14236      0.30914
     -3.97000      0.61232      0.19595      0.41638
     -3.96000      0.79961      0.25217      0.54744
     -3.95000      0.93725      0.28981      0.64744
     -3.94000      0.81667      0.25090      0.56577
     -3.93000      0.47397      0.14503      0.32894
     -3.92000      0.45398      0.14036      0.31363
     -3.91000      0.64540      0.20690      0.43849
     -3.90000      0.75812      0.24867      0.50946
     -3.89000      0.75524      0.24815      0.50709
     -3.88000      0.64896      0.21405      0.43492
     -3.87000      0.52766      0.17269      0.35497
     -3.86000      0.43335      0.13881      0.29454
     -3.85000      0.40620      0.12980      0.27640
     -3.84000      0.42138      0.13438      0.28700
     -3.83000      0.65031      0.20296      0.44735
     -3.82000      0.71762      0.22189      0.49573
     -3.81000      0.46466      0.14410      0.32056
     -3.80000      0.30215      0.09530      0.20685
     -3.79000      0.33597      0.10664      0.22933
     -3.78000      0.49286      0.15463      0.33823
     -3.77000      0.50957      0.16058      0.34899
     -3.76000      0.39483      0.12655      0.26828
     -3.75000      0.46002      0.14594      0.31409
     -3.74000      0.62420      0.19416      0.43004
     -3.73000      0.59737      0.18370      0.41367
     -3.72000      0.72988      0.22422      0.50566
     -3.71000      0.96844      0.29778      0.67066
     -3.70000      0.90741      0.27970      0.62771
     -3.69000      0.60761      0.18948      0.41813
     -3.68000      0.34625      0.11153      0.23472
     -3.67000      0.22966      0.07588      0.15378
     -3.66000      0.19166      0.06279      0.12887
     -3.65000      0.35231      0.11150      0.24081
     -3.64000      0.55175      0.16965      0.38210
     -3.63000      0.42490      0.12744      0.29746
     -3.62000      0.22126      0.06624      0.15501
     -3.61000      0.38856      0.11886      0.26970
     -3.60000      0.82963      0.25143      0.57820
     -3.59000      0.94106      0.28219      0.65887
     -3.58000      0.70263      0.21188      0.49075
     -3.57000      0.57699      0.17768      0.39932
     -3.56000      0.52056      0.16250      0.35805
     -3.55000      0.41026      0.12858      0.28168
     -3.54000      0.32953      0.10401      0.22552
     -3.53000      0.42453      0.13345      0.29108
     -3.52000      0.64889      0.20362      0.44527
     -3.51000      0.82810      0.25808      0.57002
     -3.50000      0.90381      0.27550      0.62831
     -3.49000      0.89127      0.26858      0.62269
     -3.48000      0.62282      0.18651      0.43632
     -3.47000      0.36073      0.10582      0.25491
     -3.46000      0.32004      0.09714      0.22290
     -3.45000      0.31642      0.10004      0.21638
     -3.44000      0.22762      0.07038      0.15724
     -3.43000      0.32676      0.09492      0.23184
     -3.42000      0.55537      0.16212      0.39325
     -3.41000      0.55248      0.16497      0.38751
     -3.40000      0.53743      0.16411      0.37332
     -3.39000      0.67747      0.20730      0.47017
     -3.38000      0.65631      0.20087      0.45545
     -3.37000      0.48064      0.14764      0.33300
     -3.36000      0.42469      0.12792      0.29678
     -3.35000      0.44806      0.13131      0.31675
     -3.34000      0.29837      0.08666      0.21171
     -3.33000      0.28671      0.08483      0.20188
     -3.32000      0.57248      0.17011      0.40238
     -3.31000      0.79667      0.23476      0.56191
     -3.30000      0.86904      0.25491      0.61413
     -3.29000      0.73966      0.21451      0.52516
     -3.28000      0.46141      0.13192      0.32949
     -3.27000      0.36658      0.10742      0.25916
     -3.26000      0.43121      0.12813      0.30308
     -3.25000      0.30080      0.08865      0.21215
     -3.24000      0.20395      0.05957      0.14438
     -3.23000      0.44485      0.13249      0.31236
     -3.22000      0.75419      0.22860      0.52560
     -3.21000      0.80575      0.24526      0.56048
     -3.20000      0.68495      0.20632      0.47864
     -3.19000      0.54278      0.16018      0.38260
     -3.18000      0.48086      0.13778      0.34308
     -3.17000      0.47259      0.13409      0.33850
     -3.16000      0.38754      0.11097      0.27658
     -3.15000      0.35097      0.10252      0.24845
     -3.14000      0.55649      0.16412      0.39237
     -3.13000      0.78935      0.23092      0.55843
     -3.12000      0.84465      0.24467      0.59998
     -3.11000      0.70455      0.20391      0.50065
     -3.10000      0.47402      0.13751      0.33651
     -3.09000      0.24859      0.07165      0.17693
     -3.08000      0.26200      0.07567      0.18633
     -3.07000      0.45308      0.13027      0.32281
     -3.06000      0.52572      0.14846      0.37725
     -3.05000      0.55288      0.15431      0.39857
     -3.04000      0.56046      0.16012      0.40034
     -3.03000      0.53619      0.15695      0.37924
     -3.02000      0.51114      0.14937      0.36177
     -3.01000      0.46379      0.13415      0.32964
     -3.00000      0.51654      0.14698      0.36957
     -2.99000      0.69765      0.19762      0.50003
     -2.98000      0.70283      0.19932      0.50351
     -2.97000      0.45950      0.12903      0.33046
     -2.96000      0.21146      0.05808      0.15339
     -2.95000      0.22208      0.06052      0.16156
     -2.94000      0.40216      0.11263      0.28953
     -2.93000      0.52177      0.14914      0.37262
     -2.92000      0.53327      0.15272      0.38055
     -2.91000      0.49756      0.14051      0.35706
     -2.90000      0.35102      0.09700      0.25401
     -2.89000      0.32001      0.08750      0.23252
     -2.88000      0.54824      0.15212      0.39612
     -2.87000      0.75981      0.21224      0.54757
     -2.86000      0.85225      0.23755      0.61470
     -2.85000      0.77121      0.21581      0.55540
     -2.84000      0.62193      0.17698      0.44496
     -2.83000      0.55739      0.16010      0.39730
     -2.82000      0.56787      0.16107      0.40680
     -2.81000      0.54287      0.15081      0.39206
     -2.80000      0.46071      0.12533      0.33538
     -2.79000      0.39027      0.10619      0.28408
     -2.78000      0.27160      0.07418      0.19742
     -2.77000      0.34374      0.09329      0.25045
     -2.76000      0.58106      0.15824      0.42282
     -2.75000      0.64936      0.17846      0.47090
     -2.74000      0.64450      0.17811      0.46638
     -2.73000      0.65383      0.17950      0.47433
     -2.72000      0.52620      0.14356      0.38264
     -2.71000      0.33013      0.08899      0.24114
     -2.70000      0.36926      0.09878      0.27047
     -2.69000      0.55095      0.14950      0.40146
     -2.68000      0.57318      0.15710      0.41609
     -2.67000      0.48670      0.13213      0.35456
     -2.66000      0.40401      0.10911      0.29490
     -2.65000      0.40568      0.11191      0.29377
     -2.64000      0.34514      0.09622      0.24892
     -2.63000      0.24427      0.06798      0.17629
     -2.62000      0.25883      0.07172      0.18711
     -2.61000      0.35394      0.09795      0.25599
     -2.60000      0.36347      0.10062      0.26285
     -2.59000      0.18405      0.05098      0.13307
     -2.58000      0.04310      0.01192      0.03118
     -2.57000      0.05075      0.01385      0.03690
     -2.56000      0.19923      0.05434      0.14489
     -2.55000      0.36209      0.09874      0.26335
     -2.54000      0.38651      0.10532      0.28119
     -2.53000      0.27791      0.07564      0.20227
     -2.52000      0.13936      0.03785      0.10151
     -2.51000      0.25764      0.06976      0.18788
     -2.50000      0.57976      0.15690      0.42286
     -2.49000      0.60642      0.16409      0.44233
     -2.48000      0.39358      0.10640      0.28718
     -2.47000      0.34684      0.09333      0.25351
     -2.46000      0.46528      0.12464      0.34065
     -2.45000      0.47567      0.12711      0.34856
     -2.44000      0.38083      0.10159      0.27924
     -2.43000      0.24120      0.06430      0.17690
     -2.42000      0.15004      0.03992      0.11011
     -2.41000      0.14915      0.03961      0.10954
     -2.40000      0.12657      0.03348      0.09309
     -2.39000      0.22429      0.05890      0.16539
     -2.38000      0.40806      0.10686      0.30120
     -2.37000      0.45451      0.11871      0.33580
     -2.36000      0.41139      0.10720      0.30419
     -2.35000      0.34238      0.08912      0.25326
     -2.34000      0.18739      0.04875      0.13864
     -2.33000      0.16721      0.04331      0.12390
     -2.32000      0.38303      0.09905      0.28398
     -2.31000      0.46235      0.11953      0.34282
     -2.30000      0.31173      0.08052      0.23122
     -2.29000      0.21791      0.05596      0.16194
     -2.28000      0.28221      0.07215      0.21006
     -2.27000      0.37425      0.09555      0.27870
     -2.26000      0.35837      0.09110      0.26726
     -2.25000      0.29464      0.07453      0.22011
     -2.24000      0.26007      0.06565      0.19442
     -2.23000      0.28039      0.07081      0.20957
     -2.22000      0.21013      0.05307      0.15706
     -2.21000      0.12923      0.03237      0.09686
     -2.20000      0.19752      0.04905      0.14847
     -2.19000      0.30775      0.07633      0.23142
     -2.18000      0.33824      0.08382      0.25442
     -2.17000      0.27509      0.06817      0.20693
     -2.16000      0.20489      0.05071      0.15417
     -2.15000      0.31533      0.07768      0.23765
     -2.14000      0.59877      0.14751      0.45126
     -2.13000      0.61720      0.15217      0.46503
     -2.12000      0.46780      0.11502      0.35278
     -2.11000      0.45601      0.11139      0.34462
     -2.10000      0.48884      0.11893      0.36991
     -2.09000      0.47899      0.11623      0.36276
     -2.08000      0.35439      0.08588      0.26851
     -2.07000      0.22194      0.05373      0.16821
     -2.06000      0.16231      0.03918      0.12313
     -2.05000      0.20961      0.05011      0.15950
     -2.04000      0.37943      0.09015      0.28928
     -2.03000      0.45798      0.10841      0.34957
     -2.02000      0.48099      0.11359      0.36741
     -2.01000      0.40071      0.09452      0.30619
     -2.00000      0.22077      0.05197      0.16880
     -1.99000      0.22095      0.05176      0.16920
     -1.98000      0.26879      0.06270      0.20609
     -1.97000      0.29359      0.06832      0.22527
     -1.96000      0.40648      0.09469      0.31179
     -1.95000      0.39111      0.09119      0.29992
     -1.94000      0.32978      0.07648      0.25329
     -1.93000      0.46423      0.10666      0.35757
     -1.92000      0.50057      0.11456      0.38601
     -1.91000      0.33509      0.07669      0.25840
     -1.90000      0.25436      0.05803      0.19633
     -1.89000      0.29351      0.06632      0.22719
     -1.88000      0.32165      0.07229      0.24936
     -1.87000      0.34785      0.07800      0.26985
     -1.86000      0.35656      0.07980      0.27675
     -1.85000      0.25302      0.05646      0.19656
     -1.84000      0.16566      0.03672      0.12894
     -1.83000      0.24085      0.05302      0.18783
     -1.82000      0.39924      0.08777      0.31147
     -1.81000      0.41352      0.09069      0.32283
     -1.80000      0.26745      0.05856      0.20889
     -1.79000      0.29828      0.06562      0.23266
     -1.78000      0.57880      0.12719      0.45161
     -1.77000      0.71882      0.15732      0.56150
     -1.76000      0.63558      0.13837      0.49721
     -1.75000      0.55522      0.11994      0.43529
     -1.74000      0.55566      0.11905      0.43661
     -1.73000      0.54543      0.11632      0.42911
     -1.72000      0.41856      0.08915      0.32941
     -1.71000      0.34698      0.07360      0.27338
     -1.70000      0.44589      0.09384      0.35205
     -1.69000      0.47791      0.10011      0.37779
     -1.68000      0.33898      0.07091      0.26807
     -1.67000      0.21660      0.04519      0.17141
     -1.66000      0.26069      0.05386      0.20683
     -1.65000      0.36190      0.07428      0.28762
     -1.64000      0.42608      0.08700      0.33907
     -1.63000      0.43418      0.08827      0.34591
     -1.62000      0.42468      0.08610      0.33858
     -1.61000      0.53379      0.10847      0.42532
     -1.60000      0.54810      0.11157      0.43653
     -1.59000      0.47956      0.09718      0.38239
     -1.58000      0.49817      0.09972      0.39845
     -1.57000      0.58125      0.11532      0.46594
     -1.56000      0.47660      0.09445      0.38215
     -1.55000      0.31920      0.06298      0.25622
     -1.54000      0.36043      0.07055      0.28988
     -1.53000      0.40505      0.07864      0.32641
     -1.52000      0.43346      0.08345      0.35001
     -1.51000      0.47372      0.09088      0.38284
     -1.50000      0.41736      0.07972      0.33764
     -1.49000      0.32897      0.06240      0.26657
     -1.48000      0.32844      0.06200      0.26643
     -1.47000      0.32888      0.06176      0.26712
     -1.46000      0.38000      0.07071      0.30928
     -1.45000      0.60865      0.11362      0.49503
     -1.44000      0.88639      0.16687      0.71953
     -1.43000      1.05741      0.19903      0.85838
     -1.42000      1.00441      0.18755      0.81686
     -1.41000      0.86956      0.16078      0.70878
     -1.40000      0.83749      0.15320      0.68429
     -1.39000      0.83968      0.15226      0.68742
     -1.38000      0.83350      0.14993      0.68357
     -1.37000      0.85922      0.15331      0.70591
     -1.36000      1.01919      0.18014      0.83905
     -1.35000      1.17985      0.20711      0.97274
     -1.34000      0.83654      0.14635      0.69020
     -1.33000      0.33143      0.05767      0.27376
     -1.32000      0.17363      0.02981      0.14382
     -1.31000      0.13805      0.02354      0.11451
     -1.30000      0.17298      0.02929      0.14369
     -1.29000      0.28581      0.04851      0.23730
     -1.28000      0.51882      0.08886      0.42996
     -1.27000      0.99024      0.16985      0.82039
     -1.26000      1.12788      0.19278      0.93510
     -1.25000      0.70142      0.11904      0.58238
     -1.24000      0.29679      0.04962      0.24717
     -1.23000      0.16547      0.02711      0.13836
     -1.22000      0.18816      0.03055      0.15762
     -1.21000      0.23753      0.03834      0.19919
     -1.20000      0.31504      0.05057      0.26447
     -1.19000      0.34362      0.05499      0.28863
     -1.18000      0.30555      0.04879      0.25675
     -1.17000      0.29358      0.04670      0.24687
     -1.16000      0.36688      0.05807      0.30881
     -1.15000      0.49076      0.07739      0.41336
     -1.14000      0.66195      0.10423      0.55772
     -1.13000      0.93574      0.14774      0.78800
     -1.12000      1.23647      0.19582      1.04064
     -1.11000      1.09037      0.17247      0.91790
     -1.10000      0.50345      0.07903      0.42443
     -1.09000      0.21872      0.03333      0.18538
     -1.08000      0.22191      0.03313      0.18878
     -1.07000      0.19731      0.02926      0.16805
     -1.06000      0.12997      0.01918      0.11079
     -1.05000      0.16172      0.02371      0.13801
     -1.04000      0.23976      0.03494      0.20481
     -1.03000      0.23025      0.03334      0.19691
     -1.02000      0.25639      0.03684      0.21955
     -1.01000      0.38475      0.05490      0.32985
     -1.00000      0.40008      0.05693      0.34315
     -0.99000      0.31837      0.04540      0.27297
     -0.98000      0.34823      0.04949      0.29873
     -0.97000      0.48613      0.06880      0.41732
     -0.96000      0.48858      0.06887      0.41971
     -0.95000      0.36341      0.05050      0.31291
     -0.94000      0.23607      0.03222      0.20386
     -0.93000      0.20594      0.02759      0.17835
     -0.92000      0.29470      0.03916      0.25553
     -0.91000      0.29291      0.03875      0.25416
     -0.90000      0.30328      0.03974      0.26354
     -0.89000      0.31150      0.04059      0.27091
     -0.88000      0.25557      0.03325      0.22233
     -0.87000      0.23757      0.03079      0.20679
     -0.86000      0.30786      0.03938      0.26847
     -0.85000      0.49507      0.06254      0.43253
     -0.84000      0.60804      0.07655      0.53148
     -0.83000      0.57711      0.07279      0.50432
     -0.82000      0.55326      0.06977      0.48350
     -0.81000      0.39616      0.04961      0.34655
     -0.80000      0.25524      0.03098      0.22426
     -0.79000      0.26498      0.03138      0.23360
     -0.78000      0.25746      0.03020      0.22726
     -0.77000      0.22813      0.02636      0.20176
     -0.76000      0.21472      0.02452      0.19021
     -0.75000      0.21991      0.02500      0.19491
     -0.74000      0.20685      0.02352      0.18333
     -0.73000      0.15408      0.01742      0.13666
     -0.72000      0.17469      0.01924      0.15544
     -0.71000      0.30512      0.03334      0.27178
     -0.70000      0.32773      0.03574      0.29199
     -0.69000      0.31320      0.03389      0.27931
     -0.68000      0.36892      0.03949      0.32943
     -0.67000      0.32019      0.03373      0.28645
     -0.66000      0.24942      0.02566      0.22376
     -0.65000      0.25718      0.02602      0.23116
     -0.64000      0.28188      0.02820      0.25368
     -0.63000      0.23840      0.02365      0.21475
     -0.62000      0.19058      0.01881      0.17177
     -0.61000      0.15424      0.01508      0.13916
     -0.60000      0.18993      0.01821      0.17172
     -0.59000      0.31458      0.02955      0.28503
     -0.58000      0.48847      0.04531      0.44315
     -0.57000      0.52976      0.04894      0.48082
     -0.56000      0.45273      0.04170      0.41103
     -0.55000      0.30132      0.02762      0.27369
     -0.54000      0.15030      0.01342      0.13688
     -0.53000      0.15199      0.01292      0.13907
     -0.52000      0.20195      0.01691      0.18505
     -0.51000      0.26699      0.02205      0.24494
     -0.50000      0.26984      0.02204      0.24780
     -0.49000      0.19538      0.01566      0.17972
     -0.48000      0.18584      0.01462      0.17122
     -0.47000      0.19001      0.01483      0.17518
     -0.46000      0.18661      0.01441      0.17220
     -0.45000      0.23271      0.01744      0.21527
     -0.44000      0.33717      0.02484      0.31233
     -0.43000      0.25998      0.01899      0.24099
     -0.42000      0.12854      0.00913      0.11941
     -0.41000      0.15860      0.01083      0.14777
     -0.40000      0.22752      0.01527      0.21225
     -0.39000      0.25297      0.01662      0.23635
     -0.38000      0.28525      0.01833      0.26692
     -0.37000      0.31831      0.02004      0.29827
     -0.36000      0.30562      0.01892      0.28669
     -0.35000      0.29810      0.01812      0.27999
     -0.34000      0.30391      0.01814      0.28577
     -0.33000      0.24224      0.01407      0.22817
     -0.32000      0.25353      0.01393      0.23960
     -0.31000      0.27403      0.01479      0.25924
     -0.30000      0.13463      0.00725      0.12738
     -0.29000      0.03483      0.00181      0.03303
     -0.28000      0.07675      0.00358      0.07317
     -0.27000      0.22770      0.01058      0.21711
     -0.26000      0.30855      0.01419      0.29436
     -0.25000      0.29521      0.01309      0.28212
     -0.24000      0.28769      0.01229      0.27541
     -0.23000      0.22385      0.00931      0.21454
     -0.22000      0.12464      0.00503      0.11961
     -0.21000      0.10719      0.00397      0.10322
     -0.20000      0.18319      0.00648      0.17671
     -0.19000      0.25750      0.00874      0.24876
     -0.18000      0.31851      0.01040      0.30811
     -0.17000      0.30201      0.00950      0.29251
     -0.16000      0.23886      0.00711      0.23174
     -0.15000      0.17720      0.00493      0.17227
     -0.14000      0.16313      0.00415      0.15898
     -0.13000      0.15531      0.00373      0.15158
     -0.12000      0.16218      0.00353      0.15865
     -0.11000      0.21614      0.00436      0.21178
     -0.10000      0.20709      0.00395      0.20314
     -0.09000      0.14221      0.00246      0.13975
     -0.08000      0.16406      0.00231      0.16175
     -0.07000      0.26248      0.00330      0.25918
     -0.06000      0.30586      0.00351      0.30236
     -0.05000      0.21833      0.00232      0.21601
     -0.04000      0.11498      0.00094      0.11404
     -0.03000      0.14325      0.00069      0.14256
     -0.02000      0.19328      0.00070      0.19258
     -0.01000      0.18320      0.00044      0.18277
      0.00000      0.10495      0.00019      0.10476
      0.01000      0.02642      0.00004      0.02638
      0.02000      0.00255      0.00000      0.00255
      0.03000      0.00009      0.00000      0.00009
      0.04000      0.00000      0.00000      0.00000
      0.05000      0.00000      0.00000      0.00000
      0.06000      0.00000      0.00000      0.00000
      0.07000      0.00000      0.00000      0.00000
      0.08000      0.00000      0.00000      0.00000
      0.09000      0.00000      0.00000      0.00000
      0.10000      0.00000      0.00000      0.00000
      0.11000      0.00000      0.00000      0.00000
      0.12000      0.00000      0.00000      0.00000
      0.13000      0.00000      0.00000      0.00000
      0.14000      0.00000      0.00000      0.00000
      0.15000      0.00000      0.00000      0.00000
      0.16000      0.00000      0.00000      0.00000
      0.17000      0.00000      0.00000      0.00000
      0.18000      0.00000      0.00000      0.00000
      0.19000      0.00000      0.00000      0.00000
      0.20000      0.00000      0.00000      0.00000
      0.21000      0.00000      0.00000      0.00000
      0.22000      0.00000      0.00000      0.00000
      0.23000      0.00000      0.00000      0.00000
      0.24000      0.00000      0.00000      0.00000
      0.25000      0.00000      0.00000      0.00000
      0.26000      0.00000      0.00000      0.00000
      0.27000      0.00000      0.00000      0.00000
      0.28000      0.00000      0.00000      0.00000
      0.29000      0.00000      0.00000      0.00000
      0.30000      0.00000      0.00000      0.00000
      0.31000      0.00000      0.00000      0.00000
      0.32000      0.00000      0.00000      0.00000
      0.33000      0.00000      0.00000      0.00000
      0.34000      0.00000      0.00000      0.00000
      0.35000      0.00000      0.00000      0.00000
      0.36000      0.00000      0.00000      0.00000
      0.37000      0.00000      0.00000      0.00000
      0.38000      0.00000      0.00000      0.00000
      0.39000      0.00000      0.00000      0.00000
      0.40000      0.00000      0.00000      0.00000
      0.41000      0.00000      0.00000      0.00000
      0.42000      0.00000      0.00000      0.00000
      0.43000      0.00000      0.00000      0.00000
      0.44000      0.00000      0.00000      0.00000
      0.45000      0.00000      0.00000      0.00000
      0.46000      0.00000      0.00000      0.00000
      0.47000      0.00000      0.00000      0.00000
      0.48000      0.00000      0.00000      0.00000
      0.49000      0.00000      0.00000      0.00000
      0.50000      0.00000      0.00000      0.00000
      0.51000      0.00000      0.00000      0.00000
      0.52000      0.00000      0.00000      0.00000
      0.53000      0.00000      0.00000      0.00000
      0.54000      0.00000      0.00000      0.00000
      0.55000      0.00000      0.00000      0.00000
      0.56000      0.00000      0.00000      0.00000
      0.57000      0.00000      0.00000      0.00000
      0.58000      0.00000      0.00000      0.00000
      0.59000      0.00000      0.00000      0.00000
      0.60000      0.00000      0.00000      0.00000
      0.61000      0.00000      0.00000      0.00000
      0.62000      0.00000      0.00000      0.00000
      0.63000      0.00000      0.00000      0.00000
      0.64000      0.00000      0.00000      0.00000
      0.65000      0.00000      0.00000      0.00000
      0.66000      0.00000      0.00000      0.00000
      0.67000      0.00000      0.00000      0.00000
      0.68000      0.00000      0.00000      0.00000
      0.69000      0.00000      0.00000      0.00000
      0.70000      0.00000      0.00000      0.00000
      0.71000      0.00000      0.00000      0.00000
      0.72000      0.00000      0.00000      0.00000
      0.73000      0.00000      0.00000      0.00000
      0.74000      0.00000      0.00000      0.00000
      0.75000      0.00000      0.00000      0.00000
      0.76000      0.00000      0.00000      0.00000
      0.77000      0.00000      0.00000      0.00000
      0.78000      0.00000      0.00000      0.00000
      0.79000      0.00000      0.00000      0.00000
      0.80000      0.00000      0.00000      0.00000
      0.81000      0.00000      0.00000      0.00000
      0.82000      0.00000      0.00000      0.00000
      0.83000      0.00000      0.00000      0.00000
      0.84000      0.00000      0.00000      0.00000
      0.85000      0.00000      0.00000      0.00000
      0.86000      0.00000      0.00000      0.00000
      0.87000      0.00000      0.00000      0.00000
      0.88000      0.00000      0.00000      0.00000
      0.89000      0.00000      0.00000      0.00000
      0.90000      0.00000      0.00000      0.00000
      0.91000      0.00000      0.00000      0.00000
      0.92000      0.00000      0.00000      0.00000
      0.93000      0.00000      0.00000      0.00000
      0.94000      0.00000      0.00000      0.00000
      0.95000      0.00000      0.00000      0.00000
      0.96000      0.00000      0.00000      0.00000
      0.97000      0.00000      0.00000      0.00000
      0.98000      0.00000      0.00000      0.00000
      0.99000      0.00000      0.00000      0.00000
      1.00000      0.00000      0.00000      0.00000
      1.01000      0.00000      0.00000      0.00000
      1.02000      0.00000      0.00000      0.00000
      1.03000      0.00000      0.00000      0.00000
      1.04000      0.00000      0.00000      0.00000
      1.05000      0.00000      0.00000      0.00000
      1.06000      0.00000      0.00000      0.00000
      1.07000      0.00000      0.00000      0.00000
      1.08000      0.00000      0.00000      0.00000
      1.09000      0.00000      0.00000      0.00000
      1.10000      0.00000      0.00000      0.00000
      1.11000      0.00000      0.00000      0.00000
      1.12000      0.00000      0.00000      0.00000
      1.13000      0.00000      0.00000      0.00000
      1.14000      0.00000      0.00000      0.00000
      1.15000      0.00000      0.00000      0.00000
      1.16000      0.00000      0.00000      0.00000
      1.17000      0.00000      0.00000      0.00000
      1.18000      0.00000      0.00000      0.00000
      1.19000      0.00000      0.00000      0.00000
      1.20000      0.00000      0.00000      0.00000
      1.21000      0.00000      0.00000      0.00000
      1.22000      0.00000      0.00000      0.00000
      1.23000      0.00000      0.00000      0.00000
      1.24000      0.00000      0.00000      0.00000
      1.25000      0.00000      0.00000      0.00000
      1.26000      0.00000      0.00000      0.00000
      1.27000      0.00000      0.00000      0.00000
      1.28000      0.00000      0.00000      0.00000
      1.29000      0.00000      0.00000      0.00000
      1.30000      0.00000      0.00000      0.00000
      1.31000      0.00000      0.00000      0.00000
      1.32000      0.00000      0.00000      0.00000
      1.33000      0.00000      0.00000      0.00000
      1.34000      0.00000      0.00000      0.00000
      1.35000      0.00000      0.00000      0.00000
      1.36000      0.00000      0.00000      0.00000
      1.37000      0.00000      0.00000      0.00000
      1.38000      0.00000      0.00000      0.00000
      1.39000      0.00000      0.00000      0.00000
      1.40000      0.00000      0.00000      0.00000
      1.41000      0.00000      0.00000      0.00000
      1.42000      0.00000      0.00000      0.00000
      1.43000      0.00000      0.00000      0.00000
      1.44000      0.00000      0.00000      0.00000
      1.45000      0.00000      0.00000      0.00000
      1.46000      0.00000      0.00000      0.00000
      1.47000      0.00000      0.00000      0.00000
      1.48000      0.00000      0.00000      0.00000
      1.49000      0.00000      0.00000      0.00000
      1.50000      0.00000      0.00000      0.00000
      1.51000      0.00000      0.00000      0.00000
      1.52000      0.00000      0.00000      0.00000
      1.53000      0.00000      0.00000      0.00000
      1.54000      0.00000      0.00000      0.00000
      1.55000      0.00000      0.00000      0.00000
      1.56000      0.00000      0.00000      0.00000
      1.57000      0.00000      0.00000      0.00000
      1.58000      0.00000      0.00000      0.00000
      1.59000      0.00000      0.00000      0.00000
      1.60000      0.00000      0.00000      0.00000
      1.61000      0.00000      0.00000      0.00000
      1.62000      0.00000      0.00000      0.00000
      1.63000      0.00000      0.00000      0.00000
      1.64000      0.00000      0.00000      0.00000
      1.65000      0.00000      0.00000      0.00000
      1.66000      0.00000      0.00000      0.00000
      1.67000      0.00000      0.00000      0.00000
      1.68000      0.00000      0.00000      0.00000
      1.69000      0.00000      0.00000      0.00000
      1.70000      0.00000      0.00000      0.00000
      1.71000      0.00000      0.00000      0.00000
      1.72000      0.00000      0.00000      0.00000
      1.73000      0.00000      0.00000      0.00000
      1.74000      0.00000      0.00000      0.00000
      1.75000      0.00000      0.00000      0.00000
      1.76000      0.00000      0.00000      0.00000
      1.77000      0.00000      0.00000      0.00000
      1.78000      0.00000      0.00000      0.00000
      1.79000      0.00000      0.00000      0.00000
      1.80000      0.00000      0.00000      0.00000
      1.81000      0.00000      0.00000      0.00000
      1.82000      0.00000      0.00000      0.00000
      1.83000      0.00000      0.00000      0.00000
      1.84000      0.00000      0.00000      0.00000
      1.85000      0.00000      0.00000      0.00000
      1.86000      0.00000      0.00000      0.00000
      1.87000      0.00000      0.00000      0.00000
      1.88000      0.00000      0.00000      0.00000
      1.89000      0.00000      0.00000      0.00000
      1.90000      0.00000      0.00000      0.00000
      1.91000      0.00000      0.00000      0.00000
      1.92000      0.00000      0.00000      0.00000
      1.93000      0.00000      0.00000      0.00000
      1.94000      0.00000      0.00000      0.00000
      1.95000      0.00000      0.00000      0.00000
      1.96000      0.00000      0.00000      0.00000
      1.97000      0.00000      0.00000      0.00000
      1.98000      0.00000      0.00000      0.00000
      1.99000      0.00000      0.00000      0.00000
      2.00000      0.00000      0.00000      0.00000
      2.01000      0.00000      0.00000      0.00000
      2.02000      0.00000      0.00000      0.00000
      2.03000      0.00000      0.00000      0.00000
      2.04000      0.00000      0.00000      0.00000
      2.05000      0.00000      0.00000      0.00000
      2.06000      0.00000      0.00000      0.00000
      2.07000      0.00000      0.00000      0.00000
      2.08000      0.00000      0.00000      0.00000
      2.09000      0.00000      0.00000      0.00000
      2.10000      0.00000      0.00000      0.00000
      2.11000      0.00000      0.00000      0.00000
      2.12000      0.00000      0.00000      0.00000
      2.13000      0.00000      0.00000      0.00000
      2.14000      0.00000      0.00000      0.00000
      2.15000      0.00000      0.00000      0.00000
      2.16000      0.00000      0.00000      0.00000
      2.17000      0.00000      0.00000      0.00000
      2.18000      0.00000      0.00000      0.00000
      2.19000      0.00000      0.00000      0.00000
      2.20000      0.00000      0.00000      0.00000
      2.21000      0.00000      0.00000      0.00000
      2.22000      0.00000      0.00000      0.00000
      2.23000      0.00000      0.00000      0.00000
      2.24000      0.00000      0.00000      0.00000
      2.25000      0.00000      0.00000      0.00000
      2.26000      0.00000      0.00000      0.00000
      2.27000      0.00000      0.00000      0.00000
      2.28000      0.00000      0.00000      0.00000
      2.29000      0.00000      0.00000      0.00000
      2.30000      0.00000      0.00000      0.00000
      2.31000      0.00000      0.00000      0.00000
      2.32000      0.00000      0.00000      0.00000
      2.33000      0.00000      0.00000      0.00000
      2.34000      0.00000      0.00000      0.00000
      2.35000      0.00000      0.00000      0.00000
      2.36000      0.00000      0.00000      0.00000
      2.37000      0.00000      0.00000      0.00000
      2.38000      0.00000      0.00000      0.00000
      2.39000      0.00000      0.00000      0.00000
      2.40000      0.00000      0.00000      0.00000
      2.41000      0.00000      0.00000      0.00000
      2.42000      0.00000      0.00000      0.00000
      2.43000      0.00000      0.00000      0.00000
      2.44000      0.00000      0.00000      0.00000
      2.45000      0.00000      0.00000      0.00000
      2.46000      0.00000      0.00000      0.00000
      2.47000      0.00000      0.00000      0.00000
      2.48000      0.00000      0.00000      0.00000
      2.49000      0.00000      0.00000      0.00000
      2.50000      0.00000      0.00000      0.00000
      2.51000      0.00000      0.00000      0.00000
      2.52000      0.00000      0.00000      0.00000
      2.53000      0.00000      0.00000      0.00000
      2.54000      0.00000      0.00000      0.00000
      2.55000      0.00000      0.00000      0.00000
      2.56000      0.00000      0.00000      0.00000
      2.57000      0.00000      0.00000      0.00000
      2.58000      0.00000      0.00000      0.00000
      2.59000      0.00000      0.00000      0.00000
      2.60000      0.00000      0.00000      0.00000
      2.61000      0.00000      0.00000      0.00000
      2.62000      0.00000      0.00000      0.00000
      2.63000      0.00000      0.00000      0.00000
      2.64000      0.00000      0.00000      0.00000
      2.65000      0.00000      0.00000      0.00000
      2.66000      0.00000      0.00000      0.00000
      2.67000      0.00000      0.00000      0.00000
      2.68000      0.00000      0.00000      0.00000
      2.69000      0.00000      0.00000      0.00000
      2.70000      0.00000      0.00000      0.00000
      2.71000      0.00000      0.00000      0.00000
      2.72000      0.00000      0.00000      0.00000
      2.73000      0.00000      0.00000      0.00000
      2.74000      0.00000      0.00000      0.00000
      2.75000      0.00000      0.00000      0.00000
      2.76000      0.00000      0.00000      0.00000
      2.77000      0.00000      0.00000      0.00000
      2.78000      0.00000      0.00000      0.00000
      2.79000      0.00000      0.00000      0.00000
      2.80000      0.00000      0.00000      0.00000
      2.81000      0.00000      0.00000      0.00000
      2.82000      0.00000      0.00000      0.00000
      2.83000      0.00000      0.00000      0.00000
      2.84000      0.00000      0.00000      0.00000
      2.85000      0.00000      0.00000      0.00000
      2.86000      0.00000      0.00000      0.00000
      2.87000      0.00000      0.00000      0.00000
      2.88000      0.00000      0.00000      0.00000
      2.89000      0.00000      0.00000      0.00000
      2.90000      0.00000      0.00000      0.00000
      2.91000      0.00000      0.00000      0.00000
      2.92000      0.00000      0.00000      0.00000
      2.93000      0.00000      0.00000      0.00000
      2.94000      0.00000      0.00000      0.00000
      2.95000      0.00000      0.00000      0.00000
      2.96000      0.00000      0.00000      0.00000
      2.97000      0.00000      0.00000      0.00000
      2.98000      0.00000      0.00000      0.00000
      2.99000      0.00000      0.00000      0.00000
      3.00000      0.00000      0.00000      0.00000
      3.01000      0.00000      0.00000      0.00000
      3.02000      0.00000      0.00000      0.00000
      3.03000      0.00000      0.00000      0.00000
      3.04000      0.00000      0.00000      0.00000
      3.05000      0.00000      0.00000      0.00000
      3.06000      0.00000      0.00000      0.00000
      3.07000      0.00000      0.00000      0.00000
      3.08000      0.00000      0.00000      0.00000
      3.09000      0.00000      0.00000      0.00000
      3.10000      0.00000      0.00000      0.00000
      3.11000      0.00000      0.00000      0.00000
      3.12000      0.00000      0.00000      0.00000
      3.13000      0.00000      0.00000      0.00000
      3.14000      0.00000      0.00000      0.00000
      3.15000      0.00000      0.00000      0.00000
      3.16000      0.00000      0.00000      0.00000
      3.17000      0.00000      0.00000      0.00000
      3.18000      0.00000      0.00000      0.00000
      3.19000      0.00000      0.00000      0.00000
      3.20000      0.00000      0.00000      0.00000
      3.21000      0.00000      0.00000      0.00000
      3.22000      0.00000      0.00000      0.00000
      3.23000      0.00000      0.00000      0.00000
      3.24000      0.00000      0.00000      0.00000
      3.25000      0.00000      0.00000      0.00000
      3.26000      0.00000      0.00000      0.00000
      3.27000      0.00000      0.00000      0.00000
      3.28000      0.00000      0.00000      0.00000
      3.29000      0.00000      0.00000      0.00000
      3.30000      0.00000      0.00000      0.00000
      3.31000      0.00000      0.00000      0.00000
      3.32000      0.00000      0.00000      0.00000
      3.33000      0.00000      0.00000      0.00000
      3.34000      0.00000      0.00000      0.00000
      3.35000      0.00000      0.00000      0.00000
      3.36000      0.00000      0.00000      0.00000
      3.37000      0.00000      0.00000      0.00000
      3.38000      0.00000      0.00000      0.00000
      3.39000      0.00000      0.00000      0.00000
      3.40000      0.00000      0.00000      0.00000
      3.41000      0.00000      0.00000      0.00000
      3.42000      0.00000      0.00000      0.00000
      3.43000      0.00000      0.00000      0.00000
      3.44000      0.00000      0.00000      0.00000
      3.45000      0.00000      0.00000      0.00000
      3.46000      0.00000      0.00000      0.00000
      3.47000      0.00000      0.00000      0.00000
      3.48000      0.00000      0.00000      0.00000
      3.49000      0.00000      0.00000      0.00000
      3.50000      0.00000      0.00000      0.00000
      3.51000      0.00000      0.00000      0.00000
      3.52000      0.00000      0.00000      0.00000
      3.53000      0.00000      0.00000      0.00000
      3.54000      0.00000      0.00000      0.00000
      3.55000      0.00000      0.00000      0.00000
      3.56000      0.00000      0.00000      0.00000
      3.57000      0.00000      0.00000      0.00000
      3.58000      0.00000      0.00000      0.00000
      3.59000      0.00000      0.00000      0.00000
      3.60000      0.00000      0.00000      0.00000
      3.61000      0.00000      0.00000      0.00000
      3.62000      0.00000      0.00000      0.00000
      3.63000      0.00000      0.00000      0.00000
      3.64000      0.00000      0.00000      0.00000
      3.65000      0.00000      0.00000      0.00000
      3.66000      0.00000      0.00000      0.00000
      3.67000      0.00000      0.00000      0.00000
      3.68000      0.00000      0.00000      0.00000
      3.69000      0.00000      0.00000      0.00000
      3.70000      0.00000      0.00000      0.00000
      3.71000      0.00000      0.00000      0.00000
      3.72000      0.00000      0.00000      0.00000
      3.73000      0.00000      0.00000      0.00000
      3.74000      0.00000      0.00000      0.00000
      3.75000      0.00000      0.00000      0.00000
      3.76000      0.00000      0.00000      0.00000
      3.77000      0.00000      0.00000      0.00000
      3.78000      0.00000      0.00000      0.00000
      3.79000      0.00000      0.00000      0.00000
      3.80000      0.00000      0.00000      0.00000
      3.81000      0.00000      0.00000      0.00000
      3.82000      0.00000      0.00000      0.00000
      3.83000      0.00000      0.00000      0.00000
      3.84000      0.00000      0.00000      0.00000
      3.85000      0.00000      0.00000      0.00000
      3.86000      0.00000      0.00000      0.00000
      3.87000      0.00000      0.00000      0.00000
      3.88000      0.00000      0.00000      0.00000
      3.89000      0.00000      0.00000      0.00000
      3.90000      0.00000      0.00000      0.00000
      3.91000      0.00000      0.00000      0.00000
      3.92000      0.00000      0.00000      0.00000
      3.93000      0.00000      0.00000      0.00000
      3.94000      0.00000      0.00000      0.00000
      3.95000      0.00000      0.00000      0.00000
      3.96000      0.00000      0.00000      0.00000
      3.97000      0.00000      0.00000      0.00000
      3.98000      0.00000      0.00000      0.00000
      3.99000      0.00000      0.00000      0.00000
      4.00000      0.00000      0.00000      0.00000
      4.01000      0.00000      0.00000      0.00000
      4.02000      0.00000      0.00000      0.00000
      4.03000      0.00000      0.00000      0.00000
      4.04000      0.00000      0.00000      0.00000
      4.05000      0.00000      0.00000      0.00000
      4.06000      0.00000      0.00000      0.00000
      4.07000      0.00000      0.00000      0.00000
      4.08000      0.00000      0.00000      0.00000
      4.09000      0.00000      0.00000      0.00000
      4.10000      0.00000      0.00000      0.00000
      4.11000      0.00000      0.00000      0.00000
      4.12000      0.00000      0.00000      0.00000
      4.13000      0.00000      0.00000      0.00000
      4.14000      0.00000      0.00000      0.00000
      4.15000      0.00000      0.00000      0.00000
      4.16000      0.00000      0.00000      0.00000
      4.17000      0.00000      0.00000      0.00000
      4.18000      0.00000      0.00000      0.00000
      4.19000      0.00000      0.00000      0.00000
      4.20000      0.00000      0.00000      0.00000
      4.21000      0.00000      0.00000      0.00000
      4.22000      0.00000      0.00000      0.00000
      4.23000      0.00000      0.00000      0.00000
      4.24000      0.00000      0.00000      0.00000
      4.25000      0.00000      0.00000      0.00000
      4.26000      0.00000      0.00000      0.00000
      4.27000      0.00000      0.00000      0.00000
      4.28000      0.00000      0.00000      0.00000
      4.29000      0.00000      0.00000      0.00000
      4.30000      0.00000      0.00000      0.00000
      4.31000      0.00000      0.00000      0.00000
      4.32000      0.00000      0.00000      0.00000
      4.33000      0.00000      0.00000      0.00000
      4.34000      0.00000      0.00000      0.00000
      4.35000      0.00000      0.00000      0.00000
      4.36000      0.00000      0.00000      0.00000
      4.37000      0.00000      0.00000      0.00000
      4.38000      0.00000      0.00000      0.00000
      4.39000      0.00000      0.00000      0.00000
      4.40000      0.00000      0.00000      0.00000
      4.41000      0.00000      0.00000      0.00000
      4.42000      0.00000      0.00000      0.00000
      4.43000      0.00000      0.00000      0.00000
      4.44000      0.00000      0.00000      0.00000
      4.45000      0.00000      0.00000      0.00000
      4.46000      0.00000      0.00000      0.00000
      4.47000      0.00000      0.00000      0.00000
      4.48000      0.00000      0.00000      0.00000
      4.49000      0.00000      0.00000      0.00000
      4.50000      0.00000      0.00000      0.00000
      4.51000      0.00000      0.00000      0.00000
      4.52000      0.00000      0.00000      0.00000
      4.53000      0.00000      0.00000      0.00000
      4.54000      0.00000      0.00000      0.00000
      4.55000      0.00000      0.00000      0.00000
      4.56000      0.00000      0.00000      0.00000
      4.57000      0.00000      0.00000      0.00000
      4.58000      0.00000      0.00000      0.00000
      4.59000      0.00000      0.00000      0.00000
      4.60000      0.00000      0.00000      0.00000
      4.61000      0.00000      0.00000      0.00000
      4.62000      0.00000      0.00000      0.00000
      4.63000      0.00000      0.00000      0.00000
      4.64000      0.00000      0.00000      0.00000
      4.65000      0.00000      0.00000      0.00000
      4.66000      0.00000      0.00000      0.00000
      4.67000      0.00000      0.00000      0.00000
      4.68000      0.00000      0.00000      0.00000
      4.69000      0.00000      0.00000      0.00000
      4.70000      0.00000      0.00000      0.00000
      4.71000      0.00000      0.00000      0.00000
      4.72000      0.00000      0.00000      0.00000
      4.73000      0.00000      0.00000      0.00000
      4.74000      0.00000      0.00000      0.00000
      4.75000      0.00000      0.00000      0.00000
      4.76000      0.00000      0.00000      0.00000
      4.77000      0.00000      0.00000      0.00000
      4.78000      0.00000      0.00000      0.00000
      4.79000      0.00000      0.00000      0.00000
      4.80000      0.00000      0.00000      0.00000
      4.81000      0.00000      0.00000      0.00000
      4.82000      0.00000      0.00000      0.00000
      4.83000      0.00000      0.00000      0.00000
      4.84000      0.00000      0.00000      0.00000
      4.85000      0.00000      0.00000      0.00000
      4.86000      0.00000      0.00000      0.00000
      4.87000      0.00000      0.00000      0.00000
      4.88000      0.00000      0.00000      0.00000
      4.89000      0.00000      0.00000      0.00000
      4.90000      0.00000      0.00000      0.00000
      4.91000      0.00000      0.00000      0.00000
      4.92000      0.00000      0.00000      0.00000
      4.93000      0.00000      0.00000      0.00000
      4.94000      0.00000      0.00000      0.00000
      4.95000      0.00000      0.00000      0.00000
      4.96000      0.00000      0.00000      0.00000
      4.97000      0.00000      0.00000      0.00000
      4.98000      0.00000      0.00000      0.00000
      4.99000      0.00000      0.00000      0.00000
      5.00000      0.00000      0.00000      0.00000
      5.01000      0.00000      0.00000      0.00000
      5.02000      0.00000      0.00000      0.00000
      5.03000      0.00000      0.00000      0.00000
      5.04000      0.00000      0.00000      0.00000
      5.05000      0.00000      0.00000      0.00000
      5.06000      0.00000      0.00000      0.00000
      5.07000      0.00000      0.00000      0.00000
      5.08000      0.00000      0.00000      0.00000
      5.09000      0.00000      0.00000      0.00000
      5.10000      0.00000      0.00000      0.00000
      5.11000      0.00000      0.00000      0.00000
      5.12000      0.00000      0.00000      0.00000
      5.13000      0.00000      0.00000      0.00000
      5.14000      0.00000      0.00000      0.00000
      5.15000      0.00000      0.00000      0.00000
      5.16000      0.00000      0.00000      0.00000
      5.17000      0.00000      0.00000      0.00000
      5.18000      0.00000      0.00000      0.00000
      5.19000      0.00000      0.00000      0.00000
      5.20000      0.00000      0.00000      0.00000
      5.21000      0.00000      0.00000      0.00000
      5.22000      0.00000      0.00000      0.00000
      5.23000      0.00000      0.00000      0.00000
      5.24000      0.00000      0.00000      0.00000
      5.25000      0.00000      0.00000      0.00000
      5.26000      0.00000      0.00000      0.00000
      5.27000      0.00000      0.00000      0.00000
      5.28000      0.00000      0.00000      0.00000
      5.29000      0.00000      0.00000      0.00000
      5.30000      0.00000      0.00000      0.00000
      5.31000      0.00000      0.00000      0.00000
      5.32000      0.00000      0.00000      0.00000
      5.33000      0.00000      0.00000      0.00000
      5.34000      0.00000      0.00000      0.00000
      5.35000      0.00000      0.00000      0.00000
      5.36000      0.00000      0.00000      0.00000
      5.37000      0.00000      0.00000      0.00000
      5.38000      0.00000      0.00000      0.00000
      5.39000      0.00000      0.00000      0.00000
      5.40000      0.00000      0.00000      0.00000
      5.41000      0.00000      0.00000      0.00000
      5.42000      0.00000      0.00000      0.00000
      5.43000      0.00000      0.00000      0.00000
      5.44000      0.00000      0.00000      0.00000
      5.45000      0.00000      0.00000      0.00000
      5.46000      0.00000      0.00000      0.00000
      5.47000      0.00000      0.00000      0.00000
      5.48000      0.00000      0.00000      0.00000
      5.49000      0.00000      0.00000      0.00000
      5.50000      0.00000      0.00000      0.00000
      5.51000      0.00000      0.00000      0.00000
      5.52000      0.00000      0.00000      0.00000
      5.53000      0.00000      0.00000      0.00000
      5.54000      0.00000      0.00000      0.00000
      5.55000      0.00000      0.00000      0.00000
      5.56000      0.00000      0.00000      0.00000
      5.57000      0.00000      0.00000      0.00000
      5.58000      0.00000      0.00000      0.00000
      5.59000      0.00000      0.00000      0.00000
      5.60000      0.00000      0.00000      0.00000
      5.61000      0.00000      0.00000      0.00000
      5.62000      0.00000      0.00000      0.00000
      5.63000      0.00000      0.00000      0.00000
      5.64000      0.00000      0.00000      0.00000
      5.65000      0.00000      0.00000      0.00000
      5.66000      0.00000      0.00000      0.00000
      5.67000      0.00000      0.00000      0.00000
      5.68000      0.00000      0.00000      0.00000
      5.69000      0.00000      0.00000      0.00000
      5.70000      0.00000      0.00000      0.00000
      5.71000      0.00000      0.00000      0.00000
      5.72000      0.00000      0.00000      0.00000
      5.73000      0.00000      0.00000      0.00000
      5.74000      0.00000      0.00000      0.00000
      5.75000      0.00000      0.00000      0.00000
      5.76000      0.00000      0.00000      0.00000
      5.77000      0.00000      0.00000      0.00000
      5.78000      0.00000      0.00000      0.00000
      5.79000      0.00000      0.00000      0.00000
      5.80000      0.00000      0.00000      0.00000
      5.81000      0.00000      0.00000      0.00000
      5.82000      0.00000      0.00000      0.00000
      5.83000      0.00000      0.00000      0.00000
      5.84000      0.00000      0.00000      0.00000
      5.85000      0.00000      0.00000      0.00000
      5.86000      0.00000      0.00000      0.00000
      5.87000      0.00000      0.00000      0.00000
      5.88000      0.00000      0.00000      0.00000
      5.89000      0.00000      0.00000      0.00000
      5.90000      0.00000      0.00000      0.00000
      5.91000      0.00000      0.00000      0.00000
      5.92000      0.00000      0.00000      0.00000
      5.93000      0.00000      0.00000      0.00000
      5.94000      0.00000      0.00000      0.00000
      5.95000      0.00000      0.00000      0.00000
      5.96000      0.00000      0.00000      0.00000
      5.97000      0.00000      0.00000      0.00000
      5.98000      0.00000      0.00000      0.00000
      5.99000      0.00000      0.00000      0.00000
      6.00000      0.00000      0.00000      0.00000
      6.01000      0.00000      0.00000      0.00000
      6.02000      0.00000      0.00000      0.00000
      6.03000      0.00000      0.00000      0.00000
      6.04000      0.00000      0.00000      0.00000
      6.05000      0.00000      0.00000      0.00000
      6.06000      0.00000      0.00000      0.00000
      6.07000      0.00000      0.00000      0.00000
      6.08000      0.00000      0.00000      0.00000
      6.09000      0.00000      0.00000      0.00000
      6.10000      0.00000      0.00000      0.00000
      6.11000      0.00000      0.00000      0.00000
      6.12000      0.00000      0.00000      0.00000
      6.13000      0.00000      0.00000      0.00000
      6.14000      0.00000      0.00000      0.00000
      6.15000      0.00000      0.00000      0.00000
      6.16000      0.00000      0.00000      0.00000
      6.17000      0.00000      0.00000      0.00000
      6.18000      0.00000      0.00000      0.00000
      6.19000      0.00000      0.00000      0.00000
      6.20000      0.00000      0.00000      0.00000
      6.21000      0.00000      0.00000      0.00000
      6.22000      0.00000      0.00000      0.00000
      6.23000      0.00000      0.00000      0.00000
      6.24000      0.00000      0.00000      0.00000
      6.25000      0.00000      0.00000      0.00000
      6.26000      0.00000      0.00000      0.00000
      6.27000      0.00000      0.00000      0.00000
      6.28000      0.00000      0.00000      0.00000
      6.29000      0.00000      0.00000      0.00000
      6.30000      0.00000      0.00000      0.00000
      6.31000      0.00000      0.00000      0.00000
      6.32000      0.00000      0.00000      0.00000
      6.33000      0.00000      0.00000      0.00000
      6.34000      0.00000      0.00000      0.00000
      6.35000      0.00000      0.00000      0.00000
      6.36000      0.00000      0.00000      0.00000
      6.37000      0.00000      0.00000      0.00000
      6.38000      0.00000      0.00000      0.00000
      6.39000      0.00000      0.00000      0.00000
      6.40000      0.00000      0.00000      0.00000
      6.41000      0.00000      0.00000      0.00000
      6.42000      0.00000      0.00000      0.00000
      6.43000      0.00000      0.00000      0.00000
      6.44000      0.00000      0.00000      0.00000
      6.45000      0.00000      0.00000      0.00000
      6.46000      0.00000      0.00000      0.00000
      6.47000      0.00000      0.00000      0.00000
      6.48000      0.00000      0.00000      0.00000
      6.49000      0.00000      0.00000      0.00000
      6.50000      0.00000      0.00000      0.00000
      6.51000      0.00000      0.00000      0.00000
      6.52000      0.00000      0.00000      0.00000
      6.53000      0.00000      0.00000      0.00000
      6.54000      0.00000      0.00000      0.00000
      6.55000      0.00000      0.00000      0.00000
      6.56000      0.00000      0.00000      0.00000
      6.57000      0.00000      0.00000      0.00000
      6.58000      0.00000      0.00000      0.00000
      6.59000      0.00000      0.00000      0.00000
      6.60000      0.00000      0.00000      0.00000
      6.61000      0.00000      0.00000      0.00000
      6.62000      0.00000      0.00000      0.00000
      6.63000      0.00000      0.00000      0.00000
      6.64000      0.00000      0.00000      0.00000
      6.65000      0.00000      0.00000      0.00000
      6.66000      0.00000      0.00000      0.00000
      6.67000      0.00000      0.00000      0.00000
      6.68000      0.00000      0.00000      0.00000
      6.69000      0.00000      0.00000      0.00000
      6.70000      0.00000      0.00000      0.00000
      6.71000      0.00000      0.00000      0.00000
      6.72000      0.00000      0.00000      0.00000
      6.73000      0.00000      0.00000      0.00000
      6.74000      0.00000      0.00000      0.00000
      6.75000      0.00000      0.00000      0.00000
      6.76000      0.00000      0.00000      0.00000
      6.77000      0.00000      0.00000      0.00000
      6.78000      0.00000      0.00000      0.00000
      6.79000      0.00000      0.00000      0.00000
      6.80000      0.00000      0.00000      0.00000
      6.81000      0.00000      0.00000      0.00000
      6.82000      0.00000      0.00000      0.00000
      6.83000      0.00000      0.00000      0.00000
      6.84000      0.00000      0.00000      0.00000
      6.85000      0.00000      0.00000      0.00000
      6.86000      0.00000      0.00000      0.00000
      6.87000      0.00000      0.00000      0.00000
      6.88000      0.00000      0.00000      0.00000
      6.89000      0.00000      0.00000      0.00000
      6.90000      0.00000      0.00000      0.00000
      6.91000      0.00000      0.00000      0.00000
      6.92000      0.00000      0.00000      0.00000
      6.93000      0.00000      0.00000      0.00000
      6.94000      0.00000      0.00000      0.00000
      6.95000      0.00000      0.00000      0.00000
      6.96000      0.00000      0.00000      0.00000
      6.97000      0.00000      0.00000      0.00000
      6.98000      0.00000      0.00000      0.00000
      6.99000      0.00000      0.00000      0.00000
      7.00000      0.00000      0.00000      0.00000
      7.01000      0.00000      0.00000      0.00000
      7.02000      0.00000      0.00000      0.00000
      7.03000      0.00000      0.00000      0.00000
      7.04000      0.00000      0.00000      0.00000
      7.05000      0.00000      0.00000      0.00000
      7.06000      0.00000      0.00000      0.00000
      7.07000      0.00000      0.00000      0.00000
      7.08000      0.00000      0.00000      0.00000
      7.09000      0.00000      0.00000      0.00000
      7.10000      0.00000      0.00000      0.00000
      7.11000      0.00000      0.00000      0.00000
      7.12000      0.00000      0.00000      0.00000
      7.13000      0.00000      0.00000      0.00000
      7.14000      0.00000      0.00000      0.00000
      7.15000      0.00000      0.00000      0.00000
      7.16000      0.00000      0.00000      0.00000
      7.17000      0.00000      0.00000      0.00000
      7.18000      0.00000      0.00000      0.00000
      7.19000      0.00000      0.00000      0.00000
      7.20000      0.00000      0.00000      0.00000
      7.21000      0.00000      0.00000      0.00000
      7.22000      0.00000      0.00000      0.00000
      7.23000      0.00000      0.00000      0.00000
      7.24000      0.00000      0.00000      0.00000
      7.25000      0.00000      0.00000      0.00000
      7.26000      0.00000      0.00000      0.00000
      7.27000      0.00000      0.00000      0.00000
      7.28000      0.00000      0.00000      0.00000
      7.29000      0.00000      0.00000      0.00000
      7.30000      0.00000      0.00000      0.00000
      7.31000      0.00000      0.00000      0.00000
      7.32000      0.00000      0.00000      0.00000
      7.33000      0.00000      0.00000      0.00000
      7.34000      0.00000      0.00000      0.00000
      7.35000      0.00000      0.00000      0.00000
      7.36000      0.00000      0.00000      0.00000
      7.37000      0.00000      0.00000      0.00000
      7.38000      0.00000      0.00000      0.00000
      7.39000      0.00000      0.00000      0.00000
      7.40000      0.00000      0.00000      0.00000
      7.41000      0.00000      0.00000      0.00000
      7.42000      0.00000      0.00000      0.00000
      7.43000      0.00000      0.00000      0.00000
      7.44000      0.00000      0.00000      0.00000
      7.45000      0.00000      0.00000      0.00000
      7.46000      0.00000      0.00000      0.00000
      7.47000      0.00000      0.00000      0.00000
      7.48000      0.00000      0.00000      0.00000
      7.49000      0.00000      0.00000      0.00000
      7.50000      0.00000      0.00000      0.00000
      7.51000      0.00000      0.00000      0.00000
      7.52000      0.00000      0.00000      0.00000
      7.53000      0.00000      0.00000      0.00000
      7.54000      0.00000      0.00000      0.00000
      7.55000      0.00000      0.00000      0.00000
      7.56000      0.00000      0.00000      0.00000
      7.57000      0.00000      0.00000      0.00000
      7.58000      0.00000      0.00000      0.00000
      7.59000      0.00000      0.00000      0.00000
      7.60000      0.00000      0.00000      0.00000
      7.61000      0.00000      0.00000      0.00000
      7.62000      0.00003      0.00003      0.00000
      7.63000      0.00104      0.00104      0.00000
      7.64000      0.01459      0.01457      0.00002
      7.65000      0.07795      0.07781      0.00014
      7.66000      0.17528      0.17488      0.00040
      7.67000      0.20989      0.20919      0.00070
      7.68000      0.16665      0.16586      0.00080
      7.69000      0.14540      0.14420      0.00120
      7.70000      0.24671      0.24407      0.00264
      7.71000      0.31794      0.31422      0.00372
      7.72000      0.25791      0.25457      0.00334
      7.73000      0.17405      0.17139      0.00266
      7.74000      0.18955      0.18609      0.00346
      7.75000      0.22569      0.22122      0.00447
      7.76000      0.21262      0.20806      0.00456
      7.77000      0.19362      0.18906      0.00456
      7.78000      0.17602      0.17153      0.00449
      7.79000      0.18170      0.17663      0.00507
      7.80000      0.22823      0.22140      0.00683
      7.81000      0.31885      0.30872      0.01013
      7.82000      0.35106      0.33953      0.01153
      7.83000      0.26422      0.25517      0.00905
      7.84000      0.17266      0.16643      0.00623
      7.85000      0.15446      0.14837      0.00609
      7.86000      0.24656      0.23635      0.01021
      7.87000      0.28507      0.27296      0.01211
      7.88000      0.28734      0.27455      0.01279
      7.89000      0.32654      0.31152      0.01502
      7.90000      0.22774      0.21716      0.01058
      7.91000      0.08723      0.08302      0.00421
      7.92000      0.12761      0.12079      0.00681
      7.93000      0.26328      0.24911      0.01418
      7.94000      0.21967      0.20781      0.01185
      7.95000      0.11162      0.10535      0.00627
      7.96000      0.21878      0.20573      0.01306
      7.97000      0.43835      0.41186      0.02649
      7.98000      0.47281      0.44379      0.02901
      7.99000      0.39481      0.36987      0.02494
      8.00000      0.34160      0.31946      0.02214
      8.01000      0.24327      0.22713      0.01614
      8.02000      0.21152      0.19702      0.01450
      8.03000      0.20222      0.18802      0.01420
      8.04000      0.19377      0.17980      0.01397
      8.05000      0.19359      0.17938      0.01421
      8.06000      0.22143      0.20479      0.01664
      8.07000      0.32484      0.29981      0.02503
      8.08000      0.40906      0.37699      0.03207
      8.09000      0.32252      0.29687      0.02565
      8.10000      0.23171      0.21272      0.01899
      8.11000      0.28355      0.25983      0.02372
      8.12000      0.21717      0.19896      0.01822
      8.13000      0.07020      0.06427      0.00593
      8.14000      0.05958      0.05419      0.00539
      8.15000      0.20736      0.18840      0.01896
      8.16000      0.39069      0.35492      0.03577
      8.17000      0.50064      0.45461      0.04603
      8.18000      0.52168      0.47325      0.04843
      8.19000      0.47609      0.43101      0.04509
      8.20000      0.43841      0.39602      0.04239
      8.21000      0.37093      0.33444      0.03649
      8.22000      0.35973      0.32365      0.03608
      8.23000      0.32826      0.29494      0.03331
      8.24000      0.23471      0.21052      0.02419
      8.25000      0.23244      0.20800      0.02444
      8.26000      0.21390      0.19118      0.02273
      8.27000      0.19194      0.17121      0.02073
      8.28000      0.24634      0.21948      0.02685
      8.29000      0.38529      0.34285      0.04244
      8.30000      0.54074      0.48037      0.06037
      8.31000      0.49723      0.44109      0.05613
      8.32000      0.34288      0.30368      0.03920
      8.33000      0.27440      0.24245      0.03194
      8.34000      0.24559      0.21664      0.02895
      8.35000      0.18647      0.16431      0.02216
      8.36000      0.15451      0.13574      0.01877
      8.37000      0.20580      0.18039      0.02541
      8.38000      0.21988      0.19259      0.02729
      8.39000      0.16930      0.14808      0.02122
      8.40000      0.20248      0.17669      0.02579
      8.41000      0.45957      0.40110      0.05846
      8.42000      0.90815      0.79253      0.11562
      8.43000      1.06176      0.92561      0.13615
      8.44000      0.78755      0.68527      0.10228
      8.45000      0.53207      0.46184      0.07023
      8.46000      0.37386      0.32385      0.05001
      8.47000      0.29362      0.25376      0.03987
      8.48000      0.29852      0.25736      0.04116
      8.49000      0.32503      0.27963      0.04540
      8.50000      0.30376      0.26097      0.04278
      8.51000      0.23009      0.19741      0.03269
      8.52000      0.18245      0.15627      0.02619
      8.53000      0.17497      0.14965      0.02532
      8.54000      0.42708      0.36512      0.06195
      8.55000      0.88144      0.75374      0.12770
      8.56000      0.90035      0.76939      0.13096
      8.57000      0.55570      0.47372      0.08199
      8.58000      0.27205      0.23121      0.04084
      8.59000      0.18519      0.15682      0.02837
      8.60000      0.20407      0.17255      0.03153
      8.61000      0.12812      0.10826      0.01986
      8.62000      0.07889      0.06644      0.01245
      8.63000      0.19192      0.16133      0.03059
      8.64000      0.50482      0.42436      0.08045
      8.65000      0.96751      0.81325      0.15427
      8.66000      1.12653      0.94667      0.17986
      8.67000      0.95958      0.80595      0.15362
      8.68000      0.87378      0.73342      0.14036
      8.69000      0.89652      0.75240      0.14412
      8.70000      0.93661      0.78546      0.15115
      8.71000      0.84716      0.70839      0.13877
      8.72000      0.63307      0.52727      0.10580
      8.73000      0.43369      0.36025      0.07344
      8.74000      0.44620      0.36961      0.07659
      8.75000      0.75316      0.62269      0.13047
      8.76000      0.92427      0.76347      0.16081
      8.77000      0.85501      0.70581      0.14919
      8.78000      0.74956      0.61813      0.13142
      8.79000      0.68494      0.56435      0.12059
      8.80000      0.64221      0.52879      0.11343
      8.81000      0.63448      0.52182      0.11266
      8.82000      0.62375      0.51276      0.11099
      8.83000      0.62326      0.51186      0.11140
      8.84000      0.74079      0.60766      0.13312
      8.85000      0.82662      0.67780      0.14882
      8.86000      0.66417      0.54429      0.11988
      8.87000      0.41955      0.34319      0.07635
      8.88000      0.39119      0.31894      0.07225
      8.89000      0.51276      0.41761      0.09516
      8.90000      0.48640      0.39592      0.09048
      8.91000      0.48472      0.39383      0.09089
      8.92000      0.53591      0.43478      0.10113
      8.93000      0.49050      0.39787      0.09262
      8.94000      0.46677      0.37851      0.08826
      8.95000      0.49078      0.39770      0.09308
      8.96000      0.41918      0.33945      0.07973
      8.97000      0.45174      0.36518      0.08656
      8.98000      0.57857      0.46701      0.11157
      8.99000      0.65935      0.53199      0.12736
      9.00000      0.71271      0.57507      0.13764
      9.01000      0.83852      0.67594      0.16258
      9.02000      0.78277      0.63006      0.15271
      9.03000      0.44125      0.35442      0.08683
      9.04000      0.21603      0.17303      0.04299
      9.05000      0.28812      0.23052      0.05760
      9.06000      0.42245      0.33757      0.08488
      9.07000      0.40713      0.32473      0.08239
      9.08000      0.32118      0.25590      0.06528
      9.09000      0.30346      0.24169      0.06177
      9.10000      0.32138      0.25587      0.06550
      9.11000      0.32081      0.25508      0.06573
      9.12000      0.30456      0.24182      0.06275
      9.13000      0.31986      0.25376      0.06610
      9.14000      0.43214      0.34237      0.08977
      9.15000      0.58678      0.46421      0.12257
      9.16000      0.65957      0.52152      0.13806
      9.17000      0.53216      0.42099      0.11117
      9.18000      0.37502      0.29687      0.07816
      9.19000      0.27713      0.21922      0.05791
      9.20000      0.19925      0.15712      0.04213
      9.21000      0.29351      0.23059      0.06292
      9.22000      0.40674      0.31932      0.08742
      9.23000      0.32554      0.25544      0.07011
      9.24000      0.31686      0.24846      0.06840
      9.25000      0.39125      0.30650      0.08475
      9.26000      0.40225      0.31467      0.08758
      9.27000      0.39320      0.30736      0.08584
      9.28000      0.36432      0.28443      0.07989
      9.29000      0.38153      0.29742      0.08412
      9.30000      0.42573      0.33173      0.09401
      9.31000      0.47395      0.36923      0.10472
      9.32000      0.49123      0.38272      0.10851
      9.33000      0.41031      0.31972      0.09059
      9.34000      0.43547      0.33900      0.09647
      9.35000      0.57268      0.44504      0.12764
      9.36000      0.56224      0.43612      0.12612
      9.37000      0.42542      0.32918      0.09624
      9.38000      0.31157      0.24069      0.07088
      9.39000      0.24939      0.19264      0.05675
      9.40000      0.23191      0.17892      0.05299
      9.41000      0.27932      0.21505      0.06428
      9.42000      0.22907      0.17618      0.05289
      9.43000      0.14358      0.11025      0.03332
      9.44000      0.26571      0.20385      0.06186
      9.45000      0.45332      0.34774      0.10557
      9.46000      0.41822      0.32060      0.09762
      9.47000      0.28551      0.21851      0.06699
      9.48000      0.36969      0.28267      0.08702
      9.49000      0.46724      0.35744      0.10979
      9.50000      0.34373      0.26309      0.08064
      9.51000      0.20671      0.15821      0.04850
      9.52000      0.24055      0.18391      0.05664
      9.53000      0.36240      0.27631      0.08608
      9.54000      0.45822      0.34856      0.10965
      9.55000      0.31695      0.24086      0.07609
      9.56000      0.14599      0.11090      0.03509
      9.57000      0.18703      0.14198      0.04506
      9.58000      0.30769      0.23318      0.07452
      9.59000      0.37037      0.28032      0.09005
      9.60000      0.38035      0.28770      0.09265
      9.61000      0.40826      0.30850      0.09975
      9.62000      0.37455      0.28262      0.09193
      9.63000      0.35502      0.26770      0.08732
      9.64000      0.27539      0.20768      0.06771
      9.65000      0.21288      0.16049      0.05238
      9.66000      0.30521      0.22989      0.07531
      9.67000      0.38384      0.28893      0.09491
      9.68000      0.42812      0.32210      0.10602
      9.69000      0.48140      0.36183      0.11957
      9.70000      0.53101      0.39882      0.13220
      9.71000      0.45586      0.34207      0.11379
      9.72000      0.40376      0.30216      0.10159
      9.73000      0.34018      0.25415      0.08603
      9.74000      0.15888      0.11864      0.04024
      9.75000      0.11791      0.08801      0.02989
      9.76000      0.23439      0.17477      0.05962
      9.77000      0.33173      0.24701      0.08471
      9.78000      0.26820      0.19955      0.06864
      9.79000      0.14943      0.11100      0.03843
      9.80000      0.18098      0.13413      0.04685
      9.81000      0.29903      0.22162      0.07741
      9.82000      0.40735      0.30203      0.10532
      9.83000      0.34392      0.25499      0.08893
      9.84000      0.25816      0.19106      0.06710
      9.85000      0.33996      0.25130      0.08866
      9.86000      0.38930      0.28789      0.10141
      9.87000      0.34811      0.25749      0.09062
      9.88000      0.27925      0.20652      0.07273
      9.89000      0.18489      0.13665      0.04824
      9.90000      0.17902      0.13179      0.04723
      9.91000      0.34695      0.25500      0.09195
      9.92000      0.36876      0.27105      0.09771
      9.93000      0.16681      0.12262      0.04420
      9.94000      0.08673      0.06369      0.02304
      9.95000      0.19017      0.13948      0.05069
      9.96000      0.32166      0.23563      0.08603
      9.97000      0.35781      0.26188      0.09593
      9.98000      0.36601      0.26770      0.09830
      9.99000      0.41858      0.30587      0.11271
     10.00000      0.38015      0.27746      0.10269
     10.01000      0.34856      0.25424      0.09432
     10.02000      0.27323      0.19932      0.07391
     10.03000      0.20037      0.14617      0.05420
     10.04000      0.27037      0.19705      0.07331
     10.05000      0.40326      0.29363      0.10963
     10.06000      0.51423      0.37428      0.13995
     10.07000      0.51355      0.37357      0.13997
     10.08000      0.35313      0.25651      0.09662
     10.09000      0.18511      0.13416      0.05095
     10.10000      0.14949      0.10812      0.04137
     10.11000      0.29608      0.21399      0.08209
     10.12000      0.31946      0.23086      0.08860
     10.13000      0.15404      0.11130      0.04274
     10.14000      0.12169      0.08791      0.03378
     10.15000      0.19798      0.14288      0.05510
     10.16000      0.27652      0.19923      0.07729
     10.17000      0.28232      0.20327      0.07906
     10.18000      0.16312      0.11737      0.04575
     10.19000      0.16256      0.11673      0.04583
     10.20000      0.30168      0.21658      0.08510
     10.21000      0.38579      0.27690      0.10889
     10.22000      0.34015      0.24403      0.09612
     10.23000      0.26915      0.19300      0.07615
     10.24000      0.36617      0.26234      0.10384
     10.25000      0.46142      0.33039      0.13103
     10.26000      0.35239      0.25223      0.10016
     10.27000      0.20568      0.14716      0.05852
     10.28000      0.08474      0.06061      0.02413
     10.29000      0.03858      0.02753      0.01106
     10.30000      0.14301      0.10183      0.04119
     10.31000      0.34744      0.24732      0.10012
     10.32000      0.35260      0.25093      0.10168
     10.33000      0.17929      0.12755      0.05174
     10.34000      0.13379      0.09517      0.03862
     10.35000      0.16931      0.12036      0.04896
     10.36000      0.23877      0.16940      0.06937
     10.37000      0.38868      0.27557      0.11311
     10.38000      0.39619      0.28085      0.11534
     10.39000      0.36138      0.25591      0.10548
     10.40000      0.41472      0.29340      0.12132
     10.41000      0.41133      0.29081      0.12051
     10.42000      0.41390      0.29250      0.12140
     10.43000      0.40816      0.28848      0.11968
     10.44000      0.33806      0.23892      0.09914
     10.45000      0.25870      0.18257      0.07613
     10.46000      0.25258      0.17797      0.07461
     10.47000      0.21576      0.15196      0.06379
     10.48000      0.13431      0.09449      0.03981
     10.49000      0.13686      0.09607      0.04079
     10.50000      0.14605      0.10246      0.04359
     10.51000      0.16395      0.11494      0.04901
     10.52000      0.30064      0.21066      0.08998
     10.53000      0.34204      0.23961      0.10243
     10.54000      0.24717      0.17316      0.07401
     10.55000      0.15130      0.10601      0.04529
     10.56000      0.10501      0.07345      0.03156
     10.57000      0.21198      0.14800      0.06397
     10.58000      0.30433      0.21245      0.09188
     10.59000      0.25475      0.17785      0.07690
     10.60000      0.22429      0.15648      0.06781
     10.61000      0.28885      0.20120      0.08764
     10.62000      0.42497      0.29586      0.12911
     10.63000      0.41888      0.29151      0.12736
     10.64000      0.22203      0.15442      0.06761
     10.65000      0.16588      0.11515      0.05073
     10.66000      0.32376      0.22465      0.09912
     10.67000      0.35463      0.24610      0.10854
     10.68000      0.17838      0.12381      0.05458
     10.69000      0.05000      0.03469      0.01531
     10.70000      0.06444      0.04463      0.01981
     10.71000      0.14864      0.10289      0.04575
     10.72000      0.21495      0.14859      0.06636
     10.73000      0.32460      0.22411      0.10049
     10.74000      0.35949      0.24820      0.11129
     10.75000      0.21964      0.15168      0.06796
     10.76000      0.13925      0.09610      0.04315
     10.77000      0.24927      0.17182      0.07744
     10.78000      0.40573      0.27946      0.12627
     10.79000      0.47390      0.32622      0.14768
     10.80000      0.48862      0.33621      0.15241
     10.81000      0.48724      0.33508      0.15216
     10.82000      0.35908      0.24670      0.11238
     10.83000      0.23367      0.16027      0.07340
     10.84000      0.18523      0.12689      0.05834
     10.85000      0.13380      0.09162      0.04218
     10.86000      0.14371      0.09837      0.04534
     10.87000      0.26301      0.18001      0.08300
     10.88000      0.22608      0.15474      0.07134
     10.89000      0.07567      0.05179      0.02389
     10.90000      0.03869      0.02640      0.01229
     10.91000      0.11271      0.07682      0.03588
     10.92000      0.20156      0.13739      0.06418
     10.93000      0.30231      0.20603      0.09628
     10.94000      0.40951      0.27900      0.13051
     10.95000      0.33298      0.22675      0.10623
     10.96000      0.15352      0.10447      0.04904
     10.97000      0.12537      0.08525      0.04012
     10.98000      0.27627      0.18779      0.08848
     10.99000      0.36940      0.25096      0.11844
     11.00000      0.29455      0.19996      0.09459
     11.01000      0.14350      0.09735      0.04615
     11.02000      0.09766      0.06615      0.03151
     11.03000      0.22716      0.15376      0.07340
     11.04000      0.30009      0.20306      0.09703
     11.05000      0.23712      0.16031      0.07681
     11.06000      0.21311      0.14396      0.06915
     11.07000      0.31129      0.21022      0.10107
     11.08000      0.40869      0.27593      0.13276
     11.09000      0.26011      0.17558      0.08454
     11.10000      0.13011      0.08778      0.04233
     11.11000      0.14442      0.09740      0.04703
     11.12000      0.12158      0.08197      0.03962
     11.13000      0.12869      0.08665      0.04203
     11.14000      0.22833      0.15359      0.07474
     11.15000      0.38664      0.25983      0.12680
     11.16000      0.48006      0.32253      0.15753
     11.17000      0.41811      0.28089      0.13722
     11.18000      0.37411      0.25123      0.12288
     11.19000      0.28900      0.19395      0.09505
     11.20000      0.18916      0.12678      0.06237
     11.21000      0.19737      0.13210      0.06527
     11.22000      0.21970      0.14699      0.07271
     11.23000      0.17435      0.11660      0.05774
     11.24000      0.14217      0.09497      0.04719
     11.25000      0.17767      0.11859      0.05909
     11.26000      0.23012      0.15352      0.07660
     11.27000      0.31191      0.20805      0.10386
     11.28000      0.30119      0.20087      0.10031
     11.29000      0.18955      0.12638      0.06317
     11.30000      0.06808      0.04538      0.02270
     11.31000      0.02572      0.01712      0.00860
     11.32000      0.09564      0.06360      0.03204
     11.33000      0.26669      0.17728      0.08941
     11.34000      0.38586      0.25639      0.12947
     11.35000      0.36916      0.24519      0.12398
     11.36000      0.34512      0.22910      0.11602
     11.37000      0.26495      0.17578      0.08917
     11.38000      0.18437      0.12220      0.06216
     11.39000      0.17517      0.11606      0.05911
     11.40000      0.12931      0.08565      0.04366
     11.41000      0.10449      0.06911      0.03538
     11.42000      0.17192      0.11363      0.05829
     11.43000      0.21096      0.13943      0.07153
     11.44000      0.17802      0.11763      0.06039
     11.45000      0.15529      0.10249      0.05280
     11.46000      0.23331      0.15385      0.07946
     11.47000      0.32495      0.21422      0.11074
     11.48000      0.36521      0.24063      0.12458
     11.49000      0.39809      0.26216      0.13593
     11.50000      0.39875      0.26253      0.13622
     11.51000      0.27599      0.18167      0.09432
     11.52000      0.21478      0.14130      0.07348
     11.53000      0.25766      0.16942      0.08824
     11.54000      0.29212      0.19201      0.10011
     11.55000      0.21525      0.14143      0.07382
     11.56000      0.16215      0.10637      0.05578
     11.57000      0.24863      0.16292      0.08571
     11.58000      0.29383      0.19249      0.10134
     11.59000      0.23378      0.15313      0.08065
     11.60000      0.12087      0.07917      0.04171
     11.61000      0.05356      0.03503      0.01852
     11.62000      0.12580      0.08217      0.04363
     11.63000      0.25090      0.16388      0.08702
     11.64000      0.21848      0.14269      0.07578
     11.65000      0.13771      0.08988      0.04782
     11.66000      0.22257      0.14515      0.07742
     11.67000      0.29368      0.19146      0.10223
     11.68000      0.27516      0.17925      0.09591
     11.69000      0.31261      0.20354      0.10908
     11.70000      0.28146      0.18324      0.09822
     11.71000      0.21406      0.13934      0.07472
     11.72000      0.15348      0.09987      0.05361
     11.73000      0.12107      0.07871      0.04236
     11.74000      0.17488      0.11357      0.06132
     11.75000      0.24728      0.16050      0.08679
     11.76000      0.23591      0.15303      0.08288
     11.77000      0.21757      0.14105      0.07652
     11.78000      0.23281      0.15087      0.08194
     11.79000      0.23086      0.14955      0.08131
     11.80000      0.15051      0.09746      0.05304
     11.81000      0.08529      0.05518      0.03010
     11.82000      0.16289      0.10531      0.05758
     11.83000      0.25946      0.16770      0.09176
     11.84000      0.21663      0.13997      0.07666
     11.85000      0.17607      0.11371      0.06237
     11.86000      0.20435      0.13188      0.07247
     11.87000      0.29746      0.19182      0.10564
     11.88000      0.45328      0.29217      0.16111
     11.89000      0.60166      0.38765      0.21400
     11.90000      0.58367      0.37595      0.20772
     11.91000      0.34335      0.22109      0.12225
     11.92000      0.11449      0.07371      0.04079
     11.93000      0.01868      0.01203      0.00666
     11.94000      0.00169      0.00109      0.00060
     11.95000      0.00833      0.00534      0.00299
     11.96000      0.06594      0.04230      0.02365
     11.97000      0.21705      0.13921      0.07785
     11.98000      0.33053      0.21195      0.11858
     11.99000      0.27011      0.17314      0.09696
     12.00000      0.12184      0.07808      0.04376
     12.01000      0.03770      0.02414      0.01356
     12.02000      0.10083      0.06448      0.03636
     12.03000      0.31252      0.19983      0.11269
     12.04000      0.38841      0.24836      0.14005
     12.05000      0.20748      0.13265      0.07483
     12.06000      0.14238      0.09093      0.05145
     12.07000      0.28123      0.17948      0.10174
     12.08000      0.36955      0.23577      0.13378
     12.09000      0.31848      0.20309      0.11539
     12.10000      0.20662      0.13170      0.07492
     12.11000      0.09039      0.05759      0.03280
     12.12000      0.07792      0.04960      0.02832
     12.13000      0.13703      0.08721      0.04982
     12.14000      0.12426      0.07906      0.04520
     12.15000      0.14784      0.09395      0.05388
     12.16000      0.30900      0.19630      0.11270
     12.17000      0.36560      0.23224      0.13336
     12.18000      0.21124      0.13416      0.07708
     12.19000      0.15213      0.09653      0.05560
     12.20000      0.21872      0.13872      0.08000
     12.21000      0.20752      0.13157      0.07595
     12.22000      0.24783      0.15702      0.09081
     12.23000      0.37396      0.23682      0.13713
     12.24000      0.40002      0.25328      0.14675
     12.25000      0.25391      0.16074      0.09317
     12.26000      0.15132      0.09569      0.05562
     12.27000      0.24575      0.15528      0.09048
     12.28000      0.29911      0.18895      0.11017
     12.29000      0.27417      0.17309      0.10108
     12.30000      0.28184      0.17785      0.10398
     12.31000      0.16619      0.10487      0.06132
     12.32000      0.04126      0.02604      0.01523
     12.33000      0.01536      0.00967      0.00568
     12.34000      0.07399      0.04659      0.02741
     12.35000      0.19829      0.12483      0.07346
     12.36000      0.24292      0.15289      0.09002
     12.37000      0.16417      0.10329      0.06088
     12.38000      0.15789      0.09924      0.05865
     12.39000      0.24098      0.15141      0.08956
     12.40000      0.26902      0.16900      0.10002
     12.41000      0.29673      0.18631      0.11042
     12.42000      0.31711      0.19902      0.11809
     12.43000      0.20815      0.13060      0.07755
     12.44000      0.08057      0.05053      0.03004
     12.45000      0.09620      0.06026      0.03594
     12.46000      0.22395      0.14024      0.08371
     12.47000      0.25580      0.16015      0.09565
     12.48000      0.19952      0.12485      0.07468
     12.49000      0.23364      0.14611      0.08753
     12.50000      0.23300      0.14569      0.08731
     12.51000      0.12886      0.08056      0.04830
     12.52000      0.10081      0.06296      0.03784
     12.53000      0.20227      0.12626      0.07601
     12.54000      0.34835      0.21736      0.13099
     12.55000      0.43508      0.27141      0.16367
     12.56000      0.36141      0.22539      0.13602
     12.57000      0.31404      0.19576      0.11828
     12.58000      0.27622      0.17212      0.10410
     12.59000      0.16891      0.10521      0.06370
     12.60000      0.10537      0.06557      0.03979
     12.61000      0.13577      0.08444      0.05133
     12.62000      0.13476      0.08380      0.05096
     12.63000      0.11657      0.07244      0.04412
     12.64000      0.16946      0.10526      0.06420
     12.65000      0.20182      0.12532      0.07651
