Energy-E_F (eV)    DOS (1/eV)    PDOS (1/eV)  of atom type B  N  
     -4.99000      0.63021      0.23601      0.39420
     -4.98000      0.88340      0.33153      0.55187
     -4.97000      1.12907      0.42519      0.70388
     -4.96000      1.34411      0.50841      0.83571
     -4.95000      1.22941      0.46967      0.75974
     -4.94000      0.84637      0.32647      0.51990
     -4.93000      0.81495      0.30799      0.50696
     -4.92000      0.87763      0.32943      0.54821
     -4.91000      0.72606      0.27740      0.44866
     -4.90000      0.87807      0.33105      0.54702
     -4.89000      1.42275      0.52515      0.89761
     -4.88000      1.70513      0.62797      1.07716
     -4.87000      1.65637      0.61994      1.03643
     -4.86000      1.30878      0.49449      0.81429
     -4.85000      0.87880      0.32666      0.55213
     -4.84000      0.75838      0.27645      0.48194
     -4.83000      0.83845      0.30726      0.53119
     -4.82000      1.00192      0.37188      0.63004
     -4.81000      1.07500      0.39890      0.67609
     -4.80000      1.07780      0.40029      0.67751
     -4.79000      1.25759      0.46887      0.78873
     -4.78000      1.40489      0.52590      0.87898
     -4.77000      1.18325      0.44435      0.73890
     -4.76000      1.04138      0.39182      0.64956
     -4.75000      1.34524      0.50667      0.83858
     -4.74000      1.77099      0.66056      1.11043
     -4.73000      1.95346      0.71931      1.23415
     -4.72000      1.86270      0.68448      1.17822
     -4.71000      1.45855      0.54017      0.91838
     -4.70000      1.14136      0.42755      0.71381
     -4.69000      1.26819      0.47321      0.79498
     -4.68000      1.34357      0.49479      0.84878
     -4.67000      1.22242      0.44691      0.77551
     -4.66000      1.03533      0.38328      0.65205
     -4.65000      1.03362      0.38890      0.64472
     -4.64000      1.19468      0.44311      0.75157
     -4.63000      1.22240      0.45036      0.77204
     -4.62000      1.23000      0.45834      0.77166
     -4.61000      1.32592      0.49954      0.82638
     -4.60000      1.35250      0.51238      0.84012
     -4.59000      1.15295      0.43234      0.72061
     -4.58000      0.96468      0.35903      0.60564
     -4.57000      0.99199      0.37330      0.61869
     -4.56000      0.99890      0.37554      0.62336
     -4.55000      0.75326      0.27747      0.47579
     -4.54000      0.83623      0.29613      0.54010
     -4.53000      1.27361      0.45189      0.82171
     -4.52000      1.37350      0.49668      0.87682
     -4.51000      1.08669      0.40336      0.68334
     -4.50000      0.73224      0.27589      0.45635
     -4.49000      0.65882      0.24648      0.41234
     -4.48000      0.94237      0.34918      0.59319
     -4.47000      1.15379      0.42795      0.72584
     -4.46000      1.23031      0.46107      0.76924
     -4.45000      1.17434      0.43983      0.73451
     -4.44000      0.97493      0.36116      0.61378
     -4.43000      1.04171      0.38336      0.65835
     -4.42000      1.12521      0.41176      0.71345
     -4.41000      0.83028      0.30462      0.52566
     -4.40000      0.42728      0.15727      0.27002
     -4.39000      0.39236      0.14143      0.25093
     -4.38000      0.75215      0.27324      0.47891
     -4.37000      1.06213      0.39243      0.66970
     -4.36000      1.14928      0.43267      0.71661
     -4.35000      1.18116      0.44311      0.73805
     -4.34000      1.14723      0.41684      0.73039
     -4.33000      0.89715      0.31785      0.57930
     -4.32000      0.86685      0.30888      0.55798
     -4.31000      1.17054      0.42620      0.74434
     -4.30000      1.18634      0.43924      0.74710
     -4.29000      0.79213      0.29207      0.50006
     -4.28000      0.53451      0.19453      0.33998
     -4.27000      0.70307      0.26291      0.44016
     -4.26000      0.99181      0.37614      0.61567
     -4.25000      1.00394      0.38268      0.62126
     -4.24000      1.02659      0.38565      0.64094
     -4.23000      1.14039      0.41690      0.72349
     -4.22000      1.02807      0.37088      0.65719
     -4.21000      0.62228      0.22491      0.39737
     -4.20000      0.48536      0.17260      0.31276
     -4.19000      0.75031      0.26561      0.48469
     -4.18000      0.93701      0.33871      0.59829
     -4.17000      0.88532      0.32979      0.55552
     -4.16000      0.73444      0.28169      0.45275
     -4.15000      0.65302      0.24715      0.40587
     -4.14000      0.62906      0.22553      0.40353
     -4.13000      0.76847      0.27071      0.49776
     -4.12000      1.04187      0.37066      0.67121
     -4.11000      1.06866      0.38064      0.68801
     -4.10000      0.94296      0.33518      0.60778
     -4.09000      0.86596      0.31279      0.55317
     -4.08000      0.88349      0.33008      0.55341
     -4.07000      0.93005      0.34791      0.58214
     -4.06000      0.76218      0.27824      0.48394
     -4.05000      0.70511      0.25148      0.45364
     -4.04000      0.78635      0.28308      0.50327
     -4.03000      0.83622      0.30975      0.52646
     -4.02000      0.99264      0.36768      0.62497
     -4.01000      1.02568      0.38035      0.64533
     -4.00000      0.79154      0.29537      0.49617
     -3.99000      0.63861      0.22860      0.41001
     -3.98000      0.72188      0.25249      0.46939
     -3.97000      0.70770      0.24890      0.45880
     -3.96000      0.61946      0.22172      0.39774
     -3.95000      0.73777      0.27089      0.46688
     -3.94000      0.81723      0.29998      0.51725
     -3.93000      0.63732      0.23073      0.40659
     -3.92000      0.50373      0.18457      0.31916
     -3.91000      0.63277      0.23836      0.39441
     -3.90000      0.82865      0.30319      0.52546
     -3.89000      1.08027      0.38174      0.69853
     -3.88000      1.14897      0.40700      0.74198
     -3.87000      1.03109      0.37361      0.65748
     -3.86000      1.08294      0.39808      0.68486
     -3.85000      1.03048      0.37314      0.65733
     -3.84000      0.74120      0.26159      0.47961
     -3.83000      0.55781      0.19616      0.36166
     -3.82000      0.60910      0.22096      0.38814
     -3.81000      0.66953      0.24686      0.42266
     -3.80000      0.68704      0.24922      0.43782
     -3.79000      0.68378      0.24395      0.43982
     -3.78000      0.77268      0.27352      0.49916
     -3.77000      0.85088      0.30090      0.54998
     -3.76000      0.73651      0.26407      0.47243
     -3.75000      0.65624      0.23808      0.41816
     -3.74000      0.57299      0.20783      0.36516
     -3.73000      0.53318      0.19779      0.33539
     -3.72000      0.71842      0.26602      0.45240
     -3.71000      0.90484      0.32605      0.57879
     -3.70000      0.85895      0.30420      0.55475
     -3.69000      0.81254      0.28711      0.52543
     -3.68000      0.82646      0.29872      0.52774
     -3.67000      0.81768      0.29862      0.51906
     -3.66000      0.80149      0.28366      0.51782
     -3.65000      0.65244      0.22021      0.43223
     -3.64000      0.47865      0.15679      0.32186
     -3.63000      0.48479      0.16289      0.32190
     -3.62000      0.63211      0.21612      0.41600
     -3.61000      0.81128      0.28282      0.52846
     -3.60000      0.93386      0.34252      0.59134
     -3.59000      0.95574      0.35867      0.59708
     -3.58000      0.94739      0.35029      0.59710
     -3.57000      0.85910      0.31583      0.54327
     -3.56000      0.73706      0.26793      0.46913
     -3.55000      0.70260      0.24993      0.45267
     -3.54000      0.71763      0.25738      0.46025
     -3.53000      0.68971      0.24389      0.44583
     -3.52000      0.72148      0.24629      0.47519
     -3.51000      0.80195      0.27460      0.52735
     -3.50000      0.76122      0.26751      0.49371
     -3.49000      0.79085      0.28403      0.50682
     -3.48000      0.79122      0.28590      0.50531
     -3.47000      0.72869      0.26197      0.46673
     -3.46000      0.55113      0.20108      0.35005
     -3.45000      0.41339      0.15539      0.25800
     -3.44000      0.36190      0.13275      0.22915
     -3.43000      0.35736      0.12001      0.23736
     -3.42000      0.50813      0.16542      0.34271
     -3.41000      0.79709      0.26543      0.53166
     -3.40000      1.06473      0.36465      0.70008
     -3.39000      1.01964      0.35883      0.66081
     -3.38000      0.77177      0.27128      0.50049
     -3.37000      0.61089      0.21244      0.39845
     -3.36000      0.64764      0.23067      0.41697
     -3.35000      0.75741      0.27157      0.48585
     -3.34000      0.69639      0.24868      0.44771
     -3.33000      0.79154      0.27853      0.51300
     -3.32000      0.93096      0.32818      0.60278
     -3.31000      0.79532      0.28406      0.51126
     -3.30000      0.76978      0.27702      0.49276
     -3.29000      0.70913      0.25501      0.45412
     -3.28000      0.55235      0.19357      0.35878
     -3.27000      0.66929      0.22597      0.44333
     -3.26000      0.78063      0.26199      0.51864
     -3.25000      0.57990      0.19717      0.38273
     -3.24000      0.44337      0.15310      0.29026
     -3.23000      0.66453      0.23014      0.43439
     -3.22000      0.75451      0.26492      0.48960
     -3.21000      0.69150      0.25408      0.43742
     -3.20000      0.80006      0.29716      0.50291
     -3.19000      0.78366      0.27817      0.50549
     -3.18000      0.59097      0.19901      0.39196
     -3.17000      0.40791      0.14099      0.26693
     -3.16000      0.32103      0.11889      0.20214
     -3.15000      0.28297      0.10069      0.18228
     -3.14000      0.42714      0.13773      0.28941
     -3.13000      0.81452      0.26316      0.55135
     -3.12000      1.15251      0.38291      0.76960
     -3.11000      1.25777      0.42888      0.82889
     -3.10000      1.22413      0.43095      0.79318
     -3.09000      1.09799      0.39704      0.70094
     -3.08000      0.80104      0.28865      0.51238
     -3.07000      0.55196      0.19041      0.36154
     -3.06000      0.44265      0.15011      0.29254
     -3.05000      0.35982      0.12348      0.23634
     -3.04000      0.31608      0.10303      0.21305
     -3.03000      0.34263      0.10691      0.23572
     -3.02000      0.46880      0.15386      0.31494
     -3.01000      0.75442      0.26074      0.49368
     -3.00000      0.92444      0.32211      0.60232
     -2.99000      0.76292      0.26633      0.49659
     -2.98000      0.60219      0.20959      0.39260
     -2.97000      0.62176      0.21200      0.40976
     -2.96000      0.68125      0.22972      0.45152
     -2.95000      0.60936      0.20496      0.40440
     -2.94000      0.46321      0.15386      0.30935
     -2.93000      0.43564      0.14585      0.28978
     -2.92000      0.56034      0.19006      0.37028
     -2.91000      0.66378      0.23509      0.42870
     -2.90000      0.91708      0.33838      0.57870
     -2.89000      1.21153      0.44099      0.77054
     -2.88000      1.02182      0.35615      0.66567
     -2.87000      0.72129      0.23862      0.48267
     -2.86000      0.61708      0.19738      0.41970
     -2.85000      0.48737      0.15308      0.33429
     -2.84000      0.40939      0.13245      0.27694
     -2.83000      0.45358      0.14929      0.30428
     -2.82000      0.60920      0.19429      0.41492
     -2.81000      0.81000      0.25903      0.55097
     -2.80000      0.85704      0.28389      0.57315
     -2.79000      0.86035      0.29653      0.56382
     -2.78000      0.64072      0.22450      0.41622
     -2.77000      0.51220      0.17463      0.33756
     -2.76000      0.54605      0.18396      0.36210
     -2.75000      0.38691      0.13265      0.25426
     -2.74000      0.35445      0.11946      0.23498
     -2.73000      0.52314      0.17192      0.35122
     -2.72000      0.69735      0.22958      0.46777
     -2.71000      0.81515      0.26879      0.54636
     -2.70000      0.92851      0.31174      0.61678
     -2.69000      1.02987      0.35559      0.67428
     -2.68000      0.78425      0.27566      0.50858
     -2.67000      0.49361      0.17676      0.31685
     -2.66000      0.43007      0.14610      0.28396
     -2.65000      0.45738      0.14052      0.31686
     -2.64000      0.50097      0.15413      0.34684
     -2.63000      0.58963      0.20053      0.38911
     -2.62000      0.67420      0.24239      0.43181
     -2.61000      0.69339      0.24190      0.45149
     -2.60000      0.64010      0.21885      0.42125
     -2.59000      0.60949      0.20838      0.40111
     -2.58000      0.75019      0.24160      0.50859
     -2.57000      0.83950      0.25534      0.58416
     -2.56000      0.73132      0.21907      0.51225
     -2.55000      0.57569      0.17928      0.39641
     -2.54000      0.44862      0.14699      0.30163
     -2.53000      0.44024      0.14939      0.29085
     -2.52000      0.58904      0.20427      0.38476
     -2.51000      0.89424      0.30671      0.58752
     -2.50000      1.07826      0.36151      0.71675
     -2.49000      0.95059      0.31014      0.64045
     -2.48000      0.68345      0.22104      0.46241
     -2.47000      0.47963      0.16020      0.31943
     -2.46000      0.38604      0.12758      0.25846
     -2.45000      0.39521      0.12355      0.27166
     -2.44000      0.46849      0.14883      0.31967
     -2.43000      0.54365      0.17327      0.37038
     -2.42000      0.67158      0.21399      0.45759
     -2.41000      0.79201      0.26160      0.53041
     -2.40000      0.69537      0.23110      0.46427
     -2.39000      0.59966      0.18809      0.41157
     -2.38000      0.63872      0.19889      0.43983
     -2.37000      0.54059      0.18163      0.35896
     -2.36000      0.39080      0.14127      0.24953
     -2.35000      0.50723      0.17975      0.32749
     -2.34000      0.80137      0.26912      0.53224
     -2.33000      0.98602      0.32718      0.65884
     -2.32000      0.81207      0.27288      0.53919
     -2.31000      0.46838      0.15645      0.31194
     -2.30000      0.37162      0.11178      0.25984
     -2.29000      0.57908      0.16349      0.41559
     -2.28000      0.68934      0.19927      0.49007
     -2.27000      0.71384      0.21759      0.49625
     -2.26000      0.79481      0.24941      0.54540
     -2.25000      0.91168      0.29210      0.61958
     -2.24000      0.81384      0.26321      0.55062
     -2.23000      0.51027      0.16405      0.34623
     -2.22000      0.32243      0.10344      0.21899
     -2.21000      0.35501      0.11664      0.23837
     -2.20000      0.55205      0.18190      0.37015
     -2.19000      0.81592      0.26591      0.55001
     -2.18000      0.93674      0.29734      0.63941
     -2.17000      0.75436      0.23594      0.51842
     -2.16000      0.59105      0.19029      0.40075
     -2.15000      0.59058      0.19094      0.39964
     -2.14000      0.64952      0.20090      0.44861
     -2.13000      0.64818      0.20102      0.44716
     -2.12000      0.59461      0.18925      0.40536
     -2.11000      0.59356      0.18452      0.40904
     -2.10000      0.50412      0.15442      0.34970
     -2.09000      0.53284      0.16959      0.36325
     -2.08000      0.71101      0.22412      0.48689
     -2.07000      0.74743      0.23025      0.51718
     -2.06000      0.56704      0.18347      0.38358
     -2.05000      0.42349      0.14955      0.27393
     -2.04000      0.36799      0.12636      0.24163
     -2.03000      0.51802      0.16004      0.35797
     -2.02000      0.67313      0.20186      0.47127
     -2.01000      0.55849      0.16463      0.39386
     -2.00000      0.63654      0.19095      0.44559
     -1.99000      0.92670      0.28100      0.64570
     -1.98000      0.96099      0.28694      0.67405
     -1.97000      0.82478      0.25203      0.57275
     -1.96000      0.79924      0.25218      0.54706
     -1.95000      0.81338      0.25132      0.56206
     -1.94000      0.71769      0.21260      0.50509
     -1.93000      0.50578      0.14552      0.36026
     -1.92000      0.43833      0.13557      0.30276
     -1.91000      0.46274      0.15426      0.30849
     -1.90000      0.44169      0.14407      0.29762
     -1.89000      0.48239      0.14578      0.33662
     -1.88000      0.67218      0.19759      0.47459
     -1.87000      0.88108      0.26486      0.61622
     -1.86000      0.78979      0.24051      0.54928
     -1.85000      0.65743      0.19891      0.45851
     -1.84000      0.69284      0.20581      0.48703
     -1.83000      0.66547      0.19595      0.46952
     -1.82000      0.55148      0.16874      0.38274
     -1.81000      0.58887      0.18084      0.40803
     -1.80000      0.59042      0.17600      0.41442
     -1.79000      0.52487      0.15855      0.36632
     -1.78000      0.51599      0.14886      0.36713
     -1.77000      0.50040      0.13223      0.36817
     -1.76000      0.32674      0.08339      0.24335
     -1.75000      0.11356      0.02873      0.08483
     -1.74000      0.12321      0.03076      0.09245
     -1.73000      0.33232      0.08289      0.24943
     -1.72000      0.50552      0.12624      0.37928
     -1.71000      0.55824      0.13982      0.41842
     -1.70000      0.61004      0.15311      0.45693
     -1.69000      0.67137      0.16790      0.50346
     -1.68000      0.60005      0.14952      0.45052
     -1.67000      0.43832      0.10900      0.32932
     -1.66000      0.47333      0.11704      0.35628
     -1.65000      0.54834      0.13507      0.41326
     -1.64000      0.44636      0.10981      0.33655
     -1.63000      0.27399      0.06741      0.20657
     -1.62000      0.19447      0.04782      0.14664
     -1.61000      0.21433      0.05232      0.16201
     -1.60000      0.38784      0.09386      0.29397
     -1.59000      0.55211      0.13316      0.41896
     -1.58000      0.52442      0.12623      0.39818
     -1.57000      0.43064      0.10384      0.32681
     -1.56000      0.40839      0.09875      0.30964
     -1.55000      0.50210      0.12106      0.38104
     -1.54000      0.49290      0.11848      0.37443
     -1.53000      0.34699      0.08310      0.26389
     -1.52000      0.33395      0.07946      0.25448
     -1.51000      0.48101      0.11399      0.36701
     -1.50000      0.45567      0.10748      0.34819
     -1.49000      0.31412      0.07381      0.24030
     -1.48000      0.31380      0.07373      0.24006
     -1.47000      0.33811      0.07907      0.25904
     -1.46000      0.33812      0.07830      0.25982
     -1.45000      0.36004      0.08303      0.27701
     -1.44000      0.32508      0.07509      0.25000
     -1.43000      0.40698      0.09430      0.31268
     -1.42000      0.69255      0.16077      0.53177
     -1.41000      0.82875      0.19254      0.63621
     -1.40000      0.69773      0.16164      0.53609
     -1.39000      0.58161      0.13402      0.44759
     -1.38000      0.57947      0.13283      0.44663
     -1.37000      0.48001      0.10979      0.37021
     -1.36000      0.38035      0.08648      0.29387
     -1.35000      0.47822      0.10738      0.37084
     -1.34000      0.57394      0.12811      0.44582
     -1.33000      0.53159      0.11850      0.41310
     -1.32000      0.45034      0.10027      0.35007
     -1.31000      0.40399      0.08944      0.31455
     -1.30000      0.38440      0.08465      0.29975
     -1.29000      0.34126      0.07532      0.26594
     -1.28000      0.46624      0.10313      0.36311
     -1.27000      0.68537      0.15100      0.53437
     -1.26000      0.69105      0.15142      0.53963
     -1.25000      0.59573      0.12961      0.46612
     -1.24000      0.54118      0.11675      0.42443
     -1.23000      0.50302      0.10820      0.39482
     -1.22000      0.38024      0.08146      0.29878
     -1.21000      0.45663      0.09686      0.35977
     -1.20000      0.55250      0.11657      0.43594
     -1.19000      0.42277      0.08876      0.33401
     -1.18000      0.32979      0.06909      0.26069
     -1.17000      0.38078      0.07921      0.30156
     -1.16000      0.47079      0.09714      0.37365
     -1.15000      0.66920      0.13903      0.53017
     -1.14000      0.99778      0.20960      0.78818
     -1.13000      1.02650      0.21621      0.81029
     -1.12000      0.86683      0.18115      0.68567
     -1.11000      0.80587      0.16632      0.63955
     -1.10000      0.80134      0.16342      0.63792
     -1.09000      0.75898      0.15339      0.60559
     -1.08000      0.73602      0.14770      0.58832
     -1.07000      0.69820      0.13915      0.55904
     -1.06000      0.70266      0.13872      0.56394
     -1.05000      0.75919      0.14850      0.61069
     -1.04000      0.79899      0.15495      0.64404
     -1.03000      0.89018      0.17120      0.71898
     -1.02000      1.10280      0.21126      0.89154
     -1.01000      1.23952      0.23892      1.00060
     -1.00000      0.95977      0.18751      0.77226
     -0.99000      0.65089      0.12778      0.52311
     -0.98000      0.59884      0.11591      0.48292
     -0.97000      0.70703      0.13474      0.57229
     -0.96000      0.72755      0.13732      0.59023
     -0.95000      0.48936      0.09151      0.39785
     -0.94000      0.28681      0.05282      0.23399
     -0.93000      0.23617      0.04304      0.19312
     -0.92000      0.25361      0.04607      0.20753
     -0.91000      0.32710      0.05937      0.26774
     -0.90000      0.53794      0.09825      0.43969
     -0.89000      1.11351      0.20703      0.90648
     -0.88000      1.85974      0.35002      1.50972
     -0.87000      1.63633      0.30860      1.32773
     -0.86000      0.71416      0.13322      0.58095
     -0.85000      0.27841      0.05010      0.22831
     -0.84000      0.17546      0.03085      0.14461
     -0.83000      0.20441      0.03565      0.16876
     -0.82000      0.26374      0.04601      0.21773
     -0.81000      0.25881      0.04509      0.21372
     -0.80000      0.29740      0.05171      0.24569
     -0.79000      0.33303      0.05810      0.27492
     -0.78000      0.41897      0.07347      0.34550
     -0.77000      0.63312      0.11178      0.52134
     -0.76000      0.78587      0.13896      0.64691
     -0.75000      0.64649      0.11306      0.53342
     -0.74000      0.34328      0.05889      0.28438
     -0.73000      0.22230      0.03748      0.18482
     -0.72000      0.23681      0.03966      0.19715
     -0.71000      0.29338      0.04890      0.24448
     -0.70000      0.35579      0.05914      0.29665
     -0.69000      0.43577      0.07230      0.36348
     -0.68000      0.48592      0.08061      0.40531
     -0.67000      0.56806      0.09430      0.47376
     -0.66000      0.70667      0.11794      0.58873
     -0.65000      0.84494      0.14181      0.70313
     -0.64000      0.80641      0.13448      0.67194
     -0.63000      0.49752      0.08141      0.41611
     -0.62000      0.19693      0.03150      0.16542
     -0.61000      0.11984      0.01881      0.10104
     -0.60000      0.24090      0.03761      0.20329
     -0.59000      0.28806      0.04478      0.24328
     -0.58000      0.28854      0.04443      0.24411
     -0.57000      0.40538      0.06227      0.34311
     -0.56000      0.39207      0.06043      0.33164
     -0.55000      0.35502      0.05503      0.29999
     -0.54000      0.43985      0.06799      0.37186
     -0.53000      0.41056      0.06288      0.34768
     -0.52000      0.29749      0.04469      0.25280
     -0.51000      0.25444      0.03759      0.21685
     -0.50000      0.29709      0.04344      0.25365
     -0.49000      0.35617      0.05183      0.30434
     -0.48000      0.37659      0.05450      0.32209
     -0.47000      0.38391      0.05544      0.32848
     -0.46000      0.36607      0.05302      0.31305
     -0.45000      0.47278      0.06821      0.40456
     -0.44000      0.68517      0.09791      0.58726
     -0.43000      0.60951      0.08645      0.52306
     -0.42000      0.24590      0.03467      0.21123
     -0.41000      0.08439      0.01155      0.07284
     -0.40000      0.18304      0.02455      0.15849
     -0.39000      0.30192      0.04044      0.26149
     -0.38000      0.30140      0.03999      0.26141
     -0.37000      0.33447      0.04394      0.29052
     -0.36000      0.37699      0.04961      0.32738
     -0.35000      0.32734      0.04312      0.28422
     -0.34000      0.28635      0.03731      0.24905
     -0.33000      0.25683      0.03282      0.22401
     -0.32000      0.22551      0.02834      0.19717
     -0.31000      0.24207      0.03012      0.21195
     -0.30000      0.30921      0.03807      0.27115
     -0.29000      0.39498      0.04823      0.34675
     -0.28000      0.47000      0.05696      0.41304
     -0.27000      0.50146      0.06056      0.44090
     -0.26000      0.35392      0.04268      0.31124
     -0.25000      0.21275      0.02510      0.18765
     -0.24000      0.26628      0.03055      0.23572
     -0.23000      0.24378      0.02784      0.21594
     -0.22000      0.13253      0.01495      0.11758
     -0.21000      0.21019      0.02323      0.18697
     -0.20000      0.34903      0.03836      0.31067
     -0.19000      0.35272      0.03831      0.31440
     -0.18000      0.32162      0.03439      0.28724
     -0.17000      0.24329      0.02574      0.21755
     -0.16000      0.19997      0.02080      0.17917
     -0.15000      0.28234      0.02888      0.25345
     -0.14000      0.38458      0.03894      0.34564
     -0.13000      0.36418      0.03652      0.32766
     -0.12000      0.26729      0.02635      0.24094
     -0.11000      0.21775      0.02097      0.19678
     -0.10000      0.22473      0.02124      0.20349
     -0.09000      0.24711      0.02303      0.22408
     -0.08000      0.25289      0.02324      0.22966
     -0.07000      0.22445      0.02024      0.20421
     -0.06000      0.26089      0.02295      0.23795
     -0.05000      0.34397      0.02982      0.31415
     -0.04000      0.29977      0.02572      0.27404
     -0.03000      0.19925      0.01671      0.18254
     -0.02000      0.21173      0.01724      0.19448
     -0.01000      0.22402      0.01801      0.20602
      0.00000      0.13707      0.01094      0.12612
      0.01000      0.03882      0.00309      0.03573
      0.02000      0.00442      0.00035      0.00407
      0.03000      0.00019      0.00002      0.00018
      0.04000      0.00000      0.00000      0.00000
      0.05000      0.00000      0.00000      0.00000
      0.06000      0.00000      0.00000      0.00000
      0.07000      0.00000      0.00000      0.00000
      0.08000      0.00000      0.00000      0.00000
      0.09000      0.00000      0.00000      0.00000
      0.10000      0.00000      0.00000      0.00000
      0.11000      0.00000      0.00000      0.00000
      0.12000      0.00000      0.00000      0.00000
      0.13000      0.00000      0.00000      0.00000
      0.14000      0.00000      0.00000      0.00000
      0.15000      0.00000      0.00000      0.00000
      0.16000      0.00000      0.00000      0.00000
      0.17000      0.00000      0.00000      0.00000
      0.18000      0.00000      0.00000      0.00000
      0.19000      0.00000      0.00000      0.00000
      0.20000      0.00000      0.00000      0.00000
      0.21000      0.00000      0.00000      0.00000
      0.22000      0.00000      0.00000      0.00000
      0.23000      0.00000      0.00000      0.00000
      0.24000      0.00000      0.00000      0.00000
      0.25000      0.00000      0.00000      0.00000
      0.26000      0.00000      0.00000      0.00000
      0.27000      0.00000      0.00000      0.00000
      0.28000      0.00000      0.00000      0.00000
      0.29000      0.00000      0.00000      0.00000
      0.30000      0.00000      0.00000      0.00000
      0.31000      0.00000      0.00000      0.00000
      0.32000      0.00000      0.00000      0.00000
      0.33000      0.00000      0.00000      0.00000
      0.34000      0.00000      0.00000      0.00000
      0.35000      0.00000      0.00000      0.00000
      0.36000      0.00000      0.00000      0.00000
      0.37000      0.00000      0.00000      0.00000
      0.38000      0.00000      0.00000      0.00000
      0.39000      0.00000      0.00000      0.00000
      0.40000      0.00000      0.00000      0.00000
      0.41000      0.00000      0.00000      0.00000
      0.42000      0.00000      0.00000      0.00000
      0.43000      0.00000      0.00000      0.00000
      0.44000      0.00000      0.00000      0.00000
      0.45000      0.00000      0.00000      0.00000
      0.46000      0.00000      0.00000      0.00000
      0.47000      0.00000      0.00000      0.00000
      0.48000      0.00000      0.00000      0.00000
      0.49000      0.00000      0.00000      0.00000
      0.50000      0.00000      0.00000      0.00000
      0.51000      0.00000      0.00000      0.00000
      0.52000      0.00000      0.00000      0.00000
      0.53000      0.00000      0.00000      0.00000
      0.54000      0.00000      0.00000      0.00000
      0.55000      0.00000      0.00000      0.00000
      0.56000      0.00000      0.00000      0.00000
      0.57000      0.00000      0.00000      0.00000
      0.58000      0.00000      0.00000      0.00000
      0.59000      0.00000      0.00000      0.00000
      0.60000      0.00000      0.00000      0.00000
      0.61000      0.00000      0.00000      0.00000
      0.62000      0.00000      0.00000      0.00000
      0.63000      0.00000      0.00000      0.00000
      0.64000      0.00000      0.00000      0.00000
      0.65000      0.00000      0.00000      0.00000
      0.66000      0.00000      0.00000      0.00000
      0.67000      0.00000      0.00000      0.00000
      0.68000      0.00000      0.00000      0.00000
      0.69000      0.00000      0.00000      0.00000
      0.70000      0.00000      0.00000      0.00000
      0.71000      0.00000      0.00000      0.00000
      0.72000      0.00000      0.00000      0.00000
      0.73000      0.00000      0.00000      0.00000
      0.74000      0.00000      0.00000      0.00000
      0.75000      0.00000      0.00000      0.00000
      0.76000      0.00000      0.00000      0.00000
      0.77000      0.00000      0.00000      0.00000
      0.78000      0.00000      0.00000      0.00000
      0.79000      0.00000      0.00000      0.00000
      0.80000      0.00000      0.00000      0.00000
      0.81000      0.00000      0.00000      0.00000
      0.82000      0.00000      0.00000      0.00000
      0.83000      0.00000      0.00000      0.00000
      0.84000      0.00000      0.00000      0.00000
      0.85000      0.00000      0.00000      0.00000
      0.86000      0.00000      0.00000      0.00000
      0.87000      0.00000      0.00000      0.00000
      0.88000      0.00000      0.00000      0.00000
      0.89000      0.00000      0.00000      0.00000
      0.90000      0.00000      0.00000      0.00000
      0.91000      0.00000      0.00000      0.00000
      0.92000      0.00000      0.00000      0.00000
      0.93000      0.00000      0.00000      0.00000
      0.94000      0.00000      0.00000      0.00000
      0.95000      0.00000      0.00000      0.00000
      0.96000      0.00000      0.00000      0.00000
      0.97000      0.00000      0.00000      0.00000
      0.98000      0.00000      0.00000      0.00000
      0.99000      0.00000      0.00000      0.00000
      1.00000      0.00000      0.00000      0.00000
      1.01000      0.00000      0.00000      0.00000
      1.02000      0.00000      0.00000      0.00000
      1.03000      0.00000      0.00000      0.00000
      1.04000      0.00000      0.00000      0.00000
      1.05000      0.00000      0.00000      0.00000
      1.06000      0.00000      0.00000      0.00000
      1.07000      0.00000      0.00000      0.00000
      1.08000      0.00000      0.00000      0.00000
      1.09000      0.00000      0.00000      0.00000
      1.10000      0.00000      0.00000      0.00000
      1.11000      0.00000      0.00000      0.00000
      1.12000      0.00000      0.00000      0.00000
      1.13000      0.00000      0.00000      0.00000
      1.14000      0.00000      0.00000      0.00000
      1.15000      0.00000      0.00000      0.00000
      1.16000      0.00000      0.00000      0.00000
      1.17000      0.00000      0.00000      0.00000
      1.18000      0.00000      0.00000      0.00000
      1.19000      0.00000      0.00000      0.00000
      1.20000      0.00000      0.00000      0.00000
      1.21000      0.00000      0.00000      0.00000
      1.22000      0.00000      0.00000      0.00000
      1.23000      0.00000      0.00000      0.00000
      1.24000      0.00000      0.00000      0.00000
      1.25000      0.00000      0.00000      0.00000
      1.26000      0.00000      0.00000      0.00000
      1.27000      0.00000      0.00000      0.00000
      1.28000      0.00000      0.00000      0.00000
      1.29000      0.00000      0.00000      0.00000
      1.30000      0.00000      0.00000      0.00000
      1.31000      0.00000      0.00000      0.00000
      1.32000      0.00000      0.00000      0.00000
      1.33000      0.00000      0.00000      0.00000
      1.34000      0.00000      0.00000      0.00000
      1.35000      0.00000      0.00000      0.00000
      1.36000      0.00000      0.00000      0.00000
      1.37000      0.00000      0.00000      0.00000
      1.38000      0.00000      0.00000      0.00000
      1.39000      0.00000      0.00000      0.00000
      1.40000      0.00000      0.00000      0.00000
      1.41000      0.00000      0.00000      0.00000
      1.42000      0.00000      0.00000      0.00000
      1.43000      0.00000      0.00000      0.00000
      1.44000      0.00000      0.00000      0.00000
      1.45000      0.00000      0.00000      0.00000
      1.46000      0.00000      0.00000      0.00000
      1.47000      0.00000      0.00000      0.00000
      1.48000      0.00000      0.00000      0.00000
      1.49000      0.00000      0.00000      0.00000
      1.50000      0.00000      0.00000      0.00000
      1.51000      0.00000      0.00000      0.00000
      1.52000      0.00000      0.00000      0.00000
      1.53000      0.00000      0.00000      0.00000
      1.54000      0.00000      0.00000      0.00000
      1.55000      0.00000      0.00000      0.00000
      1.56000      0.00000      0.00000      0.00000
      1.57000      0.00000      0.00000      0.00000
      1.58000      0.00000      0.00000      0.00000
      1.59000      0.00000      0.00000      0.00000
      1.60000      0.00000      0.00000      0.00000
      1.61000      0.00000      0.00000      0.00000
      1.62000      0.00000      0.00000      0.00000
      1.63000      0.00000      0.00000      0.00000
      1.64000      0.00000      0.00000      0.00000
      1.65000      0.00000      0.00000      0.00000
      1.66000      0.00000      0.00000      0.00000
      1.67000      0.00000      0.00000      0.00000
      1.68000      0.00000      0.00000      0.00000
      1.69000      0.00000      0.00000      0.00000
      1.70000      0.00000      0.00000      0.00000
      1.71000      0.00000      0.00000      0.00000
      1.72000      0.00000      0.00000      0.00000
      1.73000      0.00000      0.00000      0.00000
      1.74000      0.00000      0.00000      0.00000
      1.75000      0.00000      0.00000      0.00000
      1.76000      0.00000      0.00000      0.00000
      1.77000      0.00000      0.00000      0.00000
      1.78000      0.00000      0.00000      0.00000
      1.79000      0.00000      0.00000      0.00000
      1.80000      0.00000      0.00000      0.00000
      1.81000      0.00000      0.00000      0.00000
      1.82000      0.00000      0.00000      0.00000
      1.83000      0.00000      0.00000      0.00000
      1.84000      0.00000      0.00000      0.00000
      1.85000      0.00000      0.00000      0.00000
      1.86000      0.00000      0.00000      0.00000
      1.87000      0.00000      0.00000      0.00000
      1.88000      0.00000      0.00000      0.00000
      1.89000      0.00000      0.00000      0.00000
      1.90000      0.00000      0.00000      0.00000
      1.91000      0.00000      0.00000      0.00000
      1.92000      0.00000      0.00000      0.00000
      1.93000      0.00000      0.00000      0.00000
      1.94000      0.00000      0.00000      0.00000
      1.95000      0.00000      0.00000      0.00000
      1.96000      0.00000      0.00000      0.00000
      1.97000      0.00000      0.00000      0.00000
      1.98000      0.00000      0.00000      0.00000
      1.99000      0.00000      0.00000      0.00000
      2.00000      0.00000      0.00000      0.00000
      2.01000      0.00000      0.00000      0.00000
      2.02000      0.00000      0.00000      0.00000
      2.03000      0.00000      0.00000      0.00000
      2.04000      0.00000      0.00000      0.00000
      2.05000      0.00000      0.00000      0.00000
      2.06000      0.00000      0.00000      0.00000
      2.07000      0.00000      0.00000      0.00000
      2.08000      0.00000      0.00000      0.00000
      2.09000      0.00000      0.00000      0.00000
      2.10000      0.00000      0.00000      0.00000
      2.11000      0.00000      0.00000      0.00000
      2.12000      0.00000      0.00000      0.00000
      2.13000      0.00000      0.00000      0.00000
      2.14000      0.00000      0.00000      0.00000
      2.15000      0.00000      0.00000      0.00000
      2.16000      0.00000      0.00000      0.00000
      2.17000      0.00000      0.00000      0.00000
      2.18000      0.00000      0.00000      0.00000
      2.19000      0.00000      0.00000      0.00000
      2.20000      0.00000      0.00000      0.00000
      2.21000      0.00000      0.00000      0.00000
      2.22000      0.00000      0.00000      0.00000
      2.23000      0.00000      0.00000      0.00000
      2.24000      0.00000      0.00000      0.00000
      2.25000      0.00000      0.00000      0.00000
      2.26000      0.00000      0.00000      0.00000
      2.27000      0.00000      0.00000      0.00000
      2.28000      0.00000      0.00000      0.00000
      2.29000      0.00000      0.00000      0.00000
      2.30000      0.00000      0.00000      0.00000
      2.31000      0.00000      0.00000      0.00000
      2.32000      0.00000      0.00000      0.00000
      2.33000      0.00000      0.00000      0.00000
      2.34000      0.00000      0.00000      0.00000
      2.35000      0.00000      0.00000      0.00000
      2.36000      0.00000      0.00000      0.00000
      2.37000      0.00000      0.00000      0.00000
      2.38000      0.00000      0.00000      0.00000
      2.39000      0.00000      0.00000      0.00000
      2.40000      0.00000      0.00000      0.00000
      2.41000      0.00000      0.00000      0.00000
      2.42000      0.00000      0.00000      0.00000
      2.43000      0.00000      0.00000      0.00000
      2.44000      0.00000      0.00000      0.00000
      2.45000      0.00000      0.00000      0.00000
      2.46000      0.00000      0.00000      0.00000
      2.47000      0.00000      0.00000      0.00000
      2.48000      0.00000      0.00000      0.00000
      2.49000      0.00000      0.00000      0.00000
      2.50000      0.00000      0.00000      0.00000
      2.51000      0.00000      0.00000      0.00000
      2.52000      0.00000      0.00000      0.00000
      2.53000      0.00000      0.00000      0.00000
      2.54000      0.00000      0.00000      0.00000
      2.55000      0.00000      0.00000      0.00000
      2.56000      0.00000      0.00000      0.00000
      2.57000      0.00000      0.00000      0.00000
      2.58000      0.00000      0.00000      0.00000
      2.59000      0.00000      0.00000      0.00000
      2.60000      0.00000      0.00000      0.00000
      2.61000      0.00000      0.00000      0.00000
      2.62000      0.00000      0.00000      0.00000
      2.63000      0.00000      0.00000      0.00000
      2.64000      0.00000      0.00000      0.00000
      2.65000      0.00000      0.00000      0.00000
      2.66000      0.00000      0.00000      0.00000
      2.67000      0.00000      0.00000      0.00000
      2.68000      0.00000      0.00000      0.00000
      2.69000      0.00000      0.00000      0.00000
      2.70000      0.00000      0.00000      0.00000
      2.71000      0.00000      0.00000      0.00000
      2.72000      0.00000      0.00000      0.00000
      2.73000      0.00000      0.00000      0.00000
      2.74000      0.00000      0.00000      0.00000
      2.75000      0.00000      0.00000      0.00000
      2.76000      0.00000      0.00000      0.00000
      2.77000      0.00000      0.00000      0.00000
      2.78000      0.00000      0.00000      0.00000
      2.79000      0.00000      0.00000      0.00000
      2.80000      0.00000      0.00000      0.00000
      2.81000      0.00000      0.00000      0.00000
      2.82000      0.00000      0.00000      0.00000
      2.83000      0.00000      0.00000      0.00000
      2.84000      0.00000      0.00000      0.00000
      2.85000      0.00000      0.00000      0.00000
      2.86000      0.00000      0.00000      0.00000
      2.87000      0.00000      0.00000      0.00000
      2.88000      0.00000      0.00000      0.00000
      2.89000      0.00000      0.00000      0.00000
      2.90000      0.00000      0.00000      0.00000
      2.91000      0.00000      0.00000      0.00000
      2.92000      0.00000      0.00000      0.00000
      2.93000      0.00000      0.00000      0.00000
      2.94000      0.00000      0.00000      0.00000
      2.95000      0.00000      0.00000      0.00000
      2.96000      0.00000      0.00000      0.00000
      2.97000      0.00000      0.00000      0.00000
      2.98000      0.00000      0.00000      0.00000
      2.99000      0.00000      0.00000      0.00000
      3.00000      0.00000      0.00000      0.00000
      3.01000      0.00000      0.00000      0.00000
      3.02000      0.00000      0.00000      0.00000
      3.03000      0.00000      0.00000      0.00000
      3.04000      0.00000      0.00000      0.00000
      3.05000      0.00000      0.00000      0.00000
      3.06000      0.00000      0.00000      0.00000
      3.07000      0.00000      0.00000      0.00000
      3.08000      0.00000      0.00000      0.00000
      3.09000      0.00000      0.00000      0.00000
      3.10000      0.00000      0.00000      0.00000
      3.11000      0.00000      0.00000      0.00000
      3.12000      0.00000      0.00000      0.00000
      3.13000      0.00000      0.00000      0.00000
      3.14000      0.00000      0.00000      0.00000
      3.15000      0.00000      0.00000      0.00000
      3.16000      0.00000      0.00000      0.00000
      3.17000      0.00000      0.00000      0.00000
      3.18000      0.00000      0.00000      0.00000
      3.19000      0.00000      0.00000      0.00000
      3.20000      0.00000      0.00000      0.00000
      3.21000      0.00000      0.00000      0.00000
      3.22000      0.00000      0.00000      0.00000
      3.23000      0.00000      0.00000      0.00000
      3.24000      0.00000      0.00000      0.00000
      3.25000      0.00000      0.00000      0.00000
      3.26000      0.00000      0.00000      0.00000
      3.27000      0.00000      0.00000      0.00000
      3.28000      0.00000      0.00000      0.00000
      3.29000      0.00000      0.00000      0.00000
      3.30000      0.00000      0.00000      0.00000
      3.31000      0.00000      0.00000      0.00000
      3.32000      0.00000      0.00000      0.00000
      3.33000      0.00000      0.00000      0.00000
      3.34000      0.00000      0.00000      0.00000
      3.35000      0.00000      0.00000      0.00000
      3.36000      0.00000      0.00000      0.00000
      3.37000      0.00000      0.00000      0.00000
      3.38000      0.00000      0.00000      0.00000
      3.39000      0.00000      0.00000      0.00000
      3.40000      0.00000      0.00000      0.00000
      3.41000      0.00000      0.00000      0.00000
      3.42000      0.00000      0.00000      0.00000
      3.43000      0.00000      0.00000      0.00000
      3.44000      0.00000      0.00000      0.00000
      3.45000      0.00000      0.00000      0.00000
      3.46000      0.00000      0.00000      0.00000
      3.47000      0.00000      0.00000      0.00000
      3.48000      0.00000      0.00000      0.00000
      3.49000      0.00000      0.00000      0.00000
      3.50000      0.00000      0.00000      0.00000
      3.51000      0.00000      0.00000      0.00000
      3.52000      0.00000      0.00000      0.00000
      3.53000      0.00000      0.00000      0.00000
      3.54000      0.00000      0.00000      0.00000
      3.55000      0.00000      0.00000      0.00000
      3.56000      0.00000      0.00000      0.00000
      3.57000      0.00000      0.00000      0.00000
      3.58000      0.00000      0.00000      0.00000
      3.59000      0.00000      0.00000      0.00000
      3.60000      0.00000      0.00000      0.00000
      3.61000      0.00000      0.00000      0.00000
      3.62000      0.00000      0.00000      0.00000
      3.63000      0.00000      0.00000      0.00000
      3.64000      0.00000      0.00000      0.00000
      3.65000      0.00000      0.00000      0.00000
      3.66000      0.00000      0.00000      0.00000
      3.67000      0.00000      0.00000      0.00000
      3.68000      0.00000      0.00000      0.00000
      3.69000      0.00000      0.00000      0.00000
      3.70000      0.00000      0.00000      0.00000
      3.71000      0.00000      0.00000      0.00000
      3.72000      0.00000      0.00000      0.00000
      3.73000      0.00000      0.00000      0.00000
      3.74000      0.00000      0.00000      0.00000
      3.75000      0.00000      0.00000      0.00000
      3.76000      0.00000      0.00000      0.00000
      3.77000      0.00000      0.00000      0.00000
      3.78000      0.00000      0.00000      0.00000
      3.79000      0.00000      0.00000      0.00000
      3.80000      0.00000      0.00000      0.00000
      3.81000      0.00000      0.00000      0.00000
      3.82000      0.00000      0.00000      0.00000
      3.83000      0.00000      0.00000      0.00000
      3.84000      0.00000      0.00000      0.00000
      3.85000      0.00000      0.00000      0.00000
      3.86000      0.00000      0.00000      0.00000
      3.87000      0.00000      0.00000      0.00000
      3.88000      0.00000      0.00000      0.00000
      3.89000      0.00000      0.00000      0.00000
      3.90000      0.00000      0.00000      0.00000
      3.91000      0.00000      0.00000      0.00000
      3.92000      0.00000      0.00000      0.00000
      3.93000      0.00000      0.00000      0.00000
      3.94000      0.00000      0.00000      0.00000
      3.95000      0.00000      0.00000      0.00000
      3.96000      0.00000      0.00000      0.00000
      3.97000      0.00000      0.00000      0.00000
      3.98000      0.00000      0.00000      0.00000
      3.99000      0.00000      0.00000      0.00000
      4.00000      0.00000      0.00000      0.00000
      4.01000      0.00000      0.00000      0.00000
      4.02000      0.00000      0.00000      0.00000
      4.03000      0.00000      0.00000      0.00000
      4.04000      0.00000      0.00000      0.00000
      4.05000      0.00000      0.00000      0.00000
      4.06000      0.00000      0.00000      0.00000
      4.07000      0.00000      0.00000      0.00000
      4.08000      0.00000      0.00000      0.00000
      4.09000      0.00000      0.00000      0.00000
      4.10000      0.00000      0.00000      0.00000
      4.11000      0.00000      0.00000      0.00000
      4.12000      0.00000      0.00000      0.00000
      4.13000      0.00000      0.00000      0.00000
      4.14000      0.00000      0.00000      0.00000
      4.15000      0.00000      0.00000      0.00000
      4.16000      0.00000      0.00000      0.00000
      4.17000      0.00000      0.00000      0.00000
      4.18000      0.00000      0.00000      0.00000
      4.19000      0.00000      0.00000      0.00000
      4.20000      0.00000      0.00000      0.00000
      4.21000      0.00000      0.00000      0.00000
      4.22000      0.00000      0.00000      0.00000
      4.23000      0.00000      0.00000      0.00000
      4.24000      0.00000      0.00000      0.00000
      4.25000      0.00000      0.00000      0.00000
      4.26000      0.00000      0.00000      0.00000
      4.27000      0.00000      0.00000      0.00000
      4.28000      0.00000      0.00000      0.00000
      4.29000      0.00000      0.00000      0.00000
      4.30000      0.00000      0.00000      0.00000
      4.31000      0.00000      0.00000      0.00000
      4.32000      0.00000      0.00000      0.00000
      4.33000      0.00000      0.00000      0.00000
      4.34000      0.00000      0.00000      0.00000
      4.35000      0.00000      0.00000      0.00000
      4.36000      0.00000      0.00000      0.00000
      4.37000      0.00000      0.00000      0.00000
      4.38000      0.00000      0.00000      0.00000
      4.39000      0.00000      0.00000      0.00000
      4.40000      0.00000      0.00000      0.00000
      4.41000      0.00000      0.00000      0.00000
      4.42000      0.00000      0.00000      0.00000
      4.43000      0.00000      0.00000      0.00000
      4.44000      0.00000      0.00000      0.00000
      4.45000      0.00000      0.00000      0.00000
      4.46000      0.00000      0.00000      0.00000
      4.47000      0.00000      0.00000      0.00000
      4.48000      0.00000      0.00000      0.00000
      4.49000      0.00000      0.00000      0.00000
      4.50000      0.00000      0.00000      0.00000
      4.51000      0.00000      0.00000      0.00000
      4.52000      0.00000      0.00000      0.00000
      4.53000      0.00000      0.00000      0.00000
      4.54000      0.00000      0.00000      0.00000
      4.55000      0.00000      0.00000      0.00000
      4.56000      0.00000      0.00000      0.00000
      4.57000      0.00000      0.00000      0.00000
      4.58000      0.00000      0.00000      0.00000
      4.59000      0.00000      0.00000      0.00000
      4.60000      0.00000      0.00000      0.00000
      4.61000      0.00000      0.00000      0.00000
      4.62000      0.00000      0.00000      0.00000
      4.63000      0.00000      0.00000      0.00000
      4.64000      0.00000      0.00000      0.00000
      4.65000      0.00000      0.00000      0.00000
      4.66000      0.00000      0.00000      0.00000
      4.67000      0.00000      0.00000      0.00000
      4.68000      0.00000      0.00000      0.00000
      4.69000      0.00000      0.00000      0.00000
      4.70000      0.00000      0.00000      0.00000
      4.71000      0.00000      0.00000      0.00000
      4.72000      0.00000      0.00000      0.00000
      4.73000      0.00000      0.00000      0.00000
      4.74000      0.00000      0.00000      0.00000
      4.75000      0.00000      0.00000      0.00000
      4.76000      0.00000      0.00000      0.00000
      4.77000      0.00000      0.00000      0.00000
      4.78000      0.00000      0.00000      0.00000
      4.79000      0.00000      0.00000      0.00000
      4.80000      0.00000      0.00000      0.00000
      4.81000      0.00000      0.00000      0.00000
      4.82000      0.00000      0.00000      0.00000
      4.83000      0.00000      0.00000      0.00000
      4.84000      0.00000      0.00000      0.00000
      4.85000      0.00000      0.00000      0.00000
      4.86000      0.00000      0.00000      0.00000
      4.87000      0.00000      0.00000      0.00000
      4.88000      0.00000      0.00000      0.00000
      4.89000      0.00000      0.00000      0.00000
      4.90000      0.00000      0.00000      0.00000
      4.91000      0.00000      0.00000      0.00000
      4.92000      0.00000      0.00000      0.00000
      4.93000      0.00000      0.00000      0.00000
      4.94000      0.00000      0.00000      0.00000
      4.95000      0.00000      0.00000      0.00000
      4.96000      0.00000      0.00000      0.00000
      4.97000      0.00000      0.00000      0.00000
      4.98000      0.00000      0.00000      0.00000
      4.99000      0.00000      0.00000      0.00000
      5.00000      0.00000      0.00000      0.00000
      5.01000      0.00000      0.00000      0.00000
      5.02000      0.00000      0.00000      0.00000
      5.03000      0.00000      0.00000      0.00000
      5.04000      0.00000      0.00000      0.00000
      5.05000      0.00000      0.00000      0.00000
      5.06000      0.00000      0.00000      0.00000
      5.07000      0.00000      0.00000      0.00000
      5.08000      0.00000      0.00000      0.00000
      5.09000      0.00000      0.00000      0.00000
      5.10000      0.00000      0.00000      0.00000
      5.11000      0.00000      0.00000      0.00000
      5.12000      0.00000      0.00000      0.00000
      5.13000      0.00000      0.00000      0.00000
      5.14000      0.00000      0.00000      0.00000
      5.15000      0.00000      0.00000      0.00000
      5.16000      0.00000      0.00000      0.00000
      5.17000      0.00000      0.00000      0.00000
      5.18000      0.00000      0.00000      0.00000
      5.19000      0.00000      0.00000      0.00000
      5.20000      0.00000      0.00000      0.00000
      5.21000      0.00000      0.00000      0.00000
      5.22000      0.00000      0.00000      0.00000
      5.23000      0.00000      0.00000      0.00000
      5.24000      0.00000      0.00000      0.00000
      5.25000      0.00000      0.00000      0.00000
      5.26000      0.00000      0.00000      0.00000
      5.27000      0.00000      0.00000      0.00000
      5.28000      0.00000      0.00000      0.00000
      5.29000      0.00000      0.00000      0.00000
      5.30000      0.00000      0.00000      0.00000
      5.31000      0.00000      0.00000      0.00000
      5.32000      0.00000      0.00000      0.00000
      5.33000      0.00000      0.00000      0.00000
      5.34000      0.00000      0.00000      0.00000
      5.35000      0.00000      0.00000      0.00000
      5.36000      0.00000      0.00000      0.00000
      5.37000      0.00000      0.00000      0.00000
      5.38000      0.00000      0.00000      0.00000
      5.39000      0.00000      0.00000      0.00000
      5.40000      0.00000      0.00000      0.00000
      5.41000      0.00000      0.00000      0.00000
      5.42000      0.00000      0.00000      0.00000
      5.43000      0.00000      0.00000      0.00000
      5.44000      0.00000      0.00000      0.00000
      5.45000      0.00000      0.00000      0.00000
      5.46000      0.00000      0.00000      0.00000
      5.47000      0.00000      0.00000      0.00000
      5.48000      0.00000      0.00000      0.00000
      5.49000      0.00000      0.00000      0.00000
      5.50000      0.00000      0.00000      0.00000
      5.51000      0.00000      0.00000      0.00000
      5.52000      0.00000      0.00000      0.00000
      5.53000      0.00000      0.00000      0.00000
      5.54000      0.00000      0.00000      0.00000
      5.55000      0.00000      0.00000      0.00000
      5.56000      0.00000      0.00000      0.00000
      5.57000      0.00000      0.00000      0.00000
      5.58000      0.00000      0.00000      0.00000
      5.59000      0.00000      0.00000      0.00000
      5.60000      0.00000      0.00000      0.00000
      5.61000      0.00000      0.00000      0.00000
      5.62000      0.00000      0.00000      0.00000
      5.63000      0.00000      0.00000      0.00000
      5.64000      0.00000      0.00000      0.00000
      5.65000      0.00000      0.00000      0.00000
      5.66000      0.00000      0.00000      0.00000
      5.67000      0.00000      0.00000      0.00000
      5.68000      0.00000      0.00000      0.00000
      5.69000      0.00000      0.00000      0.00000
      5.70000      0.00000      0.00000      0.00000
      5.71000      0.00000      0.00000      0.00000
      5.72000      0.00000      0.00000      0.00000
      5.73000      0.00000      0.00000      0.00000
      5.74000      0.00000      0.00000      0.00000
      5.75000      0.00000      0.00000      0.00000
      5.76000      0.00000      0.00000      0.00000
      5.77000      0.00000      0.00000      0.00000
      5.78000      0.00000      0.00000      0.00000
      5.79000      0.00000      0.00000      0.00000
      5.80000      0.00000      0.00000      0.00000
      5.81000      0.00000      0.00000      0.00000
      5.82000      0.00000      0.00000      0.00000
      5.83000      0.00000      0.00000      0.00000
      5.84000      0.00000      0.00000      0.00000
      5.85000      0.00000      0.00000      0.00000
      5.86000      0.00000      0.00000      0.00000
      5.87000      0.00000      0.00000      0.00000
      5.88000      0.00000      0.00000      0.00000
      5.89000      0.00000      0.00000      0.00000
      5.90000      0.00000      0.00000      0.00000
      5.91000      0.00000      0.00000      0.00000
      5.92000      0.00000      0.00000      0.00000
      5.93000      0.00000      0.00000      0.00000
      5.94000      0.00000      0.00000      0.00000
      5.95000      0.00000      0.00000      0.00000
      5.96000      0.00000      0.00000      0.00000
      5.97000      0.00000      0.00000      0.00000
      5.98000      0.00000      0.00000      0.00000
      5.99000      0.00000      0.00000      0.00000
      6.00000      0.00000      0.00000      0.00000
      6.01000      0.00000      0.00000      0.00000
      6.02000      0.00000      0.00000      0.00000
      6.03000      0.00000      0.00000      0.00000
      6.04000      0.00000      0.00000      0.00000
      6.05000      0.00000      0.00000      0.00000
      6.06000      0.00000      0.00000      0.00000
      6.07000      0.00000      0.00000      0.00000
      6.08000      0.00000      0.00000      0.00000
      6.09000      0.00000      0.00000      0.00000
      6.10000      0.00000      0.00000      0.00000
      6.11000      0.00000      0.00000      0.00000
      6.12000      0.00000      0.00000      0.00000
      6.13000      0.00000      0.00000      0.00000
      6.14000      0.00000      0.00000      0.00000
      6.15000      0.00000      0.00000      0.00000
      6.16000      0.00000      0.00000      0.00000
      6.17000      0.00000      0.00000      0.00000
      6.18000      0.00000      0.00000      0.00000
      6.19000      0.00000      0.00000      0.00000
      6.20000      0.00000      0.00000      0.00000
      6.21000      0.00000      0.00000      0.00000
      6.22000      0.00000      0.00000      0.00000
      6.23000      0.00000      0.00000      0.00000
      6.24000      0.00000      0.00000      0.00000
      6.25000      0.00000      0.00000      0.00000
      6.26000      0.00000      0.00000      0.00000
      6.27000      0.00000      0.00000      0.00000
      6.28000      0.00000      0.00000      0.00000
      6.29000      0.00000      0.00000      0.00000
      6.30000      0.00000      0.00000      0.00000
      6.31000      0.00000      0.00000      0.00000
      6.32000      0.00000      0.00000      0.00000
      6.33000      0.00000      0.00000      0.00000
      6.34000      0.00000      0.00000      0.00000
      6.35000      0.00000      0.00000      0.00000
      6.36000      0.00000      0.00000      0.00000
      6.37000      0.00000      0.00000      0.00000
      6.38000      0.00000      0.00000      0.00000
      6.39000      0.00000      0.00000      0.00000
      6.40000      0.00000      0.00000      0.00000
      6.41000      0.00000      0.00000      0.00000
      6.42000      0.00000      0.00000      0.00000
      6.43000      0.00000      0.00000      0.00000
      6.44000      0.00000      0.00000      0.00000
      6.45000      0.00000      0.00000      0.00000
      6.46000      0.00000      0.00000      0.00000
      6.47000      0.00000      0.00000      0.00000
      6.48000      0.00000      0.00000      0.00000
      6.49000      0.00000      0.00000      0.00000
      6.50000      0.00000      0.00000      0.00000
      6.51000      0.00000      0.00000      0.00000
      6.52000      0.00000      0.00000      0.00000
      6.53000      0.00000      0.00000      0.00000
      6.54000      0.00000      0.00000      0.00000
      6.55000      0.00000      0.00000      0.00000
      6.56000      0.00000      0.00000      0.00000
      6.57000      0.00000      0.00000      0.00000
      6.58000      0.00000      0.00000      0.00000
      6.59000      0.00000      0.00000      0.00000
      6.60000      0.00000      0.00000      0.00000
      6.61000      0.00000      0.00000      0.00000
      6.62000      0.00000      0.00000      0.00000
      6.63000      0.00000      0.00000      0.00000
      6.64000      0.00000      0.00000      0.00000
      6.65000      0.00000      0.00000      0.00000
      6.66000      0.00000      0.00000      0.00000
      6.67000      0.00000      0.00000      0.00000
      6.68000      0.00000      0.00000      0.00000
      6.69000      0.00000      0.00000      0.00000
      6.70000      0.00000      0.00000      0.00000
      6.71000      0.00000      0.00000      0.00000
      6.72000      0.00000      0.00000      0.00000
      6.73000      0.00000      0.00000      0.00000
      6.74000      0.00000      0.00000      0.00000
      6.75000      0.00000      0.00000      0.00000
      6.76000      0.00000      0.00000      0.00000
      6.77000      0.00000      0.00000      0.00000
      6.78000      0.00000      0.00000      0.00000
      6.79000      0.00000      0.00000      0.00000
      6.80000      0.00000      0.00000      0.00000
      6.81000      0.00000      0.00000      0.00000
      6.82000      0.00000      0.00000      0.00000
      6.83000      0.00000      0.00000      0.00000
      6.84000      0.00000      0.00000      0.00000
      6.85000      0.00000      0.00000      0.00000
      6.86000      0.00000      0.00000      0.00000
      6.87000      0.00000      0.00000      0.00000
      6.88000      0.00000      0.00000      0.00000
      6.89000      0.00000      0.00000      0.00000
      6.90000      0.00000      0.00000      0.00000
      6.91000      0.00000      0.00000      0.00000
      6.92000      0.00000      0.00000      0.00000
      6.93000      0.00000      0.00000      0.00000
      6.94000      0.00000      0.00000      0.00000
      6.95000      0.00000      0.00000      0.00000
      6.96000      0.00000      0.00000      0.00000
      6.97000      0.00000      0.00000      0.00000
      6.98000      0.00000      0.00000      0.00000
      6.99000      0.00000      0.00000      0.00000
      7.00000      0.00000      0.00000      0.00000
      7.01000      0.00000      0.00000      0.00000
      7.02000      0.00000      0.00000      0.00000
      7.03000      0.00000      0.00000      0.00000
      7.04000      0.00000      0.00000      0.00000
      7.05000      0.00000      0.00000      0.00000
      7.06000      0.00000      0.00000      0.00000
      7.07000      0.00000      0.00000      0.00000
      7.08000      0.00000      0.00000      0.00000
      7.09000      0.00000      0.00000      0.00000
      7.10000      0.00000      0.00000      0.00000
      7.11000      0.00000      0.00000      0.00000
      7.12000      0.00000      0.00000      0.00000
      7.13000      0.00000      0.00000      0.00000
      7.14000      0.00000      0.00000      0.00000
      7.15000      0.00000      0.00000      0.00000
      7.16000      0.00000      0.00000      0.00000
      7.17000      0.00000      0.00000      0.00000
      7.18000      0.00000      0.00000      0.00000
      7.19000      0.00000      0.00000      0.00000
      7.20000      0.00000      0.00000      0.00000
      7.21000      0.00000      0.00000      0.00000
      7.22000      0.00000      0.00000      0.00000
      7.23000      0.00000      0.00000      0.00000
      7.24000      0.00000      0.00000      0.00000
      7.25000      0.00000      0.00000      0.00000
      7.26000      0.00000      0.00000      0.00000
      7.27000      0.00000      0.00000      0.00000
      7.28000      0.00000      0.00000      0.00000
      7.29000      0.00000      0.00000      0.00000
      7.30000      0.00000      0.00000      0.00000
      7.31000      0.00000      0.00000      0.00000
      7.32000      0.00000      0.00000      0.00000
      7.33000      0.00000      0.00000      0.00000
      7.34000      0.00000      0.00000      0.00000
      7.35000      0.00000      0.00000      0.00000
      7.36000      0.00000      0.00000      0.00000
      7.37000      0.00000      0.00000      0.00000
      7.38000      0.00000      0.00000      0.00000
      7.39000      0.00000      0.00000      0.00000
      7.40000      0.00000      0.00000      0.00000
      7.41000      0.00000      0.00000      0.00000
      7.42000      0.00000      0.00000      0.00000
      7.43000      0.00000      0.00000      0.00000
      7.44000      0.00000      0.00000      0.00000
      7.45000      0.00000      0.00000      0.00000
      7.46000      0.00000      0.00000      0.00000
      7.47000      0.00000      0.00000      0.00000
      7.48000      0.00000      0.00000      0.00000
      7.49000      0.00000      0.00000      0.00000
      7.50000      0.00000      0.00000      0.00000
      7.51000      0.00000      0.00000      0.00000
      7.52000      0.00000      0.00000      0.00000
      7.53000      0.00000      0.00000      0.00000
      7.54000      0.00000      0.00000      0.00000
      7.55000      0.00002      0.00002      0.00000
      7.56000      0.00096      0.00085      0.00010
      7.57000      0.01449      0.01292      0.00158
      7.58000      0.08644      0.07702      0.00942
      7.59000      0.22045      0.19630      0.02415
      7.60000      0.29383      0.26124      0.03260
      7.61000      0.32163      0.28508      0.03656
      7.62000      0.39856      0.35227      0.04630
      7.63000      0.42878      0.37812      0.05067
      7.64000      0.38458      0.33799      0.04659
      7.65000      0.39002      0.34157      0.04845
      7.66000      0.38762      0.33860      0.04902
      7.67000      0.29827      0.25972      0.03854
      7.68000      0.28837      0.24977      0.03860
      7.69000      0.54620      0.47227      0.07392
      7.70000      0.75404      0.65113      0.10291
      7.71000      0.62372      0.53619      0.08753
      7.72000      0.42356      0.36078      0.06278
      7.73000      0.43956      0.36685      0.07271
      7.74000      0.85829      0.70014      0.15814
      7.75000      1.25561      1.00452      0.25109
      7.76000      1.28665      1.00863      0.27802
      7.77000      1.61097      1.26109      0.34988
      7.78000      2.19188      1.72801      0.46387
      7.79000      2.30382      1.82725      0.47657
      7.80000      2.11131      1.68517      0.42614
      7.81000      1.83619      1.46652      0.36966
      7.82000      1.34863      1.06994      0.27869
      7.83000      1.03617      0.80932      0.22685
      7.84000      1.10088      0.85226      0.24862
      7.85000      1.10225      0.85700      0.24524
      7.86000      1.10464      0.86515      0.23949
      7.87000      1.14046      0.89837      0.24208
      7.88000      0.92889      0.73209      0.19680
      7.89000      0.69800      0.54756      0.15045
      7.90000      0.65565      0.51256      0.14309
      7.91000      0.73218      0.57216      0.16002
      7.92000      0.85169      0.65846      0.19323
      7.93000      1.01967      0.78286      0.23681
      7.94000      1.12459      0.86798      0.25661
      7.95000      1.02480      0.80021      0.22459
      7.96000      0.81644      0.64850      0.16794
      7.97000      0.73597      0.58349      0.15247
      7.98000      0.61204      0.47267      0.13937
      7.99000      0.51319      0.38854      0.12465
      8.00000      0.49480      0.37826      0.11654
      8.01000      0.41569      0.32377      0.09192
      8.02000      0.42654      0.33067      0.09587
      8.03000      0.74193      0.56188      0.18005
      8.04000      1.17051      0.88420      0.28631
      8.05000      1.16060      0.88172      0.27888
      8.06000      0.67483      0.51737      0.15746
      8.07000      0.30236      0.23578      0.06658
      8.08000      0.19712      0.15348      0.04364
      8.09000      0.35021      0.26633      0.08387
      8.10000      0.65526      0.49487      0.16039
      8.11000      0.74461      0.56262      0.18199
      8.12000      0.54626      0.41690      0.12935
      8.13000      0.34365      0.26680      0.07686
      8.14000      0.38513      0.30045      0.08468
      8.15000      0.57097      0.44077      0.13020
      8.16000      0.90432      0.68166      0.22266
      8.17000      1.17583      0.87161      0.30421
      8.18000      0.98021      0.72702      0.25319
      8.19000      0.52971      0.39860      0.13111
      8.20000      0.19183      0.14633      0.04550
      8.21000      0.04999      0.03820      0.01179
      8.22000      0.11663      0.08799      0.02864
      8.23000      0.43984      0.32978      0.11005
      8.24000      0.73579      0.54701      0.18878
      8.25000      0.60246      0.44493      0.15754
      8.26000      0.40281      0.30194      0.10087
      8.27000      0.41503      0.31664      0.09839
      8.28000      0.33325      0.25397      0.07928
      8.29000      0.24344      0.18284      0.06060
      8.30000      0.40259      0.29702      0.10557
      8.31000      0.83757      0.61020      0.22737
      8.32000      1.03557      0.74892      0.28665
      8.33000      0.62611      0.45370      0.17240
      8.34000      0.29857      0.22192      0.07664
      8.35000      0.29137      0.21967      0.07170
      8.36000      0.40015      0.30185      0.09829
      8.37000      0.43758      0.33106      0.10652
      8.38000      0.45576      0.34299      0.11277
      8.39000      0.56998      0.41983      0.15015
      8.40000      0.60668      0.43880      0.16788
      8.41000      0.42269      0.30536      0.11734
      8.42000      0.18830      0.13752      0.05078
      8.43000      0.13852      0.10234      0.03618
      8.44000      0.26796      0.19842      0.06954
      8.45000      0.33609      0.24812      0.08796
      8.46000      0.42146      0.30718      0.11428
      8.47000      0.68107      0.48830      0.19277
      8.48000      0.92170      0.65462      0.26708
      8.49000      0.73541      0.52458      0.21083
      8.50000      0.38784      0.28255      0.10530
      8.51000      0.27330      0.20342      0.07035
      8.52000      0.23052      0.18313      0.05488
      8.53000      0.30087      0.29722      0.04822
      8.54000      0.48910      0.54169      0.05345
      8.55000      0.66993      0.71470      0.08622
      8.56000      0.88818      0.86977      0.15189
      8.57000      0.86066      0.81015      0.16400
      8.58000      0.62196      0.60368      0.10927
      8.59000      0.55966      0.58714      0.07619
      8.60000      0.57148      0.61193      0.07182
      8.61000      0.64037      0.69863      0.07608
      8.62000      0.81015      0.89171      0.09611
      8.63000      0.92374      0.97989      0.12845
      8.64000      0.93001      0.88601      0.17426
      8.65000      1.00155      0.80206      0.25475
      8.66000      1.07644      0.82965      0.28668
      8.67000      0.74683      0.65187      0.16180
      8.68000      0.35922      0.39564      0.03862
      8.69000      0.14463      0.18308      0.00421
      8.70000      0.16190      0.19835      0.00755
      8.71000      0.49730      0.56821      0.04196
      8.72000      0.78137      0.82711      0.09611
      8.73000      0.64097      0.60808      0.11193
      8.74000      0.55697      0.49336      0.11569
      8.75000      0.75990      0.72621      0.13305
      8.76000      0.87463      0.86434      0.13620
      8.77000      0.77230      0.74440      0.12692
      8.78000      0.49031      0.46499      0.08390
      8.79000      0.42405      0.43912      0.05429
      8.80000      0.62992      0.69886      0.05813
      8.81000      0.75911      0.81897      0.08253
      8.82000      0.70942      0.67811      0.12153
      8.83000      0.68107      0.56283      0.16289
      8.84000      0.86327      0.70676      0.21093
      8.85000      0.79152      0.66938      0.18134
      8.86000      0.53879      0.47581      0.11106
      8.87000      0.47603      0.43286      0.09067
      8.88000      0.57834      0.54102      0.10246
      8.89000      0.75734      0.78790      0.09385
      8.90000      0.77467      0.82278      0.08752
      8.91000      0.66973      0.64484      0.11033
      8.92000      0.67063      0.64254      0.11334
      8.93000      0.82521      0.82011      0.12517
      8.94000      0.82499      0.80900      0.12998
      8.95000      0.68193      0.73404      0.07043
      8.96000      0.75144      0.87193      0.04269
      8.97000      0.84192      0.92389      0.07611
      8.98000      0.64213      0.64880      0.08754
      8.99000      0.51854      0.49107      0.08839
      9.00000      0.55987      0.51469      0.10459
      9.01000      0.55696      0.51532      0.10345
      9.02000      0.68876      0.61287      0.14244
      9.03000      0.87551      0.71520      0.21583
      9.04000      0.78785      0.62504      0.20343
      9.05000      0.54268      0.45764      0.12404
      9.06000      0.30015      0.25395      0.06760
      9.07000      0.16814      0.12589      0.04703
      9.08000      0.17788      0.12984      0.05187
      9.09000      0.25412      0.21756      0.05645
      9.10000      0.45199      0.41510      0.08522
      9.11000      0.56802      0.51742      0.11027
      9.12000      0.49192      0.42202      0.11062
      9.13000      0.42776      0.31783      0.12322
      9.14000      0.39245      0.27225      0.12311
      9.15000      0.32478      0.24260      0.09208
      9.16000      0.34843      0.30452      0.07443
      9.17000      0.38799      0.34139      0.08151
      9.18000      0.39102      0.29892      0.10679
      9.19000      0.41765      0.28997      0.12996
      9.20000      0.43860      0.29885      0.14010
      9.21000      0.53741      0.36980      0.17092
      9.22000      0.80171      0.58375      0.23806
      9.23000      0.88240      0.71763      0.22045
      9.24000      0.63658      0.61977      0.10176
      9.25000      0.34223      0.39282      0.02112
      9.26000      0.15347      0.18552      0.00423
      9.27000      0.22323      0.24257      0.02164
      9.28000      0.49151      0.48379      0.07641
      9.29000      0.61262      0.56443      0.11714
      9.30000      0.42203      0.36654      0.09294
      9.31000      0.26381      0.20707      0.07046
      9.32000      0.43469      0.35318      0.10943
      9.33000      0.80312      0.70928      0.16965
      9.34000      0.89625      0.83994      0.16223
      9.35000      0.55920      0.55360      0.08524
      9.36000      0.31296      0.30795      0.04911
      9.37000      0.32254      0.30452      0.05777
      9.38000      0.32432      0.27576      0.07496
      9.39000      0.33706      0.24021      0.10385
      9.40000      0.31194      0.20816      0.10447
      9.41000      0.36776      0.24218      0.12565
      9.42000      0.54018      0.35743      0.18366
      9.43000      0.57408      0.39750      0.18509
      9.44000      0.48350      0.38499      0.12780
      9.45000      0.47207      0.39597      0.11324
      9.46000      0.40571      0.30883      0.11421
      9.47000      0.28176      0.19484      0.08989
      9.48000      0.28747      0.19262      0.09513
      9.49000      0.34306      0.23226      0.11273
      9.50000      0.36062      0.27004      0.10504
      9.51000      0.48351      0.42485      0.10668
      9.52000      0.68706      0.67553      0.11058
      9.53000      0.78049      0.85915      0.07208
      9.54000      0.70084      0.78518      0.05583
      9.55000      0.55147      0.53406      0.09117
      9.56000      0.35576      0.28233      0.09413
      9.57000      0.27898      0.19126      0.09115
      9.58000      0.33661      0.24020      0.10511
      9.59000      0.39639      0.34093      0.09184
      9.60000      0.53377      0.47713      0.11392
      9.61000      0.64152      0.49350      0.18145
      9.62000      0.61869      0.41993      0.20608
      9.63000      0.44203      0.29457      0.14995
      9.64000      0.27724      0.21191      0.07879
      9.65000      0.26440      0.25094      0.04833
      9.66000      0.28418      0.26009      0.05742
      9.67000      0.23195      0.17786      0.06585
      9.68000      0.26631      0.17818      0.08995
      9.69000      0.32371      0.22014      0.10774
      9.70000      0.37404      0.28956      0.10574
      9.71000      0.48131      0.41054      0.11518
      9.72000      0.55560      0.48988      0.12248
      9.73000      0.57050      0.54521      0.10004
      9.74000      0.46921      0.44446      0.08406
      9.75000      0.32879      0.25833      0.08926
      9.76000      0.34305      0.22847      0.11683
      9.77000      0.41414      0.27122      0.14373
      9.78000      0.46648      0.32312      0.15224
      9.79000      0.68068      0.53891      0.18461
      9.80000      1.00053      0.85555      0.23562
      9.81000      0.98452      0.92487      0.18537
      9.82000      0.71572      0.78809      0.07028
      9.83000      0.35232      0.42792      0.01216
      9.84000      0.14470      0.16768      0.00679
      9.85000      0.28966      0.28160      0.03892
      9.86000      0.60334      0.54900      0.10371
      9.87000      0.77001      0.71020      0.12601
      9.88000      0.76341      0.76264      0.09165
      9.89000      0.74695      0.75023      0.08924
      9.90000      0.81019      0.73829      0.13742
      9.91000      0.84801      0.72421      0.16964
      9.92000      0.70800      0.63419      0.12497
      9.93000      0.60848      0.61866      0.06620
      9.94000      0.69157      0.73036      0.06265
      9.95000      0.85689      0.89813      0.08029
      9.96000      0.86356      0.83853      0.11488
      9.97000      0.71031      0.62608      0.12784
      9.98000      0.70547      0.59384      0.14496
      9.99000      0.74584      0.62163      0.16365
     10.00000      0.70430      0.61019      0.13832
     10.01000      0.74828      0.68784      0.11373
     10.02000      0.88910      0.84244      0.12293
     10.03000      0.84685      0.80766      0.11911
     10.04000      0.71763      0.67493      0.10537
     10.05000      0.83764      0.77724      0.13237
     10.06000      0.89839      0.84063      0.14263
     10.07000      0.75209      0.69064      0.13079
     10.08000      0.60467      0.54721      0.10089
     10.09000      0.58580      0.57402      0.04919
     10.10000      0.60959      0.58595      0.05751
     10.11000      0.62137      0.54792      0.10324
     10.12000      0.71210      0.65490      0.11577
     10.13000      0.96510      0.95064      0.12815
     10.14000      1.08152      1.08508      0.13189
     10.15000      1.04963      1.02997      0.14459
     10.16000      1.01318      0.95630      0.16438
     10.17000      0.90552      0.85245      0.14267
     10.18000      0.96697      0.95383      0.11223
     10.19000      0.97158      0.97788      0.08861
     10.20000      0.74479      0.73440      0.07238
     10.21000      0.60018      0.58963      0.06784
     10.22000      0.70625      0.66329      0.10483
     10.23000      0.93927      0.85837      0.15192
     10.24000      0.93107      0.89629      0.12554
     10.25000      0.72157      0.69672      0.09296
     10.26000      0.60707      0.53234      0.10291
     10.27000      0.61220      0.52999      0.09811
     10.28000      0.77254      0.69098      0.10796
     10.29000      0.95977      0.86527      0.14703
     10.30000      1.16231      1.05050      0.19888
     10.31000      1.46793      1.34615      0.25541
     10.32000      1.39513      1.28546      0.24111
     10.33000      0.87262      0.79670      0.13726
     10.34000      0.50884      0.49817      0.03881
     10.35000      0.48067      0.51244      0.01176
     10.36000      0.48884      0.48932      0.04387
     10.37000      0.58858      0.49948      0.10859
     10.38000      0.80491      0.67007      0.14194
     10.39000      0.93482      0.80805      0.13455
     10.40000      0.85907      0.77156      0.10885
     10.41000      0.89089      0.83054      0.12277
     10.42000      1.03431      0.98711      0.15267
     10.43000      1.05983      1.02419      0.14006
     10.44000      1.06402      1.00057      0.13685
     10.45000      1.12087      0.99380      0.18087
     10.46000      0.89284      0.77278      0.16045
     10.47000      0.61583      0.55089      0.08962
     10.48000      0.70941      0.65835      0.09960
     10.49000      0.93481      0.88651      0.13409
     10.50000      1.15526      1.06591      0.15699
     10.51000      1.28635      1.14393      0.19133
     10.52000      1.21591      1.06661      0.20541
     10.53000      1.03885      0.91201      0.18534
     10.54000      0.84539      0.78954      0.12448
     10.55000      0.88528      0.86806      0.10323
     10.56000      1.16975      1.08250      0.16769
     10.57000      1.26684      1.05497      0.24904
     10.58000      0.92919      0.73038      0.20826
     10.59000      0.57444      0.49661      0.09651
     10.60000      0.79096      0.74981      0.09578
     10.61000      1.17331      1.05314      0.18337
     10.62000      1.25299      1.07564      0.21666
     10.63000      1.24252      1.10507      0.19427
     10.64000      1.20458      1.11217      0.17841
     10.65000      1.03904      0.94374      0.16670
     10.66000      1.15266      1.01322      0.20699
     10.67000      1.37473      1.18763      0.26170
     10.68000      1.28971      1.09922      0.24707
     10.69000      1.16193      0.95691      0.24090
     10.70000      1.22141      0.99819      0.26784
     10.71000      1.32484      1.10602      0.26003
     10.72000      1.30062      1.11267      0.22136
     10.73000      1.36645      1.21108      0.22354
     10.74000      1.62989      1.40866      0.30641
     10.75000      1.57358      1.28086      0.33853
     10.76000      1.35969      1.09415      0.28977
     10.77000      1.39439      1.12433      0.29448
     10.78000      1.44854      1.13907      0.32317
     10.79000      1.73550      1.34526      0.40225
     10.80000      2.35397      1.86957      0.52274
     10.81000      2.83764      2.30915      0.60418
     10.82000      3.19871      2.62928      0.67633
     10.83000      3.16460      2.60520      0.66976
     10.84000      2.70773      2.20760      0.58681
     10.85000      2.50394      2.07813      0.53283
     10.86000      2.23139      1.96273      0.42929
     10.87000      1.36864      1.30490      0.22029
     10.88000      0.55655      0.60073      0.05843
     10.89000      0.14690      0.17730      0.00697
     10.90000      0.01996      0.02544      0.00034
     10.91000      0.00136      0.00177      0.00001
     10.92000      0.00479      0.00633      0.00000
     10.93000      0.03879      0.05122      0.00000
     10.94000      0.11872      0.15683      0.00000
     10.95000      0.15684      0.20785      0.00000
     10.96000      0.15783      0.21108      0.00000
     10.97000      0.16955      0.22752      0.00000
     10.98000      0.16503      0.22021      0.00000
     10.99000      0.14785      0.19638      0.00000
     11.00000      0.07625      0.10104      0.00000
     11.01000      0.06382      0.08370      0.00000
     11.02000      0.14683      0.19262      0.00000
     11.03000      0.23520      0.31164      0.00000
     11.04000      0.34525      0.46139      0.00000
     11.05000      0.43457      0.57952      0.00000
     11.06000      0.46922      0.62413      0.00000
     11.07000      0.43096      0.57432      0.00000
     11.08000      0.24218      0.32329      0.00000
     11.09000      0.06673      0.08906      0.00000
     11.10000      0.04513      0.05969      0.00000
     11.11000      0.11626      0.15354      0.00000
     11.12000      0.12777      0.16874      0.00000
     11.13000      0.05484      0.07248      0.00000
     11.14000      0.03774      0.05039      0.00000
     11.15000      0.10511      0.14076      0.00000
     11.16000      0.13505      0.18084      0.00000
     11.17000      0.07898      0.10536      0.00000
     11.18000      0.12207      0.16066      0.00000
     11.19000      0.31226      0.41084      0.00000
     11.20000      0.36684      0.48375      0.00000
     11.21000      0.20765      0.27498      0.00000
     11.22000      0.14405      0.19276      0.00000
     11.23000      0.20770      0.27901      0.00000
     11.24000      0.16001      0.21481      0.00000
     11.25000      0.10428      0.13872      0.00000
     11.26000      0.19287      0.25556      0.00000
     11.27000      0.24836      0.33015      0.00000
     11.28000      0.15172      0.20226      0.00000
     11.29000      0.08395      0.11124      0.00000
     11.30000      0.15264      0.20132      0.00000
     11.31000      0.22595      0.29909      0.00000
     11.32000      0.20693      0.27499      0.00000
     11.33000      0.17144      0.22766      0.00000
     11.34000      0.16156      0.21409      0.00000
     11.35000      0.13867      0.18381      0.00000
     11.36000      0.14996      0.19895      0.00000
     11.37000      0.11461      0.15211      0.00000
     11.38000      0.09703      0.12890      0.00000
     11.39000      0.16211      0.21555      0.00000
     11.40000      0.23201      0.30907      0.00000
     11.41000      0.30667      0.40902      0.00000
     11.42000      0.28673      0.38168      0.00000
     11.43000      0.33672      0.44620      0.00000
     11.44000      0.44456      0.58879      0.00000
     11.45000      0.36897      0.48890      0.00000
     11.46000      0.23753      0.31448      0.00000
     11.47000      0.11728      0.15509      0.00000
     11.48000      0.02934      0.03878      0.00000
     11.49000      0.00941      0.01246      0.00000
     11.50000      0.06045      0.08004      0.00000
     11.51000      0.20769      0.27495      0.00000
     11.52000      0.26801      0.35477      0.00000
     11.53000      0.14405      0.19069      0.00000
     11.54000      0.10920      0.14471      0.00000
     11.55000      0.21429      0.28403      0.00000
     11.56000      0.26191      0.34682      0.00000
     11.57000      0.23192      0.30627      0.00000
     11.58000      0.29944      0.39484      0.00000
     11.59000      0.50877      0.67136      0.00000
     11.60000      0.58283      0.76945      0.00000
     11.61000      0.31899      0.42123      0.00000
     11.62000      0.07645      0.10097      0.00000
     11.63000      0.00900      0.01187      0.00000
     11.64000      0.01802      0.02354      0.00000
     11.65000      0.09426      0.12330      0.00000
     11.66000      0.26210      0.34406      0.00000
     11.67000      0.50176      0.66113      0.00000
     11.68000      0.54842      0.72361      0.00000
     11.69000      0.26010      0.34328      0.00000
     11.70000      0.06612      0.08730      0.00000
     11.71000      0.11528      0.15234      0.00000
     11.72000      0.25927      0.34265      0.00000
     11.73000      0.23935      0.31615      0.00000
     11.74000      0.18905      0.24815      0.00000
     11.75000      0.34398      0.44880      0.00000
     11.76000      0.38663      0.50344      0.00000
     11.77000      0.24212      0.31611      0.00000
     11.78000      0.28090      0.36970      0.00000
     11.79000      0.40526      0.53363      0.00000
     11.80000      0.38674      0.50867      0.00000
     11.81000      0.22683      0.29807      0.00000
     11.82000      0.14950      0.19622      0.00000
     11.83000      0.20274      0.26532      0.00000
     11.84000      0.15574      0.20309      0.00000
     11.85000      0.07942      0.10311      0.00000
     11.86000      0.11690      0.15152      0.00000
     11.87000      0.15241      0.19727      0.00000
     11.88000      0.19344      0.24894      0.00000
     11.89000      0.35894      0.46155      0.00000
     11.90000      0.35993      0.46418      0.00000
     11.91000      0.14844      0.19215      0.00000
     11.92000      0.02541      0.03299      0.00000
     11.93000      0.01729      0.02213      0.00000
     11.94000      0.10297      0.13186      0.00000
     11.95000      0.26732      0.34356      0.00000
     11.96000      0.31479      0.40761      0.00000
     11.97000      0.22536      0.29499      0.00000
     11.98000      0.15202      0.19901      0.00000
     11.99000      0.29326      0.38075      0.00000
     12.00000      0.59252      0.76980      0.00000
     12.01000      0.59267      0.77042      0.00000
     12.02000      0.35919      0.46853      0.00000
     12.03000      0.25364      0.33293      0.00000
     12.04000      0.21889      0.28585      0.00000
     12.05000      0.19317      0.24588      0.00000
     12.06000      0.21171      0.26442      0.00000
     12.07000      0.27615      0.34802      0.00000
     12.08000      0.32198      0.41076      0.00000
     12.09000      0.29727      0.38334      0.00000
     12.10000      0.28765      0.37248      0.00000
     12.11000      0.19807      0.25558      0.00000
     12.12000      0.17910      0.22693      0.00000
     12.13000      0.32128      0.40440      0.00000
     12.14000      0.29096      0.36646      0.00000
     12.15000      0.13179      0.16740      0.00000
     12.16000      0.19349      0.24885      0.00000
     12.17000      0.43569      0.55470      0.00000
     12.18000      0.51919      0.65582      0.00000
     12.19000      0.40348      0.50880      0.00000
     12.20000      0.24008      0.30086      0.00000
     12.21000      0.09843      0.12253      0.00000
     12.22000      0.11445      0.14416      0.00000
     12.23000      0.25224      0.31681      0.00000
     12.24000      0.23902      0.29859      0.00000
     12.25000      0.13941      0.17378      0.00000
     12.26000      0.24430      0.30371      0.00000
     12.27000      0.39789      0.49118      0.00000
     12.28000      0.33381      0.40706      0.00000
     12.29000      0.24704      0.29395      0.00000
     12.30000      0.23116      0.27432      0.00000
     12.31000      0.16867      0.20294      0.00000
     12.32000      0.12250      0.15435      0.00000
     12.33000      0.28404      0.36797      0.00000
     12.34000      0.53446      0.68427      0.00000
     12.35000      0.54435      0.68507      0.00000
     12.36000      0.34119      0.42675      0.00000
     12.37000      0.13244      0.16637      0.00000
     12.38000      0.11846      0.14287      0.00000
     12.39000      0.37802      0.45055      0.00000
     12.40000      0.62970      0.74800      0.00000
     12.41000      0.56525      0.67419      0.00000
     12.42000      0.58581      0.71412      0.00000
     12.43000      0.80849      0.98358      0.00000
     12.44000      0.79584      0.96329      0.00000
     12.45000      0.54450      0.66081      0.00000
     12.46000      0.22609      0.27440      0.00000
     12.47000      0.06153      0.07223      0.00000
     12.48000      0.08506      0.09230      0.00000
     12.49000      0.13853      0.14961      0.00000
     12.50000      0.08657      0.09348      0.00000
     12.51000      0.02148      0.02334      0.00000
     12.52000      0.02731      0.03200      0.00000
     12.53000      0.17002      0.20118      0.00000
     12.54000      0.51003      0.60411      0.00000
     12.55000      0.79779      0.94045      0.00000
     12.56000      0.74910      0.87857      0.00000
     12.57000      0.52608      0.62914      0.00000
     12.58000      0.38298      0.47714      0.00000
