Energy-E_F (eV)    DOS (1/eV)    PDOS (1/eV)  of atom type B  N  
     -4.99000      0.48936      0.17734      0.31202
     -4.98000      0.68845      0.24800      0.44045
     -4.97000      1.09518      0.39535      0.69983
     -4.96000      1.47714      0.53459      0.94255
     -4.95000      1.46684      0.53155      0.93530
     -4.94000      1.07215      0.38861      0.68354
     -4.93000      0.86124      0.31122      0.55002
     -4.92000      0.74574      0.26897      0.47677
     -4.91000      0.62020      0.22523      0.39496
     -4.90000      0.82618      0.30198      0.52420
     -4.89000      1.33907      0.48778      0.85129
     -4.88000      1.76779      0.64063      1.12716
     -4.87000      1.59845      0.57554      1.02290
     -4.86000      1.14045      0.41045      0.73001
     -4.85000      0.94378      0.34263      0.60115
     -4.84000      0.83835      0.30464      0.53371
     -4.83000      0.72548      0.26154      0.46394
     -4.82000      0.94915      0.34147      0.60768
     -4.81000      1.35362      0.48943      0.86420
     -4.80000      1.42823      0.51590      0.91233
     -4.79000      1.43221      0.51325      0.91896
     -4.78000      1.29182      0.46216      0.82965
     -4.77000      1.05364      0.37870      0.67494
     -4.76000      1.05568      0.38037      0.67531
     -4.75000      1.33973      0.48089      0.85884
     -4.74000      1.81611      0.64958      1.16653
     -4.73000      2.05317      0.73351      1.31966
     -4.72000      1.86539      0.66502      1.20037
     -4.71000      1.46646      0.52284      0.94362
     -4.70000      1.20909      0.43186      0.77723
     -4.69000      1.08315      0.38610      0.69705
     -4.68000      0.97521      0.34705      0.62816
     -4.67000      0.98230      0.35006      0.63224
     -4.66000      1.12218      0.40135      0.72084
     -4.65000      1.19810      0.43038      0.76772
     -4.64000      1.32556      0.47688      0.84868
     -4.63000      1.41099      0.50570      0.90529
     -4.62000      1.45547      0.51972      0.93575
     -4.61000      1.46883      0.52310      0.94574
     -4.60000      1.31982      0.47028      0.84955
     -4.59000      1.11674      0.39933      0.71742
     -4.58000      0.95139      0.33808      0.61330
     -4.57000      0.92914      0.32984      0.59930
     -4.56000      1.04486      0.37465      0.67022
     -4.55000      0.96831      0.34846      0.61985
     -4.54000      0.86969      0.31139      0.55830
     -4.53000      0.99293      0.35358      0.63936
     -4.52000      1.06348      0.37875      0.68474
     -4.51000      0.95482      0.34199      0.61283
     -4.50000      0.79427      0.28548      0.50879
     -4.49000      0.85175      0.30320      0.54855
     -4.48000      0.94259      0.33224      0.61035
     -4.47000      1.06025      0.37412      0.68614
     -4.46000      1.27943      0.45542      0.82402
     -4.45000      1.32857      0.47521      0.85335
     -4.44000      1.22303      0.43515      0.78788
     -4.43000      1.08942      0.38475      0.70468
     -4.42000      0.88968      0.31444      0.57523
     -4.41000      0.68813      0.24535      0.44279
     -4.40000      0.50281      0.18089      0.32192
     -4.39000      0.58712      0.21099      0.37614
     -4.38000      0.95912      0.34273      0.61639
     -4.37000      1.15092      0.40909      0.74183
     -4.36000      1.20450      0.42646      0.77805
     -4.35000      1.18820      0.42166      0.76654
     -4.34000      0.92491      0.32962      0.59529
     -4.33000      0.66281      0.23503      0.42778
     -4.32000      0.86688      0.30477      0.56211
     -4.31000      1.08724      0.38245      0.70479
     -4.30000      0.83585      0.29440      0.54146
     -4.29000      0.55741      0.19650      0.36091
     -4.28000      0.72367      0.25539      0.46828
     -4.27000      1.23868      0.43642      0.80226
     -4.26000      1.40621      0.49417      0.91204
     -4.25000      1.13347      0.39738      0.73609
     -4.24000      0.98183      0.34550      0.63633
     -4.23000      0.94911      0.33635      0.61276
     -4.22000      0.82522      0.29395      0.53126
     -4.21000      0.59424      0.21147      0.38277
     -4.20000      0.53725      0.18955      0.34770
     -4.19000      0.78061      0.27460      0.50601
     -4.18000      0.95300      0.33502      0.61798
     -4.17000      0.94557      0.33194      0.61363
     -4.16000      0.99846      0.35072      0.64774
     -4.15000      0.85131      0.30004      0.55126
     -4.14000      0.58064      0.20486      0.37578
     -4.13000      0.65126      0.22921      0.42205
     -4.12000      0.86582      0.30540      0.56042
     -4.11000      0.81535      0.28806      0.52729
     -4.10000      0.69430      0.24392      0.45038
     -4.09000      0.76582      0.26620      0.49962
     -4.08000      0.91715      0.31838      0.59877
     -4.07000      0.84588      0.29609      0.54979
     -4.06000      0.83005      0.29274      0.53731
     -4.05000      1.02191      0.35971      0.66220
     -4.04000      1.18203      0.41378      0.76825
     -4.03000      1.19343      0.41608      0.77735
     -4.02000      1.03501      0.35919      0.67583
     -4.01000      0.76051      0.26299      0.49752
     -4.00000      0.55170      0.19275      0.35896
     -3.99000      0.59240      0.20877      0.38363
     -3.98000      0.72500      0.25509      0.46991
     -3.97000      0.71039      0.24827      0.46212
     -3.96000      0.71213      0.24669      0.46544
     -3.95000      0.82029      0.28525      0.53504
     -3.94000      0.72421      0.25313      0.47107
     -3.93000      0.59450      0.20657      0.38793
     -3.92000      0.76316      0.26321      0.49995
     -3.91000      0.91740      0.31587      0.60153
     -3.90000      0.92228      0.31774      0.60455
     -3.89000      0.85036      0.29394      0.55642
     -3.88000      0.93669      0.32398      0.61271
     -3.87000      1.02147      0.35306      0.66841
     -3.86000      0.79812      0.27710      0.52102
     -3.85000      0.49452      0.17285      0.32168
     -3.84000      0.49033      0.17125      0.31908
     -3.83000      0.84792      0.29467      0.55325
     -3.82000      1.12313      0.38959      0.73354
     -3.81000      0.92765      0.32174      0.60591
     -3.80000      0.67430      0.23272      0.44158
     -3.79000      0.76512      0.26353      0.50160
     -3.78000      0.85927      0.29682      0.56245
     -3.77000      0.73494      0.25314      0.48179
     -3.76000      0.61601      0.21149      0.40452
     -3.75000      0.53612      0.18427      0.35186
     -3.74000      0.67040      0.22961      0.44079
     -3.73000      0.89498      0.30663      0.58835
     -3.72000      0.92233      0.31745      0.60488
     -3.71000      0.93758      0.32356      0.61402
     -3.70000      0.90337      0.31112      0.59225
     -3.69000      0.80216      0.27522      0.52694
     -3.68000      0.68875      0.23545      0.45329
     -3.67000      0.50874      0.17295      0.33578
     -3.66000      0.32573      0.11066      0.21507
     -3.65000      0.41414      0.14235      0.27179
     -3.64000      0.57801      0.19919      0.37882
     -3.63000      0.59436      0.20429      0.39007
     -3.62000      0.69671      0.23717      0.45954
     -3.61000      0.96664      0.32758      0.63905
     -3.60000      1.13647      0.38696      0.74951
     -3.59000      1.09072      0.37187      0.71885
     -3.58000      0.95418      0.32358      0.63060
     -3.57000      0.80286      0.27166      0.53120
     -3.56000      0.80124      0.27144      0.52980
     -3.55000      0.87161      0.29622      0.57538
     -3.54000      0.74366      0.25371      0.48996
     -3.53000      0.60879      0.20754      0.40125
     -3.52000      0.68291      0.23239      0.45052
     -3.51000      0.81238      0.27628      0.53611
     -3.50000      0.74858      0.25404      0.49454
     -3.49000      0.73122      0.24698      0.48424
     -3.48000      0.70842      0.23829      0.47012
     -3.47000      0.67788      0.22838      0.44950
     -3.46000      0.69670      0.23630      0.46040
     -3.45000      0.58224      0.19820      0.38404
     -3.44000      0.43477      0.14794      0.28683
     -3.43000      0.45495      0.15417      0.30078
     -3.42000      0.66080      0.22240      0.43840
     -3.41000      0.86152      0.28806      0.57346
     -3.40000      0.65630      0.21827      0.43804
     -3.39000      0.33254      0.10994      0.22259
     -3.38000      0.43376      0.14437      0.28938
     -3.37000      0.73303      0.24635      0.48668
     -3.36000      0.86689      0.29257      0.57432
     -3.35000      1.02118      0.34391      0.67727
     -3.34000      1.18125      0.39632      0.78493
     -3.33000      1.09918      0.36829      0.73089
     -3.32000      1.03077      0.34577      0.68500
     -3.31000      0.82039      0.27538      0.54501
     -3.30000      0.49303      0.16503      0.32799
     -3.29000      0.46020      0.15257      0.30763
     -3.28000      0.54410      0.17976      0.36433
     -3.27000      0.58372      0.19388      0.38983
     -3.26000      0.59846      0.19951      0.39895
     -3.25000      0.59821      0.19851      0.39971
     -3.24000      0.64752      0.21387      0.43366
     -3.23000      0.79315      0.26138      0.53177
     -3.22000      0.89823      0.29607      0.60215
     -3.21000      0.83828      0.27751      0.56077
     -3.20000      0.68296      0.22676      0.45620
     -3.19000      0.53623      0.17713      0.35911
     -3.18000      0.51177      0.16832      0.34345
     -3.17000      0.53506      0.17683      0.35823
     -3.16000      0.51900      0.17211      0.34689
     -3.15000      0.50841      0.16871      0.33970
     -3.14000      0.72065      0.23902      0.48163
     -3.13000      1.06937      0.35388      0.71549
     -3.12000      1.17400      0.38702      0.78698
     -3.11000      0.83133      0.27217      0.55916
     -3.10000      0.44895      0.14561      0.30335
     -3.09000      0.38900      0.12664      0.26236
     -3.08000      0.56936      0.18633      0.38303
     -3.07000      0.74178      0.24298      0.49880
     -3.06000      0.74203      0.24334      0.49869
     -3.05000      0.67468      0.22109      0.45359
     -3.04000      0.72140      0.23558      0.48582
     -3.03000      0.82857      0.27027      0.55830
     -3.02000      0.78408      0.25616      0.52792
     -3.01000      0.65364      0.21315      0.44050
     -3.00000      0.52544      0.17023      0.35522
     -2.99000      0.48847      0.15782      0.33066
     -2.98000      0.51873      0.16743      0.35130
     -2.97000      0.54046      0.17471      0.36575
     -2.96000      0.53286      0.17274      0.36012
     -2.95000      0.59542      0.19251      0.40291
     -2.94000      0.79082      0.25524      0.53557
     -2.93000      1.08593      0.35122      0.73471
     -2.92000      1.27789      0.41355      0.86434
     -2.91000      1.00821      0.32579      0.68242
     -2.90000      0.70136      0.22606      0.47529
     -2.89000      0.50911      0.16397      0.34515
     -2.88000      0.33196      0.10668      0.22528
     -2.87000      0.36376      0.11618      0.24758
     -2.86000      0.45325      0.14455      0.30871
     -2.85000      0.37251      0.11920      0.25331
     -2.84000      0.41868      0.13431      0.28437
     -2.83000      0.68688      0.21970      0.46719
     -2.82000      0.92947      0.29712      0.63236
     -2.81000      0.85958      0.27479      0.58479
     -2.80000      0.69314      0.22109      0.47205
     -2.79000      0.56338      0.17880      0.38458
     -2.78000      0.50602      0.16026      0.34576
     -2.77000      0.58720      0.18636      0.40084
     -2.76000      0.76148      0.24131      0.52017
     -2.75000      0.84968      0.26885      0.58083
     -2.74000      0.83661      0.26522      0.57139
     -2.73000      0.86358      0.27489      0.58869
     -2.72000      0.88184      0.28088      0.60096
     -2.71000      0.75972      0.24083      0.51889
     -2.70000      0.52062      0.16396      0.35665
     -2.69000      0.31033      0.09718      0.21315
     -2.68000      0.33219      0.10390      0.22830
     -2.67000      0.56233      0.17568      0.38664
     -2.66000      0.89560      0.27968      0.61592
     -2.65000      0.95570      0.29848      0.65721
     -2.64000      0.79066      0.24696      0.54370
     -2.63000      0.65562      0.20548      0.45014
     -2.62000      0.49181      0.15476      0.33706
     -2.61000      0.39716      0.12446      0.27270
     -2.60000      0.46554      0.14480      0.32074
     -2.59000      0.55386      0.17208      0.38178
     -2.58000      0.48965      0.15218      0.33747
     -2.57000      0.41013      0.12737      0.28276
     -2.56000      0.58158      0.18046      0.40112
     -2.55000      0.78943      0.24512      0.54431
     -2.54000      0.87462      0.27206      0.60256
     -2.53000      0.95852      0.29716      0.66136
     -2.52000      0.98698      0.30393      0.68305
     -2.51000      0.87795      0.26898      0.60897
     -2.50000      0.63755      0.19491      0.44264
     -2.49000      0.39792      0.12182      0.27610
     -2.48000      0.37269      0.11469      0.25800
     -2.47000      0.41719      0.12831      0.28888
     -2.46000      0.57531      0.17594      0.39937
     -2.45000      0.86647      0.26454      0.60193
     -2.44000      0.91202      0.27818      0.63383
     -2.43000      0.62558      0.19045      0.43514
     -2.42000      0.43848      0.13340      0.30508
     -2.41000      0.51900      0.15778      0.36122
     -2.40000      0.59994      0.18196      0.41798
     -2.39000      0.67964      0.20631      0.47333
     -2.38000      0.82687      0.25113      0.57574
     -2.37000      0.97365      0.29533      0.67831
     -2.36000      0.88649      0.26847      0.61801
     -2.35000      0.61293      0.18479      0.42813
     -2.34000      0.50009      0.14927      0.35082
     -2.33000      0.44353      0.13195      0.31158
     -2.32000      0.29546      0.08872      0.20674
     -2.31000      0.28100      0.08527      0.19573
     -2.30000      0.44487      0.13371      0.31116
     -2.29000      0.77420      0.23116      0.54304
     -2.28000      0.83585      0.24931      0.58654
     -2.27000      0.53336      0.15905      0.37431
     -2.26000      0.36168      0.10772      0.25396
     -2.25000      0.57549      0.17029      0.40520
     -2.24000      0.92009      0.27174      0.64834
     -2.23000      1.02852      0.30461      0.72391
     -2.22000      0.92025      0.27243      0.64782
     -2.21000      0.81822      0.24091      0.57730
     -2.20000      0.79289      0.23282      0.56008
     -2.19000      0.61293      0.17993      0.43300
     -2.18000      0.44324      0.13028      0.31296
     -2.17000      0.44239      0.13072      0.31167
     -2.16000      0.49248      0.14522      0.34726
     -2.15000      0.53535      0.15616      0.37919
     -2.14000      0.67169      0.19444      0.47726
     -2.13000      0.78510      0.22750      0.55759
     -2.12000      0.68478      0.19919      0.48559
     -2.11000      0.58155      0.16960      0.41195
     -2.10000      0.69835      0.20295      0.49540
     -2.09000      0.76241      0.22055      0.54187
     -2.08000      0.59196      0.17084      0.42111
     -2.07000      0.57505      0.16560      0.40945
     -2.06000      0.54552      0.15623      0.38929
     -2.05000      0.43709      0.12480      0.31229
     -2.04000      0.60848      0.17418      0.43430
     -2.03000      0.79590      0.22738      0.56852
     -2.02000      0.66537      0.19072      0.47466
     -2.01000      0.49048      0.14262      0.34786
     -2.00000      0.47316      0.13775      0.33542
     -1.99000      0.55665      0.15888      0.39777
     -1.98000      0.59276      0.16597      0.42680
     -1.97000      0.55810      0.15614      0.40196
     -1.96000      0.65194      0.18401      0.46793
     -1.95000      0.84662      0.23773      0.60889
     -1.94000      0.91031      0.25366      0.65665
     -1.93000      0.77535      0.21635      0.55899
     -1.92000      0.75343      0.21160      0.54183
     -1.91000      0.80677      0.22550      0.58127
     -1.90000      0.76634      0.21262      0.55372
     -1.89000      0.65316      0.18171      0.47145
     -1.88000      0.50313      0.14095      0.36218
     -1.87000      0.43572      0.12287      0.31285
     -1.86000      0.46029      0.12921      0.33109
     -1.85000      0.54190      0.14936      0.39254
     -1.84000      0.70504      0.19233      0.51271
     -1.83000      0.69651      0.18842      0.50809
     -1.82000      0.47918      0.12812      0.35106
     -1.81000      0.37274      0.09897      0.27377
     -1.80000      0.45866      0.12149      0.33717
     -1.79000      0.45547      0.12032      0.33516
     -1.78000      0.30604      0.08055      0.22549
     -1.77000      0.33590      0.08803      0.24787
     -1.76000      0.37802      0.09880      0.27922
     -1.75000      0.32485      0.08439      0.24046
     -1.74000      0.38314      0.09910      0.28404
     -1.73000      0.42862      0.11092      0.31770
     -1.72000      0.26553      0.06878      0.19675
     -1.71000      0.11133      0.02864      0.08269
     -1.70000      0.20187      0.05133      0.15054
     -1.69000      0.40586      0.10320      0.30266
     -1.68000      0.48867      0.12442      0.36425
     -1.67000      0.50605      0.12927      0.37678
     -1.66000      0.64270      0.16414      0.47856
     -1.65000      0.71531      0.18196      0.53335
     -1.64000      0.54934      0.13937      0.40997
     -1.63000      0.46133      0.11640      0.34492
     -1.62000      0.55337      0.13877      0.41460
     -1.61000      0.52294      0.13081      0.39213
     -1.60000      0.35531      0.08884      0.26648
     -1.59000      0.21998      0.05498      0.16501
     -1.58000      0.21631      0.05372      0.16260
     -1.57000      0.34642      0.08504      0.26138
     -1.56000      0.54404      0.13289      0.41115
     -1.55000      0.54981      0.13396      0.41585
     -1.54000      0.42161      0.10266      0.31896
     -1.53000      0.35730      0.08716      0.27014
     -1.52000      0.46817      0.11407      0.35410
     -1.51000      0.53861      0.13091      0.40769
     -1.50000      0.42451      0.10288      0.32162
     -1.49000      0.34135      0.08211      0.25923
     -1.48000      0.47894      0.11433      0.36461
     -1.47000      0.51242      0.12190      0.39052
     -1.46000      0.32567      0.07717      0.24850
     -1.45000      0.30203      0.07125      0.23078
     -1.44000      0.38098      0.08944      0.29154
     -1.43000      0.38519      0.08971      0.29548
     -1.42000      0.35428      0.08204      0.27224
     -1.41000      0.29020      0.06716      0.22304
     -1.40000      0.36560      0.08454      0.28106
     -1.39000      0.59863      0.13867      0.45996
     -1.38000      0.78677      0.18290      0.60387
     -1.37000      0.75037      0.17449      0.57588
     -1.36000      0.63680      0.14730      0.48950
     -1.35000      0.61319      0.14082      0.47236
     -1.34000      0.50106      0.11456      0.38650
     -1.33000      0.47260      0.10682      0.36578
     -1.32000      0.57516      0.12861      0.44656
     -1.31000      0.56842      0.12659      0.44183
     -1.30000      0.49157      0.10933      0.38224
     -1.29000      0.46209      0.10228      0.35981
     -1.28000      0.43079      0.09467      0.33612
     -1.27000      0.34070      0.07466      0.26603
     -1.26000      0.31985      0.06991      0.24994
     -1.25000      0.52782      0.11506      0.41276
     -1.24000      0.72971      0.15915      0.57056
     -1.23000      0.72605      0.15770      0.56835
     -1.22000      0.63371      0.13651      0.49721
     -1.21000      0.53607      0.11471      0.42136
     -1.20000      0.44919      0.09578      0.35341
     -1.19000      0.48088      0.10120      0.37968
     -1.18000      0.57746      0.12059      0.45686
     -1.17000      0.46542      0.09705      0.36837
     -1.16000      0.34051      0.07052      0.26999
     -1.15000      0.42683      0.08747      0.33936
     -1.14000      0.50805      0.10327      0.40478
     -1.13000      0.50502      0.10211      0.40291
     -1.12000      0.64667      0.13211      0.51456
     -1.11000      0.90999      0.18841      0.72158
     -1.10000      1.04908      0.21720      0.83188
     -1.09000      1.03081      0.21056      0.82025
     -1.08000      0.94231      0.18984      0.75247
     -1.07000      0.83637      0.16684      0.66954
     -1.06000      0.80098      0.15827      0.64271
     -1.05000      0.78123      0.15283      0.62840
     -1.04000      0.81968      0.15853      0.66115
     -1.03000      0.86562      0.16573      0.69988
     -1.02000      0.93494      0.17717      0.75776
     -1.01000      1.08544      0.20362      0.88181
     -1.00000      1.10093      0.20527      0.89566
     -0.99000      0.75817      0.14217      0.61600
     -0.98000      0.61572      0.11838      0.49734
     -0.97000      0.72299      0.13954      0.58345
     -0.96000      0.80684      0.15315      0.65369
     -0.95000      0.87745      0.16374      0.71371
     -0.94000      0.71880      0.13263      0.58617
     -0.93000      0.40850      0.07429      0.33421
     -0.92000      0.25282      0.04517      0.20766
     -0.91000      0.24108      0.04274      0.19835
     -0.90000      0.29780      0.05262      0.24518
     -0.89000      0.41396      0.07296      0.34100
     -0.88000      0.56091      0.09912      0.46179
     -0.87000      0.83630      0.15016      0.68614
     -0.86000      1.51004      0.27538      1.23466
     -0.85000      1.75457      0.32121      1.43337
     -0.84000      0.96461      0.17546      0.78916
     -0.83000      0.31783      0.05622      0.26161
     -0.82000      0.20577      0.03497      0.17080
     -0.81000      0.24492      0.04142      0.20350
     -0.80000      0.25278      0.04266      0.21012
     -0.79000      0.26817      0.04507      0.22309
     -0.78000      0.28467      0.04791      0.23677
     -0.77000      0.32030      0.05387      0.26643
     -0.76000      0.42632      0.07173      0.35459
     -0.75000      0.60846      0.10265      0.50581
     -0.74000      0.79166      0.13397      0.65769
     -0.73000      0.62252      0.10552      0.51700
     -0.72000      0.33548      0.05602      0.27945
     -0.71000      0.24628      0.03997      0.20631
     -0.70000      0.28008      0.04493      0.23514
     -0.69000      0.32489      0.05191      0.27298
     -0.68000      0.39767      0.06332      0.33435
     -0.67000      0.43733      0.06948      0.36785
     -0.66000      0.47677      0.07559      0.40118
     -0.65000      0.51489      0.08190      0.43299
     -0.64000      0.61202      0.09780      0.51422
     -0.63000      0.87349      0.13909      0.73439
     -0.62000      0.86394      0.13689      0.72705
     -0.61000      0.41131      0.06486      0.34644
     -0.60000      0.14569      0.02235      0.12334
     -0.59000      0.22944      0.03421      0.19523
     -0.58000      0.30350      0.04508      0.25843
     -0.57000      0.28728      0.04220      0.24508
     -0.56000      0.36238      0.05300      0.30938
     -0.55000      0.35369      0.05193      0.30176
     -0.54000      0.28463      0.04186      0.24277
     -0.53000      0.38853      0.05686      0.33166
     -0.52000      0.47609      0.06937      0.40672
     -0.51000      0.39585      0.05715      0.33870
     -0.50000      0.29470      0.04172      0.25297
     -0.49000      0.30136      0.04187      0.25949
     -0.48000      0.34983      0.04825      0.30158
     -0.47000      0.36655      0.05024      0.31631
     -0.46000      0.34450      0.04714      0.29736
     -0.45000      0.30753      0.04212      0.26540
     -0.44000      0.41039      0.05575      0.35464
     -0.43000      0.66371      0.08928      0.57443
     -0.42000      0.69298      0.09297      0.60001
     -0.41000      0.34289      0.04601      0.29687
     -0.40000      0.12629      0.01651      0.10978
     -0.39000      0.19745      0.02497      0.17248
     -0.38000      0.30782      0.03879      0.26903
     -0.37000      0.31780      0.03969      0.27811
     -0.36000      0.31434      0.03887      0.27547
     -0.35000      0.33006      0.04082      0.28924
     -0.34000      0.31054      0.03835      0.27220
     -0.33000      0.32276      0.03937      0.28340
     -0.32000      0.29366      0.03526      0.25840
     -0.31000      0.22805      0.02691      0.20114
     -0.30000      0.25053      0.02915      0.22138
     -0.29000      0.32869      0.03782      0.29087
     -0.28000      0.40214      0.04585      0.35629
     -0.27000      0.46202      0.05227      0.40974
     -0.26000      0.46288      0.05221      0.41067
     -0.25000      0.34598      0.03884      0.30715
     -0.24000      0.26692      0.02919      0.23774
     -0.23000      0.29442      0.03154      0.26287
     -0.22000      0.19562      0.02085      0.17477
     -0.21000      0.13202      0.01374      0.11828
     -0.20000      0.27036      0.02773      0.24263
     -0.19000      0.37611      0.03833      0.33778
     -0.18000      0.36364      0.03655      0.32709
     -0.17000      0.29727      0.02950      0.26777
     -0.16000      0.20628      0.02018      0.18610
     -0.15000      0.23022      0.02204      0.20818
     -0.14000      0.34448      0.03254      0.31194
     -0.13000      0.40060      0.03748      0.36312
     -0.12000      0.33002      0.03047      0.29955
     -0.11000      0.24684      0.02231      0.22453
     -0.10000      0.22440      0.01983      0.20457
     -0.09000      0.23993      0.02085      0.21909
     -0.08000      0.26357      0.02256      0.24101
     -0.07000      0.24184      0.02037      0.22147
     -0.06000      0.25303      0.02076      0.23228
     -0.05000      0.34102      0.02749      0.31353
     -0.04000      0.32527      0.02595      0.29932
     -0.03000      0.21932      0.01715      0.20218
     -0.02000      0.21643      0.01640      0.20003
     -0.01000      0.22962      0.01715      0.21246
      0.00000      0.14215      0.01054      0.13161
      0.01000      0.04079      0.00302      0.03777
      0.02000      0.00473      0.00035      0.00438
      0.03000      0.00021      0.00002      0.00019
      0.04000      0.00000      0.00000      0.00000
      0.05000      0.00000      0.00000      0.00000
      0.06000      0.00000      0.00000      0.00000
      0.07000      0.00000      0.00000      0.00000
      0.08000      0.00000      0.00000      0.00000
      0.09000      0.00000      0.00000      0.00000
      0.10000      0.00000      0.00000      0.00000
      0.11000      0.00000      0.00000      0.00000
      0.12000      0.00000      0.00000      0.00000
      0.13000      0.00000      0.00000      0.00000
      0.14000      0.00000      0.00000      0.00000
      0.15000      0.00000      0.00000      0.00000
      0.16000      0.00000      0.00000      0.00000
      0.17000      0.00000      0.00000      0.00000
      0.18000      0.00000      0.00000      0.00000
      0.19000      0.00000      0.00000      0.00000
      0.20000      0.00000      0.00000      0.00000
      0.21000      0.00000      0.00000      0.00000
      0.22000      0.00000      0.00000      0.00000
      0.23000      0.00000      0.00000      0.00000
      0.24000      0.00000      0.00000      0.00000
      0.25000      0.00000      0.00000      0.00000
      0.26000      0.00000      0.00000      0.00000
      0.27000      0.00000      0.00000      0.00000
      0.28000      0.00000      0.00000      0.00000
      0.29000      0.00000      0.00000      0.00000
      0.30000      0.00000      0.00000      0.00000
      0.31000      0.00000      0.00000      0.00000
      0.32000      0.00000      0.00000      0.00000
      0.33000      0.00000      0.00000      0.00000
      0.34000      0.00000      0.00000      0.00000
      0.35000      0.00000      0.00000      0.00000
      0.36000      0.00000      0.00000      0.00000
      0.37000      0.00000      0.00000      0.00000
      0.38000      0.00000      0.00000      0.00000
      0.39000      0.00000      0.00000      0.00000
      0.40000      0.00000      0.00000      0.00000
      0.41000      0.00000      0.00000      0.00000
      0.42000      0.00000      0.00000      0.00000
      0.43000      0.00000      0.00000      0.00000
      0.44000      0.00000      0.00000      0.00000
      0.45000      0.00000      0.00000      0.00000
      0.46000      0.00000      0.00000      0.00000
      0.47000      0.00000      0.00000      0.00000
      0.48000      0.00000      0.00000      0.00000
      0.49000      0.00000      0.00000      0.00000
      0.50000      0.00000      0.00000      0.00000
      0.51000      0.00000      0.00000      0.00000
      0.52000      0.00000      0.00000      0.00000
      0.53000      0.00000      0.00000      0.00000
      0.54000      0.00000      0.00000      0.00000
      0.55000      0.00000      0.00000      0.00000
      0.56000      0.00000      0.00000      0.00000
      0.57000      0.00000      0.00000      0.00000
      0.58000      0.00000      0.00000      0.00000
      0.59000      0.00000      0.00000      0.00000
      0.60000      0.00000      0.00000      0.00000
      0.61000      0.00000      0.00000      0.00000
      0.62000      0.00000      0.00000      0.00000
      0.63000      0.00000      0.00000      0.00000
      0.64000      0.00000      0.00000      0.00000
      0.65000      0.00000      0.00000      0.00000
      0.66000      0.00000      0.00000      0.00000
      0.67000      0.00000      0.00000      0.00000
      0.68000      0.00000      0.00000      0.00000
      0.69000      0.00000      0.00000      0.00000
      0.70000      0.00000      0.00000      0.00000
      0.71000      0.00000      0.00000      0.00000
      0.72000      0.00000      0.00000      0.00000
      0.73000      0.00000      0.00000      0.00000
      0.74000      0.00000      0.00000      0.00000
      0.75000      0.00000      0.00000      0.00000
      0.76000      0.00000      0.00000      0.00000
      0.77000      0.00000      0.00000      0.00000
      0.78000      0.00000      0.00000      0.00000
      0.79000      0.00000      0.00000      0.00000
      0.80000      0.00000      0.00000      0.00000
      0.81000      0.00000      0.00000      0.00000
      0.82000      0.00000      0.00000      0.00000
      0.83000      0.00000      0.00000      0.00000
      0.84000      0.00000      0.00000      0.00000
      0.85000      0.00000      0.00000      0.00000
      0.86000      0.00000      0.00000      0.00000
      0.87000      0.00000      0.00000      0.00000
      0.88000      0.00000      0.00000      0.00000
      0.89000      0.00000      0.00000      0.00000
      0.90000      0.00000      0.00000      0.00000
      0.91000      0.00000      0.00000      0.00000
      0.92000      0.00000      0.00000      0.00000
      0.93000      0.00000      0.00000      0.00000
      0.94000      0.00000      0.00000      0.00000
      0.95000      0.00000      0.00000      0.00000
      0.96000      0.00000      0.00000      0.00000
      0.97000      0.00000      0.00000      0.00000
      0.98000      0.00000      0.00000      0.00000
      0.99000      0.00000      0.00000      0.00000
      1.00000      0.00000      0.00000      0.00000
      1.01000      0.00000      0.00000      0.00000
      1.02000      0.00000      0.00000      0.00000
      1.03000      0.00000      0.00000      0.00000
      1.04000      0.00000      0.00000      0.00000
      1.05000      0.00000      0.00000      0.00000
      1.06000      0.00000      0.00000      0.00000
      1.07000      0.00000      0.00000      0.00000
      1.08000      0.00000      0.00000      0.00000
      1.09000      0.00000      0.00000      0.00000
      1.10000      0.00000      0.00000      0.00000
      1.11000      0.00000      0.00000      0.00000
      1.12000      0.00000      0.00000      0.00000
      1.13000      0.00000      0.00000      0.00000
      1.14000      0.00000      0.00000      0.00000
      1.15000      0.00000      0.00000      0.00000
      1.16000      0.00000      0.00000      0.00000
      1.17000      0.00000      0.00000      0.00000
      1.18000      0.00000      0.00000      0.00000
      1.19000      0.00000      0.00000      0.00000
      1.20000      0.00000      0.00000      0.00000
      1.21000      0.00000      0.00000      0.00000
      1.22000      0.00000      0.00000      0.00000
      1.23000      0.00000      0.00000      0.00000
      1.24000      0.00000      0.00000      0.00000
      1.25000      0.00000      0.00000      0.00000
      1.26000      0.00000      0.00000      0.00000
      1.27000      0.00000      0.00000      0.00000
      1.28000      0.00000      0.00000      0.00000
      1.29000      0.00000      0.00000      0.00000
      1.30000      0.00000      0.00000      0.00000
      1.31000      0.00000      0.00000      0.00000
      1.32000      0.00000      0.00000      0.00000
      1.33000      0.00000      0.00000      0.00000
      1.34000      0.00000      0.00000      0.00000
      1.35000      0.00000      0.00000      0.00000
      1.36000      0.00000      0.00000      0.00000
      1.37000      0.00000      0.00000      0.00000
      1.38000      0.00000      0.00000      0.00000
      1.39000      0.00000      0.00000      0.00000
      1.40000      0.00000      0.00000      0.00000
      1.41000      0.00000      0.00000      0.00000
      1.42000      0.00000      0.00000      0.00000
      1.43000      0.00000      0.00000      0.00000
      1.44000      0.00000      0.00000      0.00000
      1.45000      0.00000      0.00000      0.00000
      1.46000      0.00000      0.00000      0.00000
      1.47000      0.00000      0.00000      0.00000
      1.48000      0.00000      0.00000      0.00000
      1.49000      0.00000      0.00000      0.00000
      1.50000      0.00000      0.00000      0.00000
      1.51000      0.00000      0.00000      0.00000
      1.52000      0.00000      0.00000      0.00000
      1.53000      0.00000      0.00000      0.00000
      1.54000      0.00000      0.00000      0.00000
      1.55000      0.00000      0.00000      0.00000
      1.56000      0.00000      0.00000      0.00000
      1.57000      0.00000      0.00000      0.00000
      1.58000      0.00000      0.00000      0.00000
      1.59000      0.00000      0.00000      0.00000
      1.60000      0.00000      0.00000      0.00000
      1.61000      0.00000      0.00000      0.00000
      1.62000      0.00000      0.00000      0.00000
      1.63000      0.00000      0.00000      0.00000
      1.64000      0.00000      0.00000      0.00000
      1.65000      0.00000      0.00000      0.00000
      1.66000      0.00000      0.00000      0.00000
      1.67000      0.00000      0.00000      0.00000
      1.68000      0.00000      0.00000      0.00000
      1.69000      0.00000      0.00000      0.00000
      1.70000      0.00000      0.00000      0.00000
      1.71000      0.00000      0.00000      0.00000
      1.72000      0.00000      0.00000      0.00000
      1.73000      0.00000      0.00000      0.00000
      1.74000      0.00000      0.00000      0.00000
      1.75000      0.00000      0.00000      0.00000
      1.76000      0.00000      0.00000      0.00000
      1.77000      0.00000      0.00000      0.00000
      1.78000      0.00000      0.00000      0.00000
      1.79000      0.00000      0.00000      0.00000
      1.80000      0.00000      0.00000      0.00000
      1.81000      0.00000      0.00000      0.00000
      1.82000      0.00000      0.00000      0.00000
      1.83000      0.00000      0.00000      0.00000
      1.84000      0.00000      0.00000      0.00000
      1.85000      0.00000      0.00000      0.00000
      1.86000      0.00000      0.00000      0.00000
      1.87000      0.00000      0.00000      0.00000
      1.88000      0.00000      0.00000      0.00000
      1.89000      0.00000      0.00000      0.00000
      1.90000      0.00000      0.00000      0.00000
      1.91000      0.00000      0.00000      0.00000
      1.92000      0.00000      0.00000      0.00000
      1.93000      0.00000      0.00000      0.00000
      1.94000      0.00000      0.00000      0.00000
      1.95000      0.00000      0.00000      0.00000
      1.96000      0.00000      0.00000      0.00000
      1.97000      0.00000      0.00000      0.00000
      1.98000      0.00000      0.00000      0.00000
      1.99000      0.00000      0.00000      0.00000
      2.00000      0.00000      0.00000      0.00000
      2.01000      0.00000      0.00000      0.00000
      2.02000      0.00000      0.00000      0.00000
      2.03000      0.00000      0.00000      0.00000
      2.04000      0.00000      0.00000      0.00000
      2.05000      0.00000      0.00000      0.00000
      2.06000      0.00000      0.00000      0.00000
      2.07000      0.00000      0.00000      0.00000
      2.08000      0.00000      0.00000      0.00000
      2.09000      0.00000      0.00000      0.00000
      2.10000      0.00000      0.00000      0.00000
      2.11000      0.00000      0.00000      0.00000
      2.12000      0.00000      0.00000      0.00000
      2.13000      0.00000      0.00000      0.00000
      2.14000      0.00000      0.00000      0.00000
      2.15000      0.00000      0.00000      0.00000
      2.16000      0.00000      0.00000      0.00000
      2.17000      0.00000      0.00000      0.00000
      2.18000      0.00000      0.00000      0.00000
      2.19000      0.00000      0.00000      0.00000
      2.20000      0.00000      0.00000      0.00000
      2.21000      0.00000      0.00000      0.00000
      2.22000      0.00000      0.00000      0.00000
      2.23000      0.00000      0.00000      0.00000
      2.24000      0.00000      0.00000      0.00000
      2.25000      0.00000      0.00000      0.00000
      2.26000      0.00000      0.00000      0.00000
      2.27000      0.00000      0.00000      0.00000
      2.28000      0.00000      0.00000      0.00000
      2.29000      0.00000      0.00000      0.00000
      2.30000      0.00000      0.00000      0.00000
      2.31000      0.00000      0.00000      0.00000
      2.32000      0.00000      0.00000      0.00000
      2.33000      0.00000      0.00000      0.00000
      2.34000      0.00000      0.00000      0.00000
      2.35000      0.00000      0.00000      0.00000
      2.36000      0.00000      0.00000      0.00000
      2.37000      0.00000      0.00000      0.00000
      2.38000      0.00000      0.00000      0.00000
      2.39000      0.00000      0.00000      0.00000
      2.40000      0.00000      0.00000      0.00000
      2.41000      0.00000      0.00000      0.00000
      2.42000      0.00000      0.00000      0.00000
      2.43000      0.00000      0.00000      0.00000
      2.44000      0.00000      0.00000      0.00000
      2.45000      0.00000      0.00000      0.00000
      2.46000      0.00000      0.00000      0.00000
      2.47000      0.00000      0.00000      0.00000
      2.48000      0.00000      0.00000      0.00000
      2.49000      0.00000      0.00000      0.00000
      2.50000      0.00000      0.00000      0.00000
      2.51000      0.00000      0.00000      0.00000
      2.52000      0.00000      0.00000      0.00000
      2.53000      0.00000      0.00000      0.00000
      2.54000      0.00000      0.00000      0.00000
      2.55000      0.00000      0.00000      0.00000
      2.56000      0.00000      0.00000      0.00000
      2.57000      0.00000      0.00000      0.00000
      2.58000      0.00000      0.00000      0.00000
      2.59000      0.00000      0.00000      0.00000
      2.60000      0.00000      0.00000      0.00000
      2.61000      0.00000      0.00000      0.00000
      2.62000      0.00000      0.00000      0.00000
      2.63000      0.00000      0.00000      0.00000
      2.64000      0.00000      0.00000      0.00000
      2.65000      0.00000      0.00000      0.00000
      2.66000      0.00000      0.00000      0.00000
      2.67000      0.00000      0.00000      0.00000
      2.68000      0.00000      0.00000      0.00000
      2.69000      0.00000      0.00000      0.00000
      2.70000      0.00000      0.00000      0.00000
      2.71000      0.00000      0.00000      0.00000
      2.72000      0.00000      0.00000      0.00000
      2.73000      0.00000      0.00000      0.00000
      2.74000      0.00000      0.00000      0.00000
      2.75000      0.00000      0.00000      0.00000
      2.76000      0.00000      0.00000      0.00000
      2.77000      0.00000      0.00000      0.00000
      2.78000      0.00000      0.00000      0.00000
      2.79000      0.00000      0.00000      0.00000
      2.80000      0.00000      0.00000      0.00000
      2.81000      0.00000      0.00000      0.00000
      2.82000      0.00000      0.00000      0.00000
      2.83000      0.00000      0.00000      0.00000
      2.84000      0.00000      0.00000      0.00000
      2.85000      0.00000      0.00000      0.00000
      2.86000      0.00000      0.00000      0.00000
      2.87000      0.00000      0.00000      0.00000
      2.88000      0.00000      0.00000      0.00000
      2.89000      0.00000      0.00000      0.00000
      2.90000      0.00000      0.00000      0.00000
      2.91000      0.00000      0.00000      0.00000
      2.92000      0.00000      0.00000      0.00000
      2.93000      0.00000      0.00000      0.00000
      2.94000      0.00000      0.00000      0.00000
      2.95000      0.00000      0.00000      0.00000
      2.96000      0.00000      0.00000      0.00000
      2.97000      0.00000      0.00000      0.00000
      2.98000      0.00000      0.00000      0.00000
      2.99000      0.00000      0.00000      0.00000
      3.00000      0.00000      0.00000      0.00000
      3.01000      0.00000      0.00000      0.00000
      3.02000      0.00000      0.00000      0.00000
      3.03000      0.00000      0.00000      0.00000
      3.04000      0.00000      0.00000      0.00000
      3.05000      0.00000      0.00000      0.00000
      3.06000      0.00000      0.00000      0.00000
      3.07000      0.00000      0.00000      0.00000
      3.08000      0.00000      0.00000      0.00000
      3.09000      0.00000      0.00000      0.00000
      3.10000      0.00000      0.00000      0.00000
      3.11000      0.00000      0.00000      0.00000
      3.12000      0.00000      0.00000      0.00000
      3.13000      0.00000      0.00000      0.00000
      3.14000      0.00000      0.00000      0.00000
      3.15000      0.00000      0.00000      0.00000
      3.16000      0.00000      0.00000      0.00000
      3.17000      0.00000      0.00000      0.00000
      3.18000      0.00000      0.00000      0.00000
      3.19000      0.00000      0.00000      0.00000
      3.20000      0.00000      0.00000      0.00000
      3.21000      0.00000      0.00000      0.00000
      3.22000      0.00000      0.00000      0.00000
      3.23000      0.00000      0.00000      0.00000
      3.24000      0.00000      0.00000      0.00000
      3.25000      0.00000      0.00000      0.00000
      3.26000      0.00000      0.00000      0.00000
      3.27000      0.00000      0.00000      0.00000
      3.28000      0.00000      0.00000      0.00000
      3.29000      0.00000      0.00000      0.00000
      3.30000      0.00000      0.00000      0.00000
      3.31000      0.00000      0.00000      0.00000
      3.32000      0.00000      0.00000      0.00000
      3.33000      0.00000      0.00000      0.00000
      3.34000      0.00000      0.00000      0.00000
      3.35000      0.00000      0.00000      0.00000
      3.36000      0.00000      0.00000      0.00000
      3.37000      0.00000      0.00000      0.00000
      3.38000      0.00000      0.00000      0.00000
      3.39000      0.00000      0.00000      0.00000
      3.40000      0.00000      0.00000      0.00000
      3.41000      0.00000      0.00000      0.00000
      3.42000      0.00000      0.00000      0.00000
      3.43000      0.00000      0.00000      0.00000
      3.44000      0.00000      0.00000      0.00000
      3.45000      0.00000      0.00000      0.00000
      3.46000      0.00000      0.00000      0.00000
      3.47000      0.00000      0.00000      0.00000
      3.48000      0.00000      0.00000      0.00000
      3.49000      0.00000      0.00000      0.00000
      3.50000      0.00000      0.00000      0.00000
      3.51000      0.00000      0.00000      0.00000
      3.52000      0.00000      0.00000      0.00000
      3.53000      0.00000      0.00000      0.00000
      3.54000      0.00000      0.00000      0.00000
      3.55000      0.00000      0.00000      0.00000
      3.56000      0.00000      0.00000      0.00000
      3.57000      0.00000      0.00000      0.00000
      3.58000      0.00000      0.00000      0.00000
      3.59000      0.00000      0.00000      0.00000
      3.60000      0.00000      0.00000      0.00000
      3.61000      0.00000      0.00000      0.00000
      3.62000      0.00000      0.00000      0.00000
      3.63000      0.00000      0.00000      0.00000
      3.64000      0.00000      0.00000      0.00000
      3.65000      0.00000      0.00000      0.00000
      3.66000      0.00000      0.00000      0.00000
      3.67000      0.00000      0.00000      0.00000
      3.68000      0.00000      0.00000      0.00000
      3.69000      0.00000      0.00000      0.00000
      3.70000      0.00000      0.00000      0.00000
      3.71000      0.00000      0.00000      0.00000
      3.72000      0.00000      0.00000      0.00000
      3.73000      0.00000      0.00000      0.00000
      3.74000      0.00000      0.00000      0.00000
      3.75000      0.00000      0.00000      0.00000
      3.76000      0.00000      0.00000      0.00000
      3.77000      0.00000      0.00000      0.00000
      3.78000      0.00000      0.00000      0.00000
      3.79000      0.00000      0.00000      0.00000
      3.80000      0.00000      0.00000      0.00000
      3.81000      0.00000      0.00000      0.00000
      3.82000      0.00000      0.00000      0.00000
      3.83000      0.00000      0.00000      0.00000
      3.84000      0.00000      0.00000      0.00000
      3.85000      0.00000      0.00000      0.00000
      3.86000      0.00000      0.00000      0.00000
      3.87000      0.00000      0.00000      0.00000
      3.88000      0.00000      0.00000      0.00000
      3.89000      0.00000      0.00000      0.00000
      3.90000      0.00000      0.00000      0.00000
      3.91000      0.00000      0.00000      0.00000
      3.92000      0.00000      0.00000      0.00000
      3.93000      0.00000      0.00000      0.00000
      3.94000      0.00000      0.00000      0.00000
      3.95000      0.00000      0.00000      0.00000
      3.96000      0.00000      0.00000      0.00000
      3.97000      0.00000      0.00000      0.00000
      3.98000      0.00000      0.00000      0.00000
      3.99000      0.00000      0.00000      0.00000
      4.00000      0.00000      0.00000      0.00000
      4.01000      0.00000      0.00000      0.00000
      4.02000      0.00000      0.00000      0.00000
      4.03000      0.00000      0.00000      0.00000
      4.04000      0.00000      0.00000      0.00000
      4.05000      0.00000      0.00000      0.00000
      4.06000      0.00000      0.00000      0.00000
      4.07000      0.00000      0.00000      0.00000
      4.08000      0.00000      0.00000      0.00000
      4.09000      0.00000      0.00000      0.00000
      4.10000      0.00000      0.00000      0.00000
      4.11000      0.00000      0.00000      0.00000
      4.12000      0.00000      0.00000      0.00000
      4.13000      0.00000      0.00000      0.00000
      4.14000      0.00000      0.00000      0.00000
      4.15000      0.00000      0.00000      0.00000
      4.16000      0.00000      0.00000      0.00000
      4.17000      0.00000      0.00000      0.00000
      4.18000      0.00000      0.00000      0.00000
      4.19000      0.00000      0.00000      0.00000
      4.20000      0.00000      0.00000      0.00000
      4.21000      0.00000      0.00000      0.00000
      4.22000      0.00000      0.00000      0.00000
      4.23000      0.00000      0.00000      0.00000
      4.24000      0.00000      0.00000      0.00000
      4.25000      0.00000      0.00000      0.00000
      4.26000      0.00000      0.00000      0.00000
      4.27000      0.00000      0.00000      0.00000
      4.28000      0.00000      0.00000      0.00000
      4.29000      0.00000      0.00000      0.00000
      4.30000      0.00000      0.00000      0.00000
      4.31000      0.00000      0.00000      0.00000
      4.32000      0.00000      0.00000      0.00000
      4.33000      0.00000      0.00000      0.00000
      4.34000      0.00000      0.00000      0.00000
      4.35000      0.00000      0.00000      0.00000
      4.36000      0.00000      0.00000      0.00000
      4.37000      0.00000      0.00000      0.00000
      4.38000      0.00000      0.00000      0.00000
      4.39000      0.00000      0.00000      0.00000
      4.40000      0.00000      0.00000      0.00000
      4.41000      0.00000      0.00000      0.00000
      4.42000      0.00000      0.00000      0.00000
      4.43000      0.00000      0.00000      0.00000
      4.44000      0.00000      0.00000      0.00000
      4.45000      0.00000      0.00000      0.00000
      4.46000      0.00000      0.00000      0.00000
      4.47000      0.00000      0.00000      0.00000
      4.48000      0.00000      0.00000      0.00000
      4.49000      0.00000      0.00000      0.00000
      4.50000      0.00000      0.00000      0.00000
      4.51000      0.00000      0.00000      0.00000
      4.52000      0.00000      0.00000      0.00000
      4.53000      0.00000      0.00000      0.00000
      4.54000      0.00000      0.00000      0.00000
      4.55000      0.00000      0.00000      0.00000
      4.56000      0.00000      0.00000      0.00000
      4.57000      0.00000      0.00000      0.00000
      4.58000      0.00000      0.00000      0.00000
      4.59000      0.00000      0.00000      0.00000
      4.60000      0.00000      0.00000      0.00000
      4.61000      0.00000      0.00000      0.00000
      4.62000      0.00000      0.00000      0.00000
      4.63000      0.00000      0.00000      0.00000
      4.64000      0.00000      0.00000      0.00000
      4.65000      0.00000      0.00000      0.00000
      4.66000      0.00000      0.00000      0.00000
      4.67000      0.00000      0.00000      0.00000
      4.68000      0.00000      0.00000      0.00000
      4.69000      0.00000      0.00000      0.00000
      4.70000      0.00000      0.00000      0.00000
      4.71000      0.00000      0.00000      0.00000
      4.72000      0.00000      0.00000      0.00000
      4.73000      0.00000      0.00000      0.00000
      4.74000      0.00000      0.00000      0.00000
      4.75000      0.00000      0.00000      0.00000
      4.76000      0.00000      0.00000      0.00000
      4.77000      0.00000      0.00000      0.00000
      4.78000      0.00000      0.00000      0.00000
      4.79000      0.00000      0.00000      0.00000
      4.80000      0.00000      0.00000      0.00000
      4.81000      0.00000      0.00000      0.00000
      4.82000      0.00000      0.00000      0.00000
      4.83000      0.00000      0.00000      0.00000
      4.84000      0.00000      0.00000      0.00000
      4.85000      0.00000      0.00000      0.00000
      4.86000      0.00000      0.00000      0.00000
      4.87000      0.00000      0.00000      0.00000
      4.88000      0.00000      0.00000      0.00000
      4.89000      0.00000      0.00000      0.00000
      4.90000      0.00000      0.00000      0.00000
      4.91000      0.00000      0.00000      0.00000
      4.92000      0.00000      0.00000      0.00000
      4.93000      0.00000      0.00000      0.00000
      4.94000      0.00000      0.00000      0.00000
      4.95000      0.00000      0.00000      0.00000
      4.96000      0.00000      0.00000      0.00000
      4.97000      0.00000      0.00000      0.00000
      4.98000      0.00000      0.00000      0.00000
      4.99000      0.00000      0.00000      0.00000
      5.00000      0.00000      0.00000      0.00000
      5.01000      0.00000      0.00000      0.00000
      5.02000      0.00000      0.00000      0.00000
      5.03000      0.00000      0.00000      0.00000
      5.04000      0.00000      0.00000      0.00000
      5.05000      0.00000      0.00000      0.00000
      5.06000      0.00000      0.00000      0.00000
      5.07000      0.00000      0.00000      0.00000
      5.08000      0.00000      0.00000      0.00000
      5.09000      0.00000      0.00000      0.00000
      5.10000      0.00000      0.00000      0.00000
      5.11000      0.00000      0.00000      0.00000
      5.12000      0.00000      0.00000      0.00000
      5.13000      0.00000      0.00000      0.00000
      5.14000      0.00000      0.00000      0.00000
      5.15000      0.00000      0.00000      0.00000
      5.16000      0.00000      0.00000      0.00000
      5.17000      0.00000      0.00000      0.00000
      5.18000      0.00000      0.00000      0.00000
      5.19000      0.00000      0.00000      0.00000
      5.20000      0.00000      0.00000      0.00000
      5.21000      0.00000      0.00000      0.00000
      5.22000      0.00000      0.00000      0.00000
      5.23000      0.00000      0.00000      0.00000
      5.24000      0.00000      0.00000      0.00000
      5.25000      0.00000      0.00000      0.00000
      5.26000      0.00000      0.00000      0.00000
      5.27000      0.00000      0.00000      0.00000
      5.28000      0.00000      0.00000      0.00000
      5.29000      0.00000      0.00000      0.00000
      5.30000      0.00000      0.00000      0.00000
      5.31000      0.00000      0.00000      0.00000
      5.32000      0.00000      0.00000      0.00000
      5.33000      0.00000      0.00000      0.00000
      5.34000      0.00000      0.00000      0.00000
      5.35000      0.00000      0.00000      0.00000
      5.36000      0.00000      0.00000      0.00000
      5.37000      0.00000      0.00000      0.00000
      5.38000      0.00000      0.00000      0.00000
      5.39000      0.00000      0.00000      0.00000
      5.40000      0.00000      0.00000      0.00000
      5.41000      0.00000      0.00000      0.00000
      5.42000      0.00000      0.00000      0.00000
      5.43000      0.00000      0.00000      0.00000
      5.44000      0.00000      0.00000      0.00000
      5.45000      0.00000      0.00000      0.00000
      5.46000      0.00000      0.00000      0.00000
      5.47000      0.00000      0.00000      0.00000
      5.48000      0.00000      0.00000      0.00000
      5.49000      0.00000      0.00000      0.00000
      5.50000      0.00000      0.00000      0.00000
      5.51000      0.00000      0.00000      0.00000
      5.52000      0.00000      0.00000      0.00000
      5.53000      0.00000      0.00000      0.00000
      5.54000      0.00000      0.00000      0.00000
      5.55000      0.00000      0.00000      0.00000
      5.56000      0.00000      0.00000      0.00000
      5.57000      0.00000      0.00000      0.00000
      5.58000      0.00000      0.00000      0.00000
      5.59000      0.00000      0.00000      0.00000
      5.60000      0.00000      0.00000      0.00000
      5.61000      0.00000      0.00000      0.00000
      5.62000      0.00000      0.00000      0.00000
      5.63000      0.00000      0.00000      0.00000
      5.64000      0.00000      0.00000      0.00000
      5.65000      0.00000      0.00000      0.00000
      5.66000      0.00000      0.00000      0.00000
      5.67000      0.00000      0.00000      0.00000
      5.68000      0.00000      0.00000      0.00000
      5.69000      0.00000      0.00000      0.00000
      5.70000      0.00000      0.00000      0.00000
      5.71000      0.00000      0.00000      0.00000
      5.72000      0.00000      0.00000      0.00000
      5.73000      0.00000      0.00000      0.00000
      5.74000      0.00000      0.00000      0.00000
      5.75000      0.00000      0.00000      0.00000
      5.76000      0.00000      0.00000      0.00000
      5.77000      0.00000      0.00000      0.00000
      5.78000      0.00000      0.00000      0.00000
      5.79000      0.00000      0.00000      0.00000
      5.80000      0.00000      0.00000      0.00000
      5.81000      0.00000      0.00000      0.00000
      5.82000      0.00000      0.00000      0.00000
      5.83000      0.00000      0.00000      0.00000
      5.84000      0.00000      0.00000      0.00000
      5.85000      0.00000      0.00000      0.00000
      5.86000      0.00000      0.00000      0.00000
      5.87000      0.00000      0.00000      0.00000
      5.88000      0.00000      0.00000      0.00000
      5.89000      0.00000      0.00000      0.00000
      5.90000      0.00000      0.00000      0.00000
      5.91000      0.00000      0.00000      0.00000
      5.92000      0.00000      0.00000      0.00000
      5.93000      0.00000      0.00000      0.00000
      5.94000      0.00000      0.00000      0.00000
      5.95000      0.00000      0.00000      0.00000
      5.96000      0.00000      0.00000      0.00000
      5.97000      0.00000      0.00000      0.00000
      5.98000      0.00000      0.00000      0.00000
      5.99000      0.00000      0.00000      0.00000
      6.00000      0.00000      0.00000      0.00000
      6.01000      0.00000      0.00000      0.00000
      6.02000      0.00000      0.00000      0.00000
      6.03000      0.00000      0.00000      0.00000
      6.04000      0.00000      0.00000      0.00000
      6.05000      0.00000      0.00000      0.00000
      6.06000      0.00000      0.00000      0.00000
      6.07000      0.00000      0.00000      0.00000
      6.08000      0.00000      0.00000      0.00000
      6.09000      0.00000      0.00000      0.00000
      6.10000      0.00000      0.00000      0.00000
      6.11000      0.00000      0.00000      0.00000
      6.12000      0.00000      0.00000      0.00000
      6.13000      0.00000      0.00000      0.00000
      6.14000      0.00000      0.00000      0.00000
      6.15000      0.00000      0.00000      0.00000
      6.16000      0.00000      0.00000      0.00000
      6.17000      0.00000      0.00000      0.00000
      6.18000      0.00000      0.00000      0.00000
      6.19000      0.00000      0.00000      0.00000
      6.20000      0.00000      0.00000      0.00000
      6.21000      0.00000      0.00000      0.00000
      6.22000      0.00000      0.00000      0.00000
      6.23000      0.00000      0.00000      0.00000
      6.24000      0.00000      0.00000      0.00000
      6.25000      0.00000      0.00000      0.00000
      6.26000      0.00000      0.00000      0.00000
      6.27000      0.00000      0.00000      0.00000
      6.28000      0.00000      0.00000      0.00000
      6.29000      0.00000      0.00000      0.00000
      6.30000      0.00000      0.00000      0.00000
      6.31000      0.00000      0.00000      0.00000
      6.32000      0.00000      0.00000      0.00000
      6.33000      0.00000      0.00000      0.00000
      6.34000      0.00000      0.00000      0.00000
      6.35000      0.00000      0.00000      0.00000
      6.36000      0.00000      0.00000      0.00000
      6.37000      0.00000      0.00000      0.00000
      6.38000      0.00000      0.00000      0.00000
      6.39000      0.00000      0.00000      0.00000
      6.40000      0.00000      0.00000      0.00000
      6.41000      0.00000      0.00000      0.00000
      6.42000      0.00000      0.00000      0.00000
      6.43000      0.00000      0.00000      0.00000
      6.44000      0.00000      0.00000      0.00000
      6.45000      0.00000      0.00000      0.00000
      6.46000      0.00000      0.00000      0.00000
      6.47000      0.00000      0.00000      0.00000
      6.48000      0.00000      0.00000      0.00000
      6.49000      0.00000      0.00000      0.00000
      6.50000      0.00000      0.00000      0.00000
      6.51000      0.00000      0.00000      0.00000
      6.52000      0.00000      0.00000      0.00000
      6.53000      0.00000      0.00000      0.00000
      6.54000      0.00000      0.00000      0.00000
      6.55000      0.00000      0.00000      0.00000
      6.56000      0.00000      0.00000      0.00000
      6.57000      0.00000      0.00000      0.00000
      6.58000      0.00000      0.00000      0.00000
      6.59000      0.00000      0.00000      0.00000
      6.60000      0.00000      0.00000      0.00000
      6.61000      0.00000      0.00000      0.00000
      6.62000      0.00000      0.00000      0.00000
      6.63000      0.00000      0.00000      0.00000
      6.64000      0.00000      0.00000      0.00000
      6.65000      0.00000      0.00000      0.00000
      6.66000      0.00000      0.00000      0.00000
      6.67000      0.00000      0.00000      0.00000
      6.68000      0.00000      0.00000      0.00000
      6.69000      0.00000      0.00000      0.00000
      6.70000      0.00000      0.00000      0.00000
      6.71000      0.00000      0.00000      0.00000
      6.72000      0.00000      0.00000      0.00000
      6.73000      0.00000      0.00000      0.00000
      6.74000      0.00000      0.00000      0.00000
      6.75000      0.00000      0.00000      0.00000
      6.76000      0.00000      0.00000      0.00000
      6.77000      0.00000      0.00000      0.00000
      6.78000      0.00000      0.00000      0.00000
      6.79000      0.00000      0.00000      0.00000
      6.80000      0.00000      0.00000      0.00000
      6.81000      0.00000      0.00000      0.00000
      6.82000      0.00000      0.00000      0.00000
      6.83000      0.00001      0.00001      0.00000
      6.84000      0.00030      0.00065      0.00000
      6.85000      0.00604      0.01307      0.00000
      6.86000      0.04479      0.09681      0.00000
      6.87000      0.12208      0.26387      0.00000
      6.88000      0.12241      0.26459      0.00000
      6.89000      0.04516      0.09760      0.00000
      6.90000      0.00613      0.01325      0.00000
      6.91000      0.00031      0.00066      0.00000
      6.92000      0.00001      0.00001      0.00000
      6.93000      0.00000      0.00000      0.00000
      6.94000      0.00000      0.00000      0.00000
      6.95000      0.00000      0.00000      0.00000
      6.96000      0.00000      0.00000      0.00000
      6.97000      0.00000      0.00000      0.00000
      6.98000      0.00000      0.00000      0.00000
      6.99000      0.00000      0.00000      0.00000
      7.00000      0.00000      0.00000      0.00000
      7.01000      0.00000      0.00000      0.00000
      7.02000      0.00000      0.00000      0.00000
      7.03000      0.00000      0.00000      0.00000
      7.04000      0.00000      0.00000      0.00000
      7.05000      0.00000      0.00000      0.00000
      7.06000      0.00000      0.00000      0.00000
      7.07000      0.00000      0.00000      0.00000
      7.08000      0.00000      0.00000      0.00000
      7.09000      0.00000      0.00000      0.00000
      7.10000      0.00000      0.00000      0.00000
      7.11000      0.00000      0.00000      0.00000
      7.12000      0.00000      0.00000      0.00000
      7.13000      0.00000      0.00000      0.00000
      7.14000      0.00000      0.00000      0.00000
      7.15000      0.00000      0.00000      0.00000
      7.16000      0.00000      0.00000      0.00000
      7.17000      0.00000      0.00000      0.00000
      7.18000      0.00000      0.00000      0.00000
      7.19000      0.00000      0.00000      0.00000
      7.20000      0.00000      0.00000      0.00000
      7.21000      0.00000      0.00000      0.00000
      7.22000      0.00000      0.00001      0.00000
      7.23000      0.00022      0.00048      0.00000
      7.24000      0.00399      0.00868      0.00000
      7.25000      0.02638      0.05743      0.00000
      7.26000      0.06420      0.13977      0.00000
      7.27000      0.05748      0.12514      0.00000
      7.28000      0.01893      0.04122      0.00000
      7.29000      0.00229      0.00499      0.00000
      7.30000      0.00010      0.00022      0.00000
      7.31000      0.00000      0.00000      0.00000
      7.32000      0.00000      0.00000      0.00000
      7.33000      0.00000      0.00000      0.00000
      7.34000      0.00000      0.00000      0.00000
      7.35000      0.00000      0.00000      0.00000
      7.36000      0.00000      0.00000      0.00000
      7.37000      0.00000      0.00000      0.00000
      7.38000      0.00000      0.00000      0.00000
      7.39000      0.00003      0.00003      0.00000
      7.40000      0.00109      0.00104      0.00006
      7.41000      0.01620      0.01537      0.00083
      7.42000      0.09488      0.09007      0.00487
      7.43000      0.24101      0.23061      0.01242
      7.44000      0.34689      0.35321      0.01739
      7.45000      0.47061      0.55160      0.02130
      7.46000      0.59272      0.72890      0.02612
      7.47000      0.52140      0.58994      0.02619
      7.48000      0.43712      0.43140      0.02606
      7.49000      0.42232      0.39692      0.02701
      7.50000      0.34931      0.32624      0.02312
      7.51000      0.33518      0.31187      0.02331
      7.52000      0.58309      0.54138      0.04173
      7.53000      0.74265      0.68979      0.05388
      7.54000      0.58879      0.56042      0.04330
      7.55000      0.49161      0.53871      0.03361
      7.56000      0.60875      0.73045      0.03880
      7.57000      0.73059      0.79536      0.05264
      7.58000      0.61788      0.59635      0.05313
      7.59000      0.61450      0.54913      0.06850
      7.60000      1.16399      1.02408      0.14003
      7.61000      2.01160      1.77742      0.23418
      7.62000      2.59491      2.29556      0.29935
      7.63000      2.59183      2.28515      0.30667
      7.64000      2.01431      1.76762      0.24669
      7.65000      1.57339      1.37654      0.19685
      7.66000      1.29582      1.13376      0.16206
      7.67000      1.12612      0.98581      0.14031
      7.68000      1.27363      1.11252      0.16111
      7.69000      1.41827      1.23873      0.17954
      7.70000      1.29706      1.13291      0.16416
      7.71000      0.95232      0.83039      0.12194
      7.72000      0.72529      0.63083      0.09447
      7.73000      0.81651      0.71095      0.10556
      7.74000      0.86725      0.75734      0.10992
      7.75000      0.82933      0.72403      0.10530
      7.76000      1.11470      0.96823      0.14647
      7.77000      1.41624      1.22693      0.18931
      7.78000      1.21923      1.05572      0.16351
      7.79000      0.69724      0.60458      0.09265
      7.80000      0.34150      0.29543      0.04607
      7.81000      0.42326      0.36267      0.06058
      7.82000      0.73062      0.62744      0.10318
      7.83000      0.67285      0.57974      0.09328
      7.84000      0.46434      0.40653      0.06188
      7.85000      0.63082      0.58771      0.08003
      7.86000      0.99978      0.99571      0.12746
      7.87000      1.29544      1.27490      0.17389
      7.88000      1.05764      1.00072      0.14684
      7.89000      0.54806      0.59020      0.06672
      7.90000      0.40916      0.53622      0.03731
      7.91000      0.48551      0.53113      0.05560
      7.92000      0.63783      0.57391      0.08902
      7.93000      0.81308      0.71531      0.11823
      7.94000      0.80542      0.75586      0.11053
      7.95000      0.68731      0.68963      0.08573
      7.96000      0.54396      0.60114      0.06130
      7.97000      0.47405      0.59579      0.04819
      7.98000      0.71155      0.75553      0.09280
      7.99000      1.21146      1.16929      0.17539
      8.00000      1.19620      1.19071      0.17003
      8.01000      0.53294      0.55616      0.07249
      8.02000      0.19147      0.21626      0.02296
      8.03000      0.31469      0.35551      0.03640
      8.04000      0.46465      0.50743      0.05685
      8.05000      0.58456      0.65345      0.07253
      8.06000      0.78796      0.84790      0.10461
      8.07000      0.77127      0.73902      0.11373
      8.08000      0.46215      0.40573      0.07158
      8.09000      0.21678      0.18726      0.03350
      8.10000      0.28286      0.27474      0.04029
      8.11000      0.46792      0.55121      0.05593
      8.12000      0.71687      0.91408      0.08019
      8.13000      1.16412      1.34753      0.15034
      8.14000      1.26925      1.40671      0.17250
      8.15000      0.88618      1.01431      0.11424
      8.16000      0.72789      0.81955      0.09213
      8.17000      0.69181      0.80549      0.08333
      8.18000      0.45447      0.58498      0.04799
      8.19000      0.27338      0.37875      0.02669
      8.20000      0.40384      0.49358      0.04968
      8.21000      0.67195      0.76362      0.09093
      8.22000      0.65283      0.73425      0.08958
      8.23000      0.48199      0.60390      0.05718
      8.24000      0.40162      0.49057      0.04830
      8.25000      0.31269      0.31574      0.04610
      8.26000      0.35330      0.35942      0.05217
      8.27000      0.55675      0.67244      0.06935
      8.28000      0.79115      0.92864      0.10362
      8.29000      1.00468      0.98476      0.15960
      8.30000      0.96394      0.89680      0.16027
      8.31000      0.51554      0.51890      0.08006
      8.32000      0.21300      0.27387      0.02502
      8.33000      0.31240      0.45531      0.02971
      8.34000      0.47099      0.64702      0.04969
      8.35000      0.43423      0.55204      0.05152
      8.36000      0.53871      0.74676      0.05657
      8.37000      1.00765      1.59777      0.08079
      8.38000      1.39745      2.33022      0.09799
      8.39000      1.21875      2.02140      0.08691
      8.40000      0.79294      1.18468      0.07289
      8.41000      0.56056      0.73372      0.06459
      8.42000      0.49959      0.55290      0.07097
      8.43000      0.43788      0.45844      0.06624
      8.44000      0.55690      0.77164      0.06026
      8.45000      0.92620      1.31728      0.09674
      8.46000      1.06574      1.26523      0.14680
      8.47000      0.94938      1.01829      0.14717
      8.48000      0.74151      1.07357      0.07687
      8.49000      0.55090      1.07509      0.01846
      8.50000      0.37759      0.74774      0.01089
      8.51000      0.32556      0.43716      0.03755
      8.52000      0.39177      0.36203      0.06760
      8.53000      0.37477      0.40257      0.05725
      8.54000      0.40912      0.65895      0.03280
      8.55000      0.65690      1.00824      0.06003
      8.56000      0.98758      1.29302      0.12139
      8.57000      1.10638      1.57905      0.11798
      8.58000      0.77145      1.31489      0.05251
      8.59000      0.54204      1.01923      0.02369
      8.60000      0.61519      1.05988      0.04045
      8.61000      0.51068      0.72829      0.05472
      8.62000      0.32465      0.33747      0.05259
      8.63000      0.29566      0.27083      0.05350
      8.64000      0.52261      0.55290      0.08447
      8.65000      0.90074      1.04068      0.13360
      8.66000      1.03950      1.29110      0.14166
      8.67000      0.84708      1.04463      0.11596
      8.68000      0.56808      0.58273      0.09390
      8.69000      0.38853      0.33538      0.07296
      8.70000      0.33566      0.32661      0.05782
      8.71000      0.35134      0.49331      0.03936
      8.72000      0.49165      0.82077      0.03711
      8.73000      0.65788      1.07950      0.05259
      8.74000      0.62802      0.94212      0.06314
      8.75000      0.48691      0.59890      0.06833
      8.76000      0.42410      0.47890      0.06574
      8.77000      0.55001      0.75821      0.06501
      8.78000      0.64617      1.03406      0.05543
      8.79000      0.58020      0.96295      0.04447
      8.80000      0.50748      0.73684      0.05407
      8.81000      0.36126      0.41115      0.05531
      8.82000      0.32855      0.28207      0.06419
      8.83000      0.46205      0.38921      0.09170
      8.84000      0.72081      0.71771      0.12729
      8.85000      1.00379      1.21492      0.14582
      8.86000      0.83030      1.22634      0.08804
      8.87000      0.52598      0.95575      0.02940
      8.88000      0.55761      1.01983      0.03026
      8.89000      0.68458      1.16731      0.04966
      8.90000      0.65702      1.07947      0.05367
      8.91000      0.56940      0.92066      0.04880
      8.92000      0.53674      0.84634      0.04937
      8.93000      0.47773      0.61069      0.06528
      8.94000      0.42814      0.43282      0.07565
      8.95000      0.50652      0.54915      0.08411
      8.96000      0.58648      0.70892      0.08651
      8.97000      0.46016      0.57799      0.06466
      8.98000      0.39102      0.44683      0.06173
      8.99000      0.51518      0.58887      0.08143
      9.00000      0.44704      0.52689      0.06832
      9.01000      0.34175      0.35604      0.05940
      9.02000      0.51323      0.52389      0.09095
      9.03000      0.66310      0.71703      0.11150
      9.04000      0.60898      0.60478      0.11057
      9.05000      0.47110      0.40382      0.09524
      9.06000      0.26246      0.25192      0.04899
      9.07000      0.23656      0.42809      0.01380
      9.08000      0.54839      1.07384      0.01986
      9.09000      0.88438      1.56775      0.05715
      9.10000      0.92049      1.49995      0.07965
      9.11000      0.71181      1.22843      0.05115
      9.12000      0.51493      0.97888      0.02330
      9.13000      0.53202      0.81923      0.05353
      9.14000      0.69866      0.76369      0.11798
      9.15000      0.71368      0.77352      0.12139
      9.16000      0.48392      0.66658      0.06050
      9.17000      0.30311      0.50718      0.02425
      9.18000      0.28746      0.39976      0.03558
      9.19000      0.38172      0.49827      0.05234
      9.20000      0.53776      0.83831      0.05275
      9.21000      0.61675      1.04571      0.04742
      9.22000      0.51339      0.80819      0.04908
      9.23000      0.49046      0.58015      0.07659
      9.24000      0.64936      0.71792      0.10911
      9.25000      0.74385      0.82745      0.12414
      9.26000      0.74119      0.82057      0.12472
      9.27000      0.65459      0.77286      0.10320
      9.28000      0.52274      0.67926      0.07305
      9.29000      0.59852      0.91612      0.06219
      9.30000      0.62677      1.06805      0.04810
      9.31000      0.37191      0.59937      0.03376
      9.32000      0.25956      0.26773      0.04685
      9.33000      0.28503      0.25579      0.05746
      9.34000      0.33441      0.40346      0.05137
      9.35000      0.48554      0.71901      0.05389
      9.36000      0.61609      0.95998      0.06136
      9.37000      0.59107      0.86136      0.06846
      9.38000      0.46701      0.67114      0.05547
      9.39000      0.48024      0.76791      0.04484
      9.40000      0.55923      0.88085      0.05431
      9.41000      0.65283      1.10119      0.05195
      9.42000      0.79407      1.38911      0.05561
      9.43000      0.81671      1.27602      0.08109
      9.44000      0.73878      0.94673      0.10544
      9.45000      0.77607      0.86135      0.13132
      9.46000      0.60138      0.67906      0.09989
      9.47000      0.31129      0.44776      0.03667
      9.48000      0.32055      0.55581      0.02312
      9.49000      0.41868      0.63652      0.04442
      9.50000      0.37887      0.47233      0.05672
      9.51000      0.31214      0.34660      0.05348
      9.52000      0.27819      0.31696      0.04623
      9.53000      0.27729      0.28156      0.05133
      9.54000      0.39840      0.42640      0.07029
      9.55000      0.55957      0.76816      0.07184
      9.56000      0.69528      1.03904      0.07568
      9.57000      0.65334      0.93768      0.07586
      9.58000      0.56856      0.83275      0.05767
      9.59000      0.71864      1.07193      0.06521
      9.60000      0.85724      1.20612      0.08711
      9.61000      0.78857      1.14666      0.06988
      9.62000      0.83853      1.30003      0.06453
      9.63000      1.05414      1.57351      0.09859
      9.64000      1.07157      1.49753      0.11273
      9.65000      0.89183      1.15193      0.09858
      9.66000      0.65497      0.86816      0.06542
      9.67000      0.51469      0.85341      0.02390
      9.68000      0.54966      1.04273      0.00681
      9.69000      0.71940      1.33162      0.02076
      9.70000      0.96856      1.60634      0.06011
      9.71000      0.99024      1.46920      0.08288
      9.72000      0.61753      0.85777      0.05277
      9.73000      0.38405      0.55715      0.02426
      9.74000      0.64572      0.91811      0.05679
      9.75000      1.01397      1.33661      0.12025
      9.76000      0.85940      1.09273      0.11080
      9.77000      0.53378      0.75769      0.04512
      9.78000      0.48434      0.74739      0.02025
      9.79000      0.66269      1.01381      0.03733
      9.80000      0.78212      1.20904      0.05377
      9.81000      0.64810      0.93596      0.05659
      9.82000      0.50915      0.65624      0.05122
      9.83000      0.57558      0.74890      0.05592
      9.84000      0.84954      1.12763      0.08992
      9.85000      1.02419      1.42364      0.10812
      9.86000      0.93179      1.39921      0.09015
      9.87000      0.88453      1.26871      0.09005
      9.88000      1.04087      1.50287      0.08714
      9.89000      1.19837      1.94663      0.06754
      9.90000      1.03363      1.69973      0.06258
      9.91000      0.63973      0.94731      0.05342
      9.92000      0.51926      0.70875      0.04866
      9.93000      0.67181      0.95857      0.05833
      9.94000      0.80749      1.19949      0.06040
      9.95000      0.72113      1.11348      0.04586
      9.96000      0.55101      0.85199      0.03467
      9.97000      0.55398      0.74525      0.05431
      9.98000      0.59576      0.80802      0.06160
      9.99000      0.65386      0.97648      0.05012
     10.00000      0.79816      1.14854      0.05879
     10.01000      0.82044      1.15978      0.05712
     10.02000      0.90103      1.33420      0.06259
     10.03000      1.04762      1.51186      0.09605
     10.04000      0.94554      1.24037      0.11028
     10.05000      0.68483      0.80787      0.08834
     10.06000      0.51275      0.63295      0.04773
     10.07000      0.40475      0.54785      0.02370
     10.08000      0.45377      0.63584      0.03348
     10.09000      0.67236      1.03607      0.04734
     10.10000      0.88994      1.44470      0.05716
     10.11000      0.92559      1.47833      0.06153
     10.12000      0.90762      1.38420      0.06258
     10.13000      0.98309      1.45969      0.06629
     10.14000      0.97040      1.49605      0.06031
     10.15000      0.91638      1.48271      0.05382
     10.16000      0.80714      1.21831      0.05671
     10.17000      0.71114      0.96044      0.06036
     10.18000      0.76156      0.97159      0.07957
     10.19000      0.82388      1.01812      0.09262
     10.20000      0.88672      1.12905      0.09513
     10.21000      1.12631      1.48246      0.11877
     10.22000      1.13340      1.50563      0.11340
     10.23000      0.64216      0.91389      0.05094
     10.24000      0.24266      0.39003      0.00935
     10.25000      0.26173      0.44277      0.00232
     10.26000      0.49636      0.78375      0.01453
     10.27000      0.80449      1.09821      0.05081
     10.28000      1.00892      1.34683      0.07765
     10.29000      1.04752      1.59012      0.06435
     10.30000      0.96874      1.56266      0.05104
     10.31000      0.81717      1.20106      0.06393
     10.32000      0.77524      0.99061      0.08489
     10.33000      0.69066      0.86387      0.06768
     10.34000      0.65685      0.90162      0.04094
     10.35000      0.75805      1.07188      0.04179
     10.36000      0.82408      1.12149      0.06125
     10.37000      0.84310      1.12618      0.08145
     10.38000      0.79882      1.05786      0.07412
     10.39000      0.68792      0.89537      0.05411
     10.40000      0.62126      0.84053      0.05256
     10.41000      0.78427      1.16640      0.06101
     10.42000      1.13410      1.72202      0.06879
     10.43000      1.24672      1.82635      0.06990
     10.44000      1.15541      1.61477      0.07487
     10.45000      1.12370      1.52294      0.08998
     10.46000      0.85845      1.11241      0.07586
     10.47000      0.56936      0.72530      0.04392
     10.48000      0.49686      0.74510      0.02380
     10.49000      0.72027      1.13791      0.03559
     10.50000      1.00502      1.45560      0.06151
     10.51000      1.05782      1.35162      0.08153
     10.52000      1.05788      1.29934      0.08652
     10.53000      0.90732      1.23809      0.06172
     10.54000      0.65909      1.01559      0.03721
     10.55000      0.73918      1.11210      0.04666
     10.56000      1.10587      1.65223      0.06157
     10.57000      1.22798      1.87190      0.05589
     10.58000      1.10384      1.66428      0.04538
     10.59000      1.08383      1.49647      0.06027
     10.60000      1.05470      1.40601      0.06245
     10.61000      0.90878      1.28632      0.04079
     10.62000      0.83093      1.12084      0.04739
     10.63000      0.75024      0.87267      0.06138
     10.64000      0.84144      0.88401      0.07505
     10.65000      0.97466      1.00710      0.08865
     10.66000      0.99901      1.07518      0.08921
     10.67000      1.03883      1.21359      0.08217
     10.68000      0.86836      1.07229      0.05115
     10.69000      0.60295      0.72093      0.02969
     10.70000      0.57412      0.64988      0.03744
     10.71000      0.81537      1.00618      0.04186
     10.72000      1.13980      1.43512      0.04422
     10.73000      1.23240      1.48700      0.05896
     10.74000      1.29441      1.52549      0.07645
     10.75000      1.37077      1.68839      0.07390
     10.76000      1.30761      1.83703      0.04628
     10.77000      1.19889      1.72587      0.03550
     10.78000      1.25748      1.68812      0.04243
     10.79000      1.45515      1.96711      0.05138
     10.80000      1.55402      2.10909      0.05642
     10.81000      1.68702      2.11760      0.06765
     10.82000      1.75756      2.17287      0.06884
     10.83000      1.79675      2.29913      0.04951
     10.84000      1.89812      2.29680      0.03580
     10.85000      1.97416      2.19329      0.02937
     10.86000      2.35688      2.56112      0.03052
     10.87000      2.53776      2.80832      0.02871
     10.88000      2.21897      2.46891      0.01994
     10.89000      1.97140      2.22178      0.01476
     10.90000      1.87545      2.15723      0.01170
     10.91000      1.26949      1.51086      0.00583
     10.92000      0.65692      1.01114      0.00134
     10.93000      0.51958      1.05777      0.00013
     10.94000      0.35672      0.75831      0.00000
     10.95000      0.20730      0.43612      0.00000
     10.96000      0.23179      0.48345      0.00000
     10.97000      0.34622      0.72214      0.00000
     10.98000      0.40614      0.85280      0.00000
     10.99000      0.29821      0.63635      0.00000
     11.00000      0.25486      0.55581      0.00000
     11.01000      0.24754      0.54161      0.00000
     11.02000      0.13331      0.29099      0.00000
     11.03000      0.03157      0.06880      0.00000
     11.04000      0.00460      0.00997      0.00000
     11.05000      0.02412      0.05191      0.00000
     11.06000      0.13877      0.29870      0.00000
     11.07000      0.32482      0.69829      0.00000
     11.08000      0.34541      0.73904      0.00000
     11.09000      0.22426      0.47312      0.00000
     11.10000      0.17029      0.35129      0.00000
     11.11000      0.12179      0.24967      0.00000
     11.12000      0.07727      0.16221      0.00000
     11.13000      0.19266      0.41365      0.00000
     11.14000      0.43630      0.93300      0.00000
     11.15000      0.59045      1.25213      0.00000
     11.16000      0.52561      1.10933      0.00000
     11.17000      0.35332      0.74920      0.00000
     11.18000      0.24797      0.53200      0.00000
     11.19000      0.28539      0.60585      0.00000
     11.20000      0.36779      0.77565      0.00000
     11.21000      0.29003      0.60923      0.00000
     11.22000      0.34036      0.71292      0.00000
     11.23000      0.55717      1.18454      0.00000
     11.24000      0.52228      1.12395      0.00000
     11.25000      0.23476      0.50812      0.00000
     11.26000      0.04774      0.10352      0.00000
     11.27000      0.01350      0.02981      0.00000
     11.28000      0.05944      0.13199      0.00000
     11.29000      0.14638      0.32219      0.00000
     11.30000      0.19664      0.41787      0.00000
     11.31000      0.27164      0.55777      0.00000
     11.32000      0.35615      0.73616      0.00000
     11.33000      0.33055      0.69304      0.00000
     11.34000      0.33315      0.70781      0.00000
     11.35000      0.39064      0.82387      0.00000
     11.36000      0.31748      0.65360      0.00000
     11.37000      0.25090      0.50230      0.00000
     11.38000      0.24056      0.47378      0.00000
     11.39000      0.16114      0.31413      0.00000
     11.40000      0.05457      0.10605      0.00000
     11.41000      0.03112      0.06380      0.00000
     11.42000      0.12971      0.27189      0.00000
     11.43000      0.26802      0.56513      0.00000
     11.44000      0.23698      0.49927      0.00000
     11.45000      0.16666      0.34107      0.00000
     11.46000      0.14078      0.28182      0.00000
     11.47000      0.06383      0.12750      0.00000
     11.48000      0.02498      0.05194      0.00000
     11.49000      0.07361      0.15769      0.00000
     11.50000      0.13903      0.29809      0.00000
     11.51000      0.12082      0.26001      0.00000
     11.52000      0.16987      0.37014      0.00000
     11.53000      0.33772      0.73905      0.00000
     11.54000      0.38272      0.84053      0.00000
     11.55000      0.32320      0.70896      0.00000
     11.56000      0.29922      0.63771      0.00000
     11.57000      0.33532      0.69310      0.00000
     11.58000      0.40398      0.83662      0.00000
     11.59000      0.41259      0.85594      0.00000
     11.60000      0.24864      0.51473      0.00000
     11.61000      0.17549      0.35821      0.00000
     11.62000      0.32569      0.64786      0.00000
     11.63000      0.42885      0.83653      0.00000
     11.64000      0.38081      0.73768      0.00000
     11.65000      0.33491      0.66098      0.00000
     11.66000      0.27514      0.56020      0.00000
     11.67000      0.15245      0.31748      0.00000
     11.68000      0.04222      0.08883      0.00000
     11.69000      0.00485      0.01024      0.00000
     11.70000      0.00021      0.00045      0.00000
     11.71000      0.00000      0.00001      0.00000
     11.72000      0.00000      0.00001      0.00000
     11.73000      0.00033      0.00067      0.00000
     11.74000      0.00925      0.01885      0.00000
     11.75000      0.09796      0.19905      0.00000
     11.76000      0.39375      0.79780      0.00000
     11.77000      0.62650      1.26521      0.00000
     11.78000      0.47433      0.94740      0.00000
