Energy-E_F (eV)    DOS (1/eV)    PDOS (1/eV)  of atom type B  N  
     -4.99000      0.75276      0.28464      0.46812
     -4.98000      0.86555      0.32791      0.53764
     -4.97000      1.13064      0.42600      0.70465
     -4.96000      1.35472      0.51355      0.84117
     -4.95000      1.23334      0.47102      0.76232
     -4.94000      0.88739      0.33790      0.54949
     -4.93000      0.67624      0.25407      0.42217
     -4.92000      0.73536      0.27496      0.46040
     -4.91000      0.95346      0.36093      0.59253
     -4.90000      1.19555      0.45208      0.74348
     -4.89000      1.39931      0.52124      0.87807
     -4.88000      1.59761      0.59309      1.00451
     -4.87000      1.50247      0.56250      0.93996
     -4.86000      1.13203      0.42108      0.71095
     -4.85000      0.86310      0.31580      0.54730
     -4.84000      0.87289      0.31951      0.55338
     -4.83000      1.06544      0.39235      0.67309
     -4.82000      0.96223      0.35564      0.60660
     -4.81000      0.78574      0.28860      0.49715
     -4.80000      1.03926      0.38196      0.65730
     -4.79000      1.34737      0.50202      0.84535
     -4.78000      1.42941      0.53827      0.89115
     -4.77000      1.41674      0.53631      0.88043
     -4.76000      1.41128      0.53537      0.87591
     -4.75000      1.47272      0.55584      0.91687
     -4.74000      1.72842      0.64050      1.08792
     -4.73000      1.85944      0.68116      1.17829
     -4.72000      1.52944      0.56109      0.96836
     -4.71000      1.14811      0.42496      0.72315
     -4.70000      1.16789      0.43844      0.72945
     -4.69000      1.36936      0.51193      0.85742
     -4.68000      1.29394      0.47509      0.81885
     -4.67000      1.11543      0.40534      0.71009
     -4.66000      1.01765      0.37402      0.64364
     -4.65000      1.04089      0.39166      0.64923
     -4.64000      1.16945      0.43632      0.73312
     -4.63000      1.26915      0.46695      0.80220
     -4.62000      1.21760      0.45122      0.76637
     -4.61000      1.26715      0.47717      0.78998
     -4.60000      1.30907      0.49763      0.81144
     -4.59000      1.13536      0.43134      0.70403
     -4.58000      1.02472      0.38321      0.64151
     -4.57000      1.10477      0.41103      0.69374
     -4.56000      0.97004      0.36147      0.60857
     -4.55000      0.61897      0.22803      0.39093
     -4.54000      0.85002      0.30597      0.54405
     -4.53000      1.34601      0.48135      0.86467
     -4.52000      1.33250      0.47913      0.85337
     -4.51000      1.02035      0.37589      0.64446
     -4.50000      0.79109      0.29867      0.49243
     -4.49000      0.77586      0.29268      0.48317
     -4.48000      0.95855      0.35435      0.60420
     -4.47000      1.03926      0.38310      0.65617
     -4.46000      1.17827      0.44139      0.73688
     -4.45000      1.22988      0.46009      0.76979
     -4.44000      1.04187      0.38517      0.65669
     -4.43000      0.99303      0.36580      0.62723
     -4.42000      0.96315      0.35099      0.61216
     -4.41000      0.78485      0.28475      0.50010
     -4.40000      0.44741      0.16438      0.28303
     -4.39000      0.48843      0.17960      0.30882
     -4.38000      0.86332      0.31620      0.54711
     -4.37000      1.01461      0.37410      0.64051
     -4.36000      1.03602      0.38907      0.64695
     -4.35000      1.12170      0.42326      0.69844
     -4.34000      1.08060      0.39578      0.68481
     -4.33000      0.94587      0.33456      0.61130
     -4.32000      0.93908      0.33438      0.60470
     -4.31000      1.11798      0.40794      0.71004
     -4.30000      1.10608      0.40981      0.69627
     -4.29000      0.79085      0.29045      0.50040
     -4.28000      0.66644      0.24057      0.42587
     -4.27000      0.76719      0.28384      0.48334
     -4.26000      0.88131      0.33257      0.54874
     -4.25000      0.90312      0.34510      0.55802
     -4.24000      0.93054      0.35427      0.57626
     -4.23000      1.11600      0.41373      0.70227
     -4.22000      1.10902      0.40044      0.70858
     -4.21000      0.70931      0.25297      0.45635
     -4.20000      0.50828      0.18184      0.32643
     -4.19000      0.75974      0.27113      0.48860
     -4.18000      0.97574      0.35139      0.62434
     -4.17000      0.88720      0.32800      0.55920
     -4.16000      0.67711      0.25948      0.41763
     -4.15000      0.55486      0.21263      0.34223
     -4.14000      0.60206      0.21880      0.38326
     -4.13000      0.80297      0.28595      0.51701
     -4.12000      1.06543      0.38141      0.68402
     -4.11000      1.08096      0.38490      0.69607
     -4.10000      0.95238      0.33690      0.61548
     -4.09000      0.87537      0.31265      0.56273
     -4.08000      0.81902      0.30213      0.51689
     -4.07000      0.86720      0.32438      0.54281
     -4.06000      0.84170      0.31051      0.53119
     -4.05000      0.76159      0.27472      0.48687
     -4.04000      0.81052      0.28993      0.52060
     -4.03000      0.87843      0.32286      0.55557
     -4.02000      0.96193      0.35889      0.60303
     -4.01000      0.96495      0.35849      0.60646
     -4.00000      0.78303      0.29197      0.49106
     -3.99000      0.61656      0.22336      0.39320
     -3.98000      0.71765      0.25219      0.46546
     -3.97000      0.71761      0.25024      0.46736
     -3.96000      0.62548      0.22074      0.40474
     -3.95000      0.72835      0.26631      0.46204
     -3.94000      0.82903      0.30554      0.52349
     -3.93000      0.67195      0.24380      0.42816
     -3.92000      0.51821      0.18858      0.32964
     -3.91000      0.57954      0.21887      0.36067
     -3.90000      0.74609      0.27678      0.46931
     -3.89000      1.04311      0.37091      0.67220
     -3.88000      1.23143      0.43529      0.79614
     -3.87000      1.14114      0.41012      0.73102
     -3.86000      1.10866      0.40727      0.70139
     -3.85000      0.98494      0.36010      0.62484
     -3.84000      0.71264      0.25176      0.46087
     -3.83000      0.56868      0.19903      0.36965
     -3.82000      0.62271      0.22454      0.39817
     -3.81000      0.68216      0.25083      0.43133
     -3.80000      0.63966      0.23226      0.40739
     -3.79000      0.60343      0.21432      0.38911
     -3.78000      0.77055      0.27438      0.49617
     -3.77000      0.90982      0.32264      0.58718
     -3.76000      0.74400      0.26370      0.48030
     -3.75000      0.62321      0.22513      0.39808
     -3.74000      0.61296      0.22366      0.38929
     -3.73000      0.60212      0.22304      0.37908
     -3.72000      0.70634      0.26282      0.44352
     -3.71000      0.86106      0.31215      0.54891
     -3.70000      0.87679      0.31106      0.56573
     -3.69000      0.83133      0.29308      0.53825
     -3.68000      0.84271      0.30238      0.54033
     -3.67000      0.74972      0.27433      0.47539
     -3.66000      0.70903      0.25319      0.45584
     -3.65000      0.66044      0.22409      0.43636
     -3.64000      0.54295      0.17884      0.36411
     -3.63000      0.52104      0.17540      0.34564
     -3.62000      0.58574      0.20047      0.38527
     -3.61000      0.74710      0.25825      0.48885
     -3.60000      0.95878      0.34613      0.61265
     -3.59000      1.01884      0.38130      0.63754
     -3.58000      0.93964      0.35020      0.58944
     -3.57000      0.82279      0.30259      0.52020
     -3.56000      0.72286      0.26336      0.45950
     -3.55000      0.70704      0.25232      0.45472
     -3.54000      0.73936      0.26441      0.47495
     -3.53000      0.68447      0.24392      0.44055
     -3.52000      0.69484      0.23907      0.45577
     -3.51000      0.81879      0.27990      0.53889
     -3.50000      0.81015      0.28278      0.52737
     -3.49000      0.79633      0.28509      0.51124
     -3.48000      0.75692      0.27350      0.48342
     -3.47000      0.70067      0.25132      0.44935
     -3.46000      0.59252      0.21311      0.37941
     -3.45000      0.48333      0.18048      0.30285
     -3.44000      0.36767      0.13715      0.23051
     -3.43000      0.29882      0.10216      0.19666
     -3.42000      0.46028      0.15072      0.30956
     -3.41000      0.74816      0.25025      0.49791
     -3.40000      1.06172      0.36306      0.69866
     -3.39000      1.06120      0.37071      0.69049
     -3.38000      0.77599      0.27169      0.50429
     -3.37000      0.60778      0.20962      0.39816
     -3.36000      0.66013      0.23419      0.42595
     -3.35000      0.78229      0.28111      0.50118
     -3.34000      0.70043      0.25047      0.44997
     -3.33000      0.73966      0.26186      0.47779
     -3.32000      0.93792      0.33032      0.60760
     -3.31000      0.84162      0.29868      0.54294
     -3.30000      0.77555      0.27857      0.49698
     -3.29000      0.72524      0.26073      0.46452
     -3.28000      0.52503      0.18561      0.33942
     -3.27000      0.59634      0.20265      0.39370
     -3.26000      0.78165      0.26179      0.51986
     -3.25000      0.65976      0.22282      0.43695
     -3.24000      0.45397      0.15717      0.29680
     -3.23000      0.61825      0.21550      0.40275
     -3.22000      0.77032      0.26869      0.50162
     -3.21000      0.71234      0.25779      0.45455
     -3.20000      0.77495      0.28858      0.48637
     -3.19000      0.77231      0.27790      0.49441
     -3.18000      0.62048      0.21053      0.40995
     -3.17000      0.46153      0.15754      0.30399
     -3.16000      0.34884      0.12739      0.22145
     -3.15000      0.26030      0.09422      0.16608
     -3.14000      0.34619      0.11301      0.23319
     -3.13000      0.73280      0.23726      0.49554
     -3.12000      1.13483      0.37669      0.75814
     -3.11000      1.29758      0.44105      0.85653
     -3.10000      1.27584      0.44606      0.82978
     -3.09000      1.11669      0.40153      0.71516
     -3.08000      0.80042      0.28844      0.51198
     -3.07000      0.56547      0.19648      0.36899
     -3.06000      0.47937      0.16283      0.31654
     -3.05000      0.37642      0.12929      0.24713
     -3.04000      0.29774      0.09773      0.20001
     -3.03000      0.32511      0.10136      0.22375
     -3.02000      0.45133      0.14734      0.30400
     -3.01000      0.72113      0.24893      0.47220
     -3.00000      0.92705      0.32291      0.60414
     -2.99000      0.79908      0.27789      0.52119
     -2.98000      0.59610      0.20730      0.38880
     -2.97000      0.59870      0.20511      0.39359
     -2.96000      0.68148      0.23028      0.45120
     -2.95000      0.62958      0.21174      0.41784
     -2.94000      0.48912      0.16229      0.32683
     -2.93000      0.43203      0.14447      0.28756
     -2.92000      0.54171      0.18373      0.35798
     -2.91000      0.67770      0.23769      0.44001
     -2.90000      0.89663      0.32977      0.56685
     -2.89000      1.17685      0.43125      0.74559
     -2.88000      1.02189      0.35851      0.66338
     -2.87000      0.73045      0.24263      0.48782
     -2.86000      0.63042      0.20265      0.42777
     -2.85000      0.51465      0.16159      0.35306
     -2.84000      0.41871      0.13435      0.28437
     -2.83000      0.43907      0.14501      0.29406
     -2.82000      0.56508      0.18144      0.38365
     -2.81000      0.78928      0.25200      0.53728
     -2.80000      0.86538      0.28456      0.58082
     -2.79000      0.88431      0.30286      0.58145
     -2.78000      0.69249      0.24196      0.45053
     -2.77000      0.50813      0.17477      0.33336
     -2.76000      0.55498      0.18709      0.36789
     -2.75000      0.41735      0.14191      0.27544
     -2.74000      0.33072      0.11195      0.21877
     -2.73000      0.47963      0.15791      0.32172
     -2.72000      0.66819      0.22012      0.44807
     -2.71000      0.81092      0.26780      0.54312
     -2.70000      0.91208      0.30497      0.60711
     -2.69000      1.03264      0.35478      0.67787
     -2.68000      0.84400      0.29511      0.54890
     -2.67000      0.52474      0.18738      0.33736
     -2.66000      0.41744      0.14444      0.27300
     -2.65000      0.44036      0.13693      0.30343
     -2.64000      0.49379      0.15049      0.34330
     -2.63000      0.58603      0.19567      0.39036
     -2.62000      0.67286      0.24128      0.43157
     -2.61000      0.68947      0.24264      0.44683
     -2.60000      0.65453      0.22360      0.43093
     -2.59000      0.60318      0.20694      0.39624
     -2.58000      0.70620      0.23047      0.47573
     -2.57000      0.83096      0.25445      0.57650
     -2.56000      0.76243      0.22810      0.53433
     -2.55000      0.61341      0.18927      0.42414
     -2.54000      0.46700      0.15164      0.31536
     -2.53000      0.43761      0.14775      0.28987
     -2.52000      0.55486      0.19247      0.36239
     -2.51000      0.83888      0.28903      0.54985
     -2.50000      1.06208      0.35768      0.70440
     -2.49000      0.98467      0.32241      0.66226
     -2.48000      0.72673      0.23424      0.49249
     -2.47000      0.50428      0.16690      0.33738
     -2.46000      0.39286      0.13095      0.26191
     -2.45000      0.39203      0.12354      0.26849
     -2.44000      0.46113      0.14610      0.31503
     -2.43000      0.52935      0.16913      0.36022
     -2.42000      0.64399      0.20468      0.43932
     -2.41000      0.79101      0.25987      0.53114
     -2.40000      0.71942      0.23977      0.47964
     -2.39000      0.59478      0.18834      0.40643
     -2.38000      0.63407      0.19602      0.43806
     -2.37000      0.57695      0.19081      0.38614
     -2.36000      0.40846      0.14648      0.26198
     -2.35000      0.47323      0.16947      0.30375
     -2.34000      0.75126      0.25435      0.49690
     -2.33000      0.97602      0.32352      0.65250
     -2.32000      0.85771      0.28718      0.57053
     -2.31000      0.51457      0.17248      0.34209
     -2.30000      0.35520      0.10917      0.24603
     -2.29000      0.53897      0.15250      0.38647
     -2.28000      0.68769      0.19752      0.49017
     -2.27000      0.71100      0.21531      0.49569
     -2.26000      0.78169      0.24466      0.53704
     -2.25000      0.90160      0.28820      0.61340
     -2.24000      0.85137      0.27501      0.57637
     -2.23000      0.55397      0.17814      0.37583
     -2.22000      0.33753      0.10786      0.22967
     -2.21000      0.33676      0.11040      0.22637
     -2.20000      0.51732      0.17068      0.34664
     -2.19000      0.78295      0.25641      0.52654
     -2.18000      0.94088      0.30008      0.64080
     -2.17000      0.78762      0.24591      0.54171
     -2.16000      0.60084      0.19200      0.40884
     -2.15000      0.58441      0.18978      0.39463
     -2.14000      0.63842      0.19843      0.44000
     -2.13000      0.65870      0.20353      0.45517
     -2.12000      0.60058      0.19098      0.40960
     -2.11000      0.59785      0.18692      0.41093
     -2.10000      0.51680      0.15781      0.35899
     -2.09000      0.51267      0.16238      0.35029
     -2.08000      0.68669      0.21753      0.46915
     -2.07000      0.76149      0.23480      0.52669
     -2.06000      0.60409      0.19309      0.41100
     -2.05000      0.44036      0.15415      0.28621
     -2.04000      0.36218      0.12604      0.23614
     -2.03000      0.47994      0.14972      0.33022
     -2.02000      0.67013      0.20143      0.46871
     -2.01000      0.57701      0.17039      0.40662
     -2.00000      0.60578      0.18118      0.42460
     -1.99000      0.89421      0.27155      0.62266
     -1.98000      0.97434      0.29122      0.68312
     -1.97000      0.84164      0.25554      0.58610
     -1.96000      0.79839      0.25174      0.54665
     -1.95000      0.81505      0.25300      0.56205
     -1.94000      0.73976      0.22034      0.51943
     -1.93000      0.53090      0.15259      0.37830
     -1.92000      0.43837      0.13376      0.30461
     -1.91000      0.46529      0.15435      0.31094
     -1.90000      0.44241      0.14547      0.29694
     -1.89000      0.46882      0.14290      0.32592
     -1.88000      0.63941      0.18789      0.45151
     -1.87000      0.87071      0.26103      0.60968
     -1.86000      0.81496      0.24807      0.56689
     -1.85000      0.66355      0.20107      0.46248
     -1.84000      0.68505      0.20401      0.48104
     -1.83000      0.67905      0.19965      0.47940
     -1.82000      0.56038      0.17044      0.38993
     -1.81000      0.58002      0.17885      0.40117
     -1.80000      0.59837      0.17859      0.41978
     -1.79000      0.53090      0.16017      0.37073
     -1.78000      0.51386      0.14977      0.36408
     -1.77000      0.50694      0.13500      0.37194
     -1.76000      0.35715      0.09131      0.26583
     -1.75000      0.13114      0.03322      0.09792
     -1.74000      0.10917      0.02728      0.08189
     -1.73000      0.30489      0.07605      0.22885
     -1.72000      0.49270      0.12302      0.36968
     -1.71000      0.55326      0.13853      0.41474
     -1.70000      0.60168      0.15103      0.45065
     -1.69000      0.66866      0.16734      0.50133
     -1.68000      0.61905      0.15431      0.46474
     -1.67000      0.45090      0.11218      0.33872
     -1.66000      0.46070      0.11401      0.34669
     -1.65000      0.54909      0.13531      0.41378
     -1.64000      0.46523      0.11447      0.35076
     -1.63000      0.29071      0.07153      0.21918
     -1.62000      0.19806      0.04872      0.14934
     -1.61000      0.20609      0.05038      0.15572
     -1.60000      0.36364      0.08806      0.27558
     -1.59000      0.54520      0.13154      0.41367
     -1.58000      0.53379      0.12851      0.40528
     -1.57000      0.43950      0.10594      0.33356
     -1.56000      0.40295      0.09744      0.30551
     -1.55000      0.49315      0.11896      0.37419
     -1.54000      0.50361      0.12110      0.38252
     -1.53000      0.36143      0.08662      0.27481
     -1.52000      0.32506      0.07740      0.24766
     -1.51000      0.46953      0.11133      0.35821
     -1.50000      0.46877      0.11063      0.35814
     -1.49000      0.32331      0.07599      0.24732
     -1.48000      0.30999      0.07285      0.23714
     -1.47000      0.33864      0.07926      0.25938
     -1.46000      0.33678      0.07806      0.25872
     -1.45000      0.36019      0.08308      0.27711
     -1.44000      0.32861      0.07589      0.25273
     -1.43000      0.38779      0.08984      0.29795
     -1.42000      0.66470      0.15430      0.51041
     -1.41000      0.83011      0.19288      0.63723
     -1.40000      0.71497      0.16572      0.54925
     -1.39000      0.58727      0.13541      0.45186
     -1.38000      0.58158      0.13338      0.44821
     -1.37000      0.49440      0.11311      0.38128
     -1.36000      0.38087      0.08669      0.29417
     -1.35000      0.46551      0.10463      0.36088
     -1.34000      0.57208      0.12775      0.44433
     -1.33000      0.53922      0.12021      0.41901
     -1.32000      0.45653      0.10168      0.35485
     -1.31000      0.40624      0.09000      0.31624
     -1.30000      0.38780      0.08542      0.30238
     -1.29000      0.34209      0.07548      0.26661
     -1.28000      0.44657      0.09879      0.34778
     -1.27000      0.67430      0.14864      0.52566
     -1.26000      0.69823      0.15308      0.54515
     -1.25000      0.60374      0.13146      0.47228
     -1.24000      0.54307      0.11723      0.42584
     -1.23000      0.51105      0.10995      0.40110
     -1.22000      0.38663      0.08289      0.30374
     -1.21000      0.44355      0.09415      0.34940
     -1.20000      0.55473      0.11709      0.43764
     -1.19000      0.43547      0.09146      0.34401
     -1.18000      0.33148      0.06947      0.26202
     -1.17000      0.37375      0.07782      0.29593
     -1.16000      0.46329      0.09562      0.36767
     -1.15000      0.64719      0.13434      0.51286
     -1.14000      0.98066      0.20590      0.77476
     -1.13000      1.03669      0.21841      0.81828
     -1.12000      0.87676      0.18340      0.69336
     -1.11000      0.80736      0.16679      0.64057
     -1.10000      0.80349      0.16399      0.63949
     -1.09000      0.76219      0.15414      0.60805
     -1.08000      0.73774      0.14812      0.58962
     -1.07000      0.70165      0.13992      0.56173
     -1.06000      0.70009      0.13832      0.56178
     -1.05000      0.75670      0.14811      0.60859
     -1.04000      0.79659      0.15459      0.64201
     -1.03000      0.88207      0.16973      0.71234
     -1.02000      1.08754      0.20835      0.87920
     -1.01000      1.24348      0.23953      1.00395
     -1.00000      0.98565      0.19241      0.79324
     -0.99000      0.66293      0.13020      0.53274
     -0.98000      0.59615      0.11552      0.48062
     -0.97000      0.69852      0.13323      0.56529
     -0.96000      0.73497      0.13879      0.59617
     -0.95000      0.50709      0.09490      0.41219
     -0.94000      0.29462      0.05432      0.24031
     -0.93000      0.23679      0.04318      0.19362
     -0.92000      0.25155      0.04571      0.20584
     -0.91000      0.32098      0.05826      0.26273
     -0.90000      0.51939      0.09480      0.42458
     -0.89000      1.07066      0.19888      0.87177
     -0.88000      1.83377      0.34503      1.48874
     -0.87000      1.68062      0.31701      1.36360
     -0.86000      0.75677      0.14134      0.61543
     -0.85000      0.28973      0.05224      0.23749
     -0.84000      0.17777      0.03128      0.14649
     -0.83000      0.20070      0.03501      0.16569
     -0.82000      0.26247      0.04579      0.21668
     -0.81000      0.25875      0.04509      0.21366
     -0.80000      0.29454      0.05121      0.24333
     -0.79000      0.33183      0.05789      0.27395
     -0.78000      0.41171      0.07218      0.33953
     -0.77000      0.62344      0.11005      0.51340
     -0.76000      0.78499      0.13884      0.64615
     -0.75000      0.65980      0.11548      0.54432
     -0.74000      0.35412      0.06081      0.29331
     -0.73000      0.22373      0.03774      0.18599
     -0.72000      0.23507      0.03938      0.19569
     -0.71000      0.29084      0.04849      0.24235
     -0.70000      0.35272      0.05864      0.29408
     -0.69000      0.43295      0.07184      0.36111
     -0.68000      0.48440      0.08036      0.40403
     -0.67000      0.56365      0.09357      0.47008
     -0.66000      0.70129      0.11701      0.58427
     -0.65000      0.84161      0.14126      0.70035
     -0.64000      0.81426      0.13587      0.67839
     -0.63000      0.51159      0.08379      0.42780
     -0.62000      0.20522      0.03286      0.17236
     -0.61000      0.11800      0.01853      0.09947
     -0.60000      0.23603      0.03686      0.19917
     -0.59000      0.28943      0.04501      0.24442
     -0.58000      0.28634      0.04411      0.24223
     -0.57000      0.40231      0.06180      0.34051
     -0.56000      0.39527      0.06092      0.33435
     -0.55000      0.35423      0.05491      0.29933
     -0.54000      0.43819      0.06776      0.37043
     -0.53000      0.41424      0.06347      0.35077
     -0.52000      0.30013      0.04511      0.25502
     -0.51000      0.25440      0.03760      0.21680
     -0.50000      0.29455      0.04308      0.25147
     -0.49000      0.35571      0.05177      0.30395
     -0.48000      0.37641      0.05448      0.32193
     -0.47000      0.38424      0.05549      0.32875
     -0.46000      0.36553      0.05294      0.31259
     -0.45000      0.46772      0.06750      0.40021
     -0.44000      0.68155      0.09742      0.58413
     -0.43000      0.61784      0.08765      0.53019
     -0.42000      0.25470      0.03592      0.21878
     -0.41000      0.08484      0.01163      0.07321
     -0.40000      0.17925      0.02404      0.15521
     -0.39000      0.30078      0.04029      0.26049
     -0.38000      0.30204      0.04009      0.26195
     -0.37000      0.33306      0.04376      0.28929
     -0.36000      0.37702      0.04961      0.32741
     -0.35000      0.32878      0.04331      0.28547
     -0.34000      0.28691      0.03740      0.24952
     -0.33000      0.25786      0.03296      0.22489
     -0.32000      0.22595      0.02840      0.19755
     -0.31000      0.24127      0.03003      0.21125
     -0.30000      0.30742      0.03786      0.26956
     -0.29000      0.39368      0.04808      0.34560
     -0.28000      0.46879      0.05682      0.41197
     -0.27000      0.50229      0.06066      0.44162
     -0.26000      0.35789      0.04316      0.31472
     -0.25000      0.21365      0.02523      0.18842
     -0.24000      0.26498      0.03041      0.23457
     -0.23000      0.24597      0.02809      0.21788
     -0.22000      0.13340      0.01506      0.11834
     -0.21000      0.20743      0.02293      0.18451
     -0.20000      0.34796      0.03825      0.30971
     -0.19000      0.35353      0.03842      0.31512
     -0.18000      0.32244      0.03448      0.28796
     -0.17000      0.24475      0.02590      0.21885
     -0.16000      0.19984      0.02079      0.17905
     -0.15000      0.28077      0.02873      0.25204
     -0.14000      0.38390      0.03888      0.34502
     -0.13000      0.36550      0.03666      0.32884
     -0.12000      0.26860      0.02649      0.24211
     -0.11000      0.21822      0.02102      0.19719
     -0.10000      0.22434      0.02121      0.20313
     -0.09000      0.24666      0.02299      0.22367
     -0.08000      0.25346      0.02329      0.23016
     -0.07000      0.22535      0.02033      0.20502
     -0.06000      0.26082      0.02294      0.23787
     -0.05000      0.34376      0.02981      0.31395
     -0.04000      0.30042      0.02578      0.27464
     -0.03000      0.19982      0.01676      0.18305
     -0.02000      0.21193      0.01726      0.19467
     -0.01000      0.22437      0.01804      0.20633
      0.00000      0.13729      0.01096      0.12633
      0.01000      0.03888      0.00309      0.03579
      0.02000      0.00443      0.00035      0.00408
      0.03000      0.00019      0.00002      0.00018
      0.04000      0.00000      0.00000      0.00000
      0.05000      0.00000      0.00000      0.00000
      0.06000      0.00000      0.00000      0.00000
      0.07000      0.00000      0.00000      0.00000
      0.08000      0.00000      0.00000      0.00000
      0.09000      0.00000      0.00000      0.00000
      0.10000      0.00000      0.00000      0.00000
      0.11000      0.00000      0.00000      0.00000
      0.12000      0.00000      0.00000      0.00000
      0.13000      0.00000      0.00000      0.00000
      0.14000      0.00000      0.00000      0.00000
      0.15000      0.00000      0.00000      0.00000
      0.16000      0.00000      0.00000      0.00000
      0.17000      0.00000      0.00000      0.00000
      0.18000      0.00000      0.00000      0.00000
      0.19000      0.00000      0.00000      0.00000
      0.20000      0.00000      0.00000      0.00000
      0.21000      0.00000      0.00000      0.00000
      0.22000      0.00000      0.00000      0.00000
      0.23000      0.00000      0.00000      0.00000
      0.24000      0.00000      0.00000      0.00000
      0.25000      0.00000      0.00000      0.00000
      0.26000      0.00000      0.00000      0.00000
      0.27000      0.00000      0.00000      0.00000
      0.28000      0.00000      0.00000      0.00000
      0.29000      0.00000      0.00000      0.00000
      0.30000      0.00000      0.00000      0.00000
      0.31000      0.00000      0.00000      0.00000
      0.32000      0.00000      0.00000      0.00000
      0.33000      0.00000      0.00000      0.00000
      0.34000      0.00000      0.00000      0.00000
      0.35000      0.00000      0.00000      0.00000
      0.36000      0.00000      0.00000      0.00000
      0.37000      0.00000      0.00000      0.00000
      0.38000      0.00000      0.00000      0.00000
      0.39000      0.00000      0.00000      0.00000
      0.40000      0.00000      0.00000      0.00000
      0.41000      0.00000      0.00000      0.00000
      0.42000      0.00000      0.00000      0.00000
      0.43000      0.00000      0.00000      0.00000
      0.44000      0.00000      0.00000      0.00000
      0.45000      0.00000      0.00000      0.00000
      0.46000      0.00000      0.00000      0.00000
      0.47000      0.00000      0.00000      0.00000
      0.48000      0.00000      0.00000      0.00000
      0.49000      0.00000      0.00000      0.00000
      0.50000      0.00000      0.00000      0.00000
      0.51000      0.00000      0.00000      0.00000
      0.52000      0.00000      0.00000      0.00000
      0.53000      0.00000      0.00000      0.00000
      0.54000      0.00000      0.00000      0.00000
      0.55000      0.00000      0.00000      0.00000
      0.56000      0.00000      0.00000      0.00000
      0.57000      0.00000      0.00000      0.00000
      0.58000      0.00000      0.00000      0.00000
      0.59000      0.00000      0.00000      0.00000
      0.60000      0.00000      0.00000      0.00000
      0.61000      0.00000      0.00000      0.00000
      0.62000      0.00000      0.00000      0.00000
      0.63000      0.00000      0.00000      0.00000
      0.64000      0.00000      0.00000      0.00000
      0.65000      0.00000      0.00000      0.00000
      0.66000      0.00000      0.00000      0.00000
      0.67000      0.00000      0.00000      0.00000
      0.68000      0.00000      0.00000      0.00000
      0.69000      0.00000      0.00000      0.00000
      0.70000      0.00000      0.00000      0.00000
      0.71000      0.00000      0.00000      0.00000
      0.72000      0.00000      0.00000      0.00000
      0.73000      0.00000      0.00000      0.00000
      0.74000      0.00000      0.00000      0.00000
      0.75000      0.00000      0.00000      0.00000
      0.76000      0.00000      0.00000      0.00000
      0.77000      0.00000      0.00000      0.00000
      0.78000      0.00000      0.00000      0.00000
      0.79000      0.00000      0.00000      0.00000
      0.80000      0.00000      0.00000      0.00000
      0.81000      0.00000      0.00000      0.00000
      0.82000      0.00000      0.00000      0.00000
      0.83000      0.00000      0.00000      0.00000
      0.84000      0.00000      0.00000      0.00000
      0.85000      0.00000      0.00000      0.00000
      0.86000      0.00000      0.00000      0.00000
      0.87000      0.00000      0.00000      0.00000
      0.88000      0.00000      0.00000      0.00000
      0.89000      0.00000      0.00000      0.00000
      0.90000      0.00000      0.00000      0.00000
      0.91000      0.00000      0.00000      0.00000
      0.92000      0.00000      0.00000      0.00000
      0.93000      0.00000      0.00000      0.00000
      0.94000      0.00000      0.00000      0.00000
      0.95000      0.00000      0.00000      0.00000
      0.96000      0.00000      0.00000      0.00000
      0.97000      0.00000      0.00000      0.00000
      0.98000      0.00000      0.00000      0.00000
      0.99000      0.00000      0.00000      0.00000
      1.00000      0.00000      0.00000      0.00000
      1.01000      0.00000      0.00000      0.00000
      1.02000      0.00000      0.00000      0.00000
      1.03000      0.00000      0.00000      0.00000
      1.04000      0.00000      0.00000      0.00000
      1.05000      0.00000      0.00000      0.00000
      1.06000      0.00000      0.00000      0.00000
      1.07000      0.00000      0.00000      0.00000
      1.08000      0.00000      0.00000      0.00000
      1.09000      0.00000      0.00000      0.00000
      1.10000      0.00000      0.00000      0.00000
      1.11000      0.00000      0.00000      0.00000
      1.12000      0.00000      0.00000      0.00000
      1.13000      0.00000      0.00000      0.00000
      1.14000      0.00000      0.00000      0.00000
      1.15000      0.00000      0.00000      0.00000
      1.16000      0.00000      0.00000      0.00000
      1.17000      0.00000      0.00000      0.00000
      1.18000      0.00000      0.00000      0.00000
      1.19000      0.00000      0.00000      0.00000
      1.20000      0.00000      0.00000      0.00000
      1.21000      0.00000      0.00000      0.00000
      1.22000      0.00000      0.00000      0.00000
      1.23000      0.00000      0.00000      0.00000
      1.24000      0.00000      0.00000      0.00000
      1.25000      0.00000      0.00000      0.00000
      1.26000      0.00000      0.00000      0.00000
      1.27000      0.00000      0.00000      0.00000
      1.28000      0.00000      0.00000      0.00000
      1.29000      0.00000      0.00000      0.00000
      1.30000      0.00000      0.00000      0.00000
      1.31000      0.00000      0.00000      0.00000
      1.32000      0.00000      0.00000      0.00000
      1.33000      0.00000      0.00000      0.00000
      1.34000      0.00000      0.00000      0.00000
      1.35000      0.00000      0.00000      0.00000
      1.36000      0.00000      0.00000      0.00000
      1.37000      0.00000      0.00000      0.00000
      1.38000      0.00000      0.00000      0.00000
      1.39000      0.00000      0.00000      0.00000
      1.40000      0.00000      0.00000      0.00000
      1.41000      0.00000      0.00000      0.00000
      1.42000      0.00000      0.00000      0.00000
      1.43000      0.00000      0.00000      0.00000
      1.44000      0.00000      0.00000      0.00000
      1.45000      0.00000      0.00000      0.00000
      1.46000      0.00000      0.00000      0.00000
      1.47000      0.00000      0.00000      0.00000
      1.48000      0.00000      0.00000      0.00000
      1.49000      0.00000      0.00000      0.00000
      1.50000      0.00000      0.00000      0.00000
      1.51000      0.00000      0.00000      0.00000
      1.52000      0.00000      0.00000      0.00000
      1.53000      0.00000      0.00000      0.00000
      1.54000      0.00000      0.00000      0.00000
      1.55000      0.00000      0.00000      0.00000
      1.56000      0.00000      0.00000      0.00000
      1.57000      0.00000      0.00000      0.00000
      1.58000      0.00000      0.00000      0.00000
      1.59000      0.00000      0.00000      0.00000
      1.60000      0.00000      0.00000      0.00000
      1.61000      0.00000      0.00000      0.00000
      1.62000      0.00000      0.00000      0.00000
      1.63000      0.00000      0.00000      0.00000
      1.64000      0.00000      0.00000      0.00000
      1.65000      0.00000      0.00000      0.00000
      1.66000      0.00000      0.00000      0.00000
      1.67000      0.00000      0.00000      0.00000
      1.68000      0.00000      0.00000      0.00000
      1.69000      0.00000      0.00000      0.00000
      1.70000      0.00000      0.00000      0.00000
      1.71000      0.00000      0.00000      0.00000
      1.72000      0.00000      0.00000      0.00000
      1.73000      0.00000      0.00000      0.00000
      1.74000      0.00000      0.00000      0.00000
      1.75000      0.00000      0.00000      0.00000
      1.76000      0.00000      0.00000      0.00000
      1.77000      0.00000      0.00000      0.00000
      1.78000      0.00000      0.00000      0.00000
      1.79000      0.00000      0.00000      0.00000
      1.80000      0.00000      0.00000      0.00000
      1.81000      0.00000      0.00000      0.00000
      1.82000      0.00000      0.00000      0.00000
      1.83000      0.00000      0.00000      0.00000
      1.84000      0.00000      0.00000      0.00000
      1.85000      0.00000      0.00000      0.00000
      1.86000      0.00000      0.00000      0.00000
      1.87000      0.00000      0.00000      0.00000
      1.88000      0.00000      0.00000      0.00000
      1.89000      0.00000      0.00000      0.00000
      1.90000      0.00000      0.00000      0.00000
      1.91000      0.00000      0.00000      0.00000
      1.92000      0.00000      0.00000      0.00000
      1.93000      0.00000      0.00000      0.00000
      1.94000      0.00000      0.00000      0.00000
      1.95000      0.00000      0.00000      0.00000
      1.96000      0.00000      0.00000      0.00000
      1.97000      0.00000      0.00000      0.00000
      1.98000      0.00000      0.00000      0.00000
      1.99000      0.00000      0.00000      0.00000
      2.00000      0.00000      0.00000      0.00000
      2.01000      0.00000      0.00000      0.00000
      2.02000      0.00000      0.00000      0.00000
      2.03000      0.00000      0.00000      0.00000
      2.04000      0.00000      0.00000      0.00000
      2.05000      0.00000      0.00000      0.00000
      2.06000      0.00000      0.00000      0.00000
      2.07000      0.00000      0.00000      0.00000
      2.08000      0.00000      0.00000      0.00000
      2.09000      0.00000      0.00000      0.00000
      2.10000      0.00000      0.00000      0.00000
      2.11000      0.00000      0.00000      0.00000
      2.12000      0.00000      0.00000      0.00000
      2.13000      0.00000      0.00000      0.00000
      2.14000      0.00000      0.00000      0.00000
      2.15000      0.00000      0.00000      0.00000
      2.16000      0.00000      0.00000      0.00000
      2.17000      0.00000      0.00000      0.00000
      2.18000      0.00000      0.00000      0.00000
      2.19000      0.00000      0.00000      0.00000
      2.20000      0.00000      0.00000      0.00000
      2.21000      0.00000      0.00000      0.00000
      2.22000      0.00000      0.00000      0.00000
      2.23000      0.00000      0.00000      0.00000
      2.24000      0.00000      0.00000      0.00000
      2.25000      0.00000      0.00000      0.00000
      2.26000      0.00000      0.00000      0.00000
      2.27000      0.00000      0.00000      0.00000
      2.28000      0.00000      0.00000      0.00000
      2.29000      0.00000      0.00000      0.00000
      2.30000      0.00000      0.00000      0.00000
      2.31000      0.00000      0.00000      0.00000
      2.32000      0.00000      0.00000      0.00000
      2.33000      0.00000      0.00000      0.00000
      2.34000      0.00000      0.00000      0.00000
      2.35000      0.00000      0.00000      0.00000
      2.36000      0.00000      0.00000      0.00000
      2.37000      0.00000      0.00000      0.00000
      2.38000      0.00000      0.00000      0.00000
      2.39000      0.00000      0.00000      0.00000
      2.40000      0.00000      0.00000      0.00000
      2.41000      0.00000      0.00000      0.00000
      2.42000      0.00000      0.00000      0.00000
      2.43000      0.00000      0.00000      0.00000
      2.44000      0.00000      0.00000      0.00000
      2.45000      0.00000      0.00000      0.00000
      2.46000      0.00000      0.00000      0.00000
      2.47000      0.00000      0.00000      0.00000
      2.48000      0.00000      0.00000      0.00000
      2.49000      0.00000      0.00000      0.00000
      2.50000      0.00000      0.00000      0.00000
      2.51000      0.00000      0.00000      0.00000
      2.52000      0.00000      0.00000      0.00000
      2.53000      0.00000      0.00000      0.00000
      2.54000      0.00000      0.00000      0.00000
      2.55000      0.00000      0.00000      0.00000
      2.56000      0.00000      0.00000      0.00000
      2.57000      0.00000      0.00000      0.00000
      2.58000      0.00000      0.00000      0.00000
      2.59000      0.00000      0.00000      0.00000
      2.60000      0.00000      0.00000      0.00000
      2.61000      0.00000      0.00000      0.00000
      2.62000      0.00000      0.00000      0.00000
      2.63000      0.00000      0.00000      0.00000
      2.64000      0.00000      0.00000      0.00000
      2.65000      0.00000      0.00000      0.00000
      2.66000      0.00000      0.00000      0.00000
      2.67000      0.00000      0.00000      0.00000
      2.68000      0.00000      0.00000      0.00000
      2.69000      0.00000      0.00000      0.00000
      2.70000      0.00000      0.00000      0.00000
      2.71000      0.00000      0.00000      0.00000
      2.72000      0.00000      0.00000      0.00000
      2.73000      0.00000      0.00000      0.00000
      2.74000      0.00000      0.00000      0.00000
      2.75000      0.00000      0.00000      0.00000
      2.76000      0.00000      0.00000      0.00000
      2.77000      0.00000      0.00000      0.00000
      2.78000      0.00000      0.00000      0.00000
      2.79000      0.00000      0.00000      0.00000
      2.80000      0.00000      0.00000      0.00000
      2.81000      0.00000      0.00000      0.00000
      2.82000      0.00000      0.00000      0.00000
      2.83000      0.00000      0.00000      0.00000
      2.84000      0.00000      0.00000      0.00000
      2.85000      0.00000      0.00000      0.00000
      2.86000      0.00000      0.00000      0.00000
      2.87000      0.00000      0.00000      0.00000
      2.88000      0.00000      0.00000      0.00000
      2.89000      0.00000      0.00000      0.00000
      2.90000      0.00000      0.00000      0.00000
      2.91000      0.00000      0.00000      0.00000
      2.92000      0.00000      0.00000      0.00000
      2.93000      0.00000      0.00000      0.00000
      2.94000      0.00000      0.00000      0.00000
      2.95000      0.00000      0.00000      0.00000
      2.96000      0.00000      0.00000      0.00000
      2.97000      0.00000      0.00000      0.00000
      2.98000      0.00000      0.00000      0.00000
      2.99000      0.00000      0.00000      0.00000
      3.00000      0.00000      0.00000      0.00000
      3.01000      0.00000      0.00000      0.00000
      3.02000      0.00000      0.00000      0.00000
      3.03000      0.00000      0.00000      0.00000
      3.04000      0.00000      0.00000      0.00000
      3.05000      0.00000      0.00000      0.00000
      3.06000      0.00000      0.00000      0.00000
      3.07000      0.00000      0.00000      0.00000
      3.08000      0.00000      0.00000      0.00000
      3.09000      0.00000      0.00000      0.00000
      3.10000      0.00000      0.00000      0.00000
      3.11000      0.00000      0.00000      0.00000
      3.12000      0.00000      0.00000      0.00000
      3.13000      0.00000      0.00000      0.00000
      3.14000      0.00000      0.00000      0.00000
      3.15000      0.00000      0.00000      0.00000
      3.16000      0.00000      0.00000      0.00000
      3.17000      0.00000      0.00000      0.00000
      3.18000      0.00000      0.00000      0.00000
      3.19000      0.00000      0.00000      0.00000
      3.20000      0.00000      0.00000      0.00000
      3.21000      0.00000      0.00000      0.00000
      3.22000      0.00000      0.00000      0.00000
      3.23000      0.00000      0.00000      0.00000
      3.24000      0.00000      0.00000      0.00000
      3.25000      0.00000      0.00000      0.00000
      3.26000      0.00000      0.00000      0.00000
      3.27000      0.00000      0.00000      0.00000
      3.28000      0.00000      0.00000      0.00000
      3.29000      0.00000      0.00000      0.00000
      3.30000      0.00000      0.00000      0.00000
      3.31000      0.00000      0.00000      0.00000
      3.32000      0.00000      0.00000      0.00000
      3.33000      0.00000      0.00000      0.00000
      3.34000      0.00000      0.00000      0.00000
      3.35000      0.00000      0.00000      0.00000
      3.36000      0.00000      0.00000      0.00000
      3.37000      0.00000      0.00000      0.00000
      3.38000      0.00000      0.00000      0.00000
      3.39000      0.00000      0.00000      0.00000
      3.40000      0.00000      0.00000      0.00000
      3.41000      0.00000      0.00000      0.00000
      3.42000      0.00000      0.00000      0.00000
      3.43000      0.00000      0.00000      0.00000
      3.44000      0.00000      0.00000      0.00000
      3.45000      0.00000      0.00000      0.00000
      3.46000      0.00000      0.00000      0.00000
      3.47000      0.00000      0.00000      0.00000
      3.48000      0.00000      0.00000      0.00000
      3.49000      0.00000      0.00000      0.00000
      3.50000      0.00000      0.00000      0.00000
      3.51000      0.00000      0.00000      0.00000
      3.52000      0.00000      0.00000      0.00000
      3.53000      0.00000      0.00000      0.00000
      3.54000      0.00000      0.00000      0.00000
      3.55000      0.00000      0.00000      0.00000
      3.56000      0.00000      0.00000      0.00000
      3.57000      0.00000      0.00000      0.00000
      3.58000      0.00000      0.00000      0.00000
      3.59000      0.00000      0.00000      0.00000
      3.60000      0.00000      0.00000      0.00000
      3.61000      0.00000      0.00000      0.00000
      3.62000      0.00000      0.00000      0.00000
      3.63000      0.00000      0.00000      0.00000
      3.64000      0.00000      0.00000      0.00000
      3.65000      0.00000      0.00000      0.00000
      3.66000      0.00000      0.00000      0.00000
      3.67000      0.00000      0.00000      0.00000
      3.68000      0.00000      0.00000      0.00000
      3.69000      0.00000      0.00000      0.00000
      3.70000      0.00000      0.00000      0.00000
      3.71000      0.00000      0.00000      0.00000
      3.72000      0.00000      0.00000      0.00000
      3.73000      0.00000      0.00000      0.00000
      3.74000      0.00000      0.00000      0.00000
      3.75000      0.00000      0.00000      0.00000
      3.76000      0.00000      0.00000      0.00000
      3.77000      0.00000      0.00000      0.00000
      3.78000      0.00000      0.00000      0.00000
      3.79000      0.00000      0.00000      0.00000
      3.80000      0.00000      0.00000      0.00000
      3.81000      0.00000      0.00000      0.00000
      3.82000      0.00000      0.00000      0.00000
      3.83000      0.00000      0.00000      0.00000
      3.84000      0.00000      0.00000      0.00000
      3.85000      0.00000      0.00000      0.00000
      3.86000      0.00000      0.00000      0.00000
      3.87000      0.00000      0.00000      0.00000
      3.88000      0.00000      0.00000      0.00000
      3.89000      0.00000      0.00000      0.00000
      3.90000      0.00000      0.00000      0.00000
      3.91000      0.00000      0.00000      0.00000
      3.92000      0.00000      0.00000      0.00000
      3.93000      0.00000      0.00000      0.00000
      3.94000      0.00000      0.00000      0.00000
      3.95000      0.00000      0.00000      0.00000
      3.96000      0.00000      0.00000      0.00000
      3.97000      0.00000      0.00000      0.00000
      3.98000      0.00000      0.00000      0.00000
      3.99000      0.00000      0.00000      0.00000
      4.00000      0.00000      0.00000      0.00000
      4.01000      0.00000      0.00000      0.00000
      4.02000      0.00000      0.00000      0.00000
      4.03000      0.00000      0.00000      0.00000
      4.04000      0.00000      0.00000      0.00000
      4.05000      0.00000      0.00000      0.00000
      4.06000      0.00000      0.00000      0.00000
      4.07000      0.00000      0.00000      0.00000
      4.08000      0.00000      0.00000      0.00000
      4.09000      0.00000      0.00000      0.00000
      4.10000      0.00000      0.00000      0.00000
      4.11000      0.00000      0.00000      0.00000
      4.12000      0.00000      0.00000      0.00000
      4.13000      0.00000      0.00000      0.00000
      4.14000      0.00000      0.00000      0.00000
      4.15000      0.00000      0.00000      0.00000
      4.16000      0.00000      0.00000      0.00000
      4.17000      0.00000      0.00000      0.00000
      4.18000      0.00000      0.00000      0.00000
      4.19000      0.00000      0.00000      0.00000
      4.20000      0.00000      0.00000      0.00000
      4.21000      0.00000      0.00000      0.00000
      4.22000      0.00000      0.00000      0.00000
      4.23000      0.00000      0.00000      0.00000
      4.24000      0.00000      0.00000      0.00000
      4.25000      0.00000      0.00000      0.00000
      4.26000      0.00000      0.00000      0.00000
      4.27000      0.00000      0.00000      0.00000
      4.28000      0.00000      0.00000      0.00000
      4.29000      0.00000      0.00000      0.00000
      4.30000      0.00000      0.00000      0.00000
      4.31000      0.00000      0.00000      0.00000
      4.32000      0.00000      0.00000      0.00000
      4.33000      0.00000      0.00000      0.00000
      4.34000      0.00000      0.00000      0.00000
      4.35000      0.00000      0.00000      0.00000
      4.36000      0.00000      0.00000      0.00000
      4.37000      0.00000      0.00000      0.00000
      4.38000      0.00000      0.00000      0.00000
      4.39000      0.00000      0.00000      0.00000
      4.40000      0.00000      0.00000      0.00000
      4.41000      0.00000      0.00000      0.00000
      4.42000      0.00000      0.00000      0.00000
      4.43000      0.00000      0.00000      0.00000
      4.44000      0.00000      0.00000      0.00000
      4.45000      0.00000      0.00000      0.00000
      4.46000      0.00000      0.00000      0.00000
      4.47000      0.00000      0.00000      0.00000
      4.48000      0.00000      0.00000      0.00000
      4.49000      0.00000      0.00000      0.00000
      4.50000      0.00000      0.00000      0.00000
      4.51000      0.00000      0.00000      0.00000
      4.52000      0.00000      0.00000      0.00000
      4.53000      0.00000      0.00000      0.00000
      4.54000      0.00000      0.00000      0.00000
      4.55000      0.00000      0.00000      0.00000
      4.56000      0.00000      0.00000      0.00000
      4.57000      0.00000      0.00000      0.00000
      4.58000      0.00000      0.00000      0.00000
      4.59000      0.00000      0.00000      0.00000
      4.60000      0.00000      0.00000      0.00000
      4.61000      0.00000      0.00000      0.00000
      4.62000      0.00000      0.00000      0.00000
      4.63000      0.00000      0.00000      0.00000
      4.64000      0.00000      0.00000      0.00000
      4.65000      0.00000      0.00000      0.00000
      4.66000      0.00000      0.00000      0.00000
      4.67000      0.00000      0.00000      0.00000
      4.68000      0.00000      0.00000      0.00000
      4.69000      0.00000      0.00000      0.00000
      4.70000      0.00000      0.00000      0.00000
      4.71000      0.00000      0.00000      0.00000
      4.72000      0.00000      0.00000      0.00000
      4.73000      0.00000      0.00000      0.00000
      4.74000      0.00000      0.00000      0.00000
      4.75000      0.00000      0.00000      0.00000
      4.76000      0.00000      0.00000      0.00000
      4.77000      0.00000      0.00000      0.00000
      4.78000      0.00000      0.00000      0.00000
      4.79000      0.00000      0.00000      0.00000
      4.80000      0.00000      0.00000      0.00000
      4.81000      0.00000      0.00000      0.00000
      4.82000      0.00000      0.00000      0.00000
      4.83000      0.00000      0.00000      0.00000
      4.84000      0.00000      0.00000      0.00000
      4.85000      0.00000      0.00000      0.00000
      4.86000      0.00000      0.00000      0.00000
      4.87000      0.00000      0.00000      0.00000
      4.88000      0.00000      0.00000      0.00000
      4.89000      0.00000      0.00000      0.00000
      4.90000      0.00000      0.00000      0.00000
      4.91000      0.00000      0.00000      0.00000
      4.92000      0.00000      0.00000      0.00000
      4.93000      0.00000      0.00000      0.00000
      4.94000      0.00000      0.00000      0.00000
      4.95000      0.00000      0.00000      0.00000
      4.96000      0.00000      0.00000      0.00000
      4.97000      0.00000      0.00000      0.00000
      4.98000      0.00000      0.00000      0.00000
      4.99000      0.00000      0.00000      0.00000
      5.00000      0.00000      0.00000      0.00000
      5.01000      0.00000      0.00000      0.00000
      5.02000      0.00000      0.00000      0.00000
      5.03000      0.00000      0.00000      0.00000
      5.04000      0.00000      0.00000      0.00000
      5.05000      0.00000      0.00000      0.00000
      5.06000      0.00000      0.00000      0.00000
      5.07000      0.00000      0.00000      0.00000
      5.08000      0.00000      0.00000      0.00000
      5.09000      0.00000      0.00000      0.00000
      5.10000      0.00000      0.00000      0.00000
      5.11000      0.00000      0.00000      0.00000
      5.12000      0.00000      0.00000      0.00000
      5.13000      0.00000      0.00000      0.00000
      5.14000      0.00000      0.00000      0.00000
      5.15000      0.00000      0.00000      0.00000
      5.16000      0.00000      0.00000      0.00000
      5.17000      0.00000      0.00000      0.00000
      5.18000      0.00000      0.00000      0.00000
      5.19000      0.00000      0.00000      0.00000
      5.20000      0.00000      0.00000      0.00000
      5.21000      0.00000      0.00000      0.00000
      5.22000      0.00000      0.00000      0.00000
      5.23000      0.00000      0.00000      0.00000
      5.24000      0.00000      0.00000      0.00000
      5.25000      0.00000      0.00000      0.00000
      5.26000      0.00000      0.00000      0.00000
      5.27000      0.00000      0.00000      0.00000
      5.28000      0.00000      0.00000      0.00000
      5.29000      0.00000      0.00000      0.00000
      5.30000      0.00000      0.00000      0.00000
      5.31000      0.00000      0.00000      0.00000
      5.32000      0.00000      0.00000      0.00000
      5.33000      0.00000      0.00000      0.00000
      5.34000      0.00000      0.00000      0.00000
      5.35000      0.00000      0.00000      0.00000
      5.36000      0.00000      0.00000      0.00000
      5.37000      0.00000      0.00000      0.00000
      5.38000      0.00000      0.00000      0.00000
      5.39000      0.00000      0.00000      0.00000
      5.40000      0.00000      0.00000      0.00000
      5.41000      0.00000      0.00000      0.00000
      5.42000      0.00000      0.00000      0.00000
      5.43000      0.00000      0.00000      0.00000
      5.44000      0.00000      0.00000      0.00000
      5.45000      0.00000      0.00000      0.00000
      5.46000      0.00000      0.00000      0.00000
      5.47000      0.00000      0.00000      0.00000
      5.48000      0.00000      0.00000      0.00000
      5.49000      0.00000      0.00000      0.00000
      5.50000      0.00000      0.00000      0.00000
      5.51000      0.00000      0.00000      0.00000
      5.52000      0.00000      0.00000      0.00000
      5.53000      0.00000      0.00000      0.00000
      5.54000      0.00000      0.00000      0.00000
      5.55000      0.00000      0.00000      0.00000
      5.56000      0.00000      0.00000      0.00000
      5.57000      0.00000      0.00000      0.00000
      5.58000      0.00000      0.00000      0.00000
      5.59000      0.00000      0.00000      0.00000
      5.60000      0.00000      0.00000      0.00000
      5.61000      0.00000      0.00000      0.00000
      5.62000      0.00000      0.00000      0.00000
      5.63000      0.00000      0.00000      0.00000
      5.64000      0.00000      0.00000      0.00000
      5.65000      0.00000      0.00000      0.00000
      5.66000      0.00000      0.00000      0.00000
      5.67000      0.00000      0.00000      0.00000
      5.68000      0.00000      0.00000      0.00000
      5.69000      0.00000      0.00000      0.00000
      5.70000      0.00000      0.00000      0.00000
      5.71000      0.00000      0.00000      0.00000
      5.72000      0.00000      0.00000      0.00000
      5.73000      0.00000      0.00000      0.00000
      5.74000      0.00000      0.00000      0.00000
      5.75000      0.00000      0.00000      0.00000
      5.76000      0.00000      0.00000      0.00000
      5.77000      0.00000      0.00000      0.00000
      5.78000      0.00000      0.00000      0.00000
      5.79000      0.00000      0.00000      0.00000
      5.80000      0.00000      0.00000      0.00000
      5.81000      0.00000      0.00000      0.00000
      5.82000      0.00000      0.00000      0.00000
      5.83000      0.00000      0.00000      0.00000
      5.84000      0.00000      0.00000      0.00000
      5.85000      0.00000      0.00000      0.00000
      5.86000      0.00000      0.00000      0.00000
      5.87000      0.00000      0.00000      0.00000
      5.88000      0.00000      0.00000      0.00000
      5.89000      0.00000      0.00000      0.00000
      5.90000      0.00000      0.00000      0.00000
      5.91000      0.00000      0.00000      0.00000
      5.92000      0.00000      0.00000      0.00000
      5.93000      0.00000      0.00000      0.00000
      5.94000      0.00000      0.00000      0.00000
      5.95000      0.00000      0.00000      0.00000
      5.96000      0.00000      0.00000      0.00000
      5.97000      0.00000      0.00000      0.00000
      5.98000      0.00000      0.00000      0.00000
      5.99000      0.00000      0.00000      0.00000
      6.00000      0.00000      0.00000      0.00000
      6.01000      0.00000      0.00000      0.00000
      6.02000      0.00000      0.00000      0.00000
      6.03000      0.00000      0.00000      0.00000
      6.04000      0.00000      0.00000      0.00000
      6.05000      0.00000      0.00000      0.00000
      6.06000      0.00000      0.00000      0.00000
      6.07000      0.00000      0.00000      0.00000
      6.08000      0.00000      0.00000      0.00000
      6.09000      0.00000      0.00000      0.00000
      6.10000      0.00000      0.00000      0.00000
      6.11000      0.00000      0.00000      0.00000
      6.12000      0.00000      0.00000      0.00000
      6.13000      0.00000      0.00000      0.00000
      6.14000      0.00000      0.00000      0.00000
      6.15000      0.00000      0.00000      0.00000
      6.16000      0.00000      0.00000      0.00000
      6.17000      0.00000      0.00000      0.00000
      6.18000      0.00000      0.00000      0.00000
      6.19000      0.00000      0.00000      0.00000
      6.20000      0.00000      0.00000      0.00000
      6.21000      0.00000      0.00000      0.00000
      6.22000      0.00000      0.00000      0.00000
      6.23000      0.00000      0.00000      0.00000
      6.24000      0.00000      0.00000      0.00000
      6.25000      0.00000      0.00000      0.00000
      6.26000      0.00000      0.00000      0.00000
      6.27000      0.00000      0.00000      0.00000
      6.28000      0.00000      0.00000      0.00000
      6.29000      0.00000      0.00000      0.00000
      6.30000      0.00000      0.00000      0.00000
      6.31000      0.00000      0.00000      0.00000
      6.32000      0.00000      0.00000      0.00000
      6.33000      0.00000      0.00000      0.00000
      6.34000      0.00000      0.00000      0.00000
      6.35000      0.00000      0.00000      0.00000
      6.36000      0.00000      0.00000      0.00000
      6.37000      0.00000      0.00000      0.00000
      6.38000      0.00000      0.00000      0.00000
      6.39000      0.00000      0.00000      0.00000
      6.40000      0.00000      0.00000      0.00000
      6.41000      0.00000      0.00000      0.00000
      6.42000      0.00000      0.00000      0.00000
      6.43000      0.00000      0.00000      0.00000
      6.44000      0.00000      0.00000      0.00000
      6.45000      0.00000      0.00000      0.00000
      6.46000      0.00000      0.00000      0.00000
      6.47000      0.00000      0.00000      0.00000
      6.48000      0.00000      0.00000      0.00000
      6.49000      0.00000      0.00000      0.00000
      6.50000      0.00000      0.00000      0.00000
      6.51000      0.00000      0.00000      0.00000
      6.52000      0.00000      0.00000      0.00000
      6.53000      0.00000      0.00000      0.00000
      6.54000      0.00000      0.00000      0.00000
      6.55000      0.00000      0.00000      0.00000
      6.56000      0.00000      0.00000      0.00000
      6.57000      0.00000      0.00000      0.00000
      6.58000      0.00000      0.00000      0.00000
      6.59000      0.00000      0.00000      0.00000
      6.60000      0.00000      0.00000      0.00000
      6.61000      0.00000      0.00000      0.00000
      6.62000      0.00000      0.00000      0.00000
      6.63000      0.00000      0.00000      0.00000
      6.64000      0.00000      0.00000      0.00000
      6.65000      0.00000      0.00000      0.00000
      6.66000      0.00000      0.00000      0.00000
      6.67000      0.00000      0.00000      0.00000
      6.68000      0.00000      0.00000      0.00000
      6.69000      0.00000      0.00000      0.00000
      6.70000      0.00000      0.00000      0.00000
      6.71000      0.00000      0.00000      0.00000
      6.72000      0.00000      0.00000      0.00000
      6.73000      0.00000      0.00000      0.00000
      6.74000      0.00000      0.00000      0.00000
      6.75000      0.00000      0.00000      0.00000
      6.76000      0.00000      0.00000      0.00000
      6.77000      0.00000      0.00000      0.00000
      6.78000      0.00000      0.00000      0.00000
      6.79000      0.00000      0.00000      0.00000
      6.80000      0.00000      0.00000      0.00000
      6.81000      0.00000      0.00000      0.00000
      6.82000      0.00000      0.00000      0.00000
      6.83000      0.00000      0.00000      0.00000
      6.84000      0.00000      0.00000      0.00000
      6.85000      0.00000      0.00000      0.00000
      6.86000      0.00000      0.00000      0.00000
      6.87000      0.00000      0.00000      0.00000
      6.88000      0.00000      0.00000      0.00000
      6.89000      0.00000      0.00000      0.00000
      6.90000      0.00000      0.00000      0.00000
      6.91000      0.00000      0.00000      0.00000
      6.92000      0.00000      0.00000      0.00000
      6.93000      0.00000      0.00000      0.00000
      6.94000      0.00000      0.00000      0.00000
      6.95000      0.00000      0.00000      0.00000
      6.96000      0.00000      0.00000      0.00000
      6.97000      0.00000      0.00000      0.00000
      6.98000      0.00000      0.00000      0.00000
      6.99000      0.00000      0.00000      0.00000
      7.00000      0.00000      0.00000      0.00000
      7.01000      0.00000      0.00000      0.00000
      7.02000      0.00000      0.00000      0.00000
      7.03000      0.00000      0.00000      0.00000
      7.04000      0.00000      0.00000      0.00000
      7.05000      0.00000      0.00000      0.00000
      7.06000      0.00000      0.00000      0.00000
      7.07000      0.00000      0.00000      0.00000
      7.08000      0.00000      0.00000      0.00000
      7.09000      0.00000      0.00000      0.00000
      7.10000      0.00000      0.00000      0.00000
      7.11000      0.00000      0.00000      0.00000
      7.12000      0.00000      0.00000      0.00000
      7.13000      0.00000      0.00000      0.00000
      7.14000      0.00000      0.00000      0.00000
      7.15000      0.00000      0.00000      0.00000
      7.16000      0.00000      0.00000      0.00000
      7.17000      0.00000      0.00000      0.00000
      7.18000      0.00000      0.00000      0.00000
      7.19000      0.00000      0.00000      0.00000
      7.20000      0.00000      0.00000      0.00000
      7.21000      0.00000      0.00000      0.00000
      7.22000      0.00000      0.00000      0.00000
      7.23000      0.00000      0.00000      0.00000
      7.24000      0.00000      0.00000      0.00000
      7.25000      0.00000      0.00000      0.00000
      7.26000      0.00000      0.00000      0.00000
      7.27000      0.00000      0.00000      0.00000
      7.28000      0.00000      0.00000      0.00000
      7.29000      0.00000      0.00000      0.00000
      7.30000      0.00000      0.00000      0.00000
      7.31000      0.00000      0.00000      0.00000
      7.32000      0.00000      0.00000      0.00000
      7.33000      0.00000      0.00000      0.00000
      7.34000      0.00000      0.00000      0.00000
      7.35000      0.00000      0.00000      0.00000
      7.36000      0.00000      0.00000      0.00000
      7.37000      0.00000      0.00000      0.00000
      7.38000      0.00000      0.00000      0.00000
      7.39000      0.00000      0.00000      0.00000
      7.40000      0.00000      0.00000      0.00000
      7.41000      0.00000      0.00000      0.00000
      7.42000      0.00000      0.00000      0.00000
      7.43000      0.00000      0.00000      0.00000
      7.44000      0.00000      0.00000      0.00000
      7.45000      0.00000      0.00000      0.00000
      7.46000      0.00000      0.00000      0.00000
      7.47000      0.00000      0.00000      0.00000
      7.48000      0.00000      0.00000      0.00000
      7.49000      0.00000      0.00000      0.00000
      7.50000      0.00000      0.00000      0.00000
      7.51000      0.00000      0.00000      0.00000
      7.52000      0.00000      0.00000      0.00000
      7.53000      0.00000      0.00000      0.00000
      7.54000      0.00000      0.00000      0.00000
      7.55000      0.00006      0.00005      0.00001
      7.56000      0.00193      0.00172      0.00021
      7.57000      0.02360      0.02103      0.00257
      7.58000      0.11479      0.10227      0.01252
      7.59000      0.24631      0.21928      0.02703
      7.60000      0.29903      0.26570      0.03332
      7.61000      0.33582      0.29743      0.03839
      7.62000      0.41499      0.36660      0.04838
      7.63000      0.42048      0.37056      0.04992
      7.64000      0.37968      0.33338      0.04630
      7.65000      0.39530      0.34598      0.04932
      7.66000      0.37359      0.32615      0.04744
      7.67000      0.27832      0.24209      0.03623
      7.68000      0.32792      0.28379      0.04412
      7.69000      0.61908      0.53522      0.08386
      7.70000      0.75041      0.64754      0.10286
      7.71000      0.57033      0.48947      0.08086
      7.72000      0.39953      0.33911      0.06041
      7.73000      0.50502      0.41869      0.08633
      7.74000      0.98925      0.80308      0.18616
      7.75000      1.28554      1.02310      0.26244
      7.76000      1.31827      1.03085      0.28743
      7.77000      1.76385      1.38337      0.38048
      7.78000      2.27450      1.79561      0.47889
      7.79000      2.26277      1.79774      0.46503
      7.80000      2.05798      1.64404      0.41394
      7.81000      1.73238      1.38235      0.35002
      7.82000      1.23236      0.97480      0.25756
      7.83000      1.03173      0.80274      0.22900
      7.84000      1.11914      0.86671      0.25243
      7.85000      1.08897      0.84811      0.24086
      7.86000      1.12675      0.88404      0.24271
      7.87000      1.10868      0.87386      0.23483
      7.88000      0.86116      0.67823      0.18293
      7.89000      0.66875      0.52389      0.14487
      7.90000      0.67131      0.52499      0.14632
      7.91000      0.75516      0.58908      0.16608
      7.92000      0.89362      0.68882      0.20480
      7.93000      1.05770      0.81241      0.24528
      7.94000      1.12412      0.86968      0.25444
      7.95000      0.96774      0.75883      0.20891
      7.96000      0.78823      0.62763      0.16061
      7.97000      0.71600      0.56461      0.15139
      7.98000      0.57609      0.44158      0.13451
      7.99000      0.50764      0.38446      0.12318
      8.00000      0.47869      0.36775      0.11095
      8.01000      0.39753      0.31053      0.08700
      8.02000      0.47725      0.36735      0.10990
      8.03000      0.86486      0.65343      0.21143
      8.04000      1.22942      0.92982      0.29961
      8.05000      1.05766      0.80498      0.25268
      8.06000      0.54796      0.42170      0.12626
      8.07000      0.25348      0.19832      0.05515
      8.08000      0.21181      0.16370      0.04811
      8.09000      0.43533      0.33006      0.10527
      8.10000      0.71228      0.53759      0.17470
      8.11000      0.71087      0.53804      0.17283
      8.12000      0.47392      0.36334      0.11058
      8.13000      0.33086      0.25772      0.07314
      8.14000      0.42625      0.33208      0.09417
      8.15000      0.64604      0.49582      0.15021
      8.16000      1.00713      0.75456      0.25257
      8.17000      1.17391      0.86880      0.30511
      8.18000      0.86239      0.64158      0.22081
      8.19000      0.41854      0.31635      0.10219
      8.20000      0.13223      0.10106      0.03117
      8.21000      0.04572      0.03479      0.01093
      8.22000      0.18415      0.13867      0.04548
      8.23000      0.55441      0.41472      0.13969
      8.24000      0.74164      0.54993      0.19171
      8.25000      0.52415      0.38753      0.13662
      8.26000      0.39470      0.29811      0.09659
      8.27000      0.40966      0.31284      0.09683
      8.28000      0.29238      0.22224      0.07014
      8.29000      0.25815      0.19275      0.06540
      8.30000      0.50881      0.37383      0.13498
      8.31000      0.95749      0.69566      0.26183
      8.32000      0.95990      0.69363      0.26627
      8.33000      0.49381      0.35952      0.13428
      8.34000      0.27307      0.20457      0.06851
      8.35000      0.32103      0.24200      0.07903
      8.36000      0.42353      0.31978      0.10376
      8.37000      0.43594      0.32982      0.10611
      8.38000      0.48492      0.36296      0.12196
      8.39000      0.60271      0.44086      0.16185
      8.40000      0.57150      0.41244      0.15905
      8.41000      0.34289      0.24835      0.09454
      8.42000      0.14726      0.10801      0.03925
      8.43000      0.17003      0.12579      0.04424
      8.44000      0.30192      0.22353      0.07839
      8.45000      0.34776      0.25598      0.09177
      8.46000      0.48555      0.35207      0.13349
      8.47000      0.77911      0.55625      0.22286
      8.48000      0.91723      0.65132      0.26593
      8.49000      0.61462      0.44140      0.17371
      8.50000      0.34766      0.26616      0.08764
      8.51000      0.33725      0.29949      0.06592
      8.52000      0.33071      0.32729      0.05094
      8.53000      0.26622      0.24680      0.04922
      8.54000      0.24907      0.20173      0.05900
      8.55000      0.47423      0.39863      0.10704
      8.56000      0.80134      0.71353      0.16615
      8.57000      0.78215      0.72960      0.14929
      8.58000      0.59252      0.59753      0.09337
      8.59000      0.59210      0.64299      0.07334
      8.60000      0.65536      0.73169      0.07226
      8.61000      0.64440      0.69328      0.08092
      8.62000      0.67581      0.67970      0.10597
      8.63000      0.98790      1.03078      0.14115
      8.64000      1.39897      1.46858      0.19750
      8.65000      1.57782      1.52846      0.28026
      8.66000      1.23535      1.10535      0.25919
      8.67000      0.55257      0.50209      0.11093
      8.68000      0.18303      0.20113      0.01968
      8.69000      0.15316      0.19469      0.00277
      8.70000      0.26081      0.31012      0.01486
      8.71000      0.44933      0.46209      0.06109
      8.72000      0.73300      0.73678      0.10699
      8.73000      1.11200      1.22003      0.11156
      8.74000      1.27680      1.41398      0.12236
      8.75000      1.09345      1.14878      0.13565
      8.76000      0.87240      0.86104      0.13527
      8.77000      0.59566      0.53979      0.11536
      8.78000      0.35689      0.32378      0.06889
      8.79000      0.35864      0.35806      0.05359
      8.80000      0.47253      0.48384      0.06372
      8.81000      0.66494      0.66525      0.09663
      8.82000      0.77774      0.73709      0.13431
      8.83000      0.87560      0.77167      0.18293
      8.84000      0.89952      0.74724      0.21209
      8.85000      0.63671      0.51827      0.15432
      8.86000      0.39206      0.31313      0.09721
      8.87000      0.48391      0.43638      0.09429
      8.88000      0.77148      0.78636      0.10312
      8.89000      0.79519      0.84404      0.08783
      8.90000      0.62251      0.60805      0.09509
      8.91000      0.50656      0.42412      0.11472
      8.92000      0.40886      0.30487      0.11390
      8.93000      0.44861      0.32119      0.13375
      8.94000      0.45000      0.36314      0.11268
      8.95000      0.35515      0.35657      0.05106
      8.96000      0.32480      0.31494      0.05185
      8.97000      0.33196      0.25964      0.08579
      8.98000      0.29308      0.21207      0.08500
      8.99000      0.36472      0.28396      0.09574
      9.00000      0.47590      0.40929      0.10466
      9.01000      0.54634      0.48915      0.11045
      9.02000      0.81908      0.72322      0.17174
      9.03000      1.05779      0.92699      0.22583
      9.04000      0.89649      0.81579      0.17428
      9.05000      0.61617      0.59709      0.09922
      9.06000      0.34454      0.33461      0.05507
      9.07000      0.20295      0.16774      0.04858
      9.08000      0.21731      0.17848      0.05252
      9.09000      0.41111      0.40094      0.06460
      9.10000      0.68834      0.68963      0.09837
      9.11000      0.64588      0.61217      0.11194
      9.12000      0.44922      0.36232      0.11334
      9.13000      0.41716      0.29477      0.12819
      9.14000      0.40121      0.30334      0.11195
      9.15000      0.38516      0.33677      0.08224
      9.16000      0.35217      0.30832      0.07464
      9.17000      0.32674      0.24751      0.09023
      9.18000      0.40147      0.29134      0.11784
      9.19000      0.53752      0.43165      0.13475
      9.20000      0.70780      0.62605      0.14681
      9.21000      0.97941      0.87961      0.19785
      9.22000      1.13822      0.99120      0.24841
      9.23000      0.81119      0.70691      0.17727
      9.24000      0.37033      0.35990      0.05995
      9.25000      0.14942      0.17203      0.00920
      9.26000      0.15635      0.18564      0.00717
      9.27000      0.32338      0.33779      0.04033
      9.28000      0.50394      0.45758      0.09998
      9.29000      0.52208      0.45462      0.11340
      9.30000      0.35053      0.30120      0.07825
      9.31000      0.26981      0.19818      0.07978
      9.32000      0.41135      0.27547      0.13677
      9.33000      0.54037      0.36197      0.17871
      9.34000      0.42179      0.29400      0.13257
      9.35000      0.31068      0.28233      0.06133
      9.36000      0.51188      0.55514      0.05133
      9.37000      0.66598      0.72820      0.06294
      9.38000      0.61956      0.62317      0.08849
      9.39000      0.50081      0.44053      0.10711
      9.40000      0.42631      0.34924      0.10684
      9.41000      0.57925      0.46780      0.15014
      9.42000      0.68276      0.51588      0.19653
      9.43000      0.50644      0.35386      0.16131
      9.44000      0.34476      0.23094      0.11483
      9.45000      0.35571      0.24030      0.11691
      9.46000      0.35426      0.26156      0.10417
      9.47000      0.38081      0.32693      0.08716
      9.48000      0.44180      0.37213      0.10523
      9.49000      0.38123      0.28351      0.11175
      9.50000      0.30972      0.21040      0.10217
      9.51000      0.36483      0.26212      0.11260
      9.52000      0.44831      0.39480      0.09748
      9.53000      0.45577      0.47608      0.05685
      9.54000      0.48064      0.48366      0.06972
      9.55000      0.58725      0.56461      0.09911
      9.56000      0.50330      0.47771      0.08830
      9.57000      0.43714      0.37470      0.09997
      9.58000      0.46126      0.40572      0.10017
      9.59000      0.48134      0.44400      0.09403
      9.60000      0.66803      0.59673      0.14241
      9.61000      0.85759      0.72868      0.20382
      9.62000      0.70977      0.56928      0.18748
      9.63000      0.38754      0.28559      0.11610
      9.64000      0.17802      0.12240      0.05817
      9.65000      0.17510      0.13156      0.05146
      9.66000      0.27489      0.24291      0.06101
      9.67000      0.35565      0.32098      0.07507
      9.68000      0.39169      0.31811      0.10147
      9.69000      0.45366      0.38437      0.10773
      9.70000      0.56785      0.53060      0.10748
      9.71000      0.63513      0.59103      0.12217
      9.72000      0.53783      0.48156      0.11370
      9.73000      0.35247      0.28712      0.09033
      9.74000      0.26076      0.18144      0.08427
      9.75000      0.28835      0.18867      0.10007
      9.76000      0.37861      0.24642      0.13224
      9.77000      0.42862      0.28136      0.14844
      9.78000      0.50731      0.35803      0.16206
      9.79000      0.81231      0.65458      0.21418
      9.80000      1.04847      0.93154      0.22797
      9.81000      0.74100      0.71769      0.12811
      9.82000      0.29150      0.31246      0.03327
      9.83000      0.11756      0.13844      0.00527
      9.84000      0.13920      0.13893      0.01684
      9.85000      0.37452      0.32899      0.06992
      9.86000      0.72431      0.66032      0.12486
      9.87000      0.88982      0.88599      0.11138
      9.88000      0.79823      0.82333      0.08266
      9.89000      0.78064      0.75476      0.11044
      9.90000      0.88143      0.78499      0.16082
      9.91000      0.82139      0.71546      0.15666
      9.92000      0.63300      0.60508      0.08923
      9.93000      0.60818      0.63137      0.05922
      9.94000      0.67743      0.69691      0.06947
      9.95000      0.75488      0.73086      0.09772
      9.96000      0.77866      0.71116      0.12499
      9.97000      0.80107      0.73327      0.13328
      9.98000      0.91839      0.84211      0.15930
      9.99000      0.89106      0.82045      0.15583
     10.00000      0.81047      0.76775      0.12190
     10.01000      0.82775      0.78264      0.11583
     10.02000      0.78830      0.71452      0.12575
     10.03000      0.61906      0.54161      0.10832
     10.04000      0.62135      0.53036      0.11684
     10.05000      0.75183      0.64598      0.14304
     10.06000      0.81616      0.74971      0.13627
     10.07000      0.80889      0.78560      0.12048
     10.08000      0.73374      0.75512      0.07152
     10.09000      0.78964      0.83683      0.04418
     10.10000      0.91187      0.93515      0.08397
     10.11000      1.06663      1.11167      0.11311
     10.12000      1.07497      1.11195      0.12097
     10.13000      0.89972      0.85163      0.13243
     10.14000      0.74502      0.64445      0.13511
     10.15000      0.74683      0.61566      0.15889
     10.16000      0.84442      0.75140      0.15725
     10.17000      0.99845      0.99761      0.12460
     10.18000      1.02628      1.04506      0.09960
     10.19000      0.81143      0.79279      0.07897
     10.20000      0.58985      0.55317      0.06777
     10.21000      0.60313      0.57177      0.08177
     10.22000      0.92269      0.87856      0.13737
     10.23000      0.95936      0.89597      0.14515
     10.24000      0.64537      0.57920      0.10059
     10.25000      0.53619      0.45435      0.09651
     10.26000      0.59355      0.51119      0.10326
     10.27000      0.77113      0.72344      0.09928
     10.28000      1.04083      0.99553      0.12918
     10.29000      1.11578      1.02714      0.17290
     10.30000      1.25678      1.11046      0.23509
     10.31000      1.37307      1.21675      0.26086
     10.32000      1.03258      0.90979      0.18909
     10.33000      0.57489      0.52353      0.07336
     10.34000      0.40432      0.40300      0.01517
     10.35000      0.45003      0.45699      0.02360
     10.36000      0.57996      0.54570      0.08118
     10.37000      0.74387      0.64264      0.13408
     10.38000      0.91858      0.79727      0.14260
     10.39000      1.00198      0.92344      0.11845
     10.40000      0.93386      0.87896      0.11096
     10.41000      0.85352      0.75470      0.14351
     10.42000      0.78954      0.67073      0.14920
     10.43000      0.88473      0.79962      0.13085
     10.44000      1.12717      1.03320      0.16213
     10.45000      1.11514      0.99827      0.18195
     10.46000      0.84563      0.80394      0.11344
     10.47000      0.80998      0.80641      0.08574
     10.48000      0.91672      0.88919      0.12315
     10.49000      0.97866      0.90419      0.14418
     10.50000      1.16185      1.01366      0.17704
     10.51000      1.27729      1.11713      0.20286
     10.52000      1.25352      1.14320      0.19905
     10.53000      1.05013      1.00213      0.15080
     10.54000      0.77250      0.73908      0.10146
     10.55000      0.87584      0.78365      0.13315
     10.56000      1.28790      1.12185      0.22402
     10.57000      1.27175      1.08324      0.24344
     10.58000      0.72755      0.62028      0.13393
     10.59000      0.61886      0.58172      0.07705
     10.60000      1.06900      1.00160      0.14685
     10.61000      1.31612      1.17094      0.21346
     10.62000      1.18256      1.00375      0.20327
     10.63000      1.03772      0.86340      0.18495
     10.64000      0.94767      0.80835      0.16874
     10.65000      0.99511      0.85539      0.18288
     10.66000      1.17343      0.95393      0.24672
     10.67000      1.25505      1.03097      0.25687
     10.68000      1.32470      1.16869      0.23620
     10.69000      1.40363      1.25120      0.25943
     10.70000      1.44606      1.28438      0.26497
     10.71000      1.46864      1.32289      0.23267
     10.72000      1.33020      1.17237      0.21341
     10.73000      1.43743      1.21437      0.27265
     10.74000      1.58453      1.28310      0.34134
     10.75000      1.39038      1.10687      0.30410
     10.76000      1.36732      1.11038      0.28349
     10.77000      1.51749      1.24953      0.31121
     10.78000      1.70584      1.39560      0.36043
     10.79000      2.15363      1.72189      0.47412
     10.80000      2.68426      2.18094      0.56963
     10.81000      3.15830      2.62668      0.65048
     10.82000      3.26717      2.70324      0.68541
     10.83000      2.87567      2.34640      0.61991
     10.84000      2.50081      2.02426      0.54990
     10.85000      2.17456      1.74710      0.48533
     10.86000      1.40719      1.14829      0.30902
     10.87000      0.61058      0.56134      0.10905
     10.88000      0.25064      0.29393      0.01817
     10.89000      0.15787      0.20895      0.00128
     10.90000      0.07847      0.10494      0.00004
     10.91000      0.06826      0.08972      0.00000
     10.92000      0.12970      0.16967      0.00000
     10.93000      0.11441      0.14971      0.00000
     10.94000      0.06227      0.08213      0.00000
     10.95000      0.10215      0.13621      0.00000
     10.96000      0.13700      0.18283      0.00000
     10.97000      0.07474      0.09969      0.00000
     10.98000      0.05023      0.06652      0.00000
     10.99000      0.12464      0.16485      0.00000
     11.00000      0.18848      0.25028      0.00000
     11.01000      0.17791      0.23780      0.00000
     11.02000      0.16569      0.22133      0.00000
     11.03000      0.27018      0.35841      0.00000
     11.04000      0.43974      0.58360      0.00000
     11.05000      0.41477      0.55050      0.00000
     11.06000      0.29779      0.39520      0.00000
     11.07000      0.20303      0.27086      0.00000
     11.08000      0.08901      0.11926      0.00000
     11.09000      0.01753      0.02353      0.00000
     11.10000      0.00389      0.00517      0.00000
     11.11000      0.02608      0.03442      0.00000
     11.12000      0.09794      0.12929      0.00000
     11.13000      0.13623      0.17983      0.00000
     11.14000      0.07010      0.09253      0.00000
     11.15000      0.01433      0.01893      0.00000
     11.16000      0.01493      0.01996      0.00000
     11.17000      0.07710      0.10308      0.00000
     11.18000      0.19573      0.26079      0.00000
     11.19000      0.32876      0.43599      0.00000
     11.20000      0.43098      0.57144      0.00000
     11.21000      0.38396      0.51043      0.00000
     11.22000      0.34829      0.46383      0.00000
     11.23000      0.42988      0.57204      0.00000
     11.24000      0.30814      0.40931      0.00000
     11.25000      0.13965      0.18460      0.00000
     11.26000      0.19290      0.25401      0.00000
     11.27000      0.30989      0.40915      0.00000
     11.28000      0.32449      0.43027      0.00000
     11.29000      0.26048      0.34577      0.00000
     11.30000      0.17295      0.22894      0.00000
     11.31000      0.08989      0.11894      0.00000
     11.32000      0.14508      0.19268      0.00000
     11.33000      0.27192      0.36135      0.00000
     11.34000      0.20152      0.26783      0.00000
     11.35000      0.05514      0.07330      0.00000
     11.36000      0.00603      0.00801      0.00000
     11.37000      0.00852      0.01132      0.00000
     11.38000      0.05490      0.07294      0.00000
     11.39000      0.14519      0.19298      0.00000
     11.40000      0.21654      0.28823      0.00000
     11.41000      0.28711      0.38288      0.00000
     11.42000      0.24146      0.32222      0.00000
     11.43000      0.13936      0.18559      0.00000
     11.44000      0.27617      0.36608      0.00000
     11.45000      0.54722      0.72429      0.00000
     11.46000      0.48573      0.64242      0.00000
     11.47000      0.17561      0.23217      0.00000
     11.48000      0.02480      0.03278      0.00000
     11.49000      0.00365      0.00483      0.00000
     11.50000      0.02968      0.03932      0.00000
     11.51000      0.14725      0.19515      0.00000
     11.52000      0.30291      0.40145      0.00000
     11.53000      0.30552      0.40471      0.00000
     11.54000      0.18951      0.25083      0.00000
     11.55000      0.09711      0.12850      0.00000
     11.56000      0.11311      0.14953      0.00000
     11.57000      0.19465      0.25674      0.00000
     11.58000      0.29095      0.38345      0.00000
     11.59000      0.36768      0.48480      0.00000
     11.60000      0.41299      0.54522      0.00000
     11.61000      0.39630      0.52385      0.00000
     11.62000      0.25409      0.33614      0.00000
     11.63000      0.12735      0.16870      0.00000
     11.64000      0.09477      0.12552      0.00000
     11.65000      0.15919      0.21039      0.00000
     11.66000      0.29293      0.38640      0.00000
     11.67000      0.41746      0.54971      0.00000
     11.68000      0.45646      0.60113      0.00000
     11.69000      0.38960      0.51337      0.00000
     11.70000      0.24508      0.32275      0.00000
     11.71000      0.12028      0.15845      0.00000
     11.72000      0.12601      0.16639      0.00000
     11.73000      0.14045      0.18546      0.00000
     11.74000      0.12822      0.16862      0.00000
     11.75000      0.25309      0.33139      0.00000
     11.76000      0.37536      0.49105      0.00000
     11.77000      0.27238      0.35662      0.00000
     11.78000      0.16679      0.21902      0.00000
     11.79000      0.24636      0.32312      0.00000
     11.80000      0.33787      0.44248      0.00000
     11.81000      0.43179      0.56689      0.00000
     11.82000      0.43260      0.56821      0.00000
     11.83000      0.23965      0.31309      0.00000
     11.84000      0.09305      0.12022      0.00000
     11.85000      0.02611      0.03351      0.00000
     11.86000      0.00574      0.00736      0.00000
     11.87000      0.03505      0.04493      0.00000
     11.88000      0.20092      0.25777      0.00000
     11.89000      0.45145      0.58036      0.00000
     11.90000      0.43471      0.56144      0.00000
     11.91000      0.20807      0.27062      0.00000
     11.92000      0.06255      0.08139      0.00000
     11.93000      0.07128      0.09073      0.00000
     11.94000      0.15081      0.19184      0.00000
     11.95000      0.18213      0.23345      0.00000
     11.96000      0.18290      0.23696      0.00000
     11.97000      0.17065      0.22310      0.00000
     11.98000      0.17309      0.22711      0.00000
     11.99000      0.16459      0.21245      0.00000
     12.00000      0.16783      0.21223      0.00000
     12.01000      0.18800      0.24113      0.00000
     12.02000      0.39919      0.52261      0.00000
     12.03000      0.67383      0.88319      0.00000
     12.04000      0.57975      0.75892      0.00000
     12.05000      0.37974      0.49225      0.00000
     12.06000      0.40482      0.51370      0.00000
     12.07000      0.41760      0.52726      0.00000
     12.08000      0.26650      0.33971      0.00000
     12.09000      0.17849      0.23180      0.00000
     12.10000      0.13526      0.17596      0.00000
     12.11000      0.15618      0.20091      0.00000
     12.12000      0.18451      0.23414      0.00000
     12.13000      0.17955      0.22476      0.00000
     12.14000      0.20421      0.25710      0.00000
     12.15000      0.27006      0.34513      0.00000
     12.16000      0.36906      0.47449      0.00000
     12.17000      0.32380      0.41281      0.00000
     12.18000      0.30440      0.37996      0.00000
     12.19000      0.43636      0.54669      0.00000
     12.20000      0.41792      0.52757      0.00000
     12.21000      0.20567      0.26060      0.00000
     12.22000      0.09876      0.12524      0.00000
     12.23000      0.20410      0.25710      0.00000
     12.24000      0.29177      0.36541      0.00000
     12.25000      0.25857      0.32247      0.00000
     12.26000      0.29725      0.36782      0.00000
     12.27000      0.30302      0.37242      0.00000
     12.28000      0.26141      0.32128      0.00000
     12.29000      0.27380      0.33160      0.00000
     12.30000      0.28914      0.34309      0.00000
     12.31000      0.21166      0.24774      0.00000
     12.32000      0.14852      0.17703      0.00000
     12.33000      0.16887      0.21360      0.00000
     12.34000      0.23146      0.29347      0.00000
     12.35000      0.35608      0.43555      0.00000
     12.36000      0.39395      0.47122      0.00000
     12.37000      0.21564      0.25483      0.00000
     12.38000      0.15548      0.19236      0.00000
     12.39000      0.37065      0.46547      0.00000
     12.40000      0.61438      0.76692      0.00000
     12.41000      0.74188      0.92270      0.00000
     12.42000      0.78766      0.98096      0.00000
     12.43000      0.60545      0.75704      0.00000
     12.44000      0.38771      0.47414      0.00000
     12.45000      0.42671      0.50331      0.00000
     12.46000      0.33640      0.39367      0.00000
     12.47000      0.10590      0.12363      0.00000
     12.48000      0.01720      0.02049      0.00000
     12.49000      0.03955      0.04977      0.00000
     12.50000      0.11608      0.14622      0.00000
     12.51000      0.12871      0.16199      0.00000
     12.52000      0.07661      0.09389      0.00000
     12.53000      0.18653      0.21616      0.00000
     12.54000      0.50413      0.58218      0.00000
     12.55000      0.67421      0.78527      0.00000
     12.56000      0.73448      0.86724      0.00000
     12.57000      0.70056      0.82543      0.00000
     12.58000      0.47265      0.56783      0.00000
