Energy-E_F (eV)    DOS (1/eV)    PDOS (1/eV)  of atom type B  N  
     -5.99776      0.68123      0.27914      0.40208
     -5.98776      0.52318      0.21327      0.30992
     -5.97776      0.37333      0.15102      0.22232
     -5.96776      0.28011      0.11353      0.16658
     -5.95776      0.15873      0.06473      0.09400
     -5.94776      0.16823      0.06908      0.09915
     -5.93776      0.32605      0.13623      0.18982
     -5.92776      0.40978      0.17403      0.23575
     -5.91776      0.49905      0.21053      0.28852
     -5.90776      0.69620      0.28621      0.40999
     -5.89776      0.70271      0.28312      0.41960
     -5.88776      0.53803      0.21594      0.32209
     -5.87776      0.53189      0.21805      0.31384
     -5.86776      0.55020      0.22763      0.32258
     -5.85776      0.43952      0.17934      0.26018
     -5.84776      0.38490      0.15713      0.22777
     -5.83776      0.44382      0.18537      0.25845
     -5.82776      0.51924      0.21852      0.30072
     -5.81776      0.60020      0.25399      0.34621
     -5.80776      0.72437      0.30813      0.41624
     -5.79776      0.67977      0.28859      0.39118
     -5.78776      0.44633      0.18595      0.26038
     -5.77776      0.26494      0.10687      0.15807
     -5.76776      0.33784      0.13419      0.20365
     -5.75776      0.60127      0.24014      0.36113
     -5.74776      0.77408      0.31190      0.46219
     -5.73776      0.67682      0.27445      0.40238
     -5.72776      0.44965      0.18187      0.26778
     -5.71776      0.33901      0.13561      0.20339
     -5.70776      0.42417      0.17121      0.25296
     -5.69776      0.50446      0.20645      0.29802
     -5.68776      0.48915      0.20208      0.28706
     -5.67776      0.51146      0.21136      0.30010
     -5.66776      0.53789      0.22201      0.31587
     -5.65776      0.44979      0.18578      0.26401
     -5.64776      0.39060      0.15858      0.23202
     -5.63776      0.40108      0.16158      0.23950
     -5.62776      0.45842      0.18580      0.27263
     -5.61776      0.57115      0.22997      0.34118
     -5.60776      0.79506      0.32090      0.47416
     -5.59776      0.88235      0.36006      0.52229
     -5.58776      0.59280      0.24776      0.34504
     -5.57776      0.44366      0.19108      0.25257
     -5.56776      0.45341      0.19172      0.26168
     -5.55776      0.50982      0.20693      0.30289
     -5.54776      0.56860      0.22900      0.33960
     -5.53776      0.43249      0.17496      0.25753
     -5.52776      0.18474      0.07491      0.10983
     -5.51776      0.19303      0.07963      0.11340
     -5.50776      0.44883      0.18576      0.26307
     -5.49776      0.62635      0.25621      0.37013
     -5.48776      0.71620      0.28815      0.42805
     -5.47776      0.79446      0.31967      0.47480
     -5.46776      0.86558      0.35201      0.51357
     -5.45776      0.78773      0.32028      0.46745
     -5.44776      0.54012      0.21657      0.32355
     -5.43776      0.38818      0.15331      0.23487
     -5.42776      0.37809      0.15041      0.22768
     -5.41776      0.49075      0.19742      0.29332
     -5.40776      0.56429      0.22558      0.33871
     -5.39776      0.42003      0.16714      0.25289
     -5.38776      0.42414      0.17069      0.25345
     -5.37776      0.51328      0.20809      0.30519
     -5.36776      0.55015      0.22577      0.32438
     -5.35776      0.68299      0.28370      0.39929
     -5.34776      0.78307      0.32500      0.45807
     -5.33776      0.66370      0.27502      0.38868
     -5.32776      0.56593      0.23062      0.33530
     -5.31776      0.65116      0.25922      0.39194
     -5.30776      0.58624      0.23091      0.35533
     -5.29776      0.38487      0.15053      0.23435
     -5.28776      0.21819      0.08557      0.13263
     -5.27776      0.31407      0.12530      0.18877
     -5.26776      0.60501      0.24269      0.36232
     -5.25776      0.75916      0.30209      0.45707
     -5.24776      0.71083      0.27708      0.43375
     -5.23776      0.68904      0.26604      0.42300
     -5.22776      0.78580      0.30506      0.48075
     -5.21776      0.88858      0.34610      0.54248
     -5.20776      1.08477      0.42337      0.66140
     -5.19776      1.08262      0.42005      0.66257
     -5.18776      0.86882      0.33461      0.53421
     -5.17776      0.91998      0.35786      0.56212
     -5.16776      1.10876      0.43641      0.67235
     -5.15776      1.10323      0.43274      0.67049
     -5.14776      0.97041      0.37876      0.59165
     -5.13776      0.86006      0.33720      0.52286
     -5.12776      0.84882      0.33444      0.51439
     -5.11776      0.80229      0.31790      0.48438
     -5.10776      0.75456      0.29380      0.46076
     -5.09776      0.82634      0.31252      0.51382
     -5.08776      0.98698      0.37326      0.61372
     -5.07776      0.96000      0.37053      0.58947
     -5.06776      0.81228      0.31881      0.49347
     -5.05776      0.77293      0.29771      0.47523
     -5.04776      0.67867      0.25475      0.42392
     -5.03776      0.45237      0.16759      0.28479
     -5.02776      0.40313      0.15377      0.24935
     -5.01776      0.75257      0.29127      0.46130
     -5.00776      1.12966      0.43424      0.69542
     -4.99776      1.33312      0.51612      0.81700
     -4.98776      1.29963      0.50475      0.79487
     -4.97776      0.91703      0.35022      0.56681
     -4.96776      0.69994      0.26178      0.43816
     -4.95776      0.81667      0.30708      0.50959
     -4.94776      0.94359      0.36145      0.58213
     -4.93776      0.88587      0.34236      0.54351
     -4.92776      0.81749      0.31824      0.49926
     -4.91776      0.93113      0.36282      0.56831
     -4.90776      1.02416      0.39337      0.63079
     -4.89776      1.08045      0.41355      0.66690
     -4.88776      1.06531      0.41076      0.65455
     -4.87776      0.94539      0.36535      0.58004
     -4.86776      0.93093      0.35849      0.57244
     -4.85776      0.91224      0.34536      0.56687
     -4.84776      0.90732      0.34004      0.56729
     -4.83776      0.81298      0.30870      0.50428
     -4.82776      0.79369      0.30746      0.48623
     -4.81776      0.89393      0.34936      0.54457
     -4.80776      0.80068      0.30999      0.49069
     -4.79776      0.87302      0.33023      0.54279
     -4.78776      1.24396      0.47298      0.77098
     -4.77776      1.30787      0.50061      0.80726
     -4.76776      1.01471      0.38363      0.63108
     -4.75776      0.73013      0.26842      0.46171
     -4.74776      0.60349      0.22033      0.38315
     -4.73776      0.75969      0.28341      0.47628
     -4.72776      1.00847      0.38152      0.62695
     -4.71776      1.00350      0.37823      0.62527
     -4.70776      0.95785      0.35944      0.59841
     -4.69776      0.93040      0.35705      0.57335
     -4.68776      0.98660      0.38483      0.60176
     -4.67776      1.19415      0.46249      0.73167
     -4.66776      1.24112      0.47552      0.76561
     -4.65776      1.28731      0.48857      0.79874
     -4.64776      1.31962      0.50164      0.81798
     -4.63776      1.01537      0.38431      0.63105
     -4.62776      0.67081      0.24981      0.42100
     -4.61776      0.57377      0.21174      0.36203
     -4.60776      0.64340      0.23594      0.40746
     -4.59776      0.79974      0.29258      0.50716
     -4.58776      1.01803      0.37590      0.64214
     -4.57776      1.29874      0.48914      0.80960
     -4.56776      1.44504      0.55289      0.89215
     -4.55776      1.26905      0.48356      0.78549
     -4.54776      1.02864      0.38601      0.64263
     -4.53776      0.73667      0.27849      0.45818
     -4.52776      0.71872      0.27558      0.44315
     -4.51776      1.07394      0.40381      0.67013
     -4.50776      1.30711      0.48254      0.82457
     -4.49776      1.35464      0.50063      0.85401
     -4.48776      1.21387      0.45476      0.75911
     -4.47776      1.03078      0.39289      0.63790
     -4.46776      0.93892      0.35990      0.57902
     -4.45776      0.81948      0.31183      0.50764
     -4.44776      1.00421      0.38275      0.62146
     -4.43776      1.51408      0.57304      0.94104
     -4.42776      1.71654      0.64368      1.07286
     -4.41776      1.40208      0.51873      0.88335
     -4.40776      1.13762      0.41774      0.71989
     -4.39776      1.05641      0.39387      0.66253
     -4.38776      0.99400      0.37957      0.61443
     -4.37776      1.05209      0.40121      0.65087
     -4.36776      1.13093      0.41917      0.71176
     -4.35776      1.27904      0.46705      0.81198
     -4.34776      1.34298      0.48794      0.85504
     -4.33776      1.19939      0.43644      0.76295
     -4.32776      1.17351      0.43186      0.74164
     -4.31776      1.35996      0.50515      0.85482
     -4.30776      1.70188      0.63789      1.06398
     -4.29776      2.13032      0.79860      1.33172
     -4.28776      2.08611      0.77683      1.30928
     -4.27776      1.56768      0.57594      0.99173
     -4.26776      1.10176      0.40053      0.70123
     -4.25776      1.06284      0.39247      0.67037
     -4.24776      1.19663      0.44594      0.75069
     -4.23776      1.27545      0.47663      0.79882
     -4.22776      1.29773      0.48638      0.81134
     -4.21776      1.22911      0.46111      0.76800
     -4.20776      1.18057      0.44338      0.73719
     -4.19776      1.19466      0.44834      0.74632
     -4.18776      1.31832      0.49404      0.82428
     -4.17776      1.50139      0.55276      0.94863
     -4.16776      1.37561      0.49500      0.88061
     -4.15776      1.17805      0.42533      0.75272
     -4.14776      1.10638      0.40993      0.69645
     -4.13776      1.00911      0.38146      0.62766
     -4.12776      1.07714      0.40993      0.66721
     -4.11776      1.21809      0.45809      0.76000
     -4.10776      1.27469      0.47248      0.80221
     -4.09776      1.30897      0.48382      0.82516
     -4.08776      1.05125      0.38775      0.66350
     -4.07776      0.81007      0.29524      0.51483
     -4.06776      0.88633      0.31958      0.56675
     -4.05776      1.01692      0.36860      0.64832
     -4.04776      0.84307      0.31271      0.53035
     -4.03776      0.72892      0.27447      0.45446
     -4.02776      0.82924      0.30612      0.52311
     -4.01776      1.01390      0.37335      0.64055
     -4.00776      1.21870      0.45446      0.76424
     -3.99776      1.27255      0.47635      0.79620
     -3.98776      1.25076      0.46322      0.78754
     -3.97776      1.01020      0.36673      0.64347
     -3.96776      0.78282      0.28288      0.49995
     -3.95776      0.97224      0.35547      0.61677
     -3.94776      1.09852      0.40147      0.69705
     -3.93776      1.01895      0.37195      0.64699
     -3.92776      0.97222      0.35852      0.61370
     -3.91776      0.84859      0.31423      0.53436
     -3.90776      0.83315      0.30743      0.52572
     -3.89776      1.03912      0.38609      0.65303
     -3.88776      1.25618      0.46400      0.79218
     -3.87776      1.14180      0.41180      0.73000
     -3.86776      0.70065      0.24699      0.45366
     -3.85776      0.48998      0.17525      0.31473
     -3.84776      0.85320      0.31266      0.54055
     -3.83776      1.18566      0.44103      0.74463
     -3.82776      0.92563      0.34945      0.57618
     -3.81776      0.59208      0.22490      0.36718
     -3.80776      0.68986      0.25991      0.42995
     -3.79776      1.02781      0.38463      0.64318
     -3.78776      1.21556      0.45223      0.76332
     -3.77776      1.32388      0.48611      0.83777
     -3.76776      1.38016      0.49970      0.88046
     -3.75776      1.18280      0.42299      0.75981
     -3.74776      0.76203      0.26889      0.49314
     -3.73776      0.48316      0.16965      0.31351
     -3.72776      0.49142      0.17166      0.31976
     -3.71776      0.66645      0.23676      0.42969
     -3.70776      0.91708      0.33469      0.58239
     -3.69776      1.00841      0.37697      0.63143
     -3.68776      0.90784      0.34102      0.56682
     -3.67776      0.85136      0.31077      0.54058
     -3.66776      0.84151      0.30487      0.53664
     -3.65776      0.81129      0.29487      0.51642
     -3.64776      0.82780      0.29353      0.53427
     -3.63776      0.97982      0.34951      0.63031
     -3.62776      1.13890      0.41963      0.71927
     -3.61776      1.05990      0.39498      0.66492
     -3.60776      0.78114      0.28536      0.49578
     -3.59776      0.58067      0.20852      0.37216
     -3.58776      0.47762      0.17467      0.30295
     -3.57776      0.58707      0.21934      0.36773
     -3.56776      0.97053      0.35715      0.61338
     -3.55776      1.26649      0.45711      0.80938
     -3.54776      1.16846      0.41526      0.75320
     -3.53776      0.89771      0.31912      0.57859
     -3.52776      0.70285      0.24955      0.45329
     -3.51776      0.63968      0.22318      0.41650
     -3.50776      0.67947      0.24000      0.43947
     -3.49776      0.67971      0.24335      0.43637
     -3.48776      0.66805      0.23915      0.42890
     -3.47776      0.80425      0.29289      0.51136
     -3.46776      1.15759      0.42807      0.72951
     -3.45776      1.29542      0.47822      0.81720
     -3.44776      1.11241      0.40546      0.70695
     -3.43776      0.81867      0.29685      0.52182
     -3.42776      0.71564      0.26197      0.45368
     -3.41776      0.78145      0.28532      0.49613
     -3.40776      0.63112      0.22825      0.40288
     -3.39776      0.46535      0.16580      0.29955
     -3.38776      0.63950      0.22482      0.41468
     -3.37776      0.93162      0.33338      0.59824
     -3.36776      0.86534      0.31131      0.55403
     -3.35776      0.62529      0.22643      0.39887
     -3.34776      0.58678      0.21171      0.37507
     -3.33776      0.76535      0.26555      0.49979
     -3.32776      0.99335      0.34752      0.64583
     -3.31776      1.03926      0.37270      0.66657
     -3.30776      1.02679      0.37083      0.65595
     -3.29776      1.14199      0.40921      0.73278
     -3.28776      1.10242      0.39299      0.70944
     -3.27776      0.68667      0.24583      0.44084
     -3.26776      0.40548      0.14260      0.26288
     -3.25776      0.40021      0.13581      0.26440
     -3.24776      0.53641      0.18593      0.35048
     -3.23776      0.68417      0.24129      0.44288
     -3.22776      0.68681      0.24453      0.44228
     -3.21776      0.69609      0.24667      0.44942
     -3.20776      0.98789      0.34775      0.64014
     -3.19776      1.06538      0.37459      0.69079
     -3.18776      0.79929      0.28606      0.51324
     -3.17776      0.73296      0.27125      0.46172
     -3.16776      0.78748      0.28814      0.49934
     -3.15776      0.81552      0.29371      0.52181
     -3.14776      0.72824      0.27070      0.45754
     -3.13776      0.65451      0.25013      0.40438
     -3.12776      0.77293      0.28843      0.48451
     -3.11776      1.02065      0.36731      0.65334
     -3.10776      1.04452      0.36188      0.68264
     -3.09776      0.91317      0.30282      0.61035
     -3.08776      0.76341      0.25109      0.51232
     -3.07776      0.68649      0.23116      0.45534
     -3.06776      0.76349      0.26528      0.49822
     -3.05776      0.67402      0.23924      0.43477
     -3.04776      0.57540      0.20536      0.37004
     -3.03776      0.60304      0.21446      0.38857
     -3.02776      0.74858      0.25879      0.48979
     -3.01776      0.74355      0.25213      0.49141
     -3.00776      0.44102      0.14767      0.29334
     -2.99776      0.32695      0.11149      0.21545
     -2.98776      0.58462      0.21244      0.37218
     -2.97776      1.00358      0.36436      0.63922
     -2.96776      1.21727      0.43077      0.78650
     -2.95776      1.12221      0.39625      0.72596
     -2.94776      0.86461      0.30971      0.55491
     -2.93776      0.91228      0.32215      0.59013
     -2.92776      1.06397      0.37388      0.69009
     -2.91776      0.75548      0.27048      0.48500
     -2.90776      0.39090      0.13923      0.25167
     -2.89776      0.41420      0.13657      0.27764
     -2.88776      0.51508      0.16765      0.34743
     -2.87776      0.40600      0.13778      0.26822
     -2.86776      0.39744      0.14874      0.24871
     -2.85776      0.56482      0.20874      0.35607
     -2.84776      0.86284      0.29820      0.56464
     -2.83776      1.20691      0.40677      0.80014
     -2.82776      1.21366      0.40780      0.80586
     -2.81776      0.92979      0.31362      0.61617
     -2.80776      0.72782      0.25414      0.47368
     -2.79776      0.63811      0.22555      0.41256
     -2.78776      0.51258      0.17387      0.33871
     -2.77776      0.51201      0.17486      0.33716
     -2.76776      0.65013      0.23322      0.41691
     -2.75776      0.86616      0.31093      0.55523
     -2.74776      1.09160      0.38733      0.70427
     -2.73776      1.10644      0.38944      0.71700
     -2.72776      0.83316      0.28489      0.54827
     -2.71776      0.56815      0.18569      0.38246
     -2.70776      0.52357      0.17635      0.34722
     -2.69776      0.62940      0.21923      0.41018
     -2.68776      0.65627      0.22365      0.43262
     -2.67776      0.53512      0.17377      0.36135
     -2.66776      0.50283      0.16433      0.33851
     -2.65776      0.64928      0.22426      0.42502
     -2.64776      0.80754      0.28141      0.52613
     -2.63776      0.73747      0.25799      0.47948
     -2.62776      0.51972      0.18663      0.33309
     -2.61776      0.51044      0.17632      0.33412
     -2.60776      0.60458      0.19700      0.40758
     -2.59776      0.66395      0.21614      0.44781
     -2.58776      0.75305      0.25025      0.50280
     -2.57776      0.70838      0.23861      0.46978
     -2.56776      0.67597      0.23152      0.44445
     -2.55776      0.95992      0.33108      0.62884
     -2.54776      1.44762      0.50073      0.94688
     -2.53776      1.38922      0.47895      0.91026
     -2.52776      0.92784      0.31643      0.61141
     -2.51776      0.62159      0.21420      0.40739
     -2.50776      0.45358      0.15438      0.29920
     -2.49776      0.39911      0.12852      0.27059
     -2.48776      0.28088      0.08941      0.19147
     -2.47776      0.36225      0.11979      0.24247
     -2.46776      0.67183      0.22547      0.44636
     -2.45776      0.88089      0.29525      0.58563
     -2.44776      0.94812      0.31619      0.63193
     -2.43776      0.83817      0.27831      0.55986
     -2.42776      0.65645      0.22113      0.43532
     -2.41776      0.41719      0.14394      0.27325
     -2.40776      0.35613      0.11983      0.23629
     -2.39776      0.59257      0.19403      0.39855
     -2.38776      0.72267      0.23605      0.48662
     -2.37776      0.64635      0.21522      0.43113
     -2.36776      0.70570      0.24724      0.45845
     -2.35776      1.05255      0.37362      0.67893
     -2.34776      0.98244      0.34589      0.63655
     -2.33776      0.63782      0.21385      0.42398
     -2.32776      0.67667      0.20549      0.47118
     -2.31776      0.80505      0.23971      0.56533
     -2.30776      0.74209      0.22948      0.51261
     -2.29776      0.57653      0.18710      0.38943
     -2.28776      0.49966      0.16776      0.33191
     -2.27776      0.57458      0.19893      0.37565
     -2.26776      0.89742      0.31219      0.58522
     -2.25776      1.12463      0.38171      0.74292
     -2.24776      0.97821      0.32072      0.65749
     -2.23776      0.62390      0.19680      0.42711
     -2.22776      0.40290      0.12705      0.27585
     -2.21776      0.40105      0.12719      0.27386
     -2.20776      0.46503      0.14628      0.31874
     -2.19776      0.59638      0.19407      0.40231
     -2.18776      0.87164      0.29023      0.58141
     -2.17776      1.09278      0.36877      0.72400
     -2.16776      0.98695      0.33547      0.65148
     -2.15776      0.74517      0.24308      0.50209
     -2.14776      0.56891      0.17115      0.39776
     -2.13776      0.37989      0.11706      0.26282
     -2.12776      0.35736      0.12691      0.23045
     -2.11776      0.52940      0.18475      0.34464
     -2.10776      0.66040      0.21143      0.44897
     -2.09776      0.68322      0.21306      0.47016
     -2.08776      0.60947      0.19886      0.41061
     -2.07776      0.55820      0.18613      0.37207
     -2.06776      0.73470      0.23236      0.50235
     -2.05776      0.88291      0.26919      0.61372
     -2.04776      0.81663      0.24916      0.56748
     -2.03776      0.88038      0.27709      0.60330
     -2.02776      1.04865      0.33919      0.70946
     -2.01776      1.06205      0.35311      0.70894
     -2.00776      0.83382      0.28406      0.54977
     -1.99776      0.56872      0.19504      0.37368
     -1.98776      0.44110      0.14613      0.29497
     -1.97776      0.43426      0.13017      0.30409
     -1.96776      0.59875      0.17383      0.42492
     -1.95776      0.73448      0.22035      0.51413
     -1.94776      0.61668      0.19104      0.42563
     -1.93776      0.57400      0.18232      0.39168
     -1.92776      0.78930      0.25244      0.53686
     -1.91776      0.82974      0.26571      0.56404
     -1.90776      0.62507      0.19687      0.42820
     -1.89776      0.59262      0.18151      0.41111
     -1.88776      0.62287      0.19619      0.42669
     -1.87776      0.80024      0.26231      0.53792
     -1.86776      0.93819      0.30129      0.63690
     -1.85776      0.69985      0.21914      0.48071
     -1.84776      0.37279      0.12261      0.25018
     -1.83776      0.31214      0.10666      0.20548
     -1.82776      0.55584      0.17749      0.37835
     -1.81776      0.84773      0.26622      0.58152
     -1.80776      0.79098      0.24739      0.54359
     -1.79776      0.68381      0.20370      0.48011
     -1.78776      0.85671      0.24776      0.60895
     -1.77776      0.95808      0.28340      0.67468
     -1.76776      0.87905      0.27173      0.60732
     -1.75776      0.86385      0.26847      0.59538
     -1.74776      0.87122      0.26497      0.60625
     -1.73776      0.71223      0.21387      0.49835
     -1.72776      0.53229      0.16477      0.36753
     -1.71776      0.41694      0.13395      0.28299
     -1.70776      0.39709      0.12476      0.27232
     -1.69776      0.59444      0.18119      0.41325
     -1.68776      0.82008      0.24522      0.57486
     -1.67776      0.87645      0.26200      0.61445
     -1.66776      0.85039      0.26359      0.58680
     -1.65776      0.89351      0.28038      0.61313
     -1.64776      0.83384      0.25195      0.58189
     -1.63776      0.55472      0.16020      0.39452
     -1.62776      0.48823      0.14149      0.34674
     -1.61776      0.66505      0.20061      0.46444
     -1.60776      0.67133      0.20686      0.46447
     -1.59776      0.64589      0.19134      0.45455
     -1.58776      0.68785      0.20057      0.48728
     -1.57776      0.61827      0.19492      0.42335
     -1.56776      0.46226      0.15481      0.30745
     -1.55776      0.53370      0.16636      0.36734
     -1.54776      0.75260      0.22054      0.53207
     -1.53776      0.82054      0.23443      0.58611
     -1.52776      0.90877      0.25913      0.64964
     -1.51776      1.00611      0.28345      0.72266
     -1.50776      0.89762      0.25169      0.64592
     -1.49776      0.72766      0.20658      0.52108
     -1.48776      0.66793      0.17855      0.48937
     -1.47776      0.59412      0.14918      0.44494
     -1.46776      0.41017      0.10117      0.30900
     -1.45776      0.25262      0.06217      0.19046
     -1.44776      0.23553      0.05763      0.17790
     -1.43776      0.38538      0.09338      0.29199
     -1.42776      0.57874      0.13964      0.43910
     -1.41776      0.56810      0.13681      0.43130
     -1.40776      0.46121      0.11121      0.35000
     -1.39776      0.46482      0.11227      0.35255
     -1.38776      0.55684      0.13415      0.42269
     -1.37776      0.49117      0.11798      0.37319
     -1.36776      0.37692      0.09003      0.28689
     -1.35776      0.46651      0.11070      0.35581
     -1.34776      0.52439      0.12391      0.40048
     -1.33776      0.38331      0.09020      0.29311
     -1.32776      0.34394      0.08076      0.26318
     -1.31776      0.38002      0.08878      0.29124
     -1.30776      0.38810      0.08987      0.29823
     -1.29776      0.38152      0.08803      0.29349
     -1.28776      0.37056      0.08565      0.28491
     -1.27776      0.56524      0.13098      0.43427
     -1.26776      0.83691      0.19430      0.64261
     -1.25776      0.83677      0.19414      0.64263
     -1.24776      0.69137      0.15966      0.53171
     -1.23776      0.64091      0.14713      0.49378
     -1.22776      0.53883      0.12326      0.41557
     -1.21776      0.46194      0.10480      0.35714
     -1.20776      0.56686      0.12712      0.43975
     -1.19776      0.61897      0.13815      0.48082
     -1.18776      0.54557      0.12159      0.42398
     -1.17776      0.47346      0.10512      0.36834
     -1.16776      0.43408      0.09578      0.33831
     -1.15776      0.38720      0.08537      0.30183
     -1.14776      0.48833      0.10783      0.38050
     -1.13776      0.72746      0.16019      0.56727
     -1.12776      0.75940      0.16637      0.59303
     -1.11776      0.66096      0.14364      0.51732
     -1.10776      0.59425      0.12815      0.46610
     -1.09776      0.50044      0.10756      0.39288
     -1.08776      0.46586      0.09924      0.36662
     -1.07776      0.58131      0.12285      0.45846
     -1.06776      0.50876      0.10702      0.40174
     -1.05776      0.38707      0.08109      0.30599
     -1.04776      0.43027      0.08943      0.34084
     -1.03776      0.54221      0.11195      0.43026
     -1.02776      0.78740      0.16389      0.62352
     -1.01776      1.08890      0.22888      0.86001
     -1.00776      1.07841      0.22661      0.85180
     -0.99776      0.94980      0.19740      0.75240
     -0.98776      0.90913      0.18631      0.72283
     -0.97776      0.86622      0.17555      0.69067
     -0.96776      0.82435      0.16565      0.65870
     -0.95776      0.78750      0.15695      0.63055
     -0.94776      0.80026      0.15784      0.64242
     -0.93776      0.85847      0.16760      0.69087
     -0.92776      0.92672      0.17917      0.74755
     -0.91776      1.09022      0.20912      0.88110
     -0.90776      1.28873      0.24742      1.04132
     -0.89776      1.15427      0.22421      0.93006
     -0.88776      0.81491      0.15989      0.65502
     -0.87776      0.69924      0.13571      0.56353
     -0.86776      0.78655      0.15005      0.63650
     -0.85776      0.76182      0.14377      0.61805
     -0.84776      0.49327      0.09207      0.40120
     -0.83776      0.30171      0.05541      0.24630
     -0.82776      0.27169      0.04944      0.22224
     -0.81776      0.32895      0.05972      0.26923
     -0.80776      0.52058      0.09493      0.42566
     -0.79776      1.06311      0.19709      0.86603
     -0.78776      1.85365      0.34831      1.50534
     -0.77776      1.75029      0.32992      1.42037
     -0.76776      0.81646      0.15233      0.66412
     -0.75776      0.30688      0.05532      0.25156
     -0.74776      0.20834      0.03654      0.17179
     -0.73776      0.26095      0.04552      0.21543
     -0.72776      0.29056      0.05065      0.23991
     -0.71776      0.31479      0.05476      0.26002
     -0.70776      0.36513      0.06366      0.30146
     -0.69776      0.46548      0.08161      0.38387
     -0.68776      0.69389      0.12244      0.57146
     -0.67776      0.83577      0.14744      0.68833
     -0.66776      0.63369      0.11056      0.52313
     -0.65776      0.33649      0.05754      0.27896
     -0.64776      0.25660      0.04313      0.21346
     -0.63776      0.30238      0.05049      0.25190
     -0.62776      0.37832      0.06292      0.31540
     -0.61776      0.46831      0.07772      0.39059
     -0.60776      0.54135      0.08980      0.45154
     -0.59776      0.64538      0.10723      0.53815
     -0.58776      0.80891      0.13519      0.67372
     -0.57776      0.92939      0.15567      0.77373
     -0.56776      0.76493      0.12681      0.63812
     -0.55776      0.38123      0.06196      0.31927
     -0.54776      0.16542      0.02620      0.13922
     -0.53776      0.23211      0.03626      0.19585
     -0.52776      0.31307      0.04867      0.26441
     -0.51776      0.34135      0.05260      0.28875
     -0.50776      0.43929      0.06753      0.37176
     -0.49776      0.42160      0.06507      0.35652
     -0.48776      0.43250      0.06696      0.36554
     -0.47776      0.47999      0.07389      0.40610
     -0.46776      0.38588      0.05853      0.32735
     -0.45776      0.30171      0.04481      0.25690
     -0.44776      0.32411      0.04747      0.27664
     -0.43776      0.38999      0.05674      0.33324
     -0.42776      0.42085      0.06091      0.35994
     -0.41776      0.42182      0.06096      0.36086
     -0.40776      0.44589      0.06449      0.38140
     -0.39776      0.63012      0.09047      0.53965
     -0.38776      0.72728      0.10353      0.62375
     -0.37776      0.42133      0.05960      0.36174
     -0.36776      0.14528      0.02015      0.12513
     -0.35776      0.19465      0.02614      0.16851
     -0.34776      0.32080      0.04291      0.27789
     -0.33776      0.34498      0.04570      0.29929
     -0.32776      0.38923      0.05118      0.33805
     -0.31776      0.39964      0.05261      0.34703
     -0.30776      0.34244      0.04488      0.29756
     -0.29776      0.30069      0.03873      0.26196
     -0.28776      0.26364      0.03329      0.23034
     -0.27776      0.27238      0.03392      0.23846
     -0.26776      0.34769      0.04280      0.30489
     -0.25776      0.44940      0.05482      0.39459
     -0.24776      0.53455      0.06473      0.46982
     -0.23776      0.50300      0.06073      0.44227
     -0.22776      0.32040      0.03836      0.28204
     -0.21776      0.26931      0.03122      0.23809
     -0.20776      0.28135      0.03217      0.24918
     -0.19776      0.18505      0.02093      0.16412
     -0.18776      0.23754      0.02628      0.21126
     -0.17776      0.37498      0.04114      0.33384
     -0.16776      0.38675      0.04188      0.34487
     -0.15776      0.33268      0.03548      0.29719
     -0.14776      0.25052      0.02634      0.22419
     -0.13776      0.27455      0.02826      0.24629
     -0.12776      0.39000      0.03960      0.35040
     -0.11776      0.41038      0.04124      0.36914
     -0.10776      0.31413      0.03104      0.28309
     -0.09776      0.25166      0.02425      0.22741
     -0.08776      0.25704      0.02424      0.23279
     -0.07776      0.27911      0.02591      0.25320
     -0.06776      0.27060      0.02469      0.24590
     -0.05776      0.27159      0.02416      0.24743
     -0.04776      0.34929      0.03042      0.31887
     -0.03776      0.34712      0.02986      0.31726
     -0.02776      0.24768      0.02086      0.22682
     -0.01776      0.23740      0.01936      0.21803
     -0.00776      0.22994      0.01848      0.21145
      0.00224      0.12440      0.00993      0.11447
      0.01224      0.03015      0.00240      0.02775
      0.02224      0.00292      0.00023      0.00269
      0.03224      0.00011      0.00001      0.00010
      0.04224      0.00000      0.00000      0.00000
      0.05224      0.00000      0.00000      0.00000
      0.06224      0.00000      0.00000      0.00000
      0.07224      0.00000      0.00000      0.00000
      0.08224      0.00000      0.00000      0.00000
      0.09224      0.00000      0.00000      0.00000
      0.10224      0.00000      0.00000      0.00000
      0.11224      0.00000      0.00000      0.00000
      0.12224      0.00000      0.00000      0.00000
      0.13224      0.00000      0.00000      0.00000
      0.14224      0.00000      0.00000      0.00000
      0.15224      0.00000      0.00000      0.00000
      0.16224      0.00000      0.00000      0.00000
      0.17224      0.00000      0.00000      0.00000
      0.18224      0.00000      0.00000      0.00000
      0.19224      0.00000      0.00000      0.00000
      0.20224      0.00000      0.00000      0.00000
      0.21224      0.00000      0.00000      0.00000
      0.22224      0.00000      0.00000      0.00000
      0.23224      0.00000      0.00000      0.00000
      0.24224      0.00000      0.00000      0.00000
      0.25224      0.00000      0.00000      0.00000
      0.26224      0.00000      0.00000      0.00000
      0.27224      0.00000      0.00000      0.00000
      0.28224      0.00000      0.00000      0.00000
      0.29224      0.00000      0.00000      0.00000
      0.30224      0.00000      0.00000      0.00000
      0.31224      0.00000      0.00000      0.00000
      0.32224      0.00000      0.00000      0.00000
      0.33224      0.00000      0.00000      0.00000
      0.34224      0.00000      0.00000      0.00000
      0.35224      0.00000      0.00000      0.00000
      0.36224      0.00000      0.00000      0.00000
      0.37224      0.00000      0.00000      0.00000
      0.38224      0.00000      0.00000      0.00000
      0.39224      0.00000      0.00000      0.00000
      0.40224      0.00000      0.00000      0.00000
      0.41224      0.00000      0.00000      0.00000
      0.42224      0.00000      0.00000      0.00000
      0.43224      0.00000      0.00000      0.00000
      0.44224      0.00000      0.00000      0.00000
      0.45224      0.00000      0.00000      0.00000
      0.46224      0.00000      0.00000      0.00000
      0.47224      0.00000      0.00000      0.00000
      0.48224      0.00000      0.00000      0.00000
      0.49224      0.00000      0.00000      0.00000
      0.50224      0.00000      0.00000      0.00000
      0.51224      0.00000      0.00000      0.00000
      0.52224      0.00000      0.00000      0.00000
      0.53224      0.00000      0.00000      0.00000
      0.54224      0.00000      0.00000      0.00000
      0.55224      0.00000      0.00000      0.00000
      0.56224      0.00000      0.00000      0.00000
      0.57224      0.00000      0.00000      0.00000
      0.58224      0.00000      0.00000      0.00000
      0.59224      0.00000      0.00000      0.00000
      0.60224      0.00000      0.00000      0.00000
      0.61224      0.00000      0.00000      0.00000
      0.62224      0.00000      0.00000      0.00000
      0.63224      0.00000      0.00000      0.00000
      0.64224      0.00000      0.00000      0.00000
      0.65224      0.00000      0.00000      0.00000
      0.66224      0.00000      0.00000      0.00000
      0.67224      0.00000      0.00000      0.00000
      0.68224      0.00000      0.00000      0.00000
      0.69224      0.00000      0.00000      0.00000
      0.70224      0.00000      0.00000      0.00000
      0.71224      0.00000      0.00000      0.00000
      0.72224      0.00000      0.00000      0.00000
      0.73224      0.00000      0.00000      0.00000
      0.74224      0.00000      0.00000      0.00000
      0.75224      0.00000      0.00000      0.00000
      0.76224      0.00000      0.00000      0.00000
      0.77224      0.00000      0.00000      0.00000
      0.78224      0.00000      0.00000      0.00000
      0.79224      0.00000      0.00000      0.00000
      0.80224      0.00000      0.00000      0.00000
      0.81224      0.00000      0.00000      0.00000
      0.82224      0.00000      0.00000      0.00000
      0.83224      0.00000      0.00000      0.00000
      0.84224      0.00000      0.00000      0.00000
      0.85224      0.00000      0.00000      0.00000
      0.86224      0.00000      0.00000      0.00000
      0.87224      0.00000      0.00000      0.00000
      0.88224      0.00000      0.00000      0.00000
      0.89224      0.00000      0.00000      0.00000
      0.90224      0.00000      0.00000      0.00000
      0.91224      0.00000      0.00000      0.00000
      0.92224      0.00000      0.00000      0.00000
      0.93224      0.00000      0.00000      0.00000
      0.94224      0.00000      0.00000      0.00000
      0.95224      0.00000      0.00000      0.00000
      0.96224      0.00000      0.00000      0.00000
      0.97224      0.00000      0.00000      0.00000
      0.98224      0.00000      0.00000      0.00000
      0.99224      0.00000      0.00000      0.00000
      1.00224      0.00000      0.00000      0.00000
      1.01224      0.00000      0.00000      0.00000
      1.02224      0.00000      0.00000      0.00000
      1.03224      0.00000      0.00000      0.00000
      1.04224      0.00000      0.00000      0.00000
      1.05224      0.00000      0.00000      0.00000
      1.06224      0.00000      0.00000      0.00000
      1.07224      0.00000      0.00000      0.00000
      1.08224      0.00000      0.00000      0.00000
      1.09224      0.00000      0.00000      0.00000
      1.10224      0.00000      0.00000      0.00000
      1.11224      0.00000      0.00000      0.00000
      1.12224      0.00000      0.00000      0.00000
      1.13224      0.00000      0.00000      0.00000
      1.14224      0.00000      0.00000      0.00000
      1.15224      0.00000      0.00000      0.00000
      1.16224      0.00000      0.00000      0.00000
      1.17224      0.00000      0.00000      0.00000
      1.18224      0.00000      0.00000      0.00000
      1.19224      0.00000      0.00000      0.00000
      1.20224      0.00000      0.00000      0.00000
      1.21224      0.00000      0.00000      0.00000
      1.22224      0.00000      0.00000      0.00000
      1.23224      0.00000      0.00000      0.00000
      1.24224      0.00000      0.00000      0.00000
      1.25224      0.00000      0.00000      0.00000
      1.26224      0.00000      0.00000      0.00000
      1.27224      0.00000      0.00000      0.00000
      1.28224      0.00000      0.00000      0.00000
      1.29224      0.00000      0.00000      0.00000
      1.30224      0.00000      0.00000      0.00000
      1.31224      0.00000      0.00000      0.00000
      1.32224      0.00000      0.00000      0.00000
      1.33224      0.00000      0.00000      0.00000
      1.34224      0.00000      0.00000      0.00000
      1.35224      0.00000      0.00000      0.00000
      1.36224      0.00000      0.00000      0.00000
      1.37224      0.00000      0.00000      0.00000
      1.38224      0.00000      0.00000      0.00000
      1.39224      0.00000      0.00000      0.00000
      1.40224      0.00000      0.00000      0.00000
      1.41224      0.00000      0.00000      0.00000
      1.42224      0.00000      0.00000      0.00000
      1.43224      0.00000      0.00000      0.00000
      1.44224      0.00000      0.00000      0.00000
      1.45224      0.00000      0.00000      0.00000
      1.46224      0.00000      0.00000      0.00000
      1.47224      0.00000      0.00000      0.00000
      1.48224      0.00000      0.00000      0.00000
      1.49224      0.00000      0.00000      0.00000
      1.50224      0.00000      0.00000      0.00000
      1.51224      0.00000      0.00000      0.00000
      1.52224      0.00000      0.00000      0.00000
      1.53224      0.00000      0.00000      0.00000
      1.54224      0.00000      0.00000      0.00000
      1.55224      0.00000      0.00000      0.00000
      1.56224      0.00000      0.00000      0.00000
      1.57224      0.00000      0.00000      0.00000
      1.58224      0.00000      0.00000      0.00000
      1.59224      0.00000      0.00000      0.00000
      1.60224      0.00000      0.00000      0.00000
      1.61224      0.00000      0.00000      0.00000
      1.62224      0.00000      0.00000      0.00000
      1.63224      0.00000      0.00000      0.00000
      1.64224      0.00000      0.00000      0.00000
      1.65224      0.00000      0.00000      0.00000
      1.66224      0.00000      0.00000      0.00000
      1.67224      0.00000      0.00000      0.00000
      1.68224      0.00000      0.00000      0.00000
      1.69224      0.00000      0.00000      0.00000
      1.70224      0.00000      0.00000      0.00000
      1.71224      0.00000      0.00000      0.00000
      1.72224      0.00000      0.00000      0.00000
      1.73224      0.00000      0.00000      0.00000
      1.74224      0.00000      0.00000      0.00000
      1.75224      0.00000      0.00000      0.00000
      1.76224      0.00000      0.00000      0.00000
      1.77224      0.00000      0.00000      0.00000
      1.78224      0.00000      0.00000      0.00000
      1.79224      0.00000      0.00000      0.00000
      1.80224      0.00000      0.00000      0.00000
      1.81224      0.00000      0.00000      0.00000
      1.82224      0.00000      0.00000      0.00000
      1.83224      0.00000      0.00000      0.00000
      1.84224      0.00000      0.00000      0.00000
      1.85224      0.00000      0.00000      0.00000
      1.86224      0.00000      0.00000      0.00000
      1.87224      0.00000      0.00000      0.00000
      1.88224      0.00000      0.00000      0.00000
      1.89224      0.00000      0.00000      0.00000
      1.90224      0.00000      0.00000      0.00000
      1.91224      0.00000      0.00000      0.00000
      1.92224      0.00000      0.00000      0.00000
      1.93224      0.00000      0.00000      0.00000
      1.94224      0.00000      0.00000      0.00000
      1.95224      0.00000      0.00000      0.00000
      1.96224      0.00000      0.00000      0.00000
      1.97224      0.00000      0.00000      0.00000
      1.98224      0.00000      0.00000      0.00000
      1.99224      0.00000      0.00000      0.00000
      2.00224      0.00000      0.00000      0.00000
      2.01224      0.00000      0.00000      0.00000
      2.02224      0.00000      0.00000      0.00000
      2.03224      0.00000      0.00000      0.00000
      2.04224      0.00000      0.00000      0.00000
      2.05224      0.00000      0.00000      0.00000
      2.06224      0.00000      0.00000      0.00000
      2.07224      0.00000      0.00000      0.00000
      2.08224      0.00000      0.00000      0.00000
      2.09224      0.00000      0.00000      0.00000
      2.10224      0.00000      0.00000      0.00000
      2.11224      0.00000      0.00000      0.00000
      2.12224      0.00000      0.00000      0.00000
      2.13224      0.00000      0.00000      0.00000
      2.14224      0.00000      0.00000      0.00000
      2.15224      0.00000      0.00000      0.00000
      2.16224      0.00000      0.00000      0.00000
      2.17224      0.00000      0.00000      0.00000
      2.18224      0.00000      0.00000      0.00000
      2.19224      0.00000      0.00000      0.00000
      2.20224      0.00000      0.00000      0.00000
      2.21224      0.00000      0.00000      0.00000
      2.22224      0.00000      0.00000      0.00000
      2.23224      0.00000      0.00000      0.00000
      2.24224      0.00000      0.00000      0.00000
      2.25224      0.00000      0.00000      0.00000
      2.26224      0.00000      0.00000      0.00000
      2.27224      0.00000      0.00000      0.00000
      2.28224      0.00000      0.00000      0.00000
      2.29224      0.00000      0.00000      0.00000
      2.30224      0.00000      0.00000      0.00000
      2.31224      0.00000      0.00000      0.00000
      2.32224      0.00000      0.00000      0.00000
      2.33224      0.00000      0.00000      0.00000
      2.34224      0.00000      0.00000      0.00000
      2.35224      0.00000      0.00000      0.00000
      2.36224      0.00000      0.00000      0.00000
      2.37224      0.00000      0.00000      0.00000
      2.38224      0.00000      0.00000      0.00000
      2.39224      0.00000      0.00000      0.00000
      2.40224      0.00000      0.00000      0.00000
      2.41224      0.00000      0.00000      0.00000
      2.42224      0.00000      0.00000      0.00000
      2.43224      0.00000      0.00000      0.00000
      2.44224      0.00000      0.00000      0.00000
      2.45224      0.00000      0.00000      0.00000
      2.46224      0.00000      0.00000      0.00000
      2.47224      0.00000      0.00000      0.00000
      2.48224      0.00000      0.00000      0.00000
      2.49224      0.00000      0.00000      0.00000
      2.50224      0.00000      0.00000      0.00000
      2.51224      0.00000      0.00000      0.00000
      2.52224      0.00000      0.00000      0.00000
      2.53224      0.00000      0.00000      0.00000
      2.54224      0.00000      0.00000      0.00000
      2.55224      0.00000      0.00000      0.00000
      2.56224      0.00000      0.00000      0.00000
      2.57224      0.00000      0.00000      0.00000
      2.58224      0.00000      0.00000      0.00000
      2.59224      0.00000      0.00000      0.00000
      2.60224      0.00000      0.00000      0.00000
      2.61224      0.00000      0.00000      0.00000
      2.62224      0.00000      0.00000      0.00000
      2.63224      0.00000      0.00000      0.00000
      2.64224      0.00000      0.00000      0.00000
      2.65224      0.00000      0.00000      0.00000
      2.66224      0.00000      0.00000      0.00000
      2.67224      0.00000      0.00000      0.00000
      2.68224      0.00000      0.00000      0.00000
      2.69224      0.00000      0.00000      0.00000
      2.70224      0.00000      0.00000      0.00000
      2.71224      0.00000      0.00000      0.00000
      2.72224      0.00000      0.00000      0.00000
      2.73224      0.00000      0.00000      0.00000
      2.74224      0.00000      0.00000      0.00000
      2.75224      0.00000      0.00000      0.00000
      2.76224      0.00000      0.00000      0.00000
      2.77224      0.00000      0.00000      0.00000
      2.78224      0.00000      0.00000      0.00000
      2.79224      0.00000      0.00000      0.00000
      2.80224      0.00000      0.00000      0.00000
      2.81224      0.00000      0.00000      0.00000
      2.82224      0.00000      0.00000      0.00000
      2.83224      0.00000      0.00000      0.00000
      2.84224      0.00000      0.00000      0.00000
      2.85224      0.00000      0.00000      0.00000
      2.86224      0.00000      0.00000      0.00000
      2.87224      0.00000      0.00000      0.00000
      2.88224      0.00000      0.00000      0.00000
      2.89224      0.00000      0.00000      0.00000
      2.90224      0.00000      0.00000      0.00000
      2.91224      0.00000      0.00000      0.00000
      2.92224      0.00000      0.00000      0.00000
      2.93224      0.00000      0.00000      0.00000
      2.94224      0.00000      0.00000      0.00000
      2.95224      0.00000      0.00000      0.00000
      2.96224      0.00000      0.00000      0.00000
      2.97224      0.00000      0.00000      0.00000
      2.98224      0.00000      0.00000      0.00000
      2.99224      0.00000      0.00000      0.00000
      3.00224      0.00000      0.00000      0.00000
      3.01224      0.00000      0.00000      0.00000
      3.02224      0.00000      0.00000      0.00000
      3.03224      0.00000      0.00000      0.00000
      3.04224      0.00000      0.00000      0.00000
      3.05224      0.00000      0.00000      0.00000
      3.06224      0.00000      0.00000      0.00000
      3.07224      0.00000      0.00000      0.00000
      3.08224      0.00000      0.00000      0.00000
      3.09224      0.00000      0.00000      0.00000
      3.10224      0.00000      0.00000      0.00000
      3.11224      0.00000      0.00000      0.00000
      3.12224      0.00000      0.00000      0.00000
      3.13224      0.00000      0.00000      0.00000
      3.14224      0.00000      0.00000      0.00000
      3.15224      0.00000      0.00000      0.00000
      3.16224      0.00000      0.00000      0.00000
      3.17224      0.00000      0.00000      0.00000
      3.18224      0.00000      0.00000      0.00000
      3.19224      0.00000      0.00000      0.00000
      3.20224      0.00000      0.00000      0.00000
      3.21224      0.00000      0.00000      0.00000
      3.22224      0.00000      0.00000      0.00000
      3.23224      0.00000      0.00000      0.00000
      3.24224      0.00000      0.00000      0.00000
      3.25224      0.00000      0.00000      0.00000
      3.26224      0.00000      0.00000      0.00000
      3.27224      0.00000      0.00000      0.00000
      3.28224      0.00000      0.00000      0.00000
      3.29224      0.00000      0.00000      0.00000
      3.30224      0.00000      0.00000      0.00000
      3.31224      0.00000      0.00000      0.00000
      3.32224      0.00000      0.00000      0.00000
      3.33224      0.00000      0.00000      0.00000
      3.34224      0.00000      0.00000      0.00000
      3.35224      0.00000      0.00000      0.00000
      3.36224      0.00000      0.00000      0.00000
      3.37224      0.00000      0.00000      0.00000
      3.38224      0.00000      0.00000      0.00000
      3.39224      0.00000      0.00000      0.00000
      3.40224      0.00000      0.00000      0.00000
      3.41224      0.00000      0.00000      0.00000
      3.42224      0.00000      0.00000      0.00000
      3.43224      0.00000      0.00000      0.00000
      3.44224      0.00000      0.00000      0.00000
      3.45224      0.00000      0.00000      0.00000
      3.46224      0.00000      0.00000      0.00000
      3.47224      0.00000      0.00000      0.00000
      3.48224      0.00000      0.00000      0.00000
      3.49224      0.00000      0.00000      0.00000
      3.50224      0.00000      0.00000      0.00000
      3.51224      0.00000      0.00000      0.00000
      3.52224      0.00000      0.00000      0.00000
      3.53224      0.00000      0.00000      0.00000
      3.54224      0.00000      0.00000      0.00000
      3.55224      0.00000      0.00000      0.00000
      3.56224      0.00000      0.00000      0.00000
      3.57224      0.00000      0.00000      0.00000
      3.58224      0.00000      0.00000      0.00000
      3.59224      0.00000      0.00000      0.00000
      3.60224      0.00000      0.00000      0.00000
      3.61224      0.00000      0.00000      0.00000
      3.62224      0.00000      0.00000      0.00000
      3.63224      0.00000      0.00000      0.00000
      3.64224      0.00000      0.00000      0.00000
      3.65224      0.00000      0.00000      0.00000
      3.66224      0.00000      0.00000      0.00000
      3.67224      0.00000      0.00000      0.00000
      3.68224      0.00000      0.00000      0.00000
      3.69224      0.00000      0.00000      0.00000
      3.70224      0.00000      0.00000      0.00000
      3.71224      0.00000      0.00000      0.00000
      3.72224      0.00000      0.00000      0.00000
      3.73224      0.00000      0.00000      0.00000
      3.74224      0.00000      0.00000      0.00000
      3.75224      0.00000      0.00000      0.00000
      3.76224      0.00000      0.00000      0.00000
      3.77224      0.00000      0.00000      0.00000
      3.78224      0.00000      0.00000      0.00000
      3.79224      0.00000      0.00000      0.00000
      3.80224      0.00000      0.00000      0.00000
      3.81224      0.00000      0.00000      0.00000
      3.82224      0.00000      0.00000      0.00000
      3.83224      0.00000      0.00000      0.00000
      3.84224      0.00000      0.00000      0.00000
      3.85224      0.00000      0.00000      0.00000
      3.86224      0.00000      0.00000      0.00000
      3.87224      0.00000      0.00000      0.00000
      3.88224      0.00000      0.00000      0.00000
      3.89224      0.00000      0.00000      0.00000
      3.90224      0.00000      0.00000      0.00000
      3.91224      0.00000      0.00000      0.00000
      3.92224      0.00000      0.00000      0.00000
      3.93224      0.00000      0.00000      0.00000
      3.94224      0.00000      0.00000      0.00000
      3.95224      0.00000      0.00000      0.00000
      3.96224      0.00000      0.00000      0.00000
      3.97224      0.00000      0.00000      0.00000
      3.98224      0.00000      0.00000      0.00000
      3.99224      0.00000      0.00000      0.00000
      4.00224      0.00000      0.00000      0.00000
      4.01224      0.00000      0.00000      0.00000
      4.02224      0.00000      0.00000      0.00000
      4.03224      0.00000      0.00000      0.00000
      4.04224      0.00000      0.00000      0.00000
      4.05224      0.00000      0.00000      0.00000
      4.06224      0.00000      0.00000      0.00000
      4.07224      0.00000      0.00000      0.00000
      4.08224      0.00000      0.00000      0.00000
      4.09224      0.00000      0.00000      0.00000
      4.10224      0.00000      0.00000      0.00000
      4.11224      0.00000      0.00000      0.00000
      4.12224      0.00000      0.00000      0.00000
      4.13224      0.00000      0.00000      0.00000
      4.14224      0.00000      0.00000      0.00000
      4.15224      0.00000      0.00000      0.00000
      4.16224      0.00000      0.00000      0.00000
      4.17224      0.00000      0.00000      0.00000
      4.18224      0.00000      0.00000      0.00000
      4.19224      0.00000      0.00000      0.00000
      4.20224      0.00000      0.00000      0.00000
      4.21224      0.00000      0.00000      0.00000
      4.22224      0.00000      0.00000      0.00000
      4.23224      0.00000      0.00000      0.00000
      4.24224      0.00000      0.00000      0.00000
      4.25224      0.00000      0.00000      0.00000
      4.26224      0.00000      0.00000      0.00000
      4.27224      0.00000      0.00000      0.00000
      4.28224      0.00000      0.00000      0.00000
      4.29224      0.00000      0.00000      0.00000
      4.30224      0.00000      0.00000      0.00000
      4.31224      0.00000      0.00000      0.00000
      4.32224      0.00000      0.00000      0.00000
      4.33224      0.00000      0.00000      0.00000
      4.34224      0.00000      0.00000      0.00000
      4.35224      0.00000      0.00000      0.00000
      4.36224      0.00000      0.00000      0.00000
      4.37224      0.00000      0.00000      0.00000
      4.38224      0.00000      0.00000      0.00000
      4.39224      0.00000      0.00000      0.00000
      4.40224      0.00000      0.00000      0.00000
      4.41224      0.00000      0.00000      0.00000
      4.42224      0.00000      0.00000      0.00000
      4.43224      0.00000      0.00000      0.00000
      4.44224      0.00000      0.00000      0.00000
      4.45224      0.00000      0.00000      0.00000
      4.46224      0.00000      0.00000      0.00000
      4.47224      0.00000      0.00000      0.00000
      4.48224      0.00000      0.00000      0.00000
      4.49224      0.00000      0.00000      0.00000
      4.50224      0.00000      0.00000      0.00000
      4.51224      0.00000      0.00000      0.00000
      4.52224      0.00000      0.00000      0.00000
      4.53224      0.00000      0.00000      0.00000
      4.54224      0.00000      0.00000      0.00000
      4.55224      0.00000      0.00000      0.00000
      4.56224      0.00000      0.00000      0.00000
      4.57224      0.00000      0.00000      0.00000
      4.58224      0.00000      0.00000      0.00000
      4.59224      0.00000      0.00000      0.00000
      4.60224      0.00000      0.00000      0.00000
      4.61224      0.00000      0.00000      0.00000
      4.62224      0.00000      0.00000      0.00000
      4.63224      0.00001      0.00001      0.00000
      4.64224      0.00062      0.00055      0.00007
      4.65224      0.01071      0.00955      0.00116
      4.66224      0.07254      0.06464      0.00790
      4.67224      0.20697      0.18431      0.02266
      4.68224      0.29808      0.26506      0.03302
      4.69224      0.33389      0.29600      0.03789
      4.70224      0.41039      0.36276      0.04763
      4.71224      0.43477      0.38341      0.05136
      4.72224      0.39371      0.34599      0.04772
      4.73224      0.40313      0.35304      0.05009
      4.74224      0.38484      0.33614      0.04871
      4.75224      0.29673      0.25829      0.03843
      4.76224      0.34527      0.29908      0.04619
      4.77224      0.63235      0.54686      0.08549
      4.78224      0.71786      0.61967      0.09819
      4.79224      0.52462      0.45059      0.07403
      4.80224      0.39071      0.33313      0.05758
      4.81224      0.45202      0.38422      0.06780
      4.82224      0.61921      0.52586      0.09334
      4.83224      0.53657      0.45371      0.08287
      4.84224      0.36579      0.30364      0.06215
      4.85224      0.68005      0.54834      0.13171
      4.86224      1.57679      1.26167      0.31512
      4.87224      2.32224      1.85211      0.47013
      4.88224      2.57107      2.03873      0.53233
      4.89224      2.30387      1.80777      0.49610
      4.90224      1.82067      1.41913      0.40154
      4.91224      1.47683      1.15208      0.32475
      4.92224      1.20031      0.93974      0.26057
      4.93224      1.07671      0.84592      0.23079
      4.94224      1.26640      0.99288      0.27352
      4.95224      1.45235      1.13224      0.32011
      4.96224      1.25593      0.97603      0.27990
      4.97224      0.81379      0.63381      0.17998
      4.98224      0.71339      0.55657      0.15682
      4.99224      0.90808      0.70836      0.19972
      5.00224      0.85093      0.66735      0.18358
      5.01224      0.77148      0.60891      0.16257
      5.02224      1.10391      0.86191      0.24200
      5.03224      1.46418      1.13042      0.33375
      5.04224      1.21156      0.93299      0.27857
      5.05224      0.58306      0.45102      0.13205
      5.06224      0.25318      0.19577      0.05740
      5.07224      0.47065      0.36030      0.11036
      5.08224      0.79541      0.60823      0.18718
      5.09224      0.65327      0.50075      0.15252
      5.10224      0.51063      0.39835      0.11228
      5.11224      0.60290      0.47200      0.13090
      5.12224      0.81928      0.62488      0.19440
      5.13224      1.16102      0.87041      0.29061
      5.14224      0.95952      0.71840      0.24112
      5.15224      0.43736      0.33132      0.10604
      5.16224      0.32699      0.25392      0.07307
      5.17224      0.44278      0.34362      0.09916
      5.18224      0.60033      0.45991      0.14041
      5.19224      0.77691      0.58743      0.18947
      5.20224      0.78021      0.59354      0.18667
      5.21224      0.60700      0.46965      0.13735
      5.22224      0.38721      0.30079      0.08642
      5.23224      0.35454      0.27021      0.08433
      5.24224      0.67811      0.50705      0.17106
      5.25224      1.11673      0.82467      0.29205
      5.26224      0.94111      0.69094      0.25017
      5.27224      0.35975      0.26465      0.09510
      5.28224      0.19712      0.15032      0.04680
      5.29224      0.32998      0.25333      0.07664
      5.30224      0.38751      0.29467      0.09284
      5.31224      0.47710      0.35764      0.11946
      5.32224      0.70752      0.52457      0.18295
      5.33224      0.68066      0.50419      0.17647
      5.34224      0.34134      0.25436      0.08697
      5.35224      0.22851      0.17175      0.05676
      5.36224      0.32140      0.24163      0.07977
      5.37224      0.36755      0.27348      0.09407
      5.38224      0.60314      0.44134      0.16180
      5.39224      0.98127      0.71199      0.26928
      5.40224      0.93162      0.67729      0.25433
      5.41224      0.68232      0.50603      0.17629
      5.42224      0.57110      0.43092      0.14018
      5.43224      0.38094      0.28924      0.09170
      5.44224      0.19076      0.14364      0.04712
      5.45224      0.22586      0.16505      0.06081
      5.46224      0.42668      0.30883      0.11785
      5.47224      0.53354      0.38383      0.14971
      5.48224      0.42973      0.31077      0.11896
      5.49224      0.33217      0.24422      0.08796
      5.50224      0.28764      0.21207      0.07557
      5.51224      0.30290      0.22244      0.08045
      5.52224      0.37790      0.27639      0.10150
      5.53224      0.51947      0.37723      0.14224
      5.54224      0.80192      0.57545      0.22646
      5.55224      0.93297      0.66569      0.26728
      5.56224      0.55507      0.39642      0.15865
      5.57224      0.18659      0.13413      0.05247
      5.58224      0.19143      0.13910      0.05233
      5.59224      0.29443      0.21493      0.07950
      5.60224      0.29833      0.21786      0.08046
      5.61224      0.32208      0.23333      0.08875
      5.62224      0.43773      0.31398      0.12375
      5.63224      0.52584      0.37414      0.15169
      5.64224      0.50845      0.36277      0.14568
      5.65224      0.42077      0.30441      0.11636
      5.66224      0.37487      0.27369      0.10119
      5.67224      0.41157      0.29972      0.11185
      5.68224      0.35709      0.25793      0.09916
      5.69224      0.40100      0.28642      0.11458
      5.70224      0.62393      0.44220      0.18173
      5.71224      0.77484      0.54315      0.23169
      5.72224      0.63914      0.44397      0.19517
      5.73224      0.27366      0.18935      0.08431
      5.74224      0.08466      0.05943      0.02523
      5.75224      0.18045      0.12933      0.05112
      5.76224      0.36548      0.26163      0.10385
      5.77224      0.32855      0.23440      0.09415
      5.78224      0.19646      0.13931      0.05715
      5.79224      0.35422      0.24998      0.10424
      5.80224      0.65338      0.45995      0.19343
      5.81224      0.57914      0.40638      0.17276
      5.82224      0.25298      0.17702      0.07596
      5.83224      0.16264      0.11416      0.04849
      5.84224      0.25064      0.17678      0.07386
      5.85224      0.28127      0.19838      0.08289
      5.86224      0.26263      0.18375      0.07888
      5.87224      0.31685      0.22028      0.09656
      5.88224      0.51825      0.35908      0.15917
      5.89224      0.71258      0.49107      0.22151
      5.90224      0.73975      0.51079      0.22896
      5.91224      0.60325      0.42135      0.18190
      5.92224      0.42688      0.30144      0.12545
      5.93224      0.32239      0.22898      0.09341
      5.94224      0.22242      0.15769      0.06473
      5.95224      0.17979      0.12524      0.05455
      5.96224      0.25426      0.17555      0.07870
      5.97224      0.29212      0.20120      0.09092
      5.98224      0.31427      0.21469      0.09958
      5.99224      0.36478      0.24927      0.11551
      6.00224      0.37203      0.25652      0.11551
      6.01224      0.29154      0.20195      0.08959
      6.02224      0.23401      0.16194      0.07207
      6.03224      0.26897      0.18547      0.08349
      6.04224      0.27418      0.18857      0.08562
      6.05224      0.33546      0.23071      0.10475
      6.06224      0.46105      0.31597      0.14509
      6.07224      0.63490      0.43259      0.20231
      6.08224      0.68193      0.46278      0.21914
      6.09224      0.38510      0.26051      0.12460
      6.10224      0.16361      0.11094      0.05267
      6.11224      0.21009      0.14375      0.06637
      6.12224      0.27612      0.19147      0.08568
      6.13224      0.29300      0.23037      0.07911
      6.14224      0.47917      0.51165      0.07119
      6.15224      0.95527      1.14098      0.08809
      6.16224      1.22263      1.45899      0.10999
      6.17224      1.13508      1.29323      0.12531
      6.18224      1.08829      1.16452      0.15034
      6.19224      0.89780      0.95994      0.12111
      6.20224      0.71918      0.76244      0.09779
      6.21224      0.78759      0.80181      0.12133
      6.22224      0.79089      0.83549      0.10635
      6.23224      0.69265      0.73018      0.09377
      6.24224      0.77339      0.74321      0.14014
      6.25224      0.84035      0.78584      0.16307
      6.26224      0.77511      0.70716      0.16024
      6.27224      0.65639      0.56700      0.15253
      6.28224      0.53571      0.52398      0.09184
      6.29224      0.54279      0.64096      0.03447
      6.30224      0.56502      0.63501      0.05189
      6.31224      0.58605      0.55539      0.10718
      6.32224      0.54653      0.49938      0.10949
      6.33224      0.41821      0.43387      0.05638
      6.34224      0.42061      0.44803      0.05031
      6.35224      0.66371      0.60095      0.13578
      6.36224      0.81714      0.68270      0.19786
      6.37224      0.60896      0.52355      0.13983
      6.38224      0.37506      0.36864      0.06117
      6.39224      0.43083      0.45405      0.05300
      6.40224      0.55329      0.55731      0.08160
      6.41224      0.54377      0.54350      0.08243
      6.42224      0.52181      0.53535      0.07204
      6.43224      0.48431      0.47799      0.07739
      6.44224      0.53274      0.47261      0.11408
      6.45224      0.62036      0.50220      0.15945
      6.46224      0.78054      0.62757      0.20325
      6.47224      0.95163      0.80175      0.22686
      6.48224      0.76795      0.66076      0.17459
      6.49224      0.45502      0.36780      0.11601
      6.50224      0.35827      0.29047      0.09077
      6.51224      0.33174      0.31765      0.05749
      6.52224      0.35921      0.36504      0.05093
      6.53224      0.52581      0.51466      0.08513
      6.54224      0.58044      0.57949      0.08705
      6.55224      0.52433      0.52878      0.07584
      6.56224      0.55496      0.52406      0.10074
      6.57224      0.55091      0.48243      0.12101
      6.58224      0.41525      0.34218      0.10313
      6.59224      0.34967      0.30871      0.07531
      6.60224      0.40672      0.37271      0.08014
      6.61224      0.43937      0.40646      0.08480
      6.62224      0.51246      0.48938      0.09001
      6.63224      0.66443      0.62550      0.12121
      6.64224      0.68191      0.58425      0.15734
      6.65224      0.65920      0.47791      0.20193
      6.66224      0.56932      0.42031      0.17038
      6.67224      0.43015      0.41020      0.07612
      6.68224      0.39077      0.40847      0.04886
      6.69224      0.35874      0.30872      0.08241
      6.70224      0.29978      0.21221      0.09463
      6.71224      0.26776      0.19650      0.08042
      6.72224      0.36856      0.34124      0.07029
      6.73224      0.62618      0.62739      0.09258
      6.74224      0.72587      0.71730      0.11344
      6.75224      0.68009      0.64997      0.11933
      6.76224      0.67689      0.60519      0.14246
      6.77224      0.47601      0.39527      0.11720
      6.78224      0.39069      0.31634      0.10082
      6.79224      0.56078      0.48011      0.13025
      6.80224      0.50700      0.43879      0.11536
      6.81224      0.34900      0.27066      0.09751
      6.82224      0.48252      0.35411      0.14632
      6.83224      0.65535      0.53161      0.16973
      6.84224      0.64621      0.54659      0.15472
      6.85224      0.54157      0.46588      0.12535
      6.86224      0.43520      0.44140      0.06252
      6.87224      0.32265      0.36890      0.02300
      6.88224      0.33750      0.34136      0.04966
      6.89224      0.45455      0.38165      0.11112
      6.90224      0.39969      0.29378      0.12142
      6.91224      0.23133      0.17623      0.06670
      6.92224      0.26422      0.24361      0.05197
      6.93224      0.56634      0.47393      0.13931
      6.94224      0.77887      0.62628      0.20659
      6.95224      0.60865      0.54084      0.13156
      6.96224      0.39405      0.41491      0.04675
      6.97224      0.37156      0.37899      0.05083
      6.98224      0.40543      0.35902      0.08744
      6.99224      0.41694      0.36891      0.09049
      7.00224      0.40939      0.37940      0.07986
      7.01224      0.46469      0.43569      0.08896
      7.02224      0.66389      0.60630      0.13602
      7.03224      0.79440      0.69910      0.17743
      7.04224      0.66116      0.52497      0.18008
      7.05224      0.54428      0.37905      0.17831
      7.06224      0.49666      0.36691      0.15060
      7.07224      0.49032      0.41879      0.11649
      7.08224      0.47683      0.43951      0.09485
      7.09224      0.40425      0.39754      0.06569
      7.10224      0.35631      0.31882      0.07585
      7.11224      0.37130      0.29301      0.10217
      7.12224      0.40936      0.35796      0.09324
      7.13224      0.42956      0.40792      0.07912
      7.14224      0.42638      0.38802      0.08765
      7.15224      0.41029      0.33623      0.10599
      7.16224      0.38327      0.33060      0.09083
      7.17224      0.42301      0.38349      0.09016
      7.18224      0.44453      0.39832      0.09718
      7.19224      0.41735      0.35413      0.10216
      7.20224      0.46489      0.33371      0.14753
      7.21224      0.60745      0.43658      0.19187
      7.22224      0.74469      0.63015      0.18057
      7.23224      0.63181      0.63473      0.09548
      7.24224      0.43011      0.47718      0.03949
      7.25224      0.46337      0.48400      0.06120
      7.26224      0.52846      0.50821      0.09464
      7.27224      0.41494      0.35292      0.10006
      7.28224      0.33890      0.26572      0.09444
      7.29224      0.42930      0.35581      0.10869
      7.30224      0.46777      0.37439      0.12606
      7.31224      0.37490      0.28376      0.11080
      7.32224      0.43931      0.37127      0.10913
      7.33224      0.57427      0.54760      0.10787
      7.34224      0.66378      0.63359      0.12235
      7.35224      0.72700      0.64530      0.15422
      7.36224      0.71781      0.62817      0.14463
      7.37224      0.89088      0.78141      0.17331
      7.38224      1.11350      0.98847      0.21553
      7.39224      1.00802      0.97162      0.15051
      7.40224      0.70501      0.75775      0.04899
      7.41224      0.49653      0.55900      0.00931
      7.42224      0.41199      0.43424      0.02272
      7.43224      0.55840      0.51361      0.08505
      7.44224      0.84540      0.77651      0.14047
      7.45224      0.93351      0.93194      0.11050
      7.46224      0.80717      0.80943      0.08979
      7.47224      0.79673      0.70300      0.14572
      7.48224      0.79966      0.67414      0.16889
      7.49224      0.69773      0.66359      0.10153
      7.50224      0.73812      0.76395      0.06332
      7.51224      0.86478      0.87960      0.08604
      7.52224      0.95434      0.94492      0.11918
      7.53224      1.00279      0.97355      0.13703
      7.54224      0.99503      0.95075      0.14292
      7.55224      0.93310      0.90357      0.13352
      7.56224      0.85962      0.84075      0.11783
      7.57224      0.99086      0.94102      0.13554
      7.58224      1.13544      1.09893      0.14597
      7.59224      0.98462      0.95394      0.13383
      7.60224      0.82137      0.73005      0.14567
      7.61224      0.81246      0.70948      0.14381
      7.62224      0.78813      0.73576      0.11103
      7.63224      0.59900      0.59067      0.06323
      7.64224      0.51467      0.48757      0.06107
      7.65224      0.79117      0.72915      0.10985
      7.66224      1.12032      1.07847      0.13774
      7.67224      1.21841      1.19095      0.15503
      7.68224      1.13351      1.10971      0.15363
      7.69224      0.98608      0.95434      0.13064
      7.70224      0.81473      0.74816      0.11636
      7.71224      0.74559      0.67602      0.11277
      7.72224      0.82729      0.81477      0.09696
      7.73224      0.91780      0.92613      0.08935
      7.74224      1.01310      0.95675      0.12442
      7.75224      0.97412      0.86990      0.14528
      7.76224      0.75980      0.67831      0.10389
      7.77224      0.74375      0.66588      0.10208
      7.78224      0.88338      0.81659      0.12166
      7.79224      1.08887      1.02041      0.15338
      7.80224      1.18744      1.04199      0.21246
      7.81224      1.08720      0.87801      0.23944
      7.82224      1.04157      0.88142      0.19248
      7.83224      1.06881      1.03353      0.10140
      7.84224      1.03788      1.09405      0.04494
      7.85224      1.09247      1.14741      0.07527
      7.86224      1.12375      1.10629      0.12639
      7.87224      1.08909      1.02855      0.12911
      7.88224      1.06636      0.98926      0.12839
      7.89224      1.15801      1.06320      0.16712
      7.90224      1.27117      1.15578      0.20312
      7.91224      1.13859      1.02173      0.18088
      7.92224      1.18842      1.13098      0.13282
      7.93224      1.29334      1.26007      0.11450
      7.94224      1.16205      1.05104      0.15064
      7.95224      1.06925      0.89032      0.19201
      7.96224      1.17306      0.99221      0.20663
      7.97224      1.38170      1.20551      0.22020
      7.98224      1.32459      1.13755      0.22239
      7.99224      1.24115      1.06601      0.21629
      8.00224      1.35152      1.23069      0.19386
      8.01224      1.55930      1.50219      0.17008
      8.02224      1.82368      1.75254      0.21056
      8.03224      1.71852      1.56769      0.24756
      8.04224      1.58272      1.34319      0.27239
      8.05224      1.64510      1.37467      0.28633
      8.06224      1.75818      1.52768      0.28481
      8.07224      2.25701      2.00129      0.35873
      8.08224      2.77832      2.40167      0.45751
      8.09224      2.94986      2.46695      0.50991
      8.10224      3.15922      2.59623      0.56839
      8.11224      3.13142      2.57337      0.57134
      8.12224      2.61791      2.19274      0.46660
      8.13224      1.60671      1.39800      0.26867
      8.14224      0.62392      0.60321      0.08258
      8.15224      0.24208      0.29089      0.01143
      8.16224      0.18645      0.24792      0.00066
      8.17224      0.21338      0.28394      0.00002
      8.18224      0.35342      0.46554      0.00000
      8.19224      0.44721      0.58760      0.00000
      8.20224      0.33058      0.43318      0.00000
      8.21224      0.21193      0.27709      0.00000
      8.22224      0.20210      0.26509      0.00000
      8.23224      0.24861      0.32851      0.00000
      8.24224      0.32182      0.42747      0.00000
      8.25224      0.34085      0.45356      0.00000
      8.26224      0.21395      0.28506      0.00000
      8.27224      0.13277      0.17610      0.00000
      8.28224      0.14356      0.18965      0.00000
      8.29224      0.08885      0.11736      0.00000
      8.30224      0.06297      0.08363      0.00000
      8.31224      0.17151      0.22877      0.00000
      8.32224      0.26533      0.35480      0.00000
      8.33224      0.19150      0.25664      0.00000
      8.34224      0.18171      0.24291      0.00000
      8.35224      0.33932      0.45122      0.00000
      8.36224      0.36921      0.48897      0.00000
      8.37224      0.23664      0.31205      0.00000
      8.38224      0.18923      0.24918      0.00000
      8.39224      0.19942      0.26476      0.00000
      8.40224      0.22575      0.30173      0.00000
      8.41224      0.19761      0.26360      0.00000
      8.42224      0.16949      0.22458      0.00000
      8.43224      0.13168      0.17415      0.00000
      8.44224      0.09848      0.13114      0.00000
      8.45224      0.14013      0.18758      0.00000
      8.46224      0.14489      0.19410      0.00000
      8.47224      0.17403      0.23310      0.00000
      8.48224      0.25227      0.33725      0.00000
      8.49224      0.22958      0.30645      0.00000
      8.50224      0.18193      0.24315      0.00000
      8.51224      0.15869      0.21197      0.00000
      8.52224      0.17195      0.22716      0.00000
      8.53224      0.30820      0.40482      0.00000
      8.54224      0.38486      0.50587      0.00000
      8.55224      0.39989      0.52803      0.00000
      8.56224      0.48166      0.63917      0.00000
      8.57224      0.42779      0.56824      0.00000
      8.58224      0.25006      0.33149      0.00000
      8.59224      0.16413      0.21726      0.00000
      8.60224      0.16018      0.21215      0.00000
      8.61224      0.16850      0.22363      0.00000
      8.62224      0.26397      0.35089      0.00000
      8.63224      0.25295      0.33634      0.00000
      8.64224      0.17454      0.23208      0.00000
      8.65224      0.25157      0.33451      0.00000
      8.66224      0.24952      0.33181      0.00000
      8.67224      0.14152      0.18814      0.00000
      8.68224      0.16990      0.22566      0.00000
      8.69224      0.21880      0.29025      0.00000
      8.70224      0.21690      0.28684      0.00000
      8.71224      0.29579      0.39068      0.00000
      8.72224      0.32868      0.43460      0.00000
      8.73224      0.25551      0.33801      0.00000
      8.74224      0.18637      0.24639      0.00000
      8.75224      0.21501      0.28408      0.00000
      8.76224      0.35332      0.46671      0.00000
      8.77224      0.33209      0.43878      0.00000
      8.78224      0.15977      0.21110      0.00000
      8.79224      0.11679      0.15389      0.00000
      8.80224      0.18511      0.24394      0.00000
      8.81224      0.20489      0.27058      0.00000
      8.82224      0.14654      0.19376      0.00000
      8.83224      0.09158      0.12043      0.00000
      8.84224      0.13032      0.17032      0.00000
      8.85224      0.14492      0.18946      0.00000
      8.86224      0.14466      0.18984      0.00000
      8.87224      0.22837      0.30052      0.00000
      8.88224      0.41069      0.54074      0.00000
      8.89224      0.61556      0.80976      0.00000
      8.90224      0.57203      0.75250      0.00000
      8.91224      0.39835      0.52512      0.00000
      8.92224      0.34228      0.45097      0.00000
      8.93224      0.38557      0.50600      0.00000
      8.94224      0.38062      0.49842      0.00000
      8.95224      0.32323      0.42289      0.00000
      8.96224      0.25857      0.33863      0.00000
      8.97224      0.20984      0.27529      0.00000
      8.98224      0.18765      0.24583      0.00000
      8.99224      0.18485      0.24128      0.00000
      9.00224      0.20542      0.26602      0.00000
      9.01224      0.28120      0.36119      0.00000
      9.02224      0.27630      0.35359      0.00000
      9.03224      0.20831      0.26671      0.00000
      9.04224      0.14573      0.18686      0.00000
      9.05224      0.18861      0.24306      0.00000
      9.06224      0.34621      0.45019      0.00000
      9.07224      0.40284      0.52721      0.00000
      9.08224      0.38731      0.50466      0.00000
      9.09224      0.36775      0.47556      0.00000
      9.10224      0.28439      0.36846      0.00000
      9.11224      0.23885      0.30852      0.00000
      9.12224      0.28914      0.36806      0.00000
      9.13224      0.28486      0.35959      0.00000
      9.14224      0.20935      0.26466      0.00000
      9.15224      0.11865      0.14986      0.00000
      9.16224      0.12408      0.15350      0.00000
      9.17224      0.20555      0.25294      0.00000
      9.18224      0.15020      0.18484      0.00000
      9.19224      0.04108      0.05057      0.00000
      9.20224      0.00942      0.01142      0.00000
      9.21224      0.04268      0.05128      0.00000
      9.22224      0.14331      0.17471      0.00000
      9.23224      0.33308      0.42411      0.00000
      9.24224      0.81611      1.06603      0.00000
      9.25224      1.40301      1.82540      0.00000
      9.26224      1.37094      1.75995      0.00000
      9.27224      0.77862      0.97936      0.00000
      9.28224      0.35010      0.42678      0.00000
      9.29224      0.20699      0.24601      0.00000
      9.30224      0.14700      0.17250      0.00000
      9.31224      0.14943      0.17364      0.00000
      9.32224      0.11706      0.13568      0.00000
      9.33224      0.05422      0.06249      0.00000
      9.34224      0.06524      0.07455      0.00000
      9.35224      0.11651      0.13462      0.00000
      9.36224      0.22011      0.25897      0.00000
      9.37224      0.31449      0.37361      0.00000
      9.38224      0.32717      0.39066      0.00000
      9.39224      0.35101      0.42080      0.00000
      9.40224      0.33973      0.41988      0.00000
      9.41224      0.41984      0.54210      0.00000
      9.42224      0.52326      0.68438      0.00000
      9.43224      0.41155      0.52659      0.00000
      9.44224      0.38417      0.44710      0.00000
      9.45224      0.52309      0.58614      0.00000
      9.46224      0.48251      0.54171      0.00000
      9.47224      0.34256      0.38894      0.00000
      9.48224      0.27638      0.31732      0.00000
      9.49224      0.23292      0.27155      0.00000
      9.50224      0.25439      0.29557      0.00000
      9.51224      0.40232      0.45522      0.00000
      9.52224      0.43358      0.49055      0.00000
      9.53224      0.29989      0.35248      0.00000
      9.54224      0.26488      0.32078      0.00000
      9.55224      0.42933      0.50319      0.00001
      9.56224      0.65247      0.73977      0.00012
      9.57224      0.73636      0.83291      0.00050
      9.58224      0.70797      0.83156      0.00082
      9.59224      0.81127      0.99667      0.00122
      9.60224      1.00143      1.23206      0.00287
      9.61224      0.82342      0.98914      0.00352
      9.62224      0.51117      0.57849      0.00233
      9.63224      0.43270      0.45284      0.00532
      9.64224      0.43157      0.42751      0.01412
      9.65224      0.40596      0.39525      0.01746
      9.66224      0.44042      0.44807      0.01481
      9.67224      0.57018      0.59810      0.01626
      9.68224      0.48985      0.51240      0.01589
      9.69224      0.50737      0.50496      0.02375
      9.70224      0.77522      0.75793      0.03990
      9.71224      0.84682      0.83530      0.04641
      9.72224      0.67344      0.67349      0.04499
      9.73224      0.62355      0.60696      0.05460
      9.74224      0.81190      0.76806      0.07660
      9.75224      1.12841      1.07933      0.10652
      9.76224      1.25110      1.18722      0.13439
      9.77224      1.20126      1.14121      0.13551
      9.78224      1.20282      1.19581      0.10817
      9.79224      1.19833      1.21167      0.08509
      9.80224      0.97040      0.95716      0.06825
      9.81224      0.61856      0.58243      0.05545
      9.82224      0.60734      0.55471      0.07056
      9.83224      0.88082      0.80797      0.10330
      9.84224      0.78461      0.71410      0.09405
      9.85224      0.44174      0.41451      0.04567
      9.86224      0.49331      0.50026      0.02996
      9.87224      0.56236      0.56741      0.03553
      9.88224      0.46936      0.46088      0.03940
      9.89224      0.67127      0.66420      0.05660
      9.90224      0.79461      0.79924      0.05693
      9.91224      0.63778      0.65797      0.03643
      9.92224      0.63776      0.67639      0.02638
      9.93224      0.68078      0.72800      0.02749
      9.94224      0.62735      0.67689      0.03464
      9.95224      0.69924      0.76050      0.04774
      9.96224      0.96430      1.02750      0.07419
      9.97224      1.08575      1.09780      0.09663
      9.98224      0.78989      0.77261      0.06992
      9.99224      0.46858      0.49072      0.02297
     10.00224      0.31731      0.35164      0.00728
     10.01224      0.26568      0.26540      0.01643
     10.02224      0.28711      0.26579      0.02370
     10.03224      0.20381      0.18690      0.01762
     10.04224      0.23075      0.21385      0.02248
     10.05224      0.51321      0.49674      0.03916
     10.06224      0.77079      0.76728      0.05007
     10.07224      0.69077      0.70347      0.04160
     10.08224      0.42758      0.43596      0.02416
     10.09224      0.24064      0.23447      0.01674
     10.10224      0.21366      0.21694      0.01410
     10.11224      0.38310      0.41673      0.01827
     10.12224      0.44841      0.49095      0.02142
     10.13224      0.41982      0.44379      0.02613
     10.14224      0.58476      0.61199      0.03510
     10.15224      0.73141      0.74337      0.04948
     10.16224      0.71551      0.69063      0.06771
     10.17224      0.66219      0.61204      0.08178
     10.18224      0.44226      0.39310      0.06362
     10.19224      0.19170      0.17290      0.02371
     10.20224      0.22159      0.23060      0.00598
     10.21224      0.42564      0.45479      0.00995
     10.22224      0.49692      0.53005      0.01457
     10.23224      0.38089      0.40885      0.00824
     10.24224      0.28994      0.31917      0.00444
     10.25224      0.35360      0.37787      0.01346
     10.26224      0.38421      0.38671      0.02441
     10.27224      0.30533      0.31266      0.02143
     10.28224      0.33368      0.34861      0.02595
     10.29224      0.46622      0.46511      0.04335
     10.30224      0.56085      0.57228      0.04423
     10.31224      0.53599      0.59442      0.02248
     10.32224      0.55971      0.66168      0.00869
     10.33224      0.56215      0.66004      0.01157
     10.34224      0.43107      0.49096      0.01208
     10.35224      0.31535      0.34020      0.01078
     10.36224      0.32281      0.31700      0.01701
     10.37224      0.27760      0.26117      0.01856
     10.38224      0.24259      0.22772      0.02018
     10.39224      0.37456      0.36811      0.02506
     10.40224      0.47624      0.47143      0.02999
     10.41224      0.41174      0.38692      0.03957
     10.42224      0.42417      0.38331      0.05605
     10.43224      0.56579      0.52257      0.07430
     10.44224      0.50643      0.47004      0.06447
     10.45224      0.32667      0.30761      0.03267
     10.46224      0.32896      0.33453      0.01362
     10.47224      0.36424      0.39304      0.00443
     10.48224      0.28895      0.33070      0.00068
     10.49224      0.18965      0.23157      0.00026
     10.50224      0.16076      0.19558      0.00253
     10.51224      0.26747      0.30159      0.01091
     10.52224      0.38367      0.40833      0.01797
     10.53224      0.37754      0.39757      0.01243
     10.54224      0.22393      0.23254      0.00712
     10.55224      0.14534      0.13497      0.01442
     10.56224      0.24583      0.23024      0.02434
     10.57224      0.51108      0.51570      0.02953
     10.58224      0.73614      0.74663      0.04151
     10.59224      0.49231      0.48712      0.03537
     10.60224      0.15924      0.15552      0.01346
     10.61224      0.13241      0.14416      0.00551
     10.62224      0.25953      0.28161      0.00996
     10.63224      0.23249      0.24731      0.01024
     10.64224      0.15537      0.17112      0.00590
     10.65224      0.24182      0.26813      0.00975
     10.66224      0.33872      0.36586      0.01521
     10.67224      0.41446      0.45908      0.01249
     10.68224      0.50820      0.57076      0.01544
     10.69224      0.52659      0.58949      0.02093
     10.70224      0.48636      0.52329      0.02400
     10.71224      0.49642      0.50135      0.03141
     10.72224      0.44370      0.43306      0.03681
     10.73224      0.37324      0.33574      0.04871
     10.74224      0.41941      0.35672      0.06595
     10.75224      0.47939      0.42611      0.06175
     10.76224      0.42336      0.41404      0.02866
     10.77224      0.24116      0.25265      0.00567
     10.78224      0.07821      0.08295      0.00133
     10.79224      0.08450      0.08361      0.00538
     10.80224      0.21288      0.21882      0.01186
     10.81224      0.25521      0.27661      0.00965
     10.82224      0.18480      0.20312      0.00289
     10.83224      0.21270      0.22557      0.00036
     10.84224      0.26586      0.28769      0.00082
     10.85224      0.26342      0.29119      0.00601
     10.86224      0.31204      0.33827      0.01642
     10.87224      0.28212      0.30349      0.01679
     10.88224      0.19236      0.20713      0.00929
     10.89224      0.24647      0.24404      0.01541
     10.90224      0.37720      0.36548      0.02943
     10.91224      0.37366      0.36395      0.03341
     10.92224      0.25449      0.23705      0.03011
     10.93224      0.15672      0.14215      0.01815
     10.94224      0.25177      0.24982      0.01079
     10.95224      0.45545      0.47578      0.00948
     10.96224      0.42336      0.46229      0.00447
     10.97224      0.20613      0.22946      0.00250
     10.98224      0.13267      0.13340      0.00802
     10.99224      0.21161      0.21366      0.01342
     11.00224      0.22979      0.25030      0.00904
     11.01224      0.18064      0.19798      0.00748
     11.02224      0.23270      0.24151      0.01518
     11.03224      0.30079      0.32261      0.01626
     11.04224      0.34278      0.37824      0.01456
     11.05224      0.50669      0.55322      0.02114
     11.06224      0.51714      0.55342      0.02395
     11.07224      0.36992      0.36452      0.03040
     11.08224      0.38215      0.34406      0.04424
     11.09224      0.53111      0.48055      0.06160
     11.10224      0.54851      0.50773      0.06288
     11.11224      0.30924      0.29122      0.03472
     11.12224      0.08174      0.07800      0.00853
     11.13224      0.05210      0.05354      0.00085
     11.14224      0.17191      0.18046      0.00003
     11.15224      0.26520      0.28119      0.00004
     11.16224      0.17256      0.18360      0.00079
     11.17224      0.10327      0.10353      0.00531
     11.18224      0.19580      0.19609      0.01319
     11.19224      0.25183      0.26723      0.01206
     11.20224      0.15323      0.17030      0.00420
     11.21224      0.11097      0.11835      0.00155
     11.22224      0.26289      0.27685      0.00578
     11.23224      0.51401      0.52404      0.03535
     11.24224      0.80423      0.71215      0.13179
     11.25224      1.09024      0.84947      0.25360
     11.26224      1.20895      0.90290      0.30760
     11.27224      1.21939      0.91782      0.30211
     11.28224      1.25170      0.97842      0.27784
     11.29224      1.49901      1.19847      0.31657
     11.30224      1.74270      1.36846      0.39496
     11.31224      1.45942      1.11677      0.35254
     11.32224      1.20077      0.91201      0.29121
     11.33224      1.35317      1.05879      0.30168
     11.34224      1.64420      1.35810      0.31300
     11.35224      1.71594      1.44857      0.30545
     11.36224      1.52216      1.23817      0.30612
     11.37224      1.36816      1.08892      0.29452
     11.38224      1.59347      1.28804      0.33192
     11.39224      2.05132      1.63445      0.44609
     11.40224      2.23428      1.77769      0.49232
     11.41224      2.27155      1.84355      0.47661
     11.42224      2.34344      1.88964      0.49268
     11.43224      2.44746      1.91674      0.54578
     11.44224      2.90298      2.24619      0.66173
     11.45224      3.41110      2.69829      0.73156
     11.46224      3.71466      3.20194      0.59403
     11.47224      4.59105      4.37676      0.41037
     11.48224      5.24930      5.19215      0.32124
     11.49224      4.33446      4.35649      0.20857
     11.50224      3.09463      3.14831      0.12117
     11.51224      2.87046      2.84279      0.17550
     11.52224      3.25831      3.03619      0.34723
     11.53224      3.40426      3.06505      0.44254
     11.54224      2.84999      2.61469      0.32740
     11.55224      2.34753      2.26085      0.18411
     11.56224      2.25521      2.21851      0.14512
     11.57224      2.37572      2.28619      0.19437
