cpu-bind=MASK - lcn1318, task  0  0 [2376284]: mask |BBBBBBBB|BBBBBBBB|BBBBBBBB|BBBBBBBB|BBBBBBBB|BBBBBBBB|BBBBBBBB|BBBBBBBB|BBBBBBBB|BBBBBBBB|BBBBBBBB|BBBBBBBB||||BBBBBBBB|BBBBBBBB|BBBBBBBB|BBBBBBBB|BBBBBBBB|BBBBBBBB|BBBBBBBB|BBBBBBBB|BBBBBBBB|BBBBBBBB|BBBBBBBB|BBBBBBBB|  set
Running "module reset". Resetting modules to system default. The following $MODULEPATH directories have been removed: None
rm: cannot remove 'cp2k.out': No such file or directory
cpu-bind=MASK - lcn1318, task  0  0 [2376708]: mask |BBBBBB--|--------|--------|--------|--------|--------|--------|--------|--------|--------|--------|--------||||--------|--------|--------|--------|--------|--------|--------|--------|--------|--------|--------|--------|  set
cpu-bind=MASK - lcn1318, task  1  1 [2376709]: mask |------BB|--------|--------|--------|--------|--------|--------|--------|--------|BBBB----|--------|--------||||--------|--------|--------|--------|--------|--------|--------|--------|--------|--------|--------|--------|  set
cpu-bind=MASK - lcn1318, task  2  2 [2376710]: mask |--------|--------|--------|BB------|--------|--------|--------|--------|--------|----BBBB|--------|--------||||--------|--------|--------|--------|--------|--------|--------|--------|--------|--------|--------|--------|  set
cpu-bind=MASK - lcn1318, task  3  3 [2376711]: mask |--------|--------|--------|--BBBBBB|--------|--------|--------|--------|--------|--------|--------|--------||||--------|--------|--------|--------|--------|--------|--------|--------|--------|--------|--------|--------|  set
cpu-bind=MASK - lcn1318, task  4  4 [2376712]: mask |--------|--------|--------|--------|--------|--------|BBBBBB--|--------|--------|--------|--------|--------||||--------|--------|--------|--------|--------|--------|--------|--------|--------|--------|--------|--------|  set
cpu-bind=MASK - lcn1318, task  5  5 [2376713]: mask |--------|BBBB----|--------|--------|--------|--------|------BB|--------|--------|--------|--------|--------||||--------|--------|--------|--------|--------|--------|--------|--------|--------|--------|--------|--------|  set
cpu-bind=MASK - lcn1322, task 128  0 [4047690]: mask |BBBBBB--|--------|--------|--------|--------|--------|--------|--------|--------|--------|--------|--------||||--------|--------|--------|--------|--------|--------|--------|--------|--------|--------|--------|--------|  set
cpu-bind=MASK - lcn1318, task  6  6 [2376714]: mask |--------|----BBBB|--------|--------|--------|--------|--------|--------|--------|--------|BB------|--------||||--------|--------|--------|--------|--------|--------|--------|--------|--------|--------|--------|--------|  set
cpu-bind=MASK - lcn1322, task 129  1 [4047691]: mask |------BB|--------|--------|--------|--------|--------|--------|--------|--------|BBBB----|--------|--------||||--------|--------|--------|--------|--------|--------|--------|--------|--------|--------|--------|--------|  set
cpu-bind=MASK - lcn1318, task  7  7 [2376715]: mask |--------|--------|--------|--------|--------|--------|--------|--------|--------|--------|--BBBBBB|--------||||--------|--------|--------|--------|--------|--------|--------|--------|--------|--------|--------|--------|  set
cpu-bind=MASK - lcn1322, task 130  2 [4047692]: mask |--------|--------|--------|BB------|--------|--------|--------|--------|--------|----BBBB|--------|--------||||--------|--------|--------|--------|--------|--------|--------|--------|--------|--------|--------|--------|  set
cpu-bind=MASK - lcn1318, task  8  8 [2376716]: mask |--------|--------|--------|--------|BBBBBB--|--------|--------|--------|--------|--------|--------|--------||||--------|--------|--------|--------|--------|--------|--------|--------|--------|--------|--------|--------|  set
cpu-bind=MASK - lcn1322, task 131  3 [4047693]: mask |--------|--------|--------|--BBBBBB|--------|--------|--------|--------|--------|--------|--------|--------||||--------|--------|--------|--------|--------|--------|--------|--------|--------|--------|--------|--------|  set
cpu-bind=MASK - lcn1318, task  9  9 [2376717]: mask |--------|--------|--------|--------|------BB|--------|--------|BBBB----|--------|--------|--------|--------||||--------|--------|--------|--------|--------|--------|--------|--------|--------|--------|--------|--------|  set
cpu-bind=MASK - lcn1322, task 132  4 [4047694]: mask |--------|--------|--------|--------|--------|--------|BBBBBB--|--------|--------|--------|--------|--------||||--------|--------|--------|--------|--------|--------|--------|--------|--------|--------|--------|--------|  set
cpu-bind=MASK - lcn1318, task 10 10 [2376718]: mask |--------|--------|BB------|--------|--------|--------|--------|----BBBB|--------|--------|--------|--------||||--------|--------|--------|--------|--------|--------|--------|--------|--------|--------|--------|--------|  set
cpu-bind=MASK - lcn1322, task 133  5 [4047695]: mask |--------|BBBB----|--------|--------|--------|--------|------BB|--------|--------|--------|--------|--------||||--------|--------|--------|--------|--------|--------|--------|--------|--------|--------|--------|--------|  set
cpu-bind=MASK - lcn1318, task 11 11 [2376719]: mask |--------|--------|--BBBBBB|--------|--------|--------|--------|--------|--------|--------|--------|--------||||--------|--------|--------|--------|--------|--------|--------|--------|--------|--------|--------|--------|  set
cpu-bind=MASK - lcn1322, task 134  6 [4047696]: mask |--------|----BBBB|--------|--------|--------|--------|--------|--------|--------|--------|BB------|--------||||--------|--------|--------|--------|--------|--------|--------|--------|--------|--------|--------|--------|  set
cpu-bind=MASK - lcn1318, task 12 12 [2376720]: mask |--------|--------|--------|--------|--------|--------|--------|--------|--------|--------|--------|BBBBBB--||||--------|--------|--------|--------|--------|--------|--------|--------|--------|--------|--------|--------|  set
cpu-bind=MASK - lcn1322, task 135  7 [4047697]: mask |--------|--------|--------|--------|--------|--------|--------|--------|--------|--------|--BBBBBB|--------||||--------|--------|--------|--------|--------|--------|--------|--------|--------|--------|--------|--------|  set
cpu-bind=MASK - lcn1318, task 13 13 [2376721]: mask |--------|--------|--------|--------|--------|BBBB----|--------|--------|--------|--------|--------|------BB||||--------|--------|--------|--------|--------|--------|--------|--------|--------|--------|--------|--------|  set
cpu-bind=MASK - lcn1322, task 136  8 [4047698]: mask |--------|--------|--------|--------|BBBBBB--|--------|--------|--------|--------|--------|--------|--------||||--------|--------|--------|--------|--------|--------|--------|--------|--------|--------|--------|--------|  set
cpu-bind=MASK - lcn1318, task 14 14 [2376722]: mask |--------|--------|--------|--------|--------|----BBBB|--------|--------|BB------|--------|--------|--------||||--------|--------|--------|--------|--------|--------|--------|--------|--------|--------|--------|--------|  set
cpu-bind=MASK - lcn1322, task 137  9 [4047699]: mask |--------|--------|--------|--------|------BB|--------|--------|BBBB----|--------|--------|--------|--------||||--------|--------|--------|--------|--------|--------|--------|--------|--------|--------|--------|--------|  set
cpu-bind=MASK - lcn1318, task 15 15 [2376723]: mask |--------|--------|--------|--------|--------|--------|--------|--------|--BBBBBB|--------|--------|--------||||--------|--------|--------|--------|--------|--------|--------|--------|--------|--------|--------|--------|  set
cpu-bind=MASK - lcn1322, task 138 10 [4047700]: mask |--------|--------|BB------|--------|--------|--------|--------|----BBBB|--------|--------|--------|--------||||--------|--------|--------|--------|--------|--------|--------|--------|--------|--------|--------|--------|  set
cpu-bind=MASK - lcn1318, task 16 16 [2376724]: mask |--------|--------|--------|--------|--------|--------|--------|--------|--------|--------|--------|--------||||BBBBBB--|--------|--------|--------|--------|--------|--------|--------|--------|--------|--------|--------|  set
cpu-bind=MASK - lcn1322, task 139 11 [4047701]: mask |--------|--------|--BBBBBB|--------|--------|--------|--------|--------|--------|--------|--------|--------||||--------|--------|--------|--------|--------|--------|--------|--------|--------|--------|--------|--------|  set
cpu-bind=MASK - lcn1318, task 17 17 [2376725]: mask |--------|--------|--------|--------|--------|--------|--------|--------|--------|--------|--------|--------||||------BB|--------|--------|--------|--------|--------|--------|--------|--------|BBBB----|--------|--------|  set
cpu-bind=MASK - lcn1322, task 140 12 [4047702]: mask |--------|--------|--------|--------|--------|--------|--------|--------|--------|--------|--------|BBBBBB--||||--------|--------|--------|--------|--------|--------|--------|--------|--------|--------|--------|--------|  set
cpu-bind=MASK - lcn1318, task 18 18 [2376726]: mask |--------|--------|--------|--------|--------|--------|--------|--------|--------|--------|--------|--------||||--------|--------|--------|BB------|--------|--------|--------|--------|--------|----BBBB|--------|--------|  set
cpu-bind=MASK - lcn1322, task 141 13 [4047703]: mask |--------|--------|--------|--------|--------|BBBB----|--------|--------|--------|--------|--------|------BB||||--------|--------|--------|--------|--------|--------|--------|--------|--------|--------|--------|--------|  set
cpu-bind=MASK - lcn1318, task 19 19 [2376727]: mask |--------|--------|--------|--------|--------|--------|--------|--------|--------|--------|--------|--------||||--------|--------|--------|--BBBBBB|--------|--------|--------|--------|--------|--------|--------|--------|  set
cpu-bind=MASK - lcn1322, task 142 14 [4047704]: mask |--------|--------|--------|--------|--------|----BBBB|--------|--------|BB------|--------|--------|--------||||--------|--------|--------|--------|--------|--------|--------|--------|--------|--------|--------|--------|  set
cpu-bind=MASK - lcn1318, task 20 20 [2376728]: mask |--------|--------|--------|--------|--------|--------|--------|--------|--------|--------|--------|--------||||--------|--------|--------|--------|--------|--------|BBBBBB--|--------|--------|--------|--------|--------|  set
cpu-bind=MASK - lcn1322, task 143 15 [4047705]: mask |--------|--------|--------|--------|--------|--------|--------|--------|--BBBBBB|--------|--------|--------||||--------|--------|--------|--------|--------|--------|--------|--------|--------|--------|--------|--------|  set
cpu-bind=MASK - lcn1318, task 21 21 [2376729]: mask |--------|--------|--------|--------|--------|--------|--------|--------|--------|--------|--------|--------||||--------|BBBB----|--------|--------|--------|--------|------BB|--------|--------|--------|--------|--------|  set
cpu-bind=MASK - lcn1318, task 22 22 [2376730]: mask |--------|--------|--------|--------|--------|--------|--------|--------|--------|--------|--------|--------||||--------|----BBBB|--------|--------|--------|--------|--------|--------|--------|--------|BB------|--------|  set
cpu-bind=MASK - lcn1318, task 23 23 [2376731]: mask |--------|--------|--------|--------|--------|--------|--------|--------|--------|--------|--------|--------||||--------|--------|--------|--------|--------|--------|--------|--------|--------|--------|--BBBBBB|--------|  set
cpu-bind=MASK - lcn1318, task 24 24 [2376732]: mask |--------|--------|--------|--------|--------|--------|--------|--------|--------|--------|--------|--------||||--------|--------|--------|--------|BBBBBB--|--------|--------|--------|--------|--------|--------|--------|  set
cpu-bind=MASK - lcn1318, task 25 25 [2376733]: mask |--------|--------|--------|--------|--------|--------|--------|--------|--------|--------|--------|--------||||--------|--------|--------|--------|------BB|--------|--------|BBBB----|--------|--------|--------|--------|  set
cpu-bind=MASK - lcn1318, task 26 26 [2376734]: mask |--------|--------|--------|--------|--------|--------|--------|--------|--------|--------|--------|--------||||--------|--------|BB------|--------|--------|--------|--------|----BBBB|--------|--------|--------|--------|  set
cpu-bind=MASK - lcn1318, task 27 27 [2376735]: mask |--------|--------|--------|--------|--------|--------|--------|--------|--------|--------|--------|--------||||--------|--------|--BBBBBB|--------|--------|--------|--------|--------|--------|--------|--------|--------|  set
cpu-bind=MASK - lcn1318, task 28 28 [2376736]: mask |--------|--------|--------|--------|--------|--------|--------|--------|--------|--------|--------|--------||||--------|--------|--------|--------|--------|--------|--------|--------|--------|--------|--------|BBBBBB--|  set
cpu-bind=MASK - lcn1318, task 29 29 [2376737]: mask |--------|--------|--------|--------|--------|--------|--------|--------|--------|--------|--------|--------||||--------|--------|--------|--------|--------|BBBB----|--------|--------|--------|--------|--------|------BB|  set
cpu-bind=MASK - lcn1318, task 30 30 [2376738]: mask |--------|--------|--------|--------|--------|--------|--------|--------|--------|--------|--------|--------||||--------|--------|--------|--------|--------|----BBBB|--------|--------|BB------|--------|--------|--------|  set
cpu-bind=MASK - lcn1324, task 192  0 [3231401]: mask |BBBBBB--|--------|--------|--------|--------|--------|--------|--------|--------|--------|--------|--------||||--------|--------|--------|--------|--------|--------|--------|--------|--------|--------|--------|--------|  set
cpu-bind=MASK - lcn1322, task 144 16 [4047706]: mask |--------|--------|--------|--------|--------|--------|--------|--------|--------|--------|--------|--------||||BBBBBB--|--------|--------|--------|--------|--------|--------|--------|--------|--------|--------|--------|  set
cpu-bind=MASK - lcn1324, task 193  1 [3231402]: mask |------BB|--------|--------|--------|--------|--------|--------|--------|--------|BBBB----|--------|--------||||--------|--------|--------|--------|--------|--------|--------|--------|--------|--------|--------|--------|  set
cpu-bind=MASK - lcn1322, task 145 17 [4047707]: mask |--------|--------|--------|--------|--------|--------|--------|--------|--------|--------|--------|--------||||------BB|--------|--------|--------|--------|--------|--------|--------|--------|BBBB----|--------|--------|  set
cpu-bind=MASK - lcn1324, task 194  2 [3231403]: mask |--------|--------|--------|BB------|--------|--------|--------|--------|--------|----BBBB|--------|--------||||--------|--------|--------|--------|--------|--------|--------|--------|--------|--------|--------|--------|  set
cpu-bind=MASK - lcn1322, task 146 18 [4047708]: mask |--------|--------|--------|--------|--------|--------|--------|--------|--------|--------|--------|--------||||--------|--------|--------|BB------|--------|--------|--------|--------|--------|----BBBB|--------|--------|  set
cpu-bind=MASK - lcn1324, task 195  3 [3231404]: mask |--------|--------|--------|--BBBBBB|--------|--------|--------|--------|--------|--------|--------|--------||||--------|--------|--------|--------|--------|--------|--------|--------|--------|--------|--------|--------|  set
cpu-bind=MASK - lcn1322, task 147 19 [4047709]: mask |--------|--------|--------|--------|--------|--------|--------|--------|--------|--------|--------|--------||||--------|--------|--------|--BBBBBB|--------|--------|--------|--------|--------|--------|--------|--------|  set
cpu-bind=MASK - lcn1324, task 196  4 [3231405]: mask |--------|--------|--------|--------|--------|--------|BBBBBB--|--------|--------|--------|--------|--------||||--------|--------|--------|--------|--------|--------|--------|--------|--------|--------|--------|--------|  set
cpu-bind=MASK - lcn1322, task 148 20 [4047710]: mask |--------|--------|--------|--------|--------|--------|--------|--------|--------|--------|--------|--------||||--------|--------|--------|--------|--------|--------|BBBBBB--|--------|--------|--------|--------|--------|  set
cpu-bind=MASK - lcn1324, task 197  5 [3231406]: mask |--------|BBBB----|--------|--------|--------|--------|------BB|--------|--------|--------|--------|--------||||--------|--------|--------|--------|--------|--------|--------|--------|--------|--------|--------|--------|  set
cpu-bind=MASK - lcn1322, task 149 21 [4047711]: mask |--------|--------|--------|--------|--------|--------|--------|--------|--------|--------|--------|--------||||--------|BBBB----|--------|--------|--------|--------|------BB|--------|--------|--------|--------|--------|  set
cpu-bind=MASK - lcn1324, task 198  6 [3231407]: mask |--------|----BBBB|--------|--------|--------|--------|--------|--------|--------|--------|BB------|--------||||--------|--------|--------|--------|--------|--------|--------|--------|--------|--------|--------|--------|  set
cpu-bind=MASK - lcn1322, task 150 22 [4047712]: mask |--------|--------|--------|--------|--------|--------|--------|--------|--------|--------|--------|--------||||--------|----BBBB|--------|--------|--------|--------|--------|--------|--------|--------|BB------|--------|  set
cpu-bind=MASK - lcn1324, task 199  7 [3231408]: mask |--------|--------|--------|--------|--------|--------|--------|--------|--------|--------|--BBBBBB|--------||||--------|--------|--------|--------|--------|--------|--------|--------|--------|--------|--------|--------|  set
cpu-bind=MASK - lcn1322, task 151 23 [4047713]: mask |--------|--------|--------|--------|--------|--------|--------|--------|--------|--------|--------|--------||||--------|--------|--------|--------|--------|--------|--------|--------|--------|--------|--BBBBBB|--------|  set
cpu-bind=MASK - lcn1324, task 200  8 [3231409]: mask |--------|--------|--------|--------|BBBBBB--|--------|--------|--------|--------|--------|--------|--------||||--------|--------|--------|--------|--------|--------|--------|--------|--------|--------|--------|--------|  set
cpu-bind=MASK - lcn1322, task 152 24 [4047714]: mask |--------|--------|--------|--------|--------|--------|--------|--------|--------|--------|--------|--------||||--------|--------|--------|--------|BBBBBB--|--------|--------|--------|--------|--------|--------|--------|  set
cpu-bind=MASK - lcn1324, task 201  9 [3231410]: mask |--------|--------|--------|--------|------BB|--------|--------|BBBB----|--------|--------|--------|--------||||--------|--------|--------|--------|--------|--------|--------|--------|--------|--------|--------|--------|  set
cpu-bind=MASK - lcn1322, task 153 25 [4047715]: mask |--------|--------|--------|--------|--------|--------|--------|--------|--------|--------|--------|--------||||--------|--------|--------|--------|------BB|--------|--------|BBBB----|--------|--------|--------|--------|  set
cpu-bind=MASK - lcn1324, task 202 10 [3231411]: mask |--------|--------|BB------|--------|--------|--------|--------|----BBBB|--------|--------|--------|--------||||--------|--------|--------|--------|--------|--------|--------|--------|--------|--------|--------|--------|  set
cpu-bind=MASK - lcn1322, task 154 26 [4047716]: mask |--------|--------|--------|--------|--------|--------|--------|--------|--------|--------|--------|--------||||--------|--------|BB------|--------|--------|--------|--------|----BBBB|--------|--------|--------|--------|  set
cpu-bind=MASK - lcn1324, task 203 11 [3231412]: mask |--------|--------|--BBBBBB|--------|--------|--------|--------|--------|--------|--------|--------|--------||||--------|--------|--------|--------|--------|--------|--------|--------|--------|--------|--------|--------|  set
cpu-bind=MASK - lcn1318, task 31 31 [2376739]: mask |--------|--------|--------|--------|--------|--------|--------|--------|--------|--------|--------|--------||||--------|--------|--------|--------|--------|--------|--------|--------|--BBBBBB|--------|--------|--------|  set
cpu-bind=MASK - lcn1324, task 204 12 [3231413]: mask |--------|--------|--------|--------|--------|--------|--------|--------|--------|--------|--------|BBBBBB--||||--------|--------|--------|--------|--------|--------|--------|--------|--------|--------|--------|--------|  set
cpu-bind=MASK - lcn1322, task 155 27 [4047717]: mask |--------|--------|--------|--------|--------|--------|--------|--------|--------|--------|--------|--------||||--------|--------|--BBBBBB|--------|--------|--------|--------|--------|--------|--------|--------|--------|  set
cpu-bind=MASK - lcn1322, task 156 28 [4047718]: mask |--------|--------|--------|--------|--------|--------|--------|--------|--------|--------|--------|--------||||--------|--------|--------|--------|--------|--------|--------|--------|--------|--------|--------|BBBBBB--|  set
cpu-bind=MASK - lcn1324, task 205 13 [3231414]: mask |--------|--------|--------|--------|--------|BBBB----|--------|--------|--------|--------|--------|------BB||||--------|--------|--------|--------|--------|--------|--------|--------|--------|--------|--------|--------|  set
cpu-bind=MASK - lcn1322, task 157 29 [4047719]: mask |--------|--------|--------|--------|--------|--------|--------|--------|--------|--------|--------|--------||||--------|--------|--------|--------|--------|BBBB----|--------|--------|--------|--------|--------|------BB|  set
cpu-bind=MASK - lcn1324, task 206 14 [3231415]: mask |--------|--------|--------|--------|--------|----BBBB|--------|--------|BB------|--------|--------|--------||||--------|--------|--------|--------|--------|--------|--------|--------|--------|--------|--------|--------|  set
cpu-bind=MASK - lcn1324, task 207 15 [3231416]: mask |--------|--------|--------|--------|--------|--------|--------|--------|--BBBBBB|--------|--------|--------||||--------|--------|--------|--------|--------|--------|--------|--------|--------|--------|--------|--------|  set
cpu-bind=MASK - lcn1322, task 158 30 [4047720]: mask |--------|--------|--------|--------|--------|--------|--------|--------|--------|--------|--------|--------||||--------|--------|--------|--------|--------|----BBBB|--------|--------|BB------|--------|--------|--------|  set
cpu-bind=MASK - lcn1324, task 208 16 [3231417]: mask |--------|--------|--------|--------|--------|--------|--------|--------|--------|--------|--------|--------||||BBBBBB--|--------|--------|--------|--------|--------|--------|--------|--------|--------|--------|--------|  set
cpu-bind=MASK - lcn1324, task 209 17 [3231418]: mask |--------|--------|--------|--------|--------|--------|--------|--------|--------|--------|--------|--------||||------BB|--------|--------|--------|--------|--------|--------|--------|--------|BBBB----|--------|--------|  set
cpu-bind=MASK - lcn1324, task 210 18 [3231419]: mask |--------|--------|--------|--------|--------|--------|--------|--------|--------|--------|--------|--------||||--------|--------|--------|BB------|--------|--------|--------|--------|--------|----BBBB|--------|--------|  set
cpu-bind=MASK - lcn1324, task 211 19 [3231420]: mask |--------|--------|--------|--------|--------|--------|--------|--------|--------|--------|--------|--------||||--------|--------|--------|--BBBBBB|--------|--------|--------|--------|--------|--------|--------|--------|  set
cpu-bind=MASK - lcn1324, task 212 20 [3231421]: mask |--------|--------|--------|--------|--------|--------|--------|--------|--------|--------|--------|--------||||--------|--------|--------|--------|--------|--------|BBBBBB--|--------|--------|--------|--------|--------|  set
cpu-bind=MASK - lcn1324, task 213 21 [3231422]: mask |--------|--------|--------|--------|--------|--------|--------|--------|--------|--------|--------|--------||||--------|BBBB----|--------|--------|--------|--------|------BB|--------|--------|--------|--------|--------|  set
cpu-bind=MASK - lcn1324, task 214 22 [3231423]: mask |--------|--------|--------|--------|--------|--------|--------|--------|--------|--------|--------|--------||||--------|----BBBB|--------|--------|--------|--------|--------|--------|--------|--------|BB------|--------|  set
cpu-bind=MASK - lcn1324, task 215 23 [3231424]: mask |--------|--------|--------|--------|--------|--------|--------|--------|--------|--------|--------|--------||||--------|--------|--------|--------|--------|--------|--------|--------|--------|--------|--BBBBBB|--------|  set
cpu-bind=MASK - lcn1324, task 216 24 [3231425]: mask |--------|--------|--------|--------|--------|--------|--------|--------|--------|--------|--------|--------||||--------|--------|--------|--------|BBBBBB--|--------|--------|--------|--------|--------|--------|--------|  set
cpu-bind=MASK - lcn1324, task 217 25 [3231426]: mask |--------|--------|--------|--------|--------|--------|--------|--------|--------|--------|--------|--------||||--------|--------|--------|--------|------BB|--------|--------|BBBB----|--------|--------|--------|--------|  set
cpu-bind=MASK - lcn1324, task 218 26 [3231427]: mask |--------|--------|--------|--------|--------|--------|--------|--------|--------|--------|--------|--------||||--------|--------|BB------|--------|--------|--------|--------|----BBBB|--------|--------|--------|--------|  set
cpu-bind=MASK - lcn1324, task 219 27 [3231428]: mask |--------|--------|--------|--------|--------|--------|--------|--------|--------|--------|--------|--------||||--------|--------|--BBBBBB|--------|--------|--------|--------|--------|--------|--------|--------|--------|  set
cpu-bind=MASK - lcn1324, task 220 28 [3231429]: mask |--------|--------|--------|--------|--------|--------|--------|--------|--------|--------|--------|--------||||--------|--------|--------|--------|--------|--------|--------|--------|--------|--------|--------|BBBBBB--|  set
cpu-bind=MASK - lcn1323, task 160  0 [3740257]: mask |BBBBBB--|--------|--------|--------|--------|--------|--------|--------|--------|--------|--------|--------||||--------|--------|--------|--------|--------|--------|--------|--------|--------|--------|--------|--------|  set
cpu-bind=MASK - lcn1323, task 161  1 [3740258]: mask |------BB|--------|--------|--------|--------|--------|--------|--------|--------|BBBB----|--------|--------||||--------|--------|--------|--------|--------|--------|--------|--------|--------|--------|--------|--------|  set
cpu-bind=MASK - lcn1324, task 221 29 [3231430]: mask |--------|--------|--------|--------|--------|--------|--------|--------|--------|--------|--------|--------||||--------|--------|--------|--------|--------|BBBB----|--------|--------|--------|--------|--------|------BB|  set
cpu-bind=MASK - lcn1321, task 96  0 [184623]: mask |BBBBBB--|--------|--------|--------|--------|--------|--------|--------|--------|--------|--------|--------||||--------|--------|--------|--------|--------|--------|--------|--------|--------|--------|--------|--------|  set
cpu-bind=MASK - lcn1323, task 162  2 [3740259]: mask |--------|--------|--------|BB------|--------|--------|--------|--------|--------|----BBBB|--------|--------||||--------|--------|--------|--------|--------|--------|--------|--------|--------|--------|--------|--------|  set
cpu-bind=MASK - lcn1324, task 222 30 [3231431]: mask |--------|--------|--------|--------|--------|--------|--------|--------|--------|--------|--------|--------||||--------|--------|--------|--------|--------|----BBBB|--------|--------|BB------|--------|--------|--------|  set
cpu-bind=MASK - lcn1321, task 97  1 [184624]: mask |------BB|--------|--------|--------|--------|--------|--------|--------|--------|BBBB----|--------|--------||||--------|--------|--------|--------|--------|--------|--------|--------|--------|--------|--------|--------|  set
cpu-bind=MASK - lcn1323, task 163  3 [3740260]: mask |--------|--------|--------|--BBBBBB|--------|--------|--------|--------|--------|--------|--------|--------||||--------|--------|--------|--------|--------|--------|--------|--------|--------|--------|--------|--------|  set
cpu-bind=MASK - lcn1321, task 98  2 [184625]: mask |--------|--------|--------|BB------|--------|--------|--------|--------|--------|----BBBB|--------|--------||||--------|--------|--------|--------|--------|--------|--------|--------|--------|--------|--------|--------|  set
cpu-bind=MASK - lcn1323, task 164  4 [3740261]: mask |--------|--------|--------|--------|--------|--------|BBBBBB--|--------|--------|--------|--------|--------||||--------|--------|--------|--------|--------|--------|--------|--------|--------|--------|--------|--------|  set
cpu-bind=MASK - lcn1321, task 99  3 [184626]: mask |--------|--------|--------|--BBBBBB|--------|--------|--------|--------|--------|--------|--------|--------||||--------|--------|--------|--------|--------|--------|--------|--------|--------|--------|--------|--------|  set
cpu-bind=MASK - lcn1319, task 32  0 [2904045]: mask |BBBBBB--|--------|--------|--------|--------|--------|--------|--------|--------|--------|--------|--------||||--------|--------|--------|--------|--------|--------|--------|--------|--------|--------|--------|--------|  set
cpu-bind=MASK - lcn1323, task 165  5 [3740262]: mask |--------|BBBB----|--------|--------|--------|--------|------BB|--------|--------|--------|--------|--------||||--------|--------|--------|--------|--------|--------|--------|--------|--------|--------|--------|--------|  set
cpu-bind=MASK - lcn1321, task 100  4 [184627]: mask |--------|--------|--------|--------|--------|--------|BBBBBB--|--------|--------|--------|--------|--------||||--------|--------|--------|--------|--------|--------|--------|--------|--------|--------|--------|--------|  set
cpu-bind=MASK - lcn1319, task 33  1 [2904046]: mask |------BB|--------|--------|--------|--------|--------|--------|--------|--------|BBBB----|--------|--------||||--------|--------|--------|--------|--------|--------|--------|--------|--------|--------|--------|--------|  set
cpu-bind=MASK - lcn1323, task 166  6 [3740263]: mask |--------|----BBBB|--------|--------|--------|--------|--------|--------|--------|--------|BB------|--------||||--------|--------|--------|--------|--------|--------|--------|--------|--------|--------|--------|--------|  set
cpu-bind=MASK - lcn1321, task 101  5 [184628]: mask |--------|BBBB----|--------|--------|--------|--------|------BB|--------|--------|--------|--------|--------||||--------|--------|--------|--------|--------|--------|--------|--------|--------|--------|--------|--------|  set
cpu-bind=MASK - lcn1319, task 34  2 [2904047]: mask |--------|--------|--------|BB------|--------|--------|--------|--------|--------|----BBBB|--------|--------||||--------|--------|--------|--------|--------|--------|--------|--------|--------|--------|--------|--------|  set
cpu-bind=MASK - lcn1323, task 167  7 [3740264]: mask |--------|--------|--------|--------|--------|--------|--------|--------|--------|--------|--BBBBBB|--------||||--------|--------|--------|--------|--------|--------|--------|--------|--------|--------|--------|--------|  set
cpu-bind=MASK - lcn1321, task 102  6 [184629]: mask |--------|----BBBB|--------|--------|--------|--------|--------|--------|--------|--------|BB------|--------||||--------|--------|--------|--------|--------|--------|--------|--------|--------|--------|--------|--------|  set
cpu-bind=MASK - lcn1319, task 35  3 [2904048]: mask |--------|--------|--------|--BBBBBB|--------|--------|--------|--------|--------|--------|--------|--------||||--------|--------|--------|--------|--------|--------|--------|--------|--------|--------|--------|--------|  set
cpu-bind=MASK - lcn1321, task 103  7 [184630]: mask |--------|--------|--------|--------|--------|--------|--------|--------|--------|--------|--BBBBBB|--------||||--------|--------|--------|--------|--------|--------|--------|--------|--------|--------|--------|--------|  set
cpu-bind=MASK - lcn1323, task 168  8 [3740265]: mask |--------|--------|--------|--------|BBBBBB--|--------|--------|--------|--------|--------|--------|--------||||--------|--------|--------|--------|--------|--------|--------|--------|--------|--------|--------|--------|  set
cpu-bind=MASK - lcn1319, task 36  4 [2904049]: mask |--------|--------|--------|--------|--------|--------|BBBBBB--|--------|--------|--------|--------|--------||||--------|--------|--------|--------|--------|--------|--------|--------|--------|--------|--------|--------|  set
cpu-bind=MASK - lcn1501, task 224  0 [3179630]: mask |BBBBBB--|--------|--------|--------|--------|--------|--------|--------|--------|--------|--------|--------||||--------|--------|--------|--------|--------|--------|--------|--------|--------|--------|--------|--------|  set
cpu-bind=MASK - lcn1321, task 104  8 [184631]: mask |--------|--------|--------|--------|BBBBBB--|--------|--------|--------|--------|--------|--------|--------||||--------|--------|--------|--------|--------|--------|--------|--------|--------|--------|--------|--------|  set
cpu-bind=MASK - lcn1323, task 169  9 [3740266]: mask |--------|--------|--------|--------|------BB|--------|--------|BBBB----|--------|--------|--------|--------||||--------|--------|--------|--------|--------|--------|--------|--------|--------|--------|--------|--------|  set
cpu-bind=MASK - lcn1319, task 37  5 [2904050]: mask |--------|BBBB----|--------|--------|--------|--------|------BB|--------|--------|--------|--------|--------||||--------|--------|--------|--------|--------|--------|--------|--------|--------|--------|--------|--------|  set
cpu-bind=MASK - lcn1501, task 225  1 [3179631]: mask |------BB|--------|--------|--------|--------|--------|--------|--------|--------|BBBB----|--------|--------||||--------|--------|--------|--------|--------|--------|--------|--------|--------|--------|--------|--------|  set
cpu-bind=MASK - lcn1321, task 105  9 [184632]: mask |--------|--------|--------|--------|------BB|--------|--------|BBBB----|--------|--------|--------|--------||||--------|--------|--------|--------|--------|--------|--------|--------|--------|--------|--------|--------|  set
cpu-bind=MASK - lcn1323, task 170 10 [3740267]: mask |--------|--------|BB------|--------|--------|--------|--------|----BBBB|--------|--------|--------|--------||||--------|--------|--------|--------|--------|--------|--------|--------|--------|--------|--------|--------|  set
cpu-bind=MASK - lcn1319, task 38  6 [2904051]: mask |--------|----BBBB|--------|--------|--------|--------|--------|--------|--------|--------|BB------|--------||||--------|--------|--------|--------|--------|--------|--------|--------|--------|--------|--------|--------|  set
cpu-bind=MASK - lcn1501, task 226  2 [3179632]: mask |--------|--------|--------|BB------|--------|--------|--------|--------|--------|----BBBB|--------|--------||||--------|--------|--------|--------|--------|--------|--------|--------|--------|--------|--------|--------|  set
cpu-bind=MASK - lcn1321, task 106 10 [184633]: mask |--------|--------|BB------|--------|--------|--------|--------|----BBBB|--------|--------|--------|--------||||--------|--------|--------|--------|--------|--------|--------|--------|--------|--------|--------|--------|  set
cpu-bind=MASK - lcn1323, task 171 11 [3740268]: mask |--------|--------|--BBBBBB|--------|--------|--------|--------|--------|--------|--------|--------|--------||||--------|--------|--------|--------|--------|--------|--------|--------|--------|--------|--------|--------|  set
cpu-bind=MASK - lcn1319, task 39  7 [2904052]: mask |--------|--------|--------|--------|--------|--------|--------|--------|--------|--------|--BBBBBB|--------||||--------|--------|--------|--------|--------|--------|--------|--------|--------|--------|--------|--------|  set
cpu-bind=MASK - lcn1501, task 227  3 [3179633]: mask |--------|--------|--------|--BBBBBB|--------|--------|--------|--------|--------|--------|--------|--------||||--------|--------|--------|--------|--------|--------|--------|--------|--------|--------|--------|--------|  set
cpu-bind=MASK - lcn1321, task 107 11 [184634]: mask |--------|--------|--BBBBBB|--------|--------|--------|--------|--------|--------|--------|--------|--------||||--------|--------|--------|--------|--------|--------|--------|--------|--------|--------|--------|--------|  set
cpu-bind=MASK - lcn1323, task 172 12 [3740269]: mask |--------|--------|--------|--------|--------|--------|--------|--------|--------|--------|--------|BBBBBB--||||--------|--------|--------|--------|--------|--------|--------|--------|--------|--------|--------|--------|  set
cpu-bind=MASK - lcn1319, task 40  8 [2904053]: mask |--------|--------|--------|--------|BBBBBB--|--------|--------|--------|--------|--------|--------|--------||||--------|--------|--------|--------|--------|--------|--------|--------|--------|--------|--------|--------|  set
cpu-bind=MASK - lcn1501, task 228  4 [3179634]: mask |--------|--------|--------|--------|--------|--------|BBBBBB--|--------|--------|--------|--------|--------||||--------|--------|--------|--------|--------|--------|--------|--------|--------|--------|--------|--------|  set
cpu-bind=MASK - lcn1321, task 108 12 [184635]: mask |--------|--------|--------|--------|--------|--------|--------|--------|--------|--------|--------|BBBBBB--||||--------|--------|--------|--------|--------|--------|--------|--------|--------|--------|--------|--------|  set
cpu-bind=MASK - lcn1323, task 173 13 [3740270]: mask |--------|--------|--------|--------|--------|BBBB----|--------|--------|--------|--------|--------|------BB||||--------|--------|--------|--------|--------|--------|--------|--------|--------|--------|--------|--------|  set
cpu-bind=MASK - lcn1321, task 109 13 [184636]: mask |--------|--------|--------|--------|--------|BBBB----|--------|--------|--------|--------|--------|------BB||||--------|--------|--------|--------|--------|--------|--------|--------|--------|--------|--------|--------|  set
cpu-bind=MASK - lcn1501, task 229  5 [3179635]: mask |--------|BBBB----|--------|--------|--------|--------|------BB|--------|--------|--------|--------|--------||||--------|--------|--------|--------|--------|--------|--------|--------|--------|--------|--------|--------|  set
cpu-bind=MASK - lcn1319, task 41  9 [2904054]: mask |--------|--------|--------|--------|------BB|--------|--------|BBBB----|--------|--------|--------|--------||||--------|--------|--------|--------|--------|--------|--------|--------|--------|--------|--------|--------|  set
cpu-bind=MASK - lcn1323, task 174 14 [3740271]: mask |--------|--------|--------|--------|--------|----BBBB|--------|--------|BB------|--------|--------|--------||||--------|--------|--------|--------|--------|--------|--------|--------|--------|--------|--------|--------|  set
cpu-bind=MASK - lcn1320, task 64  0 [3506173]: mask |BBBBBB--|--------|--------|--------|--------|--------|--------|--------|--------|--------|--------|--------||||--------|--------|--------|--------|--------|--------|--------|--------|--------|--------|--------|--------|  set
cpu-bind=MASK - lcn1321, task 110 14 [184637]: mask |--------|--------|--------|--------|--------|----BBBB|--------|--------|BB------|--------|--------|--------||||--------|--------|--------|--------|--------|--------|--------|--------|--------|--------|--------|--------|  set
cpu-bind=MASK - lcn1501, task 230  6 [3179636]: mask |--------|----BBBB|--------|--------|--------|--------|--------|--------|--------|--------|BB------|--------||||--------|--------|--------|--------|--------|--------|--------|--------|--------|--------|--------|--------|  set
cpu-bind=MASK - lcn1320, task 65  1 [3506174]: mask |------BB|--------|--------|--------|--------|--------|--------|--------|--------|BBBB----|--------|--------||||--------|--------|--------|--------|--------|--------|--------|--------|--------|--------|--------|--------|  set
cpu-bind=MASK - lcn1319, task 42 10 [2904055]: mask |--------|--------|BB------|--------|--------|--------|--------|----BBBB|--------|--------|--------|--------||||--------|--------|--------|--------|--------|--------|--------|--------|--------|--------|--------|--------|  set
cpu-bind=MASK - lcn1323, task 175 15 [3740272]: mask |--------|--------|--------|--------|--------|--------|--------|--------|--BBBBBB|--------|--------|--------||||--------|--------|--------|--------|--------|--------|--------|--------|--------|--------|--------|--------|  set
cpu-bind=MASK - lcn1321, task 111 15 [184638]: mask |--------|--------|--------|--------|--------|--------|--------|--------|--BBBBBB|--------|--------|--------||||--------|--------|--------|--------|--------|--------|--------|--------|--------|--------|--------|--------|  set
cpu-bind=MASK - lcn1501, task 231  7 [3179637]: mask |--------|--------|--------|--------|--------|--------|--------|--------|--------|--------|--BBBBBB|--------||||--------|--------|--------|--------|--------|--------|--------|--------|--------|--------|--------|--------|  set
cpu-bind=MASK - lcn1320, task 66  2 [3506175]: mask |--------|--------|--------|BB------|--------|--------|--------|--------|--------|----BBBB|--------|--------||||--------|--------|--------|--------|--------|--------|--------|--------|--------|--------|--------|--------|  set
cpu-bind=MASK - lcn1319, task 43 11 [2904056]: mask |--------|--------|--BBBBBB|--------|--------|--------|--------|--------|--------|--------|--------|--------||||--------|--------|--------|--------|--------|--------|--------|--------|--------|--------|--------|--------|  set
cpu-bind=MASK - lcn1323, task 176 16 [3740273]: mask |--------|--------|--------|--------|--------|--------|--------|--------|--------|--------|--------|--------||||BBBBBB--|--------|--------|--------|--------|--------|--------|--------|--------|--------|--------|--------|  set
cpu-bind=MASK - lcn1320, task 67  3 [3506176]: mask |--------|--------|--------|--BBBBBB|--------|--------|--------|--------|--------|--------|--------|--------||||--------|--------|--------|--------|--------|--------|--------|--------|--------|--------|--------|--------|  set
cpu-bind=MASK - lcn1501, task 232  8 [3179638]: mask |--------|--------|--------|--------|BBBBBB--|--------|--------|--------|--------|--------|--------|--------||||--------|--------|--------|--------|--------|--------|--------|--------|--------|--------|--------|--------|  set
cpu-bind=MASK - lcn1319, task 44 12 [2904057]: mask |--------|--------|--------|--------|--------|--------|--------|--------|--------|--------|--------|BBBBBB--||||--------|--------|--------|--------|--------|--------|--------|--------|--------|--------|--------|--------|  set
cpu-bind=MASK - lcn1321, task 112 16 [184639]: mask |--------|--------|--------|--------|--------|--------|--------|--------|--------|--------|--------|--------||||BBBBBB--|--------|--------|--------|--------|--------|--------|--------|--------|--------|--------|--------|  set
cpu-bind=MASK - lcn1323, task 177 17 [3740274]: mask |--------|--------|--------|--------|--------|--------|--------|--------|--------|--------|--------|--------||||------BB|--------|--------|--------|--------|--------|--------|--------|--------|BBBB----|--------|--------|  set
cpu-bind=MASK - lcn1320, task 68  4 [3506177]: mask |--------|--------|--------|--------|--------|--------|BBBBBB--|--------|--------|--------|--------|--------||||--------|--------|--------|--------|--------|--------|--------|--------|--------|--------|--------|--------|  set
cpu-bind=MASK - lcn1501, task 233  9 [3179639]: mask |--------|--------|--------|--------|------BB|--------|--------|BBBB----|--------|--------|--------|--------||||--------|--------|--------|--------|--------|--------|--------|--------|--------|--------|--------|--------|  set
cpu-bind=MASK - lcn1321, task 113 17 [184640]: mask |--------|--------|--------|--------|--------|--------|--------|--------|--------|--------|--------|--------||||------BB|--------|--------|--------|--------|--------|--------|--------|--------|BBBB----|--------|--------|  set
cpu-bind=MASK - lcn1319, task 45 13 [2904058]: mask |--------|--------|--------|--------|--------|BBBB----|--------|--------|--------|--------|--------|------BB||||--------|--------|--------|--------|--------|--------|--------|--------|--------|--------|--------|--------|  set
cpu-bind=MASK - lcn1323, task 178 18 [3740275]: mask |--------|--------|--------|--------|--------|--------|--------|--------|--------|--------|--------|--------||||--------|--------|--------|BB------|--------|--------|--------|--------|--------|----BBBB|--------|--------|  set
cpu-bind=MASK - lcn1322, task 159 31 [4047721]: mask |--------|--------|--------|--------|--------|--------|--------|--------|--------|--------|--------|--------||||--------|--------|--------|--------|--------|--------|--------|--------|--BBBBBB|--------|--------|--------|  set
cpu-bind=MASK - lcn1320, task 69  5 [3506178]: mask |--------|BBBB----|--------|--------|--------|--------|------BB|--------|--------|--------|--------|--------||||--------|--------|--------|--------|--------|--------|--------|--------|--------|--------|--------|--------|  set
cpu-bind=MASK - lcn1501, task 234 10 [3179640]: mask |--------|--------|BB------|--------|--------|--------|--------|----BBBB|--------|--------|--------|--------||||--------|--------|--------|--------|--------|--------|--------|--------|--------|--------|--------|--------|  set
cpu-bind=MASK - lcn1321, task 114 18 [184641]: mask |--------|--------|--------|--------|--------|--------|--------|--------|--------|--------|--------|--------||||--------|--------|--------|BB------|--------|--------|--------|--------|--------|----BBBB|--------|--------|  set
cpu-bind=MASK - lcn1323, task 179 19 [3740276]: mask |--------|--------|--------|--------|--------|--------|--------|--------|--------|--------|--------|--------||||--------|--------|--------|--BBBBBB|--------|--------|--------|--------|--------|--------|--------|--------|  set
cpu-bind=MASK - lcn1319, task 46 14 [2904059]: mask |--------|--------|--------|--------|--------|----BBBB|--------|--------|BB------|--------|--------|--------||||--------|--------|--------|--------|--------|--------|--------|--------|--------|--------|--------|--------|  set
cpu-bind=MASK - lcn1320, task 70  6 [3506179]: mask |--------|----BBBB|--------|--------|--------|--------|--------|--------|--------|--------|BB------|--------||||--------|--------|--------|--------|--------|--------|--------|--------|--------|--------|--------|--------|  set
cpu-bind=MASK - lcn1501, task 235 11 [3179641]: mask |--------|--------|--BBBBBB|--------|--------|--------|--------|--------|--------|--------|--------|--------||||--------|--------|--------|--------|--------|--------|--------|--------|--------|--------|--------|--------|  set
cpu-bind=MASK - lcn1321, task 115 19 [184642]: mask |--------|--------|--------|--------|--------|--------|--------|--------|--------|--------|--------|--------||||--------|--------|--------|--BBBBBB|--------|--------|--------|--------|--------|--------|--------|--------|  set
cpu-bind=MASK - lcn1319, task 47 15 [2904060]: mask |--------|--------|--------|--------|--------|--------|--------|--------|--BBBBBB|--------|--------|--------||||--------|--------|--------|--------|--------|--------|--------|--------|--------|--------|--------|--------|  set
cpu-bind=MASK - lcn1323, task 180 20 [3740277]: mask |--------|--------|--------|--------|--------|--------|--------|--------|--------|--------|--------|--------||||--------|--------|--------|--------|--------|--------|BBBBBB--|--------|--------|--------|--------|--------|  set
cpu-bind=MASK - lcn1320, task 71  7 [3506180]: mask |--------|--------|--------|--------|--------|--------|--------|--------|--------|--------|--BBBBBB|--------||||--------|--------|--------|--------|--------|--------|--------|--------|--------|--------|--------|--------|  set
cpu-bind=MASK - lcn1319, task 48 16 [2904061]: mask |--------|--------|--------|--------|--------|--------|--------|--------|--------|--------|--------|--------||||BBBBBB--|--------|--------|--------|--------|--------|--------|--------|--------|--------|--------|--------|  set
cpu-bind=MASK - lcn1321, task 116 20 [184643]: mask |--------|--------|--------|--------|--------|--------|--------|--------|--------|--------|--------|--------||||--------|--------|--------|--------|--------|--------|BBBBBB--|--------|--------|--------|--------|--------|  set
cpu-bind=MASK - lcn1501, task 236 12 [3179642]: mask |--------|--------|--------|--------|--------|--------|--------|--------|--------|--------|--------|BBBBBB--||||--------|--------|--------|--------|--------|--------|--------|--------|--------|--------|--------|--------|  set
cpu-bind=MASK - lcn1323, task 181 21 [3740278]: mask |--------|--------|--------|--------|--------|--------|--------|--------|--------|--------|--------|--------||||--------|BBBB----|--------|--------|--------|--------|------BB|--------|--------|--------|--------|--------|  set
cpu-bind=MASK - lcn1501, task 237 13 [3179643]: mask |--------|--------|--------|--------|--------|BBBB----|--------|--------|--------|--------|--------|------BB||||--------|--------|--------|--------|--------|--------|--------|--------|--------|--------|--------|--------|  set
cpu-bind=MASK - lcn1320, task 72  8 [3506181]: mask |--------|--------|--------|--------|BBBBBB--|--------|--------|--------|--------|--------|--------|--------||||--------|--------|--------|--------|--------|--------|--------|--------|--------|--------|--------|--------|  set
cpu-bind=MASK - lcn1321, task 117 21 [184644]: mask |--------|--------|--------|--------|--------|--------|--------|--------|--------|--------|--------|--------||||--------|BBBB----|--------|--------|--------|--------|------BB|--------|--------|--------|--------|--------|  set
cpu-bind=MASK - lcn1323, task 182 22 [3740279]: mask |--------|--------|--------|--------|--------|--------|--------|--------|--------|--------|--------|--------||||--------|----BBBB|--------|--------|--------|--------|--------|--------|--------|--------|BB------|--------|  set
cpu-bind=MASK - lcn1319, task 49 17 [2904062]: mask |--------|--------|--------|--------|--------|--------|--------|--------|--------|--------|--------|--------||||------BB|--------|--------|--------|--------|--------|--------|--------|--------|BBBB----|--------|--------|  set
cpu-bind=MASK - lcn1501, task 238 14 [3179644]: mask |--------|--------|--------|--------|--------|----BBBB|--------|--------|BB------|--------|--------|--------||||--------|--------|--------|--------|--------|--------|--------|--------|--------|--------|--------|--------|  set
cpu-bind=MASK - lcn1320, task 73  9 [3506182]: mask |--------|--------|--------|--------|------BB|--------|--------|BBBB----|--------|--------|--------|--------||||--------|--------|--------|--------|--------|--------|--------|--------|--------|--------|--------|--------|  set
cpu-bind=MASK - lcn1321, task 118 22 [184645]: mask |--------|--------|--------|--------|--------|--------|--------|--------|--------|--------|--------|--------||||--------|----BBBB|--------|--------|--------|--------|--------|--------|--------|--------|BB------|--------|  set
cpu-bind=MASK - lcn1323, task 183 23 [3740280]: mask |--------|--------|--------|--------|--------|--------|--------|--------|--------|--------|--------|--------||||--------|--------|--------|--------|--------|--------|--------|--------|--------|--------|--BBBBBB|--------|  set
cpu-bind=MASK - lcn1319, task 50 18 [2904063]: mask |--------|--------|--------|--------|--------|--------|--------|--------|--------|--------|--------|--------||||--------|--------|--------|BB------|--------|--------|--------|--------|--------|----BBBB|--------|--------|  set
cpu-bind=MASK - lcn1501, task 239 15 [3179645]: mask |--------|--------|--------|--------|--------|--------|--------|--------|--BBBBBB|--------|--------|--------||||--------|--------|--------|--------|--------|--------|--------|--------|--------|--------|--------|--------|  set
cpu-bind=MASK - lcn1320, task 74 10 [3506183]: mask |--------|--------|BB------|--------|--------|--------|--------|----BBBB|--------|--------|--------|--------||||--------|--------|--------|--------|--------|--------|--------|--------|--------|--------|--------|--------|  set
cpu-bind=MASK - lcn1321, task 119 23 [184646]: mask |--------|--------|--------|--------|--------|--------|--------|--------|--------|--------|--------|--------||||--------|--------|--------|--------|--------|--------|--------|--------|--------|--------|--BBBBBB|--------|  set
cpu-bind=MASK - lcn1319, task 51 19 [2904064]: mask |--------|--------|--------|--------|--------|--------|--------|--------|--------|--------|--------|--------||||--------|--------|--------|--BBBBBB|--------|--------|--------|--------|--------|--------|--------|--------|  set
cpu-bind=MASK - lcn1323, task 184 24 [3740281]: mask |--------|--------|--------|--------|--------|--------|--------|--------|--------|--------|--------|--------||||--------|--------|--------|--------|BBBBBB--|--------|--------|--------|--------|--------|--------|--------|  set
cpu-bind=MASK - lcn1320, task 75 11 [3506184]: mask |--------|--------|--BBBBBB|--------|--------|--------|--------|--------|--------|--------|--------|--------||||--------|--------|--------|--------|--------|--------|--------|--------|--------|--------|--------|--------|  set
cpu-bind=MASK - lcn1319, task 52 20 [2904065]: mask |--------|--------|--------|--------|--------|--------|--------|--------|--------|--------|--------|--------||||--------|--------|--------|--------|--------|--------|BBBBBB--|--------|--------|--------|--------|--------|  set
cpu-bind=MASK - lcn1501, task 240 16 [3179646]: mask |--------|--------|--------|--------|--------|--------|--------|--------|--------|--------|--------|--------||||BBBBBB--|--------|--------|--------|--------|--------|--------|--------|--------|--------|--------|--------|  set
cpu-bind=MASK - lcn1321, task 120 24 [184647]: mask |--------|--------|--------|--------|--------|--------|--------|--------|--------|--------|--------|--------||||--------|--------|--------|--------|BBBBBB--|--------|--------|--------|--------|--------|--------|--------|  set
cpu-bind=MASK - lcn1323, task 185 25 [3740282]: mask |--------|--------|--------|--------|--------|--------|--------|--------|--------|--------|--------|--------||||--------|--------|--------|--------|------BB|--------|--------|BBBB----|--------|--------|--------|--------|  set
cpu-bind=MASK - lcn1320, task 76 12 [3506185]: mask |--------|--------|--------|--------|--------|--------|--------|--------|--------|--------|--------|BBBBBB--||||--------|--------|--------|--------|--------|--------|--------|--------|--------|--------|--------|--------|  set
cpu-bind=MASK - lcn1501, task 241 17 [3179647]: mask |--------|--------|--------|--------|--------|--------|--------|--------|--------|--------|--------|--------||||------BB|--------|--------|--------|--------|--------|--------|--------|--------|BBBB----|--------|--------|  set
cpu-bind=MASK - lcn1319, task 53 21 [2904066]: mask |--------|--------|--------|--------|--------|--------|--------|--------|--------|--------|--------|--------||||--------|BBBB----|--------|--------|--------|--------|------BB|--------|--------|--------|--------|--------|  set
cpu-bind=MASK - lcn1321, task 121 25 [184648]: mask |--------|--------|--------|--------|--------|--------|--------|--------|--------|--------|--------|--------||||--------|--------|--------|--------|------BB|--------|--------|BBBB----|--------|--------|--------|--------|  set
cpu-bind=MASK - lcn1323, task 186 26 [3740283]: mask |--------|--------|--------|--------|--------|--------|--------|--------|--------|--------|--------|--------||||--------|--------|BB------|--------|--------|--------|--------|----BBBB|--------|--------|--------|--------|  set
cpu-bind=MASK - lcn1320, task 77 13 [3506186]: mask |--------|--------|--------|--------|--------|BBBB----|--------|--------|--------|--------|--------|------BB||||--------|--------|--------|--------|--------|--------|--------|--------|--------|--------|--------|--------|  set
cpu-bind=MASK - lcn1319, task 54 22 [2904067]: mask |--------|--------|--------|--------|--------|--------|--------|--------|--------|--------|--------|--------||||--------|----BBBB|--------|--------|--------|--------|--------|--------|--------|--------|BB------|--------|  set
cpu-bind=MASK - lcn1501, task 242 18 [3179648]: mask |--------|--------|--------|--------|--------|--------|--------|--------|--------|--------|--------|--------||||--------|--------|--------|BB------|--------|--------|--------|--------|--------|----BBBB|--------|--------|  set
cpu-bind=MASK - lcn1321, task 122 26 [184649]: mask |--------|--------|--------|--------|--------|--------|--------|--------|--------|--------|--------|--------||||--------|--------|BB------|--------|--------|--------|--------|----BBBB|--------|--------|--------|--------|  set
cpu-bind=MASK - lcn1323, task 187 27 [3740284]: mask |--------|--------|--------|--------|--------|--------|--------|--------|--------|--------|--------|--------||||--------|--------|--BBBBBB|--------|--------|--------|--------|--------|--------|--------|--------|--------|  set
cpu-bind=MASK - lcn1320, task 78 14 [3506187]: mask |--------|--------|--------|--------|--------|----BBBB|--------|--------|BB------|--------|--------|--------||||--------|--------|--------|--------|--------|--------|--------|--------|--------|--------|--------|--------|  set
cpu-bind=MASK - lcn1501, task 243 19 [3179649]: mask |--------|--------|--------|--------|--------|--------|--------|--------|--------|--------|--------|--------||||--------|--------|--------|--BBBBBB|--------|--------|--------|--------|--------|--------|--------|--------|  set
cpu-bind=MASK - lcn1321, task 123 27 [184650]: mask |--------|--------|--------|--------|--------|--------|--------|--------|--------|--------|--------|--------||||--------|--------|--BBBBBB|--------|--------|--------|--------|--------|--------|--------|--------|--------|  set
cpu-bind=MASK - lcn1319, task 55 23 [2904068]: mask |--------|--------|--------|--------|--------|--------|--------|--------|--------|--------|--------|--------||||--------|--------|--------|--------|--------|--------|--------|--------|--------|--------|--BBBBBB|--------|  set
cpu-bind=MASK - lcn1323, task 188 28 [3740285]: mask |--------|--------|--------|--------|--------|--------|--------|--------|--------|--------|--------|--------||||--------|--------|--------|--------|--------|--------|--------|--------|--------|--------|--------|BBBBBB--|  set
cpu-bind=MASK - lcn1320, task 79 15 [3506188]: mask |--------|--------|--------|--------|--------|--------|--------|--------|--BBBBBB|--------|--------|--------||||--------|--------|--------|--------|--------|--------|--------|--------|--------|--------|--------|--------|  set
cpu-bind=MASK - lcn1501, task 244 20 [3179650]: mask |--------|--------|--------|--------|--------|--------|--------|--------|--------|--------|--------|--------||||--------|--------|--------|--------|--------|--------|BBBBBB--|--------|--------|--------|--------|--------|  set
cpu-bind=MASK - lcn1319, task 56 24 [2904069]: mask |--------|--------|--------|--------|--------|--------|--------|--------|--------|--------|--------|--------||||--------|--------|--------|--------|BBBBBB--|--------|--------|--------|--------|--------|--------|--------|  set
cpu-bind=MASK - lcn1323, task 189 29 [3740286]: mask |--------|--------|--------|--------|--------|--------|--------|--------|--------|--------|--------|--------||||--------|--------|--------|--------|--------|BBBB----|--------|--------|--------|--------|--------|------BB|  set
cpu-bind=MASK - lcn1321, task 124 28 [184651]: mask |--------|--------|--------|--------|--------|--------|--------|--------|--------|--------|--------|--------||||--------|--------|--------|--------|--------|--------|--------|--------|--------|--------|--------|BBBBBB--|  set
cpu-bind=MASK - lcn1320, task 80 16 [3506189]: mask |--------|--------|--------|--------|--------|--------|--------|--------|--------|--------|--------|--------||||BBBBBB--|--------|--------|--------|--------|--------|--------|--------|--------|--------|--------|--------|  set
cpu-bind=MASK - lcn1501, task 245 21 [3179651]: mask |--------|--------|--------|--------|--------|--------|--------|--------|--------|--------|--------|--------||||--------|BBBB----|--------|--------|--------|--------|------BB|--------|--------|--------|--------|--------|  set
cpu-bind=MASK - lcn1319, task 57 25 [2904070]: mask |--------|--------|--------|--------|--------|--------|--------|--------|--------|--------|--------|--------||||--------|--------|--------|--------|------BB|--------|--------|BBBB----|--------|--------|--------|--------|  set
cpu-bind=MASK - lcn1323, task 190 30 [3740287]: mask |--------|--------|--------|--------|--------|--------|--------|--------|--------|--------|--------|--------||||--------|--------|--------|--------|--------|----BBBB|--------|--------|BB------|--------|--------|--------|  set
cpu-bind=MASK - lcn1321, task 125 29 [184652]: mask |--------|--------|--------|--------|--------|--------|--------|--------|--------|--------|--------|--------||||--------|--------|--------|--------|--------|BBBB----|--------|--------|--------|--------|--------|------BB|  set
cpu-bind=MASK - lcn1320, task 81 17 [3506190]: mask |--------|--------|--------|--------|--------|--------|--------|--------|--------|--------|--------|--------||||------BB|--------|--------|--------|--------|--------|--------|--------|--------|BBBB----|--------|--------|  set
cpu-bind=MASK - lcn1501, task 246 22 [3179652]: mask |--------|--------|--------|--------|--------|--------|--------|--------|--------|--------|--------|--------||||--------|----BBBB|--------|--------|--------|--------|--------|--------|--------|--------|BB------|--------|  set
cpu-bind=MASK - lcn1319, task 58 26 [2904071]: mask |--------|--------|--------|--------|--------|--------|--------|--------|--------|--------|--------|--------||||--------|--------|BB------|--------|--------|--------|--------|----BBBB|--------|--------|--------|--------|  set
cpu-bind=MASK - lcn1321, task 126 30 [184653]: mask |--------|--------|--------|--------|--------|--------|--------|--------|--------|--------|--------|--------||||--------|--------|--------|--------|--------|----BBBB|--------|--------|BB------|--------|--------|--------|  set
cpu-bind=MASK - lcn1501, task 247 23 [3179653]: mask |--------|--------|--------|--------|--------|--------|--------|--------|--------|--------|--------|--------||||--------|--------|--------|--------|--------|--------|--------|--------|--------|--------|--BBBBBB|--------|  set
cpu-bind=MASK - lcn1320, task 82 18 [3506191]: mask |--------|--------|--------|--------|--------|--------|--------|--------|--------|--------|--------|--------||||--------|--------|--------|BB------|--------|--------|--------|--------|--------|----BBBB|--------|--------|  set
cpu-bind=MASK - lcn1319, task 59 27 [2904072]: mask |--------|--------|--------|--------|--------|--------|--------|--------|--------|--------|--------|--------||||--------|--------|--BBBBBB|--------|--------|--------|--------|--------|--------|--------|--------|--------|  set
cpu-bind=MASK - lcn1320, task 83 19 [3506192]: mask |--------|--------|--------|--------|--------|--------|--------|--------|--------|--------|--------|--------||||--------|--------|--------|--BBBBBB|--------|--------|--------|--------|--------|--------|--------|--------|  set
cpu-bind=MASK - lcn1319, task 60 28 [2904073]: mask |--------|--------|--------|--------|--------|--------|--------|--------|--------|--------|--------|--------||||--------|--------|--------|--------|--------|--------|--------|--------|--------|--------|--------|BBBBBB--|  set
cpu-bind=MASK - lcn1501, task 248 24 [3179654]: mask |--------|--------|--------|--------|--------|--------|--------|--------|--------|--------|--------|--------||||--------|--------|--------|--------|BBBBBB--|--------|--------|--------|--------|--------|--------|--------|  set
cpu-bind=MASK - lcn1324, task 223 31 [3231432]: mask |--------|--------|--------|--------|--------|--------|--------|--------|--------|--------|--------|--------||||--------|--------|--------|--------|--------|--------|--------|--------|--BBBBBB|--------|--------|--------|  set
cpu-bind=MASK - lcn1320, task 84 20 [3506193]: mask |--------|--------|--------|--------|--------|--------|--------|--------|--------|--------|--------|--------||||--------|--------|--------|--------|--------|--------|BBBBBB--|--------|--------|--------|--------|--------|  set
cpu-bind=MASK - lcn1319, task 61 29 [2904074]: mask |--------|--------|--------|--------|--------|--------|--------|--------|--------|--------|--------|--------||||--------|--------|--------|--------|--------|BBBB----|--------|--------|--------|--------|--------|------BB|  set
cpu-bind=MASK - lcn1501, task 249 25 [3179655]: mask |--------|--------|--------|--------|--------|--------|--------|--------|--------|--------|--------|--------||||--------|--------|--------|--------|------BB|--------|--------|BBBB----|--------|--------|--------|--------|  set
cpu-bind=MASK - lcn1320, task 85 21 [3506194]: mask |--------|--------|--------|--------|--------|--------|--------|--------|--------|--------|--------|--------||||--------|BBBB----|--------|--------|--------|--------|------BB|--------|--------|--------|--------|--------|  set
cpu-bind=MASK - lcn1319, task 62 30 [2904075]: mask |--------|--------|--------|--------|--------|--------|--------|--------|--------|--------|--------|--------||||--------|--------|--------|--------|--------|----BBBB|--------|--------|BB------|--------|--------|--------|  set
cpu-bind=MASK - lcn1501, task 250 26 [3179656]: mask |--------|--------|--------|--------|--------|--------|--------|--------|--------|--------|--------|--------||||--------|--------|BB------|--------|--------|--------|--------|----BBBB|--------|--------|--------|--------|  set
cpu-bind=MASK - lcn1320, task 86 22 [3506195]: mask |--------|--------|--------|--------|--------|--------|--------|--------|--------|--------|--------|--------||||--------|----BBBB|--------|--------|--------|--------|--------|--------|--------|--------|BB------|--------|  set
cpu-bind=MASK - lcn1501, task 251 27 [3179657]: mask |--------|--------|--------|--------|--------|--------|--------|--------|--------|--------|--------|--------||||--------|--------|--BBBBBB|--------|--------|--------|--------|--------|--------|--------|--------|--------|  set
cpu-bind=MASK - lcn1320, task 87 23 [3506196]: mask |--------|--------|--------|--------|--------|--------|--------|--------|--------|--------|--------|--------||||--------|--------|--------|--------|--------|--------|--------|--------|--------|--------|--BBBBBB|--------|  set
cpu-bind=MASK - lcn1501, task 252 28 [3179658]: mask |--------|--------|--------|--------|--------|--------|--------|--------|--------|--------|--------|--------||||--------|--------|--------|--------|--------|--------|--------|--------|--------|--------|--------|BBBBBB--|  set
cpu-bind=MASK - lcn1320, task 88 24 [3506197]: mask |--------|--------|--------|--------|--------|--------|--------|--------|--------|--------|--------|--------||||--------|--------|--------|--------|BBBBBB--|--------|--------|--------|--------|--------|--------|--------|  set
cpu-bind=MASK - lcn1501, task 253 29 [3179659]: mask |--------|--------|--------|--------|--------|--------|--------|--------|--------|--------|--------|--------||||--------|--------|--------|--------|--------|BBBB----|--------|--------|--------|--------|--------|------BB|  set
cpu-bind=MASK - lcn1320, task 89 25 [3506198]: mask |--------|--------|--------|--------|--------|--------|--------|--------|--------|--------|--------|--------||||--------|--------|--------|--------|------BB|--------|--------|BBBB----|--------|--------|--------|--------|  set
cpu-bind=MASK - lcn1501, task 254 30 [3179660]: mask |--------|--------|--------|--------|--------|--------|--------|--------|--------|--------|--------|--------||||--------|--------|--------|--------|--------|----BBBB|--------|--------|BB------|--------|--------|--------|  set
cpu-bind=MASK - lcn1320, task 90 26 [3506199]: mask |--------|--------|--------|--------|--------|--------|--------|--------|--------|--------|--------|--------||||--------|--------|BB------|--------|--------|--------|--------|----BBBB|--------|--------|--------|--------|  set
cpu-bind=MASK - lcn1320, task 91 27 [3506200]: mask |--------|--------|--------|--------|--------|--------|--------|--------|--------|--------|--------|--------||||--------|--------|--BBBBBB|--------|--------|--------|--------|--------|--------|--------|--------|--------|  set
cpu-bind=MASK - lcn1320, task 92 28 [3506201]: mask |--------|--------|--------|--------|--------|--------|--------|--------|--------|--------|--------|--------||||--------|--------|--------|--------|--------|--------|--------|--------|--------|--------|--------|BBBBBB--|  set
cpu-bind=MASK - lcn1320, task 93 29 [3506202]: mask |--------|--------|--------|--------|--------|--------|--------|--------|--------|--------|--------|--------||||--------|--------|--------|--------|--------|BBBB----|--------|--------|--------|--------|--------|------BB|  set
cpu-bind=MASK - lcn1320, task 94 30 [3506203]: mask |--------|--------|--------|--------|--------|--------|--------|--------|--------|--------|--------|--------||||--------|--------|--------|--------|--------|----BBBB|--------|--------|BB------|--------|--------|--------|  set
cpu-bind=MASK - lcn1319, task 63 31 [2904076]: mask |--------|--------|--------|--------|--------|--------|--------|--------|--------|--------|--------|--------||||--------|--------|--------|--------|--------|--------|--------|--------|--BBBBBB|--------|--------|--------|  set
cpu-bind=MASK - lcn1501, task 255 31 [3179661]: mask |--------|--------|--------|--------|--------|--------|--------|--------|--------|--------|--------|--------||||--------|--------|--------|--------|--------|--------|--------|--------|--BBBBBB|--------|--------|--------|  set
cpu-bind=MASK - lcn1323, task 191 31 [3740288]: mask |--------|--------|--------|--------|--------|--------|--------|--------|--------|--------|--------|--------||||--------|--------|--------|--------|--------|--------|--------|--------|--BBBBBB|--------|--------|--------|  set
cpu-bind=MASK - lcn1321, task 127 31 [184654]: mask |--------|--------|--------|--------|--------|--------|--------|--------|--------|--------|--------|--------||||--------|--------|--------|--------|--------|--------|--------|--------|--BBBBBB|--------|--------|--------|  set
cpu-bind=MASK - lcn1320, task 95 31 [3506204]: mask |--------|--------|--------|--------|--------|--------|--------|--------|--------|--------|--------|--------||||--------|--------|--------|--------|--------|--------|--------|--------|--BBBBBB|--------|--------|--------|  set
