Energy-E_F (eV)    DOS (1/eV)    PDOS (1/eV)  of atom type B  N  
     -5.99722      0.67513      0.27658      0.39855
     -5.98722      0.51317      0.20910      0.30407
     -5.97722      0.36793      0.14880      0.21913
     -5.96722      0.27396      0.11108      0.16288
     -5.95722      0.15398      0.06280      0.09117
     -5.94722      0.17480      0.07183      0.10297
     -5.93722      0.33379      0.13961      0.19418
     -5.92722      0.41202      0.17506      0.23696
     -5.91722      0.50839      0.21420      0.29419
     -5.90722      0.70424      0.28913      0.41511
     -5.89722      0.69492      0.27976      0.41516
     -5.88722      0.53219      0.21373      0.31845
     -5.87722      0.53548      0.21977      0.31571
     -5.86722      0.54647      0.22602      0.32045
     -5.85722      0.43361      0.17678      0.25684
     -5.84722      0.38558      0.15759      0.22799
     -5.83722      0.44863      0.18753      0.26110
     -5.82722      0.52236      0.21988      0.30248
     -5.81722      0.60696      0.25694      0.35001
     -5.80722      0.72813      0.30978      0.41835
     -5.79722      0.67050      0.28451      0.38600
     -5.78722      0.43259      0.17995      0.25264
     -5.77722      0.26168      0.10538      0.15630
     -5.76722      0.34904      0.13864      0.21040
     -5.75722      0.61587      0.24608      0.36979
     -5.74722      0.77566      0.31267      0.46299
     -5.73722      0.66563      0.26996      0.39567
     -5.72722      0.43876      0.17737      0.26140
     -5.71722      0.33937      0.13574      0.20363
     -5.70722      0.43099      0.17411      0.25688
     -5.69722      0.50515      0.20686      0.29829
     -5.68722      0.48844      0.20185      0.28659
     -5.67722      0.51435      0.21251      0.30184
     -5.66722      0.53591      0.22123      0.31469
     -5.65722      0.44410      0.18336      0.26074
     -5.64722      0.39022      0.15825      0.23197
     -5.63722      0.40249      0.16221      0.24028
     -5.62722      0.46339      0.18779      0.27560
     -5.61722      0.57948      0.23326      0.34622
     -5.60722      0.80883      0.32662      0.48222
     -5.59722      0.87316      0.35659      0.51657
     -5.58722      0.57749      0.24183      0.33566
     -5.57722      0.44236      0.19061      0.25175
     -5.56722      0.45504      0.19198      0.26306
     -5.55722      0.51434      0.20848      0.30586
     -5.54722      0.56781      0.22874      0.33907
     -5.53722      0.41864      0.16938      0.24926
     -5.52722      0.17625      0.07150      0.10475
     -5.51722      0.20315      0.08386      0.11929
     -5.50722      0.46263      0.19142      0.27120
     -5.49722      0.63201      0.25827      0.37374
     -5.48722      0.72067      0.28980      0.43087
     -5.47722      0.79882      0.32158      0.47724
     -5.46722      0.86699      0.35272      0.51427
     -5.45722      0.77690      0.31573      0.46117
     -5.44722      0.52728      0.21121      0.31607
     -5.43722      0.38500      0.15201      0.23299
     -5.42722      0.38050      0.15151      0.22899
     -5.41722      0.49944      0.20092      0.29852
     -5.40722      0.56011      0.22380      0.33631
     -5.39722      0.41372      0.16467      0.24905
     -5.38722      0.42989      0.17311      0.25678
     -5.37722      0.51545      0.20904      0.30640
     -5.36722      0.55433      0.22770      0.32663
     -5.35722      0.69176      0.28740      0.40436
     -5.34722      0.78238      0.32468      0.45770
     -5.33722      0.65385      0.27087      0.38298
     -5.32722      0.56796      0.23110      0.33687
     -5.31722      0.65375      0.26005      0.39370
     -5.30722      0.57712      0.22722      0.34990
     -5.29722      0.37323      0.14594      0.22729
     -5.28722      0.21498      0.08437      0.13061
     -5.27722      0.32786      0.13088      0.19698
     -5.26722      0.61951      0.24848      0.37103
     -5.25722      0.76090      0.30250      0.45840
     -5.24722      0.70668      0.27516      0.43152
     -5.23722      0.69243      0.26739      0.42504
     -5.22722      0.79101      0.30714      0.48386
     -5.21722      0.89684      0.34939      0.54745
     -5.20722      1.09381      0.42685      0.66696
     -5.19722      1.07215      0.41578      0.65637
     -5.18722      0.86219      0.33205      0.53014
     -5.17722      0.93103      0.36248      0.56855
     -5.16722      1.11417      0.43863      0.67554
     -5.15722      1.09802      0.43051      0.66751
     -5.14722      0.96236      0.37564      0.58672
     -5.13722      0.85747      0.33629      0.52118
     -5.12722      0.84838      0.33437      0.51400
     -5.11722      0.79819      0.31626      0.48193
     -5.10722      0.75482      0.29338      0.46145
     -5.09722      0.83444      0.31532      0.51912
     -5.08722      0.99256      0.37565      0.61692
     -5.07722      0.95190      0.36790      0.58400
     -5.06722      0.80726      0.31681      0.49045
     -5.05722      0.77162      0.29674      0.47489
     -5.04722      0.66846      0.25064      0.41782
     -5.03722      0.44132      0.16352      0.27781
     -5.02722      0.41267      0.15775      0.25492
     -5.01722      0.77695      0.30060      0.47635
     -5.00722      1.14416      0.43980      0.70436
     -4.99722      1.34016      0.51914      0.82103
     -4.98722      1.28533      0.49901      0.78633
     -4.97722      0.89601      0.34173      0.55428
     -4.96722      0.69984      0.26163      0.43822
     -4.95722      0.82621      0.31095      0.51527
     -4.94722      0.94557      0.36251      0.58305
     -4.93722      0.87906      0.33981      0.53926
     -4.92722      0.81972      0.31926      0.50046
     -4.91722      0.93862      0.36554      0.57308
     -4.90722      1.02694      0.39417      0.63277
     -4.89722      1.08355      0.41487      0.66868
     -4.88722      1.05907      0.40848      0.65060
     -4.87722      0.94195      0.36402      0.57794
     -4.86722      0.93061      0.35818      0.57244
     -4.85722      0.91175      0.34481      0.56695
     -4.84722      0.90526      0.33933      0.56593
     -4.83722      0.80685      0.30672      0.50013
     -4.82722      0.79912      0.30981      0.48930
     -4.81722      0.89449      0.34961      0.54489
     -4.80722      0.79458      0.30723      0.48735
     -4.79722      0.88989      0.33646      0.55343
     -4.78722      1.25971      0.47926      0.78045
     -4.77722      1.29791      0.49676      0.80114
     -4.76722      0.99660      0.37629      0.62032
     -4.75722      0.71850      0.26381      0.45469
     -4.74722      0.60373      0.22058      0.38315
     -4.73722      0.77530      0.28957      0.48573
     -4.72722      1.01488      0.38404      0.63084
     -4.71722      0.99953      0.37652      0.62302
     -4.70722      0.95681      0.35924      0.59758
     -4.69722      0.92901      0.35706      0.57194
     -4.68722      0.99619      0.38856      0.60763
     -4.67722      1.20227      0.46540      0.73687
     -4.66722      1.24081      0.47506      0.76575
     -4.65722      1.29265      0.49054      0.80212
     -4.64722      1.31281      0.49910      0.81371
     -4.63722      0.99237      0.37536      0.61701
     -4.62722      0.65974      0.24549      0.41425
     -4.61722      0.57375      0.21167      0.36208
     -4.60722      0.65064      0.23852      0.41211
     -4.59722      0.80943      0.29616      0.51326
     -4.58722      1.03246      0.38156      0.65090
     -4.57722      1.31275      0.49497      0.81778
     -4.56722      1.44326      0.55242      0.89084
     -4.55722      1.25525      0.47789      0.77735
     -4.54722      1.01485      0.38070      0.63415
     -4.53722      0.72317      0.27371      0.44946
     -4.52722      0.73281      0.28087      0.45195
     -4.51722      1.09254      0.41026      0.68228
     -4.50722      1.31374      0.48476      0.82898
     -4.49722      1.35210      0.49996      0.85214
     -4.48722      1.20224      0.45081      0.75144
     -4.47722      1.02457      0.39083      0.63373
     -4.46722      0.93268      0.35740      0.57528
     -4.45722      0.81753      0.31106      0.50647
     -4.44722      1.02769      0.39167      0.63602
     -4.43722      1.53895      0.58215      0.95679
     -4.42722      1.70961      0.64073      1.06888
     -4.41722      1.38126      0.51060      0.87065
     -4.40722      1.13120      0.41550      0.71569
     -4.39722      1.05172      0.39261      0.65910
     -4.38722      0.99423      0.38001      0.61422
     -4.37722      1.05641      0.40237      0.65404
     -4.36722      1.13668      0.42072      0.71596
     -4.35722      1.28755      0.47000      0.81756
     -4.34722      1.33913      0.48645      0.85267
     -4.33722      1.19144      0.43374      0.75770
     -4.32722      1.18001      0.43451      0.74550
     -4.31722      1.37303      0.51027      0.86276
     -4.30722      1.72691      0.64746      1.07945
     -4.29722      2.14408      0.80357      1.34050
     -4.28722      2.06637      0.76908      1.29730
     -4.27722      1.53605      0.56382      0.97224
     -4.26722      1.08803      0.39562      0.69241
     -4.25722      1.06992      0.39546      0.67446
     -4.24722      1.20202      0.44800      0.75402
     -4.23722      1.27874      0.47797      0.80077
     -4.22722      1.29596      0.48574      0.81022
     -4.21722      1.22474      0.45953      0.76521
     -4.20722      1.18004      0.44315      0.73688
     -4.19722      1.19726      0.44934      0.74791
     -4.18722      1.32983      0.49811      0.83172
     -4.17722      1.50423      0.55306      0.95117
     -4.16722      1.36205      0.48974      0.87232
     -4.15722      1.17243      0.42381      0.74862
     -4.14722      1.10173      0.40874      0.69298
     -4.13722      1.00625      0.38069      0.62556
     -4.12722      1.08660      0.41343      0.67317
     -4.11722      1.22167      0.45901      0.76266
     -4.10722      1.27924      0.47395      0.80529
     -4.09722      1.30311      0.48166      0.82145
     -4.08722      1.03297      0.38086      0.65211
     -4.07722      0.80575      0.29343      0.51232
     -4.06722      0.89715      0.32342      0.57373
     -4.05722      1.01479      0.36812      0.64667
     -4.04722      0.83102      0.30873      0.52229
     -4.03722      0.73017      0.27480      0.45538
     -4.02722      0.83767      0.30895      0.52872
     -4.01722      1.02567      0.37792      0.64775
     -4.00722      1.22626      0.45751      0.76875
     -3.99722      1.27252      0.47626      0.79626
     -3.98722      1.24549      0.46081      0.78468
     -3.97722      0.99141      0.35957      0.63185
     -3.96722      0.78315      0.28318      0.49997
     -3.95722      0.98662      0.36082      0.62580
     -3.94722      1.09609      0.40050      0.69558
     -3.93722      1.01595      0.37096      0.64498
     -3.92722      0.96768      0.35706      0.61062
     -3.91722      0.84223      0.31181      0.53043
     -3.90722      0.83950      0.30982      0.52967
     -3.89722      1.05351      0.39153      0.66198
     -3.88722      1.26114      0.46540      0.79574
     -3.87722      1.12324      0.40450      0.71874
     -3.86722      0.67708      0.23855      0.43853
     -3.85722      0.49612      0.17777      0.31834
     -3.84722      0.88078      0.32303      0.55775
     -3.83722      1.18622      0.44161      0.74461
     -3.82722      0.90225      0.34086      0.56140
     -3.81722      0.58506      0.22220      0.36286
     -3.80722      0.70643      0.26602      0.44041
     -3.79722      1.04336      0.39035      0.65301
     -3.78722      1.22158      0.45424      0.76733
     -3.77722      1.32980      0.48788      0.84192
     -3.76722      1.37753      0.49842      0.87911
     -3.75722      1.16337      0.41574      0.74764
     -3.74722      0.73981      0.26090      0.47890
     -3.73722      0.47724      0.16754      0.30971
     -3.72722      0.49730      0.17373      0.32357
     -3.71722      0.67952      0.24176      0.43776
     -3.70722      0.92836      0.33927      0.58909
     -3.69722      1.00589      0.37644      0.62946
     -3.68722      0.90220      0.33859      0.56361
     -3.67722      0.85071      0.31008      0.54063
     -3.66722      0.84039      0.30463      0.53576
     -3.65722      0.80982      0.29409      0.51573
     -3.64722      0.83258      0.29493      0.53765
     -3.63722      0.99042      0.35385      0.63657
     -3.62722      1.14248      0.42155      0.72093
     -3.61722      1.04721      0.39009      0.65712
     -3.60722      0.76699      0.27979      0.48720
     -3.59722      0.57276      0.20567      0.36709
     -3.58722      0.47616      0.17445      0.30170
     -3.57722      0.60222      0.22496      0.37726
     -3.56722      0.99340      0.36517      0.62823
     -3.55722      1.27156      0.45847      0.81309
     -3.54722      1.15458      0.41014      0.74444
     -3.53722      0.88457      0.31456      0.57001
     -3.52722      0.69545      0.24673      0.44872
     -3.51722      0.64061      0.22343      0.41718
     -3.50722      0.68112      0.24088      0.44024
     -3.49722      0.67846      0.24291      0.43555
     -3.48722      0.66950      0.23977      0.42973
     -3.47722      0.81984      0.29892      0.52092
     -3.46722      1.17479      0.43458      0.74021
     -3.45722      1.29175      0.47661      0.81515
     -3.44722      1.09760      0.39980      0.69780
     -3.43722      0.80497      0.29195      0.51301
     -3.42722      0.71896      0.26328      0.45568
     -3.41722      0.78010      0.28468      0.49542
     -3.40722      0.61831      0.22352      0.39480
     -3.39722      0.46479      0.16536      0.29943
     -3.38722      0.65749      0.23128      0.42621
     -3.37722      0.93918      0.33636      0.60283
     -3.36722      0.85211      0.30653      0.54559
     -3.35722      0.61668      0.22351      0.39317
     -3.34722      0.59158      0.21301      0.37858
     -3.33722      0.77906      0.27006      0.50900
     -3.32722      1.00121      0.35076      0.65045
     -3.31722      1.03752      0.37244      0.66509
     -3.30722      1.02951      0.37174      0.65778
     -3.29722      1.14895      0.41152      0.73744
     -3.28722      1.08676      0.38740      0.69936
     -3.27722      0.66363      0.23764      0.42599
     -3.26722      0.39938      0.14009      0.25929
     -3.25722      0.40504      0.13746      0.26759
     -3.24722      0.54546      0.18933      0.35613
     -3.23722      0.68915      0.24320      0.44596
     -3.22722      0.68299      0.24323      0.43976
     -3.21722      0.70566      0.24991      0.45574
     -3.20722      1.00382      0.35330      0.65052
     -3.19722      1.05509      0.37105      0.68405
     -3.18722      0.78772      0.28248      0.50524
     -3.17722      0.73570      0.27245      0.46325
     -3.16722      0.78991      0.28858      0.50133
     -3.15722      0.81451      0.29351      0.52100
     -3.14722      0.72119      0.26873      0.45246
     -3.13722      0.65550      0.25048      0.40501
     -3.12722      0.78530      0.29244      0.49286
     -3.11722      1.03044      0.37016      0.66028
     -3.10722      1.03831      0.35883      0.67948
     -3.09722      0.90622      0.30003      0.60618
     -3.08722      0.75471      0.24839      0.50632
     -3.07722      0.68906      0.23243      0.45663
     -3.06722      0.76443      0.26600      0.49843
     -3.05722      0.66577      0.23647      0.42930
     -3.04722      0.57404      0.20490      0.36914
     -3.03722      0.60808      0.21604      0.39204
     -3.02722      0.75658      0.26115      0.49543
     -3.01722      0.73186      0.24801      0.48384
     -3.00722      0.42578      0.14246      0.28332
     -2.99722      0.33198      0.11364      0.21834
     -2.98722      0.60649      0.22073      0.38576
     -2.97722      1.02289      0.37089      0.65200
     -2.96722      1.21990      0.43126      0.78863
     -2.95722      1.10915      0.39195      0.71720
     -2.94722      0.85578      0.30657      0.54921
     -2.93722      0.92497      0.32631      0.59866
     -2.92722      1.05990      0.37265      0.68726
     -2.91722      0.73040      0.26183      0.46857
     -2.90722      0.38198      0.13558      0.24640
     -2.89722      0.42277      0.13907      0.28370
     -2.88722      0.51360      0.16726      0.34634
     -2.87722      0.39968      0.13632      0.26336
     -2.86722      0.40343      0.15139      0.25204
     -2.85722      0.57682      0.21244      0.36438
     -2.84722      0.88352      0.30453      0.57898
     -2.83722      1.21841      0.41050      0.80791
     -2.82722      1.20261      0.40404      0.79856
     -2.81722      0.91391      0.30857      0.60533
     -2.80722      0.72228      0.25272      0.46955
     -2.79722      0.63174      0.22304      0.40870
     -2.78722      0.50789      0.17190      0.33598
     -2.77722      0.51685      0.17704      0.33981
     -2.76722      0.65987      0.23702      0.42285
     -2.75722      0.87964      0.31553      0.56410
     -2.74722      1.09992      0.39012      0.70979
     -2.73722      1.09783      0.38612      0.71171
     -2.72722      0.81523      0.27804      0.53719
     -2.71722      0.55974      0.18279      0.37695
     -2.70722      0.52708      0.17807      0.34901
     -2.69722      0.63498      0.22119      0.41379
     -2.68722      0.65234      0.22180      0.43055
     -2.67722      0.52869      0.17133      0.35736
     -2.66722      0.50697      0.16618      0.34079
     -2.65722      0.65963      0.22824      0.43140
     -2.64722      0.81135      0.28265      0.52870
     -2.63722      0.72598      0.25426      0.47172
     -2.62722      0.51216      0.18400      0.32816
     -2.61722      0.51594      0.17751      0.33843
     -2.60722      0.60770      0.19770      0.41001
     -2.59722      0.66890      0.21801      0.45089
     -2.58722      0.75494      0.25107      0.50387
     -2.57722      0.70319      0.23707      0.46612
     -2.56722      0.68119      0.23346      0.44774
     -2.55722      0.98627      0.34025      0.64602
     -2.54722      1.46425      0.50651      0.95775
     -2.53722      1.36687      0.47102      0.89585
     -2.52722      0.90642      0.30905      0.59737
     -2.51722      0.60876      0.20998      0.39878
     -2.50722      0.44940      0.15252      0.29688
     -2.49722      0.39438      0.12674      0.26765
     -2.48722      0.27660      0.08816      0.18844
     -2.47722      0.37645      0.12467      0.25178
     -2.46722      0.68725      0.23069      0.45656
     -2.45722      0.88826      0.29764      0.59062
     -2.44722      0.94655      0.31558      0.63097
     -2.43722      0.82915      0.27533      0.55382
     -2.42722      0.64490      0.21755      0.42735
     -2.41722      0.40553      0.13999      0.26554
     -2.40722      0.36385      0.12212      0.24173
     -2.39722      0.60581      0.19826      0.40755
     -2.38722      0.72225      0.23597      0.48628
     -2.37722      0.64167      0.21415      0.42752
     -2.36722      0.72049      0.25293      0.46756
     -2.35722      1.06590      0.37829      0.68761
     -2.34722      0.96220      0.33846      0.62374
     -2.33722      0.62923      0.20984      0.41938
     -2.32722      0.68604      0.20763      0.47841
     -2.31722      0.80686      0.24050      0.56636
     -2.30722      0.73383      0.22754      0.50629
     -2.29722      0.56901      0.18509      0.38392
     -2.28722      0.49898      0.16779      0.33119
     -2.27722      0.58604      0.20317      0.38287
     -2.26722      0.91706      0.31876      0.59831
     -2.25722      1.12622      0.38160      0.74462
     -2.24722      0.96151      0.31459      0.64693
     -2.23722      0.60582      0.19079      0.41503
     -2.22722      0.39832      0.12578      0.27254
     -2.21722      0.40391      0.12796      0.27595
     -2.20722      0.46943      0.14782      0.32161
     -2.19722      0.60764      0.19810      0.40954
     -2.18722      0.88848      0.29606      0.59242
     -2.17722      1.09587      0.37009      0.72578
     -2.16722      0.97408      0.33095      0.64314
     -2.15722      0.73419      0.23847      0.49572
     -2.14722      0.55915      0.16775      0.39140
     -2.13722      0.37178      0.11536      0.25642
     -2.12722      0.36381      0.12968      0.23413
     -2.11722      0.53909      0.18733      0.35176
     -2.10722      0.66439      0.21190      0.45250
     -2.09722      0.68151      0.21281      0.46871
     -2.08722      0.60381      0.19756      0.40624
     -2.07722      0.56155      0.18697      0.37457
     -2.06722      0.74791      0.23582      0.51209
     -2.05722      0.88284      0.26894      0.61391
     -2.04722      0.81406      0.24864      0.56542
     -2.03722      0.88947      0.28046      0.60902
     -2.02722      1.05506      0.34170      0.71336
     -2.01722      1.05532      0.35146      0.70387
     -2.00722      0.81762      0.27876      0.53887
     -1.99722      0.55819      0.19138      0.36681
     -1.98722      0.43755      0.14434      0.29321
     -1.97722      0.43867      0.13086      0.30781
     -1.96722      0.61051      0.17744      0.43308
     -1.95722      0.73387      0.22059      0.51328
     -1.94722      0.60816      0.18871      0.41945
     -1.93722      0.58071      0.18460      0.39611
     -1.92722      0.80098      0.25621      0.54477
     -1.91722      0.82051      0.26270      0.55781
     -1.90722      0.61793      0.19427      0.42366
     -1.89722      0.59374      0.18180      0.41194
     -1.88722      0.62732      0.19820      0.42912
     -1.87722      0.81327      0.26665      0.54662
     -1.86722      0.93522      0.29974      0.63548
     -1.85722      0.67976      0.21290      0.46687
     -1.84722      0.36118      0.11937      0.24182
     -1.83722      0.31824      0.10845      0.20980
     -1.82722      0.57473      0.18306      0.39167
     -1.81722      0.85493      0.26852      0.58641
     -1.80722      0.78067      0.24384      0.53682
     -1.79722      0.68704      0.20402      0.48302
     -1.78722      0.86803      0.25106      0.61696
     -1.77722      0.95629      0.28351      0.67278
     -1.76722      0.87506      0.27095      0.60411
     -1.75722      0.86585      0.26884      0.59701
     -1.74722      0.86727      0.26345      0.60382
     -1.73722      0.70068      0.21048      0.49020
     -1.72722      0.52504      0.16295      0.36209
     -1.71722      0.41178      0.13237      0.27941
     -1.70722      0.40247      0.12616      0.27631
     -1.69722      0.60864      0.18532      0.42332
     -1.68722      0.82810      0.24740      0.58070
     -1.67722      0.87508      0.26191      0.61317
     -1.66722      0.85085      0.26426      0.58659
     -1.65722      0.89575      0.28078      0.61497
     -1.64722      0.82264      0.24791      0.57472
     -1.63722      0.54097      0.15596      0.38501
     -1.62722      0.49603      0.14404      0.35199
     -1.61722      0.67101      0.20281      0.46820
     -1.60722      0.66813      0.20578      0.46234
     -1.59722      0.64750      0.19125      0.45625
     -1.58722      0.68853      0.20122      0.48731
     -1.57722      0.60962      0.19320      0.41642
     -1.56722      0.45795      0.15327      0.30468
     -1.55722      0.54562      0.16926      0.37637
     -1.54722      0.76057      0.22241      0.53816
     -1.53722      0.82246      0.23485      0.58761
     -1.52722      0.91643      0.26128      0.65515
     -1.51722      1.00593      0.28313      0.72281
     -1.50722      0.88765      0.24914      0.63851
     -1.49722      0.72206      0.20483      0.51723
     -1.48722      0.66701      0.17759      0.48943
     -1.47722      0.58680      0.14710      0.43970
     -1.46722      0.39923      0.09845      0.30078
     -1.45722      0.24788      0.06099      0.18689
     -1.44722      0.23905      0.05846      0.18059
     -1.43722      0.39769      0.09633      0.30136
     -1.42722      0.58403      0.14089      0.44313
     -1.41722      0.56271      0.13551      0.42721
     -1.40722      0.45705      0.11023      0.34683
     -1.39722      0.46977      0.11346      0.35632
     -1.38722      0.55861      0.13456      0.42406
     -1.37722      0.48314      0.11603      0.36711
     -1.36722      0.37602      0.08978      0.28624
     -1.35722      0.47461      0.11260      0.36202
     -1.34722      0.51989      0.12281      0.39707
     -1.33722      0.37646      0.08857      0.28789
     -1.32722      0.34593      0.08122      0.26471
     -1.31722      0.38088      0.08894      0.29194
     -1.30722      0.38857      0.08995      0.29862
     -1.29722      0.37971      0.08762      0.29210
     -1.28722      0.37436      0.08654      0.28781
     -1.27722      0.58182      0.13483      0.44698
     -1.26722      0.84540      0.19628      0.64911
     -1.25722      0.82923      0.19236      0.63687
     -1.24722      0.68604      0.15837      0.52766
     -1.23722      0.63844      0.14653      0.49191
     -1.22722      0.53105      0.12146      0.40960
     -1.21722      0.46393      0.10517      0.35875
     -1.20722      0.57343      0.12853      0.44489
     -1.19722      0.61720      0.13774      0.47947
     -1.18722      0.54067      0.12049      0.42018
     -1.17722      0.47083      0.10450      0.36633
     -1.16722      0.43167      0.09522      0.33645
     -1.15722      0.38650      0.08523      0.30128
     -1.14722      0.50101      0.11062      0.39039
     -1.13722      0.73613      0.16207      0.57407
     -1.12722      0.75516      0.16538      0.58978
     -1.11722      0.65603      0.14249      0.51353
     -1.10722      0.59103      0.12742      0.46360
     -1.09722      0.49412      0.10617      0.38795
     -1.08722      0.47078      0.10023      0.37055
     -1.07722      0.58401      0.12339      0.46062
     -1.06722      0.49993      0.10514      0.39480
     -1.05722      0.38522      0.08068      0.30454
     -1.04722      0.43558      0.09049      0.34509
     -1.03722      0.55032      0.11363      0.43669
     -1.02722      0.80625      0.16792      0.63833
     -1.01722      1.09748      0.23075      0.86672
     -1.00722      1.07085      0.22494      0.84591
     -0.99722      0.94550      0.19636      0.74915
     -0.98722      0.90768      0.18588      0.72180
     -0.97722      0.86338      0.17488      0.68849
     -0.96722      0.82245      0.16520      0.65726
     -0.95722      0.78609      0.15659      0.62950
     -0.94722      0.80315      0.15831      0.64484
     -0.93722      0.86143      0.16809      0.69334
     -0.92722      0.93238      0.18017      0.75221
     -0.91722      1.10258      0.21144      0.89114
     -0.90722      1.29290      0.24832      1.04459
     -0.89722      1.13602      0.22084      0.91517
     -0.88722      0.80117      0.15719      0.64398
     -0.87722      0.70053      0.13582      0.56470
     -0.86722      0.79174      0.15093      0.64081
     -0.85722      0.75148      0.14175      0.60973
     -0.84722      0.47820      0.08918      0.38902
     -0.83722      0.29676      0.05446      0.24230
     -0.82722      0.27280      0.04964      0.22317
     -0.81722      0.33473      0.06077      0.27396
     -0.80722      0.53860      0.09827      0.44033
     -0.79722      1.10602      0.20524      0.90077
     -0.78722      1.88232      0.35385      1.52847
     -0.77722      1.70766      0.32184      1.38582
     -0.76722      0.77228      0.14391      0.62836
     -0.75722      0.29439      0.05295      0.24144
     -0.74722      0.20891      0.03662      0.17230
     -0.73722      0.26428      0.04610      0.21818
     -0.72722      0.29089      0.05071      0.24018
     -0.71722      0.31746      0.05523      0.26223
     -0.70722      0.36798      0.06418      0.30380
     -0.69722      0.47519      0.08334      0.39185
     -0.68722      0.70693      0.12477      0.58217
     -0.67722      0.83434      0.14714      0.68720
     -0.66722      0.61524      0.10725      0.50800
     -0.65722      0.32629      0.05572      0.27057
     -0.64722      0.25715      0.04321      0.21395
     -0.63722      0.30615      0.05110      0.25505
     -0.62722      0.38294      0.06368      0.31926
     -0.61722      0.47297      0.07849      0.39448
     -0.60722      0.54529      0.09046      0.45483
     -0.59722      0.65320      0.10855      0.54465
     -0.58722      0.81825      0.13680      0.68145
     -0.57722      0.92981      0.15570      0.77411
     -0.56722      0.74633      0.12362      0.62271
     -0.55722      0.36220      0.05879      0.30341
     -0.54722      0.16290      0.02577      0.13713
     -0.53722      0.23920      0.03736      0.20184
     -0.52722      0.31390      0.04878      0.26512
     -0.51722      0.34591      0.05328      0.29263
     -0.50722      0.44219      0.06799      0.37421
     -0.49722      0.41894      0.06468      0.35425
     -0.48722      0.43661      0.06759      0.36902
     -0.47722      0.47833      0.07359      0.40474
     -0.46722      0.37925      0.05746      0.32179
     -0.45722      0.30011      0.04453      0.25558
     -0.44722      0.32782      0.04799      0.27983
     -0.43722      0.39248      0.05709      0.33539
     -0.42722      0.42188      0.06104      0.36084
     -0.41722      0.42107      0.06086      0.36021
     -0.40722      0.45151      0.06529      0.38622
     -0.39722      0.64239      0.09218      0.55021
     -0.38722      0.72034      0.10250      0.61784
     -0.37722      0.39981      0.05653      0.34328
     -0.36722      0.14027      0.01940      0.12086
     -0.35722      0.20277      0.02722      0.17555
     -0.34722      0.32426      0.04336      0.28090
     -0.33722      0.34601      0.04580      0.30021
     -0.32722      0.39210      0.05156      0.34054
     -0.31722      0.39730      0.05231      0.34499
     -0.30722      0.33964      0.04448      0.29516
     -0.29722      0.29852      0.03841      0.26011
     -0.28722      0.26243      0.03311      0.22932
     -0.27722      0.27488      0.03421      0.24067
     -0.26722      0.35315      0.04345      0.30970
     -0.25722      0.45468      0.05544      0.39924
     -0.24722      0.53749      0.06507      0.47242
     -0.23722      0.49521      0.05978      0.43543
     -0.22722      0.31194      0.03730      0.27464
     -0.21722      0.27162      0.03144      0.24017
     -0.20722      0.27768      0.03174      0.24593
     -0.19722      0.18195      0.02056      0.16139
     -0.18722      0.24584      0.02718      0.21866
     -0.17722      0.37898      0.04156      0.33741
     -0.16722      0.38500      0.04166      0.34335
     -0.15722      0.32821      0.03498      0.29322
     -0.14722      0.24790      0.02603      0.22187
     -0.13722      0.27995      0.02879      0.25116
     -0.12722      0.39512      0.04010      0.35502
     -0.11722      0.40687      0.04086      0.36601
     -0.10722      0.30881      0.03048      0.27833
     -0.09722      0.25057      0.02411      0.22646
     -0.08722      0.25829      0.02434      0.23395
     -0.07722      0.27974      0.02594      0.25379
     -0.06722      0.26930      0.02455      0.24475
     -0.05722      0.27428      0.02436      0.24992
     -0.04722      0.35309      0.03072      0.32237
     -0.03722      0.34243      0.02944      0.31299
     -0.02722      0.24405      0.02051      0.22354
     -0.01722      0.23880      0.01945      0.21934
     -0.00722      0.22636      0.01819      0.20818
      0.00278      0.11772      0.00940      0.10832
      0.01278      0.02720      0.00216      0.02503
      0.02278      0.00250      0.00020      0.00230
      0.03278      0.00009      0.00001      0.00008
      0.04278      0.00000      0.00000      0.00000
      0.05278      0.00000      0.00000      0.00000
      0.06278      0.00000      0.00000      0.00000
      0.07278      0.00000      0.00000      0.00000
      0.08278      0.00000      0.00000      0.00000
      0.09278      0.00000      0.00000      0.00000
      0.10278      0.00000      0.00000      0.00000
      0.11278      0.00000      0.00000      0.00000
      0.12278      0.00000      0.00000      0.00000
      0.13278      0.00000      0.00000      0.00000
      0.14278      0.00000      0.00000      0.00000
      0.15278      0.00000      0.00000      0.00000
      0.16278      0.00000      0.00000      0.00000
      0.17278      0.00000      0.00000      0.00000
      0.18278      0.00000      0.00000      0.00000
      0.19278      0.00000      0.00000      0.00000
      0.20278      0.00000      0.00000      0.00000
      0.21278      0.00000      0.00000      0.00000
      0.22278      0.00000      0.00000      0.00000
      0.23278      0.00000      0.00000      0.00000
      0.24278      0.00000      0.00000      0.00000
      0.25278      0.00000      0.00000      0.00000
      0.26278      0.00000      0.00000      0.00000
      0.27278      0.00000      0.00000      0.00000
      0.28278      0.00000      0.00000      0.00000
      0.29278      0.00000      0.00000      0.00000
      0.30278      0.00000      0.00000      0.00000
      0.31278      0.00000      0.00000      0.00000
      0.32278      0.00000      0.00000      0.00000
      0.33278      0.00000      0.00000      0.00000
      0.34278      0.00000      0.00000      0.00000
      0.35278      0.00000      0.00000      0.00000
      0.36278      0.00000      0.00000      0.00000
      0.37278      0.00000      0.00000      0.00000
      0.38278      0.00000      0.00000      0.00000
      0.39278      0.00000      0.00000      0.00000
      0.40278      0.00000      0.00000      0.00000
      0.41278      0.00000      0.00000      0.00000
      0.42278      0.00000      0.00000      0.00000
      0.43278      0.00000      0.00000      0.00000
      0.44278      0.00000      0.00000      0.00000
      0.45278      0.00000      0.00000      0.00000
      0.46278      0.00000      0.00000      0.00000
      0.47278      0.00000      0.00000      0.00000
      0.48278      0.00000      0.00000      0.00000
      0.49278      0.00000      0.00000      0.00000
      0.50278      0.00000      0.00000      0.00000
      0.51278      0.00000      0.00000      0.00000
      0.52278      0.00000      0.00000      0.00000
      0.53278      0.00000      0.00000      0.00000
      0.54278      0.00000      0.00000      0.00000
      0.55278      0.00000      0.00000      0.00000
      0.56278      0.00000      0.00000      0.00000
      0.57278      0.00000      0.00000      0.00000
      0.58278      0.00000      0.00000      0.00000
      0.59278      0.00000      0.00000      0.00000
      0.60278      0.00000      0.00000      0.00000
      0.61278      0.00000      0.00000      0.00000
      0.62278      0.00000      0.00000      0.00000
      0.63278      0.00000      0.00000      0.00000
      0.64278      0.00000      0.00000      0.00000
      0.65278      0.00000      0.00000      0.00000
      0.66278      0.00000      0.00000      0.00000
      0.67278      0.00000      0.00000      0.00000
      0.68278      0.00000      0.00000      0.00000
      0.69278      0.00000      0.00000      0.00000
      0.70278      0.00000      0.00000      0.00000
      0.71278      0.00000      0.00000      0.00000
      0.72278      0.00000      0.00000      0.00000
      0.73278      0.00000      0.00000      0.00000
      0.74278      0.00000      0.00000      0.00000
      0.75278      0.00000      0.00000      0.00000
      0.76278      0.00000      0.00000      0.00000
      0.77278      0.00000      0.00000      0.00000
      0.78278      0.00000      0.00000      0.00000
      0.79278      0.00000      0.00000      0.00000
      0.80278      0.00000      0.00000      0.00000
      0.81278      0.00000      0.00000      0.00000
      0.82278      0.00000      0.00000      0.00000
      0.83278      0.00000      0.00000      0.00000
      0.84278      0.00000      0.00000      0.00000
      0.85278      0.00000      0.00000      0.00000
      0.86278      0.00000      0.00000      0.00000
      0.87278      0.00000      0.00000      0.00000
      0.88278      0.00000      0.00000      0.00000
      0.89278      0.00000      0.00000      0.00000
      0.90278      0.00000      0.00000      0.00000
      0.91278      0.00000      0.00000      0.00000
      0.92278      0.00000      0.00000      0.00000
      0.93278      0.00000      0.00000      0.00000
      0.94278      0.00000      0.00000      0.00000
      0.95278      0.00000      0.00000      0.00000
      0.96278      0.00000      0.00000      0.00000
      0.97278      0.00000      0.00000      0.00000
      0.98278      0.00000      0.00000      0.00000
      0.99278      0.00000      0.00000      0.00000
      1.00278      0.00000      0.00000      0.00000
      1.01278      0.00000      0.00000      0.00000
      1.02278      0.00000      0.00000      0.00000
      1.03278      0.00000      0.00000      0.00000
      1.04278      0.00000      0.00000      0.00000
      1.05278      0.00000      0.00000      0.00000
      1.06278      0.00000      0.00000      0.00000
      1.07278      0.00000      0.00000      0.00000
      1.08278      0.00000      0.00000      0.00000
      1.09278      0.00000      0.00000      0.00000
      1.10278      0.00000      0.00000      0.00000
      1.11278      0.00000      0.00000      0.00000
      1.12278      0.00000      0.00000      0.00000
      1.13278      0.00000      0.00000      0.00000
      1.14278      0.00000      0.00000      0.00000
      1.15278      0.00000      0.00000      0.00000
      1.16278      0.00000      0.00000      0.00000
      1.17278      0.00000      0.00000      0.00000
      1.18278      0.00000      0.00000      0.00000
      1.19278      0.00000      0.00000      0.00000
      1.20278      0.00000      0.00000      0.00000
      1.21278      0.00000      0.00000      0.00000
      1.22278      0.00000      0.00000      0.00000
      1.23278      0.00000      0.00000      0.00000
      1.24278      0.00000      0.00000      0.00000
      1.25278      0.00000      0.00000      0.00000
      1.26278      0.00000      0.00000      0.00000
      1.27278      0.00000      0.00000      0.00000
      1.28278      0.00000      0.00000      0.00000
      1.29278      0.00000      0.00000      0.00000
      1.30278      0.00000      0.00000      0.00000
      1.31278      0.00000      0.00000      0.00000
      1.32278      0.00000      0.00000      0.00000
      1.33278      0.00000      0.00000      0.00000
      1.34278      0.00000      0.00000      0.00000
      1.35278      0.00000      0.00000      0.00000
      1.36278      0.00000      0.00000      0.00000
      1.37278      0.00000      0.00000      0.00000
      1.38278      0.00000      0.00000      0.00000
      1.39278      0.00000      0.00000      0.00000
      1.40278      0.00000      0.00000      0.00000
      1.41278      0.00000      0.00000      0.00000
      1.42278      0.00000      0.00000      0.00000
      1.43278      0.00000      0.00000      0.00000
      1.44278      0.00000      0.00000      0.00000
      1.45278      0.00000      0.00000      0.00000
      1.46278      0.00000      0.00000      0.00000
      1.47278      0.00000      0.00000      0.00000
      1.48278      0.00000      0.00000      0.00000
      1.49278      0.00000      0.00000      0.00000
      1.50278      0.00000      0.00000      0.00000
      1.51278      0.00000      0.00000      0.00000
      1.52278      0.00000      0.00000      0.00000
      1.53278      0.00000      0.00000      0.00000
      1.54278      0.00000      0.00000      0.00000
      1.55278      0.00000      0.00000      0.00000
      1.56278      0.00000      0.00000      0.00000
      1.57278      0.00000      0.00000      0.00000
      1.58278      0.00000      0.00000      0.00000
      1.59278      0.00000      0.00000      0.00000
      1.60278      0.00000      0.00000      0.00000
      1.61278      0.00000      0.00000      0.00000
      1.62278      0.00000      0.00000      0.00000
      1.63278      0.00000      0.00000      0.00000
      1.64278      0.00000      0.00000      0.00000
      1.65278      0.00000      0.00000      0.00000
      1.66278      0.00000      0.00000      0.00000
      1.67278      0.00000      0.00000      0.00000
      1.68278      0.00000      0.00000      0.00000
      1.69278      0.00000      0.00000      0.00000
      1.70278      0.00000      0.00000      0.00000
      1.71278      0.00000      0.00000      0.00000
      1.72278      0.00000      0.00000      0.00000
      1.73278      0.00000      0.00000      0.00000
      1.74278      0.00000      0.00000      0.00000
      1.75278      0.00000      0.00000      0.00000
      1.76278      0.00000      0.00000      0.00000
      1.77278      0.00000      0.00000      0.00000
      1.78278      0.00000      0.00000      0.00000
      1.79278      0.00000      0.00000      0.00000
      1.80278      0.00000      0.00000      0.00000
      1.81278      0.00000      0.00000      0.00000
      1.82278      0.00000      0.00000      0.00000
      1.83278      0.00000      0.00000      0.00000
      1.84278      0.00000      0.00000      0.00000
      1.85278      0.00000      0.00000      0.00000
      1.86278      0.00000      0.00000      0.00000
      1.87278      0.00000      0.00000      0.00000
      1.88278      0.00000      0.00000      0.00000
      1.89278      0.00000      0.00000      0.00000
      1.90278      0.00000      0.00000      0.00000
      1.91278      0.00000      0.00000      0.00000
      1.92278      0.00000      0.00000      0.00000
      1.93278      0.00000      0.00000      0.00000
      1.94278      0.00000      0.00000      0.00000
      1.95278      0.00000      0.00000      0.00000
      1.96278      0.00000      0.00000      0.00000
      1.97278      0.00000      0.00000      0.00000
      1.98278      0.00000      0.00000      0.00000
      1.99278      0.00000      0.00000      0.00000
      2.00278      0.00000      0.00000      0.00000
      2.01278      0.00000      0.00000      0.00000
      2.02278      0.00000      0.00000      0.00000
      2.03278      0.00000      0.00000      0.00000
      2.04278      0.00000      0.00000      0.00000
      2.05278      0.00000      0.00000      0.00000
      2.06278      0.00000      0.00000      0.00000
      2.07278      0.00000      0.00000      0.00000
      2.08278      0.00000      0.00000      0.00000
      2.09278      0.00000      0.00000      0.00000
      2.10278      0.00000      0.00000      0.00000
      2.11278      0.00000      0.00000      0.00000
      2.12278      0.00000      0.00000      0.00000
      2.13278      0.00000      0.00000      0.00000
      2.14278      0.00000      0.00000      0.00000
      2.15278      0.00000      0.00000      0.00000
      2.16278      0.00000      0.00000      0.00000
      2.17278      0.00000      0.00000      0.00000
      2.18278      0.00000      0.00000      0.00000
      2.19278      0.00000      0.00000      0.00000
      2.20278      0.00000      0.00000      0.00000
      2.21278      0.00000      0.00000      0.00000
      2.22278      0.00000      0.00000      0.00000
      2.23278      0.00000      0.00000      0.00000
      2.24278      0.00000      0.00000      0.00000
      2.25278      0.00000      0.00000      0.00000
      2.26278      0.00000      0.00000      0.00000
      2.27278      0.00000      0.00000      0.00000
      2.28278      0.00000      0.00000      0.00000
      2.29278      0.00000      0.00000      0.00000
      2.30278      0.00000      0.00000      0.00000
      2.31278      0.00000      0.00000      0.00000
      2.32278      0.00000      0.00000      0.00000
      2.33278      0.00000      0.00000      0.00000
      2.34278      0.00000      0.00000      0.00000
      2.35278      0.00000      0.00000      0.00000
      2.36278      0.00000      0.00000      0.00000
      2.37278      0.00000      0.00000      0.00000
      2.38278      0.00000      0.00000      0.00000
      2.39278      0.00000      0.00000      0.00000
      2.40278      0.00000      0.00000      0.00000
      2.41278      0.00000      0.00000      0.00000
      2.42278      0.00000      0.00000      0.00000
      2.43278      0.00000      0.00000      0.00000
      2.44278      0.00000      0.00000      0.00000
      2.45278      0.00000      0.00000      0.00000
      2.46278      0.00000      0.00000      0.00000
      2.47278      0.00000      0.00000      0.00000
      2.48278      0.00000      0.00000      0.00000
      2.49278      0.00000      0.00000      0.00000
      2.50278      0.00000      0.00000      0.00000
      2.51278      0.00000      0.00000      0.00000
      2.52278      0.00000      0.00000      0.00000
      2.53278      0.00000      0.00000      0.00000
      2.54278      0.00000      0.00000      0.00000
      2.55278      0.00000      0.00000      0.00000
      2.56278      0.00000      0.00000      0.00000
      2.57278      0.00000      0.00000      0.00000
      2.58278      0.00000      0.00000      0.00000
      2.59278      0.00000      0.00000      0.00000
      2.60278      0.00000      0.00000      0.00000
      2.61278      0.00000      0.00000      0.00000
      2.62278      0.00000      0.00000      0.00000
      2.63278      0.00000      0.00000      0.00000
      2.64278      0.00000      0.00000      0.00000
      2.65278      0.00000      0.00000      0.00000
      2.66278      0.00000      0.00000      0.00000
      2.67278      0.00000      0.00000      0.00000
      2.68278      0.00000      0.00000      0.00000
      2.69278      0.00000      0.00000      0.00000
      2.70278      0.00000      0.00000      0.00000
      2.71278      0.00000      0.00000      0.00000
      2.72278      0.00000      0.00000      0.00000
      2.73278      0.00000      0.00000      0.00000
      2.74278      0.00000      0.00000      0.00000
      2.75278      0.00000      0.00000      0.00000
      2.76278      0.00000      0.00000      0.00000
      2.77278      0.00000      0.00000      0.00000
      2.78278      0.00000      0.00000      0.00000
      2.79278      0.00000      0.00000      0.00000
      2.80278      0.00000      0.00000      0.00000
      2.81278      0.00000      0.00000      0.00000
      2.82278      0.00000      0.00000      0.00000
      2.83278      0.00000      0.00000      0.00000
      2.84278      0.00000      0.00000      0.00000
      2.85278      0.00000      0.00000      0.00000
      2.86278      0.00000      0.00000      0.00000
      2.87278      0.00000      0.00000      0.00000
      2.88278      0.00000      0.00000      0.00000
      2.89278      0.00000      0.00000      0.00000
      2.90278      0.00000      0.00000      0.00000
      2.91278      0.00000      0.00000      0.00000
      2.92278      0.00000      0.00000      0.00000
      2.93278      0.00000      0.00000      0.00000
      2.94278      0.00000      0.00000      0.00000
      2.95278      0.00000      0.00000      0.00000
      2.96278      0.00000      0.00000      0.00000
      2.97278      0.00000      0.00000      0.00000
      2.98278      0.00000      0.00000      0.00000
      2.99278      0.00000      0.00000      0.00000
      3.00278      0.00000      0.00000      0.00000
      3.01278      0.00000      0.00000      0.00000
      3.02278      0.00000      0.00000      0.00000
      3.03278      0.00000      0.00000      0.00000
      3.04278      0.00000      0.00000      0.00000
      3.05278      0.00000      0.00000      0.00000
      3.06278      0.00000      0.00000      0.00000
      3.07278      0.00000      0.00000      0.00000
      3.08278      0.00000      0.00000      0.00000
      3.09278      0.00000      0.00000      0.00000
      3.10278      0.00000      0.00000      0.00000
      3.11278      0.00000      0.00000      0.00000
      3.12278      0.00000      0.00000      0.00000
      3.13278      0.00000      0.00000      0.00000
      3.14278      0.00000      0.00000      0.00000
      3.15278      0.00000      0.00000      0.00000
      3.16278      0.00000      0.00000      0.00000
      3.17278      0.00000      0.00000      0.00000
      3.18278      0.00000      0.00000      0.00000
      3.19278      0.00000      0.00000      0.00000
      3.20278      0.00000      0.00000      0.00000
      3.21278      0.00000      0.00000      0.00000
      3.22278      0.00000      0.00000      0.00000
      3.23278      0.00000      0.00000      0.00000
      3.24278      0.00000      0.00000      0.00000
      3.25278      0.00000      0.00000      0.00000
      3.26278      0.00000      0.00000      0.00000
      3.27278      0.00000      0.00000      0.00000
      3.28278      0.00000      0.00000      0.00000
      3.29278      0.00000      0.00000      0.00000
      3.30278      0.00000      0.00000      0.00000
      3.31278      0.00000      0.00000      0.00000
      3.32278      0.00000      0.00000      0.00000
      3.33278      0.00000      0.00000      0.00000
      3.34278      0.00000      0.00000      0.00000
      3.35278      0.00000      0.00000      0.00000
      3.36278      0.00000      0.00000      0.00000
      3.37278      0.00000      0.00000      0.00000
      3.38278      0.00000      0.00000      0.00000
      3.39278      0.00000      0.00000      0.00000
      3.40278      0.00000      0.00000      0.00000
      3.41278      0.00000      0.00000      0.00000
      3.42278      0.00000      0.00000      0.00000
      3.43278      0.00000      0.00000      0.00000
      3.44278      0.00000      0.00000      0.00000
      3.45278      0.00000      0.00000      0.00000
      3.46278      0.00000      0.00000      0.00000
      3.47278      0.00000      0.00000      0.00000
      3.48278      0.00000      0.00000      0.00000
      3.49278      0.00000      0.00000      0.00000
      3.50278      0.00000      0.00000      0.00000
      3.51278      0.00000      0.00000      0.00000
      3.52278      0.00000      0.00000      0.00000
      3.53278      0.00000      0.00000      0.00000
      3.54278      0.00000      0.00000      0.00000
      3.55278      0.00000      0.00000      0.00000
      3.56278      0.00000      0.00000      0.00000
      3.57278      0.00000      0.00000      0.00000
      3.58278      0.00000      0.00000      0.00000
      3.59278      0.00000      0.00000      0.00000
      3.60278      0.00000      0.00000      0.00000
      3.61278      0.00000      0.00000      0.00000
      3.62278      0.00000      0.00000      0.00000
      3.63278      0.00000      0.00000      0.00000
      3.64278      0.00000      0.00000      0.00000
      3.65278      0.00000      0.00000      0.00000
      3.66278      0.00000      0.00000      0.00000
      3.67278      0.00000      0.00000      0.00000
      3.68278      0.00000      0.00000      0.00000
      3.69278      0.00000      0.00000      0.00000
      3.70278      0.00000      0.00000      0.00000
      3.71278      0.00000      0.00000      0.00000
      3.72278      0.00000      0.00000      0.00000
      3.73278      0.00000      0.00000      0.00000
      3.74278      0.00000      0.00000      0.00000
      3.75278      0.00000      0.00000      0.00000
      3.76278      0.00000      0.00000      0.00000
      3.77278      0.00000      0.00000      0.00000
      3.78278      0.00000      0.00000      0.00000
      3.79278      0.00000      0.00000      0.00000
      3.80278      0.00000      0.00000      0.00000
      3.81278      0.00000      0.00000      0.00000
      3.82278      0.00000      0.00000      0.00000
      3.83278      0.00000      0.00000      0.00000
      3.84278      0.00000      0.00000      0.00000
      3.85278      0.00000      0.00000      0.00000
      3.86278      0.00000      0.00000      0.00000
      3.87278      0.00000      0.00000      0.00000
      3.88278      0.00000      0.00000      0.00000
      3.89278      0.00000      0.00000      0.00000
      3.90278      0.00000      0.00000      0.00000
      3.91278      0.00000      0.00000      0.00000
      3.92278      0.00000      0.00000      0.00000
      3.93278      0.00000      0.00000      0.00000
      3.94278      0.00000      0.00000      0.00000
      3.95278      0.00000      0.00000      0.00000
      3.96278      0.00000      0.00000      0.00000
      3.97278      0.00000      0.00000      0.00000
      3.98278      0.00000      0.00000      0.00000
      3.99278      0.00000      0.00000      0.00000
      4.00278      0.00000      0.00000      0.00000
      4.01278      0.00000      0.00000      0.00000
      4.02278      0.00000      0.00000      0.00000
      4.03278      0.00000      0.00000      0.00000
      4.04278      0.00000      0.00000      0.00000
      4.05278      0.00000      0.00000      0.00000
      4.06278      0.00000      0.00000      0.00000
      4.07278      0.00000      0.00000      0.00000
      4.08278      0.00000      0.00000      0.00000
      4.09278      0.00000      0.00000      0.00000
      4.10278      0.00000      0.00000      0.00000
      4.11278      0.00000      0.00000      0.00000
      4.12278      0.00000      0.00000      0.00000
      4.13278      0.00000      0.00000      0.00000
      4.14278      0.00000      0.00000      0.00000
      4.15278      0.00000      0.00000      0.00000
      4.16278      0.00000      0.00000      0.00000
      4.17278      0.00000      0.00000      0.00000
      4.18278      0.00000      0.00000      0.00000
      4.19278      0.00000      0.00000      0.00000
      4.20278      0.00000      0.00000      0.00000
      4.21278      0.00000      0.00000      0.00000
      4.22278      0.00000      0.00000      0.00000
      4.23278      0.00000      0.00000      0.00000
      4.24278      0.00000      0.00000      0.00000
      4.25278      0.00000      0.00000      0.00000
      4.26278      0.00000      0.00000      0.00000
      4.27278      0.00000      0.00000      0.00000
      4.28278      0.00000      0.00000      0.00000
      4.29278      0.00000      0.00000      0.00000
      4.30278      0.00000      0.00000      0.00000
      4.31278      0.00000      0.00000      0.00000
      4.32278      0.00000      0.00000      0.00000
      4.33278      0.00000      0.00000      0.00000
      4.34278      0.00000      0.00000      0.00000
      4.35278      0.00000      0.00000      0.00000
      4.36278      0.00000      0.00000      0.00000
      4.37278      0.00000      0.00000      0.00000
      4.38278      0.00000      0.00000      0.00000
      4.39278      0.00000      0.00000      0.00000
      4.40278      0.00000      0.00000      0.00000
      4.41278      0.00000      0.00000      0.00000
      4.42278      0.00000      0.00000      0.00000
      4.43278      0.00000      0.00000      0.00000
      4.44278      0.00000      0.00000      0.00000
      4.45278      0.00000      0.00000      0.00000
      4.46278      0.00000      0.00000      0.00000
      4.47278      0.00000      0.00000      0.00000
      4.48278      0.00000      0.00000      0.00000
      4.49278      0.00000      0.00000      0.00000
      4.50278      0.00000      0.00000      0.00000
      4.51278      0.00000      0.00000      0.00000
      4.52278      0.00000      0.00000      0.00000
      4.53278      0.00000      0.00000      0.00000
      4.54278      0.00000      0.00000      0.00000
      4.55278      0.00000      0.00000      0.00000
      4.56278      0.00000      0.00000      0.00000
      4.57278      0.00000      0.00000      0.00000
      4.58278      0.00000      0.00000      0.00000
      4.59278      0.00000      0.00000      0.00000
      4.60278      0.00000      0.00000      0.00000
      4.61278      0.00000      0.00000      0.00000
      4.62278      0.00000      0.00000      0.00000
      4.63278      0.00002      0.00001      0.00000
      4.64278      0.00074      0.00066      0.00008
      4.65278      0.01216      0.01084      0.00132
      4.66278      0.07843      0.06988      0.00855
      4.67278      0.21429      0.19082      0.02347
      4.68278      0.30029      0.26699      0.03330
      4.69278      0.33694      0.29865      0.03829
      4.70278      0.41435      0.36622      0.04814
      4.71278      0.43301      0.38179      0.05121
      4.72278      0.39265      0.34499      0.04766
      4.73278      0.40412      0.35385      0.05027
      4.74278      0.38116      0.33287      0.04829
      4.75278      0.29298      0.25497      0.03801
      4.76278      0.35682      0.30903      0.04779
      4.77278      0.64653      0.55909      0.08744
      4.78278      0.71153      0.61410      0.09743
      4.79278      0.51359      0.44094      0.07265
      4.80278      0.38854      0.33118      0.05737
      4.81278      0.46107      0.39190      0.06917
      4.82278      0.62345      0.52941      0.09404
      4.83278      0.52463      0.44341      0.08122
      4.84278      0.36567      0.30299      0.06268
      4.85278      0.71793      0.57843      0.13950
      4.86278      1.62797      1.30235      0.32562
      4.87278      2.34861      1.87277      0.47583
      4.88278      2.56953      2.03653      0.53299
      4.89278      2.27839      1.78677      0.49161
      4.90278      1.79767      1.40106      0.39661
      4.91278      1.46127      1.14011      0.32116
      4.92278      1.18708      0.92960      0.25748
      4.93278      1.07954      0.84819      0.23135
      4.94278      1.28124      1.00424      0.27700
      4.95278      1.45304      1.13246      0.32058
      4.96278      1.23392      0.95891      0.27501
      4.97278      0.79487      0.61921      0.17566
      4.98278      0.72198      0.56324      0.15875
      4.99278      0.91382      0.71293      0.20089
      5.00278      0.84140      0.66018      0.18122
      5.01278      0.77825      0.61418      0.16407
      5.02278      1.12992      0.88153      0.24840
      5.03278      1.46892      1.13368      0.33524
      5.04278      1.18063      0.90926      0.27137
      5.05278      0.55278      0.42773      0.12505
      5.06278      0.25141      0.19426      0.05714
      5.07278      0.49303      0.37737      0.11566
      5.08278      0.80015      0.61185      0.18830
      5.09278      0.63885      0.48994      0.14890
      5.10278      0.51202      0.39984      0.11218
      5.11278      0.60992      0.47711      0.13281
      5.12278      0.83827      0.63839      0.19988
      5.13278      1.16966      0.87658      0.29307
      5.14278      0.93020      0.69658      0.23362
      5.15278      0.41903      0.31787      0.10116
      5.16278      0.33097      0.25715      0.07382
      5.17278      0.45016      0.34920      0.10096
      5.18278      0.61047      0.46725      0.14322
      5.19278      0.78327      0.59211      0.19116
      5.20278      0.77395      0.58927      0.18467
      5.21278      0.59510      0.46078      0.13432
      5.22278      0.37791      0.29342      0.08448
      5.23278      0.36282      0.27618      0.08664
      5.24278      0.70425      0.52615      0.17810
      5.25278      1.12863      0.83307      0.29556
      5.26278      0.91069      0.66849      0.24220
      5.27278      0.33688      0.24803      0.08885
      5.28278      0.20124      0.15371      0.04753
      5.29278      0.33634      0.25813      0.07821
      5.30278      0.38888      0.29550      0.09337
      5.31278      0.48755      0.36518      0.12237
      5.32278      0.71722      0.53161      0.18562
      5.33278      0.66600      0.49342      0.17258
      5.34278      0.32574      0.24286      0.08288
      5.35278      0.23186      0.17431      0.05755
      5.36278      0.32492      0.24422      0.08069
      5.37278      0.37247      0.27688      0.09559
      5.38278      0.62461      0.45674      0.16787
      5.39278      0.99296      0.72031      0.27265
      5.40278      0.91683      0.66694      0.24989
      5.41278      0.67395      0.50048      0.17348
      5.42278      0.56417      0.42592      0.13825
      5.43278      0.36813      0.27955      0.08858
      5.44278      0.18586      0.13974      0.04612
      5.45278      0.23447      0.17119      0.06328
      5.46278      0.43740      0.31646      0.12094
      5.47278      0.53234      0.38291      0.14942
      5.48278      0.42229      0.30565      0.11665
      5.49278      0.32906      0.24207      0.08699
      5.50278      0.28626      0.21102      0.07524
      5.51278      0.30609      0.22474      0.08135
      5.52278      0.38289      0.27997      0.10291
      5.53278      0.53142      0.38568      0.14574
      5.54278      0.81808      0.58674      0.23134
      5.55278      0.92486      0.65985      0.26501
      5.56278      0.52785      0.37705      0.15081
      5.57278      0.17810      0.12811      0.05000
      5.58278      0.19785      0.14381      0.05404
      5.59278      0.29706      0.21688      0.08017
      5.60278      0.29759      0.21728      0.08031
      5.61278      0.32639      0.23632      0.09007
      5.62278      0.44468      0.31880      0.12588
      5.63278      0.52747      0.37521      0.15226
      5.64278      0.50505      0.36056      0.14449
      5.65278      0.41559      0.30089      0.11470
      5.66278      0.37622      0.27470      0.10152
      5.67278      0.41142      0.29952      0.11190
      5.68278      0.35390      0.25547      0.09843
      5.69278      0.41036      0.29298      0.11738
      5.70278      0.63616      0.45063      0.18553
      5.71278      0.77647      0.54396      0.23251
      5.72278      0.62198      0.43190      0.19008
      5.73278      0.25586      0.17703      0.07883
      5.74278      0.08332      0.05862      0.02471
      5.75278      0.19113      0.13699      0.05414
      5.76278      0.37099      0.26554      0.10545
      5.77278      0.31983      0.22813      0.09171
      5.78278      0.19564      0.13867      0.05697
      5.79278      0.37151      0.26215      0.10936
      5.80278      0.66214      0.46604      0.19610
      5.81278      0.56270      0.39477      0.16793
      5.82278      0.23973      0.16774      0.07200
      5.83278      0.16560      0.11627      0.04933
      5.84278      0.25479      0.17974      0.07505
      5.85278      0.28060      0.19786      0.08274
      5.86278      0.26243      0.18351      0.07891
      5.87278      0.32436      0.22547      0.09889
      5.88278      0.53106      0.36785      0.16320
      5.89278      0.71903      0.49543      0.22361
      5.90278      0.73583      0.50831      0.22752
      5.91278      0.59319      0.41461      0.17858
      5.92278      0.41926      0.29619      0.12307
      5.93278      0.31763      0.22563      0.09200
      5.94278      0.21705      0.15381      0.06324
      5.95278      0.18181      0.12652      0.05529
      5.96278      0.25835      0.17836      0.07998
      5.97278      0.29257      0.20145      0.09113
      5.98278      0.31680      0.21634      0.10046
      5.99278      0.36690      0.25082      0.11608
      6.00278      0.36993      0.25518      0.11475
      6.01278      0.28597      0.19810      0.08787
      6.02278      0.23456      0.16230      0.07226
      6.03278      0.27039      0.18642      0.08397
      6.04278      0.27477      0.18896      0.08581
      6.05278      0.34153      0.23488      0.10666
      6.06278      0.46883      0.32119      0.14764
      6.07278      0.64455      0.43905      0.20550
      6.08278      0.67326      0.45682      0.21645
      6.09278      0.36638      0.24781      0.11857
      6.10278      0.16072      0.10904      0.05168
      6.11278      0.21543      0.14746      0.06801
      6.12278      0.27719      0.19259      0.08584
      6.13278      0.29620      0.23638      0.07848
      6.14278      0.49922      0.53967      0.07129
      6.15278      0.98177      1.17437      0.08966
      6.16278      1.22288      1.45755      0.11056
      6.17278      1.13099      1.28359      0.12687
      6.18278      1.08361      1.15747      0.15042
      6.19278      0.88364      0.94579      0.11857
      6.20278      0.71744      0.75849      0.09846
      6.21278      0.79303      0.80748      0.12205
      6.22278      0.78496      0.83140      0.10446
      6.23278      0.69199      0.72643      0.09519
      6.24278      0.78032      0.74725      0.14268
      6.25278      0.83933      0.78462      0.16304
      6.26278      0.76994      0.70034      0.16030
      6.27278      0.64853      0.56005      0.15078
      6.28278      0.53270      0.52803      0.08760
      6.29278      0.54483      0.64564      0.03336
      6.30278      0.56582      0.63060      0.05470
      6.31278      0.58673      0.55207      0.10936
      6.32278      0.54074      0.49600      0.10732
      6.33278      0.41252      0.43122      0.05389
      6.34278      0.42860      0.45345      0.05290
      6.35278      0.67891      0.61004      0.14138
      6.36278      0.81456      0.67991      0.19759
      6.37278      0.59218      0.51138      0.13479
      6.38278      0.37041      0.36722      0.05868
      6.39278      0.43936      0.46237      0.05438
      6.40278      0.55561      0.55844      0.08258
      6.41278      0.54221      0.54278      0.08176
      6.42278      0.52014      0.53366      0.07182
      6.43278      0.48370      0.47522      0.07848
      6.44278      0.53779      0.47417      0.11675
      6.45278      0.62559      0.50494      0.16164
      6.46278      0.79290      0.63879      0.20575
      6.47278      0.95247      0.80436      0.22596
      6.48278      0.74914      0.64401      0.17058
      6.49278      0.44405      0.35721      0.11414
      6.50278      0.35687      0.29138      0.08929
      6.51278      0.33025      0.31879      0.05584
      6.52278      0.36564      0.37086      0.05224
      6.53278      0.53417      0.52260      0.08659
      6.54278      0.57778      0.57798      0.08599
      6.55278      0.52344      0.52679      0.07635
      6.56278      0.55769      0.52449      0.10245
      6.57278      0.54620      0.47626      0.12111
      6.58278      0.40759      0.33579      0.10127
      6.59278      0.35114      0.31156      0.07475
      6.60278      0.40959      0.37524      0.08079
      6.61278      0.44093      0.40869      0.08467
      6.62278      0.52001      0.49684      0.09115
      6.63278      0.67009      0.62935      0.12307
      6.64278      0.67988      0.57740      0.15979
      6.65278      0.65787      0.47418      0.20312
      6.66278      0.56074      0.41783      0.16563
      6.67278      0.42566      0.41147      0.07217
      6.68278      0.38973      0.40532      0.04990
      6.69278      0.35610      0.30234      0.08413
      6.70278      0.29651      0.20879      0.09422
      6.71278      0.26878      0.19933      0.07953
      6.72278      0.37974      0.35498      0.07049
      6.73278      0.63910      0.64042      0.09446
      6.74278      0.72337      0.71402      0.11354
      6.75278      0.68062      0.64854      0.12054
      6.76278      0.67159      0.59811      0.14266
      6.77278      0.46350      0.38336      0.11497
      6.78278      0.39658      0.32194      0.10188
      6.79278      0.56722      0.48665      0.13117
      6.80278      0.49565      0.42821      0.11322
      6.81278      0.34859      0.26790      0.09880
      6.82278      0.49448      0.36431      0.14913
      6.83278      0.65977      0.53783      0.16938
      6.84278      0.64145      0.54234      0.15372
      6.85278      0.53586      0.46335      0.12266
      6.86278      0.42884      0.43944      0.05905
      6.87278      0.31855      0.36426      0.02271
      6.88278      0.34369      0.34378      0.05275
      6.89278      0.45762      0.38090      0.11375
      6.90278      0.39089      0.28596      0.11951
      6.91278      0.22541      0.17385      0.06377
      6.92278      0.27526      0.25359      0.05426
      6.93278      0.58482      0.48670      0.14541
      6.94278      0.77900      0.62756      0.20596
      6.95278      0.59360      0.53228      0.12547
      6.96278      0.38837      0.41119      0.04472
      6.97278      0.37336      0.37781      0.05284
      6.98278      0.40677      0.35863      0.08867
      6.99278      0.41672      0.36983      0.08982
      7.00278      0.40965      0.38020      0.07966
      7.01278      0.47188      0.44217      0.09051
      7.02278      0.67639      0.61664      0.13916
      7.03278      0.79279      0.69550      0.17831
      7.04278      0.65187      0.51332      0.17998
      7.05278      0.54093      0.37572      0.17777
      7.06278      0.49489      0.36863      0.14833
      7.07278      0.49092      0.42161      0.11531
      7.08278      0.47397      0.43862      0.09327
      7.09278      0.40015      0.39380      0.06483
      7.10278      0.35578      0.31507      0.07763
      7.11278      0.37309      0.29467      0.10256
      7.12278      0.41136      0.36225      0.09226
      7.13278      0.42955      0.40839      0.07881
      7.14278      0.42628      0.38564      0.08893
      7.15278      0.40830      0.33382      0.10598
      7.16278      0.38367      0.33283      0.08991
      7.17278      0.42580      0.38582      0.09086
      7.18278      0.44353      0.39726      0.09704
      7.19278      0.41703      0.35120      0.10356
      7.20278      0.47062      0.33564      0.15055
      7.21278      0.61690      0.44629      0.19317
      7.22278      0.74648      0.63789      0.17742
      7.23278      0.61894      0.62700      0.09054
      7.24278      0.42521      0.47193      0.03900
      7.25278      0.46982      0.48842      0.06341
      7.26278      0.52628      0.50358      0.09565
      7.27278      0.40732      0.34368      0.09977
      7.28278      0.34005      0.26713      0.09447
      7.29278      0.43570      0.36141      0.11013
      7.30278      0.46392      0.36982      0.12589
      7.31278      0.37264      0.28235      0.11001
      7.32278      0.44744      0.38128      0.10942
      7.33278      0.57952      0.55466      0.10766
      7.34278      0.66910      0.63640      0.12438
      7.35278      0.72740      0.64396      0.15464
      7.36278      0.72090      0.63139      0.14433
      7.37278      0.90599      0.79433      0.17660
      7.38278      1.11788      0.99495      0.21513
      7.39278      0.99289      0.96282      0.14452
      7.40278      0.69045      0.74567      0.04504
      7.41278      0.48826      0.54954      0.00884
      7.42278      0.41319      0.43227      0.02487
      7.43278      0.57300      0.52472      0.08928
      7.44278      0.85812      0.79115      0.14105
      7.45278      0.92928      0.93121      0.10771
      7.46278      0.80177      0.80028      0.09126
      7.47278      0.79978      0.70112      0.14917
      7.48278      0.79494      0.67198      0.16698
      7.49278      0.69488      0.66632      0.09754
      7.50278      0.74463      0.77099      0.06351
      7.51278      0.87080      0.88442      0.08787
      7.52278      0.95816      0.94742      0.12070
      7.53278      1.00381      0.97366      0.13749
      7.54278      0.99317      0.94858      0.14300
      7.55278      0.92802      0.90010      0.13239
      7.56278      0.85996      0.83994      0.11785
      7.57278      1.00316      0.95233      0.13696
      7.58278      1.13437      1.09973      0.14538
      7.59278      0.97258      0.93964      0.13382
      7.60278      0.81754      0.72340      0.14640
      7.61278      0.81378      0.71250      0.14272
      7.62278      0.78184      0.73269      0.10853
      7.63278      0.58750      0.57998      0.06127
      7.64278      0.52101      0.49140      0.06310
      7.65278      0.81178      0.74950      0.11221
      7.66278      1.13242      1.09213      0.13872
      7.67278      1.21694      1.18958      0.15569
      7.68278      1.12678      1.10323      0.15272
      7.69278      0.97666      0.94348      0.12937
      7.70278      0.80708      0.73883      0.11614
      7.71278      0.74680      0.67915      0.11226
      7.72278      0.83331      0.82398      0.09597
      7.73278      0.92207      0.92869      0.09003
      7.74278      1.01767      0.95700      0.12705
      7.75278      0.96357      0.85935      0.14399
      7.76278      0.75213      0.67185      0.10211
      7.77278      0.74886      0.67073      0.10327
      7.78278      0.89333      0.82777      0.12261
      7.79278      1.09944      1.02856      0.15621
      7.80278      1.18577      1.03523      0.21540
      7.81278      1.08098      0.87125      0.23880
      7.82278      1.04316      0.88877      0.18813
      7.83278      1.06801      1.03947      0.09658
      7.84278      1.03777      1.09645      0.04442
      7.85278      1.09682      1.14890      0.07854
      7.86278      1.12245      1.10120      0.12781
      7.87278      1.08733      1.02577      0.12849
      7.88278      1.06688      0.98878      0.12945
      7.89278      1.16749      1.07173      0.16991
      7.90278      1.26908      1.15253      0.20348
      7.91278      1.13257      1.01751      0.17839
      7.92278      1.19819      1.14437      0.13058
      7.93278      1.29099      1.25563      0.11521
      7.94278      1.15355      1.03742      0.15337
      7.95278      1.06920      0.88867      0.19339
      7.96278      1.18474      1.00466      0.20719
      7.97278      1.38732      1.21061      0.22087
      7.98278      1.31560      1.12836      0.22204
      7.99278      1.24378      1.07043      0.21584
      8.00278      1.35932      1.24246      0.19183
      8.01278      1.57555      1.52023      0.17063
      8.02278      1.82934      1.75489      0.21349
      8.03278      1.70557      1.54979      0.24870
      8.04278      1.58383      1.34033      0.27398
      8.05278      1.64792      1.37866      0.28591
      8.06278      1.77370      1.54478      0.28643
      8.07278      2.29199      2.03129      0.36467
      8.08278      2.79469      2.41118      0.46136
      8.09278      2.95802      2.47023      0.51265
      8.10278      3.16939      2.60347      0.57110
      8.11278      3.11531      2.56147      0.56827
      8.12278      2.57567      2.16066      0.45801
      8.13278      1.54343      1.34710      0.25664
      8.14278      0.58782      0.57390      0.07576
      8.15278      0.23420      0.28436      0.01001
      8.16278      0.18644      0.24823      0.00055
      8.17278      0.21756      0.28929      0.00001
      8.18278      0.36290      0.47791      0.00000
      8.19278      0.44530      0.58503      0.00000
      8.20278      0.32220      0.42213      0.00000
      8.21278      0.20861      0.27275      0.00000
      8.22278      0.20385      0.26749      0.00000
      8.23278      0.25191      0.33300      0.00000
      8.24278      0.32576      0.43275      0.00000
      8.25278      0.33723      0.44879      0.00000
      8.26278      0.20607      0.27456      0.00000
      8.27278      0.13263      0.17584      0.00000
      8.28278      0.14272      0.18853      0.00000
      8.29278      0.08498      0.11226      0.00000
      8.30278      0.06549      0.08702      0.00000
      8.31278      0.17945      0.23939      0.00000
      8.32278      0.26515      0.35461      0.00000
      8.33278      0.18636      0.24977      0.00000
      8.34278      0.18751      0.25058      0.00000
      8.35278      0.34712      0.46148      0.00000
      8.36278      0.36371      0.48158      0.00000
      8.37278      0.23093      0.30444      0.00000
      8.38278      0.18905      0.24900      0.00000
      8.39278      0.20084      0.26679      0.00000
      8.40278      0.22599      0.30209      0.00000
      8.41278      0.19518      0.26028      0.00000
      8.42278      0.16855      0.22328      0.00000
      8.43278      0.12851      0.16998      0.00000
      8.44278      0.09934      0.13236      0.00000
      8.45278      0.14213      0.19027      0.00000
      8.46278      0.14430      0.19332      0.00000
      8.47278      0.17841      0.23895      0.00000
      8.48278      0.25421      0.33981      0.00000
      8.49278      0.22615      0.30186      0.00000
      8.50278      0.18067      0.24149      0.00000
      8.51278      0.15725      0.20998      0.00000
      8.52278      0.17665      0.23322      0.00000
      8.53278      0.31591      0.41493      0.00000
      8.54278      0.38525      0.50645      0.00000
      8.55278      0.40320      0.53258      0.00000
      8.56278      0.48427      0.64274      0.00000
      8.57278      0.41920      0.55679      0.00000
      8.58278      0.24178      0.32048      0.00000
      8.59278      0.16317      0.21598      0.00000
      8.60278      0.15967      0.21149      0.00000
      8.61278      0.17169      0.22790      0.00000
      8.62278      0.26844      0.35685      0.00000
      8.63278      0.24733      0.32887      0.00000
      8.64278      0.17496      0.23264      0.00000
      8.65278      0.25641      0.34094      0.00000
      8.66278      0.24381      0.32421      0.00000
      8.67278      0.13879      0.18450      0.00000
      8.68278      0.17426      0.23143      0.00000
      8.69278      0.21873      0.29012      0.00000
      8.70278      0.21885      0.28937      0.00000
      8.71278      0.30071      0.39719      0.00000
      8.72278      0.32644      0.43167      0.00000
      8.73278      0.25099      0.33202      0.00000
      8.74278      0.18423      0.24355      0.00000
      8.75278      0.22128      0.29235      0.00000
      8.76278      0.35864      0.47373      0.00000
      8.77278      0.32404      0.42815      0.00000
      8.78278      0.15248      0.20145      0.00000
      8.79278      0.11939      0.15729      0.00000
      8.80278      0.18822      0.24805      0.00000
      8.81278      0.20359      0.26889      0.00000
      8.82278      0.14209      0.18787      0.00000
      8.83278      0.09153      0.12030      0.00000
      8.84278      0.13304      0.17385      0.00000
      8.85278      0.14387      0.18812      0.00000
      8.86278      0.14697      0.19291      0.00000
      8.87278      0.23530      0.30967      0.00000
      8.88278      0.42359      0.55771      0.00000
      8.89278      0.62096      0.81683      0.00000
      8.90278      0.56290      0.74053      0.00000
      8.91278      0.39131      0.51589      0.00000
      8.92278      0.34329      0.45222      0.00000
      8.93278      0.38760      0.50857      0.00000
      8.94278      0.37806      0.49503      0.00000
      8.95278      0.31991      0.41854      0.00000
      8.96278      0.25517      0.33422      0.00000
      8.97278      0.20803      0.27291      0.00000
      8.98278      0.18720      0.24519      0.00000
      8.99278      0.18482      0.24117      0.00000
      9.00278      0.20868      0.27008      0.00000
      9.01278      0.28416      0.36489      0.00000
      9.02278      0.27311      0.34948      0.00000
      9.03278      0.20453      0.26190      0.00000
      9.04278      0.14392      0.18456      0.00000
      9.05278      0.19587      0.25253      0.00000
      9.06278      0.35329      0.45961      0.00000
      9.07278      0.40226      0.52650      0.00000
      9.08278      0.38700      0.50399      0.00000
      9.09278      0.36478      0.47166      0.00000
      9.10278      0.27947      0.36216      0.00000
      9.11278      0.23993      0.30970      0.00000
      9.12278      0.29155      0.37087      0.00000
      9.13278      0.28194      0.35585      0.00000
      9.14278      0.20431      0.25833      0.00000
      9.15278      0.11524      0.14545      0.00000
      9.16278      0.12845      0.15878      0.00000
      9.17278      0.20711      0.25485      0.00000
      9.18278      0.14358      0.17671      0.00000
      9.19278      0.03728      0.04589      0.00000
      9.20278      0.00962      0.01164      0.00000
      9.21278      0.04646      0.05585      0.00000
      9.22278      0.15040      0.18365      0.00000
      9.23278      0.34972      0.44639      0.00000
      9.24278      0.85131      1.11230      0.00000
      9.25278      1.42226      1.84940      0.00000
      9.26278      1.34685      1.72747      0.00000
      9.27278      0.74637      0.93746      0.00000
      9.28278      0.33716      0.41026      0.00000
      9.29278      0.20248      0.24044      0.00000
      9.30278      0.14564      0.17079      0.00000
      9.31278      0.14978      0.17401      0.00000
      9.32278      0.11314      0.13113      0.00000
      9.33278      0.05272      0.06073      0.00000
      9.34278      0.06744      0.07707      0.00000
      9.35278      0.12031      0.13916      0.00000
      9.36278      0.22711      0.26740      0.00000
      9.37278      0.31636      0.37598      0.00000
      9.38278      0.32826      0.39200      0.00000
      9.39278      0.35118      0.42128      0.00000
      9.40278      0.34030      0.42170      0.00000
      9.41278      0.42770      0.55306      0.00000
      9.42278      0.52281      0.68379      0.00000
      9.43278      0.40361      0.51468      0.00000
      9.44278      0.39065      0.45262      0.00000
      9.45278      0.52712      0.59044      0.00000
      9.46278      0.47502      0.53356      0.00000
      9.47278      0.33678      0.38261      0.00000
      9.48278      0.27424      0.31508      0.00000
      9.49278      0.23086      0.26935      0.00000
      9.50278      0.26029      0.30201      0.00000
      9.51278      0.40947      0.46288      0.00000
      9.52278      0.42877      0.48566      0.00000
      9.53278      0.29315      0.34550      0.00000
      9.54278      0.26923      0.32586      0.00000
      9.55278      0.44181      0.51665      0.00001
      9.56278      0.66182      0.74959      0.00014
      9.57278      0.73598      0.83331      0.00053
      9.58278      0.70795      0.83397      0.00083
      9.59278      0.82316      1.01247      0.00127
      9.60278      1.00366      1.23384      0.00296
      9.61278      0.80414      0.96402      0.00347
      9.62278      0.50104      0.56449      0.00233
      9.63278      0.43234      0.45090      0.00570
      9.64278      0.43112      0.42608      0.01456
      9.65278      0.40431      0.39404      0.01734
      9.66278      0.44746      0.45646      0.01478
      9.67278      0.57225      0.60068      0.01631
      9.68278      0.48308      0.50453      0.01595
      9.69278      0.51854      0.51484      0.02458
      9.70278      0.78777      0.77029      0.04060
      9.71278      0.84078      0.82999      0.04640
      9.72278      0.66493      0.66505      0.04509
      9.73278      0.62784      0.60949      0.05556
      9.74278      0.82803      0.78345      0.07802
      9.75278      1.14253      1.09315      0.10827
      9.76278      1.25018      1.18529      0.13535
      9.77278      1.19925      1.14122      0.13452
      9.78278      1.20443      1.20011      0.10656
      9.79278      1.19343      1.20606      0.08418
      9.80278      0.95062      0.93577      0.06727
      9.81278      0.60594      0.56891      0.05539
      9.82278      0.61961      0.56596      0.07227
      9.83278      0.89018      0.81645      0.10442
      9.84278      0.76501      0.69602      0.09178
      9.85278      0.43278      0.40815      0.04360
      9.86278      0.50326      0.51098      0.03019
      9.87278      0.55709      0.56137      0.03564
      9.88278      0.47150      0.46261      0.04003
      9.89278      0.68633      0.67978      0.05743
      9.90278      0.78964      0.79496      0.05603
      9.91278      0.63165      0.65287      0.03549
      9.92278      0.64208      0.68149      0.02622
      9.93278      0.67937      0.72675      0.02776
      9.94278      0.62571      0.67554      0.03514
      9.95278      0.71003      0.77214      0.04878
      9.96278      0.97898      1.04079      0.07591
      9.97278      1.07966      1.08838      0.09667
      9.98278      0.76822      0.75185      0.06722
      9.99278      0.45742      0.48176      0.02117
     10.00278      0.31129      0.34446      0.00734
     10.01278      0.26687      0.26465      0.01714
     10.02278      0.28537      0.26387      0.02358
     10.03278      0.19932      0.18270      0.01739
     10.04278      0.24038      0.22327      0.02326
     10.05278      0.53170      0.51564      0.04003
     10.06278      0.77600      0.77344      0.05020
     10.07278      0.67803      0.69122      0.04060
     10.08278      0.41441      0.42187      0.02351
     10.09278      0.23421      0.22779      0.01649
     10.10278      0.21888      0.22347      0.01416
     10.11278      0.39260      0.42777      0.01854
     10.12278      0.44569      0.48742      0.02155
     10.13278      0.42345      0.44696      0.02652
     10.14278      0.59651      0.62392      0.03572
     10.15278      0.73353      0.74361      0.05040
     10.16278      0.71359      0.68695      0.06874
     10.17278      0.65584      0.60484      0.08188
     10.18278      0.42587      0.37787      0.06156
     10.19278      0.18498      0.16792      0.02198
     10.20278      0.23102      0.24133      0.00581
     10.21278      0.43507      0.46493      0.01039
     10.22278      0.49419      0.52708      0.01448
     10.23278      0.37309      0.40089      0.00780
     10.24278      0.28973      0.31915      0.00459
     10.25278      0.35867      0.38194      0.01422
     10.26278      0.38110      0.38288      0.02459
     10.27278      0.30277      0.31108      0.02120
     10.28278      0.33921      0.35356      0.02677
     10.29278      0.47398      0.47241      0.04407
     10.30278      0.56168      0.57500      0.04345
     10.31278      0.53493      0.59626      0.02125
     10.32278      0.56231      0.66552      0.00855
     10.33278      0.55820      0.65443      0.01181
     10.34278      0.42231      0.48014      0.01190
     10.35278      0.31324      0.33624      0.01097
     10.36278      0.32339      0.31639      0.01731
     10.37278      0.27282      0.25634      0.01850
     10.38278      0.24593      0.23128      0.02045
     10.39278      0.38346      0.37758      0.02527
     10.40278      0.47623      0.47075      0.03039
     10.41278      0.40765      0.38162      0.04024
     10.42278      0.43077      0.38947      0.05718
     10.43278      0.57029      0.52721      0.07475
     10.44278      0.49590      0.46019      0.06292
     10.45278      0.32164      0.30375      0.03119
     10.46278      0.33252      0.33952      0.01296
     10.47278      0.36279      0.39254      0.00410
     10.48278      0.28327      0.32545      0.00060
     10.49278      0.18528      0.22675      0.00029
     10.50278      0.16336      0.19810      0.00281
     10.51278      0.27509      0.30891      0.01149
     10.52278      0.38737      0.41157      0.01798
     10.53278      0.37208      0.39184      0.01195
     10.54278      0.21529      0.22292      0.00717
     10.55278      0.14670      0.13546      0.01508
     10.56278      0.25563      0.24062      0.02462
     10.57278      0.52910      0.53487      0.03005
     10.58278      0.73573      0.74555      0.04193
     10.59278      0.47037      0.46466      0.03426
     10.60278      0.14944      0.14636      0.01253
     10.61278      0.13838      0.15103      0.00557
     10.62278      0.26369      0.28576      0.01020
     10.63278      0.22638      0.24076      0.01000
     10.64278      0.15601      0.17235      0.00584
     10.65278      0.24860      0.27512      0.01018
     10.66278      0.34231      0.36976      0.01523
     10.67278      0.41972      0.46568      0.01238
     10.68278      0.51187      0.57487      0.01583
     10.69278      0.52468      0.58698      0.02105
     10.70278      0.48563      0.52049      0.02434
     10.71278      0.49638      0.50027      0.03175
     10.72278      0.43851      0.42680      0.03720
     10.73278      0.37260      0.33342      0.04963
     10.74278      0.42401      0.36063      0.06659
     10.75278      0.47985      0.42847      0.06044
     10.76278      0.41628      0.40913      0.02685
     10.77278      0.22983      0.24134      0.00507
     10.78278      0.07377      0.07803      0.00138
     10.79278      0.08968      0.08874      0.00576
     10.80278      0.21939      0.22617      0.01204
     10.81278      0.25247      0.27430      0.00927
     10.82278      0.18269      0.20043      0.00263
     10.83278      0.21691      0.22998      0.00032
     10.84278      0.26624      0.28861      0.00094
     10.85278      0.26460      0.29245      0.00651
     10.86278      0.31417      0.34016      0.01686
     10.87278      0.27670      0.29783      0.01638
     10.88278      0.19061      0.20471      0.00916
     10.89278      0.25372      0.25033      0.01618
     10.90278      0.38152      0.36988      0.02995
     10.91278      0.36904      0.35913      0.03339
     10.92278      0.24722      0.22947      0.02968
     10.93278      0.15566      0.14166      0.01747
     10.94278      0.26305      0.26195      0.01071
     10.95278      0.46196      0.48377      0.00930
     10.96278      0.41332      0.45229      0.00420
     10.97278      0.19635      0.21824      0.00261
     10.98278      0.13489      0.13494      0.00845
     10.99278      0.21563      0.21855      0.01342
     11.00278      0.22744      0.24855      0.00871
     11.01278      0.17992      0.19648      0.00775
     11.02278      0.23809      0.24712      0.01554
     11.03278      0.30187      0.32459      0.01604
     11.04278      0.34906      0.38515      0.01477
     11.05278      0.51438      0.56125      0.02145
     11.06278      0.51004      0.54461      0.02408
     11.07278      0.36483      0.35711      0.03100
     11.08278      0.38863      0.34940      0.04515
     11.09278      0.53800      0.48735      0.06235
     11.10278      0.54127      0.50160      0.06200
     11.11278      0.29337      0.27646      0.03289
     11.12278      0.07506      0.07173      0.00771
     11.13278      0.05553      0.05724      0.00073
     11.14278      0.18009      0.18915      0.00003
     11.15278      0.26462      0.28072      0.00005
     11.16278      0.16543      0.17589      0.00089
     11.17278      0.10476      0.10459      0.00572
     11.18278      0.20227      0.20313      0.01347
     11.19278      0.24963      0.26574      0.01167
     11.20278      0.14708      0.16361      0.00388
     11.21278      0.11435      0.12155      0.00159
     11.22278      0.27520      0.28991      0.00638
     11.23278      0.52849      0.53610      0.03862
     11.24278      0.82126      0.72083      0.13875
     11.25278      1.10169      0.85475      0.25866
     11.26278      1.21089      0.90380      0.30844
     11.27278      1.21941      0.91918      0.30084
     11.28278      1.25776      0.98535      0.27743
     11.29278      1.51873      1.21402      0.32139
     11.30278      1.74105      1.36518      0.39629
     11.31278      1.43693      1.09832      0.34784
     11.32278      1.19959      0.91167      0.29029
     11.33278      1.36878      1.07383      0.30295
     11.34278      1.65619      1.37158      0.31271
     11.35278      1.71057      1.44295      0.30538
     11.36278      1.50916      1.22451      0.30580
     11.37278      1.36882      1.09014      0.29433
     11.38278      1.61709      1.30715      0.33693
     11.39278      2.07080      1.64844      0.45158
     11.40278      2.23624      1.78092      0.49185
     11.41278      2.27543      1.84783      0.47643
     11.42278      2.34620      1.88936      0.49449
     11.43278      2.46118      1.92481      0.55038
     11.44278      2.93604      2.27225      0.66877
     11.45278      3.42882      2.71959      0.72979
     11.46278      3.74309      3.24693      0.58279
     11.47278      4.65133      4.44963      0.40380
     11.48278      5.24080      5.18879      0.31659
     11.49278      4.25598      4.28147      0.20174
     11.50278      3.05442      3.10711      0.12003
     11.51278      2.88297      2.84692      0.18275
     11.52278      3.28079      3.04784      0.35674
     11.53278      3.38965      3.05089      0.44115
     11.54278      2.81329      2.58699      0.31825
     11.55278      2.33347      2.25251      0.17906
     11.56278      2.25786      2.22051      0.14606
     11.57278      2.38473      2.29092      0.19791
