Energy-E_F (eV)    DOS (1/eV)    PDOS (1/eV)  of atom type B  N  
     -6.04954      0.48912      0.20276      0.28636
     -6.03954      0.68139      0.28407      0.39732
     -6.02954      0.85696      0.36057      0.49639
     -6.01954      0.88999      0.37360      0.51639
     -6.00954      0.78165      0.32354      0.45810
     -5.99954      0.69922      0.28675      0.41247
     -5.98954      0.55610      0.22697      0.32913
     -5.97954      0.39281      0.15905      0.23376
     -5.96954      0.29893      0.12103      0.17790
     -5.95954      0.17717      0.07219      0.10498
     -5.94954      0.15054      0.06168      0.08886
     -5.93954      0.29846      0.12428      0.17418
     -5.92954      0.40212      0.17043      0.23169
     -5.91954      0.47194      0.19980      0.27214
     -5.90954      0.66537      0.27477      0.39060
     -5.89954      0.72361      0.29235      0.43125
     -5.88954      0.56156      0.22507      0.33649
     -5.87954      0.52094      0.21270      0.30824
     -5.86954      0.55876      0.23124      0.32752
     -5.85954      0.46037      0.18843      0.27194
     -5.84954      0.38530      0.15680      0.22850
     -5.83954      0.42837      0.17836      0.25001
     -5.82954      0.50865      0.21390      0.29475
     -5.81954      0.57986      0.24511      0.33475
     -5.80954      0.70817      0.30104      0.40713
     -5.79954      0.70572      0.30002      0.40570
     -5.78954      0.49232      0.20607      0.28625
     -5.77954      0.28135      0.11415      0.16720
     -5.76954      0.30556      0.12142      0.18414
     -5.75954      0.55163      0.21998      0.33164
     -5.74954      0.76266      0.30684      0.45583
     -5.73954      0.71050      0.28789      0.42261
     -5.72954      0.48789      0.19764      0.29025
     -5.71954      0.34255      0.13717      0.20537
     -5.70954      0.40168      0.16170      0.23997
     -5.69954      0.49958      0.20401      0.29557
     -5.68954      0.49254      0.20324      0.28930
     -5.67954      0.50253      0.20779      0.29474
     -5.66954      0.54119      0.22330      0.31788
     -5.65954      0.46927      0.19397      0.27530
     -5.64954      0.39347      0.16036      0.23311
     -5.63954      0.39728      0.15993      0.23735
     -5.62954      0.44317      0.17960      0.26358
     -5.61954      0.54642      0.22027      0.32615
     -5.60954      0.74826      0.30159      0.44667
     -5.59954      0.90193      0.36717      0.53476
     -5.58954      0.64741      0.26898      0.37843
     -5.57954      0.45130      0.19386      0.25744
     -5.56954      0.44877      0.19106      0.25771
     -5.55954      0.49567      0.20230      0.29338
     -5.54954      0.56684      0.22816      0.33868
     -5.53954      0.47452      0.19186      0.28265
     -5.52954      0.21847      0.08850      0.12996
     -5.51954      0.16595      0.06827      0.09768
     -5.50954      0.40119      0.16613      0.23506
     -5.49954      0.60589      0.24862      0.35727
     -5.48954      0.70125      0.28272      0.41853
     -5.47954      0.78050      0.31362      0.46688
     -5.46954      0.85784      0.34831      0.50953
     -5.45954      0.81885      0.33334      0.48551
     -5.44954      0.58469      0.23517      0.34952
     -5.43954      0.40164      0.15887      0.24277
     -5.42954      0.37275      0.14786      0.22489
     -5.41954      0.46233      0.18592      0.27642
     -5.40954      0.57153      0.22884      0.34269
     -5.39954      0.44497      0.17701      0.26796
     -5.38954      0.40737      0.16359      0.24379
     -5.37954      0.50411      0.20415      0.29995
     -5.36954      0.53915      0.22060      0.31855
     -5.35954      0.65393      0.27137      0.38256
     -5.34954      0.77987      0.32380      0.45607
     -5.33954      0.69603      0.28857      0.40746
     -5.32954      0.56477      0.23127      0.33351
     -5.31954      0.63852      0.25493      0.38358
     -5.30954      0.61329      0.24194      0.37135
     -5.29954      0.42323      0.16568      0.25755
     -5.28954      0.23467      0.09184      0.14283
     -5.27954      0.27413      0.10911      0.16503
     -5.26954      0.55556      0.22282      0.33274
     -5.25954      0.75023      0.29930      0.45093
     -5.24954      0.72578      0.28399      0.44179
     -5.23954      0.68131      0.26301      0.41830
     -5.22954      0.76779      0.29782      0.46997
     -5.21954      0.86472      0.33658      0.52814
     -5.20954      1.05086      0.41020      0.64066
     -5.19954      1.11079      0.43165      0.67914
     -5.18954      0.89729      0.34575      0.55153
     -5.17954      0.88742      0.34419      0.54323
     -5.16954      1.08605      0.42704      0.65900
     -5.15954      1.11777      0.43905      0.67872
     -5.14954      0.99703      0.38919      0.60784
     -5.13954      0.87127      0.34125      0.53002
     -5.12954      0.84914      0.33423      0.51491
     -5.11954      0.81541      0.32301      0.49240
     -5.10954      0.75628      0.29609      0.46019
     -5.09954      0.80268      0.30463      0.49805
     -5.08954      0.96407      0.36387      0.60019
     -5.07954      0.98332      0.37786      0.60545
     -5.06954      0.83201      0.32633      0.50567
     -5.05954      0.77614      0.30046      0.47568
     -5.04954      0.70851      0.26699      0.44153
     -5.03954      0.49181      0.18229      0.30952
     -5.02954      0.38159      0.14444      0.23715
     -5.01954      0.67319      0.26073      0.41247
     -5.00954      1.07803      0.41461      0.66342
     -4.99954      1.30609      0.50467      0.80142
     -4.98954      1.33704      0.51973      0.81730
     -4.97954      0.98995      0.37967      0.61028
     -4.96954      0.70843      0.26553      0.44290
     -4.95954      0.78544      0.29454      0.49089
     -4.94954      0.93264      0.35618      0.57646
     -4.93954      0.90737      0.35038      0.55699
     -4.92954      0.81513      0.31678      0.49835
     -4.91954      0.90577      0.35344      0.55233
     -4.90954      1.01430      0.39057      0.62373
     -4.89954      1.06942      0.40900      0.66042
     -4.88954      1.08216      0.41679      0.66537
     -4.87954      0.96010      0.37103      0.58907
     -4.86954      0.93103      0.35904      0.57199
     -4.85954      0.91498      0.34767      0.56731
     -4.84954      0.91147      0.34157      0.56991
     -4.83954      0.83438      0.31572      0.51866
     -4.82954      0.77992      0.30123      0.47869
     -4.81954      0.88623      0.34614      0.54009
     -4.80954      0.82402      0.32021      0.50381
     -4.79954      0.82635      0.31330      0.51305
     -4.78954      1.18481      0.44959      0.73522
     -4.77954      1.33203      0.50978      0.82224
     -4.76954      1.07484      0.40797      0.66687
     -4.75954      0.77124      0.28484      0.48640
     -4.74954      0.60893      0.22197      0.38696
     -4.73954      0.71153      0.26435      0.44718
     -4.72954      0.98046      0.37048      0.60998
     -4.71954      1.01630      0.38372      0.63259
     -4.70954      0.96157      0.36047      0.60110
     -4.69954      0.93597      0.35734      0.57863
     -4.68954      0.95999      0.37428      0.58571
     -4.67954      1.16275      0.45106      0.71169
     -4.66954      1.24269      0.47719      0.76550
     -4.65954      1.27069      0.48261      0.78808
     -4.64954      1.33341      0.50668      0.82673
     -4.63954      1.08958      0.41316      0.67641
     -4.62954      0.71304      0.26631      0.44673
     -4.61954      0.57717      0.21322      0.36395
     -4.60954      0.62157      0.22818      0.39339
     -4.59954      0.76910      0.28131      0.48779
     -4.58954      0.97245      0.35811      0.61434
     -4.57954      1.25042      0.46918      0.78124
     -4.56954      1.44262      0.55104      0.89158
     -4.55954      1.31416      0.50196      0.81219
     -4.54954      1.07173      0.40288      0.66884
     -4.53954      0.78636      0.29626      0.49010
     -4.52954      0.68231      0.26170      0.42062
     -4.51954      1.00944      0.38120      0.62824
     -4.50954      1.28180      0.47414      0.80766
     -4.49954      1.35865      0.50136      0.85728
     -4.48954      1.25061      0.46719      0.78342
     -4.47954      1.05414      0.40064      0.65351
     -4.46954      0.95728      0.36715      0.59013
     -4.45954      0.83243      0.31701      0.51542
     -4.44954      0.93574      0.35665      0.57910
     -4.43954      1.42613      0.54067      0.88546
     -4.42954      1.72639      0.64850      1.07790
     -4.41954      1.47216      0.54617      0.92599
     -4.40954      1.16345      0.42704      0.73641
     -4.39954      1.07083      0.39771      0.67312
     -4.38954      0.99670      0.37921      0.61749
     -4.37954      1.03773      0.39703      0.64069
     -4.36954      1.11422      0.41500      0.69922
     -4.35954      1.24968      0.45695      0.79273
     -4.34954      1.35005      0.49084      0.85921
     -4.33954      1.22809      0.44635      0.78173
     -4.32954      1.15728      0.42502      0.73225
     -4.31954      1.31949      0.48931      0.83018
     -4.30954      1.62357      0.60783      1.01575
     -4.29954      2.07423      0.77807      1.29616
     -4.28954      2.13985      0.79810      1.34174
     -4.27954      1.67234      0.61619      1.05615
     -4.26954      1.15702      0.42064      0.73638
     -4.25954      1.04324      0.38393      0.65931
     -4.24954      1.17724      0.43847      0.73877
     -4.23954      1.26381      0.47194      0.79187
     -4.22954      1.30125      0.48761      0.81365
     -4.21954      1.24395      0.46652      0.77743
     -4.20954      1.18357      0.44457      0.73900
     -4.19954      1.18805      0.44579      0.74226
     -4.18954      1.28350      0.48156      0.80194
     -4.17954      1.48432      0.54878      0.93554
     -4.16954      1.41847      0.51201      0.90645
     -4.15954      1.20003      0.43182      0.76821
     -4.14954      1.11984      0.41307      0.70677
     -4.13954      1.02242      0.38536      0.63706
     -4.12954      1.04831      0.39910      0.64921
     -4.11954      1.20340      0.45389      0.74952
     -4.10954      1.26116      0.46831      0.79285
     -4.09954      1.32033      0.48799      0.83234
     -4.08954      1.11147      0.41038      0.70109
     -4.07954      0.83168      0.30391      0.52777
     -4.06954      0.85320      0.30792      0.54528
     -4.05954      1.01527      0.36718      0.64809
     -4.04954      0.88421      0.32630      0.55791
     -4.03954      0.72993      0.27502      0.45492
     -4.02954      0.80303      0.29751      0.50552
     -4.01954      0.97642      0.35896      0.61746
     -4.00954      1.18979      0.44285      0.74694
     -3.99954      1.27222      0.47635      0.79587
     -3.98954      1.26290      0.46912      0.79379
     -3.97954      1.07072      0.39002      0.68070
     -3.96954      0.79279      0.28603      0.50676
     -3.95954      0.92331      0.33717      0.58614
     -3.94954      1.10089      0.40259      0.69830
     -3.93954      1.03077      0.37605      0.65472
     -3.92954      0.98436      0.36224      0.62212
     -3.91954      0.87170      0.32294      0.54876
     -3.90954      0.81754      0.30161      0.51593
     -3.89954      0.99284      0.36850      0.62434
     -3.88954      1.23290      0.45661      0.77628
     -3.87954      1.19457      0.43295      0.76162
     -3.86954      0.78214      0.27643      0.50571
     -3.85954      0.48374      0.17199      0.31175
     -3.84954      0.76322      0.27888      0.48433
     -3.83954      1.16881      0.43358      0.73523
     -3.82954      1.00038      0.37678      0.62360
     -3.81954      0.62521      0.23752      0.38769
     -3.80954      0.64151      0.24211      0.39940
     -3.79954      0.97269      0.36432      0.60837
     -3.78954      1.19435      0.44499      0.74935
     -3.77954      1.30413      0.48017      0.82396
     -3.76954      1.38324      0.50193      0.88131
     -3.75954      1.24091      0.44481      0.79609
     -3.74954      0.83793      0.29627      0.54166
     -3.73954      0.50917      0.17888      0.33029
     -3.72954      0.47531      0.16606      0.30924
     -3.71954      0.62574      0.22125      0.40449
     -3.70954      0.87664      0.31848      0.55816
     -3.69954      1.01167      0.37675      0.63491
     -3.68954      0.92783      0.34926      0.57857
     -3.67954      0.85469      0.31366      0.54103
     -3.66954      0.84447      0.30550      0.53897
     -3.65954      0.81688      0.29744      0.51944
     -3.64954      0.81552      0.29036      0.52516
     -3.63954      0.94556      0.33577      0.60980
     -3.62954      1.12184      0.41119      0.71065
     -3.61954      1.09642      0.40882      0.68760
     -3.60954      0.83000      0.30466      0.52534
     -3.59954      0.60815      0.21857      0.38958
     -3.58954      0.48657      0.17692      0.30965
     -3.57954      0.54415      0.20321      0.34094
     -3.56954      0.89430      0.33027      0.56403
     -3.55954      1.24072      0.44931      0.79141
     -3.54954      1.20998      0.43083      0.77914
     -3.53954      0.94266      0.33474      0.60793
     -3.52954      0.72975      0.25963      0.47011
     -3.51954      0.63935      0.22350      0.41585
     -3.50954      0.67275      0.23667      0.43608
     -3.49954      0.68336      0.24451      0.43885
     -3.48954      0.66584      0.23818      0.42767
     -3.47954      0.75930      0.27543      0.48387
     -3.46954      1.09612      0.40474      0.69138
     -3.45954      1.30029      0.48072      0.81956
     -3.44954      1.15837      0.42318      0.73519
     -3.43954      0.86759      0.31446      0.55313
     -3.42954      0.70977      0.25941      0.45036
     -3.41954      0.77995      0.28523      0.49472
     -3.40954      0.67211      0.24342      0.42869
     -3.39954      0.47530      0.17008      0.30522
     -3.38954      0.58424      0.20519      0.37905
     -3.37954      0.89801      0.32039      0.57762
     -3.36954      0.90432      0.32540      0.57892
     -3.35954      0.65843      0.23777      0.42066
     -3.34954      0.57575      0.20885      0.36690
     -3.33954      0.72218      0.25169      0.47050
     -3.32954      0.96287      0.33543      0.62744
     -3.31954      1.04332      0.37280      0.67051
     -3.30954      1.02135      0.36901      0.65234
     -3.29954      1.11691      0.40085      0.71606
     -3.28954      1.14345      0.40772      0.73573
     -3.27954      0.76588      0.27391      0.49198
     -3.26954      0.43163      0.15294      0.27870
     -3.25954      0.38735      0.13167      0.25568
     -3.24954      0.50723      0.17496      0.33227
     -3.23954      0.66450      0.23386      0.43064
     -3.22954      0.69822      0.24831      0.44992
     -3.21954      0.67284      0.23889      0.43395
     -3.20954      0.93105      0.32793      0.60312
     -3.19954      1.08959      0.38299      0.70660
     -3.18954      0.84302      0.29995      0.54307
     -3.17954      0.72633      0.26786      0.45847
     -3.16954      0.77923      0.28650      0.49273
     -3.15954      0.81585      0.29367      0.52219
     -3.14954      0.75127      0.27709      0.47418
     -3.13954      0.65539      0.25021      0.40518
     -3.12954      0.73640      0.27659      0.45981
     -3.11954      0.98310      0.35593      0.62717
     -3.10954      1.06168      0.37072      0.69096
     -3.09954      0.93596      0.31228      0.62367
     -3.08954      0.79258      0.26030      0.53228
     -3.07954      0.68292      0.22868      0.45425
     -3.06954      0.75545      0.26115      0.49430
     -3.05954      0.70098      0.24817      0.45281
     -3.04954      0.58255      0.20782      0.37473
     -3.03954      0.58951      0.21017      0.37934
     -3.02954      0.71990      0.25021      0.46968
     -3.01954      0.77361      0.26292      0.51069
     -3.00954      0.49543      0.16632      0.32911
     -2.99954      0.31856      0.10747      0.21109
     -2.98954      0.51705      0.18661      0.33045
     -2.97954      0.93565      0.34093      0.59472
     -2.96954      1.20233      0.42712      0.77521
     -2.95954      1.16008      0.40878      0.75130
     -2.94954      0.90095      0.32235      0.57860
     -2.93954      0.87478      0.30999      0.56479
     -2.92954      1.06532      0.37391      0.69141
     -2.91954      0.83589      0.29802      0.53788
     -2.90954      0.42985      0.15440      0.27544
     -2.89954      0.38837      0.12930      0.25907
     -2.88954      0.51381      0.16708      0.34674
     -2.87954      0.42918      0.14360      0.28558
     -2.86954      0.38165      0.14111      0.24054
     -2.85954      0.52797      0.19709      0.33087
     -2.84954      0.79764      0.27840      0.51924
     -2.83954      1.16150      0.39210      0.76940
     -2.82954      1.24294      0.41779      0.82515
     -2.81954      0.98385      0.33105      0.65281
     -2.80954      0.74895      0.25963      0.48932
     -2.79954      0.65720      0.23288      0.42432
     -2.78954      0.53102      0.18161      0.34941
     -2.77954      0.49906      0.16898      0.33008
     -2.76954      0.61961      0.22106      0.39856
     -2.75954      0.82281      0.29603      0.52678
     -2.74954      1.06004      0.37668      0.68336
     -2.73954      1.12778      0.39777      0.73001
     -2.72954      0.89223      0.30748      0.58475
     -2.71954      0.60063      0.19725      0.40338
     -2.70954      0.51560      0.17193      0.34367
     -2.69954      0.60947      0.21195      0.39751
     -2.68954      0.66531      0.22832      0.43699
     -2.67954      0.55821      0.18270      0.37551
     -2.66954      0.49335      0.15986      0.33349
     -2.65954      0.61591      0.21123      0.40469
     -2.64954      0.79000      0.27553      0.51446
     -2.63954      0.77085      0.26888      0.50197
     -2.62954      0.54988      0.19684      0.35304
     -2.61954      0.49508      0.17319      0.32189
     -2.60954      0.59281      0.19445      0.39836
     -2.59954      0.64941      0.21067      0.43874
     -2.58954      0.74321      0.24629      0.49692
     -2.57954      0.72509      0.24356      0.48153
     -2.56954      0.66558      0.22740      0.43818
     -2.55954      0.88025      0.30337      0.57688
     -2.54954      1.38018      0.47729      0.90289
     -2.53954      1.45250      0.50145      0.95105
     -2.52954      1.00292      0.34251      0.66040
     -2.51954      0.66569      0.22864      0.43705
     -2.50954      0.47084      0.16155      0.30929
     -2.49954      0.41182      0.13365      0.27817
     -2.48954      0.29923      0.09501      0.20423
     -2.47954      0.32176      0.10576      0.21600
     -2.46954      0.61838      0.20730      0.41107
     -2.45954      0.85429      0.28658      0.56771
     -2.44954      0.94896      0.31675      0.63221
     -2.43954      0.86666      0.28782      0.57884
     -2.42954      0.69234      0.23218      0.46016
     -2.41954      0.45872      0.15786      0.30086
     -2.40954      0.33874      0.11494      0.22380
     -2.39954      0.54655      0.17934      0.36721
     -2.38954      0.71892      0.23471      0.48421
     -2.37954      0.66377      0.21960      0.44417
     -2.36954      0.66594      0.23150      0.43444
     -2.35954      0.99870      0.35459      0.64410
     -2.34954      1.04098      0.36739      0.67359
     -2.33954      0.67668      0.23041      0.44627
     -2.32954      0.64809      0.19943      0.44866
     -2.31954      0.79452      0.23606      0.55846
     -2.30954      0.76633      0.23494      0.53139
     -2.29954      0.60332      0.19427      0.40905
     -2.28954      0.50429      0.16844      0.33585
     -2.27954      0.54343      0.18720      0.35623
     -2.26954      0.83129      0.28981      0.54149
     -2.25954      1.11108      0.37914      0.73194
     -2.24954      1.02798      0.33929      0.68869
     -2.23954      0.68614      0.21774      0.46841
     -2.22954      0.42299      0.13283      0.29016
     -2.21954      0.39274      0.12490      0.26784
     -2.20954      0.45171      0.14180      0.30991
     -2.19954      0.56295      0.18200      0.38095
     -2.18954      0.81607      0.27100      0.54507
     -2.17954      1.07470      0.36180      0.71290
     -2.16954      1.02606      0.34896      0.67710
     -2.15954      0.78363      0.25892      0.52471
     -2.14954      0.59971      0.18245      0.41725
     -2.13954      0.40984      0.12400      0.28584
     -2.12954      0.34093      0.11904      0.22189
     -2.11954      0.49661      0.17550      0.32111
     -2.10954      0.64523      0.20947      0.43576
     -2.09954      0.68663      0.21359      0.47304
     -2.08954      0.62763      0.20287      0.42476
     -2.07954      0.55316      0.18492      0.36824
     -2.06954      0.69150      0.22100      0.47050
     -2.05954      0.87701      0.26834      0.60867
     -2.04954      0.82858      0.25211      0.57647
     -2.03954      0.85326      0.26689      0.58637
     -2.02954      1.02427      0.32993      0.69435
     -2.01954      1.07826      0.35656      0.72169
     -2.00954      0.88589      0.30090      0.58500
     -1.99954      0.60658      0.20805      0.39853
     -1.98954      0.45495      0.15255      0.30240
     -1.97954      0.42409      0.12936      0.29473
     -1.96954      0.56036      0.16232      0.39804
     -1.95954      0.72962      0.21749      0.51213
     -1.94954      0.64593      0.19905      0.44688
     -1.93954      0.55890      0.17696      0.38194
     -1.92954      0.74733      0.23889      0.50844
     -1.91954      0.85286      0.27319      0.57967
     -1.90954      0.65397      0.20707      0.44690
     -1.89954      0.58914      0.18087      0.40828
     -1.88954      0.61192      0.19090      0.42101
     -1.87954      0.75770      0.24777      0.50993
     -1.86954      0.93871      0.30336      0.63536
     -1.85954      0.76329      0.23925      0.52404
     -1.84954      0.41667      0.13499      0.28168
     -1.83954      0.29887      0.10271      0.19616
     -1.82954      0.49628      0.16002      0.33626
     -1.81954      0.81534      0.25599      0.55935
     -1.80954      0.82309      0.25825      0.56484
     -1.79954      0.68104      0.20506      0.47598
     -1.78954      0.81790      0.23669      0.58121
     -1.77954      0.95908      0.28177      0.67730
     -1.76954      0.89385      0.27450      0.61935
     -1.75954      0.85846      0.26746      0.59100
     -1.74954      0.87985      0.26867      0.61118
     -1.73954      0.74957      0.22507      0.52450
     -1.72954      0.55752      0.17115      0.38638
     -1.71954      0.43513      0.13932      0.29581
     -1.70954      0.38488      0.12186      0.26302
     -1.69954      0.54881      0.16788      0.38093
     -1.68954      0.78994      0.23695      0.55299
     -1.67954      0.87873      0.26189      0.61683
     -1.66954      0.85096      0.26189      0.58907
     -1.65954      0.88448      0.27818      0.60630
     -1.64954      0.86442      0.26342      0.60101
     -1.63954      0.60452      0.17574      0.42878
     -1.62954      0.46944      0.13524      0.33421
     -1.61954      0.64038      0.19187      0.44851
     -1.60954      0.68125      0.20989      0.47136
     -1.59954      0.64287      0.19236      0.45051
     -1.58954      0.68297      0.19815      0.48482
     -1.57954      0.64360      0.19945      0.44415
     -1.56954      0.48173      0.16107      0.32066
     -1.55954      0.49894      0.15813      0.34081
     -1.54954      0.72220      0.21320      0.50899
     -1.53954      0.81506      0.23344      0.58162
     -1.52954      0.88480      0.25230      0.63250
     -1.51954      1.00167      0.28313      0.71855
     -1.50954      0.92941      0.26008      0.66933
     -1.49954      0.75152      0.21369      0.53783
     -1.48954      0.67394      0.18290      0.49104
     -1.47954      0.61667      0.15602      0.46065
     -1.46954      0.44652      0.11028      0.33624
     -1.45954      0.27121      0.06676      0.20445
     -1.44954      0.22754      0.05577      0.17177
     -1.43954      0.34700      0.08420      0.26281
     -1.42954      0.55634      0.13430      0.42203
     -1.41954      0.58348      0.14054      0.44294
     -1.40954      0.47718      0.11500      0.36218
     -1.39954      0.45144      0.10905      0.34239
     -1.38954      0.54703      0.13186      0.41517
     -1.37954      0.51563      0.12393      0.39170
     -1.36954      0.38522      0.09213      0.29309
     -1.35954      0.43981      0.10446      0.33535
     -1.34954      0.53339      0.12613      0.40726
     -1.33954      0.40862      0.09621      0.31240
     -1.32954      0.33921      0.07968      0.25953
     -1.31954      0.37622      0.08801      0.28821
     -1.30954      0.38666      0.08967      0.29700
     -1.29954      0.38640      0.08917      0.29723
     -1.28954      0.36310      0.08389      0.27921
     -1.27954      0.51377      0.11900      0.39477
     -1.26954      0.80262      0.18630      0.61632
     -1.25954      0.85773      0.19908      0.65864
     -1.24954      0.71182      0.16456      0.54726
     -1.23954      0.64741      0.14876      0.49865
     -1.22954      0.56410      0.12912      0.43498
     -1.21954      0.46042      0.10469      0.35573
     -1.20954      0.54407      0.12220      0.42188
     -1.19954      0.62166      0.13881      0.48285
     -1.18954      0.56172      0.12522      0.43649
     -1.17954      0.48293      0.10734      0.37559
     -1.16954      0.44131      0.09746      0.34386
     -1.15954      0.39243      0.08649      0.30594
     -1.14954      0.45130      0.09966      0.35165
     -1.13954      0.69375      0.15287      0.54088
     -1.12954      0.77038      0.16896      0.60142
     -1.11954      0.67809      0.14760      0.53049
     -1.10954      0.60411      0.13040      0.47370
     -1.09954      0.52151      0.11216      0.40935
     -1.08954      0.45473      0.09706      0.35766
     -1.07954      0.56727      0.12000      0.44727
     -1.06954      0.53621      0.11288      0.42333
     -1.05954      0.39731      0.08330      0.31401
     -1.04954      0.41398      0.08620      0.32778
     -1.03954      0.51842      0.10707      0.41135
     -1.02954      0.72867      0.15133      0.57734
     -1.01954      1.05294      0.22107      0.83187
     -1.00954      1.10048      0.23147      0.86902
     -0.99954      0.96635      0.20133      0.76501
     -0.98954      0.91351      0.18764      0.72586
     -0.97954      0.87562      0.17776      0.69786
     -0.96954      0.83049      0.16712      0.66338
     -0.95954      0.79318      0.15834      0.63484
     -0.94954      0.79200      0.15651      0.63549
     -0.93954      0.84866      0.16597      0.68268
     -0.92954      0.91032      0.17630      0.73401
     -0.91954      1.05187      0.20196      0.84991
     -0.90954      1.26740      0.24307      1.02434
     -0.89954      1.20829      0.23410      0.97418
     -0.88954      0.86524      0.16968      0.69556
     -0.87954      0.69981      0.13625      0.56356
     -0.86954      0.76757      0.14681      0.62076
     -0.85954      0.78903      0.14915      0.63988
     -0.84954      0.54450      0.10187      0.44263
     -0.83954      0.32150      0.05921      0.26229
     -0.82954      0.26961      0.04911      0.22050
     -0.81954      0.31241      0.05673      0.25568
     -0.80954      0.46898      0.08537      0.38361
     -0.79954      0.93198      0.17222      0.75977
     -0.78954      1.74046      0.32652      1.41394
     -0.77954      1.86744      0.35206      1.51538
     -0.76954      0.97251      0.18207      0.79044
     -0.75954      0.35597      0.06462      0.29134
     -0.74954      0.20982      0.03691      0.17291
     -0.73954      0.24923      0.04348      0.20575
     -0.72954      0.28931      0.05045      0.23886
     -0.71954      0.30681      0.05339      0.25342
     -0.70954      0.35637      0.06209      0.29428
     -0.69954      0.43728      0.07658      0.36070
     -0.68954      0.65013      0.11461      0.53552
     -0.67954      0.83226      0.14695      0.68532
     -0.66954      0.69119      0.12091      0.57028
     -0.65954      0.37522      0.06442      0.31081
     -0.64954      0.25732      0.04334      0.21398
     -0.63954      0.29059      0.04856      0.24203
     -0.62954      0.36373      0.06053      0.30320
     -0.61954      0.45256      0.07512      0.37743
     -0.60954      0.52911      0.08777      0.44134
     -0.59954      0.62133      0.10317      0.51816
     -0.58954      0.77825      0.12991      0.64834
     -0.57954      0.92170      0.15445      0.76726
     -0.56954      0.81992      0.13629      0.68363
     -0.55954      0.44699      0.07293      0.37406
     -0.54954      0.18041      0.02871      0.15169
     -0.53954      0.20920      0.03271      0.17649
     -0.52954      0.30836      0.04799      0.26037
     -0.51954      0.32926      0.05081      0.27845
     -0.50954      0.42635      0.06553      0.36082
     -0.49954      0.43106      0.06647      0.36459
     -0.48954      0.42072      0.06514      0.35558
     -0.47954      0.48142      0.07422      0.40720
     -0.46954      0.40786      0.06207      0.34579
     -0.45954      0.30929      0.04610      0.26320
     -0.44954      0.31319      0.04596      0.26724
     -0.43954      0.38081      0.05546      0.32535
     -0.42954      0.41700      0.06040      0.35660
     -0.41954      0.42421      0.06130      0.36291
     -0.40954      0.43166      0.06245      0.36921
     -0.39954      0.58938      0.08476      0.50462
     -0.38954      0.73944      0.10540      0.63404
     -0.37954      0.49204      0.06968      0.42236
     -0.36954      0.16947      0.02366      0.14581
     -0.35954      0.16997      0.02287      0.14710
     -0.34954      0.30650      0.04103      0.26547
     -0.33954      0.34261      0.04548      0.29713
     -0.32954      0.37925      0.04989      0.32936
     -0.31954      0.40542      0.05336      0.35206
     -0.30954      0.35224      0.04625      0.30599
     -0.29954      0.30762      0.03977      0.26785
     -0.28954      0.26857      0.03402      0.23454
     -0.27954      0.26570      0.03316      0.23254
     -0.26954      0.33053      0.04077      0.28976
     -0.25954      0.43195      0.05277      0.37919
     -0.24954      0.52287      0.06338      0.45949
     -0.23954      0.52407      0.06329      0.46078
     -0.22954      0.35132      0.04219      0.30913
     -0.21954      0.26383      0.03075      0.23308
     -0.20954      0.28961      0.03316      0.25645
     -0.19954      0.19896      0.02259      0.17638
     -0.18954      0.21294      0.02362      0.18932
     -0.17954      0.35854      0.03940      0.31914
     -0.16954      0.39144      0.04251      0.34893
     -0.15954      0.34613      0.03701      0.30912
     -0.14954      0.26153      0.02758      0.23395
     -0.13954      0.25936      0.02679      0.23257
     -0.12954      0.37123      0.03777      0.33347
     -0.11954      0.41883      0.04218      0.37666
     -0.10954      0.33239      0.03297      0.29942
     -0.09954      0.25681      0.02486      0.23195
     -0.08954      0.25331      0.02397      0.22934
     -0.07954      0.27633      0.02572      0.25061
     -0.06954      0.27471      0.02515      0.24955
     -0.05954      0.26511      0.02370      0.24142
     -0.04954      0.33513      0.02926      0.30587
     -0.03954      0.35959      0.03101      0.32859
     -0.02954      0.26205      0.02219      0.23987
     -0.01954      0.23304      0.01909      0.21395
     -0.00954      0.23898      0.01924      0.21974
      0.00046      0.14646      0.01170      0.13475
      0.01046      0.04136      0.00329      0.03806
      0.02046      0.00474      0.00038      0.00436
      0.03046      0.00021      0.00002      0.00019
      0.04046      0.00000      0.00000      0.00000
      0.05046      0.00000      0.00000      0.00000
      0.06046      0.00000      0.00000      0.00000
      0.07046      0.00000      0.00000      0.00000
      0.08046      0.00000      0.00000      0.00000
      0.09046      0.00000      0.00000      0.00000
      0.10046      0.00000      0.00000      0.00000
      0.11046      0.00000      0.00000      0.00000
      0.12046      0.00000      0.00000      0.00000
      0.13046      0.00000      0.00000      0.00000
      0.14046      0.00000      0.00000      0.00000
      0.15046      0.00000      0.00000      0.00000
      0.16046      0.00000      0.00000      0.00000
      0.17046      0.00000      0.00000      0.00000
      0.18046      0.00000      0.00000      0.00000
      0.19046      0.00000      0.00000      0.00000
      0.20046      0.00000      0.00000      0.00000
      0.21046      0.00000      0.00000      0.00000
      0.22046      0.00000      0.00000      0.00000
      0.23046      0.00000      0.00000      0.00000
      0.24046      0.00000      0.00000      0.00000
      0.25046      0.00000      0.00000      0.00000
      0.26046      0.00000      0.00000      0.00000
      0.27046      0.00000      0.00000      0.00000
      0.28046      0.00000      0.00000      0.00000
      0.29046      0.00000      0.00000      0.00000
      0.30046      0.00000      0.00000      0.00000
      0.31046      0.00000      0.00000      0.00000
      0.32046      0.00000      0.00000      0.00000
      0.33046      0.00000      0.00000      0.00000
      0.34046      0.00000      0.00000      0.00000
      0.35046      0.00000      0.00000      0.00000
      0.36046      0.00000      0.00000      0.00000
      0.37046      0.00000      0.00000      0.00000
      0.38046      0.00000      0.00000      0.00000
      0.39046      0.00000      0.00000      0.00000
      0.40046      0.00000      0.00000      0.00000
      0.41046      0.00000      0.00000      0.00000
      0.42046      0.00000      0.00000      0.00000
      0.43046      0.00000      0.00000      0.00000
      0.44046      0.00000      0.00000      0.00000
      0.45046      0.00000      0.00000      0.00000
      0.46046      0.00000      0.00000      0.00000
      0.47046      0.00000      0.00000      0.00000
      0.48046      0.00000      0.00000      0.00000
      0.49046      0.00000      0.00000      0.00000
      0.50046      0.00000      0.00000      0.00000
      0.51046      0.00000      0.00000      0.00000
      0.52046      0.00000      0.00000      0.00000
      0.53046      0.00000      0.00000      0.00000
      0.54046      0.00000      0.00000      0.00000
      0.55046      0.00000      0.00000      0.00000
      0.56046      0.00000      0.00000      0.00000
      0.57046      0.00000      0.00000      0.00000
      0.58046      0.00000      0.00000      0.00000
      0.59046      0.00000      0.00000      0.00000
      0.60046      0.00000      0.00000      0.00000
      0.61046      0.00000      0.00000      0.00000
      0.62046      0.00000      0.00000      0.00000
      0.63046      0.00000      0.00000      0.00000
      0.64046      0.00000      0.00000      0.00000
      0.65046      0.00000      0.00000      0.00000
      0.66046      0.00000      0.00000      0.00000
      0.67046      0.00000      0.00000      0.00000
      0.68046      0.00000      0.00000      0.00000
      0.69046      0.00000      0.00000      0.00000
      0.70046      0.00000      0.00000      0.00000
      0.71046      0.00000      0.00000      0.00000
      0.72046      0.00000      0.00000      0.00000
      0.73046      0.00000      0.00000      0.00000
      0.74046      0.00000      0.00000      0.00000
      0.75046      0.00000      0.00000      0.00000
      0.76046      0.00000      0.00000      0.00000
      0.77046      0.00000      0.00000      0.00000
      0.78046      0.00000      0.00000      0.00000
      0.79046      0.00000      0.00000      0.00000
      0.80046      0.00000      0.00000      0.00000
      0.81046      0.00000      0.00000      0.00000
      0.82046      0.00000      0.00000      0.00000
      0.83046      0.00000      0.00000      0.00000
      0.84046      0.00000      0.00000      0.00000
      0.85046      0.00000      0.00000      0.00000
      0.86046      0.00000      0.00000      0.00000
      0.87046      0.00000      0.00000      0.00000
      0.88046      0.00000      0.00000      0.00000
      0.89046      0.00000      0.00000      0.00000
      0.90046      0.00000      0.00000      0.00000
      0.91046      0.00000      0.00000      0.00000
      0.92046      0.00000      0.00000      0.00000
      0.93046      0.00000      0.00000      0.00000
      0.94046      0.00000      0.00000      0.00000
      0.95046      0.00000      0.00000      0.00000
      0.96046      0.00000      0.00000      0.00000
      0.97046      0.00000      0.00000      0.00000
      0.98046      0.00000      0.00000      0.00000
      0.99046      0.00000      0.00000      0.00000
      1.00046      0.00000      0.00000      0.00000
      1.01046      0.00000      0.00000      0.00000
      1.02046      0.00000      0.00000      0.00000
      1.03046      0.00000      0.00000      0.00000
      1.04046      0.00000      0.00000      0.00000
      1.05046      0.00000      0.00000      0.00000
      1.06046      0.00000      0.00000      0.00000
      1.07046      0.00000      0.00000      0.00000
      1.08046      0.00000      0.00000      0.00000
      1.09046      0.00000      0.00000      0.00000
      1.10046      0.00000      0.00000      0.00000
      1.11046      0.00000      0.00000      0.00000
      1.12046      0.00000      0.00000      0.00000
      1.13046      0.00000      0.00000      0.00000
      1.14046      0.00000      0.00000      0.00000
      1.15046      0.00000      0.00000      0.00000
      1.16046      0.00000      0.00000      0.00000
      1.17046      0.00000      0.00000      0.00000
      1.18046      0.00000      0.00000      0.00000
      1.19046      0.00000      0.00000      0.00000
      1.20046      0.00000      0.00000      0.00000
      1.21046      0.00000      0.00000      0.00000
      1.22046      0.00000      0.00000      0.00000
      1.23046      0.00000      0.00000      0.00000
      1.24046      0.00000      0.00000      0.00000
      1.25046      0.00000      0.00000      0.00000
      1.26046      0.00000      0.00000      0.00000
      1.27046      0.00000      0.00000      0.00000
      1.28046      0.00000      0.00000      0.00000
      1.29046      0.00000      0.00000      0.00000
      1.30046      0.00000      0.00000      0.00000
      1.31046      0.00000      0.00000      0.00000
      1.32046      0.00000      0.00000      0.00000
      1.33046      0.00000      0.00000      0.00000
      1.34046      0.00000      0.00000      0.00000
      1.35046      0.00000      0.00000      0.00000
      1.36046      0.00000      0.00000      0.00000
      1.37046      0.00000      0.00000      0.00000
      1.38046      0.00000      0.00000      0.00000
      1.39046      0.00000      0.00000      0.00000
      1.40046      0.00000      0.00000      0.00000
      1.41046      0.00000      0.00000      0.00000
      1.42046      0.00000      0.00000      0.00000
      1.43046      0.00000      0.00000      0.00000
      1.44046      0.00000      0.00000      0.00000
      1.45046      0.00000      0.00000      0.00000
      1.46046      0.00000      0.00000      0.00000
      1.47046      0.00000      0.00000      0.00000
      1.48046      0.00000      0.00000      0.00000
      1.49046      0.00000      0.00000      0.00000
      1.50046      0.00000      0.00000      0.00000
      1.51046      0.00000      0.00000      0.00000
      1.52046      0.00000      0.00000      0.00000
      1.53046      0.00000      0.00000      0.00000
      1.54046      0.00000      0.00000      0.00000
      1.55046      0.00000      0.00000      0.00000
      1.56046      0.00000      0.00000      0.00000
      1.57046      0.00000      0.00000      0.00000
      1.58046      0.00000      0.00000      0.00000
      1.59046      0.00000      0.00000      0.00000
      1.60046      0.00000      0.00000      0.00000
      1.61046      0.00000      0.00000      0.00000
      1.62046      0.00000      0.00000      0.00000
      1.63046      0.00000      0.00000      0.00000
      1.64046      0.00000      0.00000      0.00000
      1.65046      0.00000      0.00000      0.00000
      1.66046      0.00000      0.00000      0.00000
      1.67046      0.00000      0.00000      0.00000
      1.68046      0.00000      0.00000      0.00000
      1.69046      0.00000      0.00000      0.00000
      1.70046      0.00000      0.00000      0.00000
      1.71046      0.00000      0.00000      0.00000
      1.72046      0.00000      0.00000      0.00000
      1.73046      0.00000      0.00000      0.00000
      1.74046      0.00000      0.00000      0.00000
      1.75046      0.00000      0.00000      0.00000
      1.76046      0.00000      0.00000      0.00000
      1.77046      0.00000      0.00000      0.00000
      1.78046      0.00000      0.00000      0.00000
      1.79046      0.00000      0.00000      0.00000
      1.80046      0.00000      0.00000      0.00000
      1.81046      0.00000      0.00000      0.00000
      1.82046      0.00000      0.00000      0.00000
      1.83046      0.00000      0.00000      0.00000
      1.84046      0.00000      0.00000      0.00000
      1.85046      0.00000      0.00000      0.00000
      1.86046      0.00000      0.00000      0.00000
      1.87046      0.00000      0.00000      0.00000
      1.88046      0.00000      0.00000      0.00000
      1.89046      0.00000      0.00000      0.00000
      1.90046      0.00000      0.00000      0.00000
      1.91046      0.00000      0.00000      0.00000
      1.92046      0.00000      0.00000      0.00000
      1.93046      0.00000      0.00000      0.00000
      1.94046      0.00000      0.00000      0.00000
      1.95046      0.00000      0.00000      0.00000
      1.96046      0.00000      0.00000      0.00000
      1.97046      0.00000      0.00000      0.00000
      1.98046      0.00000      0.00000      0.00000
      1.99046      0.00000      0.00000      0.00000
      2.00046      0.00000      0.00000      0.00000
      2.01046      0.00000      0.00000      0.00000
      2.02046      0.00000      0.00000      0.00000
      2.03046      0.00000      0.00000      0.00000
      2.04046      0.00000      0.00000      0.00000
      2.05046      0.00000      0.00000      0.00000
      2.06046      0.00000      0.00000      0.00000
      2.07046      0.00000      0.00000      0.00000
      2.08046      0.00000      0.00000      0.00000
      2.09046      0.00000      0.00000      0.00000
      2.10046      0.00000      0.00000      0.00000
      2.11046      0.00000      0.00000      0.00000
      2.12046      0.00000      0.00000      0.00000
      2.13046      0.00000      0.00000      0.00000
      2.14046      0.00000      0.00000      0.00000
      2.15046      0.00000      0.00000      0.00000
      2.16046      0.00000      0.00000      0.00000
      2.17046      0.00000      0.00000      0.00000
      2.18046      0.00000      0.00000      0.00000
      2.19046      0.00000      0.00000      0.00000
      2.20046      0.00000      0.00000      0.00000
      2.21046      0.00000      0.00000      0.00000
      2.22046      0.00000      0.00000      0.00000
      2.23046      0.00000      0.00000      0.00000
      2.24046      0.00000      0.00000      0.00000
      2.25046      0.00000      0.00000      0.00000
      2.26046      0.00000      0.00000      0.00000
      2.27046      0.00000      0.00000      0.00000
      2.28046      0.00000      0.00000      0.00000
      2.29046      0.00000      0.00000      0.00000
      2.30046      0.00000      0.00000      0.00000
      2.31046      0.00000      0.00000      0.00000
      2.32046      0.00000      0.00000      0.00000
      2.33046      0.00000      0.00000      0.00000
      2.34046      0.00000      0.00000      0.00000
      2.35046      0.00000      0.00000      0.00000
      2.36046      0.00000      0.00000      0.00000
      2.37046      0.00000      0.00000      0.00000
      2.38046      0.00000      0.00000      0.00000
      2.39046      0.00000      0.00000      0.00000
      2.40046      0.00000      0.00000      0.00000
      2.41046      0.00000      0.00000      0.00000
      2.42046      0.00000      0.00000      0.00000
      2.43046      0.00000      0.00000      0.00000
      2.44046      0.00000      0.00000      0.00000
      2.45046      0.00000      0.00000      0.00000
      2.46046      0.00000      0.00000      0.00000
      2.47046      0.00000      0.00000      0.00000
      2.48046      0.00000      0.00000      0.00000
      2.49046      0.00000      0.00000      0.00000
      2.50046      0.00000      0.00000      0.00000
      2.51046      0.00000      0.00000      0.00000
      2.52046      0.00000      0.00000      0.00000
      2.53046      0.00000      0.00000      0.00000
      2.54046      0.00000      0.00000      0.00000
      2.55046      0.00000      0.00000      0.00000
      2.56046      0.00000      0.00000      0.00000
      2.57046      0.00000      0.00000      0.00000
      2.58046      0.00000      0.00000      0.00000
      2.59046      0.00000      0.00000      0.00000
      2.60046      0.00000      0.00000      0.00000
      2.61046      0.00000      0.00000      0.00000
      2.62046      0.00000      0.00000      0.00000
      2.63046      0.00000      0.00000      0.00000
      2.64046      0.00000      0.00000      0.00000
      2.65046      0.00000      0.00000      0.00000
      2.66046      0.00000      0.00000      0.00000
      2.67046      0.00000      0.00000      0.00000
      2.68046      0.00000      0.00000      0.00000
      2.69046      0.00000      0.00000      0.00000
      2.70046      0.00000      0.00000      0.00000
      2.71046      0.00000      0.00000      0.00000
      2.72046      0.00000      0.00000      0.00000
      2.73046      0.00000      0.00000      0.00000
      2.74046      0.00000      0.00000      0.00000
      2.75046      0.00000      0.00000      0.00000
      2.76046      0.00000      0.00000      0.00000
      2.77046      0.00000      0.00000      0.00000
      2.78046      0.00000      0.00000      0.00000
      2.79046      0.00000      0.00000      0.00000
      2.80046      0.00000      0.00000      0.00000
      2.81046      0.00000      0.00000      0.00000
      2.82046      0.00000      0.00000      0.00000
      2.83046      0.00000      0.00000      0.00000
      2.84046      0.00000      0.00000      0.00000
      2.85046      0.00000      0.00000      0.00000
      2.86046      0.00000      0.00000      0.00000
      2.87046      0.00000      0.00000      0.00000
      2.88046      0.00000      0.00000      0.00000
      2.89046      0.00000      0.00000      0.00000
      2.90046      0.00000      0.00000      0.00000
      2.91046      0.00000      0.00000      0.00000
      2.92046      0.00000      0.00000      0.00000
      2.93046      0.00000      0.00000      0.00000
      2.94046      0.00000      0.00000      0.00000
      2.95046      0.00000      0.00000      0.00000
      2.96046      0.00000      0.00000      0.00000
      2.97046      0.00000      0.00000      0.00000
      2.98046      0.00000      0.00000      0.00000
      2.99046      0.00000      0.00000      0.00000
      3.00046      0.00000      0.00000      0.00000
      3.01046      0.00000      0.00000      0.00000
      3.02046      0.00000      0.00000      0.00000
      3.03046      0.00000      0.00000      0.00000
      3.04046      0.00000      0.00000      0.00000
      3.05046      0.00000      0.00000      0.00000
      3.06046      0.00000      0.00000      0.00000
      3.07046      0.00000      0.00000      0.00000
      3.08046      0.00000      0.00000      0.00000
      3.09046      0.00000      0.00000      0.00000
      3.10046      0.00000      0.00000      0.00000
      3.11046      0.00000      0.00000      0.00000
      3.12046      0.00000      0.00000      0.00000
      3.13046      0.00000      0.00000      0.00000
      3.14046      0.00000      0.00000      0.00000
      3.15046      0.00000      0.00000      0.00000
      3.16046      0.00000      0.00000      0.00000
      3.17046      0.00000      0.00000      0.00000
      3.18046      0.00000      0.00000      0.00000
      3.19046      0.00000      0.00000      0.00000
      3.20046      0.00000      0.00000      0.00000
      3.21046      0.00000      0.00000      0.00000
      3.22046      0.00000      0.00000      0.00000
      3.23046      0.00000      0.00000      0.00000
      3.24046      0.00000      0.00000      0.00000
      3.25046      0.00000      0.00000      0.00000
      3.26046      0.00000      0.00000      0.00000
      3.27046      0.00000      0.00000      0.00000
      3.28046      0.00000      0.00000      0.00000
      3.29046      0.00000      0.00000      0.00000
      3.30046      0.00000      0.00000      0.00000
      3.31046      0.00000      0.00000      0.00000
      3.32046      0.00000      0.00000      0.00000
      3.33046      0.00000      0.00000      0.00000
      3.34046      0.00000      0.00000      0.00000
      3.35046      0.00000      0.00000      0.00000
      3.36046      0.00000      0.00000      0.00000
      3.37046      0.00000      0.00000      0.00000
      3.38046      0.00000      0.00000      0.00000
      3.39046      0.00000      0.00000      0.00000
      3.40046      0.00000      0.00000      0.00000
      3.41046      0.00000      0.00000      0.00000
      3.42046      0.00000      0.00000      0.00000
      3.43046      0.00000      0.00000      0.00000
      3.44046      0.00000      0.00000      0.00000
      3.45046      0.00000      0.00000      0.00000
      3.46046      0.00000      0.00000      0.00000
      3.47046      0.00000      0.00000      0.00000
      3.48046      0.00000      0.00000      0.00000
      3.49046      0.00000      0.00000      0.00000
      3.50046      0.00000      0.00000      0.00000
      3.51046      0.00000      0.00000      0.00000
      3.52046      0.00000      0.00000      0.00000
      3.53046      0.00000      0.00000      0.00000
      3.54046      0.00000      0.00000      0.00000
      3.55046      0.00000      0.00000      0.00000
      3.56046      0.00000      0.00000      0.00000
      3.57046      0.00000      0.00000      0.00000
      3.58046      0.00000      0.00000      0.00000
      3.59046      0.00000      0.00000      0.00000
      3.60046      0.00000      0.00000      0.00000
      3.61046      0.00000      0.00000      0.00000
      3.62046      0.00000      0.00000      0.00000
      3.63046      0.00000      0.00000      0.00000
      3.64046      0.00000      0.00000      0.00000
      3.65046      0.00000      0.00000      0.00000
      3.66046      0.00000      0.00000      0.00000
      3.67046      0.00000      0.00000      0.00000
      3.68046      0.00000      0.00000      0.00000
      3.69046      0.00000      0.00000      0.00000
      3.70046      0.00000      0.00000      0.00000
      3.71046      0.00000      0.00000      0.00000
      3.72046      0.00000      0.00000      0.00000
      3.73046      0.00000      0.00000      0.00000
      3.74046      0.00000      0.00000      0.00000
      3.75046      0.00000      0.00000      0.00000
      3.76046      0.00000      0.00000      0.00000
      3.77046      0.00000      0.00000      0.00000
      3.78046      0.00000      0.00000      0.00000
      3.79046      0.00000      0.00000      0.00000
      3.80046      0.00000      0.00000      0.00000
      3.81046      0.00000      0.00000      0.00000
      3.82046      0.00000      0.00000      0.00000
      3.83046      0.00000      0.00000      0.00000
      3.84046      0.00000      0.00000      0.00000
      3.85046      0.00000      0.00000      0.00000
      3.86046      0.00000      0.00000      0.00000
      3.87046      0.00000      0.00000      0.00000
      3.88046      0.00000      0.00000      0.00000
      3.89046      0.00000      0.00000      0.00000
      3.90046      0.00000      0.00000      0.00000
      3.91046      0.00000      0.00000      0.00000
      3.92046      0.00000      0.00000      0.00000
      3.93046      0.00000      0.00000      0.00000
      3.94046      0.00000      0.00000      0.00000
      3.95046      0.00000      0.00000      0.00000
      3.96046      0.00000      0.00000      0.00000
      3.97046      0.00000      0.00000      0.00000
      3.98046      0.00000      0.00000      0.00000
      3.99046      0.00000      0.00000      0.00000
      4.00046      0.00000      0.00000      0.00000
      4.01046      0.00000      0.00000      0.00000
      4.02046      0.00000      0.00000      0.00000
      4.03046      0.00000      0.00000      0.00000
      4.04046      0.00000      0.00000      0.00000
      4.05046      0.00000      0.00000      0.00000
      4.06046      0.00000      0.00000      0.00000
      4.07046      0.00000      0.00000      0.00000
      4.08046      0.00000      0.00000      0.00000
      4.09046      0.00000      0.00000      0.00000
      4.10046      0.00000      0.00000      0.00000
      4.11046      0.00000      0.00000      0.00000
      4.12046      0.00000      0.00000      0.00000
      4.13046      0.00000      0.00000      0.00000
      4.14046      0.00000      0.00000      0.00000
      4.15046      0.00000      0.00000      0.00000
      4.16046      0.00000      0.00000      0.00000
      4.17046      0.00000      0.00000      0.00000
      4.18046      0.00000      0.00000      0.00000
      4.19046      0.00000      0.00000      0.00000
      4.20046      0.00000      0.00000      0.00000
      4.21046      0.00000      0.00000      0.00000
      4.22046      0.00000      0.00000      0.00000
      4.23046      0.00000      0.00000      0.00000
      4.24046      0.00000      0.00000      0.00000
      4.25046      0.00000      0.00000      0.00000
      4.26046      0.00000      0.00000      0.00000
      4.27046      0.00000      0.00000      0.00000
      4.28046      0.00000      0.00000      0.00000
      4.29046      0.00000      0.00000      0.00000
      4.30046      0.00000      0.00000      0.00000
      4.31046      0.00000      0.00000      0.00000
      4.32046      0.00000      0.00000      0.00000
      4.33046      0.00000      0.00000      0.00000
      4.34046      0.00000      0.00000      0.00000
      4.35046      0.00000      0.00000      0.00000
      4.36046      0.00000      0.00000      0.00000
      4.37046      0.00000      0.00000      0.00000
      4.38046      0.00000      0.00000      0.00000
      4.39046      0.00000      0.00000      0.00000
      4.40046      0.00000      0.00000      0.00000
      4.41046      0.00000      0.00000      0.00000
      4.42046      0.00000      0.00000      0.00000
      4.43046      0.00000      0.00000      0.00000
      4.44046      0.00000      0.00000      0.00000
      4.45046      0.00000      0.00000      0.00000
      4.46046      0.00000      0.00000      0.00000
      4.47046      0.00000      0.00000      0.00000
      4.48046      0.00000      0.00000      0.00000
      4.49046      0.00000      0.00000      0.00000
      4.50046      0.00000      0.00000      0.00000
      4.51046      0.00000      0.00000      0.00000
      4.52046      0.00000      0.00000      0.00000
      4.53046      0.00000      0.00000      0.00000
      4.54046      0.00000      0.00000      0.00000
      4.55046      0.00000      0.00000      0.00000
      4.56046      0.00000      0.00000      0.00000
      4.57046      0.00000      0.00000      0.00000
      4.58046      0.00000      0.00000      0.00000
      4.59046      0.00000      0.00000      0.00000
      4.60046      0.00000      0.00000      0.00000
      4.61046      0.00000      0.00000      0.00000
      4.62046      0.00000      0.00000      0.00000
      4.63046      0.00001      0.00001      0.00000
      4.64046      0.00034      0.00030      0.00004
      4.65046      0.00692      0.00617      0.00075
      4.66046      0.05519      0.04918      0.00601
      4.67046      0.18200      0.16210      0.01990
      4.68046      0.28925      0.25730      0.03195
      4.69046      0.32529      0.28855      0.03674
      4.70046      0.39629      0.35045      0.04584
      4.71046      0.43866      0.38702      0.05164
      4.72046      0.39879      0.35070      0.04808
      4.73046      0.39932      0.34989      0.04944
      4.74046      0.39493      0.34512      0.04982
      4.75046      0.31142      0.27129      0.04013
      4.76046      0.31414      0.27230      0.04184
      4.77046      0.58125      0.50275      0.07850
      4.78046      0.73164      0.63188      0.09976
      4.79046      0.56241      0.48361      0.07879
      4.80046      0.40186      0.34303      0.05882
      4.81046      0.42579      0.36199      0.06381
      4.82046      0.59909      0.50893      0.09016
      4.83046      0.57267      0.48483      0.08783
      4.84046      0.37630      0.31406      0.06224
      4.85046      0.57077      0.46168      0.10909
      4.86046      1.40541      1.12539      0.28003
      4.87046      2.22560      1.77608      0.44953
      4.88046      2.56476      2.03668      0.52808
      4.89046      2.38214      1.87277      0.50937
      4.90046      1.89988      1.48164      0.41824
      4.91046      1.52873      1.19205      0.33669
      4.92046      1.24618      0.97492      0.27127
      4.93046      1.07508      0.84435      0.23073
      4.94046      1.21837      0.95600      0.26237
      4.95046      1.44144      1.12483      0.31661
      4.96046      1.32125      1.02698      0.29427
      4.97046      0.88368      0.68777      0.19592
      4.98046      0.69320      0.54090      0.15230
      4.99046      0.88239      0.68812      0.19427
      5.00046      0.88063      0.68966      0.19097
      5.01046      0.75952      0.59940      0.16012
      5.02046      1.02081      0.79912      0.22169
      5.03046      1.43428      1.10886      0.32542
      5.04046      1.30355      1.00369      0.29987
      5.05046      0.68876      0.53219      0.15657
      5.06046      0.27138      0.21023      0.06114
      5.07046      0.40129      0.30740      0.09389
      5.08046      0.76738      0.58686      0.18053
      5.09046      0.70075      0.53649      0.16426
      5.10046      0.51205      0.39803      0.11403
      5.11046      0.58121      0.45590      0.12531
      5.12046      0.76256      0.58469      0.17787
      5.13046      1.11987      0.84079      0.27908
      5.14046      1.04656      0.78324      0.26331
      5.15046      0.50821      0.38348      0.12472
      5.16046      0.31848      0.24669      0.07178
      5.17046      0.41912      0.32563      0.09349
      5.18046      0.56823      0.43662      0.13160
      5.19046      0.75216      0.56940      0.18276
      5.20046      0.79683      0.60467      0.19217
      5.21046      0.64456      0.49739      0.14717
      5.22046      0.42138      0.32767      0.09371
      5.23046      0.33528      0.25660      0.07869
      5.24046      0.59705      0.44775      0.14931
      5.25046      1.06363      0.78679      0.27685
      5.26046      1.02971      0.75648      0.27323
      5.27046      0.44531      0.32701      0.11830
      5.28046      0.19050      0.14430      0.04619
      5.29046      0.30657      0.23557      0.07100
      5.30046      0.38339      0.29216      0.09123
      5.31046      0.44731      0.33620      0.11112
      5.32046      0.67032      0.49760      0.17272
      5.33046      0.72009      0.53315      0.18694
      5.34046      0.39817      0.29629      0.10188
      5.35046      0.22270      0.16721      0.05550
      5.36046      0.30751      0.23131      0.07620
      5.37046      0.35560      0.26535      0.09025
      5.38046      0.53797      0.39461      0.14336
      5.39046      0.93238      0.67713      0.25524
      5.40046      0.97511      0.70781      0.26730
      5.41046      0.71416      0.52735      0.18681
      5.42046      0.59132      0.44530      0.14602
      5.43046      0.42229      0.32044      0.10185
      5.44046      0.21197      0.16025      0.05172
      5.45046      0.20163      0.14788      0.05375
      5.46046      0.38984      0.28253      0.10731
      5.47046      0.53209      0.38305      0.14904
      5.48046      0.45463      0.32802      0.12662
      5.49046      0.34340      0.25189      0.09151
      5.50046      0.29333      0.21635      0.07697
      5.51046      0.29381      0.21593      0.07788
      5.52046      0.36255      0.26537      0.09719
      5.53046      0.48402      0.35213      0.13189
      5.54046      0.74717      0.53719      0.20998
      5.55046      0.94650      0.67562      0.27088
      5.56046      0.64418      0.45984      0.18434
      5.57046      0.22345      0.16032      0.06313
      5.58046      0.17255      0.12522      0.04733
      5.59046      0.28306      0.20650      0.07656
      5.60046      0.30119      0.22007      0.08112
      5.61046      0.31035      0.22524      0.08511
      5.62046      0.41444      0.29777      0.11667
      5.63046      0.51807      0.36900      0.14908
      5.64046      0.51798      0.36895      0.14902
      5.65046      0.43832      0.31630      0.12202
      5.66046      0.37314      0.27224      0.10090
      5.67046      0.40909      0.29819      0.11090
      5.68046      0.36957      0.26745      0.10212
      5.69046      0.37503      0.26831      0.10672
      5.70046      0.58248      0.41346      0.16902
      5.71046      0.76351      0.53630      0.22721
      5.72046      0.68912      0.47928      0.20984
      5.73046      0.33605      0.23259      0.10346
      5.74046      0.09533      0.06650      0.02883
      5.75046      0.14814      0.10611      0.04203
      5.76046      0.34212      0.24501      0.09711
      5.77046      0.35405      0.25278      0.10127
      5.78046      0.20604      0.14630      0.05974
      5.79046      0.30205      0.21326      0.08879
      5.80046      0.61594      0.43381      0.18213
      5.81046      0.62628      0.43971      0.18656
      5.82046      0.30231      0.21161      0.09070
      5.83046      0.15717      0.11019      0.04698
      5.84046      0.23539      0.16592      0.06947
      5.85046      0.28225      0.19919      0.08305
      5.86046      0.26462      0.18546      0.07916
      5.87046      0.29596      0.20589      0.09007
      5.88046      0.47639      0.33035      0.14603
      5.89046      0.68783      0.47437      0.21345
      5.90046      0.74895      0.51650      0.23246
      5.91046      0.63504      0.44256      0.19249
      5.92046      0.45382      0.31994      0.13388
      5.93046      0.33776      0.23975      0.09801
      5.94046      0.24089      0.17100      0.06989
      5.95046      0.17639      0.12333      0.05306
      5.96046      0.23970      0.16556      0.07414
      5.97046      0.29020      0.20006      0.09014
      5.98046      0.30693      0.20996      0.09697
      5.99046      0.35698      0.24368      0.11330
      6.00046      0.37679      0.25941      0.11739
      6.01046      0.31001      0.21467      0.09534
      6.02046      0.23488      0.16261      0.07226
      6.03046      0.26302      0.18149      0.08152
      6.04046      0.27363      0.18823      0.08540
      6.05046      0.31700      0.21803      0.09896
      6.06046      0.43678      0.29963      0.13715
      6.07046      0.60174      0.41036      0.19138
      6.08046      0.70118      0.47615      0.22503
      6.09046      0.44811      0.30327      0.14484
      6.10046      0.17969      0.12166      0.05802
      6.11046      0.19278      0.13175      0.06105
      6.12046      0.27094      0.18700      0.08451
      6.13046      0.28591      0.21557      0.08115
      6.14046      0.42208      0.43060      0.07144
      6.15046      0.86581      1.02730      0.08314
      6.16046      1.21343      1.45277      0.10776
      6.17046      1.15169      1.32799      0.12081
      6.18046      1.09959      1.18540      0.14858
      6.19046      0.94376      1.00570      0.12949
      6.20046      0.73147      0.78141      0.09702
      6.21046      0.76812      0.78335      0.11789
      6.22046      0.80687      0.84459      0.11237
      6.23046      0.69993      0.74587      0.09082
      6.24046      0.75036      0.73089      0.13115
      6.25046      0.84038      0.78680      0.16255
      6.26046      0.79130      0.72813      0.16023
      6.27046      0.68136      0.59139      0.15688
      6.28046      0.54899      0.51528      0.10563
      6.29046      0.53594      0.62209      0.03982
      6.30046      0.56272      0.64795      0.04370
      6.31046      0.58273      0.56710      0.09887
      6.32046      0.56289      0.50987      0.11513
      6.33046      0.43938      0.44403      0.06551
      6.34046      0.40050      0.43385      0.04408
      6.35046      0.61274      0.57009      0.11719
      6.36046      0.81663      0.68591      0.19574
      6.37046      0.66283      0.56300      0.15583
      6.38046      0.39740      0.37933      0.07098
      6.39046      0.40462      0.42730      0.04941
      6.40046      0.54201      0.55030      0.07762
      6.41046      0.54921      0.54679      0.08439
      6.42046      0.52638      0.53912      0.07308
      6.43046      0.48858      0.48862      0.07457
      6.44046      0.51689      0.46797      0.10554
      6.45046      0.60466      0.49519      0.15221
      6.46046      0.74176      0.59319      0.19493
      6.47046      0.94017      0.78558      0.22790
      6.48046      0.82600      0.71145      0.18755
      6.49046      0.49663      0.40803      0.12307
      6.50046      0.36397      0.28966      0.09518
      6.51046      0.33710      0.31359      0.06342
      6.52046      0.34223      0.34906      0.04779
      6.53046      0.49567      0.48669      0.07949
      6.54046      0.58612      0.58139      0.09009
      6.55046      0.52988      0.53685      0.07515
      6.56046      0.54550      0.52213      0.09507
      6.57046      0.56281      0.49975      0.11982
      6.58046      0.44186      0.36568      0.10886
      6.59046      0.34811      0.30188      0.07802
      6.60046      0.39629      0.36325      0.07797
      6.61046      0.43490      0.40019      0.08510
      6.62046      0.49048      0.46701      0.08702
      6.63046      0.64215      0.60832      0.11504
      6.64046      0.68828      0.60534      0.14985
      6.65046      0.66224      0.49143      0.19635
      6.66046      0.59556      0.42917      0.18417
      6.67046      0.44758      0.40664      0.09067
      6.68046      0.39417      0.41613      0.04694
      6.69046      0.36677      0.32983      0.07622
      6.70046      0.31085      0.22494      0.09538
      6.71046      0.26702      0.19045      0.08335
      6.72046      0.33625      0.30026      0.07042
      6.73046      0.58028      0.58010      0.08646
      6.74046      0.72993      0.72389      0.11252
      6.75046      0.68115      0.65673      0.11618
      6.76046      0.68844      0.62340      0.14046
      6.77046      0.51924      0.43695      0.12459
      6.78046      0.37872      0.30480      0.09875
      6.79046      0.53395      0.45352      0.12602
      6.80046      0.54063      0.46952      0.12202
      6.81046      0.35817      0.28628      0.09519
      6.82046      0.44424      0.32300      0.13644
      6.83046      0.63652      0.50738      0.16998
      6.84046      0.65967      0.55798      0.15790
      6.85046      0.56050      0.47613      0.13317
      6.86046      0.45533      0.44615      0.07431
      6.87046      0.33876      0.38496      0.02540
      6.88046      0.32045      0.33580      0.04051
      6.89046      0.44038      0.38078      0.10141
      6.90046      0.42535      0.31830      0.12600
      6.91046      0.25504      0.18813      0.07707
      6.92046      0.23463      0.21487      0.04697
      6.93046      0.50478      0.43085      0.11928
      6.94046      0.76884      0.61625      0.20502
      6.95046      0.65684      0.56789      0.15121
      6.96046      0.41739      0.42947      0.05553
      6.97046      0.36673      0.38286      0.04504
      6.98046      0.40053      0.36117      0.08256
      6.99046      0.41705      0.36570      0.09234
      7.00046      0.40965      0.37753      0.08090
      7.01046      0.44475      0.41735      0.08483
      7.02046      0.62228      0.57155      0.12575
      7.03046      0.79274      0.70385      0.17353
      7.04046      0.69258      0.56419      0.18051
      7.05046      0.55670      0.39295      0.17943
      7.06046      0.50328      0.36273      0.15779
      7.07046      0.48833      0.40873      0.12076
      7.08046      0.48456      0.44106      0.09961
      7.09046      0.41818      0.40880      0.06947
      7.10046      0.35963      0.33223      0.07053
      7.11046      0.36587      0.28983      0.09991
      7.12046      0.40245      0.34359      0.09638
      7.13046      0.42894      0.40475      0.08059
      7.14046      0.42673      0.39510      0.08390
      7.15046      0.41612      0.34505      0.10502
      7.16046      0.38384      0.32488      0.09428
      7.17046      0.41344      0.37488      0.08810
      7.18046      0.44630      0.40036      0.09734
      7.19046      0.42026      0.36414      0.09870
      7.20046      0.44823      0.33007      0.13764
      7.21046      0.57725      0.40754      0.18657
      7.22046      0.73270      0.60044      0.18894
      7.23046      0.67109      0.65542      0.11225
      7.24046      0.45218      0.49881      0.04296
      7.25046      0.44340      0.47047      0.05421
      7.26046      0.53078      0.51840      0.09064
      7.27046      0.44072      0.38472      0.10072
      7.28046      0.33935      0.26563      0.09481
      7.29046      0.40749      0.33589      0.10421
      7.30046      0.47629      0.38593      0.12564
      7.31046      0.38648      0.29290      0.11384
      7.32046      0.41436      0.34074      0.10811
      7.33046      0.55564      0.52207      0.10879
      7.34046      0.64710      0.62374      0.11643
      7.35046      0.72436      0.64987      0.15153
      7.36046      0.71385      0.62360      0.14661
      7.37046      0.84415      0.74152      0.16326
      7.38046      1.09149      0.96232      0.21415
      7.39046      1.05251      0.99546      0.16915
      7.40046      0.75535      0.79813      0.06340
      7.41046      0.52557      0.59097      0.01187
      7.42046      0.41327      0.44520      0.01680
      7.43046      0.51449      0.48175      0.07136
      7.44046      0.79938      0.72671      0.13639
      7.45046      0.94160      0.92713      0.11972
      7.46046      0.82827      0.84018      0.08699
      7.47046      0.78757      0.71129      0.13389
      7.48046      0.81151      0.68080      0.17269
      7.49046      0.71077      0.65756      0.11532
      7.50046      0.71880      0.74121      0.06417
      7.51046      0.84408      0.86258      0.08024
      7.52046      0.94119      0.93621      0.11384
      7.53046      0.99820      0.97192      0.13529
      7.54046      1.00013      0.95754      0.14234
      7.55046      0.94862      0.91393      0.13690
      7.56046      0.86358      0.84716      0.11865
      7.57046      0.95196      0.90655      0.13076
      7.58046      1.13110      1.08856      0.14716
      7.59046      1.02394      0.99864      0.13462
      7.60046      0.83783      0.75697      0.14294
      7.61046      0.80811      0.70098      0.14669
      7.62046      0.80422      0.74127      0.11872
      7.63046      0.63816      0.62573      0.07061
      7.64046      0.50295      0.48347      0.05583
      7.65046      0.72508      0.66543      0.10146
      7.66046      1.07546      1.02818      0.13443
      7.67046      1.21911      1.19107      0.15246
      7.68046      1.15449      1.12977      0.15606
      7.69046      1.01605      0.98825      0.13499
      7.70046      0.84187      0.78141      0.11739
      7.71046      0.74528      0.67099      0.11404
      7.72046      0.80743      0.78371      0.10031
      7.73046      0.90426      0.91602      0.08816
      7.74046      0.99598      0.95397      0.11574
      7.75046      1.00320      0.90096      0.14763
      7.76046      0.79020      0.70396      0.11086
      7.77046      0.73013      0.65332      0.09862
      7.78046      0.85251      0.78166      0.11869
      7.79046      1.05245      0.98990      0.14492
      7.80046      1.18784      1.05912      0.20223
      7.81046      1.10904      0.90421      0.23982
      7.82046      1.03847      0.86134      0.20563
      7.83046      1.06898      1.01099      0.11774
      7.84046      1.04078      1.08676      0.04868
      7.85046      1.07766      1.14012      0.06517
      7.86046      1.12643      1.12224      0.12046
      7.87046      1.09511      1.03848      0.13103
      7.88046      1.06698      0.99307      0.12590
      7.89046      1.12900      1.03719      0.15812
      7.90046      1.27044      1.15903      0.20054
      7.91046      1.16340      1.04230      0.18840
      7.92046      1.15847      1.08858      0.14068
      7.93046      1.29452      1.26546      0.11351
      7.94046      1.19109      1.09707      0.14186
      7.95046      1.07353      0.90141      0.18678
      7.96046      1.13848      0.95521      0.20487
      7.97046      1.35633      1.18133      0.21775
      7.98046      1.35305      1.16720      0.22338
      7.99046      1.23767      1.05761      0.21746
      8.00046      1.32694      1.19360      0.20015
      8.01046      1.50949      1.44470      0.17006
      8.02046      1.79548      1.73368      0.20076
      8.03046      1.76013      1.62523      0.24353
      8.04046      1.58489      1.35946      0.26716
      8.05046      1.63473      1.36244      0.28697
      8.06046      1.71728      1.48013      0.28145
      8.07046      2.14424      1.90231      0.34005
      8.08046      2.71530      2.36163      0.44358
      8.09046      2.92616      2.45955      0.50147
      8.10046      3.12115      2.56946      0.55844
      8.11046      3.17372      2.60472      0.57905
      8.12046      2.74420      2.28775      0.49251
      8.13046      1.81233      1.56281      0.30795
      8.14046      0.75615      0.71046      0.10759
      8.15046      0.27448      0.31774      0.01727
      8.16046      0.18760      0.24788      0.00117
      8.17046      0.20249      0.27002      0.00003
      8.18046      0.32194      0.42450      0.00000
      8.19046      0.44799      0.58882      0.00000
      8.20046      0.35819      0.46963      0.00000
      8.21046      0.22537      0.29468      0.00000
      8.22046      0.19741      0.25869      0.00000
      8.23046      0.23847      0.31467      0.00000
      8.24046      0.30818      0.40913      0.00000
      8.25046      0.34885      0.46408      0.00000
      8.26046      0.24082      0.32084      0.00000
      8.27046      0.13588      0.18046      0.00000
      8.28046      0.14426      0.19063      0.00000
      8.29046      0.10197      0.13467      0.00000
      8.30046      0.05796      0.07687      0.00000
      8.31046      0.14564      0.19417      0.00000
      8.32046      0.26140      0.34939      0.00000
      8.33046      0.20966      0.28090      0.00000
      8.34046      0.16728      0.22384      0.00000
      8.35046      0.31085      0.41371      0.00000
      8.36046      0.38285      0.50738      0.00000
      8.37046      0.25796      0.34045      0.00000
      8.38046      0.19076      0.25108      0.00000
      8.39046      0.19547      0.25902      0.00000
      8.40046      0.22339      0.29843      0.00000
      8.41046      0.20574      0.27470      0.00000
      8.42046      0.17240      0.22867      0.00000
      8.43046      0.14173      0.18741      0.00000
      8.44046      0.09788      0.13011      0.00000
      8.45046      0.13235      0.17710      0.00000
      8.46046      0.14722      0.19720      0.00000
      8.47046      0.16141      0.21624      0.00000
      8.48046      0.24319      0.32525      0.00000
      8.49046      0.24033      0.32083      0.00000
      8.50046      0.18681      0.24957      0.00000
      8.51046      0.16359      0.21867      0.00000
      8.52046      0.16000      0.21186      0.00000
      8.53046      0.28141      0.36974      0.00000
      8.54046      0.38166      0.50148      0.00000
      8.55046      0.39153      0.51643      0.00000
      8.56046      0.46983      0.62311      0.00000
      8.57046      0.45277      0.60148      0.00000
      8.58046      0.27942      0.37058      0.00000
      8.59046      0.16935      0.22417      0.00000
      8.60046      0.16137      0.21369      0.00000
      8.61046      0.16080      0.21331      0.00000
      8.62046      0.24676      0.32799      0.00000
      8.63046      0.26904      0.35773      0.00000
      8.64046      0.17770      0.23629      0.00000
      8.65046      0.23381      0.31089      0.00000
      8.66046      0.26506      0.35247      0.00000
      8.67046      0.15421      0.20504      0.00000
      8.68046      0.15613      0.20739      0.00000
      8.69046      0.21720      0.28822      0.00000
      8.70046      0.21296      0.28181      0.00000
      8.71046      0.27870      0.36809      0.00000
      8.72046      0.33332      0.44065      0.00000
      8.73046      0.27054      0.35790      0.00000
      8.74046      0.19515      0.25804      0.00000
      8.75046      0.19776      0.26130      0.00000
      8.76046      0.33220      0.43880      0.00000
      8.77046      0.35443      0.46825      0.00000
      8.78046      0.18694      0.24703      0.00000
      8.79046      0.11101      0.14635      0.00000
      8.80046      0.17366      0.22880      0.00000
      8.81046      0.20743      0.27383      0.00000
      8.82046      0.16088      0.21273      0.00000
      8.83046      0.09433      0.12425      0.00000
      8.84046      0.12068      0.15778      0.00000
      8.85046      0.14765      0.19297      0.00000
      8.86046      0.13914      0.18245      0.00000
      8.87046      0.20754      0.27303      0.00000
      8.88046      0.36995      0.48713      0.00000
      8.89046      0.59182      0.77866      0.00000
      8.90046      0.59878      0.78756      0.00000
      8.91046      0.42431      0.55912      0.00000
      8.92046      0.34138      0.45003      0.00000
      8.93046      0.37767      0.49593      0.00000
      8.94046      0.38782      0.50798      0.00000
      8.95046      0.33400      0.43701      0.00000
      8.96046      0.27006      0.35355      0.00000
      8.97046      0.21630      0.28372      0.00000
      8.98046      0.18969      0.24861      0.00000
      8.99046      0.18506      0.24174      0.00000
      9.00046      0.19660      0.25504      0.00000
      9.01046      0.26937      0.34637      0.00000
      9.02046      0.28540      0.36536      0.00000
      9.03046      0.22069      0.28247      0.00000
      9.04046      0.15372      0.19706      0.00000
      9.05046      0.16806      0.21627      0.00000
      9.06046      0.32038      0.41595      0.00000
      9.07046      0.40306      0.52718      0.00000
      9.08046      0.38876      0.50736      0.00000
      9.09046      0.37567      0.48614      0.00000
      9.10046      0.30115      0.38989      0.00000
      9.11046      0.23797      0.30797      0.00000
      9.12046      0.27975      0.35696      0.00000
      9.13046      0.29292      0.37003      0.00000
      9.14046      0.22533      0.28465      0.00000
      9.15046      0.13186      0.16680      0.00000
      9.16046      0.11216      0.13920      0.00000
      9.17046      0.19687      0.24229      0.00000
      9.18046      0.17056      0.20989      0.00000
      9.19046      0.05546      0.06827      0.00000
      9.20046      0.00995      0.01214      0.00000
      9.21046      0.03181      0.03819      0.00000
      9.22046      0.12125      0.14716      0.00000
      9.23046      0.28509      0.35993      0.00000
      9.24046      0.70511      0.91964      0.00000
      9.25046      1.32601      1.72812      0.00000
      9.26046      1.43604      1.84868      0.00000
      9.27046      0.88882      1.12285      0.00000
      9.28046      0.39912      0.48949      0.00000
      9.29046      0.22293      0.26575      0.00000
      9.30046      0.15314      0.18011      0.00000
      9.31046      0.14738      0.17144      0.00000
      9.32046      0.12887      0.14942      0.00000
      9.33046      0.06103      0.07049      0.00000
      9.34046      0.05869      0.06708      0.00000
      9.35046      0.10521      0.12118      0.00000
      9.36046      0.19738      0.23163      0.00000
      9.37046      0.30589      0.36290      0.00000
      9.38046      0.32459      0.38740      0.00000
      9.39046      0.34902      0.41771      0.00000
      9.40046      0.34011      0.41690      0.00000
      9.41046      0.39555      0.50790      0.00000
      9.42046      0.51875      0.67819      0.00000
      9.43046      0.43941      0.56728      0.00000
      9.44046      0.36784      0.43530      0.00000
      9.45046      0.50510      0.56702      0.00000
      9.46046      0.50470      0.56588      0.00000
      9.47046      0.36357      0.41192      0.00000
      9.48046      0.28370      0.32502      0.00000
      9.49046      0.24062      0.27976      0.00000
      9.50046      0.23864      0.27833      0.00000
      9.51046      0.37623      0.42727      0.00000
      9.52046      0.44506      0.50209      0.00000
      9.53046      0.32425      0.37775      0.00000
      9.54046      0.25521      0.30908      0.00000
      9.55046      0.38999      0.46050      0.00001
      9.56046      0.61858      0.70422      0.00009
      9.57046      0.73475      0.82907      0.00042
      9.58046      0.71091      0.82735      0.00079
      9.59046      0.77592      0.94846      0.00107
      9.60046      0.98490      1.21431      0.00253
      9.61046      0.88296      1.06700      0.00362
      9.62046      0.55055      0.63191      0.00245
      9.63046      0.43515      0.46088      0.00424
      9.64046      0.43241      0.43188      0.01255
      9.65046      0.41212      0.40056      0.01767
      9.66046      0.42098      0.42429      0.01502
      9.67046      0.55727      0.58294      0.01598
