Energy-E_F (eV)    DOS (1/eV)    PDOS (1/eV)  of atom type B  N  
     -5.99044      0.57251      0.23380      0.33871
     -5.98044      0.40388      0.16363      0.24025
     -5.97044      0.30769      0.12452      0.18317
     -5.96044      0.18781      0.07649      0.11133
     -5.95044      0.14410      0.05899      0.08511
     -5.94044      0.28349      0.11785      0.16564
     -5.93044      0.39765      0.16833      0.22933
     -5.92044      0.46037      0.19519      0.26518
     -5.91044      0.64771      0.26811      0.37960
     -5.90044      0.73099      0.29580      0.43519
     -5.89044      0.57567      0.23065      0.34502
     -5.88044      0.51645      0.21040      0.30604
     -5.87044      0.56082      0.23206      0.32876
     -5.86044      0.47154      0.19332      0.27822
     -5.85044      0.38707      0.15735      0.22972
     -5.84044      0.42094      0.17494      0.24600
     -5.83044      0.50291      0.21141      0.29150
     -5.82044      0.57073      0.24111      0.32962
     -5.81044      0.69806      0.29663      0.40143
     -5.80044      0.71605      0.30456      0.41149
     -5.79044      0.51572      0.21633      0.29939
     -5.78044      0.29286      0.11918      0.17368
     -5.77044      0.29206      0.11612      0.17594
     -5.76044      0.52594      0.20959      0.31635
     -5.75044      0.75326      0.30281      0.45044
     -5.74044      0.72546      0.29381      0.43165
     -5.73044      0.50841      0.20607      0.30234
     -5.72044      0.34717      0.13914      0.20802
     -5.71044      0.39062      0.15705      0.23357
     -5.70044      0.49546      0.20209      0.29336
     -5.69044      0.49470      0.20399      0.29072
     -5.68044      0.49857      0.20621      0.29237
     -5.67044      0.54107      0.22324      0.31783
     -5.66044      0.47928      0.19814      0.28114
     -5.65044      0.39605      0.16173      0.23432
     -5.64044      0.39571      0.15929      0.23642
     -5.63044      0.43618      0.17671      0.25947
     -5.62044      0.53512      0.21587      0.31925
     -5.61044      0.72451      0.29184      0.43267
     -5.60044      0.90536      0.36816      0.53720
     -5.59044      0.67689      0.28046      0.39643
     -5.58044      0.45758      0.19616      0.26142
     -5.57044      0.44677      0.19078      0.25599
     -5.56044      0.48906      0.20025      0.28880
     -5.55044      0.56372      0.22688      0.33684
     -5.54044      0.49337      0.19942      0.29395
     -5.53044      0.23856      0.09662      0.14194
     -5.52044      0.15615      0.06413      0.09202
     -5.51044      0.37612      0.15576      0.22035
     -5.50044      0.59414      0.24415      0.34999
     -5.49044      0.69356      0.27997      0.41359
     -5.48044      0.77359      0.31069      0.46290
     -5.47044      0.85243      0.34579      0.50664
     -5.46044      0.83183      0.33877      0.49306
     -5.45044      0.60826      0.24502      0.36324
     -5.44044      0.41047      0.16254      0.24793
     -5.43044      0.37138      0.14712      0.22425
     -5.42044      0.44859      0.18030      0.26829
     -5.41044      0.57124      0.22890      0.34234
     -5.40044      0.45947      0.18280      0.27668
     -5.39044      0.40067      0.16070      0.23997
     -5.38044      0.49810      0.20162      0.29648
     -5.37044      0.53501      0.21859      0.31642
     -5.36044      0.63943      0.26517      0.37426
     -5.35044      0.77520      0.32193      0.45327
     -5.34044      0.71175      0.29513      0.41662
     -5.33044      0.56763      0.23295      0.33468
     -5.32044      0.63018      0.25203      0.37815
     -5.31044      0.62500      0.24676      0.37824
     -5.30044      0.44258      0.17335      0.26923
     -5.29044      0.24611      0.09625      0.14986
     -5.28044      0.25714      0.10220      0.15494
     -5.27044      0.52888      0.21208      0.31681
     -5.26044      0.74253      0.29656      0.44597
     -5.25044      0.73316      0.28745      0.44571
     -5.24044      0.67944      0.26234      0.41710
     -5.23044      0.75821      0.29397      0.46425
     -5.22044      0.85431      0.33243      0.52189
     -5.21044      1.03195      0.40281      0.62914
     -5.20044      1.12087      0.43588      0.68499
     -5.19044      0.91511      0.35279      0.56231
     -5.18044      0.87378      0.33843      0.53535
     -5.17044      1.07176      0.42112      0.65064
     -5.16044      1.12339      0.44154      0.68185
     -5.15044      1.01046      0.39451      0.61594
     -5.14044      0.87858      0.34393      0.53465
     -5.13044      0.84889      0.33398      0.51491
     -5.12044      0.82165      0.32535      0.49630
     -5.11044      0.75855      0.29771      0.46083
     -5.10044      0.79247      0.30141      0.49107
     -5.09044      0.95028      0.35841      0.59187
     -5.08044      0.99275      0.38067      0.61208
     -5.07044      0.84380      0.33067      0.51313
     -5.06044      0.77752      0.30174      0.47578
     -5.05044      0.72137      0.27240      0.44897
     -5.04044      0.51310      0.19032      0.32278
     -5.03044      0.37638      0.14190      0.23447
     -5.02044      0.63407      0.24557      0.38849
     -5.01044      1.04920      0.40371      0.64549
     -5.00044      1.29061      0.49820      0.79242
     -4.99044      1.35029      0.52498      0.82531
     -4.98044      1.02831      0.39517      0.63314
     -4.97044      0.71775      0.26942      0.44833
     -4.96044      0.77011      0.28847      0.48164
     -4.95044      0.92467      0.35256      0.57212
     -4.94044      0.91725      0.35403      0.56321
     -4.93044      0.81687      0.31718      0.49968
     -4.92044      0.89278      0.34852      0.54426
     -4.91044      1.00853      0.38889      0.61964
     -4.90044      1.06369      0.40672      0.65697
     -4.89044      1.08831      0.41889      0.66942
     -4.88044      0.96953      0.37466      0.59487
     -4.87044      0.93073      0.35911      0.57161
     -4.86044      0.91689      0.34904      0.56785
     -4.85044      0.91232      0.34198      0.57034
     -4.84044      0.84544      0.31938      0.52606
     -4.83044      0.77571      0.29911      0.47660
     -4.82044      0.87925      0.34325      0.53600
     -4.81044      0.83670      0.32562      0.51107
     -4.80044      0.80830      0.30698      0.50132
     -4.79044      1.15131      0.43645      0.71486
     -4.78044      1.33886      0.51225      0.82661
     -4.77044      1.10528      0.42024      0.68503
     -4.76044      0.79375      0.29390      0.49985
     -4.75044      0.61511      0.22415      0.39096
     -4.74044      0.68961      0.25565      0.43395
     -4.73044      0.96238      0.36335      0.59903
     -4.72044      1.02212      0.38621      0.63592
     -4.71044      0.96390      0.36130      0.60259
     -4.70044      0.93907      0.35760      0.58147
     -4.69044      0.94954      0.36996      0.57958
     -4.68044      1.14440      0.44431      0.70009
     -4.67044      1.24312      0.47788      0.76524
     -4.66044      1.26325      0.48005      0.78320
     -4.65044      1.33583      0.50747      0.82836
     -4.64044      1.12555      0.42712      0.69843
     -4.63044      0.73805      0.27608      0.46197
     -4.62044      0.58087      0.21470      0.36617
     -4.61044      0.61175      0.22471      0.38705
     -4.60044      0.75409      0.27582      0.47827
     -4.59044      0.95047      0.34960      0.60088
     -4.58044      1.22501      0.45877      0.76625
     -4.57044      1.43673      0.54819      0.88854
     -4.56044      1.33625      0.51090      0.82535
     -4.55044      1.09268      0.41124      0.68144
     -4.54044      0.81374      0.30614      0.50761
     -4.53044      0.67019      0.25692      0.41326
     -4.52044      0.97513      0.36905      0.60608
     -4.51044      1.26667      0.46914      0.79753
     -4.50044      1.35835      0.50096      0.85739
     -4.49044      1.26801      0.47303      0.79498
     -4.48044      1.06785      0.40522      0.66263
     -4.47044      0.96547      0.37031      0.59516
     -4.46044      0.84207      0.32087      0.52120
     -4.45044      0.90658      0.34547      0.56111
     -4.44044      1.37878      0.52316      0.85562
     -4.43044      1.72350      0.64795      1.07555
     -4.42044      1.50773      0.56014      0.94759
     -4.41044      1.17979      0.43309      0.74670
     -4.40044      1.07759      0.39950      0.67809
     -4.39044      1.00006      0.37969      0.62036
     -4.38044      1.03045      0.39472      0.63573
     -4.37044      1.10675      0.41332      0.69343
     -4.36044      1.23448      0.45176      0.78271
     -4.35044      1.35028      0.49112      0.85916
     -4.34044      1.24353      0.45177      0.79176
     -4.33044      1.15235      0.42276      0.72960
     -4.32044      1.30013      0.48175      0.81838
     -4.31044      1.58666      0.59358      0.99308
     -4.30044      2.04026      0.76551      1.27475
     -4.29044      2.16009      0.80624      1.35385
     -4.28044      1.72507      0.63652      1.08855
     -4.27044      1.19072      0.43309      0.75764
     -4.26044      1.03623      0.38066      0.65557
     -4.25044      1.16637      0.43425      0.73212
     -4.24044      1.25752      0.46944      0.78808
     -4.23044      1.30165      0.48768      0.81397
     -4.22044      1.25154      0.46930      0.78224
     -4.21044      1.18598      0.44548      0.74050
     -4.20044      1.18563      0.44488      0.74075
     -4.19044      1.26785      0.47587      0.79198
     -4.18044      1.47147      0.54513      0.92634
     -4.17044      1.43837      0.52016      0.91821
     -4.16044      1.21357      0.43612      0.77745
     -4.15044      1.12581      0.41429      0.71152
     -4.14044      1.03095      0.38795      0.64299
     -4.13044      1.03563      0.39423      0.64140
     -4.12044      1.19397      0.45096      0.74301
     -4.11044      1.25529      0.46664      0.78865
     -4.10044      1.32179      0.48853      0.83326
     -4.09044      1.14132      0.42156      0.71976
     -4.08044      0.84682      0.30985      0.53697
     -4.07044      0.83853      0.30283      0.53570
     -4.06044      1.00960      0.36480      0.64480
     -4.05044      0.90527      0.33324      0.57203
     -4.04044      0.73361      0.27631      0.45730
     -4.03044      0.79067      0.29353      0.49715
     -4.02044      0.95820      0.35206      0.60614
     -4.01044      1.17304      0.43614      0.73689
     -4.00044      1.27137      0.47601      0.79536
     -3.99044      1.26654      0.47111      0.79543
     -3.98044      1.09980      0.40134      0.69846
     -3.97044      0.80421      0.29003      0.51418
     -3.96044      0.89860      0.32787      0.57073
     -3.95044      1.09826      0.40174      0.69652
     -3.94044      1.03795      0.37862      0.65933
     -3.93044      0.98912      0.36359      0.62553
     -3.92044      0.88424      0.32760      0.55664
     -3.91044      0.81279      0.29989      0.51289
     -3.90044      0.97028      0.35988      0.61040
     -3.89044      1.21735      0.45135      0.76600
     -3.88044      1.21619      0.44186      0.77433
     -3.87044      0.82501      0.29207      0.53293
     -3.86044      0.48872      0.17329      0.31543
     -3.85044      0.71925      0.26240      0.45685
     -3.84044      1.15167      0.42664      0.72503
     -3.83044      1.03601      0.38970      0.64631
     -3.82044      0.64761      0.24599      0.40162
     -3.81044      0.62111      0.23462      0.38649
     -3.80044      0.94262      0.35323      0.58939
     -3.79044      1.18234      0.44080      0.74154
     -3.78044      1.29409      0.47712      0.81697
     -3.77044      1.38188      0.50203      0.87986
     -3.76044      1.26679      0.45461      0.81218
     -3.75044      0.87759      0.31065      0.56695
     -3.74044      0.52637      0.18496      0.34141
     -3.73044      0.46910      0.16396      0.30514
     -3.72044      0.60653      0.21398      0.39256
     -3.71044      0.85454      0.30973      0.54481
     -3.70044      1.01021      0.37543      0.63478
     -3.69044      0.93853      0.35347      0.58507
     -3.68044      0.85721      0.31551      0.54170
     -3.67044      0.84559      0.30578      0.53981
     -3.66044      0.81995      0.29868      0.52128
     -3.65044      0.81116      0.28950      0.52166
     -3.64044      0.92885      0.32923      0.59963
     -3.63044      1.11049      0.40587      0.70463
     -3.62044      1.11155      0.41440      0.69715
     -3.61044      0.85589      0.31490      0.54099
     -3.60044      0.62309      0.22414      0.39895
     -3.59044      0.49325      0.17888      0.31437
     -3.58044      0.52644      0.19642      0.33002
     -3.57044      0.85556      0.31653      0.53903
     -3.56044      1.22239      0.44343      0.77896
     -3.55044      1.22816      0.43781      0.79034
     -3.54044      0.96653      0.34305      0.62348
     -3.53044      0.74479      0.26516      0.47963
     -3.52044      0.64093      0.22438      0.41656
     -3.51044      0.66876      0.23481      0.43395
     -3.50044      0.68485      0.24489      0.43995
     -3.49044      0.66592      0.23817      0.42775
     -3.48044      0.74030      0.26801      0.47229
     -3.47044      1.06281      0.39206      0.67076
     -3.46044      1.29816      0.48021      0.81795
     -3.45044      1.17995      0.43159      0.74836
     -3.44044      0.89414      0.32409      0.57004
     -3.43044      0.71034      0.25937      0.45097
     -3.42044      0.77608      0.28401      0.49207
     -3.41044      0.69166      0.25070      0.44096
     -3.40044      0.48471      0.17378      0.31093
     -3.39044      0.55915      0.19640      0.36275
     -3.38044      0.87629      0.31211      0.56419
     -3.37044      0.92078      0.33133      0.58945
     -3.36044      0.67788      0.24450      0.43338
     -3.35044      0.57293      0.20821      0.36472
     -3.34044      0.70165      0.24526      0.45639
     -3.33044      0.94494      0.32856      0.61638
     -3.32044      1.04408      0.37231      0.67176
     -3.31044      1.02047      0.36868      0.65180
     -3.30044      1.10368      0.39643      0.70725
     -3.29044      1.15798      0.41301      0.74497
     -3.28044      0.80739      0.28858      0.51881
     -3.27044      0.44867      0.15946      0.28920
     -3.26044      0.38271      0.13033      0.25238
     -3.25044      0.49290      0.16958      0.32332
     -3.24044      0.65285      0.22949      0.42335
     -3.23044      0.70277      0.24974      0.45303
     -3.22044      0.66572      0.23658      0.42914
     -3.21044      0.90067      0.31735      0.58333
     -3.20044      1.09572      0.38515      0.71057
     -3.19044      0.86797      0.30806      0.55991
     -3.18044      0.72492      0.26670      0.45822
     -3.17044      0.77478      0.28549      0.48929
     -3.16044      0.81457      0.29332      0.52124
     -3.15044      0.76249      0.28016      0.48234
     -3.14044      0.65820      0.25096      0.40725
     -3.13044      0.72035      0.27141      0.44894
     -3.12044      0.96140      0.34915      0.61225
     -3.11044      1.06778      0.37425      0.69353
     -3.10044      0.94764      0.31731      0.63033
     -3.09044      0.80739      0.26508      0.54231
     -3.08044      0.68423      0.22850      0.45573
     -3.07044      0.74893      0.25820      0.49073
     -3.06044      0.71403      0.25240      0.46163
     -3.05044      0.58788      0.20967      0.37821
     -3.04044      0.58429      0.20848      0.37582
     -3.03044      0.70460      0.24560      0.45900
     -3.02044      0.78372      0.26669      0.51702
     -3.01044      0.52490      0.17644      0.34846
     -3.00044      0.31918      0.10724      0.21194
     -2.99044      0.48570      0.17451      0.31119
     -2.98044      0.89886      0.32800      0.57086
     -2.97044      1.19096      0.42402      0.76694
     -2.96044      1.17614      0.41415      0.76199
     -2.95044      0.92293      0.32987      0.59305
     -2.94044      0.85920      0.30505      0.55415
     -2.93044      1.05939      0.37173      0.68766
     -2.92044      0.87454      0.31114      0.56340
     -2.91044      0.45504      0.16388      0.29116
     -2.90044      0.37734      0.12641      0.25093
     -2.89044      0.50962      0.16570      0.34392
     -2.88044      0.44183      0.14697      0.29486
     -2.87044      0.37624      0.13803      0.23821
     -2.86044      0.51049      0.19136      0.31913
     -2.85044      0.76636      0.26900      0.49736
     -2.84044      1.13440      0.38339      0.75101
     -2.83044      1.25329      0.42135      0.83195
     -2.82044      1.01200      0.34025      0.67175
     -2.81044      0.76182      0.26309      0.49873
     -2.80044      0.66581      0.23604      0.42977
     -2.79044      0.54183      0.18613      0.35570
     -2.78044      0.49443      0.16684      0.32759
     -2.77044      0.60501      0.21508      0.38993
     -2.76044      0.80147      0.28863      0.51284
     -2.75044      1.04185      0.37054      0.67132
     -2.74044      1.13443      0.40046      0.73397
     -2.73044      0.92169      0.31874      0.60295
     -2.72044      0.61992      0.20429      0.41563
     -2.71044      0.51389      0.17053      0.34336
     -2.70044      0.59872      0.20789      0.39082
     -2.69044      0.66750      0.22978      0.43772
     -2.68044      0.57066      0.18760      0.38306
     -2.67044      0.49111      0.15862      0.33249
     -2.66044      0.59965      0.20476      0.39489
     -2.65044      0.77849      0.27159      0.50690
     -2.64044      0.78481      0.27346      0.51135
     -2.63044      0.56790      0.20282      0.36508
     -2.62044      0.48926      0.17217      0.31709
     -2.61044      0.58576      0.19294      0.39283
     -2.60044      0.64308      0.20834      0.43475
     -2.59044      0.73636      0.24364      0.49273
     -2.58044      0.73294      0.24588      0.48705
     -2.57044      0.66391      0.22651      0.43739
     -2.56044      0.84433      0.29087      0.55347
     -2.55044      1.33967      0.46320      0.87647
     -2.54044      1.47747      0.51034      0.96713
     -2.53044      1.04366      0.35677      0.68689
     -2.52044      0.68929      0.23635      0.45294
     -2.51044      0.48179      0.16582      0.31597
     -2.50044      0.41682      0.13588      0.28094
     -2.49044      0.31042      0.09852      0.21190
     -2.48044      0.30521      0.09997      0.20524
     -2.47044      0.58985      0.19759      0.39226
     -2.46044      0.83932      0.28167      0.55765
     -2.45044      0.94694      0.31621      0.63073
     -2.44044      0.88026      0.29242      0.58783
     -2.43044      0.70960      0.23749      0.47211
     -2.42044      0.48106      0.16525      0.31581
     -2.41044      0.33479      0.11407      0.22073
     -2.40044      0.52222      0.17160      0.35062
     -2.39044      0.71385      0.23304      0.48082
     -2.38044      0.67322      0.22214      0.45108
     -2.37044      0.65119      0.22534      0.42585
     -2.36044      0.96683      0.34324      0.62359
     -2.35044      1.06468      0.37613      0.68856
     -2.34044      0.70215      0.24065      0.46150
     -2.33044      0.63546      0.19710      0.43837
     -2.32044      0.78660      0.23363      0.55296
     -2.31044      0.77686      0.23717      0.53969
     -2.30044      0.61803      0.19818      0.41985
     -2.29044      0.50803      0.16924      0.33879
     -2.28044      0.53127      0.18249      0.34877
     -2.27044      0.79756      0.27823      0.51933
     -2.26044      1.09926      0.37609      0.72317
     -2.25044      1.04992      0.34767      0.70224
     -2.24044      0.71901      0.22894      0.49007
     -2.23044      0.43634      0.13679      0.29954
     -2.22044      0.38934      0.12393      0.26541
     -2.21044      0.44545      0.13979      0.30566
     -2.20044      0.54799      0.17654      0.37145
     -2.19044      0.78819      0.26135      0.52684
     -2.18044      1.06111      0.35679      0.70432
     -2.17044      1.04354      0.35484      0.68870
     -2.16044      0.80440      0.26728      0.53712
     -2.15044      0.61479      0.18830      0.42649
     -2.14044      0.42663      0.12822      0.29841
     -2.13044      0.33576      0.11592      0.21984
     -2.12044      0.47955      0.17038      0.30917
     -2.11044      0.63616      0.20812      0.42805
     -2.10044      0.68714      0.21371      0.47342
     -2.09044      0.63639      0.20471      0.43168
     -2.08044      0.55379      0.18514      0.36865
     -2.07044      0.67026      0.21541      0.45485
     -2.06044      0.87023      0.26686      0.60336
     -2.05044      0.83617      0.25418      0.58199
     -2.04044      0.84153      0.26237      0.57916
     -2.03044      1.01026      0.32472      0.68555
     -2.02044      1.08315      0.35721      0.72594
     -2.01044      0.91128      0.30898      0.60230
     -2.00044      0.62770      0.21524      0.41245
     -1.99044      0.46321      0.15610      0.30711
     -1.98044      0.42120      0.12972      0.29148
     -1.97044      0.54152      0.15683      0.38468
     -1.96044      0.72325      0.21488      0.50837
     -1.95044      0.66091      0.20312      0.45779
     -1.94044      0.55541      0.17552      0.37989
     -1.93044      0.72478      0.23161      0.49317
     -1.92044      0.85980      0.27542      0.58438
     -1.91044      0.67150      0.21311      0.45839
     -1.90044      0.58783      0.18080      0.40703
     -1.89044      0.60816      0.18891      0.41925
     -1.88044      0.73694      0.24046      0.49648
     -1.87044      0.93373      0.30264      0.63109
     -1.86044      0.79339      0.24902      0.54437
     -1.85044      0.44217      0.14227      0.29991
     -1.84044      0.29609      0.10181      0.19428
     -1.83044      0.46791      0.15175      0.31616
     -1.82044      0.79418      0.24939      0.54479
     -1.81044      0.83739      0.26300      0.57440
     -1.80044      0.68412      0.20713      0.47699
     -1.79044      0.79789      0.23114      0.56676
     -1.78044      0.95651      0.28017      0.67634
     -1.77044      0.90216      0.27600      0.62615
     -1.76044      0.85670      0.26713      0.58956
     -1.75044      0.88185      0.26983      0.61202
     -1.74044      0.76786      0.23068      0.53718
     -1.73044      0.57140      0.17472      0.39669
     -1.72044      0.44488      0.14209      0.30279
     -1.71044      0.38178      0.12132      0.26046
     -1.70044      0.52656      0.16139      0.36517
     -1.69044      0.77248      0.23212      0.54036
     -1.68044      0.87832      0.26152      0.61679
     -1.67044      0.85245      0.26136      0.59109
     -1.66044      0.87932      0.27667      0.60265
     -1.65044      0.87621      0.26812      0.60809
     -1.64044      0.63168      0.18432      0.44736
     -1.63044      0.46452      0.13350      0.33102
     -1.62044      0.62522      0.18666      0.43856
     -1.61044      0.68548      0.21100      0.47448
     -1.60044      0.64270      0.19327      0.44942
     -1.59044      0.67931      0.19687      0.48244
     -1.58044      0.65453      0.20111      0.45342
     -1.57044      0.49422      0.16477      0.32944
     -1.56044      0.48430      0.15483      0.32947
     -1.55044      0.70435      0.20881      0.49554
     -1.54044      0.81225      0.23301      0.57924
     -1.53044      0.87365      0.24910      0.62456
     -1.52044      0.99653      0.28212      0.71441
     -1.51044      0.94415      0.26406      0.68009
     -1.50044      0.76494      0.21743      0.54752
     -1.49044      0.67684      0.18502      0.49181
     -1.48044      0.62624      0.15913      0.46711
     -1.47044      0.46489      0.11492      0.34997
     -1.46044      0.28244      0.06953      0.21291
     -1.45044      0.22542      0.05529      0.17013
     -1.44044      0.32901      0.07989      0.24911
     -1.43044      0.54214      0.13091      0.41123
     -1.42044      0.58968      0.14205      0.44763
     -1.41044      0.48643      0.11721      0.36922
     -1.40044      0.44655      0.10786      0.33869
     -1.39044      0.54000      0.13020      0.40980
     -1.38044      0.52657      0.12659      0.39998
     -1.37044      0.39232      0.09389      0.29843
     -1.36044      0.42682      0.10143      0.32539
     -1.35044      0.53443      0.12642      0.40801
     -1.34044      0.42275      0.09958      0.32317
     -1.33044      0.33820      0.07945      0.25874
     -1.32044      0.37368      0.08747      0.28621
     -1.31044      0.38603      0.08959      0.29644
     -1.30044      0.38817      0.08959      0.29858
     -1.29044      0.36185      0.08358      0.27827
     -1.28044      0.48973      0.11341      0.37632
     -1.27044      0.78171      0.18142      0.60030
     -1.26044      0.86572      0.20097      0.66475
     -1.25044      0.72385      0.16742      0.55642
     -1.24044      0.65018      0.14947      0.50071
     -1.23044      0.57637      0.13197      0.44440
     -1.22044      0.46261      0.10529      0.35732
     -1.21044      0.53213      0.11962      0.41251
     -1.20044      0.62107      0.13872      0.48235
     -1.19044      0.56986      0.12705      0.44281
     -1.18044      0.48830      0.10858      0.37972
     -1.17044      0.44468      0.09825      0.34642
     -1.16044      0.39636      0.08735      0.30902
     -1.15044      0.43547      0.09616      0.33931
     -1.14044      0.67386      0.14854      0.52532
     -1.13044      0.77391      0.16982      0.60409
     -1.12044      0.68728      0.14972      0.53756
     -1.11044      0.60899      0.13153      0.47746
     -1.10044      0.53199      0.11445      0.41754
     -1.09044      0.45221      0.09662      0.35559
     -1.08044      0.55755      0.11801      0.43954
     -1.07044      0.54876      0.11557      0.43319
     -1.06044      0.40490      0.08492      0.31998
     -1.05044      0.40655      0.08472      0.32183
     -1.04044      0.50755      0.10486      0.40268
     -1.03044      0.70101      0.14543      0.55558
     -1.02044      1.03038      0.21619      0.81420
     -1.01044      1.10955      0.23345      0.87610
     -1.00044      0.97622      0.20363      0.77259
     -0.99044      0.91569      0.18832      0.72736
     -0.98044      0.88032      0.17888      0.70144
     -0.97044      0.83367      0.16788      0.66579
     -0.96044      0.79650      0.15913      0.63737
     -0.95044      0.78864      0.15600      0.63264
     -0.94044      0.84352      0.16512      0.67840
     -0.93044      0.90305      0.17505      0.72800
     -0.92044      1.03381      0.19861      0.83520
     -0.91044      1.25270      0.24015      1.01254
     -0.90044      1.23170      0.23834      0.99336
     -0.89044      0.89371      0.17516      0.71854
     -0.88044      0.70308      0.13709      0.56599
     -0.87044      0.75734      0.14506      0.61228
     -0.86044      0.79880      0.15112      0.64768
     -0.85044      0.57122      0.10699      0.46423
     -0.84044      0.33380      0.06156      0.27224
     -0.83044      0.26953      0.04912      0.22041
     -0.82044      0.30526      0.05543      0.24982
     -0.81044      0.44654      0.08123      0.36532
     -0.80044      0.87111      0.16070      0.71042
     -0.79044      1.67372      0.31370      1.36002
     -0.78044      1.91218      0.36048      1.55170
     -0.77044      1.05758      0.19827      0.85931
     -0.76044      0.38639      0.07040      0.31598
     -0.75044      0.21271      0.03748      0.17522
     -0.74044      0.24302      0.04240      0.20062
     -0.73044      0.28834      0.05029      0.23806
     -0.72044      0.30332      0.05279      0.25053
     -0.71044      0.35204      0.06131      0.29072
     -0.70044      0.42501      0.07439      0.35061
     -0.69044      0.62764      0.11058      0.51706
     -0.68044      0.82598      0.14588      0.68010
     -0.67044      0.71805      0.12577      0.59229
     -0.66044      0.39798      0.06846      0.32952
     -0.65044      0.25938      0.04374      0.21564
     -0.64044      0.28497      0.04765      0.23733
     -0.63044      0.35656      0.05935      0.29721
     -0.62044      0.44433      0.07377      0.37056
     -0.61044      0.52309      0.08677      0.43632
     -0.60044      0.61006      0.10128      0.50878
     -0.59044      0.76272      0.12724      0.63548
     -0.58044      0.91454      0.15326      0.76128
     -0.57044      0.84406      0.14048      0.70358
     -0.56044      0.48203      0.07880      0.40323
     -0.55044      0.19203      0.03064      0.16139
     -0.54044      0.19825      0.03102      0.16723
     -0.53044      0.30447      0.04741      0.25706
     -0.52044      0.32481      0.05017      0.27465
     -0.51044      0.41804      0.06425      0.35379
     -0.50044      0.43582      0.06717      0.36865
     -0.49044      0.41606      0.06441      0.35165
     -0.48044      0.47988      0.07404      0.40584
     -0.47044      0.41892      0.06386      0.35506
     -0.46044      0.31450      0.04696      0.26754
     -0.45044      0.30853      0.04532      0.26321
     -0.44044      0.37554      0.05472      0.32082
     -0.43044      0.41481      0.06011      0.35470
     -0.42044      0.42517      0.06143      0.36374
     -0.41044      0.42668      0.06174      0.36494
     -0.40044      0.56899      0.08190      0.48709
     -0.39044      0.73961      0.10550      0.63411
     -0.38044      0.52727      0.07471      0.45256
     -0.37044      0.18638      0.02610      0.16028
     -0.36044      0.15901      0.02143      0.13758
     -0.35044      0.29747      0.03984      0.25764
     -0.34044      0.34175      0.04542      0.29633
     -0.33044      0.37408      0.04923      0.32485
     -0.32044      0.40713      0.05358      0.35355
     -0.31044      0.35757      0.04698      0.31059
     -0.30044      0.31106      0.04029      0.27077
     -0.29044      0.27156      0.03446      0.23710
     -0.28044      0.26318      0.03288      0.23030
     -0.27044      0.32230      0.03979      0.28251
     -0.26044      0.42294      0.05171      0.37124
     -0.25044      0.51598      0.06258      0.45340
     -0.24044      0.53209      0.06427      0.46782
     -0.23044      0.36849      0.04431      0.32418
     -0.22044      0.26278      0.03073      0.23205
     -0.21044      0.29155      0.03340      0.25815
     -0.20044      0.20779      0.02362      0.18417
     -0.19044      0.20236      0.02248      0.17988
     -0.18044      0.34826      0.03829      0.30997
     -0.17044      0.39312      0.04276      0.35037
     -0.16044      0.35225      0.03771      0.31454
     -0.15044      0.26832      0.02834      0.23998
     -0.14044      0.25325      0.02621      0.22704
     -0.13044      0.36076      0.03674      0.32402
     -0.12044      0.42122      0.04246      0.37876
     -0.11044      0.34200      0.03398      0.30802
     -0.10044      0.26039      0.02526      0.23513
     -0.09044      0.25171      0.02386      0.22785
     -0.08044      0.27457      0.02559      0.24898
     -0.07044      0.27655      0.02537      0.25118
     -0.06044      0.26315      0.02358      0.23957
     -0.05044      0.32727      0.02862      0.29865
     -0.04044      0.36404      0.03142      0.33262
     -0.03044      0.27063      0.02297      0.24766
     -0.02044      0.23128      0.01900      0.21228
     -0.01044      0.24205      0.01951      0.22254
     -0.00044      0.15759      0.01260      0.14499
      0.00956      0.04801      0.00382      0.04419
      0.01956      0.00599      0.00048      0.00551
      0.02956      0.00029      0.00002      0.00026
      0.03956      0.00001      0.00000      0.00000
      0.04956      0.00000      0.00000      0.00000
      0.05956      0.00000      0.00000      0.00000
      0.06956      0.00000      0.00000      0.00000
      0.07956      0.00000      0.00000      0.00000
      0.08956      0.00000      0.00000      0.00000
      0.09956      0.00000      0.00000      0.00000
      0.10956      0.00000      0.00000      0.00000
      0.11956      0.00000      0.00000      0.00000
      0.12956      0.00000      0.00000      0.00000
      0.13956      0.00000      0.00000      0.00000
      0.14956      0.00000      0.00000      0.00000
      0.15956      0.00000      0.00000      0.00000
      0.16956      0.00000      0.00000      0.00000
      0.17956      0.00000      0.00000      0.00000
      0.18956      0.00000      0.00000      0.00000
      0.19956      0.00000      0.00000      0.00000
      0.20956      0.00000      0.00000      0.00000
      0.21956      0.00000      0.00000      0.00000
      0.22956      0.00000      0.00000      0.00000
      0.23956      0.00000      0.00000      0.00000
      0.24956      0.00000      0.00000      0.00000
      0.25956      0.00000      0.00000      0.00000
      0.26956      0.00000      0.00000      0.00000
      0.27956      0.00000      0.00000      0.00000
      0.28956      0.00000      0.00000      0.00000
      0.29956      0.00000      0.00000      0.00000
      0.30956      0.00000      0.00000      0.00000
      0.31956      0.00000      0.00000      0.00000
      0.32956      0.00000      0.00000      0.00000
      0.33956      0.00000      0.00000      0.00000
      0.34956      0.00000      0.00000      0.00000
      0.35956      0.00000      0.00000      0.00000
      0.36956      0.00000      0.00000      0.00000
      0.37956      0.00000      0.00000      0.00000
      0.38956      0.00000      0.00000      0.00000
      0.39956      0.00000      0.00000      0.00000
      0.40956      0.00000      0.00000      0.00000
      0.41956      0.00000      0.00000      0.00000
      0.42956      0.00000      0.00000      0.00000
      0.43956      0.00000      0.00000      0.00000
      0.44956      0.00000      0.00000      0.00000
      0.45956      0.00000      0.00000      0.00000
      0.46956      0.00000      0.00000      0.00000
      0.47956      0.00000      0.00000      0.00000
      0.48956      0.00000      0.00000      0.00000
      0.49956      0.00000      0.00000      0.00000
      0.50956      0.00000      0.00000      0.00000
      0.51956      0.00000      0.00000      0.00000
      0.52956      0.00000      0.00000      0.00000
      0.53956      0.00000      0.00000      0.00000
      0.54956      0.00000      0.00000      0.00000
      0.55956      0.00000      0.00000      0.00000
      0.56956      0.00000      0.00000      0.00000
      0.57956      0.00000      0.00000      0.00000
      0.58956      0.00000      0.00000      0.00000
      0.59956      0.00000      0.00000      0.00000
      0.60956      0.00000      0.00000      0.00000
      0.61956      0.00000      0.00000      0.00000
      0.62956      0.00000      0.00000      0.00000
      0.63956      0.00000      0.00000      0.00000
      0.64956      0.00000      0.00000      0.00000
      0.65956      0.00000      0.00000      0.00000
      0.66956      0.00000      0.00000      0.00000
      0.67956      0.00000      0.00000      0.00000
      0.68956      0.00000      0.00000      0.00000
      0.69956      0.00000      0.00000      0.00000
      0.70956      0.00000      0.00000      0.00000
      0.71956      0.00000      0.00000      0.00000
      0.72956      0.00000      0.00000      0.00000
      0.73956      0.00000      0.00000      0.00000
      0.74956      0.00000      0.00000      0.00000
      0.75956      0.00000      0.00000      0.00000
      0.76956      0.00000      0.00000      0.00000
      0.77956      0.00000      0.00000      0.00000
      0.78956      0.00000      0.00000      0.00000
      0.79956      0.00000      0.00000      0.00000
      0.80956      0.00000      0.00000      0.00000
      0.81956      0.00000      0.00000      0.00000
      0.82956      0.00000      0.00000      0.00000
      0.83956      0.00000      0.00000      0.00000
      0.84956      0.00000      0.00000      0.00000
      0.85956      0.00000      0.00000      0.00000
      0.86956      0.00000      0.00000      0.00000
      0.87956      0.00000      0.00000      0.00000
      0.88956      0.00000      0.00000      0.00000
      0.89956      0.00000      0.00000      0.00000
      0.90956      0.00000      0.00000      0.00000
      0.91956      0.00000      0.00000      0.00000
      0.92956      0.00000      0.00000      0.00000
      0.93956      0.00000      0.00000      0.00000
      0.94956      0.00000      0.00000      0.00000
      0.95956      0.00000      0.00000      0.00000
      0.96956      0.00000      0.00000      0.00000
      0.97956      0.00000      0.00000      0.00000
      0.98956      0.00000      0.00000      0.00000
      0.99956      0.00000      0.00000      0.00000
      1.00956      0.00000      0.00000      0.00000
      1.01956      0.00000      0.00000      0.00000
      1.02956      0.00000      0.00000      0.00000
      1.03956      0.00000      0.00000      0.00000
      1.04956      0.00000      0.00000      0.00000
      1.05956      0.00000      0.00000      0.00000
      1.06956      0.00000      0.00000      0.00000
      1.07956      0.00000      0.00000      0.00000
      1.08956      0.00000      0.00000      0.00000
      1.09956      0.00000      0.00000      0.00000
      1.10956      0.00000      0.00000      0.00000
      1.11956      0.00000      0.00000      0.00000
      1.12956      0.00000      0.00000      0.00000
      1.13956      0.00000      0.00000      0.00000
      1.14956      0.00000      0.00000      0.00000
      1.15956      0.00000      0.00000      0.00000
      1.16956      0.00000      0.00000      0.00000
      1.17956      0.00000      0.00000      0.00000
      1.18956      0.00000      0.00000      0.00000
      1.19956      0.00000      0.00000      0.00000
      1.20956      0.00000      0.00000      0.00000
      1.21956      0.00000      0.00000      0.00000
      1.22956      0.00000      0.00000      0.00000
      1.23956      0.00000      0.00000      0.00000
      1.24956      0.00000      0.00000      0.00000
      1.25956      0.00000      0.00000      0.00000
      1.26956      0.00000      0.00000      0.00000
      1.27956      0.00000      0.00000      0.00000
      1.28956      0.00000      0.00000      0.00000
      1.29956      0.00000      0.00000      0.00000
      1.30956      0.00000      0.00000      0.00000
      1.31956      0.00000      0.00000      0.00000
      1.32956      0.00000      0.00000      0.00000
      1.33956      0.00000      0.00000      0.00000
      1.34956      0.00000      0.00000      0.00000
      1.35956      0.00000      0.00000      0.00000
      1.36956      0.00000      0.00000      0.00000
      1.37956      0.00000      0.00000      0.00000
      1.38956      0.00000      0.00000      0.00000
      1.39956      0.00000      0.00000      0.00000
      1.40956      0.00000      0.00000      0.00000
      1.41956      0.00000      0.00000      0.00000
      1.42956      0.00000      0.00000      0.00000
      1.43956      0.00000      0.00000      0.00000
      1.44956      0.00000      0.00000      0.00000
      1.45956      0.00000      0.00000      0.00000
      1.46956      0.00000      0.00000      0.00000
      1.47956      0.00000      0.00000      0.00000
      1.48956      0.00000      0.00000      0.00000
      1.49956      0.00000      0.00000      0.00000
      1.50956      0.00000      0.00000      0.00000
      1.51956      0.00000      0.00000      0.00000
      1.52956      0.00000      0.00000      0.00000
      1.53956      0.00000      0.00000      0.00000
      1.54956      0.00000      0.00000      0.00000
      1.55956      0.00000      0.00000      0.00000
      1.56956      0.00000      0.00000      0.00000
      1.57956      0.00000      0.00000      0.00000
      1.58956      0.00000      0.00000      0.00000
      1.59956      0.00000      0.00000      0.00000
      1.60956      0.00000      0.00000      0.00000
      1.61956      0.00000      0.00000      0.00000
      1.62956      0.00000      0.00000      0.00000
      1.63956      0.00000      0.00000      0.00000
      1.64956      0.00000      0.00000      0.00000
      1.65956      0.00000      0.00000      0.00000
      1.66956      0.00000      0.00000      0.00000
      1.67956      0.00000      0.00000      0.00000
      1.68956      0.00000      0.00000      0.00000
      1.69956      0.00000      0.00000      0.00000
      1.70956      0.00000      0.00000      0.00000
      1.71956      0.00000      0.00000      0.00000
      1.72956      0.00000      0.00000      0.00000
      1.73956      0.00000      0.00000      0.00000
      1.74956      0.00000      0.00000      0.00000
      1.75956      0.00000      0.00000      0.00000
      1.76956      0.00000      0.00000      0.00000
      1.77956      0.00000      0.00000      0.00000
      1.78956      0.00000      0.00000      0.00000
      1.79956      0.00000      0.00000      0.00000
      1.80956      0.00000      0.00000      0.00000
      1.81956      0.00000      0.00000      0.00000
      1.82956      0.00000      0.00000      0.00000
      1.83956      0.00000      0.00000      0.00000
      1.84956      0.00000      0.00000      0.00000
      1.85956      0.00000      0.00000      0.00000
      1.86956      0.00000      0.00000      0.00000
      1.87956      0.00000      0.00000      0.00000
      1.88956      0.00000      0.00000      0.00000
      1.89956      0.00000      0.00000      0.00000
      1.90956      0.00000      0.00000      0.00000
      1.91956      0.00000      0.00000      0.00000
      1.92956      0.00000      0.00000      0.00000
      1.93956      0.00000      0.00000      0.00000
      1.94956      0.00000      0.00000      0.00000
      1.95956      0.00000      0.00000      0.00000
      1.96956      0.00000      0.00000      0.00000
      1.97956      0.00000      0.00000      0.00000
      1.98956      0.00000      0.00000      0.00000
      1.99956      0.00000      0.00000      0.00000
      2.00956      0.00000      0.00000      0.00000
      2.01956      0.00000      0.00000      0.00000
      2.02956      0.00000      0.00000      0.00000
      2.03956      0.00000      0.00000      0.00000
      2.04956      0.00000      0.00000      0.00000
      2.05956      0.00000      0.00000      0.00000
      2.06956      0.00000      0.00000      0.00000
      2.07956      0.00000      0.00000      0.00000
      2.08956      0.00000      0.00000      0.00000
      2.09956      0.00000      0.00000      0.00000
      2.10956      0.00000      0.00000      0.00000
      2.11956      0.00000      0.00000      0.00000
      2.12956      0.00000      0.00000      0.00000
      2.13956      0.00000      0.00000      0.00000
      2.14956      0.00000      0.00000      0.00000
      2.15956      0.00000      0.00000      0.00000
      2.16956      0.00000      0.00000      0.00000
      2.17956      0.00000      0.00000      0.00000
      2.18956      0.00000      0.00000      0.00000
      2.19956      0.00000      0.00000      0.00000
      2.20956      0.00000      0.00000      0.00000
      2.21956      0.00000      0.00000      0.00000
      2.22956      0.00000      0.00000      0.00000
      2.23956      0.00000      0.00000      0.00000
      2.24956      0.00000      0.00000      0.00000
      2.25956      0.00000      0.00000      0.00000
      2.26956      0.00000      0.00000      0.00000
      2.27956      0.00000      0.00000      0.00000
      2.28956      0.00000      0.00000      0.00000
      2.29956      0.00000      0.00000      0.00000
      2.30956      0.00000      0.00000      0.00000
      2.31956      0.00000      0.00000      0.00000
      2.32956      0.00000      0.00000      0.00000
      2.33956      0.00000      0.00000      0.00000
      2.34956      0.00000      0.00000      0.00000
      2.35956      0.00000      0.00000      0.00000
      2.36956      0.00000      0.00000      0.00000
      2.37956      0.00000      0.00000      0.00000
      2.38956      0.00000      0.00000      0.00000
      2.39956      0.00000      0.00000      0.00000
      2.40956      0.00000      0.00000      0.00000
      2.41956      0.00000      0.00000      0.00000
      2.42956      0.00000      0.00000      0.00000
      2.43956      0.00000      0.00000      0.00000
      2.44956      0.00000      0.00000      0.00000
      2.45956      0.00000      0.00000      0.00000
      2.46956      0.00000      0.00000      0.00000
      2.47956      0.00000      0.00000      0.00000
      2.48956      0.00000      0.00000      0.00000
      2.49956      0.00000      0.00000      0.00000
      2.50956      0.00000      0.00000      0.00000
      2.51956      0.00000      0.00000      0.00000
      2.52956      0.00000      0.00000      0.00000
      2.53956      0.00000      0.00000      0.00000
      2.54956      0.00000      0.00000      0.00000
      2.55956      0.00000      0.00000      0.00000
      2.56956      0.00000      0.00000      0.00000
      2.57956      0.00000      0.00000      0.00000
      2.58956      0.00000      0.00000      0.00000
      2.59956      0.00000      0.00000      0.00000
      2.60956      0.00000      0.00000      0.00000
      2.61956      0.00000      0.00000      0.00000
      2.62956      0.00000      0.00000      0.00000
      2.63956      0.00000      0.00000      0.00000
      2.64956      0.00000      0.00000      0.00000
      2.65956      0.00000      0.00000      0.00000
      2.66956      0.00000      0.00000      0.00000
      2.67956      0.00000      0.00000      0.00000
      2.68956      0.00000      0.00000      0.00000
      2.69956      0.00000      0.00000      0.00000
      2.70956      0.00000      0.00000      0.00000
      2.71956      0.00000      0.00000      0.00000
      2.72956      0.00000      0.00000      0.00000
      2.73956      0.00000      0.00000      0.00000
      2.74956      0.00000      0.00000      0.00000
      2.75956      0.00000      0.00000      0.00000
      2.76956      0.00000      0.00000      0.00000
      2.77956      0.00000      0.00000      0.00000
      2.78956      0.00000      0.00000      0.00000
      2.79956      0.00000      0.00000      0.00000
      2.80956      0.00000      0.00000      0.00000
      2.81956      0.00000      0.00000      0.00000
      2.82956      0.00000      0.00000      0.00000
      2.83956      0.00000      0.00000      0.00000
      2.84956      0.00000      0.00000      0.00000
      2.85956      0.00000      0.00000      0.00000
      2.86956      0.00000      0.00000      0.00000
      2.87956      0.00000      0.00000      0.00000
      2.88956      0.00000      0.00000      0.00000
      2.89956      0.00000      0.00000      0.00000
      2.90956      0.00000      0.00000      0.00000
      2.91956      0.00000      0.00000      0.00000
      2.92956      0.00000      0.00000      0.00000
      2.93956      0.00000      0.00000      0.00000
      2.94956      0.00000      0.00000      0.00000
      2.95956      0.00000      0.00000      0.00000
      2.96956      0.00000      0.00000      0.00000
      2.97956      0.00000      0.00000      0.00000
      2.98956      0.00000      0.00000      0.00000
      2.99956      0.00000      0.00000      0.00000
      3.00956      0.00000      0.00000      0.00000
      3.01956      0.00000      0.00000      0.00000
      3.02956      0.00000      0.00000      0.00000
      3.03956      0.00000      0.00000      0.00000
      3.04956      0.00000      0.00000      0.00000
      3.05956      0.00000      0.00000      0.00000
      3.06956      0.00000      0.00000      0.00000
      3.07956      0.00000      0.00000      0.00000
      3.08956      0.00000      0.00000      0.00000
      3.09956      0.00000      0.00000      0.00000
      3.10956      0.00000      0.00000      0.00000
      3.11956      0.00000      0.00000      0.00000
      3.12956      0.00000      0.00000      0.00000
      3.13956      0.00000      0.00000      0.00000
      3.14956      0.00000      0.00000      0.00000
      3.15956      0.00000      0.00000      0.00000
      3.16956      0.00000      0.00000      0.00000
      3.17956      0.00000      0.00000      0.00000
      3.18956      0.00000      0.00000      0.00000
      3.19956      0.00000      0.00000      0.00000
      3.20956      0.00000      0.00000      0.00000
      3.21956      0.00000      0.00000      0.00000
      3.22956      0.00000      0.00000      0.00000
      3.23956      0.00000      0.00000      0.00000
      3.24956      0.00000      0.00000      0.00000
      3.25956      0.00000      0.00000      0.00000
      3.26956      0.00000      0.00000      0.00000
      3.27956      0.00000      0.00000      0.00000
      3.28956      0.00000      0.00000      0.00000
      3.29956      0.00000      0.00000      0.00000
      3.30956      0.00000      0.00000      0.00000
      3.31956      0.00000      0.00000      0.00000
      3.32956      0.00000      0.00000      0.00000
      3.33956      0.00000      0.00000      0.00000
      3.34956      0.00000      0.00000      0.00000
      3.35956      0.00000      0.00000      0.00000
      3.36956      0.00000      0.00000      0.00000
      3.37956      0.00000      0.00000      0.00000
      3.38956      0.00000      0.00000      0.00000
      3.39956      0.00000      0.00000      0.00000
      3.40956      0.00000      0.00000      0.00000
      3.41956      0.00000      0.00000      0.00000
      3.42956      0.00000      0.00000      0.00000
      3.43956      0.00000      0.00000      0.00000
      3.44956      0.00000      0.00000      0.00000
      3.45956      0.00000      0.00000      0.00000
      3.46956      0.00000      0.00000      0.00000
      3.47956      0.00000      0.00000      0.00000
      3.48956      0.00000      0.00000      0.00000
      3.49956      0.00000      0.00000      0.00000
      3.50956      0.00000      0.00000      0.00000
      3.51956      0.00000      0.00000      0.00000
      3.52956      0.00000      0.00000      0.00000
      3.53956      0.00000      0.00000      0.00000
      3.54956      0.00000      0.00000      0.00000
      3.55956      0.00000      0.00000      0.00000
      3.56956      0.00000      0.00000      0.00000
      3.57956      0.00000      0.00000      0.00000
      3.58956      0.00000      0.00000      0.00000
      3.59956      0.00000      0.00000      0.00000
      3.60956      0.00000      0.00000      0.00000
      3.61956      0.00000      0.00000      0.00000
      3.62956      0.00000      0.00000      0.00000
      3.63956      0.00000      0.00000      0.00000
      3.64956      0.00000      0.00000      0.00000
      3.65956      0.00000      0.00000      0.00000
      3.66956      0.00000      0.00000      0.00000
      3.67956      0.00000      0.00000      0.00000
      3.68956      0.00000      0.00000      0.00000
      3.69956      0.00000      0.00000      0.00000
      3.70956      0.00000      0.00000      0.00000
      3.71956      0.00000      0.00000      0.00000
      3.72956      0.00000      0.00000      0.00000
      3.73956      0.00000      0.00000      0.00000
      3.74956      0.00000      0.00000      0.00000
      3.75956      0.00000      0.00000      0.00000
      3.76956      0.00000      0.00000      0.00000
      3.77956      0.00000      0.00000      0.00000
      3.78956      0.00000      0.00000      0.00000
      3.79956      0.00000      0.00000      0.00000
      3.80956      0.00000      0.00000      0.00000
      3.81956      0.00000      0.00000      0.00000
      3.82956      0.00000      0.00000      0.00000
      3.83956      0.00000      0.00000      0.00000
      3.84956      0.00000      0.00000      0.00000
      3.85956      0.00000      0.00000      0.00000
      3.86956      0.00000      0.00000      0.00000
      3.87956      0.00000      0.00000      0.00000
      3.88956      0.00000      0.00000      0.00000
      3.89956      0.00000      0.00000      0.00000
      3.90956      0.00000      0.00000      0.00000
      3.91956      0.00000      0.00000      0.00000
      3.92956      0.00000      0.00000      0.00000
      3.93956      0.00000      0.00000      0.00000
      3.94956      0.00000      0.00000      0.00000
      3.95956      0.00000      0.00000      0.00000
      3.96956      0.00000      0.00000      0.00000
      3.97956      0.00000      0.00000      0.00000
      3.98956      0.00000      0.00000      0.00000
      3.99956      0.00000      0.00000      0.00000
      4.00956      0.00000      0.00000      0.00000
      4.01956      0.00000      0.00000      0.00000
      4.02956      0.00000      0.00000      0.00000
      4.03956      0.00000      0.00000      0.00000
      4.04956      0.00000      0.00000      0.00000
      4.05956      0.00000      0.00000      0.00000
      4.06956      0.00000      0.00000      0.00000
      4.07956      0.00000      0.00000      0.00000
      4.08956      0.00000      0.00000      0.00000
      4.09956      0.00000      0.00000      0.00000
      4.10956      0.00000      0.00000      0.00000
      4.11956      0.00000      0.00000      0.00000
      4.12956      0.00000      0.00000      0.00000
      4.13956      0.00000      0.00000      0.00000
      4.14956      0.00000      0.00000      0.00000
      4.15956      0.00000      0.00000      0.00000
      4.16956      0.00000      0.00000      0.00000
      4.17956      0.00000      0.00000      0.00000
      4.18956      0.00000      0.00000      0.00000
      4.19956      0.00000      0.00000      0.00000
      4.20956      0.00000      0.00000      0.00000
      4.21956      0.00000      0.00000      0.00000
      4.22956      0.00000      0.00000      0.00000
      4.23956      0.00000      0.00000      0.00000
      4.24956      0.00000      0.00000      0.00000
      4.25956      0.00000      0.00000      0.00000
      4.26956      0.00000      0.00000      0.00000
      4.27956      0.00000      0.00000      0.00000
      4.28956      0.00000      0.00000      0.00000
      4.29956      0.00000      0.00000      0.00000
      4.30956      0.00000      0.00000      0.00000
      4.31956      0.00000      0.00000      0.00000
      4.32956      0.00000      0.00000      0.00000
      4.33956      0.00000      0.00000      0.00000
      4.34956      0.00000      0.00000      0.00000
      4.35956      0.00000      0.00000      0.00000
      4.36956      0.00000      0.00000      0.00000
      4.37956      0.00000      0.00000      0.00000
      4.38956      0.00000      0.00000      0.00000
      4.39956      0.00000      0.00000      0.00000
      4.40956      0.00000      0.00000      0.00000
      4.41956      0.00000      0.00000      0.00000
      4.42956      0.00000      0.00000      0.00000
      4.43956      0.00000      0.00000      0.00000
      4.44956      0.00000      0.00000      0.00000
      4.45956      0.00000      0.00000      0.00000
      4.46956      0.00000      0.00000      0.00000
      4.47956      0.00000      0.00000      0.00000
      4.48956      0.00000      0.00000      0.00000
      4.49956      0.00000      0.00000      0.00000
      4.50956      0.00000      0.00000      0.00000
      4.51956      0.00000      0.00000      0.00000
      4.52956      0.00000      0.00000      0.00000
      4.53956      0.00000      0.00000      0.00000
      4.54956      0.00000      0.00000      0.00000
      4.55956      0.00000      0.00000      0.00000
      4.56956      0.00000      0.00000      0.00000
      4.57956      0.00000      0.00000      0.00000
      4.58956      0.00000      0.00000      0.00000
      4.59956      0.00000      0.00000      0.00000
      4.60956      0.00000      0.00000      0.00000
      4.61956      0.00000      0.00000      0.00000
      4.62956      0.00000      0.00000      0.00000
      4.63956      0.00024      0.00022      0.00003
      4.64956      0.00549      0.00489      0.00060
      4.65956      0.04753      0.04236      0.00517
      4.66956      0.16900      0.15053      0.01847
      4.67956      0.28367      0.25237      0.03129
      4.68956      0.32169      0.28544      0.03624
      4.69956      0.38872      0.34383      0.04489
      4.70956      0.43937      0.38773      0.05164
      4.71956      0.40220      0.35382      0.04837
      4.72956      0.39727      0.34819      0.04909
      4.73956      0.39885      0.34862      0.05023
      4.74956      0.31984      0.27872      0.04112
      4.75956      0.30242      0.26225      0.04017
      4.76956      0.55342      0.47873      0.07470
      4.77956      0.73412      0.63416      0.09996
      4.78956      0.58216      0.50087      0.08128
      4.79956      0.40980      0.35004      0.05976
      4.80956      0.41479      0.35268      0.06211
      4.81956      0.58579      0.49769      0.08810
      4.82956      0.58847      0.49848      0.09000
      4.83956      0.38676      0.32355      0.06322
      4.84956      0.52438      0.42500      0.09938
      4.85956      1.31750      1.05545      0.26205
      4.86956      2.17047      1.73256      0.43791
      4.87956      2.55502      2.03028      0.52474
      4.88956      2.41805      1.90290      0.51515
      4.89956      1.94214      1.51517      0.42698
      4.90956      1.55589      1.21299      0.34290
      4.91956      1.27052      0.99359      0.27693
      4.92956      1.07869      0.84698      0.23171
      4.93956      1.19505      0.93803      0.25701
      4.94956      1.43116      1.11738      0.31377
      4.95956      1.34995      1.04946      0.30049
      4.96956      0.92285      0.71802      0.20484
      4.97956      0.68842      0.53718      0.15124
      4.98956      0.86590      0.67520      0.19070
      4.99956      0.89390      0.69960      0.19430
      5.00956      0.75915      0.59891      0.16024
      5.01956      0.98091      0.76890      0.21201
      5.02956      1.41136      1.09202      0.31934
      5.03956      1.34385      1.03474      0.30912
      5.04956      0.74545      0.57569      0.16976
      5.05956      0.28780      0.22308      0.06472
      5.06956      0.36947      0.28317      0.08630
      5.07956      0.74625      0.57072      0.17552
      5.08956      0.72375      0.55386      0.16988
      5.09956      0.51672      0.40087      0.11585
      5.10956      0.57075      0.44794      0.12281
      5.11956      0.73721      0.56682      0.17040
      5.12956      1.09270      0.82117      0.27152
      5.13956      1.08406      0.81122      0.27284
      5.14956      0.55003      0.41438      0.13565
      5.15956      0.31742      0.24544      0.07198
      5.16956      0.40737      0.31665      0.09072
      5.17956      0.55268      0.42528      0.12739
      5.18956      0.73766      0.55890      0.17876
      5.19956      0.80274      0.60850      0.19425
      5.20956      0.66270      0.51063      0.15207
      5.21956      0.44043      0.34254      0.09788
      5.22956      0.33004      0.25312      0.07692
      5.23956      0.55915      0.41997      0.13918
      5.24956      1.02963      0.76235      0.26728
      5.25956      1.06686      0.78407      0.28278
      5.26956      0.49429      0.36280      0.13150
      5.27956      0.19184      0.14474      0.04710
      5.28956      0.29350      0.22558      0.06792
      5.29956      0.38106      0.29068      0.09037
      5.30956      0.43485      0.32727      0.10758
      5.31956      0.64910      0.48221      0.16689
      5.32956      0.73456      0.54378      0.19077
      5.33956      0.42966      0.31950      0.11016
      5.34956      0.22334      0.16757      0.05577
      5.35956      0.29917      0.22508      0.07409
      5.36956      0.35140      0.26256      0.08884
      5.37956      0.50844      0.37345      0.13499
      5.38956      0.90218      0.65557      0.24661
      5.39956      0.99319      0.72054      0.27265
      5.40956      0.73307      0.54013      0.19294
      5.41956      0.60045      0.45165      0.14880
      5.42956      0.44256      0.33569      0.10687
      5.43956      0.22554      0.17076      0.05478
      5.44956      0.19192      0.14107      0.05084
      5.45956      0.37049      0.26869      0.10181
      5.46956      0.52814      0.38038      0.14776
      5.47956      0.46722      0.33678      0.13044
      5.48956      0.34988      0.25629      0.09359
      5.49956      0.29677      0.21891      0.07785
      5.50956      0.29012      0.21330      0.07682
      5.51956      0.35519      0.26007      0.09512
      5.52956      0.46810      0.34082      0.12727
      5.53956      0.71905      0.51752      0.20154
      5.54956      0.94593      0.67541      0.27052
      5.55956      0.68823      0.49119      0.19705
      5.56956      0.24753      0.17745      0.07007
      5.57956      0.16475      0.11947      0.04528
      5.58956      0.27568      0.20104      0.07464
      5.59956      0.30264      0.22116      0.08148
      5.60956      0.30580      0.22214      0.08366
      5.61956      0.40256      0.28949      0.11307
      5.62956      0.51270      0.36540      0.14730
      5.63956      0.52187      0.37148      0.15039
      5.64956      0.44731      0.32235      0.12496
      5.65956      0.37401      0.27273      0.10127
      5.66956      0.40631      0.29629      0.11002
      5.67956      0.37653      0.27273      0.10380
      5.68956      0.36484      0.26125      0.10359
      5.69956      0.56091      0.39844      0.16246
      5.70956      0.75457      0.53057      0.22399
      5.71956      0.71049      0.49448      0.21601
      5.72956      0.36962      0.25588      0.11374
      5.73956      0.10451      0.07272      0.03178
      5.74956      0.13365      0.09567      0.03798
      5.75956      0.32754      0.23462      0.09292
      5.76956      0.36465      0.26043      0.10421
      5.77956      0.21451      0.15242      0.06210
      5.78956      0.27877      0.19687      0.08190
      5.79956      0.59247      0.41738      0.17508
      5.80956      0.64554      0.45338      0.19217
      5.81956      0.33038      0.23131      0.09908
      5.82956      0.15728      0.11021      0.04707
      5.83956      0.22687      0.15986      0.06701
      5.84956      0.28190      0.19899      0.08291
      5.85956      0.26623      0.18675      0.07948
      5.86956      0.28750      0.20008      0.08742
      5.87956      0.45550      0.31599      0.13951
      5.88956      0.67325      0.46453      0.20872
      5.89956      0.75140      0.51794      0.23347
      5.90956      0.65033      0.45268      0.19764
      5.91956      0.46858      0.33005      0.13852
      5.92956      0.34562      0.24524      0.10038
      5.93956      0.25052      0.17790      0.07261
      5.94956      0.17662      0.12373      0.05289
      5.95956      0.23185      0.16019      0.07166
      5.96956      0.28876      0.19914      0.08963
      5.97956      0.30382      0.20799      0.09583
      5.98956      0.35258      0.24058      0.11200
      5.99956      0.37803      0.26004      0.11799
      6.00956      0.31920      0.22099      0.09822
      6.01956      0.23700      0.16411      0.07288
      6.02956      0.25938      0.17905      0.08033
      6.03956      0.27388      0.18843      0.08545
      6.04956      0.30865      0.21229      0.09636
      6.05956      0.42498      0.29167      0.13332
      6.06956      0.58455      0.39883      0.18571
      6.07956      0.70561      0.47932      0.22630
      6.08956      0.48026      0.32512      0.15514
      6.09956      0.19188      0.12985      0.06203
      6.10956      0.18449      0.12600      0.05850
      6.11956      0.26721      0.18412      0.08352
      6.12956      0.28377      0.21028      0.08213
      6.13956      0.39753      0.39500      0.07185
      6.14956      0.81888      0.96688      0.08082
      6.15956      1.20248      1.44140      0.10636
      6.16956      1.16151      1.34675      0.11891
      6.17956      1.10347      1.19513      0.14692
      6.18956      0.96614      1.02806      0.13356
      6.19956      0.74158      0.79443      0.09750
      6.20956      0.75797      0.77468      0.11564
      6.21956      0.81252      0.84651      0.11516
      6.22956      0.70638      0.75545      0.09033
      6.23956      0.73900      0.72559      0.12634
      6.24956      0.83833      0.78553      0.16181
      6.25956      0.79903      0.73786      0.16037
      6.26956      0.69344      0.60439      0.15835
      6.27956      0.55767      0.51378      0.11243
      6.28956      0.53266      0.61091      0.04352
      6.29956      0.56154      0.65321      0.04023
      6.30956      0.58060      0.57357      0.09409
      6.31956      0.56960      0.51492      0.11704
      6.32956      0.45125      0.44984      0.07057
      6.33956      0.39385      0.42877      0.04224
      6.34956      0.58683      0.55421      0.10786
      6.35956      0.81119      0.68412      0.19293
      6.36956      0.68884      0.58222      0.16345
      6.37956      0.41278      0.38821      0.07687
      6.38956      0.39290      0.41456      0.04823
      6.39956      0.53409      0.54466      0.07522
      6.40956      0.55199      0.54891      0.08517
      6.41956      0.52825      0.54013      0.07378
      6.42956      0.49180      0.49463      0.07354
      6.43956      0.50950      0.46610      0.10140
      6.44956      0.59717      0.49243      0.14845
      6.45956      0.72349      0.57749      0.19073
      6.46956      0.92975      0.77347      0.22734
      6.47956      0.85257      0.73399      0.19387
      6.48956      0.52098      0.43150      0.12725
      6.49956      0.36790      0.29090      0.09724
      6.50956      0.33989      0.31126      0.06663
      6.51956      0.33600      0.34268      0.04693
      6.52956      0.47927      0.47179      0.07625
      6.53956      0.58685      0.58032      0.09124
      6.54956      0.53409      0.54169      0.07539
      6.55956      0.54071      0.52110      0.09221
      6.56956      0.56674      0.50673      0.11872
      6.57956      0.45583      0.37874      0.11147
      6.58956      0.34943      0.30019      0.07991
      6.59956      0.39049      0.35775      0.07691
      6.60956      0.43280      0.39743      0.08512
      6.61956      0.48100      0.45700      0.08595
      6.62956      0.62899      0.59734      0.11187
      6.63956      0.69085      0.61469      0.14636
      6.64956      0.66337      0.49918      0.19272
      6.65956      0.60750      0.43401      0.18998
      6.66956      0.45806      0.40549      0.09887
      6.67956      0.39601      0.41844      0.04694
      6.68956      0.37043      0.34046      0.07284
      6.69956      0.31656      0.23226      0.09535
      6.70956      0.26803      0.18912      0.08485
      6.71956      0.32243      0.28202      0.07090
      6.72956      0.55559      0.55407      0.08352
      6.73956      0.72896      0.72419      0.11162
      6.74956      0.68345      0.66151      0.11507
      6.75956      0.69119      0.62991      0.13875
      6.76956      0.54163      0.45889      0.12822
      6.77956      0.37727      0.30325      0.09858
      6.78956      0.51773      0.43772      0.12331
      6.79956      0.55479      0.48211      0.12502
      6.80956      0.36722      0.29778      0.09514
      6.81956      0.42591      0.30902      0.13119
      6.82956      0.62454      0.49310      0.16948
      6.83956      0.66500      0.56192      0.15948
      6.84956      0.57026      0.48248      0.13659
      6.85956      0.46519      0.44786      0.08045
      6.86956      0.34820      0.39320      0.02746
      6.87956      0.31395      0.33460      0.03648
      6.88956      0.43107      0.37854      0.09598
      6.89956      0.43618      0.32981      0.12727
      6.90956      0.26918      0.19635      0.08261
      6.91956      0.22359      0.20282      0.04587
      6.92956      0.47353      0.40856      0.10936
      6.93956      0.75826      0.60784      0.20213
      6.94956      0.67994      0.58062      0.16076
      6.95956      0.43209      0.43834      0.06122
      6.96956      0.36511      0.38489      0.04269
      6.97956      0.39775      0.36269      0.07962
      6.98956      0.41674      0.36406      0.09302
      6.99956      0.41028      0.37686      0.08163
      7.00956      0.43663      0.40968      0.08324
      7.01956      0.60129      0.55389      0.12064
      7.02956      0.78776      0.70211      0.17092
      7.03956      0.70858      0.58413      0.18076
      7.04956      0.56407      0.40190      0.17970
      7.05956      0.50705      0.36152      0.16121
      7.06956      0.48754      0.40337      0.12324
      7.07956      0.48750      0.44103      0.10177
      7.08956      0.42540      0.41389      0.07185
      7.09956      0.36223      0.33949      0.06824
      7.10956      0.36342      0.28956      0.09821
      7.11956      0.39884      0.33633      0.09788
      7.12956      0.42817      0.40214      0.08157
      7.13956      0.42695      0.39822      0.08232
      7.14956      0.41857      0.34989      0.10396
      7.15956      0.38518      0.32306      0.09618
      7.16956      0.40855      0.37004      0.08728
      7.17956      0.44624      0.40059      0.09719
      7.18956      0.42259      0.36921      0.09755
      7.19956      0.44103      0.32967      0.13271
      7.20956      0.56255      0.39456      0.18334
      7.21956      0.72351      0.58339      0.19203
      7.22956      0.68879      0.66281      0.12092
      7.23956      0.46668      0.51203      0.04585
      7.24956      0.43450      0.46472      0.05091
      7.25956      0.52912      0.52062      0.08821
      7.26956      0.45384      0.40127      0.10086
      7.27956      0.34203      0.26834      0.09522
      7.28956      0.39641      0.32537      0.10217
      7.29956      0.47798      0.38944      0.12486
      7.30956      0.39441      0.29985      0.11558
      7.31956      0.40317      0.32703      0.10764
      7.32956      0.54516      0.50772      0.10929
      7.33956      0.63884      0.61799      0.11394
      7.34956      0.72116      0.65100      0.14941
      7.35956      0.71390      0.62329      0.14801
      7.36956      0.82218      0.72264      0.15876
      7.37956      1.07617      0.94644      0.21200
      7.38956      1.07166      1.00441      0.17784
      7.39956      0.78231      0.81894      0.07156
      7.40956      0.54143      0.60768      0.01379
      7.41956      0.41672      0.45316      0.01442
      7.42956      0.49476      0.46837      0.06464
      7.43956      0.77398      0.70091      0.13307
      7.44956      0.94201      0.92046      0.12422
      7.45956      0.84050      0.85564      0.08678
      7.46956      0.78391      0.71701      0.12775
      7.47956      0.81524      0.68381      0.17317
      7.48956      0.71928      0.65620      0.12254
      7.49956      0.71047      0.73002      0.06554
      7.50956      0.83299      0.85324      0.07744
      7.51956      0.93413      0.93143      0.11097
      7.52956      0.99513      0.97040      0.13424
      7.53956      1.00213      0.96073      0.14192
      7.54956      0.95578      0.91868      0.13839
      7.55956      0.86812      0.85212      0.11955
      7.56956      0.93371      0.89114      0.12838
      7.57956      1.12444      1.07910      0.14727
      7.58956      1.04319      1.01942      0.13545
      7.59956      0.84848      0.77349      0.14143
      7.60956      0.80622      0.69793      0.14774
      7.61956      0.80991      0.74165      0.12232
      7.62956      0.65829      0.64297      0.07479
      7.63956      0.50217      0.48609      0.05406
      7.64956      0.69296      0.63539      0.09688
      7.65956      1.04980      0.99972      0.13264
      7.66956      1.21682      1.18829      0.15098
      7.67956      1.16450      1.13929      0.15695
      7.68956      1.03064      1.00438      0.13727
      7.69956      0.85665      0.79954      0.11813
      7.70956      0.74731      0.67158      0.11449
      7.71956      0.79757      0.76794      0.10202
      7.72956      0.89733      0.90956      0.08812
      7.73956      0.98654      0.95174      0.11148
      7.74956      1.01435      0.91431      0.14768
      7.75956      0.80836      0.71939      0.11493
      7.76956      0.72531      0.64905      0.09723
      7.77956      0.83783      0.76508      0.11718
      7.78956      1.03324      0.97258      0.14113
      7.79956      1.18489      1.06452      0.19678
      7.80956      1.12054      0.91936      0.23905
      7.81956      1.03850      0.85393      0.21162
      7.82956      1.06774      0.99794      0.12627
      7.83956      1.04352      1.08322      0.05177
      7.84956      1.07019      1.13532      0.06053
      7.85956      1.12660      1.12949      0.11674
      7.86956      1.09830      1.04412      0.13183
      7.87956      1.06834      0.99597      0.12519
      7.88956      1.11596      1.02567      0.15372
      7.89956      1.26570      1.15634      0.19843
      7.90956      1.17808      1.05576      0.19179
      7.91956      1.14542      1.06909      0.14494
      7.92956      1.29117      1.26267      0.11379
      7.93956      1.20607      1.12063      0.13758
      7.94956      1.07798      0.91028      0.18372
      7.95956      1.12338      0.93907      0.20398
      7.96956      1.33990      1.16516      0.21640
      7.97956      1.36604      1.18104      0.22374
      7.98956      1.23920      1.05717      0.21796
      7.99956      1.31493      1.17560      0.20304
      8.00956      1.48650      1.41688      0.17102
      8.01956      1.77607      1.71804      0.19583
      8.02956      1.77957      1.65258      0.24120
      8.03956      1.58976      1.37200      0.26457
      8.04956      1.62867      1.35666      0.28678
      8.05956      1.70177      1.46062      0.28074
      8.06956      2.08905      1.85258      0.33118
      8.07956      2.67752      2.33570      0.43572
      8.08956      2.91513      2.45704      0.49738
      8.09956      3.10004      2.55488      0.55294
      8.10956      3.18896      2.61611      0.58156
      8.11956      2.80186      2.33070      0.50441
      8.12956      1.91465      1.64443      0.32762
      8.13956      0.83160      0.77161      0.12187
      8.14956      0.29536      0.33502      0.02107
      8.15956      0.18898      0.24856      0.00155
      8.16956      0.19840      0.26480      0.00005
      8.17956      0.30626      0.40409      0.00000
      8.18956      0.44509      0.58511      0.00000
      8.19956      0.37194      0.48780      0.00000
      8.20956      0.23365      0.30554      0.00000
      8.21956      0.19581      0.25648      0.00000
      8.22956      0.23367      0.30812      0.00000
      8.23956      0.30105      0.39953      0.00000
      8.24956      0.35068      0.46643      0.00000
      8.25956      0.25464      0.33924      0.00000
      8.26956      0.13923      0.18504      0.00000
      8.27956      0.14356      0.18973      0.00000
      8.28956      0.10861      0.14344      0.00000
      8.29956      0.05730      0.07593      0.00000
      8.30956      0.13298      0.17725      0.00000
      8.31956      0.25679      0.34315      0.00000
      8.32956      0.21912      0.29352      0.00000
      8.33956      0.16280      0.21794      0.00000
      8.34956      0.29526      0.39312      0.00000
      8.35956      0.38683      0.51284      0.00000
      8.36956      0.27007      0.35658      0.00000
      8.37956      0.19225      0.25302      0.00000
      8.38956      0.19387      0.25666      0.00000
      8.39956      0.22142      0.29568      0.00000
      8.40956      0.20977      0.28019      0.00000
      8.41956      0.17396      0.23088      0.00000
      8.42956      0.14644      0.19365      0.00000
      8.43956      0.09891      0.13136      0.00000
      8.44956      0.12788      0.17108      0.00000
      8.45956      0.14835      0.19871      0.00000
      8.46956      0.15620      0.20928      0.00000
      8.47956      0.23718      0.31727      0.00000
      8.48956      0.24519      0.32735      0.00000
      8.49956      0.18985      0.25359      0.00000
      8.50956      0.16601      0.22195      0.00000
      8.51956      0.15593      0.20673      0.00000
      8.52956      0.26735      0.35134      0.00000
      8.53956      0.37859      0.49738      0.00000
      8.54956      0.38873      0.51247      0.00000
      8.55956      0.46236      0.61298      0.00000
      8.56956      0.46326      0.61542      0.00000
      8.57956      0.29538      0.39184      0.00000
      8.58956      0.17341      0.22956      0.00000
      8.59956      0.16165      0.21405      0.00000
      8.60956      0.15842      0.21010      0.00000
      8.61956      0.23704      0.31504      0.00000
      8.62956      0.27536      0.36612      0.00000
      8.63956      0.18189      0.24185      0.00000
      8.64956      0.22425      0.29818      0.00000
      8.65956      0.27070      0.35996      0.00000
      8.66956      0.16263      0.21624      0.00000
      8.67956      0.14984      0.19905      0.00000
      8.68956      0.21515      0.28554      0.00000
      8.69956      0.21227      0.28098      0.00000
      8.70956      0.26983      0.35637      0.00000
      8.71956      0.33395      0.44143      0.00000
      8.72956      0.27819      0.36801      0.00000
      8.73956      0.20046      0.26508      0.00000
      8.74956      0.19108      0.25250      0.00000
      8.75956      0.31977      0.42239      0.00000
      8.76956      0.36302      0.47959      0.00000
      8.77956      0.20229      0.26733      0.00000
      8.78956      0.10995      0.14499      0.00000
      8.79956      0.16725      0.22032      0.00000
      8.80956      0.20770      0.27413      0.00000
      8.81956      0.16781      0.22187      0.00000
      8.82956      0.09720      0.12814      0.00000
      8.83956      0.11563      0.15123      0.00000
      8.84956      0.14841      0.19394      0.00000
      8.85956      0.13753      0.18026      0.00000
      8.86956      0.19799      0.26043      0.00000
      8.87956      0.35046      0.46147      0.00000
      8.88956      0.57659      0.75869      0.00000
      8.89956      0.61000      0.80227      0.00000
      8.90956      0.43899      0.57833      0.00000
      8.91956      0.34251      0.45160      0.00000
      8.92956      0.37313      0.49015      0.00000
      8.93956      0.39062      0.51172      0.00000
      8.94956      0.33942      0.44412      0.00000
      8.95956      0.27602      0.36130      0.00000
      8.96956      0.21989      0.28840      0.00000
      8.97956      0.19105      0.25045      0.00000
      8.98956      0.18518      0.24199      0.00000
      8.99956      0.19320      0.25085      0.00000
      9.00956      0.26242      0.33763      0.00000
      9.01956      0.28899      0.37006      0.00000
      9.02956      0.22696      0.29046      0.00000
      9.03956      0.15873      0.20347      0.00000
      9.04956      0.15973      0.20542      0.00000
      9.05956      0.30605      0.39702      0.00000
      9.06956      0.40188      0.52543      0.00000
      9.07956      0.38983      0.50912      0.00000
      9.08956      0.37866      0.49026      0.00000
      9.09956      0.30980      0.40094      0.00000
      9.10956      0.23916      0.30974      0.00000
      9.11956      0.27437      0.35056      0.00000
      9.12956      0.29598      0.37409      0.00000
      9.13956      0.23307      0.29434      0.00000
      9.14956      0.13952      0.17656      0.00000
      9.15956      0.10775      0.13399      0.00000
      9.16956      0.19064      0.23466      0.00000
      9.17956      0.17976      0.22121      0.00000
      9.18956      0.06386      0.07862      0.00000
      9.19956      0.01094      0.01339      0.00000
      9.20956      0.02718      0.03263      0.00000
      9.21956      0.11071      0.13411      0.00000
      9.22956      0.26411      0.33195      0.00000
      9.23956      0.65214      0.84952      0.00000
      9.24956      1.27981      1.66915      0.00000
      9.25956      1.46009      1.88219      0.00000
      9.26956      0.94645      1.19814      0.00000
      9.27956      0.42817      0.52673      0.00000
      9.28956      0.23185      0.27688      0.00000
      9.29956      0.15719      0.18508      0.00000
      9.30956      0.14608      0.17004      0.00000
      9.31956      0.13406      0.15546      0.00000
      9.32956      0.06555      0.07576      0.00000
      9.33956      0.05587      0.06387      0.00000
      9.34956      0.10003      0.11505      0.00000
      9.35956      0.18624      0.21825      0.00000
      9.36956      0.29999      0.35563      0.00000
      9.37956      0.32380      0.38634      0.00000
      9.38956      0.34723      0.41532      0.00000
      9.39956      0.34128      0.41676      0.00000
      9.40956      0.38448      0.49205      0.00000
      9.41956      0.51319      0.67057      0.00000
      9.42956      0.45381      0.58786      0.00000
      9.43956      0.36291      0.43353      0.00000
      9.44956      0.49354      0.55484      0.00000
      9.45956      0.51417      0.57619      0.00000
      9.46956      0.37533      0.42477      0.00000
      9.47956      0.28777      0.32934      0.00000
      9.48956      0.24483      0.28423      0.00000
      9.49956      0.23285      0.27197      0.00000
      9.50956      0.36192      0.41190      0.00000
      9.51956      0.44814      0.50509      0.00000
      9.52956      0.33749      0.39151      0.00000
      9.53956      0.25306      0.30614      0.00000
      9.54956      0.37122      0.43999      0.00001
      9.55956      0.59977      0.68447      0.00007
      9.56956      0.73201      0.82537      0.00038
      9.57956      0.71365      0.82692      0.00077
      9.58956      0.76054      0.92668      0.00102
      9.59956      0.97175      1.19905      0.00235
      9.60956      0.91008      1.10270      0.00364
      9.61956      0.57412      0.66336      0.00254
      9.62956      0.43743      0.46630      0.00378
      9.63956      0.43255      0.43396      0.01171
      9.64956      0.41535      0.40371      0.01765
      9.65956      0.41350      0.41470      0.01522
      9.66956      0.54755      0.57176      0.01580
      9.67956      0.52644      0.55340      0.01596
      9.68956      0.46708      0.47149      0.02015
      9.69956      0.70423      0.68880      0.03597
      9.70956      0.86300      0.84832      0.04600
      9.71956      0.72158      0.71993      0.04506
      9.72956      0.61293      0.60417      0.05041
      9.73956      0.74000      0.70121      0.06994
      9.74956      1.04950      1.00124      0.09792
      9.75956      1.24643      1.18787      0.12849
      9.76956      1.21454      1.14738      0.13888
      9.77956      1.19585      1.17401      0.11636
      9.78956      1.21249      1.22689      0.08991
      9.79956      1.05929      1.05435      0.07303
      9.80956      0.69645      0.66512      0.05702
      9.81956      0.56376      0.51586      0.06325
      9.82956      0.81713      0.74942      0.09593
      9.83956      0.86503      0.78919      0.10298
      9.84956      0.50798      0.46755      0.05764
      9.85956      0.44644      0.44783      0.02994
      9.86956      0.57567      0.58391      0.03460
      9.87956      0.47599      0.47027      0.03718
      9.88956      0.59507      0.58592      0.05181
      9.89956      0.80190      0.80320      0.06015
      9.90956      0.67765      0.69298      0.04171
      9.91956      0.61914      0.65341      0.02768
      9.92956      0.68149      0.72755      0.02641
      9.93956      0.64078      0.68937      0.03236
      9.94956      0.65632      0.71334      0.04319
      9.95956      0.88753      0.95473      0.06584
      9.96956      1.09401      1.12305      0.09404
      9.97956      0.89534      0.87744      0.08203
      9.98956      0.53293      0.54286      0.03342
      9.99956      0.35002      0.38754      0.00814
     10.00956      0.26527      0.27522      0.01292
     10.01956      0.28881      0.26973      0.02342
     10.02956      0.23016      0.21145      0.01929
     10.03956      0.19621      0.18026      0.01929
     10.04956      0.42264      0.40478      0.03467
     10.05956      0.72860      0.72070      0.04855
     10.06956      0.74440      0.75369      0.04594
     10.07956      0.49663      0.50881      0.02799
     10.08956      0.27840      0.27462      0.01810
     10.09956      0.19877      0.19668      0.01418
     10.10956      0.33152      0.35677      0.01684
     10.11956      0.45475      0.49952      0.02083
     10.12956      0.41287      0.44060      0.02436
     10.13956      0.52682      0.55224      0.03229
     10.14956      0.71168      0.73170      0.04510
     10.15956      0.72538      0.70977      0.06262
     10.16956      0.68542      0.64043      0.07986
     10.17956      0.51963      0.46637      0.07252
     10.18956      0.23855      0.21086      0.03342
     10.19956      0.18431      0.18669      0.00788
     10.20956      0.37310      0.39799      0.00788
     10.21956      0.50084      0.53461      0.01444
     10.22956      0.41994      0.44903      0.01046
     10.23956      0.29918      0.32743      0.00432
     10.24956      0.32772      0.35572      0.00994
     10.25956      0.39248      0.39997      0.02272
     10.26956      0.32358      0.32649      0.02286
     10.27956      0.31131      0.32752      0.02269
     10.28956      0.42722      0.42975      0.03906
     10.29956      0.54952      0.55322      0.04685
     10.30956      0.54456      0.58877      0.02893
     10.31956      0.54674      0.64037      0.01026
     10.32956      0.57458      0.67888      0.01025
     10.33956      0.47425      0.54465      0.01276
     10.34956      0.33288      0.36682      0.01033
     10.35956      0.31703      0.31810      0.01523
     10.36956      0.30006      0.28442      0.01881
     10.37956      0.23525      0.21954      0.01907
     10.38956      0.33015      0.32078      0.02395
     10.39956      0.46689      0.46412      0.02827
     10.40956      0.43510      0.41641      0.03653
     10.41956      0.39995      0.36188      0.05077
     10.42956      0.53391      0.49036      0.07081
     10.43956      0.55057      0.51133      0.07086
     10.44956      0.36167      0.33712      0.04072
     10.45956      0.31350      0.31199      0.01726
     10.46956      0.36538      0.38898      0.00634
     10.47956      0.31604      0.35521      0.00123
     10.48956      0.21362      0.25717      0.00019
     10.49956      0.15496      0.19076      0.00145
     10.50956      0.23051      0.26544      0.00813
     10.51956      0.36041      0.38772      0.01723
     10.52956      0.39648      0.41747      0.01473
     10.53956      0.26963      0.28266      0.00749
     10.54956      0.14703      0.14145      0.01137
     10.55956      0.20434      0.18735      0.02252
     10.56956      0.42449      0.42285      0.02755
     10.57956      0.71368      0.72616      0.03862
     10.58956      0.59508      0.59347      0.03990
     10.59956      0.22280      0.21660      0.01873
     10.60956      0.11145      0.11864      0.00584
     10.61956      0.23103      0.25219      0.00853
     10.62956      0.25868      0.27609      0.01111
     10.63956      0.16142      0.17486      0.00663
     10.64956      0.20856      0.23303      0.00784
     10.65956      0.31937      0.34589      0.01462
     10.66956      0.39028      0.42836      0.01335
     10.67956      0.48671      0.54631      0.01370
     10.68956      0.53222      0.59687      0.02006
     10.69956      0.49365      0.54029      0.02267
     10.70956      0.49327      0.50450      0.02954
     10.71956      0.46749      0.46136      0.03521
     10.72956      0.38250      0.35323      0.04452
     10.73956      0.39791      0.34000      0.06195
     10.74956      0.47189      0.41120      0.06663
     10.75956      0.45215      0.43101      0.03812
     10.76956      0.29717      0.30712      0.00951
     10.77956      0.10803      0.11524      0.00141
     10.78956      0.06537      0.06516      0.00370
     10.79956      0.17718      0.17961      0.01058
     10.80956      0.26182      0.28004      0.01124
     10.81956      0.20065      0.22162      0.00439
     10.82956      0.19378      0.20646      0.00065
     10.83956      0.25995      0.27891      0.00043
     10.84956      0.26134      0.28840      0.00388
     10.85956      0.29793      0.32515      0.01384
     10.86956      0.30463      0.32721      0.01830
     10.87956      0.20803      0.22547      0.01061
     10.88956      0.21546      0.21810      0.01212
     10.89956      0.34923      0.33795      0.02629
     10.90956      0.39096      0.38144      0.03328
     10.91956      0.29049      0.27518      0.03179
     10.92956      0.17065      0.15368      0.02174
     10.93956      0.20336      0.19757      0.01160
     10.94956      0.41214      0.42529      0.01013
     10.95956      0.46263      0.49952      0.00591
     10.96956      0.26134      0.29142      0.00230
     10.97956      0.12985      0.13504      0.00597
     10.98956      0.18878      0.18756      0.01287
     10.99956      0.23708      0.25345      0.01075
     11.00956      0.18951      0.21024      0.00672
     11.01956      0.20758      0.21654      0.01304
     11.02956      0.29198      0.30928      0.01709
     11.03956      0.31998      0.35229      0.01407
     11.04956      0.46180      0.50593      0.01933
     11.05956      0.54266      0.58563      0.02350
     11.06956      0.40299      0.40953      0.02776
     11.07956      0.35754      0.32601      0.03999
     11.08956      0.49196      0.44281      0.05728
     11.09956      0.57102      0.52543      0.06571
     11.10956      0.38758      0.36363      0.04379
     11.11956      0.12420      0.11794      0.01353
     11.12956      0.04206      0.04233      0.00172
     11.13956      0.13166      0.13781      0.00009
     11.14956      0.25797      0.27281      0.00002
     11.15956      0.20820      0.22182      0.00040
     11.16956      0.10462      0.10737      0.00351
     11.17956      0.16291      0.16130      0.01141
     11.18956      0.25412      0.26539      0.01362
     11.19956      0.18563      0.20460      0.00606
     11.20956      0.10369      0.11280      0.00163
     11.21956      0.20658      0.21702      0.00363
     11.22956      0.44366      0.46108      0.02233
     11.23956      0.72147      0.66763      0.09922
     11.24956      1.02535      0.81922      0.22527
     11.25956      1.19427      0.89646      0.30079
     11.26956      1.21937      0.91255      0.30721
     11.27956      1.23137      0.95164      0.28249
     11.28956      1.40679      1.12332      0.29610
     11.29956      1.72200      1.36149      0.38185
     11.30956      1.57042      1.20922      0.37447
     11.31956      1.22720      0.93086      0.29970
     11.32956      1.28355      0.99267      0.29542
     11.33956      1.57510      1.28276      0.31315
     11.34956      1.72921      1.46068      0.30665
     11.35956      1.58652      1.30716      0.30671
     11.36956      1.38227      1.09955      0.29722
     11.37956      1.49081      1.20251      0.31178
     11.38956      1.94051      1.55426      0.41566
     11.39956      2.21715      1.75830      0.49119
     11.40956      2.25573      1.82283      0.47938
     11.41956      2.32782      1.88699      0.48492
     11.42956      2.39727      1.89190      0.52629
     11.43956      2.74628      2.12547      0.62644
     11.44956      3.30952      2.59061      0.73072
     11.45956      3.60919      3.01935      0.64777
     11.46956      4.29777      4.01309      0.44924
     11.47956      5.21136      5.12539      0.34256
     11.48956      4.70115      4.70456      0.24270
     11.49956      3.34460      3.39830      0.13329
     11.50956      2.83728      2.84508      0.14567
     11.51956      3.14009      2.97376      0.29790
     11.52956      3.43848      3.10844      0.43846
     11.53956      3.03366      2.75612      0.37119
     11.54956      2.43724      2.31778      0.21396
     11.55956      2.25134      2.21296      0.14469
