Energy-E_F (eV)    DOS (1/eV)    PDOS (1/eV)  of atom type B  N  
     -5.99594      0.65939      0.26999      0.38940
     -5.98594      0.48976      0.19935      0.29041
     -5.97594      0.35590      0.14389      0.21202
     -5.96594      0.25860      0.10494      0.15366
     -5.95594      0.14468      0.05904      0.08564
     -5.94594      0.19232      0.07918      0.11314
     -5.93594      0.35069      0.14703      0.20366
     -5.92594      0.41762      0.17758      0.24004
     -5.91594      0.53233      0.22359      0.30874
     -5.90594      0.72028      0.29482      0.42547
     -5.89594      0.67432      0.27102      0.40330
     -5.88594      0.52106      0.20967      0.31139
     -5.87594      0.54390      0.22377      0.32013
     -5.86594      0.53572      0.22137      0.31435
     -5.85594      0.42067      0.17119      0.24948
     -5.84594      0.38863      0.15931      0.22931
     -5.83594      0.46002      0.19261      0.26741
     -5.82594      0.52982      0.22314      0.30668
     -5.81594      0.62386      0.26431      0.35955
     -5.80594      0.73455      0.31260      0.42194
     -5.79594      0.64617      0.27377      0.37240
     -5.78594      0.40085      0.16612      0.23473
     -5.77594      0.25729      0.10324      0.15405
     -5.76594      0.37792      0.15014      0.22777
     -5.75594      0.64908      0.25965      0.38943
     -5.74594      0.77588      0.31308      0.46280
     -5.73594      0.63766      0.25869      0.37896
     -5.72594      0.41464      0.16737      0.24728
     -5.71594      0.34282      0.13713      0.20569
     -5.70594      0.44669      0.18080      0.26589
     -5.69594      0.50549      0.20730      0.29819
     -5.68594      0.48755      0.20160      0.28595
     -5.67594      0.52128      0.21528      0.30600
     -5.66594      0.52943      0.21863      0.31080
     -5.65594      0.43140      0.17790      0.25350
     -5.64594      0.39003      0.15779      0.23224
     -5.63594      0.40643      0.16396      0.24247
     -5.62594      0.47568      0.19268      0.28300
     -5.61594      0.60106      0.24183      0.35923
     -5.60594      0.83956      0.33942      0.50014
     -5.59594      0.84593      0.34618      0.49975
     -5.58594      0.54425      0.22900      0.31525
     -5.57594      0.44075      0.18998      0.25077
     -5.56594      0.45944      0.19274      0.26670
     -5.55594      0.52520      0.21229      0.31290
     -5.54594      0.56311      0.22699      0.33612
     -5.53594      0.38441      0.15557      0.22885
     -5.52594      0.15986      0.06495      0.09492
     -5.51594      0.23026      0.09517      0.13509
     -5.50594      0.49367      0.20411      0.28955
     -5.49594      0.64469      0.26281      0.38188
     -5.48594      0.73112      0.29372      0.43740
     -5.47594      0.80933      0.32624      0.48309
     -5.46594      0.86823      0.35350      0.51473
     -5.45594      0.74896      0.30399      0.44497
     -5.44594      0.49853      0.19922      0.29931
     -5.43594      0.37895      0.14957      0.22938
     -5.42594      0.38790      0.15480      0.23310
     -5.41594      0.51943      0.20890      0.31053
     -5.40594      0.54682      0.21825      0.32857
     -5.39594      0.40165      0.16001      0.24164
     -5.38594      0.44414      0.17909      0.26506
     -5.37594      0.51966      0.21095      0.30871
     -5.36594      0.56594      0.23298      0.33296
     -5.35594      0.71200      0.29588      0.41612
     -5.34594      0.77756      0.32260      0.45495
     -5.33594      0.63121      0.26128      0.36993
     -5.32594      0.57554      0.23332      0.34221
     -5.31594      0.65714      0.26095      0.39620
     -5.30594      0.55415      0.21794      0.33621
     -5.29594      0.34593      0.13520      0.21073
     -5.28594      0.21100      0.08299      0.12801
     -5.27594      0.36267      0.14496      0.21771
     -5.26594      0.65095      0.26102      0.38993
     -5.25594      0.76150      0.30205      0.45944
     -5.24594      0.69710      0.27077      0.42633
     -5.23594      0.70208      0.27128      0.43080
     -5.22594      0.80291      0.31191      0.49101
     -5.21594      0.91834      0.35794      0.56040
     -5.20594      1.11197      0.43378      0.67819
     -5.19594      1.04463      0.40462      0.64001
     -5.18594      0.85080      0.32774      0.52306
     -5.17594      0.95859      0.37399      0.58459
     -5.16594      1.12402      0.44262      0.68141
     -5.15594      1.08427      0.42468      0.65959
     -5.14594      0.94372      0.36846      0.57526
     -5.13594      0.85282      0.33468      0.51813
     -5.12594      0.84645      0.33390      0.51255
     -5.11594      0.78868      0.31233      0.47635
     -5.10594      0.75690      0.29291      0.46399
     -5.09594      0.85493      0.32257      0.53236
     -5.08594      1.00281      0.38026      0.62255
     -5.07594      0.93152      0.36117      0.57035
     -5.06594      0.79721      0.31264      0.48457
     -5.05594      0.76738      0.29401      0.47337
     -5.04594      0.64236      0.24025      0.40212
     -5.03594      0.41767      0.15491      0.26276
     -5.02594      0.44084      0.16929      0.27156
     -5.01594      0.83407      0.32239      0.51168
     -5.00594      1.17642      0.45227      0.72415
     -4.99594      1.35429      0.52526      0.82903
     -4.98594      1.24655      0.48336      0.76319
     -4.97594      0.84923      0.32283      0.52639
     -4.96594      0.70377      0.26291      0.44085
     -4.95594      0.84843      0.32004      0.52839
     -4.94594      0.94773      0.36400      0.58373
     -4.93594      0.86311      0.33384      0.52928
     -4.92594      0.82771      0.32272      0.50499
     -4.91594      0.95545      0.37152      0.58392
     -4.90594      1.03320      0.39600      0.63720
     -4.89594      1.08995      0.41769      0.67226
     -4.88594      1.04285      0.40247      0.64039
     -4.87594      0.93585      0.36163      0.57422
     -4.86594      0.92923      0.35711      0.57212
     -4.85594      0.91112      0.34374      0.56739
     -4.84594      0.89869      0.33712      0.56158
     -4.83594      0.79377      0.30257      0.49120
     -4.82594      0.81375      0.31605      0.49771
     -4.81594      0.89232      0.34876      0.54356
     -4.80594      0.78300      0.30174      0.48126
     -4.79594      0.93395      0.35293      0.58102
     -4.78594      1.29212      0.49228      0.79984
     -4.77594      1.27010      0.48591      0.78419
     -4.76594      0.95436      0.35912      0.59524
     -4.75594      0.69260      0.25362      0.43898
     -4.74594      0.60820      0.22267      0.38552
     -4.73594      0.81332      0.30457      0.50875
     -4.72594      1.02614      0.38844      0.63770
     -4.71594      0.99040      0.37257      0.61783
     -4.70594      0.95436      0.35891      0.59545
     -4.69594      0.92688      0.35750      0.56938
     -4.68594      1.02130      0.39820      0.62311
     -4.67594      1.21835      0.47106      0.74729
     -4.66594      1.24070      0.47423      0.76647
     -4.65594      1.30529      0.49528      0.81001
     -4.64594      1.29167      0.49110      0.80057
     -4.63594      0.93818      0.35424      0.58394
     -4.62594      0.63675      0.23652      0.40022
     -4.61594      0.57555      0.21217      0.36339
     -4.60594      0.66856      0.24493      0.42363
     -4.59594      0.83312      0.30498      0.52814
     -4.58594      1.06759      0.39543      0.67216
     -4.57594      1.34445      0.50825      0.83621
     -4.56594      1.43452      0.54943      0.88509
     -4.55594      1.22270      0.46450      0.75820
     -4.54594      0.98055      0.36763      0.61292
     -4.53594      0.69550      0.26401      0.43149
     -4.52594      0.77089      0.29503      0.47585
     -4.51594      1.13394      0.42452      0.70942
     -4.50594      1.32756      0.48944      0.83812
     -4.49594      1.34364      0.49753      0.84611
     -4.48594      1.17453      0.44137      0.73316
     -4.47594      1.01136      0.38647      0.62489
     -4.46594      0.91667      0.35096      0.56571
     -4.45594      0.81753      0.31103      0.50649
     -4.44594      1.08754      0.41431      0.67323
     -4.43594      1.59315      0.60193      0.99122
     -4.42594      1.68631      0.63111      1.05520
     -4.41594      1.33372      0.49210      0.84162
     -4.40594      1.11819      0.41114      0.70704
     -4.39594      1.04047      0.38961      0.65087
     -4.38594      0.99676      0.38169      0.61507
     -4.37594      1.06624      0.40482      0.66142
     -4.36594      1.15153      0.42495      0.72657
     -4.35594      1.30640      0.47650      0.82990
     -4.34594      1.32709      0.48192      0.84517
     -4.33594      1.17475      0.42818      0.74657
     -4.32594      1.19787      0.44167      0.75620
     -4.31594      1.40584      0.52312      0.88271
     -4.30594      1.78794      0.67071      1.11723
     -4.29594      2.16998      0.81278      1.35719
     -4.28594      2.01388      0.74854      1.26535
     -4.27594      1.46207      0.53552      0.92655
     -4.26594      1.06141      0.38632      0.67509
     -4.25594      1.08809      0.40300      0.68510
     -4.24594      1.21406      0.45261      0.76145
     -4.23594      1.28591      0.48091      0.80500
     -4.22594      1.29043      0.48370      0.80673
     -4.21594      1.21492      0.45598      0.75894
     -4.20594      1.17951      0.44287      0.73664
     -4.19594      1.20489      0.45229      0.75260
     -4.18594      1.35808      0.50798      0.85010
     -4.17594      1.50580      0.55186      0.95394
     -4.16594      1.32982      0.47744      0.85238
     -4.15594      1.16106      0.42099      0.74007
     -4.14594      1.08984      0.40554      0.68429
     -4.13594      1.00225      0.37986      0.62239
     -4.12594      1.10951      0.42180      0.68771
     -4.11594      1.22883      0.46070      0.76813
     -4.10594      1.29038      0.47765      0.81273
     -4.09594      1.28453      0.47482      0.80972
     -4.08594      0.99061      0.36486      0.62576
     -4.07594      0.79972      0.29069      0.50903
     -4.06594      0.92320      0.33275      0.59046
     -4.05594      1.00513      0.36539      0.63974
     -4.04594      0.80431      0.29988      0.50442
     -4.03594      0.73567      0.27639      0.45928
     -4.02594      0.85832      0.31597      0.54235
     -4.01594      1.05414      0.38904      0.66510
     -4.00594      1.24173      0.46378      0.77795
     -3.99594      1.27220      0.47586      0.79634
     -3.98594      1.22934      0.45372      0.77561
     -3.97594      0.94740      0.34290      0.60450
     -3.96594      0.79017      0.28621      0.50396
     -3.95594      1.01864      0.37270      0.64594
     -3.94594      1.08787      0.39730      0.69056
     -3.93594      1.00992      0.36908      0.64084
     -3.92594      0.95546      0.35300      0.60245
     -3.91594      0.82895      0.30669      0.52226
     -3.90594      0.85734      0.31660      0.54073
     -3.89594      1.08767      0.40435      0.68331
     -3.88594      1.26813      0.46684      0.80129
     -3.87594      1.07495      0.38574      0.68921
     -3.86594      0.62493      0.22000      0.40493
     -3.85594      0.51855      0.18661      0.33194
     -3.84594      0.94488      0.34720      0.59768
     -3.83594      1.17919      0.43987      0.73932
     -3.82594      0.84704      0.32047      0.52657
     -3.81594      0.57436      0.21800      0.35635
     -3.80594      0.74826      0.28146      0.46680
     -3.79594      1.07746      0.40287      0.67459
     -3.78594      1.23531      0.45875      0.77656
     -3.77594      1.34329      0.49186      0.85143
     -3.76594      1.36789      0.49417      0.87372
     -3.75594      1.11448      0.39755      0.71693
     -3.74594      0.68950      0.24289      0.44662
     -3.73594      0.46678      0.16376      0.30302
     -3.72594      0.51296      0.17932      0.33364
     -3.71594      0.71159      0.25408      0.45751
     -3.70594      0.95277      0.34932      0.60345
     -3.69594      0.99761      0.37419      0.62342
     -3.68594      0.88991      0.33308      0.55683
     -3.67594      0.84949      0.30870      0.54079
     -3.66594      0.83739      0.30397      0.53341
     -3.65594      0.80688      0.29231      0.51457
     -3.64594      0.84572      0.29905      0.54667
     -3.63594      1.01564      0.36432      0.65132
     -3.62594      1.14781      0.42484      0.72297
     -3.61594      1.01467      0.37746      0.63721
     -3.60594      0.73495      0.26721      0.46774
     -3.59594      0.55482      0.19931      0.35551
     -3.58594      0.47550      0.17498      0.30053
     -3.57594      0.64178      0.23953      0.40225
     -3.56594      1.04587      0.38348      0.66240
     -3.55594      1.27813      0.45975      0.81838
     -3.54594      1.12022      0.39759      0.72263
     -3.53594      0.85469      0.30417      0.55052
     -3.52594      0.67952      0.24054      0.43897
     -3.51594      0.64402      0.22457      0.41945
     -3.50594      0.68427      0.24267      0.44160
     -3.49594      0.67546      0.24182      0.43364
     -3.48594      0.67485      0.24198      0.43287
     -3.47594      0.86010      0.31445      0.54565
     -3.46594      1.21193      0.44859      0.76334
     -3.45594      1.27925      0.47133      0.80792
     -3.44594      1.06113      0.38596      0.67517
     -3.43594      0.77550      0.28150      0.49400
     -3.42594      0.72898      0.26711      0.46187
     -3.41594      0.77335      0.28185      0.49151
     -3.40594      0.58811      0.21237      0.37574
     -3.39594      0.46822      0.16601      0.30221
     -3.38594      0.70130      0.24713      0.45417
     -3.37594      0.95179      0.34144      0.61035
     -3.36594      0.81911      0.29461      0.52450
     -3.35594      0.59929      0.21764      0.38165
     -3.34594      0.60540      0.21681      0.38858
     -3.33594      0.81197      0.28107      0.53090
     -3.32594      1.01719      0.35757      0.65962
     -3.31594      1.03308      0.37160      0.66148
     -3.30594      1.03806      0.37456      0.66350
     -3.29594      1.16311      0.41616      0.74695
     -3.28594      1.04434      0.37232      0.67202
     -3.27594      0.61191      0.21917      0.39274
     -3.26594      0.38805      0.13525      0.25280
     -3.25594      0.41802      0.14199      0.27602
     -3.24594      0.56699      0.19741      0.36958
     -3.23594      0.69882      0.24696      0.45186
     -3.22594      0.67412      0.24016      0.43396
     -3.21594      0.73281      0.25919      0.47362
     -3.20594      1.03777      0.36512      0.67264
     -3.19594      1.02624      0.36114      0.66510
     -3.18594      0.76419      0.27541      0.48878
     -3.17594      0.74299      0.27541      0.46758
     -3.16594      0.79547      0.28956      0.50591
     -3.15594      0.81029      0.29256      0.51773
     -3.14594      0.70516      0.26422      0.44094
     -3.13594      0.66027      0.25208      0.40820
     -3.12594      0.81638      0.30253      0.51385
     -3.11594      1.04975      0.37547      0.67428
     -3.10594      1.02206      0.35109      0.67098
     -3.09594      0.88934      0.29350      0.59584
     -3.08594      0.73521      0.24242      0.49279
     -3.07594      0.69759      0.23630      0.46129
     -3.06594      0.76360      0.26662      0.49698
     -3.05594      0.64686      0.23006      0.41680
     -3.04594      0.57221      0.20431      0.36790
     -3.03594      0.62179      0.22031      0.40149
     -3.02594      0.77313      0.26596      0.50717
     -3.01594      0.70002      0.23688      0.46314
     -3.00594      0.39301      0.13129      0.26172
     -2.99594      0.34852      0.12047      0.22805
     -2.98594      0.66024      0.24097      0.41927
     -2.97594      1.06539      0.38505      0.68034
     -2.96594      1.22239      0.43128      0.79111
     -2.95594      1.07609      0.38106      0.69504
     -2.94594      0.83985      0.30075      0.53910
     -2.93594      0.95593      0.33655      0.61937
     -2.92594      1.04337      0.36739      0.67598
     -2.91594      0.67122      0.24128      0.42994
     -2.90594      0.36626      0.12874      0.23751
     -2.89594      0.44326      0.14516      0.29810
     -2.88594      0.50687      0.16535      0.34152
     -2.87594      0.38697      0.13371      0.25326
     -2.86594      0.41963      0.15820      0.26143
     -2.85594      0.60671      0.22150      0.38521
     -2.84594      0.93306      0.31982      0.61324
     -2.83594      1.24068      0.41772      0.82296
     -2.82594      1.17301      0.39401      0.77900
     -2.81594      0.87814      0.29735      0.58078
     -2.80594      0.71059      0.24974      0.46085
     -2.79594      0.61569      0.21661      0.39908
     -2.78594      0.49869      0.16806      0.33063
     -2.77594      0.52996      0.18289      0.34707
     -2.76594      0.68393      0.24622      0.43770
     -2.75594      0.91174      0.32647      0.58527
     -2.74594      1.11678      0.39575      0.72103
     -2.73594      1.07355      0.37680      0.69675
     -2.72594      0.77327      0.26203      0.51125
     -2.71594      0.54268      0.17710      0.36558
     -2.70594      0.53730      0.18279      0.35451
     -2.69594      0.64682      0.22521      0.42161
     -2.68594      0.64089      0.21664      0.42426
     -2.67594      0.51502      0.16622      0.34881
     -2.66594      0.51914      0.17149      0.34765
     -2.65594      0.68430      0.23759      0.44671
     -2.64594      0.81714      0.28449      0.53265
     -2.63594      0.69701      0.24486      0.45215
     -2.62594      0.49758      0.17875      0.31883
     -2.61594      0.52962      0.18052      0.34910
     -2.60594      0.61434      0.19925      0.41509
     -2.59594      0.68145      0.22277      0.45869
     -2.58594      0.75720      0.25225      0.50495
     -2.57594      0.69136      0.23360      0.45776
     -2.56594      0.69784      0.23949      0.45835
     -2.55594      1.05169      0.36300      0.68868
     -2.54594      1.49516      0.51721      0.97795
     -2.53594      1.30965      0.45072      0.85894
     -2.52594      0.85847      0.29264      0.56582
     -2.51594      0.57970      0.20032      0.37938
     -2.50594      0.44109      0.14859      0.29249
     -2.49594      0.38155      0.12209      0.25946
     -2.48594      0.26974      0.08631      0.18343
     -2.47594      0.41285      0.13717      0.27568
     -2.46594      0.72183      0.24240      0.47943
     -2.45594      0.90430      0.30281      0.60149
     -2.44594      0.94038      0.31330      0.62708
     -2.43594      0.80746      0.26825      0.53921
     -2.42594      0.61651      0.20871      0.40779
     -2.41594      0.38055      0.13141      0.24914
     -2.40594      0.38605      0.12886      0.25719
     -2.39594      0.63489      0.20758      0.42731
     -2.38594      0.71864      0.23499      0.48365
     -2.37594      0.63279      0.21245      0.42033
     -2.36594      0.76018      0.26794      0.49224
     -2.35594      1.09046      0.38680      0.70367
     -2.34594      0.91132      0.31972      0.59159
     -2.33594      0.61462      0.20222      0.41240
     -2.32594      0.70817      0.21287      0.49530
     -2.31594      0.80859      0.24176      0.56683
     -2.30594      0.71332      0.22261      0.49071
     -2.29594      0.55284      0.18076      0.37208
     -2.28594      0.49892      0.16841      0.33051
     -2.27594      0.61693      0.21447      0.40246
     -2.26594      0.96161      0.33347      0.62813
     -2.25594      1.12509      0.37966      0.74544
     -2.24594      0.91950      0.29932      0.62017
     -2.23594      0.56526      0.17744      0.38781
     -2.22594      0.39026      0.12362      0.26664
     -2.21594      0.41104      0.12989      0.28115
     -2.20594      0.48066      0.15182      0.32883
     -2.19594      0.63640      0.20833      0.42807
     -2.18594      0.92756      0.30963      0.61793
     -2.17594      1.09869      0.37167      0.72702
     -2.16594      0.94238      0.31962      0.62276
     -2.15594      0.70918      0.22787      0.48131
     -2.14594      0.53527      0.15975      0.37552
     -2.13594      0.35537      0.11232      0.24305
     -2.12594      0.38156      0.13682      0.24474
     -2.11594      0.56097      0.19286      0.36811
     -2.10594      0.67235      0.21270      0.45966
     -2.09594      0.67638      0.21203      0.46435
     -2.08594      0.59079      0.19450      0.39629
     -2.07594      0.57281      0.18986      0.38295
     -2.06594      0.77805      0.24368      0.53437
     -2.05594      0.87951      0.26749      0.61202
     -2.04594      0.81056      0.24830      0.56226
     -2.03594      0.91212      0.28880      0.62332
     -2.02594      1.06821      0.34703      0.72118
     -2.01594      1.03636      0.34647      0.68989
     -2.00594      0.77925      0.26611      0.51315
     -1.99594      0.53513      0.18328      0.35185
     -1.98594      0.43016      0.14034      0.28983
     -1.97594      0.45134      0.13329      0.31804
     -1.96594      0.63769      0.18594      0.45175
     -1.95594      0.72881      0.22005      0.50875
     -1.94594      0.58970      0.18366      0.40604
     -1.93594      0.60029      0.19114      0.40915
     -1.92594      0.82552      0.26416      0.56137
     -1.91594      0.79548      0.25451      0.54096
     -1.90594      0.60421      0.18912      0.41509
     -1.89594      0.59627      0.18259      0.41368
     -1.88594      0.64042      0.20383      0.43659
     -1.87594      0.84340      0.27648      0.56692
     -1.86594      0.92274      0.29436      0.62839
     -1.85594      0.63185      0.19819      0.43366
     -1.84594      0.33743      0.11277      0.22466
     -1.83594      0.33635      0.11370      0.22265
     -1.82594      0.61980      0.19644      0.42336
     -1.81594      0.86667      0.27233      0.59434
     -1.80594      0.75630      0.23532      0.52098
     -1.79594      0.69867      0.20604      0.49262
     -1.78594      0.89297      0.25851      0.63447
     -1.77594      0.94991      0.28322      0.66670
     -1.76594      0.86706      0.26938      0.59768
     -1.75594      0.87080      0.26972      0.60108
     -1.74594      0.85532      0.25912      0.59620
     -1.73594      0.67368      0.20266      0.47102
     -1.72594      0.50871      0.15886      0.34985
     -1.71594      0.40065      0.12886      0.27180
     -1.70594      0.41817      0.13038      0.28779
     -1.69594      0.64215      0.19505      0.44710
     -1.68594      0.84462      0.25189      0.59273
     -1.67594      0.87107      0.26159      0.60948
     -1.66594      0.85333      0.26619      0.58714
     -1.65594      0.89948      0.28106      0.61842
     -1.64594      0.79277      0.23741      0.55536
     -1.63594      0.51210      0.14714      0.36497
     -1.62594      0.51749      0.15105      0.36645
     -1.61594      0.68209      0.20709      0.47500
     -1.60594      0.66072      0.20311      0.45761
     -1.59594      0.65220      0.19139      0.46081
     -1.58594      0.68849      0.20253      0.48595
     -1.57594      0.58818      0.18866      0.39952
     -1.56594      0.45118      0.15045      0.30073
     -1.55594      0.57529      0.17656      0.39873
     -1.54594      0.77669      0.22609      0.55060
     -1.53594      0.82785      0.23615      0.59170
     -1.52594      0.93458      0.26632      0.66826
     -1.51594      1.00242      0.28152      0.72090
     -1.50594      0.86332      0.24291      0.62041
     -1.49594      0.70908      0.20041      0.50867
     -1.48594      0.66251      0.17457      0.48794
     -1.47594      0.56723      0.14163      0.42560
     -1.46594      0.37389      0.09215      0.28175
     -1.45594      0.23848      0.05866      0.17982
     -1.44594      0.24943      0.06092      0.18851
     -1.43594      0.42714      0.10339      0.32375
     -1.42594      0.59346      0.14312      0.45034
     -1.41594      0.54911      0.13223      0.41688
     -1.40594      0.44895      0.10831      0.34063
     -1.39594      0.48258      0.11653      0.36605
     -1.38594      0.56028      0.13491      0.42537
     -1.37594      0.46382      0.11133      0.35249
     -1.36594      0.37705      0.08993      0.28712
     -1.35594      0.49273      0.11683      0.37590
     -1.34594      0.50645      0.11957      0.38688
     -1.33594      0.36241      0.08523      0.27718
     -1.32594      0.35123      0.08243      0.26880
     -1.31594      0.38246      0.08921      0.29325
     -1.30594      0.38959      0.09011      0.29948
     -1.29594      0.37511      0.08656      0.28855
     -1.28594      0.38639      0.08935      0.29703
     -1.27594      0.62159      0.14409      0.47750
     -1.26594      0.86134      0.20001      0.66133
     -1.25594      0.81007      0.18784      0.62223
     -1.24594      0.67526      0.15576      0.51950
     -1.23594      0.63136      0.14482      0.48654
     -1.22594      0.51328      0.11733      0.39596
     -1.21594      0.47124      0.10665      0.36459
     -1.20594      0.58765      0.13160      0.45605
     -1.19594      0.61148      0.13643      0.47505
     -1.18594      0.52943      0.11795      0.41148
     -1.17594      0.46512      0.10315      0.36197
     -1.16594      0.42558      0.09384      0.33175
     -1.15594      0.38703      0.08537      0.30166
     -1.14594      0.53267      0.11759      0.41508
     -1.13594      0.75319      0.16573      0.58746
     -1.12594      0.74397      0.16278      0.58118
     -1.11594      0.64512      0.13996      0.50516
     -1.10594      0.58279      0.12558      0.45721
     -1.09594      0.48013      0.10309      0.37703
     -1.08594      0.48466      0.10304      0.38162
     -1.07594      0.58707      0.12395      0.46311
     -1.06594      0.47905      0.10069      0.37836
     -1.05594      0.38320      0.08020      0.30301
     -1.04594      0.44841      0.09304      0.35538
     -1.03594      0.57130      0.11800      0.45330
     -1.02594      0.85138      0.17760      0.67377
     -1.01594      1.11293      0.23413      0.87880
     -1.00594      1.05224      0.22081      0.83143
     -0.99594      0.93680      0.19419      0.74261
     -0.98594      0.90388      0.18480      0.71908
     -0.97594      0.85687      0.17336      0.68351
     -0.96594      0.81788      0.16412      0.65376
     -0.95594      0.78355      0.15589      0.62766
     -0.94594      0.81040      0.15952      0.65088
     -0.93594      0.86839      0.16924      0.69915
     -0.92594      0.94700      0.18278      0.76422
     -0.91594      1.13235      0.21704      0.91531
     -0.90594      1.29772      0.24951      1.04822
     -0.89594      1.09095      0.21248      0.87848
     -0.88594      0.77228      0.15148      0.62080
     -0.87594      0.70601      0.13656      0.56945
     -0.86594      0.80207      0.15264      0.64942
     -0.85594      0.72386      0.13637      0.58748
     -0.84594      0.44442      0.08272      0.36170
     -0.83594      0.28701      0.05258      0.23443
     -0.82594      0.27628      0.05024      0.22604
     -0.81594      0.34983      0.06351      0.28632
     -0.80594      0.58544      0.10700      0.47844
     -0.79594      1.21082      0.22519      0.98563
     -0.78594      1.93629      0.36432      1.57197
     -0.77594      1.59762      0.30097      1.29665
     -0.76594      0.67609      0.12558      0.55051
     -0.75594      0.26920      0.04819      0.22101
     -0.74594      0.21195      0.03710      0.17486
     -0.73594      0.27139      0.04734      0.22406
     -0.72594      0.29177      0.05085      0.24093
     -0.71594      0.32401      0.05637      0.26764
     -0.70594      0.37525      0.06548      0.30977
     -0.69594      0.49986      0.08775      0.41211
     -0.68594      0.73635      0.13002      0.60632
     -0.67594      0.82616      0.14556      0.68060
     -0.66594      0.57128      0.09937      0.47192
     -0.65594      0.30541      0.05201      0.25340
     -0.64594      0.25969      0.04358      0.21611
     -0.63594      0.31521      0.05258      0.26263
     -0.62594      0.39402      0.06550      0.32852
     -0.61594      0.48354      0.08023      0.40331
     -0.60594      0.55510      0.09209      0.46301
     -0.59594      0.67230      0.11178      0.56052
     -0.58594      0.83977      0.14050      0.69927
     -0.57594      0.92682      0.15509      0.77173
     -0.56594      0.70005      0.11570      0.58435
     -0.55594      0.32009      0.05180      0.26829
     -0.54594      0.16064      0.02533      0.13531
     -0.53594      0.25539      0.03986      0.21552
     -0.52594      0.31513      0.04892      0.26621
     -0.51594      0.35801      0.05510      0.30291
     -0.50594      0.44683      0.06872      0.37811
     -0.49594      0.41364      0.06391      0.34973
     -0.48594      0.44667      0.06912      0.37755
     -0.47594      0.47224      0.07256      0.39968
     -0.46594      0.36422      0.05503      0.30919
     -0.45594      0.29771      0.04408      0.25363
     -0.44594      0.33695      0.04927      0.28768
     -0.43594      0.39781      0.05783      0.33998
     -0.42594      0.42394      0.06131      0.36263
     -0.41594      0.41952      0.06065      0.35886
     -0.40594      0.46710      0.06751      0.39959
     -0.39594      0.66995      0.09602      0.57393
     -0.38594      0.69820      0.09927      0.59894
     -0.37594      0.35065      0.04953      0.30112
     -0.36594      0.13281      0.01826      0.11455
     -0.35594      0.22229      0.02982      0.19247
     -0.34594      0.33080      0.04420      0.28660
     -0.33594      0.34913      0.04615      0.30299
     -0.32594      0.39818      0.05236      0.34582
     -0.31594      0.39095      0.05147      0.33948
     -0.30594      0.33345      0.04360      0.28985
     -0.29594      0.29333      0.03764      0.25569
     -0.28594      0.26026      0.03277      0.22749
     -0.27594      0.28156      0.03499      0.24657
     -0.26594      0.36621      0.04500      0.32121
     -0.25594      0.46692      0.05687      0.41005
     -0.24594      0.54285      0.06568      0.47717
     -0.23594      0.47479      0.05729      0.41749
     -0.22594      0.29446      0.03509      0.25937
     -0.21594      0.27755      0.03204      0.24551
     -0.20594      0.26719      0.03052      0.23667
     -0.19594      0.17723      0.01996      0.15727
     -0.18594      0.26613      0.02938      0.23674
     -0.17594      0.38643      0.04233      0.34411
     -0.16594      0.38040      0.04107      0.33933
     -0.15594      0.31719      0.03376      0.28344
     -0.14594      0.24337      0.02549      0.21788
     -0.13594      0.29371      0.03014      0.26358
     -0.12594      0.40563      0.04111      0.36452
     -0.11594      0.39721      0.03982      0.35738
     -0.10594      0.29700      0.02923      0.26777
     -0.09594      0.24882      0.02387      0.22495
     -0.08594      0.26138      0.02458      0.23680
     -0.07594      0.28074      0.02599      0.25476
     -0.06594      0.26637      0.02421      0.24216
     -0.05594      0.28181      0.02494      0.25687
     -0.04594      0.36067      0.03133      0.32934
     -0.03594      0.33016      0.02833      0.30182
     -0.02594      0.23712      0.01984      0.21728
     -0.01594      0.24186      0.01965      0.22221
     -0.00594      0.21659      0.01738      0.19921
      0.00406      0.10242      0.00817      0.09425
      0.01406      0.02113      0.00168      0.01945
      0.02406      0.00172      0.00014      0.00158
      0.03406      0.00005      0.00000      0.00005
      0.04406      0.00000      0.00000      0.00000
      0.05406      0.00000      0.00000      0.00000
      0.06406      0.00000      0.00000      0.00000
      0.07406      0.00000      0.00000      0.00000
      0.08406      0.00000      0.00000      0.00000
      0.09406      0.00000      0.00000      0.00000
      0.10406      0.00000      0.00000      0.00000
      0.11406      0.00000      0.00000      0.00000
      0.12406      0.00000      0.00000      0.00000
      0.13406      0.00000      0.00000      0.00000
      0.14406      0.00000      0.00000      0.00000
      0.15406      0.00000      0.00000      0.00000
      0.16406      0.00000      0.00000      0.00000
      0.17406      0.00000      0.00000      0.00000
      0.18406      0.00000      0.00000      0.00000
      0.19406      0.00000      0.00000      0.00000
      0.20406      0.00000      0.00000      0.00000
      0.21406      0.00000      0.00000      0.00000
      0.22406      0.00000      0.00000      0.00000
      0.23406      0.00000      0.00000      0.00000
      0.24406      0.00000      0.00000      0.00000
      0.25406      0.00000      0.00000      0.00000
      0.26406      0.00000      0.00000      0.00000
      0.27406      0.00000      0.00000      0.00000
      0.28406      0.00000      0.00000      0.00000
      0.29406      0.00000      0.00000      0.00000
      0.30406      0.00000      0.00000      0.00000
      0.31406      0.00000      0.00000      0.00000
      0.32406      0.00000      0.00000      0.00000
      0.33406      0.00000      0.00000      0.00000
      0.34406      0.00000      0.00000      0.00000
      0.35406      0.00000      0.00000      0.00000
      0.36406      0.00000      0.00000      0.00000
      0.37406      0.00000      0.00000      0.00000
      0.38406      0.00000      0.00000      0.00000
      0.39406      0.00000      0.00000      0.00000
      0.40406      0.00000      0.00000      0.00000
      0.41406      0.00000      0.00000      0.00000
      0.42406      0.00000      0.00000      0.00000
      0.43406      0.00000      0.00000      0.00000
      0.44406      0.00000      0.00000      0.00000
      0.45406      0.00000      0.00000      0.00000
      0.46406      0.00000      0.00000      0.00000
      0.47406      0.00000      0.00000      0.00000
      0.48406      0.00000      0.00000      0.00000
      0.49406      0.00000      0.00000      0.00000
      0.50406      0.00000      0.00000      0.00000
      0.51406      0.00000      0.00000      0.00000
      0.52406      0.00000      0.00000      0.00000
      0.53406      0.00000      0.00000      0.00000
      0.54406      0.00000      0.00000      0.00000
      0.55406      0.00000      0.00000      0.00000
      0.56406      0.00000      0.00000      0.00000
      0.57406      0.00000      0.00000      0.00000
      0.58406      0.00000      0.00000      0.00000
      0.59406      0.00000      0.00000      0.00000
      0.60406      0.00000      0.00000      0.00000
      0.61406      0.00000      0.00000      0.00000
      0.62406      0.00000      0.00000      0.00000
      0.63406      0.00000      0.00000      0.00000
      0.64406      0.00000      0.00000      0.00000
      0.65406      0.00000      0.00000      0.00000
      0.66406      0.00000      0.00000      0.00000
      0.67406      0.00000      0.00000      0.00000
      0.68406      0.00000      0.00000      0.00000
      0.69406      0.00000      0.00000      0.00000
      0.70406      0.00000      0.00000      0.00000
      0.71406      0.00000      0.00000      0.00000
      0.72406      0.00000      0.00000      0.00000
      0.73406      0.00000      0.00000      0.00000
      0.74406      0.00000      0.00000      0.00000
      0.75406      0.00000      0.00000      0.00000
      0.76406      0.00000      0.00000      0.00000
      0.77406      0.00000      0.00000      0.00000
      0.78406      0.00000      0.00000      0.00000
      0.79406      0.00000      0.00000      0.00000
      0.80406      0.00000      0.00000      0.00000
      0.81406      0.00000      0.00000      0.00000
      0.82406      0.00000      0.00000      0.00000
      0.83406      0.00000      0.00000      0.00000
      0.84406      0.00000      0.00000      0.00000
      0.85406      0.00000      0.00000      0.00000
      0.86406      0.00000      0.00000      0.00000
      0.87406      0.00000      0.00000      0.00000
      0.88406      0.00000      0.00000      0.00000
      0.89406      0.00000      0.00000      0.00000
      0.90406      0.00000      0.00000      0.00000
      0.91406      0.00000      0.00000      0.00000
      0.92406      0.00000      0.00000      0.00000
      0.93406      0.00000      0.00000      0.00000
      0.94406      0.00000      0.00000      0.00000
      0.95406      0.00000      0.00000      0.00000
      0.96406      0.00000      0.00000      0.00000
      0.97406      0.00000      0.00000      0.00000
      0.98406      0.00000      0.00000      0.00000
      0.99406      0.00000      0.00000      0.00000
      1.00406      0.00000      0.00000      0.00000
      1.01406      0.00000      0.00000      0.00000
      1.02406      0.00000      0.00000      0.00000
      1.03406      0.00000      0.00000      0.00000
      1.04406      0.00000      0.00000      0.00000
      1.05406      0.00000      0.00000      0.00000
      1.06406      0.00000      0.00000      0.00000
      1.07406      0.00000      0.00000      0.00000
      1.08406      0.00000      0.00000      0.00000
      1.09406      0.00000      0.00000      0.00000
      1.10406      0.00000      0.00000      0.00000
      1.11406      0.00000      0.00000      0.00000
      1.12406      0.00000      0.00000      0.00000
      1.13406      0.00000      0.00000      0.00000
      1.14406      0.00000      0.00000      0.00000
      1.15406      0.00000      0.00000      0.00000
      1.16406      0.00000      0.00000      0.00000
      1.17406      0.00000      0.00000      0.00000
      1.18406      0.00000      0.00000      0.00000
      1.19406      0.00000      0.00000      0.00000
      1.20406      0.00000      0.00000      0.00000
      1.21406      0.00000      0.00000      0.00000
      1.22406      0.00000      0.00000      0.00000
      1.23406      0.00000      0.00000      0.00000
      1.24406      0.00000      0.00000      0.00000
      1.25406      0.00000      0.00000      0.00000
      1.26406      0.00000      0.00000      0.00000
      1.27406      0.00000      0.00000      0.00000
      1.28406      0.00000      0.00000      0.00000
      1.29406      0.00000      0.00000      0.00000
      1.30406      0.00000      0.00000      0.00000
      1.31406      0.00000      0.00000      0.00000
      1.32406      0.00000      0.00000      0.00000
      1.33406      0.00000      0.00000      0.00000
      1.34406      0.00000      0.00000      0.00000
      1.35406      0.00000      0.00000      0.00000
      1.36406      0.00000      0.00000      0.00000
      1.37406      0.00000      0.00000      0.00000
      1.38406      0.00000      0.00000      0.00000
      1.39406      0.00000      0.00000      0.00000
      1.40406      0.00000      0.00000      0.00000
      1.41406      0.00000      0.00000      0.00000
      1.42406      0.00000      0.00000      0.00000
      1.43406      0.00000      0.00000      0.00000
      1.44406      0.00000      0.00000      0.00000
      1.45406      0.00000      0.00000      0.00000
      1.46406      0.00000      0.00000      0.00000
      1.47406      0.00000      0.00000      0.00000
      1.48406      0.00000      0.00000      0.00000
      1.49406      0.00000      0.00000      0.00000
      1.50406      0.00000      0.00000      0.00000
      1.51406      0.00000      0.00000      0.00000
      1.52406      0.00000      0.00000      0.00000
      1.53406      0.00000      0.00000      0.00000
      1.54406      0.00000      0.00000      0.00000
      1.55406      0.00000      0.00000      0.00000
      1.56406      0.00000      0.00000      0.00000
      1.57406      0.00000      0.00000      0.00000
      1.58406      0.00000      0.00000      0.00000
      1.59406      0.00000      0.00000      0.00000
      1.60406      0.00000      0.00000      0.00000
      1.61406      0.00000      0.00000      0.00000
      1.62406      0.00000      0.00000      0.00000
      1.63406      0.00000      0.00000      0.00000
      1.64406      0.00000      0.00000      0.00000
      1.65406      0.00000      0.00000      0.00000
      1.66406      0.00000      0.00000      0.00000
      1.67406      0.00000      0.00000      0.00000
      1.68406      0.00000      0.00000      0.00000
      1.69406      0.00000      0.00000      0.00000
      1.70406      0.00000      0.00000      0.00000
      1.71406      0.00000      0.00000      0.00000
      1.72406      0.00000      0.00000      0.00000
      1.73406      0.00000      0.00000      0.00000
      1.74406      0.00000      0.00000      0.00000
      1.75406      0.00000      0.00000      0.00000
      1.76406      0.00000      0.00000      0.00000
      1.77406      0.00000      0.00000      0.00000
      1.78406      0.00000      0.00000      0.00000
      1.79406      0.00000      0.00000      0.00000
      1.80406      0.00000      0.00000      0.00000
      1.81406      0.00000      0.00000      0.00000
      1.82406      0.00000      0.00000      0.00000
      1.83406      0.00000      0.00000      0.00000
      1.84406      0.00000      0.00000      0.00000
      1.85406      0.00000      0.00000      0.00000
      1.86406      0.00000      0.00000      0.00000
      1.87406      0.00000      0.00000      0.00000
      1.88406      0.00000      0.00000      0.00000
      1.89406      0.00000      0.00000      0.00000
      1.90406      0.00000      0.00000      0.00000
      1.91406      0.00000      0.00000      0.00000
      1.92406      0.00000      0.00000      0.00000
      1.93406      0.00000      0.00000      0.00000
      1.94406      0.00000      0.00000      0.00000
      1.95406      0.00000      0.00000      0.00000
      1.96406      0.00000      0.00000      0.00000
      1.97406      0.00000      0.00000      0.00000
      1.98406      0.00000      0.00000      0.00000
      1.99406      0.00000      0.00000      0.00000
      2.00406      0.00000      0.00000      0.00000
      2.01406      0.00000      0.00000      0.00000
      2.02406      0.00000      0.00000      0.00000
      2.03406      0.00000      0.00000      0.00000
      2.04406      0.00000      0.00000      0.00000
      2.05406      0.00000      0.00000      0.00000
      2.06406      0.00000      0.00000      0.00000
      2.07406      0.00000      0.00000      0.00000
      2.08406      0.00000      0.00000      0.00000
      2.09406      0.00000      0.00000      0.00000
      2.10406      0.00000      0.00000      0.00000
      2.11406      0.00000      0.00000      0.00000
      2.12406      0.00000      0.00000      0.00000
      2.13406      0.00000      0.00000      0.00000
      2.14406      0.00000      0.00000      0.00000
      2.15406      0.00000      0.00000      0.00000
      2.16406      0.00000      0.00000      0.00000
      2.17406      0.00000      0.00000      0.00000
      2.18406      0.00000      0.00000      0.00000
      2.19406      0.00000      0.00000      0.00000
      2.20406      0.00000      0.00000      0.00000
      2.21406      0.00000      0.00000      0.00000
      2.22406      0.00000      0.00000      0.00000
      2.23406      0.00000      0.00000      0.00000
      2.24406      0.00000      0.00000      0.00000
      2.25406      0.00000      0.00000      0.00000
      2.26406      0.00000      0.00000      0.00000
      2.27406      0.00000      0.00000      0.00000
      2.28406      0.00000      0.00000      0.00000
      2.29406      0.00000      0.00000      0.00000
      2.30406      0.00000      0.00000      0.00000
      2.31406      0.00000      0.00000      0.00000
      2.32406      0.00000      0.00000      0.00000
      2.33406      0.00000      0.00000      0.00000
      2.34406      0.00000      0.00000      0.00000
      2.35406      0.00000      0.00000      0.00000
      2.36406      0.00000      0.00000      0.00000
      2.37406      0.00000      0.00000      0.00000
      2.38406      0.00000      0.00000      0.00000
      2.39406      0.00000      0.00000      0.00000
      2.40406      0.00000      0.00000      0.00000
      2.41406      0.00000      0.00000      0.00000
      2.42406      0.00000      0.00000      0.00000
      2.43406      0.00000      0.00000      0.00000
      2.44406      0.00000      0.00000      0.00000
      2.45406      0.00000      0.00000      0.00000
      2.46406      0.00000      0.00000      0.00000
      2.47406      0.00000      0.00000      0.00000
      2.48406      0.00000      0.00000      0.00000
      2.49406      0.00000      0.00000      0.00000
      2.50406      0.00000      0.00000      0.00000
      2.51406      0.00000      0.00000      0.00000
      2.52406      0.00000      0.00000      0.00000
      2.53406      0.00000      0.00000      0.00000
      2.54406      0.00000      0.00000      0.00000
      2.55406      0.00000      0.00000      0.00000
      2.56406      0.00000      0.00000      0.00000
      2.57406      0.00000      0.00000      0.00000
      2.58406      0.00000      0.00000      0.00000
      2.59406      0.00000      0.00000      0.00000
      2.60406      0.00000      0.00000      0.00000
      2.61406      0.00000      0.00000      0.00000
      2.62406      0.00000      0.00000      0.00000
      2.63406      0.00000      0.00000      0.00000
      2.64406      0.00000      0.00000      0.00000
      2.65406      0.00000      0.00000      0.00000
      2.66406      0.00000      0.00000      0.00000
      2.67406      0.00000      0.00000      0.00000
      2.68406      0.00000      0.00000      0.00000
      2.69406      0.00000      0.00000      0.00000
      2.70406      0.00000      0.00000      0.00000
      2.71406      0.00000      0.00000      0.00000
      2.72406      0.00000      0.00000      0.00000
      2.73406      0.00000      0.00000      0.00000
      2.74406      0.00000      0.00000      0.00000
      2.75406      0.00000      0.00000      0.00000
      2.76406      0.00000      0.00000      0.00000
      2.77406      0.00000      0.00000      0.00000
      2.78406      0.00000      0.00000      0.00000
      2.79406      0.00000      0.00000      0.00000
      2.80406      0.00000      0.00000      0.00000
      2.81406      0.00000      0.00000      0.00000
      2.82406      0.00000      0.00000      0.00000
      2.83406      0.00000      0.00000      0.00000
      2.84406      0.00000      0.00000      0.00000
      2.85406      0.00000      0.00000      0.00000
      2.86406      0.00000      0.00000      0.00000
      2.87406      0.00000      0.00000      0.00000
      2.88406      0.00000      0.00000      0.00000
      2.89406      0.00000      0.00000      0.00000
      2.90406      0.00000      0.00000      0.00000
      2.91406      0.00000      0.00000      0.00000
      2.92406      0.00000      0.00000      0.00000
      2.93406      0.00000      0.00000      0.00000
      2.94406      0.00000      0.00000      0.00000
      2.95406      0.00000      0.00000      0.00000
      2.96406      0.00000      0.00000      0.00000
      2.97406      0.00000      0.00000      0.00000
      2.98406      0.00000      0.00000      0.00000
      2.99406      0.00000      0.00000      0.00000
      3.00406      0.00000      0.00000      0.00000
      3.01406      0.00000      0.00000      0.00000
      3.02406      0.00000      0.00000      0.00000
      3.03406      0.00000      0.00000      0.00000
      3.04406      0.00000      0.00000      0.00000
      3.05406      0.00000      0.00000      0.00000
      3.06406      0.00000      0.00000      0.00000
      3.07406      0.00000      0.00000      0.00000
      3.08406      0.00000      0.00000      0.00000
      3.09406      0.00000      0.00000      0.00000
      3.10406      0.00000      0.00000      0.00000
      3.11406      0.00000      0.00000      0.00000
      3.12406      0.00000      0.00000      0.00000
      3.13406      0.00000      0.00000      0.00000
      3.14406      0.00000      0.00000      0.00000
      3.15406      0.00000      0.00000      0.00000
      3.16406      0.00000      0.00000      0.00000
      3.17406      0.00000      0.00000      0.00000
      3.18406      0.00000      0.00000      0.00000
      3.19406      0.00000      0.00000      0.00000
      3.20406      0.00000      0.00000      0.00000
      3.21406      0.00000      0.00000      0.00000
      3.22406      0.00000      0.00000      0.00000
      3.23406      0.00000      0.00000      0.00000
      3.24406      0.00000      0.00000      0.00000
      3.25406      0.00000      0.00000      0.00000
      3.26406      0.00000      0.00000      0.00000
      3.27406      0.00000      0.00000      0.00000
      3.28406      0.00000      0.00000      0.00000
      3.29406      0.00000      0.00000      0.00000
      3.30406      0.00000      0.00000      0.00000
      3.31406      0.00000      0.00000      0.00000
      3.32406      0.00000      0.00000      0.00000
      3.33406      0.00000      0.00000      0.00000
      3.34406      0.00000      0.00000      0.00000
      3.35406      0.00000      0.00000      0.00000
      3.36406      0.00000      0.00000      0.00000
      3.37406      0.00000      0.00000      0.00000
      3.38406      0.00000      0.00000      0.00000
      3.39406      0.00000      0.00000      0.00000
      3.40406      0.00000      0.00000      0.00000
      3.41406      0.00000      0.00000      0.00000
      3.42406      0.00000      0.00000      0.00000
      3.43406      0.00000      0.00000      0.00000
      3.44406      0.00000      0.00000      0.00000
      3.45406      0.00000      0.00000      0.00000
      3.46406      0.00000      0.00000      0.00000
      3.47406      0.00000      0.00000      0.00000
      3.48406      0.00000      0.00000      0.00000
      3.49406      0.00000      0.00000      0.00000
      3.50406      0.00000      0.00000      0.00000
      3.51406      0.00000      0.00000      0.00000
      3.52406      0.00000      0.00000      0.00000
      3.53406      0.00000      0.00000      0.00000
      3.54406      0.00000      0.00000      0.00000
      3.55406      0.00000      0.00000      0.00000
      3.56406      0.00000      0.00000      0.00000
      3.57406      0.00000      0.00000      0.00000
      3.58406      0.00000      0.00000      0.00000
      3.59406      0.00000      0.00000      0.00000
      3.60406      0.00000      0.00000      0.00000
      3.61406      0.00000      0.00000      0.00000
      3.62406      0.00000      0.00000      0.00000
      3.63406      0.00000      0.00000      0.00000
      3.64406      0.00000      0.00000      0.00000
      3.65406      0.00000      0.00000      0.00000
      3.66406      0.00000      0.00000      0.00000
      3.67406      0.00000      0.00000      0.00000
      3.68406      0.00000      0.00000      0.00000
      3.69406      0.00000      0.00000      0.00000
      3.70406      0.00000      0.00000      0.00000
      3.71406      0.00000      0.00000      0.00000
      3.72406      0.00000      0.00000      0.00000
      3.73406      0.00000      0.00000      0.00000
      3.74406      0.00000      0.00000      0.00000
      3.75406      0.00000      0.00000      0.00000
      3.76406      0.00000      0.00000      0.00000
      3.77406      0.00000      0.00000      0.00000
      3.78406      0.00000      0.00000      0.00000
      3.79406      0.00000      0.00000      0.00000
      3.80406      0.00000      0.00000      0.00000
      3.81406      0.00000      0.00000      0.00000
      3.82406      0.00000      0.00000      0.00000
      3.83406      0.00000      0.00000      0.00000
      3.84406      0.00000      0.00000      0.00000
      3.85406      0.00000      0.00000      0.00000
      3.86406      0.00000      0.00000      0.00000
      3.87406      0.00000      0.00000      0.00000
      3.88406      0.00000      0.00000      0.00000
      3.89406      0.00000      0.00000      0.00000
      3.90406      0.00000      0.00000      0.00000
      3.91406      0.00000      0.00000      0.00000
      3.92406      0.00000      0.00000      0.00000
      3.93406      0.00000      0.00000      0.00000
      3.94406      0.00000      0.00000      0.00000
      3.95406      0.00000      0.00000      0.00000
      3.96406      0.00000      0.00000      0.00000
      3.97406      0.00000      0.00000      0.00000
      3.98406      0.00000      0.00000      0.00000
      3.99406      0.00000      0.00000      0.00000
      4.00406      0.00000      0.00000      0.00000
      4.01406      0.00000      0.00000      0.00000
      4.02406      0.00000      0.00000      0.00000
      4.03406      0.00000      0.00000      0.00000
      4.04406      0.00000      0.00000      0.00000
      4.05406      0.00000      0.00000      0.00000
      4.06406      0.00000      0.00000      0.00000
      4.07406      0.00000      0.00000      0.00000
      4.08406      0.00000      0.00000      0.00000
      4.09406      0.00000      0.00000      0.00000
      4.10406      0.00000      0.00000      0.00000
      4.11406      0.00000      0.00000      0.00000
      4.12406      0.00000      0.00000      0.00000
      4.13406      0.00000      0.00000      0.00000
      4.14406      0.00000      0.00000      0.00000
      4.15406      0.00000      0.00000      0.00000
      4.16406      0.00000      0.00000      0.00000
      4.17406      0.00000      0.00000      0.00000
      4.18406      0.00000      0.00000      0.00000
      4.19406      0.00000      0.00000      0.00000
      4.20406      0.00000      0.00000      0.00000
      4.21406      0.00000      0.00000      0.00000
      4.22406      0.00000      0.00000      0.00000
      4.23406      0.00000      0.00000      0.00000
      4.24406      0.00000      0.00000      0.00000
      4.25406      0.00000      0.00000      0.00000
      4.26406      0.00000      0.00000      0.00000
      4.27406      0.00000      0.00000      0.00000
      4.28406      0.00000      0.00000      0.00000
      4.29406      0.00000      0.00000      0.00000
      4.30406      0.00000      0.00000      0.00000
      4.31406      0.00000      0.00000      0.00000
      4.32406      0.00000      0.00000      0.00000
      4.33406      0.00000      0.00000      0.00000
      4.34406      0.00000      0.00000      0.00000
      4.35406      0.00000      0.00000      0.00000
      4.36406      0.00000      0.00000      0.00000
      4.37406      0.00000      0.00000      0.00000
      4.38406      0.00000      0.00000      0.00000
      4.39406      0.00000      0.00000      0.00000
      4.40406      0.00000      0.00000      0.00000
      4.41406      0.00000      0.00000      0.00000
      4.42406      0.00000      0.00000      0.00000
      4.43406      0.00000      0.00000      0.00000
      4.44406      0.00000      0.00000      0.00000
      4.45406      0.00000      0.00000      0.00000
      4.46406      0.00000      0.00000      0.00000
      4.47406      0.00000      0.00000      0.00000
      4.48406      0.00000      0.00000      0.00000
      4.49406      0.00000      0.00000      0.00000
      4.50406      0.00000      0.00000      0.00000
      4.51406      0.00000      0.00000      0.00000
      4.52406      0.00000      0.00000      0.00000
      4.53406      0.00000      0.00000      0.00000
      4.54406      0.00000      0.00000      0.00000
      4.55406      0.00000      0.00000      0.00000
      4.56406      0.00000      0.00000      0.00000
      4.57406      0.00000      0.00000      0.00000
      4.58406      0.00000      0.00000      0.00000
      4.59406      0.00000      0.00000      0.00000
      4.60406      0.00000      0.00000      0.00000
      4.61406      0.00000      0.00000      0.00000
      4.62406      0.00000      0.00000      0.00000
      4.63406      0.00003      0.00003      0.00000
      4.64406      0.00112      0.00100      0.00012
      4.65406      0.01626      0.01449      0.00177
      4.66406      0.09339      0.08321      0.01018
      4.67406      0.23082      0.20551      0.02531
      4.68406      0.30483      0.27094      0.03389
      4.69406      0.34497      0.30564      0.03934
      4.70406      0.42283      0.37360      0.04923
      4.71406      0.42798      0.37722      0.05076
      4.72406      0.39112      0.34346      0.04765
      4.73406      0.40587      0.35526      0.05061
      4.74406      0.37143      0.32425      0.04717
      4.75406      0.28603      0.24876      0.03727
      4.76406      0.38761      0.33557      0.05204
      4.77406      0.67660      0.58501      0.09159
      4.78406      0.69317      0.59799      0.09519
      4.79406      0.48877      0.41924      0.06953
      4.80406      0.38583      0.32864      0.05720
      4.81406      0.48400      0.41137      0.07264
      4.82406      0.62950      0.53438      0.09512
      4.83406      0.49551      0.41829      0.07722
      4.84406      0.37194      0.30679      0.06516
      4.85406      0.81520      0.65575      0.15945
      4.86406      1.74559      1.39579      0.34979
      4.87406      2.40514      1.91690      0.48823
      4.88406      2.55935      2.02602      0.53333
      4.89406      2.21604      1.73568      0.48036
      4.90406      1.74560      1.36027      0.38533
      4.91406      1.42477      1.11205      0.31273
      4.92406      1.15773      0.90712      0.25061
      4.93406      1.09049      0.85685      0.23363
      4.94406      1.31581      1.03063      0.28518
      4.95406      1.44949      1.12899      0.32051
      4.96406      1.17877      0.91607      0.26270
      4.97406      0.75557      0.58888      0.16668
      4.98406      0.74580      0.58172      0.16408
      4.99406      0.92303      0.72039      0.20264
      5.00406      0.81904      0.64338      0.17566
      5.01406      0.80020      0.63113      0.16907
      5.02406      1.19132      0.92774      0.26358
      5.03406      1.47149      1.13481      0.33668
      5.04406      1.10342      0.85005      0.25337
      5.05406      0.48570      0.37611      0.10959
      5.06406      0.25425      0.19609      0.05816
      5.07406      0.54680      0.41842      0.12838
      5.08406      0.80416      0.61490      0.18926
      5.09406      0.60619      0.46556      0.14062
      5.10406      0.51816      0.40547      0.11269
      5.11406      0.62762      0.48981      0.13781
      5.12406      0.88558      0.67215      0.21342
      5.13406      1.18161      0.88496      0.29665
      5.14406      0.85761      0.64258      0.21504
      5.15406      0.38211      0.29090      0.09120
      5.16406      0.34231      0.26619      0.07612
      5.17406      0.46794      0.36259      0.10535
      5.18406      0.63491      0.48488      0.15003
      5.19406      0.79571      0.60135      0.19436
      5.20406      0.75724      0.57779      0.17945
      5.21406      0.56631      0.43916      0.12715
      5.22406      0.35854      0.27797      0.08057
      5.23406      0.38686      0.29365      0.09321
      5.24406      0.76771      0.57245      0.19526
      5.25406      1.14756      0.84618      0.30139
      5.26406      0.83435      0.61225      0.22210
      5.27406      0.28945      0.21366      0.07579
      5.28406      0.21408      0.16400      0.05008
      5.29406      0.34968      0.26814      0.08155
      5.30406      0.39279      0.29798      0.09481
      5.31406      0.51445      0.38463      0.12982
      5.32406      0.73617      0.54533      0.19084
      5.33406      0.62731      0.46499      0.16232
      5.34406      0.29284      0.21858      0.07425
      5.35406      0.24203      0.18203      0.06000
      5.36406      0.33192      0.24932      0.08260
      5.37406      0.38705      0.28705      0.10000
      5.38406      0.67739      0.49460      0.18279
      5.39406      1.01384      0.73515      0.27870
      5.40406      0.88035      0.64150      0.23885
      5.41406      0.65644      0.48891      0.16753
      5.42406      0.54619      0.41282      0.13337
      5.43406      0.33800      0.25671      0.08129
      5.44406      0.17741      0.13285      0.04456
      5.45406      0.25672      0.18711      0.06962
      5.46406      0.46125      0.33341      0.12784
      5.47406      0.52658      0.37870      0.14788
      5.48406      0.40545      0.29408      0.11137
      5.49406      0.32216      0.23726      0.08490
      5.50406      0.28385      0.20916      0.07469
      5.51406      0.31426      0.23061      0.08365
      5.52406      0.39540      0.28895      0.10645
      5.53406      0.56170      0.40704      0.15466
      5.54406      0.85423      0.61196      0.24228
      5.55406      0.89840      0.64090      0.25750
      5.56406      0.46493      0.33225      0.13267
      5.57406      0.16304      0.11746      0.04558
      5.58406      0.21363      0.15539      0.05824
      5.59406      0.30170      0.22035      0.08134
      5.60406      0.29636      0.21623      0.08012
      5.61406      0.33784      0.24428      0.09356
      5.62406      0.46054      0.32978      0.13076
      5.63406      0.52999      0.37685      0.15315
      5.64406      0.49621      0.35480      0.14141
      5.65406      0.40401      0.29301      0.11100
      5.66406      0.38068      0.27799      0.10269
      5.67406      0.40927      0.29772      0.11155
      5.68406      0.34813      0.25092      0.09721
      5.69406      0.43473      0.31007      0.12466
      5.70406      0.66384      0.46965      0.19420
      5.71406      0.77658      0.54327      0.23331
      5.72406      0.57856      0.40145      0.17711
      5.73406      0.21677      0.14999      0.06678
      5.74406      0.08360      0.05911      0.02449
      5.75406      0.21733      0.15578      0.06155
      5.76406      0.38059      0.27231      0.10828
      5.77406      0.29825      0.21261      0.08564
      5.78406      0.19798      0.14019      0.05778
      5.79406      0.41399      0.29204      0.12195
      5.80406      0.67720      0.47646      0.20075
      5.81406      0.52107      0.36542      0.15566
      5.82406      0.21227      0.14851      0.06376
      5.83406      0.17447      0.12260      0.05188
      5.84406      0.26348      0.18593      0.07754
      5.85406      0.27849      0.19623      0.08226
      5.86406      0.26292      0.18365      0.07927
      5.87406      0.34411      0.23912      0.10499
      5.88406      0.56092      0.38826      0.17266
      5.89406      0.73206      0.50424      0.22782
      5.90406      0.72462      0.50117      0.22346
      5.91406      0.56911      0.39841      0.17070
      5.92406      0.40242      0.28459      0.11784
      5.93406      0.30610      0.21749      0.08861
      5.94406      0.20520      0.14520      0.06000
      5.95406      0.18819      0.13067      0.05751
      5.96406      0.26710      0.18438      0.08272
      5.97406      0.29363      0.20199      0.09164
      5.98406      0.32318      0.22055      0.10263
      5.99406      0.37130      0.25409      0.11721
      6.00406      0.36372      0.25113      0.11259
      6.01406      0.27332      0.18935      0.08397
      6.02406      0.23716      0.16404      0.07313
      6.03406      0.27293      0.18808      0.08485
      6.04406      0.27721      0.19063      0.08658
      6.05406      0.35643      0.24508      0.11136
      6.06406      0.48799      0.33406      0.15393
      6.07406      0.66562      0.45314      0.21248
      6.08406      0.64791      0.43942      0.20849
      6.09406      0.32407      0.21914      0.10493
      6.10406      0.15736      0.10691      0.05046
      6.11406      0.22773      0.15601      0.07177
      6.12406      0.27898      0.19495      0.08587
      6.13406      0.30595      0.25368      0.07698
      6.14406      0.55039      0.61033      0.07190
      6.15406      1.03992      1.24689      0.09337
      6.16406      1.21835      1.44721      0.11180
      6.17406      1.12282      1.26238      0.13079
      6.18406      1.06983      1.13902      0.14973
      6.19406      0.85074      0.91264      0.11280
      6.20406      0.71691      0.75257      0.10070
      6.21406      0.80429      0.82024      0.12302
      6.22406      0.76966      0.81976      0.10015
      6.23406      0.69334      0.71968      0.09939
      6.24406      0.79592      0.75682      0.14817
      6.25406      0.83527      0.78009      0.16270
      6.26406      0.75722      0.68348      0.16048
      6.27406      0.62981      0.54497      0.14581
      6.28406      0.52772      0.54005      0.07777
      6.29406      0.54938      0.65443      0.03176
      6.30406      0.56786      0.61958      0.06175
      6.31406      0.58738      0.54456      0.11369
      6.32406      0.52583      0.48774      0.10151
      6.33406      0.40106      0.42609      0.04873
      6.34406      0.45072      0.46813      0.06025
      6.35406      0.71314      0.63029      0.15413
      6.36406      0.80347      0.66998      0.19531
      6.37406      0.55289      0.48310      0.12284
      6.38406      0.36358      0.36734      0.05380
      6.39406      0.45980      0.48173      0.05801
      6.40406      0.55910      0.55943      0.08444
      6.41406      0.53887      0.54164      0.08010
      6.42406      0.51563      0.52862      0.07148
      6.43406      0.48376      0.46977      0.08148
      6.44406      0.54969      0.47786      0.12306
      6.45406      0.63906      0.51282      0.16681
      6.46406      0.82241      0.66610      0.21141
      6.47406      0.94923      0.80585      0.22272
      6.48406      0.70370      0.60295      0.16123
      6.49406      0.42138      0.33549      0.11019
      6.50406      0.35393      0.29442      0.08558
      6.51406      0.32738      0.32156      0.05235
      6.52406      0.38297      0.38630      0.05589
      6.53406      0.55189      0.53982      0.08945
      6.54406      0.57025      0.57304      0.08339
      6.55406      0.52284      0.52305      0.07811
      6.56406      0.56340      0.52481      0.10633
      6.57406      0.53315      0.46018      0.12083
      6.58406      0.39081      0.32251      0.09680
      6.59406      0.35616      0.31937      0.07395
      6.60406      0.41568      0.38055      0.08219
      6.61406      0.44524      0.41469      0.08437
      6.62406      0.53915      0.51545      0.09424
      6.63406      0.68102      0.63551      0.12739
      6.64406      0.67518      0.56091      0.16585
      6.65406      0.65348      0.46585      0.20475
      6.66406      0.54009      0.41274      0.15369
      6.67406      0.41667      0.41463      0.06392
      6.68406      0.38703      0.39636      0.05306
      6.69406      0.34944      0.28749      0.08775
      6.70406      0.28913      0.20166      0.09295
      6.71406      0.27288      0.20804      0.07750
      6.72406      0.40848      0.38955      0.07145
      6.73406      0.66690      0.66800      0.09878
      6.74406      0.71588      0.70464      0.11356
      6.75406      0.68300      0.64595      0.12376
      6.76406      0.65559      0.57848      0.14228
      6.77406      0.43617      0.35754      0.11000
      6.78406      0.41402      0.33853      0.10501
      6.79406      0.57846      0.49849      0.13257
      6.80406      0.46790      0.40190      0.10825
      6.81406      0.35200      0.26515      0.10284
      6.82406      0.52254      0.38920      0.15517
      6.83406      0.66778      0.55014      0.16814
      6.84406      0.62929      0.53132      0.15125
      6.85406      0.52255      0.45850      0.11581
      6.86406      0.41360      0.43383      0.05129
      6.87406      0.31073      0.35414      0.02288
      6.88406      0.35954      0.35037      0.06044
      6.89406      0.46212      0.37703      0.11919
      6.90406      0.36877      0.26730      0.11416
      6.91406      0.21441      0.17088      0.05750
      6.92406      0.30480      0.27913      0.06106
      6.93406      0.62683      0.51559      0.15939
      6.94406      0.77396      0.62732      0.20245
      6.95406      0.55843      0.51215      0.11133
      6.96406      0.37761      0.40367      0.04113
      6.97406      0.37790      0.37491      0.05786
      6.98406      0.40962      0.35823      0.09102
      6.99406      0.41592      0.37181      0.08817
      7.00406      0.41109      0.38275      0.07942
      7.01406      0.49090      0.45908      0.09470
      7.02406      0.70473      0.63992      0.14638
      7.03406      0.78517      0.68311      0.17985
      7.04406      0.63090      0.48688      0.17983
      7.05406      0.53361      0.36935      0.17607
      7.06406      0.49140      0.37354      0.14301
      7.07406      0.49215      0.42773      0.11273
      7.08406      0.46643      0.43586      0.08933
      7.09406      0.39092      0.38443      0.06344
      7.10406      0.35527      0.30696      0.08196
      7.11406      0.37753      0.29978      0.10296
      7.12406      0.41585      0.37201      0.08996
      7.13406      0.42926      0.40863      0.07839
      7.14406      0.42586      0.37958      0.09208
      7.15406      0.40334      0.32881      0.10538
      7.16406      0.38576      0.33889      0.08811
      7.17406      0.43194      0.39072      0.09253
      7.18406      0.44047      0.39398      0.09665
      7.19406      0.41742      0.34463      0.10749
      7.20406      0.48512      0.34169      0.15755
      7.21406      0.63934      0.47059      0.19555
      7.22406      0.74710      0.65334      0.16898
      7.23406      0.58789      0.60687      0.07947
      7.24406      0.41719      0.46231      0.03885
      7.25406      0.48492      0.49866      0.06863
      7.26406      0.51848      0.48995      0.09765
      7.27406      0.39018      0.32316      0.09898
      7.28406      0.34508      0.27289      0.09483
      7.29406      0.44970      0.37322      0.11356
      7.30406      0.45293      0.35750      0.12496
      7.31406      0.37004      0.28191      0.10851
      7.32406      0.46712      0.40574      0.10999
      7.33406      0.59125      0.57000      0.10742
      7.34406      0.68121      0.64195      0.12943
      7.35406      0.72617      0.63931      0.15489
      7.36406      0.73035      0.64068      0.14435
      7.37406      0.94168      0.82490      0.18450
      7.38406      1.12352      1.00713      0.21261
      7.39406      0.95523      0.93980      0.13014
      7.40406      0.65772      0.71775      0.03663
      7.41406      0.46991      0.52785      0.00829
      7.42406      0.41904      0.43031      0.03058
      7.43406      0.60909      0.55320      0.09911
      7.44406      0.88515      0.82408      0.14112
      7.45406      0.91666      0.92572      0.10148
      7.46406      0.79118      0.77958      0.09580
      7.47406      0.80667      0.69742      0.15668
      7.48406      0.78222      0.66698      0.16124
      7.49406      0.69062      0.67445      0.08879
      7.50406      0.76078      0.78756      0.06465
      7.51406      0.88437      0.89512      0.09224
      7.52406      0.96674      0.95297      0.12406
      7.53406      1.00548      0.97317      0.13848
      7.54406      0.98817      0.94336      0.14298
      7.55406      0.91569      0.89144      0.12965
      7.56406      0.86391      0.84052      0.11844
      7.57406      1.03194      0.97960      0.14012
      7.58406      1.12762      1.09716      0.14367
      7.59406      0.94466      0.90543      0.13426
      7.60406      0.81048      0.71057      0.14783
      7.61406      0.81653      0.71999      0.13983
      7.62406      0.76459      0.72291      0.10241
      7.63406      0.56206      0.55554      0.05732
      7.64406      0.54088      0.50522      0.06851
      7.65406      0.86036      0.79839      0.11731
      7.66406      1.15790      1.12101      0.14103
      7.67406      1.21144      1.18431      0.15696
      7.68406      1.11039      1.08724      0.15032
      7.69406      0.95398      0.91699      0.12655
      7.70406      0.79041      0.71867      0.11577
      7.71406      0.75168      0.68943      0.11087
      7.72406      0.84723      0.84483      0.09374
      7.73406      0.93249      0.93395      0.09226
      7.74406      1.02636      0.95591      0.13298
      7.75406      0.93629      0.83306      0.14003
      7.76406      0.73733      0.65939      0.09873
      7.77406      0.76235      0.68393      0.10613
      7.78406      0.91778      0.85493      0.12503
      7.79406      1.12273      1.04511      0.16326
      7.80406      1.17902      1.01676      0.22187
      7.81406      1.06756      0.85808      0.23636
      7.82406      1.04789      0.90791      0.17739
      7.83406      1.06508      1.05184      0.08577
      7.84406      1.03926      1.10276      0.04435
      7.85406      1.10628      1.15072      0.08637
      7.86406      1.11861      1.08901      0.13043
      7.87406      1.08323      1.01949      0.12710
      7.88406      1.06972      0.98925      0.13251
      7.89406      1.19020      1.09219      0.17638
      7.90406      1.25999      1.14093      0.20350
      7.91406      1.12212      1.01220      0.17230
      7.92406      1.22136      1.17549      0.12574
      7.93406      1.28197      1.24029      0.11761
      7.94406      1.13446      1.00662      0.15975
      7.95406      1.07148      0.88808      0.19626
      7.96406      1.21385      1.03553      0.20863
      7.97406      1.39616      1.21804      0.22222
      7.98406      1.29489      1.10748      0.22118
      7.99406      1.25257      1.08400      0.21453
      8.00406      1.37863      1.27127      0.18699
      8.01406      1.61518      1.56298      0.17293
      8.02406      1.83669      1.75373      0.22010
      8.03406      1.67566      1.50809      0.25134
      8.04406      1.58893      1.33685      0.27756
      8.05406      1.65434      1.38878      0.28462
      8.06406      1.81631      1.59011      0.29141
      8.07406      2.37376      2.10012      0.37882
      8.08406      2.82792      2.42872      0.46968
      8.09406      2.97921      2.48003      0.51943
      8.10406      3.18940      2.61773      0.57661
      8.11406      3.07195      2.52958      0.55978
      8.12406      2.46964      2.07960      0.43658
      8.13406      1.39584      1.22815      0.22862
      8.14406      0.51101      0.51149      0.06127
      8.15406      0.21886      0.27170      0.00726
      8.16406      0.18692      0.24943      0.00036
      8.17406      0.22918      0.30422      0.00001
      8.18406      0.38447      0.50606      0.00000
      8.19406      0.43788      0.57513      0.00000
      8.20406      0.30278      0.39651      0.00000
      8.21406      0.20221      0.26441      0.00000
      8.22406      0.20851      0.27381      0.00000
      8.23406      0.26011      0.34416      0.00000
      8.24406      0.33436      0.44431      0.00000
      8.25406      0.32653      0.43464      0.00000
      8.26406      0.18847      0.25108      0.00000
      8.27406      0.13347      0.17681      0.00000
      8.28406      0.13949      0.18425      0.00000
      8.29406      0.07641      0.10097      0.00000
      8.30406      0.07333      0.09752      0.00000
      8.31406      0.19787      0.26405      0.00000
      8.32406      0.26222      0.35081      0.00000
      8.33406      0.17549      0.23522      0.00000
      8.34406      0.20358      0.27186      0.00000
      8.35406      0.36339      0.48284      0.00000
      8.36406      0.34863      0.46138      0.00000
      8.37406      0.21902      0.28860      0.00000
      8.38406      0.18904      0.24913      0.00000
      8.39406      0.20452      0.27203      0.00000
      8.40406      0.22561      0.30162      0.00000
      8.41406      0.18973      0.25281      0.00000
      8.42406      0.16604      0.21983      0.00000
      8.43406      0.12109      0.16022      0.00000
      8.44406      0.10255      0.13679      0.00000
      8.45406      0.14599      0.19547      0.00000
      8.46406      0.14346      0.19221      0.00000
      8.47406      0.18948      0.25373      0.00000
      8.48406      0.25717      0.34367      0.00000
      8.49406      0.21801      0.29099      0.00000
      8.50406      0.17797      0.23794      0.00000
      8.51406      0.15416      0.20568      0.00000
      8.52406      0.18967      0.25007      0.00000
      8.53406      0.33292      0.43723      0.00000
      8.54406      0.38546      0.50692      0.00000
      8.55406      0.41237      0.54511      0.00000
      8.56406      0.48822      0.64819      0.00000
      8.57406      0.39744      0.52782      0.00000
      8.58406      0.22370      0.29641      0.00000
      8.59406      0.16181      0.21418      0.00000
      8.60406      0.15833      0.20975      0.00000
      8.61406      0.18079      0.24006      0.00000
      8.62406      0.27711      0.36841      0.00000
      8.63406      0.23329      0.31020      0.00000
      8.64406      0.17852      0.23737      0.00000
      8.65406      0.26622      0.35399      0.00000
      8.66406      0.22894      0.30444      0.00000
      8.67406      0.13459      0.17890      0.00000
      8.68406      0.18444      0.24492      0.00000
      8.69406      0.21778      0.28878      0.00000
      8.70406      0.22492      0.29728      0.00000
      8.71406      0.31142      0.41139      0.00000
      8.72406      0.31981      0.42295      0.00000
      8.73406      0.24048      0.31810      0.00000
      8.74406      0.18042      0.23850      0.00000
      8.75406      0.23773      0.31406      0.00000
      8.76406      0.36866      0.48698      0.00000
      8.77406      0.30315      0.40057      0.00000
      8.78406      0.13734      0.18141      0.00000
      8.79406      0.12676      0.16698      0.00000
      8.80406      0.19473      0.25670      0.00000
      8.81406      0.19952      0.26360      0.00000
      8.82406      0.13166      0.17404      0.00000
      8.83406      0.09283      0.12185      0.00000
      8.84406      0.13880      0.18136      0.00000
      8.85406      0.14131      0.18482      0.00000
      8.86406      0.15357      0.20168      0.00000
      8.87406      0.25290      0.33288      0.00000
      8.88406      0.45455      0.59843      0.00000
      8.89406      0.63005      0.82870      0.00000
      8.90406      0.54003      0.71058      0.00000
      8.91406      0.37643      0.49638      0.00000
      8.92406      0.34689      0.45673      0.00000
      8.93406      0.39149      0.51347      0.00000
      8.94406      0.37146      0.48632      0.00000
      8.95406      0.31193      0.40810      0.00000
      8.96406      0.24741      0.32414      0.00000
      8.97406      0.20399      0.26761      0.00000
      8.98406      0.18638      0.24402      0.00000
      8.99406      0.18493      0.24114      0.00000
      9.00406      0.21734      0.28094      0.00000
      9.01406      0.28978      0.37185      0.00000
      9.02406      0.26501      0.33907      0.00000
      9.03406      0.19555      0.25046      0.00000
      9.04406      0.14113      0.18103      0.00000
      9.05406      0.21459      0.27697      0.00000
      9.06406      0.36828      0.47964      0.00000
      9.07406      0.40023      0.52389      0.00000
      9.08406      0.38635      0.50251      0.00000
      9.09406      0.35674      0.46118      0.00000
      9.10406      0.26848      0.34806      0.00000
      9.11406      0.24389      0.31425      0.00000
      9.12406      0.29620      0.37621      0.00000
      9.13406      0.27429      0.34611      0.00000
      9.14406      0.19209      0.24300      0.00000
      9.15406      0.10857      0.13676      0.00000
      9.16406      0.13981      0.17257      0.00000
      9.17406      0.20859      0.25666      0.00000
      9.18406      0.12756      0.15699      0.00000
      9.19406      0.02938      0.03616      0.00000
      9.20406      0.01077      0.01299      0.00000
      9.21406      0.05628      0.06771      0.00000
      9.22406      0.16796      0.20598      0.00000
      9.23406      0.39322      0.50464      0.00000
      9.24406      0.93599      1.22336      0.00000
      9.25406      1.45901      1.89449      0.00000
      9.26406      1.28311      1.64212      0.00000
      9.27406      0.67338      0.84283      0.00000
      9.28406      0.30987      0.37548      0.00000
      9.29406      0.19232      0.22796      0.00000
      9.30406      0.14340      0.16789      0.00000
      9.31406      0.14989      0.17404      0.00000
      9.32406      0.10352      0.11996      0.00000
      9.33406      0.05030      0.05784      0.00000
      9.34406      0.07293      0.08340      0.00000
      9.35406      0.13009      0.15086      0.00000
      9.36406      0.24349      0.28713      0.00000
      9.37406      0.31958      0.38015      0.00000
      9.38406      0.33135      0.39577      0.00000
      9.39406      0.35072      0.42157      0.00000
      9.40406      0.34315      0.42801      0.00000
      9.41406      0.44660      0.57926      0.00000
      9.42406      0.51830      0.67766      0.00000
      9.43406      0.38671      0.48852      0.00000
      9.44406      0.40821      0.46864      0.00000
      9.45406      0.53368      0.59747      0.00000
      9.46406      0.45639      0.51326      0.00000
      9.47406      0.32427      0.36894      0.00000
      9.48406      0.26916      0.30978      0.00000
      9.49406      0.22682      0.26505      0.00000
      9.50406      0.27615      0.31927      0.00000
      9.51406      0.42448      0.47897      0.00000
      9.52406      0.41525      0.47184      0.00000
      9.53406      0.27881      0.33072      0.00000
      9.54406      0.28204      0.34062      0.00000
      9.55406      0.47199      0.54905      0.00002
      9.56406      0.68193      0.77073      0.00017
      9.57406      0.73368      0.83312      0.00058
      9.58406      0.70990      0.84214      0.00085
      9.59406      0.85265      1.05104      0.00143
      9.60406      1.00324      1.23076      0.00318
      9.61406      0.75755      0.90339      0.00332
      9.62406      0.48055      0.53555      0.00237
      9.63406      0.43198      0.44694      0.00668
      9.64406      0.42963      0.42249      0.01552
      9.65406      0.40118      0.39228      0.01699
      9.66406      0.46576      0.47796      0.01482
      9.67406      0.57341      0.60270      0.01638
      9.68406      0.46915      0.48776      0.01622
      9.69406      0.54840      0.54181      0.02666
      9.70406      0.81424      0.79659      0.04212
      9.71406      0.82338      0.81440      0.04627
      9.72406      0.64694      0.64680      0.04548
      9.73406      0.64081      0.61825      0.05797
      9.74406      0.86799      0.82199      0.08150
      9.75406      1.17288      1.12257      0.11240
      9.76406      1.24608      1.17910      0.13728
      9.77406      1.19550      1.14301      0.13182
      9.78406      1.20817      1.20964      0.10289
      9.79406      1.17869      1.18906      0.08210
      9.80406      0.90217      0.88367      0.06497
      9.81406      0.58102      0.54191      0.05564
      9.82406      0.65241      0.59626      0.07656
      9.83406      0.90638      0.83086      0.10644
      9.84406      0.71570      0.65091      0.08589
      9.85406      0.41793      0.39926      0.03924
      9.86406      0.52586      0.53492      0.03093
      9.87406      0.54217      0.54452      0.03583
      9.88406      0.48160      0.47197      0.04177
      9.89406      0.72000      0.71478      0.05909
      9.90406      0.77401      0.78102      0.05365
      9.91406      0.62021      0.64394      0.03344
      9.92406      0.65230      0.69342      0.02594
      9.93406      0.67453      0.72222      0.02848
      9.94406      0.62378      0.67444      0.03639
      9.95406      0.73814      0.80218      0.05145
      9.96406      1.01169      1.06938      0.07997
      9.97406      1.05942      1.06069      0.09604
      9.98406      0.71758      0.70435      0.06064
      9.99406      0.43300      0.46203      0.01737
     10.00406      0.29808      0.32793      0.00776
     10.01406      0.27076      0.26423      0.01876
     10.02406      0.27932      0.25773      0.02312
     10.03406      0.19049      0.17445      0.01704
     10.04406      0.26656      0.24899      0.02523
     10.05406      0.57491      0.55997      0.04200
     10.06406      0.78366      0.78339      0.05024
     10.07406      0.64597      0.66003      0.03816
     10.08406      0.38447      0.38966      0.02212
     10.09406      0.22077      0.21410      0.01592
     10.10406      0.23405      0.24201      0.01442
     10.11406      0.41301      0.45147      0.01913
     10.12406      0.43818      0.47760      0.02190
     10.13406      0.43512      0.45800      0.02749
     10.14406      0.62359      0.65108      0.03727
     10.15406      0.73636      0.74175      0.05262
     10.16406      0.70917      0.67855      0.07116
     10.17406      0.63820      0.58552      0.08165
     10.18406      0.38684      0.34196      0.05642
     10.19406      0.17297      0.15994      0.01821
     10.20406      0.25530      0.26863      0.00564
     10.21406      0.45529      0.48660      0.01141
     10.22406      0.48535      0.51761      0.01408
     10.23406      0.35523      0.38277      0.00683
     10.24406      0.29146      0.32122      0.00511
     10.25406      0.36988      0.39051      0.01603
     10.26406      0.37219      0.37272      0.02478
     10.27406      0.29853      0.30912      0.02081
     10.28406      0.35346      0.36606      0.02888
     10.29406      0.49181      0.48964      0.04554
     10.30406      0.56181      0.58005      0.04130
     10.31406      0.53357      0.60170      0.01848
     10.32406      0.56797      0.67347      0.00843
     10.33406      0.54699      0.63891      0.01230
     10.34406      0.40202      0.45510      0.01146
     10.35406      0.31008      0.32872      0.01154
     10.36406      0.32355      0.31402      0.01792
     10.37406      0.26181      0.24531      0.01839
     10.38406      0.25623      0.24223      0.02113
     10.39406      0.40384      0.39921      0.02576
     10.40406      0.47377      0.46642      0.03138
     10.41406      0.39946      0.37069      0.04192
     10.42406      0.44823      0.40608      0.05990
     10.43406      0.57771      0.53504      0.07541
     10.44406      0.46966      0.43570      0.05900
     10.45406      0.31256      0.29754      0.02791
     10.46406      0.34096      0.35135      0.01150
     10.47406      0.35775      0.38962      0.00336
     10.48406      0.26973      0.31277      0.00045
     10.49406      0.17575      0.21608      0.00039
     10.50406      0.17141      0.20609      0.00355
     10.51406      0.29300      0.32594      0.01283
     10.52406      0.39461      0.41788      0.01783
     10.53406      0.35708      0.37609      0.01086
     10.54406      0.19623      0.20145      0.00747
     10.55406      0.15206      0.13893      0.01666
     10.56406      0.28093      0.26763      0.02521
     10.57406      0.57143      0.57966      0.03142
     10.58406      0.72784      0.73578      0.04262
     10.59406      0.41827      0.41158      0.03147
     10.60406      0.13040      0.12896      0.01057
     10.61406      0.15422      0.16894      0.00586
     10.62406      0.27096      0.29273      0.01071
     10.63406      0.21158      0.22506      0.00937
     10.64406      0.15996      0.17786      0.00582
     10.65406      0.26430      0.29112      0.01118
     10.66406      0.35063      0.37914      0.01513
     10.67406      0.43250      0.48158      0.01222
     10.68406      0.51948      0.58334      0.01677
     10.69406      0.51938      0.57990      0.02131
     10.70406      0.48499      0.51491      0.02522
     10.71406      0.49509      0.49676      0.03248
     10.72406      0.42613      0.41169      0.03822
     10.73406      0.37280      0.32969      0.05190
     10.74406      0.43487      0.37034      0.06781
     10.75406      0.47941      0.43299      0.05694
     10.76406      0.39786      0.39543      0.02276
     10.77406      0.20341      0.21467      0.00387
     10.78406      0.06548      0.06866      0.00158
     10.79406      0.10345      0.10258      0.00669
     10.80406      0.23337      0.24226      0.01231
     10.81406      0.24448      0.26704      0.00834
     10.82406      0.17946      0.19585      0.00208
     10.83406      0.22691      0.24068      0.00027
     10.84406      0.26624      0.28982      0.00126
     10.85406      0.26849      0.29645      0.00778
     10.86406      0.31781      0.34319      0.01772
     10.87406      0.26317      0.28376      0.01530
     10.88406      0.18862      0.20097      0.00906
     10.89406      0.27178      0.26624      0.01808
     10.90406      0.38972      0.37839      0.03103
     10.91406      0.35680      0.34625      0.03328
     10.92406      0.23028      0.21199      0.02850
     10.93406      0.15585      0.14326      0.01594
     10.94406      0.29111      0.29219      0.01057
     10.95406      0.47380      0.49909      0.00880
     10.96406      0.38735      0.42594      0.00363
     10.97406      0.17556      0.19399      0.00297
     10.98406      0.14199      0.14073      0.00947
     10.99406      0.22399      0.22923      0.01328
     11.00406      0.22096      0.24315      0.00799
     11.01406      0.17992      0.19463      0.00851
     11.02406      0.25075      0.26063      0.01629
     11.03406      0.30391      0.32869      0.01550
     11.04406      0.36610      0.40371      0.01541
     11.05406      0.52995      0.57730      0.02209
     11.06406      0.49136      0.52145      0.02445
     11.07406      0.35531      0.34231      0.03250
     11.08406      0.40565      0.36390      0.04736
     11.09406      0.55239      0.50183      0.06393
     11.10406      0.52062      0.48373      0.05950
     11.11406      0.25645      0.24203      0.02866
     11.12406      0.06173      0.05929      0.00600
     11.13406      0.06546      0.06782      0.00050
     11.14406      0.19900      0.20928      0.00002
     11.15406      0.26053      0.27671      0.00008
     11.16406      0.14927      0.15828      0.00120
     11.17406      0.11051      0.10950      0.00676
     11.18406      0.21681      0.21923      0.01398
     11.19406      0.24225      0.25979      0.01066
     11.20406      0.13357      0.14872      0.00320
     11.21406      0.12492      0.13193      0.00173
     11.22406      0.30533      0.32172      0.00808
     11.23406      0.56326      0.56369      0.04727
     11.24406      0.86176      0.74105      0.15552
     11.25406      1.12641      0.86613      0.26966
     11.26406      1.21445      0.90563      0.30978
     11.27406      1.21968      0.92291      0.29758
     11.28406      1.27526      1.00407      0.27737
     11.29406      1.56546      1.25020      0.33337
     11.30406      1.72912      1.35111      0.39751
     11.31406      1.38536      1.05634      0.33681
     11.32406      1.20209      0.91531      0.28908
     11.33406      1.40716      1.11124      0.30582
     11.34406      1.68137      1.40041      0.31177
     11.35406      1.69459      1.42579      0.30541
     11.36406      1.47908      1.19338      0.30474
     11.37406      1.37554      1.09774      0.29457
     11.38406      1.67596      1.35400      0.34993
     11.39406      2.11245      1.67834      0.46338
     11.40406      2.23976      1.78819      0.49008
     11.41406      2.28527      1.85772      0.47654
     11.42406      2.35260      1.88809      0.49914
     11.43406      2.49907      1.94857      0.56223
     11.44406      3.01405      2.33465      0.68475
     11.45406      3.46566      2.76879      0.72231
     11.46406      3.81827      3.36274      0.55549
     11.47406      4.78932      4.61555      0.38940
     11.48406      5.19815      5.15774      0.30481
     11.49406      4.06864      4.10181      0.18597
     11.50406      2.97346      3.02240      0.11918
     11.51406      2.91910      2.86169      0.20142
     11.52406      3.33043      3.07301      0.37813
     11.53406      3.34516      3.01048      0.43497
     11.54406      2.72872      2.52391      0.29660
     11.55406      2.30517      2.23646      0.16844
     11.56406      2.26636      2.22619      0.14936
     11.57406      2.40576      2.30193      0.20603
