Energy-E_F (eV)    DOS (1/eV)    PDOS (1/eV)  of atom type B  N  
     -5.99845      0.68860      0.28225      0.40635
     -5.98845      0.53606      0.21863      0.31743
     -5.97845      0.38059      0.15400      0.22659
     -5.96845      0.28771      0.11656      0.17115
     -5.95845      0.16545      0.06745      0.09800
     -5.94845      0.16058      0.06588      0.09470
     -5.93845      0.31564      0.13171      0.18394
     -5.92845      0.40690      0.17268      0.23422
     -5.91845      0.48780      0.20609      0.28171
     -5.90845      0.68491      0.28206      0.40285
     -5.89845      0.71179      0.28707      0.42471
     -5.88845      0.54646      0.21917      0.32728
     -5.87845      0.52739      0.21588      0.31151
     -5.86845      0.55424      0.22935      0.32489
     -5.85845      0.44742      0.18278      0.26464
     -5.84845      0.38458      0.15678      0.22779
     -5.83845      0.43770      0.18261      0.25509
     -5.82845      0.51519      0.21675      0.29844
     -5.81845      0.59191      0.25037      0.34153
     -5.80845      0.71871      0.30565      0.41306
     -5.79845      0.69075      0.29343      0.39732
     -5.78845      0.46418      0.19375      0.27043
     -5.77845      0.27033      0.10928      0.16104
     -5.76845      0.32439      0.12886      0.19553
     -5.75845      0.58214      0.23236      0.34978
     -5.74845      0.77076      0.31038      0.46038
     -5.73845      0.69057      0.27995      0.41062
     -5.72845      0.46416      0.18787      0.27630
     -5.71845      0.33952      0.13586      0.20366
     -5.70845      0.41536      0.16748      0.24788
     -5.69845      0.50305      0.20570      0.29735
     -5.68845      0.49030      0.20247      0.28783
     -5.67845      0.50784      0.20991      0.29792
     -5.66845      0.53975      0.22275      0.31700
     -5.65845      0.45728      0.18895      0.26834
     -5.64845      0.39140      0.15914      0.23227
     -5.63845      0.39946      0.16087      0.23859
     -5.62845      0.45226      0.18331      0.26896
     -5.61845      0.56105      0.22599      0.33506
     -5.60845      0.77696      0.31342      0.46354
     -5.59845      0.89198      0.36363      0.52834
     -5.58845      0.61340      0.25576      0.35765
     -5.57845      0.44597      0.19192      0.25405
     -5.56845      0.45147      0.19144      0.26003
     -5.55845      0.50415      0.20504      0.29912
     -5.54845      0.56868      0.22897      0.33971
     -5.53845      0.44958      0.18184      0.26774
     -5.52845      0.19688      0.07980      0.11708
     -5.51845      0.18129      0.07471      0.10658
     -5.50845      0.43061      0.17827      0.25234
     -5.49845      0.61874      0.25342      0.36532
     -5.48845      0.71040      0.28603      0.42438
     -5.47845      0.78895      0.31727      0.47169
     -5.46845      0.86309      0.35079      0.51229
     -5.45845      0.80072      0.32573      0.47498
     -5.44845      0.55713      0.22367      0.33347
     -5.43845      0.39285      0.15524      0.23762
     -5.42845      0.37555      0.14923      0.22633
     -5.41845      0.47956      0.19291      0.28665
     -5.40845      0.56833      0.22734      0.34100
     -5.39845      0.42906      0.17070      0.25836
     -5.38845      0.41714      0.16774      0.24940
     -5.37845      0.51010      0.20671      0.30339
     -5.36845      0.54537      0.22354      0.32183
     -5.35845      0.67165      0.27891      0.39274
     -5.34845      0.78280      0.32494      0.45787
     -5.33845      0.67640      0.28036      0.39605
     -5.32845      0.56444      0.23046      0.33397
     -5.31845      0.64693      0.25782      0.38911
     -5.30845      0.59736      0.23543      0.36193
     -5.29845      0.39985      0.15643      0.24341
     -5.28845      0.22360      0.08761      0.13599
     -5.27845      0.29758      0.11862      0.17896
     -5.26845      0.58642      0.23523      0.35120
     -5.25845      0.75681      0.30146      0.45534
     -5.24845      0.71673      0.27978      0.43694
     -5.23845      0.68542      0.26460      0.42082
     -5.22845      0.77893      0.30230      0.47663
     -5.21845      0.87869      0.34216      0.53654
     -5.20845      1.07223      0.41852      0.65371
     -5.19845      1.09482      0.42504      0.66977
     -5.18845      0.87876      0.33848      0.54028
     -5.17845      0.90651      0.35221      0.55430
     -5.16845      1.10080      0.43314      0.66766
     -5.15845      1.10941      0.43541      0.67400
     -5.14845      0.98078      0.38281      0.59798
     -5.13845      0.86393      0.33859      0.52534
     -5.12845      0.84912      0.33442      0.51470
     -5.11845      0.80749      0.31996      0.48753
     -5.10845      0.75478      0.29454      0.46024
     -5.09845      0.81657      0.30920      0.50737
     -5.08845      0.97881      0.36986      0.60895
     -5.07845      0.96975      0.37365      0.59611
     -5.06845      0.81940      0.32157      0.49782
     -5.05845      0.77434      0.29885      0.47550
     -5.04845      0.69101      0.25977      0.43124
     -5.03845      0.46725      0.17310      0.29415
     -5.02845      0.39292      0.14944      0.24348
     -5.01845      0.72140      0.27931      0.44209
     -5.00845      1.11029      0.42685      0.68344
     -4.99845      1.32320      0.51189      0.81131
     -4.98845      1.31598      0.51132      0.80466
     -4.97845      0.94488      0.36147      0.58341
     -4.96845      0.70174      0.26264      0.43909
     -4.95845      0.80441      0.30213      0.50228
     -4.94845      0.94010      0.35971      0.58039
     -4.93845      0.89448      0.34558      0.54890
     -4.92845      0.81565      0.31731      0.49834
     -4.91845      0.92135      0.35924      0.56211
     -4.90845      1.02050      0.39234      0.62817
     -4.89845      1.07626      0.41179      0.66446
     -4.88845      1.07258      0.41339      0.65919
     -4.87845      0.95049      0.36733      0.58316
     -4.86845      0.93112      0.35879      0.57234
     -4.85845      0.91312      0.34619      0.56693
     -4.84845      0.90939      0.34077      0.56862
     -4.83845      0.82116      0.31137      0.50979
     -4.82845      0.78752      0.30473      0.48279
     -4.81845      0.89196      0.34852      0.54343
     -4.80845      0.80933      0.31382      0.49550
     -4.79845      0.85315      0.32295      0.53020
     -4.78845      1.22214      0.46432      0.75782
     -4.77845      1.31890      0.50484      0.81406
     -4.76845      1.03811      0.39312      0.64499
     -4.75845      0.74565      0.27460      0.47106
     -4.74845      0.60449      0.22053      0.38396
     -4.73845      0.74024      0.27572      0.46452
     -4.72845      0.99879      0.37771      0.62108
     -4.71845      1.00861      0.38042      0.62819
     -4.70845      0.95921      0.35976      0.59945
     -4.69845      0.93243      0.35711      0.57532
     -4.68845      0.97529      0.38040      0.59489
     -4.67845      1.18274      0.45836      0.72438
     -4.66845      1.24173      0.47617      0.76556
     -4.65845      1.28060      0.48613      0.79447
     -4.64845      1.32651      0.50419      0.82231
     -4.63845      1.04467      0.39571      0.64896
     -4.62845      0.68619      0.25582      0.43037
     -4.61845      0.57449      0.21209      0.36240
     -4.60845      0.63453      0.23278      0.40174
     -4.59845      0.78760      0.28810      0.49950
     -4.58845      0.99990      0.36880      0.63110
     -4.57845      1.28023      0.48147      0.79876
     -4.56845      1.44558      0.55278      0.89280
     -4.55845      1.28678      0.49081      0.79596
     -4.54845      1.04582      0.39269      0.65313
     -4.53845      0.75518      0.28508      0.47010
     -4.52845      0.70265      0.26950      0.43315
     -4.51845      1.04938      0.39524      0.65414
     -4.50845      1.29791      0.47947      0.81843
     -4.49845      1.35696      0.50117      0.85579
     -4.48845      1.22851      0.45972      0.76879
     -4.47845      1.03933      0.39572      0.64362
     -4.46845      0.94647      0.36290      0.58356
     -4.45845      0.82342      0.31341      0.51001
     -4.44845      0.97585      0.37196      0.60389
     -4.43845      1.48080      0.56082      0.91998
     -4.42845      1.72280      0.64648      1.07632
     -4.41845      1.42923      0.52935      0.89988
     -4.40845      1.14677      0.42098      0.72579
     -4.39845      1.06220      0.39542      0.66678
     -4.38845      0.99442      0.37922      0.61520
     -4.37845      1.04652      0.39966      0.64686
     -4.36845      1.12406      0.41739      0.70667
     -4.35845      1.26777      0.46317      0.80460
     -4.34845      1.34677      0.48944      0.85733
     -4.33845      1.21019      0.44014      0.77004
     -4.32845      1.16620      0.42884      0.73736
     -4.31845      1.34376      0.49880      0.84495
     -4.30845      1.67052      0.62588      1.04464
     -4.29845      2.11031      0.79132      1.31900
     -4.28845      2.10917      0.78592      1.32325
     -4.27845      1.60850      0.59162      1.01687
     -4.26845      1.12150      0.40765      0.71384
     -4.25845      1.05442      0.38886      0.66556
     -4.24845      1.18937      0.44315      0.74622
     -4.23845      1.27104      0.47485      0.79620
     -4.22845      1.29953      0.48703      0.81250
     -4.21845      1.23484      0.46320      0.77164
     -4.20845      1.18148      0.44376      0.73773
     -4.19845      1.19175      0.44721      0.74454
     -4.18845      1.30416      0.48900      0.81517
     -4.17845      1.49614      0.55175      0.94439
     -4.16845      1.39274      0.50172      0.89102
     -4.15845      1.18592      0.42756      0.75836
     -4.14845      1.11194      0.41128      0.70065
     -4.13845      1.01365      0.38275      0.63090
     -4.12845      1.06540      0.40555      0.65985
     -4.11845      1.21293      0.45668      0.75626
     -4.10845      1.26912      0.47072      0.79840
     -4.09845      1.31482      0.48596      0.82886
     -4.08845      1.07481      0.39662      0.67820
     -4.07845      0.81718      0.29814      0.51904
     -4.06845      0.87287      0.31482      0.55805
     -4.05845      1.01782      0.36858      0.64924
     -4.04845      0.85890      0.31795      0.54095
     -4.03845      0.72837      0.27438      0.45399
     -4.02845      0.81874      0.30265      0.51610
     -4.01845      0.99904      0.36762      0.63142
     -4.00845      1.20813      0.45021      0.75792
     -3.99845      1.27257      0.47643      0.79614
     -3.98845      1.25640      0.46587      0.79053
     -3.97845      1.03415      0.37590      0.65824
     -3.96845      0.78469      0.28335      0.50135
     -3.95845      0.95333      0.34841      0.60492
     -3.94845      1.10054      0.40231      0.69822
     -3.93845      1.02319      0.37339      0.64979
     -3.92845      0.97743      0.36015      0.61727
     -3.91845      0.85726      0.31752      0.53974
     -3.90845      0.82609      0.30478      0.52131
     -3.89845      1.02084      0.37916      0.64168
     -3.88845      1.24835      0.46163      0.78673
     -3.87845      1.16394      0.42059      0.74335
     -3.86845      0.73178      0.25819      0.47359
     -3.85845      0.48499      0.17305      0.31194
     -3.84845      0.81782      0.29937      0.51845
     -3.83845      1.18181      0.43913      0.74268
     -3.82845      0.95529      0.36033      0.59497
     -3.81845      0.60320      0.22916      0.37405
     -3.80845      0.66983      0.25253      0.41730
     -3.79845      1.00703      0.37698      0.63005
     -3.78845      1.20760      0.44954      0.75805
     -3.77845      1.31621      0.48381      0.83240
     -3.76845      1.38233      0.50092      0.88142
     -3.75845      1.20655      0.43188      0.77467
     -3.74845      0.79117      0.27938      0.51180
     -3.73845      0.49208      0.17282      0.31926
     -3.72845      0.48454      0.16925      0.31529
     -3.71845      0.65014      0.23053      0.41961
     -3.70845      0.90187      0.32856      0.57331
     -3.69845      1.01061      0.37725      0.63335
     -3.68845      0.91540      0.34420      0.57120
     -3.67845      0.85244      0.31179      0.54065
     -3.66845      0.84278      0.30513      0.53765
     -3.65845      0.81337      0.29588      0.51748
     -3.64845      0.82241      0.29205      0.53036
     -3.63845      0.96630      0.34404      0.62227
     -3.62845      1.13315      0.41669      0.71645
     -3.61845      1.07514      0.40080      0.67434
     -3.60845      0.79980      0.29273      0.50708
     -3.59845      0.59110      0.21230      0.37880
     -3.58845      0.48039      0.17527      0.30511
     -3.57845      0.56906      0.21262      0.35645
     -3.56845      0.94094      0.34675      0.59420
     -3.55845      1.25811      0.45467      0.80343
     -3.54845      1.18544      0.42158      0.76386
     -3.53845      0.91491      0.32509      0.58981
     -3.52845      0.71289      0.25335      0.45954
     -3.51845      0.63904      0.22309      0.41595
     -3.50845      0.67706      0.23877      0.43829
     -3.49845      0.68123      0.24385      0.43737
     -3.48845      0.66676      0.23860      0.42816
     -3.47845      0.78554      0.28564      0.49990
     -3.46845      1.13442      0.41929      0.71513
     -3.45845      1.29868      0.47972      0.81896
     -3.44845      1.13085      0.41254      0.71832
     -3.43845      0.83711      0.30346      0.53365
     -3.42845      0.71235      0.26062      0.45173
     -3.41845      0.78191      0.28568      0.49624
     -3.40845      0.64739      0.23426      0.41313
     -3.39845      0.46780      0.16697      0.30084
     -3.38845      0.61716      0.21684      0.40031
     -3.37845      0.92005      0.32888      0.59118
     -3.36845      0.88145      0.31714      0.56431
     -3.35845      0.63735      0.23054      0.40682
     -3.34845      0.58162      0.21034      0.37128
     -3.33845      0.74814      0.25997      0.48817
     -3.32845      0.98227      0.34305      0.63922
     -3.31845      1.04117      0.37288      0.66829
     -3.30845      1.02404      0.36992      0.65412
     -3.29845      1.13252      0.40606      0.72646
     -3.28845      1.12036      0.39940      0.72095
     -3.27845      0.71701      0.25660      0.46041
     -3.26845      0.41455      0.14624      0.26831
     -3.25845      0.39463      0.13396      0.26067
     -3.24845      0.52491      0.18161      0.34330
     -3.23845      0.67707      0.23859      0.43847
     -3.22845      0.69154      0.24612      0.44542
     -3.21845      0.68553      0.24311      0.44242
     -3.20845      0.96641      0.34026      0.62615
     -3.19845      1.07664      0.37849      0.69815
     -3.18845      0.81536      0.29111      0.52426
     -3.17845      0.72987      0.26980      0.46008
     -3.16845      0.78433      0.28755      0.49678
     -3.15845      0.81616      0.29381      0.52235
     -3.14845      0.73728      0.27322      0.46406
     -3.13845      0.65410      0.24993      0.40417
     -3.12845      0.75793      0.28356      0.47437
     -3.11845      1.00694      0.36323      0.64372
     -3.10845      1.05192      0.36558      0.68633
     -3.09845      0.92206      0.30645      0.61561
     -3.08845      0.77471      0.25463      0.52008
     -3.07845      0.68417      0.22986      0.45430
     -3.06845      0.76121      0.26397      0.49724
     -3.05845      0.68462      0.24278      0.44184
     -3.04845      0.57768      0.20614      0.37155
     -3.03845      0.59722      0.21263      0.38459
     -3.02845      0.73776      0.25557      0.48219
     -3.01845      0.75683      0.25686      0.49997
     -3.00845      0.46152      0.15469      0.30683
     -2.99845      0.32217      0.10936      0.21281
     -2.98845      0.55742      0.20208      0.35534
     -2.97845      0.97788      0.35557      0.62231
     -2.96845      1.21261      0.42972      0.78289
     -2.95845      1.13792      0.40143      0.73648
     -2.94845      0.87754      0.31424      0.56329
     -2.93845      0.89677      0.31709      0.57968
     -2.92845      1.06664      0.37461      0.69203
     -2.91845      0.78732      0.28142      0.50590
     -2.90845      0.40436      0.14458      0.25978
     -2.89845      0.40363      0.13354      0.27010
     -2.88845      0.51570      0.16777      0.34793
     -2.87845      0.41464      0.13988      0.27476
     -2.86845      0.39052      0.14554      0.24498
     -2.85845      0.55002      0.20413      0.34589
     -2.84845      0.83691      0.29029      0.54661
     -2.83845      1.19055      0.40148      0.78907
     -2.82845      1.22641      0.41214      0.81427
     -2.81845      0.95056      0.32027      0.63029
     -2.80845      0.73546      0.25610      0.47936
     -2.79845      0.64590      0.22859      0.41732
     -2.78845      0.51926      0.17667      0.34259
     -2.77845      0.50639      0.17231      0.33407
     -2.76845      0.63794      0.22842      0.40953
     -2.75845      0.84907      0.30508      0.54399
     -2.74845      1.08003      0.38343      0.69660
     -2.73845      1.11606      0.39317      0.72289
     -2.72845      0.85626      0.29372      0.56254
     -2.71845      0.57993      0.18983      0.39010
     -2.70845      0.51977      0.17438      0.34539
     -2.69845      0.62189      0.21653      0.40536
     -2.68845      0.66053      0.22575      0.43479
     -2.67845      0.54382      0.17711      0.36671
     -2.66845      0.49835      0.16227      0.33607
     -2.65845      0.63610      0.21915      0.41695
     -2.64845      0.80157      0.27943      0.52214
     -2.63845      0.75134      0.26251      0.48883
     -2.62845      0.53056      0.19034      0.34022
     -2.61845      0.50393      0.17495      0.32898
     -2.60845      0.60030      0.19607      0.40423
     -2.59845      0.65795      0.21387      0.44408
     -2.58845      0.74984      0.24892      0.50092
     -2.57845      0.71501      0.24057      0.47444
     -2.56845      0.67072      0.22951      0.44121
     -2.55845      0.92752      0.31982      0.60771
     -2.54845      1.42351      0.49236      0.93115
     -2.53845      1.41590      0.48843      0.92747
     -2.52845      0.95627      0.32627      0.63000
     -2.51845      0.63843      0.21973      0.41870
     -2.50845      0.45966      0.15699      0.30267
     -2.49845      0.40456      0.13065      0.27392
     -2.48845      0.28732      0.09134      0.19598
     -2.47845      0.34529      0.11393      0.23136
     -2.46845      0.65147      0.21856      0.43292
     -2.45845      0.87095      0.29203      0.57893
     -2.44845      0.94923      0.31667      0.63256
     -2.43845      0.84950      0.28207      0.56743
     -2.42845      0.67079      0.22555      0.44524
     -2.41845      0.43288      0.14923      0.28365
     -2.40845      0.34787      0.11744      0.23043
     -2.39845      0.57504      0.18842      0.38662
     -2.38845      0.72216      0.23583      0.48633
     -2.37845      0.65283      0.21679      0.43604
     -2.36845      0.68852      0.24054      0.44798
     -2.35845      1.03322      0.36682      0.66640
     -2.34845      1.00690      0.35487      0.65203
     -2.33845      0.65112      0.21971      0.43141
     -2.32845      0.66509      0.20294      0.46215
     -2.31845      0.80176      0.23848      0.56329
     -2.30845      0.75206      0.23177      0.52029
     -2.29845      0.58659      0.18980      0.39679
     -2.28845      0.50103      0.16788      0.33315
     -2.27845      0.56125      0.19395      0.36730
     -2.26845      0.87183      0.30358      0.56825
     -2.25845      1.12089      0.38125      0.73964
     -2.24845      0.99860      0.32826      0.67033
     -2.23845      0.64770      0.20476      0.44294
     -2.22845      0.40978      0.12900      0.28078
     -2.21845      0.39759      0.12625      0.27135
     -2.20845      0.45965      0.14444      0.31521
     -2.19845      0.58269      0.18914      0.39355
     -2.18845      0.84995      0.28272      0.56722
     -2.17845      1.08714      0.36653      0.72061
     -2.16845      1.00285      0.34101      0.66184
     -2.15845      0.75978      0.24915      0.51063
     -2.14845      0.58113      0.17553      0.40560
     -2.13845      0.39098      0.11953      0.27145
     -2.12845      0.35002      0.12360      0.22643
     -2.11845      0.51679      0.18129      0.33550
     -2.10845      0.65490      0.21077      0.44414
     -2.09845      0.68493      0.21332      0.47161
     -2.08845      0.61664      0.20048      0.41617
     -2.07845      0.55519      0.18538      0.36981
     -2.06845      0.71778      0.22791      0.48986
     -2.05845      0.88176      0.26917      0.61259
     -2.04845      0.82070      0.25009      0.57061
     -2.03845      0.86925      0.27293      0.59632
     -2.02845      1.03970      0.33575      0.70395
     -2.01845      1.06942      0.35481      0.71461
     -2.00845      0.85438      0.29074      0.56364
     -1.99845      0.58289      0.19993      0.38296
     -1.98845      0.44614      0.14855      0.29759
     -1.97845      0.42956      0.12961      0.29996
     -1.96845      0.58368      0.16925      0.41442
     -1.95845      0.73382      0.21960      0.51421
     -1.94845      0.62791      0.19413      0.43379
     -1.93845      0.56682      0.17983      0.38699
     -1.92845      0.77349      0.24733      0.52616
     -1.91845      0.84015      0.26908      0.57106
     -1.90845      0.63538      0.20055      0.43483
     -1.89845      0.59119      0.18120      0.40999
     -1.88845      0.61796      0.19389      0.42407
     -1.87845      0.78351      0.25666      0.52685
     -1.86845      0.94007      0.30265      0.63742
     -1.85845      0.72511      0.22708      0.49804
     -1.84845      0.38885      0.12712      0.26173
     -1.83845      0.30574      0.10478      0.20096
     -1.82845      0.53212      0.17051      0.36161
     -1.81845      0.83665      0.26270      0.57395
     -1.80845      0.80395      0.25181      0.55214
     -1.79845      0.68132      0.20380      0.47753
     -1.78845      0.84181      0.24346      0.59835
     -1.77845      0.95938      0.28300      0.67638
     -1.76845      0.88452      0.27277      0.61175
     -1.75845      0.86150      0.26803      0.59347
     -1.74845      0.87536      0.26664      0.60872
     -1.73845      0.72692      0.21824      0.50868
     -1.72845      0.54183      0.16717      0.37467
     -1.71845      0.42383      0.13602      0.28782
     -1.70845      0.39134      0.12333      0.26801
     -1.69845      0.57643      0.17594      0.40049
     -1.68845      0.80902      0.24220      0.56682
     -1.67845      0.87777      0.26204      0.61573
     -1.66845      0.85022      0.26282      0.58740
     -1.65845      0.89025      0.27967      0.61058
     -1.64845      0.84693      0.25676      0.59016
     -1.63845      0.57339      0.16599      0.40740
     -1.62845      0.47958      0.13864      0.34094
     -1.61845      0.65632      0.19746      0.45886
     -1.60845      0.67536      0.20814      0.46721
     -1.59845      0.64431      0.19161      0.45270
     -1.58845      0.68637      0.19966      0.48671
     -1.57845      0.62870      0.19688      0.43182
     -1.56845      0.46894      0.15706      0.31189
     -1.55845      0.51931      0.16290      0.35640
     -1.54845      0.74153      0.21790      0.52364
     -1.53845      0.81831      0.23399      0.58432
     -1.52845      0.89917      0.25641      0.64276
     -1.51845      1.00532      0.28359      0.72173
     -1.50845      0.91047      0.25506      0.65541
     -1.49845      0.73681      0.20941      0.52740
     -1.48845      0.67072      0.18040      0.49031
     -1.47845      0.60365      0.15201      0.45163
     -1.46845      0.42436      0.10472      0.31964
     -1.45845      0.25932      0.06382      0.19550
     -1.44845      0.23179      0.05676      0.17503
     -1.43845      0.37002      0.08971      0.28031
     -1.42845      0.57092      0.13778      0.43314
     -1.41845      0.57454      0.13837      0.43618
     -1.40845      0.46703      0.11259      0.35444
     -1.39845      0.45906      0.11088      0.34818
     -1.38845      0.55371      0.13343      0.42028
     -1.37845      0.50108      0.12039      0.38069
     -1.36845      0.37921      0.09062      0.28859
     -1.35845      0.45605      0.10826      0.34780
     -1.34845      0.52897      0.12503      0.40395
     -1.33845      0.39269      0.09243      0.30027
     -1.32845      0.34173      0.08026      0.26148
     -1.31845      0.37872      0.08853      0.29020
     -1.30845      0.38752      0.08979      0.29773
     -1.29845      0.38362      0.08852      0.29510
     -1.28845      0.36679      0.08476      0.28202
     -1.27845      0.54461      0.12617      0.41844
     -1.26845      0.82469      0.19145      0.63324
     -1.25845      0.84567      0.19624      0.64943
     -1.24845      0.69881      0.16145      0.53736
     -1.23845      0.64369      0.14782      0.49587
     -1.22845      0.54877      0.12557      0.42321
     -1.21845      0.46043      0.10455      0.35588
     -1.20845      0.55817      0.12524      0.43293
     -1.19845      0.62060      0.13853      0.48207
     -1.18845      0.55186      0.12301      0.42885
     -1.17845      0.47699      0.10595      0.37104
     -1.16845      0.43702      0.09645      0.34056
     -1.15845      0.38875      0.08570      0.30306
     -1.14845      0.47303      0.10446      0.36858
     -1.13845      0.71525      0.15755      0.55770
     -1.12845      0.76425      0.16750      0.59675
     -1.11845      0.66747      0.14514      0.52232
     -1.10845      0.59819      0.12905      0.46914
     -1.09845      0.50864      0.10935      0.39929
     -1.08845      0.46058      0.09819      0.36239
     -1.07845      0.57673      0.12193      0.45480
     -1.06845      0.51979      0.10937      0.41042
     -1.05845      0.39031      0.08179      0.30852
     -1.04845      0.42370      0.08813      0.33557
     -1.03845      0.53248      0.10995      0.42253
     -1.02845      0.76391      0.15886      0.60505
     -1.01845      1.07628      0.22614      0.85014
     -1.00845      1.08757      0.22863      0.85894
     -0.99845      0.95579      0.19884      0.75695
     -0.98845      0.91089      0.18683      0.72406
     -0.97845      0.86989      0.17641      0.69348
     -0.96845      0.82675      0.16622      0.66053
     -0.95845      0.78954      0.15746      0.63208
     -0.94845      0.79680      0.15727      0.63953
     -0.93845      0.85468      0.16698      0.68771
     -0.92845      0.91996      0.17799      0.74198
     -0.91845      1.07486      0.20624      0.86862
     -0.90845      1.28174      0.24596      1.03578
     -0.89845      1.17645      0.22829      0.94816
     -0.88845      0.83357      0.16353      0.67004
     -0.87845      0.69857      0.13575      0.56282
     -0.86845      0.77945      0.14884      0.63061
     -0.85845      0.77366      0.14609      0.62756
     -0.84845      0.51294      0.09583      0.41711
     -0.83845      0.30875      0.05676      0.25199
     -0.82845      0.27059      0.04926      0.22133
     -0.81845      0.32208      0.05848      0.26361
     -0.80845      0.49919      0.09096      0.40824
     -0.79845      1.01027      0.18706      0.82321
     -0.78845      1.81280      0.34044      1.47237
     -0.77845      1.80024      0.33937      1.46087
     -0.76845      0.87529      0.16355      0.71174
     -0.75845      0.32444      0.05864      0.26580
     -0.74845      0.20828      0.03657      0.17171
     -0.73845      0.25650      0.04474      0.21176
     -0.72845      0.29014      0.05059      0.23955
     -0.71845      0.31152      0.05420      0.25732
     -0.70845      0.36164      0.06303      0.29860
     -0.69845      0.45384      0.07954      0.37430
     -0.68845      0.67699      0.11941      0.55757
     -0.67845      0.83586      0.14751      0.68835
     -0.66845      0.65670      0.11470      0.54201
     -0.65845      0.35062      0.06004      0.29057
     -0.64845      0.25639      0.04313      0.21326
     -0.63845      0.29768      0.04972      0.24797
     -0.62845      0.37255      0.06197      0.31057
     -0.61845      0.46225      0.07672      0.38553
     -0.60845      0.53648      0.08899      0.44748
     -0.59845      0.63572      0.10560      0.53012
     -0.58845      0.79697      0.13313      0.66384
     -0.57845      0.92749      0.15538      0.77211
     -0.56845      0.78748      0.13069      0.65678
     -0.55845      0.40628      0.06613      0.34014
     -0.54845      0.17003      0.02698      0.14304
     -0.53845      0.22307      0.03486      0.18821
     -0.52845      0.31164      0.04847      0.26318
     -0.51845      0.33611      0.05182      0.28429
     -0.50845      0.43485      0.06684      0.36801
     -0.49845      0.42521      0.06561      0.35960
     -0.48845      0.42756      0.06620      0.36136
     -0.47845      0.48127      0.07413      0.40714
     -0.46845      0.39442      0.05991      0.33452
     -0.45845      0.30424      0.04525      0.25899
     -0.44845      0.31961      0.04684      0.27277
     -0.43845      0.38660      0.05627      0.33033
     -0.42845      0.41943      0.06072      0.35871
     -0.41845      0.42279      0.06110      0.36169
     -0.40845      0.43961      0.06359      0.37602
     -0.39845      0.61427      0.08825      0.52602
     -0.38845      0.73393      0.10453      0.62940
     -0.37845      0.44894      0.06353      0.38541
     -0.36845      0.15328      0.02132      0.13196
     -0.35845      0.18463      0.02481      0.15982
     -0.34845      0.31577      0.04225      0.27352
     -0.33845      0.34390      0.04559      0.29831
     -0.32845      0.38542      0.05069      0.33474
     -0.31845      0.40226      0.05295      0.34930
     -0.30845      0.34614      0.04540      0.30074
     -0.29845      0.30342      0.03914      0.26428
     -0.28845      0.26539      0.03356      0.23184
     -0.27845      0.26950      0.03359      0.23591
     -0.26845      0.34087      0.04199      0.29887
     -0.25845      0.44264      0.05402      0.38862
     -0.24845      0.53035      0.06425      0.46610
     -0.23845      0.51203      0.06183      0.45020
     -0.22845      0.33190      0.03979      0.29212
     -0.21845      0.26673      0.03099      0.23575
     -0.20845      0.28527      0.03264      0.25263
     -0.19845      0.18984      0.02151      0.16833
     -0.18845      0.22744      0.02518      0.20225
     -0.17845      0.36919      0.04053      0.32865
     -0.16845      0.38878      0.04215      0.34663
     -0.15845      0.33814      0.03610      0.30204
     -0.14845      0.25440      0.02678      0.22762
     -0.13845      0.26816      0.02764      0.24052
     -0.12845      0.38303      0.03892      0.34411
     -0.11845      0.41424      0.04166      0.37258
     -0.10845      0.32112      0.03178      0.28933
     -0.09845      0.25338      0.02446      0.22892
     -0.08845      0.25551      0.02413      0.23138
     -0.07845      0.27815      0.02585      0.25230
     -0.06845      0.27225      0.02488      0.24737
     -0.05845      0.26864      0.02394      0.24470
     -0.04845      0.34404      0.02999      0.31405
     -0.03845      0.35253      0.03036      0.32218
     -0.02845      0.25284      0.02134      0.23151
     -0.01845      0.23562      0.01925      0.21637
     -0.00845      0.23394      0.01882      0.21512
      0.00155      0.13299      0.01062      0.12236
      0.01155      0.03423      0.00272      0.03150
      0.02155      0.00354      0.00028      0.00326
      0.03155      0.00014      0.00001      0.00013
      0.04155      0.00000      0.00000      0.00000
      0.05155      0.00000      0.00000      0.00000
      0.06155      0.00000      0.00000      0.00000
      0.07155      0.00000      0.00000      0.00000
      0.08155      0.00000      0.00000      0.00000
      0.09155      0.00000      0.00000      0.00000
      0.10155      0.00000      0.00000      0.00000
      0.11155      0.00000      0.00000      0.00000
      0.12155      0.00000      0.00000      0.00000
      0.13155      0.00000      0.00000      0.00000
      0.14155      0.00000      0.00000      0.00000
      0.15155      0.00000      0.00000      0.00000
      0.16155      0.00000      0.00000      0.00000
      0.17155      0.00000      0.00000      0.00000
      0.18155      0.00000      0.00000      0.00000
      0.19155      0.00000      0.00000      0.00000
      0.20155      0.00000      0.00000      0.00000
      0.21155      0.00000      0.00000      0.00000
      0.22155      0.00000      0.00000      0.00000
      0.23155      0.00000      0.00000      0.00000
      0.24155      0.00000      0.00000      0.00000
      0.25155      0.00000      0.00000      0.00000
      0.26155      0.00000      0.00000      0.00000
      0.27155      0.00000      0.00000      0.00000
      0.28155      0.00000      0.00000      0.00000
      0.29155      0.00000      0.00000      0.00000
      0.30155      0.00000      0.00000      0.00000
      0.31155      0.00000      0.00000      0.00000
      0.32155      0.00000      0.00000      0.00000
      0.33155      0.00000      0.00000      0.00000
      0.34155      0.00000      0.00000      0.00000
      0.35155      0.00000      0.00000      0.00000
      0.36155      0.00000      0.00000      0.00000
      0.37155      0.00000      0.00000      0.00000
      0.38155      0.00000      0.00000      0.00000
      0.39155      0.00000      0.00000      0.00000
      0.40155      0.00000      0.00000      0.00000
      0.41155      0.00000      0.00000      0.00000
      0.42155      0.00000      0.00000      0.00000
      0.43155      0.00000      0.00000      0.00000
      0.44155      0.00000      0.00000      0.00000
      0.45155      0.00000      0.00000      0.00000
      0.46155      0.00000      0.00000      0.00000
      0.47155      0.00000      0.00000      0.00000
      0.48155      0.00000      0.00000      0.00000
      0.49155      0.00000      0.00000      0.00000
      0.50155      0.00000      0.00000      0.00000
      0.51155      0.00000      0.00000      0.00000
      0.52155      0.00000      0.00000      0.00000
      0.53155      0.00000      0.00000      0.00000
      0.54155      0.00000      0.00000      0.00000
      0.55155      0.00000      0.00000      0.00000
      0.56155      0.00000      0.00000      0.00000
      0.57155      0.00000      0.00000      0.00000
      0.58155      0.00000      0.00000      0.00000
      0.59155      0.00000      0.00000      0.00000
      0.60155      0.00000      0.00000      0.00000
      0.61155      0.00000      0.00000      0.00000
      0.62155      0.00000      0.00000      0.00000
      0.63155      0.00000      0.00000      0.00000
      0.64155      0.00000      0.00000      0.00000
      0.65155      0.00000      0.00000      0.00000
      0.66155      0.00000      0.00000      0.00000
      0.67155      0.00000      0.00000      0.00000
      0.68155      0.00000      0.00000      0.00000
      0.69155      0.00000      0.00000      0.00000
      0.70155      0.00000      0.00000      0.00000
      0.71155      0.00000      0.00000      0.00000
      0.72155      0.00000      0.00000      0.00000
      0.73155      0.00000      0.00000      0.00000
      0.74155      0.00000      0.00000      0.00000
      0.75155      0.00000      0.00000      0.00000
      0.76155      0.00000      0.00000      0.00000
      0.77155      0.00000      0.00000      0.00000
      0.78155      0.00000      0.00000      0.00000
      0.79155      0.00000      0.00000      0.00000
      0.80155      0.00000      0.00000      0.00000
      0.81155      0.00000      0.00000      0.00000
      0.82155      0.00000      0.00000      0.00000
      0.83155      0.00000      0.00000      0.00000
      0.84155      0.00000      0.00000      0.00000
      0.85155      0.00000      0.00000      0.00000
      0.86155      0.00000      0.00000      0.00000
      0.87155      0.00000      0.00000      0.00000
      0.88155      0.00000      0.00000      0.00000
      0.89155      0.00000      0.00000      0.00000
      0.90155      0.00000      0.00000      0.00000
      0.91155      0.00000      0.00000      0.00000
      0.92155      0.00000      0.00000      0.00000
      0.93155      0.00000      0.00000      0.00000
      0.94155      0.00000      0.00000      0.00000
      0.95155      0.00000      0.00000      0.00000
      0.96155      0.00000      0.00000      0.00000
      0.97155      0.00000      0.00000      0.00000
      0.98155      0.00000      0.00000      0.00000
      0.99155      0.00000      0.00000      0.00000
      1.00155      0.00000      0.00000      0.00000
      1.01155      0.00000      0.00000      0.00000
      1.02155      0.00000      0.00000      0.00000
      1.03155      0.00000      0.00000      0.00000
      1.04155      0.00000      0.00000      0.00000
      1.05155      0.00000      0.00000      0.00000
      1.06155      0.00000      0.00000      0.00000
      1.07155      0.00000      0.00000      0.00000
      1.08155      0.00000      0.00000      0.00000
      1.09155      0.00000      0.00000      0.00000
      1.10155      0.00000      0.00000      0.00000
      1.11155      0.00000      0.00000      0.00000
      1.12155      0.00000      0.00000      0.00000
      1.13155      0.00000      0.00000      0.00000
      1.14155      0.00000      0.00000      0.00000
      1.15155      0.00000      0.00000      0.00000
      1.16155      0.00000      0.00000      0.00000
      1.17155      0.00000      0.00000      0.00000
      1.18155      0.00000      0.00000      0.00000
      1.19155      0.00000      0.00000      0.00000
      1.20155      0.00000      0.00000      0.00000
      1.21155      0.00000      0.00000      0.00000
      1.22155      0.00000      0.00000      0.00000
      1.23155      0.00000      0.00000      0.00000
      1.24155      0.00000      0.00000      0.00000
      1.25155      0.00000      0.00000      0.00000
      1.26155      0.00000      0.00000      0.00000
      1.27155      0.00000      0.00000      0.00000
      1.28155      0.00000      0.00000      0.00000
      1.29155      0.00000      0.00000      0.00000
      1.30155      0.00000      0.00000      0.00000
      1.31155      0.00000      0.00000      0.00000
      1.32155      0.00000      0.00000      0.00000
      1.33155      0.00000      0.00000      0.00000
      1.34155      0.00000      0.00000      0.00000
      1.35155      0.00000      0.00000      0.00000
      1.36155      0.00000      0.00000      0.00000
      1.37155      0.00000      0.00000      0.00000
      1.38155      0.00000      0.00000      0.00000
      1.39155      0.00000      0.00000      0.00000
      1.40155      0.00000      0.00000      0.00000
      1.41155      0.00000      0.00000      0.00000
      1.42155      0.00000      0.00000      0.00000
      1.43155      0.00000      0.00000      0.00000
      1.44155      0.00000      0.00000      0.00000
      1.45155      0.00000      0.00000      0.00000
      1.46155      0.00000      0.00000      0.00000
      1.47155      0.00000      0.00000      0.00000
      1.48155      0.00000      0.00000      0.00000
      1.49155      0.00000      0.00000      0.00000
      1.50155      0.00000      0.00000      0.00000
      1.51155      0.00000      0.00000      0.00000
      1.52155      0.00000      0.00000      0.00000
      1.53155      0.00000      0.00000      0.00000
      1.54155      0.00000      0.00000      0.00000
      1.55155      0.00000      0.00000      0.00000
      1.56155      0.00000      0.00000      0.00000
      1.57155      0.00000      0.00000      0.00000
      1.58155      0.00000      0.00000      0.00000
      1.59155      0.00000      0.00000      0.00000
      1.60155      0.00000      0.00000      0.00000
      1.61155      0.00000      0.00000      0.00000
      1.62155      0.00000      0.00000      0.00000
      1.63155      0.00000      0.00000      0.00000
      1.64155      0.00000      0.00000      0.00000
      1.65155      0.00000      0.00000      0.00000
      1.66155      0.00000      0.00000      0.00000
      1.67155      0.00000      0.00000      0.00000
      1.68155      0.00000      0.00000      0.00000
      1.69155      0.00000      0.00000      0.00000
      1.70155      0.00000      0.00000      0.00000
      1.71155      0.00000      0.00000      0.00000
      1.72155      0.00000      0.00000      0.00000
      1.73155      0.00000      0.00000      0.00000
      1.74155      0.00000      0.00000      0.00000
      1.75155      0.00000      0.00000      0.00000
      1.76155      0.00000      0.00000      0.00000
      1.77155      0.00000      0.00000      0.00000
      1.78155      0.00000      0.00000      0.00000
      1.79155      0.00000      0.00000      0.00000
      1.80155      0.00000      0.00000      0.00000
      1.81155      0.00000      0.00000      0.00000
      1.82155      0.00000      0.00000      0.00000
      1.83155      0.00000      0.00000      0.00000
      1.84155      0.00000      0.00000      0.00000
      1.85155      0.00000      0.00000      0.00000
      1.86155      0.00000      0.00000      0.00000
      1.87155      0.00000      0.00000      0.00000
      1.88155      0.00000      0.00000      0.00000
      1.89155      0.00000      0.00000      0.00000
      1.90155      0.00000      0.00000      0.00000
      1.91155      0.00000      0.00000      0.00000
      1.92155      0.00000      0.00000      0.00000
      1.93155      0.00000      0.00000      0.00000
      1.94155      0.00000      0.00000      0.00000
      1.95155      0.00000      0.00000      0.00000
      1.96155      0.00000      0.00000      0.00000
      1.97155      0.00000      0.00000      0.00000
      1.98155      0.00000      0.00000      0.00000
      1.99155      0.00000      0.00000      0.00000
      2.00155      0.00000      0.00000      0.00000
      2.01155      0.00000      0.00000      0.00000
      2.02155      0.00000      0.00000      0.00000
      2.03155      0.00000      0.00000      0.00000
      2.04155      0.00000      0.00000      0.00000
      2.05155      0.00000      0.00000      0.00000
      2.06155      0.00000      0.00000      0.00000
      2.07155      0.00000      0.00000      0.00000
      2.08155      0.00000      0.00000      0.00000
      2.09155      0.00000      0.00000      0.00000
      2.10155      0.00000      0.00000      0.00000
      2.11155      0.00000      0.00000      0.00000
      2.12155      0.00000      0.00000      0.00000
      2.13155      0.00000      0.00000      0.00000
      2.14155      0.00000      0.00000      0.00000
      2.15155      0.00000      0.00000      0.00000
      2.16155      0.00000      0.00000      0.00000
      2.17155      0.00000      0.00000      0.00000
      2.18155      0.00000      0.00000      0.00000
      2.19155      0.00000      0.00000      0.00000
      2.20155      0.00000      0.00000      0.00000
      2.21155      0.00000      0.00000      0.00000
      2.22155      0.00000      0.00000      0.00000
      2.23155      0.00000      0.00000      0.00000
      2.24155      0.00000      0.00000      0.00000
      2.25155      0.00000      0.00000      0.00000
      2.26155      0.00000      0.00000      0.00000
      2.27155      0.00000      0.00000      0.00000
      2.28155      0.00000      0.00000      0.00000
      2.29155      0.00000      0.00000      0.00000
      2.30155      0.00000      0.00000      0.00000
      2.31155      0.00000      0.00000      0.00000
      2.32155      0.00000      0.00000      0.00000
      2.33155      0.00000      0.00000      0.00000
      2.34155      0.00000      0.00000      0.00000
      2.35155      0.00000      0.00000      0.00000
      2.36155      0.00000      0.00000      0.00000
      2.37155      0.00000      0.00000      0.00000
      2.38155      0.00000      0.00000      0.00000
      2.39155      0.00000      0.00000      0.00000
      2.40155      0.00000      0.00000      0.00000
      2.41155      0.00000      0.00000      0.00000
      2.42155      0.00000      0.00000      0.00000
      2.43155      0.00000      0.00000      0.00000
      2.44155      0.00000      0.00000      0.00000
      2.45155      0.00000      0.00000      0.00000
      2.46155      0.00000      0.00000      0.00000
      2.47155      0.00000      0.00000      0.00000
      2.48155      0.00000      0.00000      0.00000
      2.49155      0.00000      0.00000      0.00000
      2.50155      0.00000      0.00000      0.00000
      2.51155      0.00000      0.00000      0.00000
      2.52155      0.00000      0.00000      0.00000
      2.53155      0.00000      0.00000      0.00000
      2.54155      0.00000      0.00000      0.00000
      2.55155      0.00000      0.00000      0.00000
      2.56155      0.00000      0.00000      0.00000
      2.57155      0.00000      0.00000      0.00000
      2.58155      0.00000      0.00000      0.00000
      2.59155      0.00000      0.00000      0.00000
      2.60155      0.00000      0.00000      0.00000
      2.61155      0.00000      0.00000      0.00000
      2.62155      0.00000      0.00000      0.00000
      2.63155      0.00000      0.00000      0.00000
      2.64155      0.00000      0.00000      0.00000
      2.65155      0.00000      0.00000      0.00000
      2.66155      0.00000      0.00000      0.00000
      2.67155      0.00000      0.00000      0.00000
      2.68155      0.00000      0.00000      0.00000
      2.69155      0.00000      0.00000      0.00000
      2.70155      0.00000      0.00000      0.00000
      2.71155      0.00000      0.00000      0.00000
      2.72155      0.00000      0.00000      0.00000
      2.73155      0.00000      0.00000      0.00000
      2.74155      0.00000      0.00000      0.00000
      2.75155      0.00000      0.00000      0.00000
      2.76155      0.00000      0.00000      0.00000
      2.77155      0.00000      0.00000      0.00000
      2.78155      0.00000      0.00000      0.00000
      2.79155      0.00000      0.00000      0.00000
      2.80155      0.00000      0.00000      0.00000
      2.81155      0.00000      0.00000      0.00000
      2.82155      0.00000      0.00000      0.00000
      2.83155      0.00000      0.00000      0.00000
      2.84155      0.00000      0.00000      0.00000
      2.85155      0.00000      0.00000      0.00000
      2.86155      0.00000      0.00000      0.00000
      2.87155      0.00000      0.00000      0.00000
      2.88155      0.00000      0.00000      0.00000
      2.89155      0.00000      0.00000      0.00000
      2.90155      0.00000      0.00000      0.00000
      2.91155      0.00000      0.00000      0.00000
      2.92155      0.00000      0.00000      0.00000
      2.93155      0.00000      0.00000      0.00000
      2.94155      0.00000      0.00000      0.00000
      2.95155      0.00000      0.00000      0.00000
      2.96155      0.00000      0.00000      0.00000
      2.97155      0.00000      0.00000      0.00000
      2.98155      0.00000      0.00000      0.00000
      2.99155      0.00000      0.00000      0.00000
      3.00155      0.00000      0.00000      0.00000
      3.01155      0.00000      0.00000      0.00000
      3.02155      0.00000      0.00000      0.00000
      3.03155      0.00000      0.00000      0.00000
      3.04155      0.00000      0.00000      0.00000
      3.05155      0.00000      0.00000      0.00000
      3.06155      0.00000      0.00000      0.00000
      3.07155      0.00000      0.00000      0.00000
      3.08155      0.00000      0.00000      0.00000
      3.09155      0.00000      0.00000      0.00000
      3.10155      0.00000      0.00000      0.00000
      3.11155      0.00000      0.00000      0.00000
      3.12155      0.00000      0.00000      0.00000
      3.13155      0.00000      0.00000      0.00000
      3.14155      0.00000      0.00000      0.00000
      3.15155      0.00000      0.00000      0.00000
      3.16155      0.00000      0.00000      0.00000
      3.17155      0.00000      0.00000      0.00000
      3.18155      0.00000      0.00000      0.00000
      3.19155      0.00000      0.00000      0.00000
      3.20155      0.00000      0.00000      0.00000
      3.21155      0.00000      0.00000      0.00000
      3.22155      0.00000      0.00000      0.00000
      3.23155      0.00000      0.00000      0.00000
      3.24155      0.00000      0.00000      0.00000
      3.25155      0.00000      0.00000      0.00000
      3.26155      0.00000      0.00000      0.00000
      3.27155      0.00000      0.00000      0.00000
      3.28155      0.00000      0.00000      0.00000
      3.29155      0.00000      0.00000      0.00000
      3.30155      0.00000      0.00000      0.00000
      3.31155      0.00000      0.00000      0.00000
      3.32155      0.00000      0.00000      0.00000
      3.33155      0.00000      0.00000      0.00000
      3.34155      0.00000      0.00000      0.00000
      3.35155      0.00000      0.00000      0.00000
      3.36155      0.00000      0.00000      0.00000
      3.37155      0.00000      0.00000      0.00000
      3.38155      0.00000      0.00000      0.00000
      3.39155      0.00000      0.00000      0.00000
      3.40155      0.00000      0.00000      0.00000
      3.41155      0.00000      0.00000      0.00000
      3.42155      0.00000      0.00000      0.00000
      3.43155      0.00000      0.00000      0.00000
      3.44155      0.00000      0.00000      0.00000
      3.45155      0.00000      0.00000      0.00000
      3.46155      0.00000      0.00000      0.00000
      3.47155      0.00000      0.00000      0.00000
      3.48155      0.00000      0.00000      0.00000
      3.49155      0.00000      0.00000      0.00000
      3.50155      0.00000      0.00000      0.00000
      3.51155      0.00000      0.00000      0.00000
      3.52155      0.00000      0.00000      0.00000
      3.53155      0.00000      0.00000      0.00000
      3.54155      0.00000      0.00000      0.00000
      3.55155      0.00000      0.00000      0.00000
      3.56155      0.00000      0.00000      0.00000
      3.57155      0.00000      0.00000      0.00000
      3.58155      0.00000      0.00000      0.00000
      3.59155      0.00000      0.00000      0.00000
      3.60155      0.00000      0.00000      0.00000
      3.61155      0.00000      0.00000      0.00000
      3.62155      0.00000      0.00000      0.00000
      3.63155      0.00000      0.00000      0.00000
      3.64155      0.00000      0.00000      0.00000
      3.65155      0.00000      0.00000      0.00000
      3.66155      0.00000      0.00000      0.00000
      3.67155      0.00000      0.00000      0.00000
      3.68155      0.00000      0.00000      0.00000
      3.69155      0.00000      0.00000      0.00000
      3.70155      0.00000      0.00000      0.00000
      3.71155      0.00000      0.00000      0.00000
      3.72155      0.00000      0.00000      0.00000
      3.73155      0.00000      0.00000      0.00000
      3.74155      0.00000      0.00000      0.00000
      3.75155      0.00000      0.00000      0.00000
      3.76155      0.00000      0.00000      0.00000
      3.77155      0.00000      0.00000      0.00000
      3.78155      0.00000      0.00000      0.00000
      3.79155      0.00000      0.00000      0.00000
      3.80155      0.00000      0.00000      0.00000
      3.81155      0.00000      0.00000      0.00000
      3.82155      0.00000      0.00000      0.00000
      3.83155      0.00000      0.00000      0.00000
      3.84155      0.00000      0.00000      0.00000
      3.85155      0.00000      0.00000      0.00000
      3.86155      0.00000      0.00000      0.00000
      3.87155      0.00000      0.00000      0.00000
      3.88155      0.00000      0.00000      0.00000
      3.89155      0.00000      0.00000      0.00000
      3.90155      0.00000      0.00000      0.00000
      3.91155      0.00000      0.00000      0.00000
      3.92155      0.00000      0.00000      0.00000
      3.93155      0.00000      0.00000      0.00000
      3.94155      0.00000      0.00000      0.00000
      3.95155      0.00000      0.00000      0.00000
      3.96155      0.00000      0.00000      0.00000
      3.97155      0.00000      0.00000      0.00000
      3.98155      0.00000      0.00000      0.00000
      3.99155      0.00000      0.00000      0.00000
      4.00155      0.00000      0.00000      0.00000
      4.01155      0.00000      0.00000      0.00000
      4.02155      0.00000      0.00000      0.00000
      4.03155      0.00000      0.00000      0.00000
      4.04155      0.00000      0.00000      0.00000
      4.05155      0.00000      0.00000      0.00000
      4.06155      0.00000      0.00000      0.00000
      4.07155      0.00000      0.00000      0.00000
      4.08155      0.00000      0.00000      0.00000
      4.09155      0.00000      0.00000      0.00000
      4.10155      0.00000      0.00000      0.00000
      4.11155      0.00000      0.00000      0.00000
      4.12155      0.00000      0.00000      0.00000
      4.13155      0.00000      0.00000      0.00000
      4.14155      0.00000      0.00000      0.00000
      4.15155      0.00000      0.00000      0.00000
      4.16155      0.00000      0.00000      0.00000
      4.17155      0.00000      0.00000      0.00000
      4.18155      0.00000      0.00000      0.00000
      4.19155      0.00000      0.00000      0.00000
      4.20155      0.00000      0.00000      0.00000
      4.21155      0.00000      0.00000      0.00000
      4.22155      0.00000      0.00000      0.00000
      4.23155      0.00000      0.00000      0.00000
      4.24155      0.00000      0.00000      0.00000
      4.25155      0.00000      0.00000      0.00000
      4.26155      0.00000      0.00000      0.00000
      4.27155      0.00000      0.00000      0.00000
      4.28155      0.00000      0.00000      0.00000
      4.29155      0.00000      0.00000      0.00000
      4.30155      0.00000      0.00000      0.00000
      4.31155      0.00000      0.00000      0.00000
      4.32155      0.00000      0.00000      0.00000
      4.33155      0.00000      0.00000      0.00000
      4.34155      0.00000      0.00000      0.00000
      4.35155      0.00000      0.00000      0.00000
      4.36155      0.00000      0.00000      0.00000
      4.37155      0.00000      0.00000      0.00000
      4.38155      0.00000      0.00000      0.00000
      4.39155      0.00000      0.00000      0.00000
      4.40155      0.00000      0.00000      0.00000
      4.41155      0.00000      0.00000      0.00000
      4.42155      0.00000      0.00000      0.00000
      4.43155      0.00000      0.00000      0.00000
      4.44155      0.00000      0.00000      0.00000
      4.45155      0.00000      0.00000      0.00000
      4.46155      0.00000      0.00000      0.00000
      4.47155      0.00000      0.00000      0.00000
      4.48155      0.00000      0.00000      0.00000
      4.49155      0.00000      0.00000      0.00000
      4.50155      0.00000      0.00000      0.00000
      4.51155      0.00000      0.00000      0.00000
      4.52155      0.00000      0.00000      0.00000
      4.53155      0.00000      0.00000      0.00000
      4.54155      0.00000      0.00000      0.00000
      4.55155      0.00000      0.00000      0.00000
      4.56155      0.00000      0.00000      0.00000
      4.57155      0.00000      0.00000      0.00000
      4.58155      0.00000      0.00000      0.00000
      4.59155      0.00000      0.00000      0.00000
      4.60155      0.00000      0.00000      0.00000
      4.61155      0.00000      0.00000      0.00000
      4.62155      0.00000      0.00000      0.00000
      4.63155      0.00001      0.00001      0.00000
      4.64155      0.00049      0.00044      0.00005
      4.65155      0.00906      0.00808      0.00099
      4.66155      0.06541      0.05829      0.00713
      4.67155      0.19737      0.17578      0.02160
      4.68155      0.29494      0.26231      0.03264
      4.69155      0.33028      0.29287      0.03741
      4.70155      0.40507      0.35811      0.04695
      4.71155      0.43666      0.38514      0.05152
      4.72155      0.39541      0.34758      0.04783
      4.73155      0.40173      0.35188      0.04985
      4.74155      0.38915      0.33996      0.04919
      4.75155      0.30208      0.26303      0.03905
      4.76155      0.33187      0.28754      0.04433
      4.77155      0.61316      0.53030      0.08286
      4.78155      0.72456      0.62559      0.09898
      4.79155      0.53911      0.46325      0.07586
      4.80155      0.39433      0.33636      0.05796
      4.81155      0.44112      0.37497      0.06614
      4.82155      0.61243      0.52017      0.09226
      4.83155      0.55130      0.46641      0.08490
      4.84155      0.36814      0.30627      0.06187
      4.85155      0.63465      0.51231      0.12234
      4.86155      1.51045      1.20893      0.30153
      4.87155      2.28641      1.82396      0.46245
      4.88155      2.57066      2.03962      0.53105
      4.89155      2.33546      1.83391      0.50155
      4.90155      1.85090      1.44293      0.40796
      4.91155      1.49688      1.16751      0.32937
      4.92155      1.21781      0.95315      0.26465
      4.93155      1.07468      0.84423      0.23045
      4.94155      1.24747      0.97837      0.26910
      4.95155      1.44964      1.13055      0.31909
      4.96155      1.28272      0.99690      0.28582
      4.97155      0.83973      0.65383      0.18590
      4.98155      0.70395      0.54925      0.15470
      4.99155      0.89925      0.70138      0.19787
      5.00155      0.86291      0.67636      0.18656
      5.01155      0.76497      0.60380      0.16117
      5.02155      1.07097      0.83705      0.23392
      5.03155      1.45506      1.12395      0.33111
      5.04155      1.24927      0.96195      0.28732
      5.05155      0.62321      0.48186      0.14135
      5.06155      0.25802      0.19969      0.05834
      5.07155      0.44274      0.33900      0.10374
      5.08155      0.78671      0.60160      0.18511
      5.09155      0.67190      0.51475      0.15715
      5.10155      0.51003      0.39735      0.11268
      5.11155      0.59423      0.46563      0.12860
      5.12155      0.79612      0.60843      0.18768
      5.13155      1.14717      0.86046      0.28671
      5.14155      0.99529      0.74504      0.25025
      5.15155      0.46308      0.35022      0.11286
      5.16155      0.32278      0.25044      0.07233
      5.17155      0.43346      0.33655      0.09691
      5.18155      0.58758      0.45068      0.13690
      5.19155      0.76792      0.58087      0.18706
      5.20155      0.78743      0.59842      0.18902
      5.21155      0.62193      0.48073      0.14120
      5.22155      0.39992      0.31082      0.08910
      5.23155      0.34560      0.26382      0.08178
      5.24155      0.64558      0.48327      0.16231
      5.25155      1.09845      0.81169      0.28676
      5.26155      0.97786      0.71809      0.25977
      5.27155      0.39126      0.28759      0.10367
      5.28155      0.19320      0.14699      0.04621
      5.29155      0.32128      0.24675      0.07453
      5.30155      0.38589      0.29369      0.09220
      5.31155      0.46466      0.34867      0.11599
      5.32155      0.69390      0.51470      0.17920
      5.33155      0.69768      0.51669      0.18099
      5.34155      0.36254      0.27001      0.09253
      5.35155      0.22523      0.16922      0.05601
      5.36155      0.31640      0.23793      0.07847
      5.37155      0.36219      0.26981      0.09238
      5.38155      0.57670      0.42238      0.15432
      5.39155      0.96403      0.69971      0.26432
      5.40155      0.94963      0.68991      0.25972
      5.41155      0.69391      0.51376      0.18015
      5.42155      0.57940      0.43687      0.14253
      5.43155      0.39723      0.30155      0.09568
      5.44155      0.19812      0.14944      0.04868
      5.45155      0.21565      0.15779      0.05786
      5.46155      0.41258      0.29877      0.11381
      5.47155      0.53397      0.38423      0.14974
      5.48155      0.43938      0.31744      0.12194
      5.49155      0.33634      0.24708      0.08927
      5.50155      0.28966      0.21360      0.07606
      5.51155      0.29909      0.21971      0.07938
      5.52155      0.37175      0.27198      0.09977
      5.53155      0.50498      0.36698      0.13800
      5.54155      0.78080      0.56070      0.22010
      5.55155      0.94061      0.67123      0.26938
      5.56155      0.58997      0.42126      0.16871
      5.57155      0.19931      0.14316      0.05615
      5.58155      0.18361      0.13335      0.05026
      5.59155      0.29051      0.21201      0.07849
      5.60155      0.29940      0.21870      0.08070
      5.61155      0.31707      0.22986      0.08721
      5.62155      0.42870      0.30771      0.12100
      5.63155      0.52325      0.37244      0.15081
      5.64155      0.51245      0.36537      0.14708
      5.65155      0.42755      0.30901      0.11854
      5.66155      0.37368      0.27276      0.10092
      5.67155      0.41112      0.29951      0.11161
      5.68155      0.36166      0.26143      0.10023
      5.69155      0.38998      0.27872      0.11126
      5.70155      0.60798      0.43116      0.17682
      5.71155      0.77147      0.54122      0.23026
      5.72155      0.65982      0.45854      0.20127
      5.73155      0.29730      0.20573      0.09157
      5.74155      0.08767      0.06138      0.02629
      5.75155      0.16732      0.11990      0.04742
      5.76155      0.35730      0.25582      0.10148
      5.77155      0.33913      0.24202      0.09711
      5.78155      0.19899      0.14117      0.05781
      5.79155      0.33298      0.23503      0.09795
      5.80155      0.64030      0.45083      0.18947
      5.81155      0.59884      0.42030      0.17854
      5.82155      0.27118      0.18978      0.08141
      5.83155      0.15969      0.11203      0.04765
      5.84155      0.24497      0.17275      0.07223
      5.85155      0.28189      0.19887      0.08302
      5.86155      0.26319      0.18426      0.07892
      5.87155      0.30803      0.21420      0.09383
      5.88155      0.50187      0.34785      0.15402
      5.89155      0.70358      0.48500      0.21858
      5.90155      0.74402      0.51346      0.23056
      5.91155      0.61588      0.42980      0.18608
      5.92155      0.43704      0.30842      0.12862
      5.93155      0.32841      0.23321      0.09520
      5.94155      0.22950      0.16280      0.06670
      5.95155      0.17787      0.12408      0.05379
      5.96155      0.24877      0.17178      0.07699
      5.97155      0.29148      0.20084      0.09064
      5.98155      0.31122      0.21271      0.09851
      5.99155      0.36189      0.24718      0.11471
      6.00155      0.37427      0.25792      0.11635
      6.01155      0.29874      0.20692      0.09183
      6.02155      0.23384      0.16186      0.07199
      6.03155      0.26687      0.18408      0.08279
      6.04155      0.27375      0.18828      0.08547
      6.05155      0.32797      0.22558      0.10240
      6.06155      0.45139      0.30947      0.14192
      6.07155      0.62219      0.42407      0.19812
      6.08155      0.69111      0.46913      0.22198
      6.09155      0.40947      0.27704      0.13243
      6.10155      0.16866      0.11429      0.05437
      6.11155      0.20327      0.13902      0.06427
      6.12155      0.27442      0.18990      0.08534
      6.13155      0.28972      0.22384      0.07992
      6.14155      0.45560      0.47845      0.07119
      6.15155      0.92123      1.09798      0.08611
      6.16155      1.22100      1.45915      0.10919
      6.17155      1.14109      1.30638      0.12344
      6.18155      1.09338      1.17304      0.14991
      6.19155      0.91590      0.97797      0.12440
      6.20155      0.72277      0.76876      0.09723
      6.21155      0.78021      0.79451      0.12017
      6.22155      0.79781      0.83985      0.10875
      6.23155      0.69458      0.73573      0.09231
      6.24155      0.76440      0.73819      0.13674
      6.25155      0.84098      0.78676      0.16300
      6.26155      0.78157      0.71561      0.16020
      6.27155      0.66630      0.57626      0.15447
      6.28155      0.54026      0.51970      0.09725
      6.29155      0.54011      0.63418      0.03624
      6.30155      0.56409      0.64040      0.04850
      6.31155      0.58494      0.55980      0.10414
      6.32155      0.55340      0.50357      0.11197
      6.33155      0.42604      0.43759      0.05978
      6.34155      0.41166      0.44184      0.04747
      6.35155      0.64397      0.58906      0.12855
      6.36155      0.81857      0.68504      0.19758
      6.37155      0.63025      0.53908      0.14619
      6.38155      0.38249      0.37171      0.06470
      6.39155      0.42022      0.44346      0.05142
      6.40155      0.54957      0.55520      0.08018
      6.41155      0.54585      0.54462      0.08325
      6.42155      0.52375      0.53713      0.07239
      6.43155      0.48559      0.48189      0.07616
      6.44155      0.52641      0.47069      0.11070
      6.45155      0.61402      0.49915      0.15665
      6.46155      0.76505      0.61367      0.20002
      6.47155      0.94869      0.79676      0.22762
      6.48155      0.79134      0.68139      0.17969
      6.49155      0.47022      0.38250      0.11859
      6.50155      0.36024      0.28971      0.09256
      6.51155      0.33377      0.31613      0.05973
      6.52155      0.35184      0.35825      0.04949
      6.53155      0.51449      0.50406      0.08307
      6.54155      0.58326      0.58082      0.08833
      6.55155      0.52603      0.53166      0.07538
      6.56155      0.55133      0.52338      0.09854
      6.57155      0.55620      0.48974      0.12070
      6.58155      0.42541      0.35093      0.10544
      6.59155      0.34844      0.30554      0.07620
      6.60155      0.40283      0.36924      0.07930
      6.61155      0.43754      0.40385      0.08495
      6.62155      0.50337      0.48025      0.08870
      6.63155      0.65638      0.61958      0.11881
      6.64155      0.68451      0.59280      0.15432
      6.65155      0.66059      0.48294      0.20004
      6.66155      0.57992      0.42363      0.17610
      6.67155      0.43643      0.40865      0.08152
      6.68155      0.39210      0.41195      0.04782
      6.69155      0.36200      0.31695      0.08009
      6.70155      0.30405      0.21690      0.09505
      6.71155      0.26701      0.19357      0.08156
      6.72155      0.35516      0.32448      0.07020
      6.73155      0.60884      0.60970      0.09017
      6.74155      0.72829      0.72071      0.11320
      6.75155      0.67998      0.65221      0.11795
      6.76155      0.68243      0.61319      0.14192
      6.77155      0.49257      0.41114      0.12009
      6.78155      0.38464      0.31055      0.09976
      6.79155      0.55127      0.47060      0.12880
      6.80155      0.52087      0.45158      0.11804
      6.81155      0.35117      0.27559      0.09625
      6.82155      0.46736      0.34150      0.14258
      6.83155      0.64878      0.52282      0.17001
      6.84155      0.65188      0.55154      0.15597
      6.85155      0.54891      0.46951      0.12857
      6.86155      0.44317      0.44351      0.06705
      6.87155      0.32848      0.37506      0.02366
      6.88155      0.33024      0.33873      0.04591
      6.89155      0.44975      0.38191      0.10752
      6.90155      0.41032      0.30358      0.12352
      6.91155      0.23984      0.18014      0.07062
      6.92155      0.25145      0.23164      0.04956
      6.93155      0.54245      0.45732      0.13147
      6.94155      0.77669      0.62342      0.20664
      6.95155      0.62773      0.55161      0.13930
      6.96155      0.40227      0.42015      0.04979
      6.97155      0.36946      0.38050      0.04841
      6.98155      0.40361      0.35971      0.08569
      6.99155      0.41709      0.36768      0.09128
      7.00155      0.40931      0.37855      0.08020
      7.01155      0.45627      0.42802      0.08718
      7.02155      0.64772      0.59284      0.13200
      7.03155      0.79505      0.70225      0.17610
      7.04155      0.67330      0.54015      0.18023
      7.05155      0.54884      0.38392      0.17886
      7.06155      0.49910      0.36500      0.15345
      7.07155      0.48951      0.41498      0.11807
      7.08155      0.48014      0.44036      0.09679
      7.09155      0.40961      0.40212      0.06700
      7.10155      0.35732      0.32387      0.07366
      7.11155      0.36910      0.29135      0.10146
      7.12155      0.40671      0.35239      0.09449
      7.13155      0.42944      0.40699      0.07962
      7.14155      0.42651      0.39093      0.08610
      7.15155      0.41271      0.33952      0.10579
      7.16155      0.38315      0.32805      0.09211
      7.17155      0.41933      0.38029      0.08931
      7.18155      0.44550      0.39937      0.09730
      7.19155      0.41818      0.35800      0.10061
      7.20155      0.45802      0.33183      0.14366
      7.21155      0.59550      0.42472      0.18998
      7.22155      0.74106      0.61927      0.18419
      7.23155      0.64771      0.64369      0.10193
      7.24155      0.43765      0.48485      0.04049
      7.25155      0.45531      0.47849      0.05841
      7.26155      0.53025      0.51310      0.09320
      7.27155      0.42491      0.36511      0.10037
      7.28155      0.33831      0.26484      0.09451
      7.29155      0.42089      0.34826      0.10689
      7.30155      0.47187      0.37957      0.12608
      7.31155      0.37870      0.28654      0.11191
      7.32155      0.42921      0.35888      0.10873
      7.33155      0.56730      0.53809      0.10820
      7.34155      0.65728      0.63004      0.11989
      7.35155      0.72669      0.64759      0.15341
      7.36155      0.71569      0.62588      0.14525
      7.37155      0.87227      0.76557      0.16923
      7.38155      1.10629      0.97916      0.21547
      7.39155      1.02635      0.98185      0.15798
      7.40155      0.72418      0.77337      0.05434
      7.41155      0.50751      0.57131      0.01012
      7.42155      0.41158      0.43773      0.02021
      7.43155      0.54053      0.50034      0.07966
      7.44155      0.82818      0.75735      0.13928
      7.45155      0.93775      0.93137      0.11410
      7.46155      0.81484      0.82136      0.08832
      7.47155      0.79295      0.70582      0.14119
      7.48155      0.80496      0.67683      0.17082
      7.49155      0.70216      0.66070      0.10680
      7.50155      0.73018      0.75500      0.06338
      7.51155      0.85689      0.87318      0.08374
      7.52155      0.94933      0.94163      0.11716
      7.53155      1.00123      0.97314      0.13640
      7.54155      0.99720      0.95346      0.14274
      7.55155      0.93936      0.90778      0.13490
      7.56155      0.86030      0.84263      0.11799
      7.57155      0.97535      0.92703      0.13368
      7.58155      1.13516      1.09626      0.14658
      7.59155      1.00006      0.97185      0.13400
      7.60155      0.82709      0.73964      0.14466
      7.61155      0.81072      0.70585      0.14505
      7.62155      0.79520      0.73870      0.11412
      7.63155      0.61407      0.60440      0.06595
      7.64155      0.50847      0.48446      0.05876
      7.65155      0.76507      0.70369      0.10670
      7.66155      1.10375      1.05982      0.13647
      7.67155      1.21946      1.19182      0.15409
      7.68155      1.14188      1.11774      0.15468
      7.69155      0.99795      0.96789      0.13231
      7.70155      0.82497      0.76068      0.11670
      7.71155      0.74479      0.67309      0.11333
      7.72155      0.81953      0.80275      0.09826
      7.73155      0.91249      0.92254      0.08870
      7.74155      1.00677      0.95599      0.12102
      7.75155      0.98652      0.88271      0.14655
      7.76155      0.77074      0.68751      0.10641
      7.77155      0.73785      0.66036      0.10064
      7.78155      0.87102      0.80263      0.12048
      7.79155      1.07496      1.00916      0.14993
      7.80155      1.18856      1.04964      0.20857
      7.81155      1.09551      0.88755      0.23989
      7.82155      1.03991      0.87280      0.19781
      7.83155      1.06930      1.02527      0.10768
      7.84155      1.03856      1.09110      0.04603
      7.85155      1.08676      1.14497      0.07120
      7.86155      1.12512      1.11271      0.12431
      7.87155      1.09140      1.03227      0.12989
      7.88155      1.06622      0.99039      0.12725
      7.89155      1.14626      1.05263      0.16358
      7.90155      1.27228      1.15841      0.20237
      7.91155      1.14744      1.02863      0.18393
      7.92155      1.17624      1.11402      0.13579
      7.93155      1.29502      1.26387      0.11387
      7.94155      1.17322      1.06882      0.14718
      7.95155      1.07019      0.89362      0.19010
      7.96155      1.15886      0.97703      0.20593
      7.97155      1.37302      1.19739      0.21929
      7.98155      1.33597      1.14931      0.22281
      7.99155      1.23881      1.06158      0.21679
      8.00155      1.34176      1.21596      0.19640
      8.01155      1.53921      1.47941      0.16976
      8.02155      1.81438      1.74717      0.20676
      8.03155      1.73506      1.59049      0.24605
      8.04155      1.58248      1.34826      0.27035
      8.05155      1.64129      1.36977      0.28673
      8.06155      1.74047      1.50761      0.28316
      8.07155      2.21260      1.96272      0.35129
      8.08155      2.75553      2.38775      0.45232
      8.09155      2.94016      2.46355      0.50654
      8.10155      3.14513      2.58626      0.56469
      8.11155      3.14982      2.58697      0.57478
      8.12155      2.66926      2.23152      0.47710
      8.13155      1.68730      1.46271      0.28404
      8.14155      0.67289      0.64294      0.09184
      8.15155      0.25345      0.30032      0.01347
      8.16155      0.18669      0.24771      0.00083
      8.17155      0.20865      0.27788      0.00002
      8.18155      0.34114      0.44953      0.00000
      8.19155      0.44852      0.58941      0.00000
      8.20155      0.34137      0.44742      0.00000
      8.21155      0.21671      0.28334      0.00000
      8.22155      0.20005      0.26231      0.00000
      8.23155      0.24454      0.32295      0.00000
      8.24155      0.31661      0.42046      0.00000
      8.25155      0.34468      0.45860      0.00000
      8.26155      0.22429      0.29884      0.00000
      8.27155      0.13347      0.17712      0.00000
      8.28155      0.14419      0.19051      0.00000
      8.29155      0.09392      0.12405      0.00000
      8.30155      0.06042      0.08020      0.00000
      8.31155      0.16134      0.21517      0.00000
      8.32155      0.26462      0.35379      0.00000
      8.33155      0.19841      0.26588      0.00000
      8.34155      0.17522      0.23432      0.00000
      8.35155      0.32867      0.43720      0.00000
      8.36155      0.37539      0.49728      0.00000
      8.37155      0.24451      0.32253      0.00000
      8.38155      0.18963      0.24966      0.00000
      8.39155      0.19775      0.26235      0.00000
      8.40155      0.22510      0.30081      0.00000
      8.41155      0.20077      0.26792      0.00000
      8.42155      0.17063      0.22618      0.00000
      8.43155      0.13568      0.17943      0.00000
      8.44155      0.09784      0.13019      0.00000
      8.45155      0.13730      0.18376      0.00000
      8.46155      0.14576      0.19526      0.00000
      8.47155      0.16877      0.22607      0.00000
      8.48155      0.24920      0.33320      0.00000
      8.49155      0.23391      0.31223      0.00000
      8.50155      0.18368      0.24545      0.00000
      8.51155      0.16060      0.21459      0.00000
      8.52155      0.16665      0.22035      0.00000
      8.53155      0.29797      0.39142      0.00000
      8.54155      0.38400      0.50467      0.00000
      8.55155      0.39617      0.52289      0.00000
      8.56155      0.47759      0.63363      0.00000
      8.57155      0.43816      0.58205      0.00000
      8.58155      0.26113      0.34623      0.00000
      8.59155      0.16576      0.21942      0.00000
      8.60155      0.16074      0.21288      0.00000
      8.61155      0.16500      0.21894      0.00000
      8.62155      0.25766      0.34249      0.00000
      8.63155      0.25972      0.34534      0.00000
      8.64155      0.17495      0.23262      0.00000
      8.65155      0.24492      0.32567      0.00000
      8.66155      0.25622      0.34072      0.00000
      8.67155      0.14581      0.19385      0.00000
      8.68155      0.16439      0.21834      0.00000
      8.69155      0.21853      0.28993      0.00000
      8.70155      0.21493      0.28430      0.00000
      8.71155      0.28925      0.38204      0.00000
      8.72155      0.33101      0.43764      0.00000
      8.73155      0.26135      0.34574      0.00000
      8.74155      0.18949      0.25054      0.00000
      8.75155      0.20766      0.27437      0.00000
      8.76155      0.34570      0.45664      0.00000
      8.77155      0.34160      0.45132      0.00000
      8.78155      0.16982      0.22439      0.00000
      8.79155      0.11400      0.15025      0.00000
      8.80155      0.18086      0.23832      0.00000
      8.81155      0.20619      0.27226      0.00000
      8.82155      0.15221      0.20126      0.00000
      8.83155      0.09218      0.12131      0.00000
      8.84155      0.12666      0.16555      0.00000
      8.85155      0.14614      0.19103      0.00000
      8.86155      0.14213      0.18647      0.00000
      8.87155      0.21991      0.28935      0.00000
      8.88155      0.39447      0.51940      0.00000
      8.89155      0.60736      0.79902      0.00000
      8.90155      0.58311      0.76702      0.00000
      8.91155      0.40798      0.53773      0.00000
      8.92155      0.34146      0.45000      0.00000
      8.93155      0.38269      0.50234      0.00000
      8.94155      0.38367      0.50246      0.00000
      8.95155      0.32746      0.42842      0.00000
      8.96155      0.26300      0.34438      0.00000
      8.97155      0.21227      0.27846      0.00000
      8.98155      0.18835      0.24678      0.00000
      8.99155      0.18492      0.24144      0.00000
      9.00155      0.20164      0.26130      0.00000
      9.01155      0.27693      0.35585      0.00000
      9.02155      0.28013      0.35853      0.00000
      9.03155      0.21315      0.27286      0.00000
      9.04155      0.14850      0.19040      0.00000
      9.05155      0.17998      0.23180      0.00000
      9.06155      0.33657      0.43739      0.00000
      9.07155      0.40327      0.52767      0.00000
      9.08155      0.38779      0.50560      0.00000
      9.09155      0.37116      0.48009      0.00000
      9.10155      0.29084      0.37671      0.00000
      9.11155      0.23801      0.30768      0.00000
      9.12155      0.28572      0.36403      0.00000
      9.13155      0.28830      0.36402      0.00000
      9.14155      0.21570      0.27260      0.00000
      9.15155      0.12346      0.15605      0.00000
      9.16155      0.11896      0.14733      0.00000
      9.17155      0.20278      0.24954      0.00000
      9.18155      0.15843      0.19497      0.00000
      9.19155      0.04634      0.05704      0.00000
      9.20155      0.00940      0.01143      0.00000
      9.21155      0.03816      0.04584      0.00000
      9.22155      0.13449      0.16365      0.00000
      9.23155      0.31322      0.39752      0.00000
      9.24155      0.77190      1.00780      0.00000
      9.25155      1.37538      1.79068      0.00000
      9.26155      1.39898      1.79795      0.00000
      9.27155      0.82091      1.03436      0.00000
      9.28155      0.36799      0.44964      0.00000
      9.29155      0.21299      0.25341      0.00000
      9.30155      0.14909      0.17511      0.00000
      9.31155      0.14876      0.17292      0.00000
      9.32155      0.12188      0.14129      0.00000
      9.33155      0.05653      0.06521      0.00000
      9.34155      0.06255      0.07147      0.00000
      9.35155      0.11190      0.12913      0.00000
      9.36155      0.21116      0.24821      0.00000
      9.37155      0.31160      0.36998      0.00000
      9.38155      0.32599      0.38918      0.00000
      9.39155      0.35050      0.41986      0.00000
      9.40155      0.33951      0.41822      0.00000
      9.41155      0.41004      0.52838      0.00000
      9.42155      0.52257      0.68342      0.00000
      9.43155      0.42218      0.54229      0.00000
      9.44155      0.37683      0.44127      0.00000
      9.45155      0.51690      0.57955      0.00000
      9.46155      0.49165      0.55167      0.00000
      9.47155      0.35040      0.39751      0.00000
      9.48155      0.27917      0.32023      0.00000
      9.49155      0.23579      0.27461      0.00000
      9.50155      0.24757      0.28811      0.00000
      9.51155      0.39256      0.44477      0.00000
      9.52155      0.43887      0.49591      0.00000
      9.53155      0.30904      0.36197      0.00000
      9.54155      0.26026      0.31529      0.00000
      9.55155      0.41365      0.48623      0.00001
      9.56155      0.63980      0.72648      0.00011
      9.57155      0.73629      0.83191      0.00047
      9.58155      0.70865      0.82930      0.00081
      9.59155      0.79676      0.97712      0.00116
      9.60155      0.99659      1.22722      0.00274
      9.61155      0.84744      1.02048      0.00357
      9.62155      0.52540      0.59796      0.00236
      9.63155      0.43339      0.45564      0.00487
      9.64155      0.43200      0.42926      0.01353
      9.65155      0.40828      0.39712      0.01757
      9.66155      0.43213      0.43807      0.01486
      9.67155      0.56622      0.59336      0.01617
      9.68155      0.49904      0.52291      0.01586
      9.69155      0.49446      0.49375      0.02273
      9.70155      0.75813      0.74116      0.03895
      9.71155      0.85329      0.84086      0.04639
      9.72155      0.68505      0.68486      0.04493
      9.73155      0.61911      0.60469      0.05342
      9.74155      0.79197      0.74922      0.07482
      9.75155      1.10933      1.06054      0.10428
      9.76155      1.25147      1.18892      0.13303
      9.77155      1.20421      1.14183      0.13663
      9.78155      1.20081      1.19017      0.11026
      9.79155      1.20351      1.21755      0.08627
      9.80155      0.99495      0.98382      0.06950
      9.81155      0.63638      0.60144      0.05566
      9.82155      0.59319      0.54184      0.06847
      9.83155      0.86688      0.79526      0.10166
      9.84155      0.80832      0.73606      0.09676
      9.85155      0.45550      0.42489      0.04851
      9.86155      0.48054      0.48633      0.02976
      9.87155      0.56798      0.57396      0.03536
      9.88155      0.46843      0.46055      0.03868
      9.89155      0.65157      0.64388      0.05546
      9.90155      0.79936      0.80312      0.05796
      9.91155      0.64668      0.66556      0.03771
      9.92155      0.63239      0.66997      0.02664
      9.93155      0.68199      0.72897      0.02716
      9.94155      0.63007      0.67930      0.03402
      9.95155      0.68644      0.74658      0.04646
      9.96155      0.94493      1.00962      0.07198
      9.97155      1.09135      1.10776      0.09633
      9.98155      0.81766      0.79957      0.07328
      9.99155      0.48373      0.50288      0.02543
     10.00155      0.32534      0.36091      0.00731
     10.01155      0.26464      0.26692      0.01551
     10.02155      0.28862      0.26765      0.02376
     10.03155      0.21010      0.19276      0.01798
     10.04155      0.21971      0.20308      0.02155
     10.05155      0.48950      0.47256      0.03803
     10.06155      0.76243      0.75774      0.04981
     10.07155      0.70627      0.71822      0.04282
     10.08155      0.44487      0.45436      0.02506
     10.09155      0.24949      0.24376      0.01708
     10.10155      0.20806      0.20976      0.01406
     10.11155      0.37034      0.40191      0.01791
     10.12155      0.45131      0.49473      0.02126
     10.13155      0.41630      0.44101      0.02564
     10.14155      0.56962      0.59649      0.03433
     10.15155      0.72780      0.74207      0.04832
     10.16155      0.71803      0.69545      0.06638
     10.17155      0.66944      0.62047      0.08150
     10.18155      0.46300      0.41251      0.06615
     10.19155      0.20172      0.18065      0.02606
     10.20155      0.21035      0.21769      0.00630
     10.21155      0.41291      0.44107      0.00940
     10.22155      0.49951      0.53288      0.01464
     10.23155      0.39100      0.41919      0.00881
     10.24155      0.29102      0.32000      0.00432
     10.25155      0.34692      0.37235      0.01250
     10.26155      0.38753      0.39111      0.02410
     10.27155      0.30922      0.31531      0.02176
     10.28155      0.32706      0.34259      0.02497
     10.29155      0.45618      0.45580      0.04234
     10.30155      0.55909      0.56824      0.04511
     10.31155      0.53774      0.59245      0.02411
     10.32155      0.55630      0.65646      0.00895
     10.33155      0.56649      0.66634      0.01125
     10.34155      0.44234      0.50489      0.01229
     10.35155      0.31875      0.34596      0.01058
     10.36155      0.32170      0.31751      0.01659
     10.37155      0.28370      0.26738      0.01863
     10.38155      0.23922      0.22409      0.01986
     10.39155      0.36304      0.35584      0.02479
     10.40155      0.47533      0.47124      0.02951
     10.41155      0.41740      0.39414      0.03874
     10.42155      0.41650      0.37625      0.05463
     10.43155      0.55895      0.51559      0.07358
     10.44155      0.51927      0.48206      0.06634
     10.45155      0.33415      0.31362      0.03464
     10.46155      0.32453      0.32825      0.01449
     10.47155      0.36550      0.39304      0.00489
     10.48155      0.29615      0.33731      0.00080
     10.49155      0.19552      0.23795      0.00023
     10.50155      0.15813      0.19311      0.00220
     10.51155      0.25772      0.29216      0.01018
     10.52155      0.37841      0.40369      0.01789
     10.53155      0.38375      0.40407      0.01303
     10.54155      0.23538      0.24521      0.00712
     10.55155      0.14440      0.13521      0.01359
     10.56155      0.23401      0.21783      0.02394
     10.57155      0.48812      0.49119      0.02893
     10.58155      0.73416      0.74539      0.04088
     10.59155      0.52005      0.51564      0.03670
     10.60155      0.17331      0.16884      0.01471
     10.61155      0.12553      0.13611      0.00549
     10.62155      0.25333      0.27534      0.00961
     10.63155      0.24002      0.25547      0.01052
     10.64155      0.15549      0.17051      0.00602
     10.65155      0.23309      0.25905      0.00923
     10.66155      0.33402      0.36085      0.01514
     10.67155      0.40789      0.45078      0.01267
     10.68155      0.50314      0.56506      0.01495
     10.69155      0.52870      0.59223      0.02075
     10.70155      0.48766      0.52722      0.02360
     10.71155      0.49607      0.50245      0.03096
     10.72155      0.45022      0.44086      0.03635
     10.73155      0.37467      0.33932      0.04756
     10.74155      0.41359      0.35191      0.06503
     10.75155      0.47827      0.42274      0.06328
     10.76155      0.43181      0.41959      0.03104
     10.77155      0.25574      0.26707      0.00652
     10.78155      0.08469      0.09006      0.00129
     10.79155      0.07849      0.07769      0.00491
     10.80155      0.20412      0.20904      0.01160
     10.81155      0.25809      0.27881      0.01011
     10.82155      0.18809      0.20714      0.00324
     10.83155      0.20743      0.22011      0.00041
     10.84155      0.26500      0.28611      0.00070
     10.85155      0.26230      0.28994      0.00540
     10.86155      0.30888      0.33540      0.01582
     10.87155      0.28871      0.31037      0.01727
     10.88155      0.19534      0.21090      0.00953
     10.89155      0.23760      0.23645      0.01447
     10.90155      0.37096      0.35923      0.02870
     10.91155      0.37907      0.36952      0.03342
     10.92155      0.26385      0.24687      0.03062
     10.93155      0.15900      0.14373      0.01905
     10.94155      0.23798      0.23497      0.01094
     10.95155      0.44593      0.46436      0.00969
     10.96155      0.43528      0.47397      0.00483
     10.97155      0.21940      0.24456      0.00239
     10.98155      0.13058      0.13229      0.00747
     10.99155      0.20612      0.20714      0.01337
     11.00155      0.23242      0.25202      0.00947
     11.01155      0.18214      0.20045      0.00719
     11.02155      0.22586      0.23451      0.01467
     11.03155      0.29912      0.31978      0.01652
     11.04155      0.33558      0.37023      0.01435
     11.05155      0.49603      0.54205      0.02072
     11.06155      0.52539      0.56369      0.02381
     11.07155      0.37728      0.37490      0.02966
     11.08155      0.37453      0.33800      0.04310
     11.09155      0.52169      0.47134      0.06056
     11.10155      0.55648      0.51432      0.06387
     11.11155      0.32967      0.31017      0.03707
     11.12155      0.09123      0.08692      0.00968
     11.13155      0.04837      0.04950      0.00102
     11.14155      0.16137      0.16928      0.00004
     11.15155      0.26493      0.28072      0.00003
     11.16155      0.18183      0.19360      0.00066
     11.17155      0.10223      0.10307      0.00481
     11.18155      0.18733      0.18698      0.01279
     11.19155      0.25380      0.26823      0.01254
     11.20155      0.16139      0.17908      0.00464
     11.21155      0.10758      0.11529      0.00153
     11.22155      0.24753      0.26053      0.00510
     11.23155      0.49560      0.50826      0.03150
     11.24155      0.78252      0.70088      0.12303
     11.25155      1.07472      0.84226      0.24678
     11.26155      1.20601      0.90157      0.30627
     11.27155      1.21939      0.91624      0.30362
     11.28155      1.24499      0.97036      0.27867
     11.29155      1.47408      1.17857      0.31069
     11.30155      1.74188      1.37033      0.39258
     11.31155      1.48851      1.14075      0.35849
     11.32155      1.20428      0.91412      0.29276
     11.33155      1.33384      1.04027      0.30003
     11.34155      1.62778      1.33986      0.31325
     11.35155      1.72154      1.45425      0.30563
     11.36155      1.53894      1.25594      0.30643
     11.37155      1.36912      1.08906      0.29498
     11.38155      1.56448      1.26432      0.32595
     11.39155      2.02481      1.61539      0.43868
     11.40155      2.23118      1.77331      0.49263
     11.41155      2.26688      1.83807      0.47704
     11.42155      2.33975      1.88965      0.49047
     11.43155      2.43178      1.90803      0.54023
     11.44155      2.86133      2.21364      0.65266
     11.45155      3.38804      2.67160      0.73310
     11.46155      3.68335      3.14946      0.60866
     11.47155      4.51444      4.28301      0.41958
     11.48155      5.25226      5.18821      0.32702
     11.49155      4.43351      4.45093      0.21741
     11.50155      3.15129      3.20572      0.12329
     11.51155      2.85704      2.83952      0.16679
     11.52155      3.22853      3.02058      0.33474
     11.53155      3.41921      3.08056      0.44324
     11.54155      2.89752      2.65085      0.33905
     11.55155      2.36749      2.27303      0.19107
     11.56155      2.25270      2.21636      0.14431
     11.57155      2.36422      2.28012      0.18979
