Energy-E_F (eV)    DOS (1/eV)    PDOS (1/eV)  of atom type B  N  
     -4.99000      0.80485      0.30472      0.50014
     -4.98000      1.12147      0.42622      0.69524
     -4.97000      1.29008      0.48923      0.80086
     -4.96000      1.22505      0.46263      0.76243
     -4.95000      0.95773      0.36633      0.59141
     -4.94000      0.82686      0.31615      0.51071
     -4.93000      0.86626      0.32449      0.54177
     -4.92000      0.67699      0.25268      0.42431
     -4.91000      0.59036      0.22056      0.36980
     -4.90000      1.10469      0.40844      0.69625
     -4.89000      1.78902      0.66465      1.12437
     -4.88000      1.85835      0.69683      1.16152
     -4.87000      1.44596      0.54163      0.90434
     -4.86000      0.95384      0.35308      0.60076
     -4.85000      0.70490      0.25678      0.44813
     -4.84000      0.74847      0.27355      0.47493
     -4.83000      0.93379      0.34962      0.58417
     -4.82000      1.22046      0.45909      0.76137
     -4.81000      1.23427      0.46214      0.77214
     -4.80000      1.19219      0.44783      0.74436
     -4.79000      1.26968      0.47157      0.79811
     -4.78000      1.14576      0.42115      0.72461
     -4.77000      0.93349      0.34579      0.58770
     -4.76000      1.03662      0.38941      0.64721
     -4.75000      1.53060      0.57364      0.95696
     -4.74000      1.89015      0.70142      1.18873
     -4.73000      2.00728      0.74261      1.26467
     -4.72000      1.88236      0.69989      1.18247
     -4.71000      1.42704      0.53353      0.89351
     -4.70000      1.11186      0.41173      0.70013
     -4.69000      1.15436      0.42166      0.73270
     -4.68000      1.28010      0.47005      0.81004
     -4.67000      1.21241      0.45071      0.76171
     -4.66000      1.00364      0.37418      0.62946
     -4.65000      1.08182      0.39914      0.68268
     -4.64000      1.27047      0.46886      0.80161
     -4.63000      1.29732      0.48451      0.81281
     -4.62000      1.31878      0.49818      0.82060
     -4.61000      1.37104      0.51940      0.85163
     -4.60000      1.21900      0.45582      0.76318
     -4.59000      1.05570      0.39248      0.66321
     -4.58000      0.94901      0.35623      0.59278
     -4.57000      0.88089      0.32939      0.55150
     -4.56000      0.86667      0.32126      0.54541
     -4.55000      0.83251      0.29890      0.53361
     -4.54000      1.05793      0.37301      0.68492
     -4.53000      1.38256      0.49860      0.88396
     -4.52000      1.32840      0.49084      0.83756
     -4.51000      0.88652      0.33053      0.55599
     -4.50000      0.59549      0.22137      0.37412
     -4.49000      0.77844      0.28923      0.48921
     -4.48000      1.12378      0.42010      0.70368
     -4.47000      1.28673      0.48372      0.80301
     -4.46000      1.12512      0.41944      0.70568
     -4.45000      0.94459      0.34885      0.59574
     -4.44000      0.96489      0.35686      0.60803
     -4.43000      1.13987      0.41842      0.72145
     -4.42000      1.05758      0.38638      0.67120
     -4.41000      0.63606      0.23371      0.40235
     -4.40000      0.36102      0.13048      0.23054
     -4.39000      0.50181      0.17978      0.32202
     -4.38000      0.91006      0.33497      0.57509
     -4.37000      1.21650      0.45792      0.75858
     -4.36000      1.19318      0.44973      0.74345
     -4.35000      1.12684      0.41152      0.71532
     -4.34000      1.02367      0.36497      0.65869
     -4.33000      0.78833      0.27925      0.50908
     -4.32000      0.97545      0.35214      0.62332
     -4.31000      1.30970      0.48302      0.82668
     -4.30000      1.08135      0.40049      0.68086
     -4.29000      0.58860      0.21437      0.37423
     -4.28000      0.52717      0.19643      0.33074
     -4.27000      0.89926      0.34196      0.55730
     -4.26000      1.06460      0.40609      0.65851
     -4.25000      1.02949      0.38918      0.64031
     -4.24000      1.09361      0.40134      0.69227
     -4.23000      1.08803      0.39118      0.69685
     -4.22000      0.80136      0.28947      0.51189
     -4.21000      0.48417      0.17416      0.31001
     -4.20000      0.56475      0.19807      0.36669
     -4.19000      0.80551      0.28687      0.51864
     -4.18000      0.94248      0.34680      0.59568
     -4.17000      0.90310      0.34306      0.56004
     -4.16000      0.76566      0.29345      0.47221
     -4.15000      0.62594      0.22852      0.39742
     -4.14000      0.61726      0.21520      0.40207
     -4.13000      0.83892      0.29499      0.54394
     -4.12000      1.05857      0.37632      0.68225
     -4.11000      1.00589      0.35799      0.64790
     -4.10000      0.91076      0.32644      0.58432
     -4.09000      0.91534      0.33911      0.57623
     -4.08000      0.98578      0.37101      0.61476
     -4.07000      0.82941      0.30554      0.52388
     -4.06000      0.65922      0.23545      0.42376
     -4.05000      0.73153      0.26110      0.47044
     -4.04000      0.80243      0.29469      0.50773
     -4.03000      0.91142      0.33872      0.57270
     -4.02000      1.08959      0.40310      0.68649
     -4.01000      0.95368      0.35597      0.59772
     -4.00000      0.66982      0.24445      0.42537
     -3.99000      0.63708      0.22195      0.41513
     -3.98000      0.72054      0.25240      0.46814
     -3.97000      0.65881      0.23434      0.42446
     -3.96000      0.66775      0.24324      0.42451
     -3.95000      0.79987      0.29413      0.50573
     -3.94000      0.75237      0.27423      0.47814
     -3.93000      0.55157      0.20030      0.35127
     -3.92000      0.55630      0.20836      0.34794
     -3.91000      0.75264      0.28088      0.47177
     -3.90000      0.95114      0.33989      0.61125
     -3.89000      1.11616      0.39258      0.72358
     -3.88000      1.03256      0.36925      0.66331
     -3.87000      0.98907      0.36215      0.62692
     -3.86000      1.07455      0.39178      0.68277
     -3.85000      0.95906      0.34303      0.61603
     -3.84000      0.65218      0.22952      0.42266
     -3.83000      0.55798      0.19884      0.35915
     -3.82000      0.63618      0.23382      0.40236
     -3.81000      0.69530      0.25558      0.43971
     -3.80000      0.73044      0.26392      0.46652
     -3.79000      0.72062      0.25615      0.46446
     -3.78000      0.79135      0.27800      0.51336
     -3.77000      0.80762      0.28771      0.51992
     -3.76000      0.70380      0.25521      0.44859
     -3.75000      0.61910      0.22378      0.39531
     -3.74000      0.51719      0.18864      0.32855
     -3.73000      0.56629      0.21134      0.35495
     -3.72000      0.81593      0.29767      0.51826
     -3.71000      0.89421      0.31878      0.57543
     -3.70000      0.80724      0.28453      0.52271
     -3.69000      0.80050      0.28512      0.51538
     -3.68000      0.83120      0.30307      0.52813
     -3.67000      0.86172      0.31098      0.55073
     -3.66000      0.79630      0.27714      0.51916
     -3.65000      0.56969      0.18985      0.37984
     -3.64000      0.43585      0.14339      0.29246
     -3.63000      0.52812      0.17902      0.34910
     -3.62000      0.74026      0.25544      0.48482
     -3.61000      0.89698      0.32111      0.57587
     -3.60000      0.89788      0.33503      0.56285
     -3.59000      0.91749      0.34157      0.57592
     -3.58000      0.95205      0.35045      0.60160
     -3.57000      0.82239      0.30164      0.52076
     -3.56000      0.71873      0.25838      0.46035
     -3.55000      0.70592      0.25192      0.45400
     -3.54000      0.69874      0.25018      0.44856
     -3.53000      0.68050      0.23560      0.44489
     -3.52000      0.75410      0.25598      0.49812
     -3.51000      0.77397      0.26759      0.50638
     -3.50000      0.75673      0.26919      0.48754
     -3.49000      0.81859      0.29563      0.52296
     -3.48000      0.79975      0.28879      0.51096
     -3.47000      0.67579      0.24391      0.43188
     -3.46000      0.45114      0.16727      0.28387
     -3.45000      0.36787      0.13778      0.23008
     -3.44000      0.36767      0.13051      0.23716
     -3.43000      0.41793      0.13710      0.28083
     -3.42000      0.60468      0.19763      0.40705
     -3.41000      0.90889      0.30477      0.60412
     -3.40000      1.07563      0.37321      0.70242
     -3.39000      0.95042      0.33712      0.61330
     -3.38000      0.71463      0.25043      0.46421
     -3.37000      0.59237      0.20788      0.38448
     -3.36000      0.66806      0.23825      0.42981
     -3.35000      0.73480      0.26305      0.47176
     -3.34000      0.71879      0.25567      0.46312
     -3.33000      0.88769      0.31225      0.57544
     -3.32000      0.87746      0.31058      0.56689
     -3.31000      0.73705      0.26393      0.47313
     -3.30000      0.76866      0.27669      0.49196
     -3.29000      0.64868      0.23219      0.41650
     -3.28000      0.57902      0.19912      0.37990
     -3.27000      0.74528      0.25038      0.49490
     -3.26000      0.72634      0.24499      0.48135
     -3.25000      0.48877      0.16795      0.32082
     -3.24000      0.51777      0.17946      0.33831
     -3.23000      0.74090      0.25720      0.48370
     -3.22000      0.70286      0.25032      0.45254
     -3.21000      0.71013      0.26447      0.44566
     -3.20000      0.82733      0.30314      0.52418
     -3.19000      0.72920      0.25283      0.47637
     -3.18000      0.51330      0.17253      0.34077
     -3.17000      0.35664      0.12736      0.22928
     -3.16000      0.29361      0.10886      0.18475
     -3.15000      0.31187      0.10606      0.20581
     -3.14000      0.55699      0.17795      0.37904
     -3.13000      0.94926      0.30904      0.64023
     -3.12000      1.19571      0.40042      0.79529
     -3.11000      1.23310      0.42473      0.80837
     -3.10000      1.19294      0.42539      0.76755
     -3.09000      1.03521      0.37621      0.65900
     -3.08000      0.71146      0.25365      0.45781
     -3.07000      0.49453      0.16781      0.32672
     -3.06000      0.40507      0.13808      0.26699
     -3.05000      0.34228      0.11644      0.22583
     -3.04000      0.32314      0.10304      0.22010
     -3.03000      0.36799      0.11566      0.25233
     -3.02000      0.54544      0.18294      0.36249
     -3.01000      0.84048      0.29192      0.54856
     -3.00000      0.89181      0.31088      0.58093
     -2.99000      0.69714      0.24404      0.45310
     -2.98000      0.60262      0.20890      0.39372
     -2.97000      0.64974      0.22021      0.42953
     -2.96000      0.67648      0.22831      0.44818
     -2.95000      0.55602      0.18609      0.36992
     -2.94000      0.42243      0.13990      0.28253
     -2.93000      0.46545      0.15616      0.30928
     -2.92000      0.59195      0.20257      0.38937
     -2.91000      0.69925      0.25241      0.44684
     -2.90000      1.02983      0.38007      0.64977
     -2.89000      1.21740      0.43793      0.77948
     -2.88000      0.92179      0.31621      0.60558
     -2.87000      0.67947      0.22201      0.45746
     -2.86000      0.58310      0.18506      0.39804
     -2.85000      0.44600      0.14062      0.30538
     -2.84000      0.41196      0.13501      0.27695
     -2.83000      0.48598      0.15840      0.32758
     -2.82000      0.67908      0.21542      0.46366
     -2.81000      0.83366      0.26886      0.56480
     -2.80000      0.86069      0.28908      0.57161
     -2.79000      0.81162      0.28207      0.52955
     -2.78000      0.56861      0.19859      0.37003
     -2.77000      0.53215      0.17975      0.35240
     -2.76000      0.51280      0.17357      0.33923
     -2.75000      0.34466      0.11851      0.22615
     -2.74000      0.39840      0.13277      0.26563
     -2.73000      0.58124      0.19094      0.39030
     -2.72000      0.73949      0.24350      0.49600
     -2.71000      0.83412      0.27552      0.55860
     -2.70000      0.97265      0.32949      0.64315
     -2.69000      0.99635      0.34622      0.65013
     -2.68000      0.67907      0.24034      0.43873
     -2.67000      0.45814      0.16356      0.29459
     -2.66000      0.43769      0.14397      0.29372
     -2.65000      0.46788      0.14175      0.32613
     -2.64000      0.51840      0.16336      0.35505
     -2.63000      0.61259      0.21386      0.39873
     -2.62000      0.68345      0.24496      0.43849
     -2.61000      0.68594      0.23664      0.44930
     -2.60000      0.61641      0.21129      0.40512
     -2.59000      0.63553      0.21478      0.42075
     -2.58000      0.80047      0.25304      0.54744
     -2.57000      0.82344      0.24818      0.57526
     -2.56000      0.68380      0.20594      0.47786
     -2.55000      0.52987      0.16750      0.36237
     -2.54000      0.43138      0.14287      0.28851
     -2.53000      0.46130      0.15791      0.30339
     -2.52000      0.66270      0.22970      0.43300
     -2.51000      0.97032      0.33095      0.63937
     -2.50000      1.07294      0.35720      0.71574
     -2.49000      0.88155      0.28603      0.59552
     -2.48000      0.62098      0.20221      0.41877
     -2.47000      0.44525      0.14982      0.29543
     -2.46000      0.37652      0.12215      0.25438
     -2.45000      0.40687      0.12678      0.28009
     -2.44000      0.48767      0.15570      0.33197
     -2.43000      0.56684      0.17995      0.38689
     -2.42000      0.71114      0.22820      0.48294
     -2.41000      0.78460      0.26099      0.52361
     -2.40000      0.65872      0.21693      0.44178
     -2.39000      0.60692      0.18812      0.41880
     -2.38000      0.63388      0.20030      0.43357
     -2.37000      0.48919      0.16807      0.32112
     -2.36000      0.38673      0.14048      0.24625
     -2.35000      0.57235      0.19985      0.37251
     -2.34000      0.87127      0.29048      0.58080
     -2.33000      0.97944      0.32593      0.65350
     -2.32000      0.72880      0.24554      0.48326
     -2.31000      0.40853      0.13461      0.27391
     -2.30000      0.40632      0.11884      0.28748
     -2.29000      0.62480      0.17645      0.44834
     -2.28000      0.69188      0.20250      0.48938
     -2.27000      0.72623      0.22341      0.50282
     -2.26000      0.81899      0.25821      0.56078
     -2.25000      0.91790      0.29512      0.62278
     -2.24000      0.74805      0.24202      0.50603
     -2.23000      0.45029      0.14440      0.30589
     -2.22000      0.30952      0.09988      0.20964
     -2.21000      0.38876      0.12800      0.26076
     -2.20000      0.60790      0.20014      0.40777
     -2.19000      0.86420      0.28009      0.58411
     -2.18000      0.91727      0.28956      0.62771
     -2.17000      0.70258      0.22034      0.48224
     -2.16000      0.58122      0.18855      0.39267
     -2.15000      0.59953      0.19205      0.40748
     -2.14000      0.65967      0.20309      0.45658
     -2.13000      0.63204      0.19733      0.43471
     -2.12000      0.59285      0.18852      0.40433
     -2.11000      0.58060      0.17914      0.40146
     -2.10000      0.49040      0.15124      0.33916
     -2.09000      0.56750      0.18135      0.38615
     -2.08000      0.73769      0.23087      0.50682
     -2.07000      0.72032      0.22237      0.49796
     -2.06000      0.52698      0.17398      0.35300
     -2.05000      0.40434      0.14384      0.26051
     -2.04000      0.37655      0.12632      0.25024
     -2.03000      0.56705      0.17340      0.39365
     -2.02000      0.66265      0.19800      0.46465
     -2.01000      0.54141      0.15938      0.38204
     -2.00000      0.69176      0.20863      0.48313
     -1.99000      0.96182      0.29101      0.67081
     -1.98000      0.93511      0.27917      0.65593
     -1.97000      0.80942      0.24974      0.55968
     -1.96000      0.80252      0.25305      0.54947
     -1.95000      0.80560      0.24711      0.55849
     -1.94000      0.67826      0.19911      0.47915
     -1.93000      0.47486      0.13713      0.33772
     -1.92000      0.44390      0.13997      0.30393
     -1.91000      0.45911      0.15365      0.30546
     -1.90000      0.44094      0.14196      0.29898
     -1.89000      0.50350      0.15058      0.35292
     -1.88000      0.72077      0.21252      0.50825
     -1.87000      0.88803      0.26805      0.61999
     -1.86000      0.75415      0.22957      0.52459
     -1.85000      0.65300      0.19702      0.45598
     -1.84000      0.69884      0.20682      0.49202
     -1.83000      0.64308      0.18998      0.45310
     -1.82000      0.54623      0.16834      0.37789
     -1.81000      0.59851      0.18263      0.41589
     -1.80000      0.57731      0.17209      0.40522
     -1.79000      0.51865      0.15662      0.36202
     -1.78000      0.51574      0.14638      0.36936
     -1.77000      0.48475      0.12681      0.35795
     -1.76000      0.28487      0.07254      0.21233
     -1.75000      0.09634      0.02433      0.07202
     -1.74000      0.14744      0.03678      0.11066
     -1.73000      0.36825      0.09186      0.27639
     -1.72000      0.51917      0.12969      0.38948
     -1.71000      0.56393      0.14133      0.42260
     -1.70000      0.62067      0.15575      0.46492
     -1.69000      0.67211      0.16796      0.50415
     -1.68000      0.57254      0.14263      0.42992
     -1.67000      0.42688      0.10608      0.32079
     -1.66000      0.49078      0.12126      0.36952
     -1.65000      0.54354      0.13385      0.40970
     -1.64000      0.42027      0.10339      0.31689
     -1.63000      0.25416      0.06254      0.19162
     -1.62000      0.19109      0.04697      0.14412
     -1.61000      0.22815      0.05560      0.17254
     -1.60000      0.41964      0.10149      0.31815
     -1.59000      0.55782      0.13448      0.42334
     -1.58000      0.51168      0.12316      0.38852
     -1.57000      0.41961      0.10123      0.31838
     -1.56000      0.41704      0.10084      0.31620
     -1.55000      0.51152      0.12327      0.38826
     -1.54000      0.47601      0.11438      0.36163
     -1.53000      0.33067      0.07913      0.25154
     -1.52000      0.34976      0.08317      0.26659
     -1.51000      0.49275      0.11671      0.37604
     -1.50000      0.43552      0.10265      0.33287
     -1.49000      0.30468      0.07159      0.23310
     -1.48000      0.31919      0.07499      0.24420
     -1.47000      0.33698      0.07872      0.25826
     -1.46000      0.34048      0.07877      0.26171
     -1.45000      0.35863      0.08270      0.27593
     -1.44000      0.32224      0.07446      0.24777
     -1.43000      0.43513      0.10085      0.33428
     -1.42000      0.72534      0.16842      0.55692
     -1.41000      0.82224      0.19100      0.63124
     -1.40000      0.67624      0.15657      0.51967
     -1.39000      0.57695      0.13285      0.44410
     -1.38000      0.57557      0.13188      0.44369
     -1.37000      0.46127      0.10548      0.35579
     -1.36000      0.38177      0.08668      0.29509
     -1.35000      0.49401      0.11081      0.38320
     -1.34000      0.57492      0.12829      0.44662
     -1.33000      0.52153      0.11625      0.40529
     -1.32000      0.44239      0.09847      0.34392
     -1.31000      0.40132      0.08877      0.31255
     -1.30000      0.37957      0.08358      0.29599
     -1.29000      0.34198      0.07552      0.26646
     -1.28000      0.49205      0.10881      0.38323
     -1.27000      0.69669      0.15341      0.54327
     -1.26000      0.68144      0.14921      0.53222
     -1.25000      0.58581      0.12733      0.45847
     -1.24000      0.53914      0.11624      0.42290
     -1.23000      0.49156      0.10573      0.38584
     -1.22000      0.37445      0.08015      0.29430
     -1.21000      0.47338      0.10035      0.37303
     -1.20000      0.54715      0.11538      0.43177
     -1.19000      0.40726      0.08547      0.32179
     -1.18000      0.32891      0.06889      0.26002
     -1.17000      0.38906      0.08086      0.30821
     -1.16000      0.48057      0.09914      0.38142
     -1.15000      0.69923      0.14544      0.55379
     -1.14000      1.01715      0.21382      0.80333
     -1.13000      1.01200      0.21309      0.79891
     -1.12000      0.85474      0.17844      0.67630
     -1.11000      0.80433      0.16581      0.63852
     -1.10000      0.79823      0.16264      0.63560
     -1.09000      0.75481      0.15245      0.60237
     -1.08000      0.73338      0.14709      0.58630
     -1.07000      0.69431      0.13828      0.55603
     -1.06000      0.70629      0.13932      0.56697
     -1.05000      0.76210      0.14897      0.61313
     -1.04000      0.80252      0.15553      0.64699
     -1.03000      0.90136      0.17325      0.72811
     -1.02000      1.12174      0.21491      0.90683
     -1.01000      1.23170      0.23762      0.99408
     -1.00000      0.92775      0.18144      0.74631
     -0.99000      0.63768      0.12511      0.51257
     -0.98000      0.60246      0.11646      0.48599
     -0.97000      0.71603      0.13632      0.57970
     -0.96000      0.71637      0.13513      0.58124
     -0.95000      0.46856      0.08754      0.38102
     -0.94000      0.27841      0.05121      0.22719
     -0.93000      0.23564      0.04293      0.19271
     -0.92000      0.25637      0.04657      0.20980
     -0.91000      0.33512      0.06082      0.27429
     -0.90000      0.56240      0.10282      0.45958
     -0.89000      1.16747      0.21731      0.95015
     -0.88000      1.88640      0.35519      1.53121
     -0.87000      1.57830      0.29760      1.28070
     -0.86000      0.66489      0.12382      0.54107
     -0.85000      0.26585      0.04772      0.21813
     -0.84000      0.17324      0.03044      0.14281
     -0.83000      0.20912      0.03647      0.17265
     -0.82000      0.26463      0.04617      0.21846
     -0.81000      0.25891      0.04510      0.21381
     -0.80000      0.30061      0.05227      0.24834
     -0.79000      0.33446      0.05837      0.27609
     -0.78000      0.42835      0.07514      0.35321
     -0.77000      0.64501      0.11392      0.53109
     -0.76000      0.78651      0.13903      0.64748
     -0.75000      0.62973      0.11003      0.51970
     -0.74000      0.33034      0.05661      0.27374
     -0.73000      0.22074      0.03720      0.18354
     -0.72000      0.23902      0.04002      0.19900
     -0.71000      0.29618      0.04936      0.24682
     -0.70000      0.35935      0.05972      0.29963
     -0.69000      0.43905      0.07284      0.36621
     -0.68000      0.48769      0.08091      0.40678
     -0.67000      0.57347      0.09521      0.47826
     -0.66000      0.71310      0.11906      0.59404
     -0.65000      0.84877      0.14246      0.70631
     -0.64000      0.79651      0.13274      0.66377
     -0.63000      0.48083      0.07859      0.40224
     -0.62000      0.18753      0.02997      0.15756
     -0.61000      0.12219      0.01917      0.10302
     -0.60000      0.24630      0.03845      0.20785
     -0.59000      0.28651      0.04453      0.24198
     -0.58000      0.29154      0.04488      0.24666
     -0.57000      0.40868      0.06278      0.34590
     -0.56000      0.38830      0.05987      0.32844
     -0.55000      0.35631      0.05523      0.30108
     -0.54000      0.44184      0.06829      0.37355
     -0.53000      0.40621      0.06218      0.34404
     -0.52000      0.29438      0.04418      0.25020
     -0.51000      0.25415      0.03753      0.21662
     -0.50000      0.29953      0.04378      0.25574
     -0.49000      0.35678      0.05191      0.30487
     -0.48000      0.37708      0.05456      0.32252
     -0.47000      0.38297      0.05530      0.32767
     -0.46000      0.36633      0.05306      0.31327
     -0.45000      0.47840      0.06901      0.40939
     -0.44000      0.68908      0.09844      0.59064
     -0.43000      0.60041      0.08514      0.51527
     -0.42000      0.23651      0.03333      0.20317
     -0.41000      0.08417      0.01150      0.07267
     -0.40000      0.18731      0.02512      0.16220
     -0.39000      0.30307      0.04059      0.26249
     -0.38000      0.30087      0.03991      0.26096
     -0.37000      0.33603      0.04414      0.29188
     -0.36000      0.37669      0.04957      0.32712
     -0.35000      0.32560      0.04289      0.28272
     -0.34000      0.28559      0.03719      0.24840
     -0.33000      0.25566      0.03265      0.22301
     -0.32000      0.22498      0.02826      0.19672
     -0.31000      0.24279      0.03020      0.21259
     -0.30000      0.31092      0.03827      0.27265
     -0.29000      0.39613      0.04837      0.34777
     -0.28000      0.47096      0.05707      0.41389
     -0.27000      0.50013      0.06039      0.43973
     -0.26000      0.35016      0.04222      0.30793
     -0.25000      0.21225      0.02503      0.18723
     -0.24000      0.26753      0.03069      0.23684
     -0.23000      0.24166      0.02760      0.21406
     -0.22000      0.13172      0.01486      0.11687
     -0.21000      0.21271      0.02350      0.18920
     -0.20000      0.34995      0.03846      0.31149
     -0.19000      0.35199      0.03823      0.31376
     -0.18000      0.32073      0.03428      0.28644
     -0.17000      0.24185      0.02559      0.21626
     -0.16000      0.20001      0.02080      0.17921
     -0.15000      0.28344      0.02899      0.25445
     -0.14000      0.38498      0.03898      0.34600
     -0.13000      0.36318      0.03642      0.32676
     -0.12000      0.26638      0.02626      0.24012
     -0.11000      0.21744      0.02094      0.19650
     -0.10000      0.22474      0.02124      0.20350
     -0.09000      0.24721      0.02304      0.22417
     -0.08000      0.25273      0.02322      0.22951
     -0.07000      0.22400      0.02020      0.20380
     -0.06000      0.26096      0.02295      0.23801
     -0.05000      0.34395      0.02982      0.31414
     -0.04000      0.29918      0.02567      0.27350
     -0.03000      0.19888      0.01668      0.18220
     -0.02000      0.21166      0.01724      0.19443
     -0.01000      0.22386      0.01800      0.20587
      0.00000      0.13693      0.01093      0.12600
      0.01000      0.03877      0.00309      0.03569
      0.02000      0.00442      0.00035      0.00406
      0.03000      0.00019      0.00002      0.00018
      0.04000      0.00000      0.00000      0.00000
      0.05000      0.00000      0.00000      0.00000
      0.06000      0.00000      0.00000      0.00000
      0.07000      0.00000      0.00000      0.00000
      0.08000      0.00000      0.00000      0.00000
      0.09000      0.00000      0.00000      0.00000
      0.10000      0.00000      0.00000      0.00000
      0.11000      0.00000      0.00000      0.00000
      0.12000      0.00000      0.00000      0.00000
      0.13000      0.00000      0.00000      0.00000
      0.14000      0.00000      0.00000      0.00000
      0.15000      0.00000      0.00000      0.00000
      0.16000      0.00000      0.00000      0.00000
      0.17000      0.00000      0.00000      0.00000
      0.18000      0.00000      0.00000      0.00000
      0.19000      0.00000      0.00000      0.00000
      0.20000      0.00000      0.00000      0.00000
      0.21000      0.00000      0.00000      0.00000
      0.22000      0.00000      0.00000      0.00000
      0.23000      0.00000      0.00000      0.00000
      0.24000      0.00000      0.00000      0.00000
      0.25000      0.00000      0.00000      0.00000
      0.26000      0.00000      0.00000      0.00000
      0.27000      0.00000      0.00000      0.00000
      0.28000      0.00000      0.00000      0.00000
      0.29000      0.00000      0.00000      0.00000
      0.30000      0.00000      0.00000      0.00000
      0.31000      0.00000      0.00000      0.00000
      0.32000      0.00000      0.00000      0.00000
      0.33000      0.00000      0.00000      0.00000
      0.34000      0.00000      0.00000      0.00000
      0.35000      0.00000      0.00000      0.00000
      0.36000      0.00000      0.00000      0.00000
      0.37000      0.00000      0.00000      0.00000
      0.38000      0.00000      0.00000      0.00000
      0.39000      0.00000      0.00000      0.00000
      0.40000      0.00000      0.00000      0.00000
      0.41000      0.00000      0.00000      0.00000
      0.42000      0.00000      0.00000      0.00000
      0.43000      0.00000      0.00000      0.00000
      0.44000      0.00000      0.00000      0.00000
      0.45000      0.00000      0.00000      0.00000
      0.46000      0.00000      0.00000      0.00000
      0.47000      0.00000      0.00000      0.00000
      0.48000      0.00000      0.00000      0.00000
      0.49000      0.00000      0.00000      0.00000
      0.50000      0.00000      0.00000      0.00000
      0.51000      0.00000      0.00000      0.00000
      0.52000      0.00000      0.00000      0.00000
      0.53000      0.00000      0.00000      0.00000
      0.54000      0.00000      0.00000      0.00000
      0.55000      0.00000      0.00000      0.00000
      0.56000      0.00000      0.00000      0.00000
      0.57000      0.00000      0.00000      0.00000
      0.58000      0.00000      0.00000      0.00000
      0.59000      0.00000      0.00000      0.00000
      0.60000      0.00000      0.00000      0.00000
      0.61000      0.00000      0.00000      0.00000
      0.62000      0.00000      0.00000      0.00000
      0.63000      0.00000      0.00000      0.00000
      0.64000      0.00000      0.00000      0.00000
      0.65000      0.00000      0.00000      0.00000
      0.66000      0.00000      0.00000      0.00000
      0.67000      0.00000      0.00000      0.00000
      0.68000      0.00000      0.00000      0.00000
      0.69000      0.00000      0.00000      0.00000
      0.70000      0.00000      0.00000      0.00000
      0.71000      0.00000      0.00000      0.00000
      0.72000      0.00000      0.00000      0.00000
      0.73000      0.00000      0.00000      0.00000
      0.74000      0.00000      0.00000      0.00000
      0.75000      0.00000      0.00000      0.00000
      0.76000      0.00000      0.00000      0.00000
      0.77000      0.00000      0.00000      0.00000
      0.78000      0.00000      0.00000      0.00000
      0.79000      0.00000      0.00000      0.00000
      0.80000      0.00000      0.00000      0.00000
      0.81000      0.00000      0.00000      0.00000
      0.82000      0.00000      0.00000      0.00000
      0.83000      0.00000      0.00000      0.00000
      0.84000      0.00000      0.00000      0.00000
      0.85000      0.00000      0.00000      0.00000
      0.86000      0.00000      0.00000      0.00000
      0.87000      0.00000      0.00000      0.00000
      0.88000      0.00000      0.00000      0.00000
      0.89000      0.00000      0.00000      0.00000
      0.90000      0.00000      0.00000      0.00000
      0.91000      0.00000      0.00000      0.00000
      0.92000      0.00000      0.00000      0.00000
      0.93000      0.00000      0.00000      0.00000
      0.94000      0.00000      0.00000      0.00000
      0.95000      0.00000      0.00000      0.00000
      0.96000      0.00000      0.00000      0.00000
      0.97000      0.00000      0.00000      0.00000
      0.98000      0.00000      0.00000      0.00000
      0.99000      0.00000      0.00000      0.00000
      1.00000      0.00000      0.00000      0.00000
      1.01000      0.00000      0.00000      0.00000
      1.02000      0.00000      0.00000      0.00000
      1.03000      0.00000      0.00000      0.00000
      1.04000      0.00000      0.00000      0.00000
      1.05000      0.00000      0.00000      0.00000
      1.06000      0.00000      0.00000      0.00000
      1.07000      0.00000      0.00000      0.00000
      1.08000      0.00000      0.00000      0.00000
      1.09000      0.00000      0.00000      0.00000
      1.10000      0.00000      0.00000      0.00000
      1.11000      0.00000      0.00000      0.00000
      1.12000      0.00000      0.00000      0.00000
      1.13000      0.00000      0.00000      0.00000
      1.14000      0.00000      0.00000      0.00000
      1.15000      0.00000      0.00000      0.00000
      1.16000      0.00000      0.00000      0.00000
      1.17000      0.00000      0.00000      0.00000
      1.18000      0.00000      0.00000      0.00000
      1.19000      0.00000      0.00000      0.00000
      1.20000      0.00000      0.00000      0.00000
      1.21000      0.00000      0.00000      0.00000
      1.22000      0.00000      0.00000      0.00000
      1.23000      0.00000      0.00000      0.00000
      1.24000      0.00000      0.00000      0.00000
      1.25000      0.00000      0.00000      0.00000
      1.26000      0.00000      0.00000      0.00000
      1.27000      0.00000      0.00000      0.00000
      1.28000      0.00000      0.00000      0.00000
      1.29000      0.00000      0.00000      0.00000
      1.30000      0.00000      0.00000      0.00000
      1.31000      0.00000      0.00000      0.00000
      1.32000      0.00000      0.00000      0.00000
      1.33000      0.00000      0.00000      0.00000
      1.34000      0.00000      0.00000      0.00000
      1.35000      0.00000      0.00000      0.00000
      1.36000      0.00000      0.00000      0.00000
      1.37000      0.00000      0.00000      0.00000
      1.38000      0.00000      0.00000      0.00000
      1.39000      0.00000      0.00000      0.00000
      1.40000      0.00000      0.00000      0.00000
      1.41000      0.00000      0.00000      0.00000
      1.42000      0.00000      0.00000      0.00000
      1.43000      0.00000      0.00000      0.00000
      1.44000      0.00000      0.00000      0.00000
      1.45000      0.00000      0.00000      0.00000
      1.46000      0.00000      0.00000      0.00000
      1.47000      0.00000      0.00000      0.00000
      1.48000      0.00000      0.00000      0.00000
      1.49000      0.00000      0.00000      0.00000
      1.50000      0.00000      0.00000      0.00000
      1.51000      0.00000      0.00000      0.00000
      1.52000      0.00000      0.00000      0.00000
      1.53000      0.00000      0.00000      0.00000
      1.54000      0.00000      0.00000      0.00000
      1.55000      0.00000      0.00000      0.00000
      1.56000      0.00000      0.00000      0.00000
      1.57000      0.00000      0.00000      0.00000
      1.58000      0.00000      0.00000      0.00000
      1.59000      0.00000      0.00000      0.00000
      1.60000      0.00000      0.00000      0.00000
      1.61000      0.00000      0.00000      0.00000
      1.62000      0.00000      0.00000      0.00000
      1.63000      0.00000      0.00000      0.00000
      1.64000      0.00000      0.00000      0.00000
      1.65000      0.00000      0.00000      0.00000
      1.66000      0.00000      0.00000      0.00000
      1.67000      0.00000      0.00000      0.00000
      1.68000      0.00000      0.00000      0.00000
      1.69000      0.00000      0.00000      0.00000
      1.70000      0.00000      0.00000      0.00000
      1.71000      0.00000      0.00000      0.00000
      1.72000      0.00000      0.00000      0.00000
      1.73000      0.00000      0.00000      0.00000
      1.74000      0.00000      0.00000      0.00000
      1.75000      0.00000      0.00000      0.00000
      1.76000      0.00000      0.00000      0.00000
      1.77000      0.00000      0.00000      0.00000
      1.78000      0.00000      0.00000      0.00000
      1.79000      0.00000      0.00000      0.00000
      1.80000      0.00000      0.00000      0.00000
      1.81000      0.00000      0.00000      0.00000
      1.82000      0.00000      0.00000      0.00000
      1.83000      0.00000      0.00000      0.00000
      1.84000      0.00000      0.00000      0.00000
      1.85000      0.00000      0.00000      0.00000
      1.86000      0.00000      0.00000      0.00000
      1.87000      0.00000      0.00000      0.00000
      1.88000      0.00000      0.00000      0.00000
      1.89000      0.00000      0.00000      0.00000
      1.90000      0.00000      0.00000      0.00000
      1.91000      0.00000      0.00000      0.00000
      1.92000      0.00000      0.00000      0.00000
      1.93000      0.00000      0.00000      0.00000
      1.94000      0.00000      0.00000      0.00000
      1.95000      0.00000      0.00000      0.00000
      1.96000      0.00000      0.00000      0.00000
      1.97000      0.00000      0.00000      0.00000
      1.98000      0.00000      0.00000      0.00000
      1.99000      0.00000      0.00000      0.00000
      2.00000      0.00000      0.00000      0.00000
      2.01000      0.00000      0.00000      0.00000
      2.02000      0.00000      0.00000      0.00000
      2.03000      0.00000      0.00000      0.00000
      2.04000      0.00000      0.00000      0.00000
      2.05000      0.00000      0.00000      0.00000
      2.06000      0.00000      0.00000      0.00000
      2.07000      0.00000      0.00000      0.00000
      2.08000      0.00000      0.00000      0.00000
      2.09000      0.00000      0.00000      0.00000
      2.10000      0.00000      0.00000      0.00000
      2.11000      0.00000      0.00000      0.00000
      2.12000      0.00000      0.00000      0.00000
      2.13000      0.00000      0.00000      0.00000
      2.14000      0.00000      0.00000      0.00000
      2.15000      0.00000      0.00000      0.00000
      2.16000      0.00000      0.00000      0.00000
      2.17000      0.00000      0.00000      0.00000
      2.18000      0.00000      0.00000      0.00000
      2.19000      0.00000      0.00000      0.00000
      2.20000      0.00000      0.00000      0.00000
      2.21000      0.00000      0.00000      0.00000
      2.22000      0.00000      0.00000      0.00000
      2.23000      0.00000      0.00000      0.00000
      2.24000      0.00000      0.00000      0.00000
      2.25000      0.00000      0.00000      0.00000
      2.26000      0.00000      0.00000      0.00000
      2.27000      0.00000      0.00000      0.00000
      2.28000      0.00000      0.00000      0.00000
      2.29000      0.00000      0.00000      0.00000
      2.30000      0.00000      0.00000      0.00000
      2.31000      0.00000      0.00000      0.00000
      2.32000      0.00000      0.00000      0.00000
      2.33000      0.00000      0.00000      0.00000
      2.34000      0.00000      0.00000      0.00000
      2.35000      0.00000      0.00000      0.00000
      2.36000      0.00000      0.00000      0.00000
      2.37000      0.00000      0.00000      0.00000
      2.38000      0.00000      0.00000      0.00000
      2.39000      0.00000      0.00000      0.00000
      2.40000      0.00000      0.00000      0.00000
      2.41000      0.00000      0.00000      0.00000
      2.42000      0.00000      0.00000      0.00000
      2.43000      0.00000      0.00000      0.00000
      2.44000      0.00000      0.00000      0.00000
      2.45000      0.00000      0.00000      0.00000
      2.46000      0.00000      0.00000      0.00000
      2.47000      0.00000      0.00000      0.00000
      2.48000      0.00000      0.00000      0.00000
      2.49000      0.00000      0.00000      0.00000
      2.50000      0.00000      0.00000      0.00000
      2.51000      0.00000      0.00000      0.00000
      2.52000      0.00000      0.00000      0.00000
      2.53000      0.00000      0.00000      0.00000
      2.54000      0.00000      0.00000      0.00000
      2.55000      0.00000      0.00000      0.00000
      2.56000      0.00000      0.00000      0.00000
      2.57000      0.00000      0.00000      0.00000
      2.58000      0.00000      0.00000      0.00000
      2.59000      0.00000      0.00000      0.00000
      2.60000      0.00000      0.00000      0.00000
      2.61000      0.00000      0.00000      0.00000
      2.62000      0.00000      0.00000      0.00000
      2.63000      0.00000      0.00000      0.00000
      2.64000      0.00000      0.00000      0.00000
      2.65000      0.00000      0.00000      0.00000
      2.66000      0.00000      0.00000      0.00000
      2.67000      0.00000      0.00000      0.00000
      2.68000      0.00000      0.00000      0.00000
      2.69000      0.00000      0.00000      0.00000
      2.70000      0.00000      0.00000      0.00000
      2.71000      0.00000      0.00000      0.00000
      2.72000      0.00000      0.00000      0.00000
      2.73000      0.00000      0.00000      0.00000
      2.74000      0.00000      0.00000      0.00000
      2.75000      0.00000      0.00000      0.00000
      2.76000      0.00000      0.00000      0.00000
      2.77000      0.00000      0.00000      0.00000
      2.78000      0.00000      0.00000      0.00000
      2.79000      0.00000      0.00000      0.00000
      2.80000      0.00000      0.00000      0.00000
      2.81000      0.00000      0.00000      0.00000
      2.82000      0.00000      0.00000      0.00000
      2.83000      0.00000      0.00000      0.00000
      2.84000      0.00000      0.00000      0.00000
      2.85000      0.00000      0.00000      0.00000
      2.86000      0.00000      0.00000      0.00000
      2.87000      0.00000      0.00000      0.00000
      2.88000      0.00000      0.00000      0.00000
      2.89000      0.00000      0.00000      0.00000
      2.90000      0.00000      0.00000      0.00000
      2.91000      0.00000      0.00000      0.00000
      2.92000      0.00000      0.00000      0.00000
      2.93000      0.00000      0.00000      0.00000
      2.94000      0.00000      0.00000      0.00000
      2.95000      0.00000      0.00000      0.00000
      2.96000      0.00000      0.00000      0.00000
      2.97000      0.00000      0.00000      0.00000
      2.98000      0.00000      0.00000      0.00000
      2.99000      0.00000      0.00000      0.00000
      3.00000      0.00000      0.00000      0.00000
      3.01000      0.00000      0.00000      0.00000
      3.02000      0.00000      0.00000      0.00000
      3.03000      0.00000      0.00000      0.00000
      3.04000      0.00000      0.00000      0.00000
      3.05000      0.00000      0.00000      0.00000
      3.06000      0.00000      0.00000      0.00000
      3.07000      0.00000      0.00000      0.00000
      3.08000      0.00000      0.00000      0.00000
      3.09000      0.00000      0.00000      0.00000
      3.10000      0.00000      0.00000      0.00000
      3.11000      0.00000      0.00000      0.00000
      3.12000      0.00000      0.00000      0.00000
      3.13000      0.00000      0.00000      0.00000
      3.14000      0.00000      0.00000      0.00000
      3.15000      0.00000      0.00000      0.00000
      3.16000      0.00000      0.00000      0.00000
      3.17000      0.00000      0.00000      0.00000
      3.18000      0.00000      0.00000      0.00000
      3.19000      0.00000      0.00000      0.00000
      3.20000      0.00000      0.00000      0.00000
      3.21000      0.00000      0.00000      0.00000
      3.22000      0.00000      0.00000      0.00000
      3.23000      0.00000      0.00000      0.00000
      3.24000      0.00000      0.00000      0.00000
      3.25000      0.00000      0.00000      0.00000
      3.26000      0.00000      0.00000      0.00000
      3.27000      0.00000      0.00000      0.00000
      3.28000      0.00000      0.00000      0.00000
      3.29000      0.00000      0.00000      0.00000
      3.30000      0.00000      0.00000      0.00000
      3.31000      0.00000      0.00000      0.00000
      3.32000      0.00000      0.00000      0.00000
      3.33000      0.00000      0.00000      0.00000
      3.34000      0.00000      0.00000      0.00000
      3.35000      0.00000      0.00000      0.00000
      3.36000      0.00000      0.00000      0.00000
      3.37000      0.00000      0.00000      0.00000
      3.38000      0.00000      0.00000      0.00000
      3.39000      0.00000      0.00000      0.00000
      3.40000      0.00000      0.00000      0.00000
      3.41000      0.00000      0.00000      0.00000
      3.42000      0.00000      0.00000      0.00000
      3.43000      0.00000      0.00000      0.00000
      3.44000      0.00000      0.00000      0.00000
      3.45000      0.00000      0.00000      0.00000
      3.46000      0.00000      0.00000      0.00000
      3.47000      0.00000      0.00000      0.00000
      3.48000      0.00000      0.00000      0.00000
      3.49000      0.00000      0.00000      0.00000
      3.50000      0.00000      0.00000      0.00000
      3.51000      0.00000      0.00000      0.00000
      3.52000      0.00000      0.00000      0.00000
      3.53000      0.00000      0.00000      0.00000
      3.54000      0.00000      0.00000      0.00000
      3.55000      0.00000      0.00000      0.00000
      3.56000      0.00000      0.00000      0.00000
      3.57000      0.00000      0.00000      0.00000
      3.58000      0.00000      0.00000      0.00000
      3.59000      0.00000      0.00000      0.00000
      3.60000      0.00000      0.00000      0.00000
      3.61000      0.00000      0.00000      0.00000
      3.62000      0.00000      0.00000      0.00000
      3.63000      0.00000      0.00000      0.00000
      3.64000      0.00000      0.00000      0.00000
      3.65000      0.00000      0.00000      0.00000
      3.66000      0.00000      0.00000      0.00000
      3.67000      0.00000      0.00000      0.00000
      3.68000      0.00000      0.00000      0.00000
      3.69000      0.00000      0.00000      0.00000
      3.70000      0.00000      0.00000      0.00000
      3.71000      0.00000      0.00000      0.00000
      3.72000      0.00000      0.00000      0.00000
      3.73000      0.00000      0.00000      0.00000
      3.74000      0.00000      0.00000      0.00000
      3.75000      0.00000      0.00000      0.00000
      3.76000      0.00000      0.00000      0.00000
      3.77000      0.00000      0.00000      0.00000
      3.78000      0.00000      0.00000      0.00000
      3.79000      0.00000      0.00000      0.00000
      3.80000      0.00000      0.00000      0.00000
      3.81000      0.00000      0.00000      0.00000
      3.82000      0.00000      0.00000      0.00000
      3.83000      0.00000      0.00000      0.00000
      3.84000      0.00000      0.00000      0.00000
      3.85000      0.00000      0.00000      0.00000
      3.86000      0.00000      0.00000      0.00000
      3.87000      0.00000      0.00000      0.00000
      3.88000      0.00000      0.00000      0.00000
      3.89000      0.00000      0.00000      0.00000
      3.90000      0.00000      0.00000      0.00000
      3.91000      0.00000      0.00000      0.00000
      3.92000      0.00000      0.00000      0.00000
      3.93000      0.00000      0.00000      0.00000
      3.94000      0.00000      0.00000      0.00000
      3.95000      0.00000      0.00000      0.00000
      3.96000      0.00000      0.00000      0.00000
      3.97000      0.00000      0.00000      0.00000
      3.98000      0.00000      0.00000      0.00000
      3.99000      0.00000      0.00000      0.00000
      4.00000      0.00000      0.00000      0.00000
      4.01000      0.00000      0.00000      0.00000
      4.02000      0.00000      0.00000      0.00000
      4.03000      0.00000      0.00000      0.00000
      4.04000      0.00000      0.00000      0.00000
      4.05000      0.00000      0.00000      0.00000
      4.06000      0.00000      0.00000      0.00000
      4.07000      0.00000      0.00000      0.00000
      4.08000      0.00000      0.00000      0.00000
      4.09000      0.00000      0.00000      0.00000
      4.10000      0.00000      0.00000      0.00000
      4.11000      0.00000      0.00000      0.00000
      4.12000      0.00000      0.00000      0.00000
      4.13000      0.00000      0.00000      0.00000
      4.14000      0.00000      0.00000      0.00000
      4.15000      0.00000      0.00000      0.00000
      4.16000      0.00000      0.00000      0.00000
      4.17000      0.00000      0.00000      0.00000
      4.18000      0.00000      0.00000      0.00000
      4.19000      0.00000      0.00000      0.00000
      4.20000      0.00000      0.00000      0.00000
      4.21000      0.00000      0.00000      0.00000
      4.22000      0.00000      0.00000      0.00000
      4.23000      0.00000      0.00000      0.00000
      4.24000      0.00000      0.00000      0.00000
      4.25000      0.00000      0.00000      0.00000
      4.26000      0.00000      0.00000      0.00000
      4.27000      0.00000      0.00000      0.00000
      4.28000      0.00000      0.00000      0.00000
      4.29000      0.00000      0.00000      0.00000
      4.30000      0.00000      0.00000      0.00000
      4.31000      0.00000      0.00000      0.00000
      4.32000      0.00000      0.00000      0.00000
      4.33000      0.00000      0.00000      0.00000
      4.34000      0.00000      0.00000      0.00000
      4.35000      0.00000      0.00000      0.00000
      4.36000      0.00000      0.00000      0.00000
      4.37000      0.00000      0.00000      0.00000
      4.38000      0.00000      0.00000      0.00000
      4.39000      0.00000      0.00000      0.00000
      4.40000      0.00000      0.00000      0.00000
      4.41000      0.00000      0.00000      0.00000
      4.42000      0.00000      0.00000      0.00000
      4.43000      0.00000      0.00000      0.00000
      4.44000      0.00000      0.00000      0.00000
      4.45000      0.00000      0.00000      0.00000
      4.46000      0.00000      0.00000      0.00000
      4.47000      0.00000      0.00000      0.00000
      4.48000      0.00000      0.00000      0.00000
      4.49000      0.00000      0.00000      0.00000
      4.50000      0.00000      0.00000      0.00000
      4.51000      0.00000      0.00000      0.00000
      4.52000      0.00000      0.00000      0.00000
      4.53000      0.00000      0.00000      0.00000
      4.54000      0.00000      0.00000      0.00000
      4.55000      0.00000      0.00000      0.00000
      4.56000      0.00000      0.00000      0.00000
      4.57000      0.00000      0.00000      0.00000
      4.58000      0.00000      0.00000      0.00000
      4.59000      0.00000      0.00000      0.00000
      4.60000      0.00000      0.00000      0.00000
      4.61000      0.00000      0.00000      0.00000
      4.62000      0.00000      0.00000      0.00000
      4.63000      0.00000      0.00000      0.00000
      4.64000      0.00000      0.00000      0.00000
      4.65000      0.00000      0.00000      0.00000
      4.66000      0.00000      0.00000      0.00000
      4.67000      0.00000      0.00000      0.00000
      4.68000      0.00000      0.00000      0.00000
      4.69000      0.00000      0.00000      0.00000
      4.70000      0.00000      0.00000      0.00000
      4.71000      0.00000      0.00000      0.00000
      4.72000      0.00000      0.00000      0.00000
      4.73000      0.00000      0.00000      0.00000
      4.74000      0.00000      0.00000      0.00000
      4.75000      0.00000      0.00000      0.00000
      4.76000      0.00000      0.00000      0.00000
      4.77000      0.00000      0.00000      0.00000
      4.78000      0.00000      0.00000      0.00000
      4.79000      0.00000      0.00000      0.00000
      4.80000      0.00000      0.00000      0.00000
      4.81000      0.00000      0.00000      0.00000
      4.82000      0.00000      0.00000      0.00000
      4.83000      0.00000      0.00000      0.00000
      4.84000      0.00000      0.00000      0.00000
      4.85000      0.00000      0.00000      0.00000
      4.86000      0.00000      0.00000      0.00000
      4.87000      0.00000      0.00000      0.00000
      4.88000      0.00000      0.00000      0.00000
      4.89000      0.00000      0.00000      0.00000
      4.90000      0.00000      0.00000      0.00000
      4.91000      0.00000      0.00000      0.00000
      4.92000      0.00000      0.00000      0.00000
      4.93000      0.00000      0.00000      0.00000
      4.94000      0.00000      0.00000      0.00000
      4.95000      0.00000      0.00000      0.00000
      4.96000      0.00000      0.00000      0.00000
      4.97000      0.00000      0.00000      0.00000
      4.98000      0.00000      0.00000      0.00000
      4.99000      0.00000      0.00000      0.00000
      5.00000      0.00000      0.00000      0.00000
      5.01000      0.00000      0.00000      0.00000
      5.02000      0.00000      0.00000      0.00000
      5.03000      0.00000      0.00000      0.00000
      5.04000      0.00000      0.00000      0.00000
      5.05000      0.00000      0.00000      0.00000
      5.06000      0.00000      0.00000      0.00000
      5.07000      0.00000      0.00000      0.00000
      5.08000      0.00000      0.00000      0.00000
      5.09000      0.00000      0.00000      0.00000
      5.10000      0.00000      0.00000      0.00000
      5.11000      0.00000      0.00000      0.00000
      5.12000      0.00000      0.00000      0.00000
      5.13000      0.00000      0.00000      0.00000
      5.14000      0.00000      0.00000      0.00000
      5.15000      0.00000      0.00000      0.00000
      5.16000      0.00000      0.00000      0.00000
      5.17000      0.00000      0.00000      0.00000
      5.18000      0.00000      0.00000      0.00000
      5.19000      0.00000      0.00000      0.00000
      5.20000      0.00000      0.00000      0.00000
      5.21000      0.00000      0.00000      0.00000
      5.22000      0.00000      0.00000      0.00000
      5.23000      0.00000      0.00000      0.00000
      5.24000      0.00000      0.00000      0.00000
      5.25000      0.00000      0.00000      0.00000
      5.26000      0.00000      0.00000      0.00000
      5.27000      0.00000      0.00000      0.00000
      5.28000      0.00000      0.00000      0.00000
      5.29000      0.00000      0.00000      0.00000
      5.30000      0.00000      0.00000      0.00000
      5.31000      0.00000      0.00000      0.00000
      5.32000      0.00000      0.00000      0.00000
      5.33000      0.00000      0.00000      0.00000
      5.34000      0.00000      0.00000      0.00000
      5.35000      0.00000      0.00000      0.00000
      5.36000      0.00000      0.00000      0.00000
      5.37000      0.00000      0.00000      0.00000
      5.38000      0.00000      0.00000      0.00000
      5.39000      0.00000      0.00000      0.00000
      5.40000      0.00000      0.00000      0.00000
      5.41000      0.00000      0.00000      0.00000
      5.42000      0.00000      0.00000      0.00000
      5.43000      0.00000      0.00000      0.00000
      5.44000      0.00000      0.00000      0.00000
      5.45000      0.00000      0.00000      0.00000
      5.46000      0.00000      0.00000      0.00000
      5.47000      0.00000      0.00000      0.00000
      5.48000      0.00000      0.00000      0.00000
      5.49000      0.00000      0.00000      0.00000
      5.50000      0.00000      0.00000      0.00000
      5.51000      0.00000      0.00000      0.00000
      5.52000      0.00000      0.00000      0.00000
      5.53000      0.00000      0.00000      0.00000
      5.54000      0.00000      0.00000      0.00000
      5.55000      0.00000      0.00000      0.00000
      5.56000      0.00000      0.00000      0.00000
      5.57000      0.00000      0.00000      0.00000
      5.58000      0.00000      0.00000      0.00000
      5.59000      0.00000      0.00000      0.00000
      5.60000      0.00000      0.00000      0.00000
      5.61000      0.00000      0.00000      0.00000
      5.62000      0.00000      0.00000      0.00000
      5.63000      0.00000      0.00000      0.00000
      5.64000      0.00000      0.00000      0.00000
      5.65000      0.00000      0.00000      0.00000
      5.66000      0.00000      0.00000      0.00000
      5.67000      0.00000      0.00000      0.00000
      5.68000      0.00000      0.00000      0.00000
      5.69000      0.00000      0.00000      0.00000
      5.70000      0.00000      0.00000      0.00000
      5.71000      0.00000      0.00000      0.00000
      5.72000      0.00000      0.00000      0.00000
      5.73000      0.00000      0.00000      0.00000
      5.74000      0.00000      0.00000      0.00000
      5.75000      0.00000      0.00000      0.00000
      5.76000      0.00000      0.00000      0.00000
      5.77000      0.00000      0.00000      0.00000
      5.78000      0.00000      0.00000      0.00000
      5.79000      0.00000      0.00000      0.00000
      5.80000      0.00000      0.00000      0.00000
      5.81000      0.00000      0.00000      0.00000
      5.82000      0.00000      0.00000      0.00000
      5.83000      0.00000      0.00000      0.00000
      5.84000      0.00000      0.00000      0.00000
      5.85000      0.00000      0.00000      0.00000
      5.86000      0.00000      0.00000      0.00000
      5.87000      0.00000      0.00000      0.00000
      5.88000      0.00000      0.00000      0.00000
      5.89000      0.00000      0.00000      0.00000
      5.90000      0.00000      0.00000      0.00000
      5.91000      0.00000      0.00000      0.00000
      5.92000      0.00000      0.00000      0.00000
      5.93000      0.00000      0.00000      0.00000
      5.94000      0.00000      0.00000      0.00000
      5.95000      0.00000      0.00000      0.00000
      5.96000      0.00000      0.00000      0.00000
      5.97000      0.00000      0.00000      0.00000
      5.98000      0.00000      0.00000      0.00000
      5.99000      0.00000      0.00000      0.00000
      6.00000      0.00000      0.00000      0.00000
      6.01000      0.00000      0.00000      0.00000
      6.02000      0.00000      0.00000      0.00000
      6.03000      0.00000      0.00000      0.00000
      6.04000      0.00000      0.00000      0.00000
      6.05000      0.00000      0.00000      0.00000
      6.06000      0.00000      0.00000      0.00000
      6.07000      0.00000      0.00000      0.00000
      6.08000      0.00000      0.00000      0.00000
      6.09000      0.00000      0.00000      0.00000
      6.10000      0.00000      0.00000      0.00000
      6.11000      0.00000      0.00000      0.00000
      6.12000      0.00000      0.00000      0.00000
      6.13000      0.00000      0.00000      0.00000
      6.14000      0.00000      0.00000      0.00000
      6.15000      0.00000      0.00000      0.00000
      6.16000      0.00000      0.00000      0.00000
      6.17000      0.00000      0.00000      0.00000
      6.18000      0.00000      0.00000      0.00000
      6.19000      0.00000      0.00000      0.00000
      6.20000      0.00000      0.00000      0.00000
      6.21000      0.00000      0.00000      0.00000
      6.22000      0.00000      0.00000      0.00000
      6.23000      0.00000      0.00000      0.00000
      6.24000      0.00000      0.00000      0.00000
      6.25000      0.00000      0.00000      0.00000
      6.26000      0.00000      0.00000      0.00000
      6.27000      0.00000      0.00000      0.00000
      6.28000      0.00000      0.00000      0.00000
      6.29000      0.00000      0.00000      0.00000
      6.30000      0.00000      0.00000      0.00000
      6.31000      0.00000      0.00000      0.00000
      6.32000      0.00000      0.00000      0.00000
      6.33000      0.00000      0.00000      0.00000
      6.34000      0.00000      0.00000      0.00000
      6.35000      0.00000      0.00000      0.00000
      6.36000      0.00000      0.00000      0.00000
      6.37000      0.00000      0.00000      0.00000
      6.38000      0.00000      0.00000      0.00000
      6.39000      0.00000      0.00000      0.00000
      6.40000      0.00000      0.00000      0.00000
      6.41000      0.00000      0.00000      0.00000
      6.42000      0.00000      0.00000      0.00000
      6.43000      0.00000      0.00000      0.00000
      6.44000      0.00000      0.00000      0.00000
      6.45000      0.00000      0.00000      0.00000
      6.46000      0.00000      0.00000      0.00000
      6.47000      0.00000      0.00000      0.00000
      6.48000      0.00000      0.00000      0.00000
      6.49000      0.00000      0.00000      0.00000
      6.50000      0.00000      0.00000      0.00000
      6.51000      0.00000      0.00000      0.00000
      6.52000      0.00000      0.00000      0.00000
      6.53000      0.00000      0.00000      0.00000
      6.54000      0.00000      0.00000      0.00000
      6.55000      0.00000      0.00000      0.00000
      6.56000      0.00000      0.00000      0.00000
      6.57000      0.00000      0.00000      0.00000
      6.58000      0.00000      0.00000      0.00000
      6.59000      0.00000      0.00000      0.00000
      6.60000      0.00000      0.00000      0.00000
      6.61000      0.00000      0.00000      0.00000
      6.62000      0.00000      0.00000      0.00000
      6.63000      0.00000      0.00000      0.00000
      6.64000      0.00000      0.00000      0.00000
      6.65000      0.00000      0.00000      0.00000
      6.66000      0.00000      0.00000      0.00000
      6.67000      0.00000      0.00000      0.00000
      6.68000      0.00000      0.00000      0.00000
      6.69000      0.00000      0.00000      0.00000
      6.70000      0.00000      0.00000      0.00000
      6.71000      0.00000      0.00000      0.00000
      6.72000      0.00000      0.00000      0.00000
      6.73000      0.00000      0.00000      0.00000
      6.74000      0.00000      0.00000      0.00000
      6.75000      0.00000      0.00000      0.00000
      6.76000      0.00000      0.00000      0.00000
      6.77000      0.00000      0.00000      0.00000
      6.78000      0.00000      0.00000      0.00000
      6.79000      0.00000      0.00000      0.00000
      6.80000      0.00000      0.00000      0.00000
      6.81000      0.00000      0.00000      0.00000
      6.82000      0.00000      0.00000      0.00000
      6.83000      0.00000      0.00000      0.00000
      6.84000      0.00000      0.00000      0.00000
      6.85000      0.00000      0.00000      0.00000
      6.86000      0.00000      0.00000      0.00000
      6.87000      0.00000      0.00000      0.00000
      6.88000      0.00000      0.00000      0.00000
      6.89000      0.00000      0.00000      0.00000
      6.90000      0.00000      0.00000      0.00000
      6.91000      0.00000      0.00000      0.00000
      6.92000      0.00000      0.00000      0.00000
      6.93000      0.00000      0.00000      0.00000
      6.94000      0.00000      0.00000      0.00000
      6.95000      0.00000      0.00000      0.00000
      6.96000      0.00000      0.00000      0.00000
      6.97000      0.00000      0.00000      0.00000
      6.98000      0.00000      0.00000      0.00000
      6.99000      0.00000      0.00000      0.00000
      7.00000      0.00000      0.00000      0.00000
      7.01000      0.00000      0.00000      0.00000
      7.02000      0.00000      0.00000      0.00000
      7.03000      0.00000      0.00000      0.00000
      7.04000      0.00000      0.00000      0.00000
      7.05000      0.00000      0.00000      0.00000
      7.06000      0.00000      0.00000      0.00000
      7.07000      0.00000      0.00000      0.00000
      7.08000      0.00000      0.00000      0.00000
      7.09000      0.00000      0.00000      0.00000
      7.10000      0.00000      0.00000      0.00000
      7.11000      0.00000      0.00000      0.00000
      7.12000      0.00000      0.00000      0.00000
      7.13000      0.00000      0.00000      0.00000
      7.14000      0.00000      0.00000      0.00000
      7.15000      0.00000      0.00000      0.00000
      7.16000      0.00000      0.00000      0.00000
      7.17000      0.00000      0.00000      0.00000
      7.18000      0.00000      0.00000      0.00000
      7.19000      0.00000      0.00000      0.00000
      7.20000      0.00000      0.00000      0.00000
      7.21000      0.00000      0.00000      0.00000
      7.22000      0.00000      0.00000      0.00000
      7.23000      0.00000      0.00000      0.00000
      7.24000      0.00000      0.00000      0.00000
      7.25000      0.00000      0.00000      0.00000
      7.26000      0.00000      0.00000      0.00000
      7.27000      0.00000      0.00000      0.00000
      7.28000      0.00000      0.00000      0.00000
      7.29000      0.00000      0.00000      0.00000
      7.30000      0.00000      0.00000      0.00000
      7.31000      0.00000      0.00000      0.00000
      7.32000      0.00000      0.00000      0.00000
      7.33000      0.00000      0.00000      0.00000
      7.34000      0.00000      0.00000      0.00000
      7.35000      0.00000      0.00000      0.00000
      7.36000      0.00000      0.00000      0.00000
      7.37000      0.00000      0.00000      0.00000
      7.38000      0.00000      0.00000      0.00000
      7.39000      0.00000      0.00000      0.00000
      7.40000      0.00000      0.00000      0.00000
      7.41000      0.00000      0.00000      0.00000
      7.42000      0.00000      0.00000      0.00000
      7.43000      0.00000      0.00000      0.00000
      7.44000      0.00000      0.00000      0.00000
      7.45000      0.00000      0.00000      0.00000
      7.46000      0.00000      0.00000      0.00000
      7.47000      0.00000      0.00000      0.00000
      7.48000      0.00000      0.00000      0.00000
      7.49000      0.00000      0.00000      0.00000
      7.50000      0.00000      0.00000      0.00000
      7.51000      0.00000      0.00000      0.00000
      7.52000      0.00000      0.00000      0.00000
      7.53000      0.00000      0.00000      0.00000
      7.54000      0.00000      0.00000      0.00000
      7.55000      0.00001      0.00001      0.00000
      7.56000      0.00038      0.00034      0.00004
      7.57000      0.00755      0.00673      0.00082
      7.58000      0.05785      0.05155      0.00630
      7.59000      0.18391      0.16380      0.02011
      7.60000      0.28330      0.25202      0.03128
      7.61000      0.30962      0.27469      0.03493
      7.62000      0.37550      0.33210      0.04340
      7.63000      0.43198      0.38120      0.05078
      7.64000      0.39489      0.34743      0.04746
      7.65000      0.38164      0.33451      0.04713
      7.66000      0.39647      0.34658      0.04989
      7.67000      0.32815      0.28605      0.04209
      7.68000      0.26488      0.22976      0.03512
      7.69000      0.45469      0.39322      0.06147
      7.70000      0.72841      0.62938      0.09902
      7.71000      0.68405      0.58906      0.09499
      7.72000      0.46815      0.40008      0.06807
      7.73000      0.39532      0.33244      0.06288
      7.74000      0.69985      0.57434      0.12551
      7.75000      1.18247      0.95187      0.23060
      7.76000      1.27958      1.00820      0.27138
      7.77000      1.45404      1.13618      0.31786
      7.78000      2.04218      1.60705      0.43513
      7.79000      2.32556      1.84087      0.48469
      7.80000      2.17237      1.73116      0.44121
      7.81000      1.93911      1.54965      0.38946
      7.82000      1.50448      1.19695      0.30753
      7.83000      1.07969      0.84785      0.23184
      7.84000      1.06691      0.82658      0.24033
      7.85000      1.11852      0.86800      0.25052
      7.86000      1.08419      0.84713      0.23706
      7.87000      1.15105      0.90559      0.24546
      7.88000      1.01217      0.79811      0.21407
      7.89000      0.75299      0.59180      0.16119
      7.90000      0.64570      0.50483      0.14087
      7.91000      0.70450      0.55103      0.15347
      7.92000      0.80514      0.62507      0.18007
      7.93000      0.96686      0.74282      0.22404
      7.94000      1.10450      0.85028      0.25422
      7.95000      1.08253      0.84150      0.24103
      7.96000      0.87011      0.68759      0.18252
      7.97000      0.75446      0.60069      0.15377
      7.98000      0.65968      0.51451      0.14517
      7.99000      0.52961      0.40221      0.12741
      8.00000      0.50428      0.38347      0.12081
      8.01000      0.44574      0.34518      0.10055
      8.02000      0.39472      0.30800      0.08672
      8.03000      0.60194      0.45845      0.14349
      8.04000      1.04908      0.79182      0.25726
      8.05000      1.23548      0.93660      0.29888
      8.06000      0.85239      0.65101      0.20138
      8.07000      0.39175      0.30365      0.08810
      8.08000      0.20662      0.16178      0.04484
      8.09000      0.26459      0.20245      0.06214
      8.10000      0.55697      0.42125      0.13572
      8.11000      0.75111      0.56691      0.18420
      8.12000      0.63489      0.48227      0.15262
      8.13000      0.39037      0.30131      0.08906
      8.14000      0.34552      0.26964      0.07588
      8.15000      0.49251      0.38234      0.11018
      8.16000      0.76951      0.58515      0.18436
      8.17000      1.11993      0.83356      0.28637
      8.18000      1.10284      0.81617      0.28667
      8.19000      0.68767      0.51439      0.17327
      8.20000      0.28976      0.22020      0.06957
      8.21000      0.07773      0.05949      0.01824
      8.22000      0.06416      0.04856      0.01560
      8.23000      0.29711      0.22334      0.07377
      8.24000      0.66779      0.49814      0.16965
      8.25000      0.69240      0.51202      0.18038
      8.26000      0.44738      0.33233      0.11506
      8.27000      0.40467      0.30763      0.09703
      8.28000      0.38141      0.29117      0.09024
      8.29000      0.25502      0.19290      0.06211
      8.30000      0.30550      0.22672      0.07878
      8.31000      0.65691      0.48060      0.17631
      8.32000      1.03940      0.75324      0.28616
      8.33000      0.81572      0.58954      0.22618
      8.34000      0.37675      0.27665      0.10010
      8.35000      0.26861      0.20222      0.06638
      8.36000      0.35760      0.26958      0.08803
      8.37000      0.43581      0.32940      0.10641
      8.38000      0.43654      0.32991      0.10664
      8.39000      0.51893      0.38584      0.13309
      8.40000      0.61582      0.44779      0.16803
      8.41000      0.51562      0.37189      0.14373
      8.42000      0.26857      0.19515      0.07342
      8.43000      0.12795      0.09421      0.03375
      8.44000      0.21117      0.15633      0.05485
      8.45000      0.32167      0.23800      0.08367
      8.46000      0.36689      0.26906      0.09783
      8.47000      0.55797      0.40263      0.15534
      8.48000      0.85553      0.60903      0.24650
      8.49000      0.86626      0.61570      0.25056
      8.50000      0.50638      0.36507      0.14132
      8.51000      0.29762      0.21974      0.07788
      8.52000      0.23715      0.17573      0.06142
      8.53000      0.18148      0.13308      0.04857
      8.54000      0.19152      0.14459      0.05021
      8.55000      0.30933      0.26744      0.06650
      8.56000      0.65985      0.61500      0.12482
      8.57000      0.94634      0.91069      0.17011
      8.58000      0.93693      0.98165      0.13416
      8.59000      0.99616      1.17197      0.08462
      8.60000      0.99411      1.19931      0.07226
      8.61000      0.72208      0.82594      0.07280
      8.62000      0.57302      0.59128      0.08538
      8.63000      0.60649      0.57223      0.11352
      8.64000      0.72563      0.64774      0.15102
      8.65000      1.03846      0.92805      0.21584
      8.66000      1.37443      1.21906      0.29061
      8.67000      1.15682      1.05419      0.22930
      8.68000      0.70289      0.76074      0.08029
      8.69000      0.38737      0.48744      0.01159
      8.70000      0.22760      0.29470      0.00317
      8.71000      0.27269      0.31384      0.02188
      8.72000      0.48798      0.48563      0.07379
      8.73000      0.63272      0.59820      0.11042
      8.74000      0.59153      0.54648      0.11097
      8.75000      0.59343      0.52386      0.12569
      8.76000      0.61699      0.53198      0.13619
      8.77000      0.59039      0.49518      0.13429
      8.78000      0.45619      0.37414      0.10623
      8.79000      0.40055      0.39000      0.06192
      8.80000      0.50663      0.54194      0.05411
      8.81000      0.47769      0.47910      0.06779
      8.82000      0.51213      0.45490      0.10400
      8.83000      0.80144      0.76043      0.14078
      8.84000      1.18309      1.15775      0.19222
      8.85000      1.16954      1.10916      0.20723
      8.86000      0.79202      0.74646      0.14064
      8.87000      0.55592      0.53354      0.09303
      8.88000      0.59655      0.57724      0.09667
      8.89000      0.67176      0.66220      0.10157
      8.90000      0.70284      0.73253      0.08559
      8.91000      0.92364      0.99017      0.09888
      8.92000      0.94275      0.98537      0.11463
      8.93000      0.71963      0.70131      0.11475
      8.94000      0.66722      0.59680      0.13533
      8.95000      0.54315      0.49958      0.10307
      8.96000      0.35521      0.36572      0.04591
      8.97000      0.36591      0.35599      0.05721
      8.98000      0.38813      0.32660      0.08770
      8.99000      0.34148      0.27463      0.08420
      9.00000      0.45214      0.38958      0.09817
      9.01000      0.52747      0.47604      0.10357
      9.02000      0.59167      0.53958      0.11437
      9.03000      0.83890      0.73050      0.18179
      9.04000      1.01134      0.86978      0.22499
      9.05000      0.85549      0.78245      0.16365
      9.06000      0.65713      0.66068      0.09182
      9.07000      0.42496      0.44108      0.05177
      9.08000      0.23960      0.21284      0.04904
      9.09000      0.17761      0.12790      0.05262
      9.10000      0.21666      0.14929      0.06752
      9.11000      0.32208      0.22158      0.10094
      9.12000      0.36628      0.26045      0.11117
      9.13000      0.44575      0.35744      0.11411
      9.14000      0.60578      0.53384      0.12859
      9.15000      0.62555      0.59389      0.10891
      9.16000      0.52080      0.51285      0.08020
      9.17000      0.36986      0.33070      0.07477
      9.18000      0.33475      0.25437      0.09204
      9.19000      0.45883      0.36070      0.11958
      9.20000      0.58163      0.48734      0.13513
      9.21000      0.64926      0.55003      0.14816
      9.22000      0.84154      0.69575      0.20254
      9.23000      0.90143      0.69241      0.24763
      9.24000      0.55375      0.39733      0.16861
      9.25000      0.21257      0.17156      0.05405
      9.26000      0.15216      0.17670      0.00796
      9.27000      0.17174      0.20174      0.00785
      9.28000      0.23965      0.22540      0.04300
      9.29000      0.38431      0.30153      0.10225
      9.30000      0.43559      0.34751      0.11220
      9.31000      0.45748      0.43996      0.07639
      9.32000      0.56945      0.57667      0.08048
      9.33000      0.76860      0.72514      0.13896
      9.34000      0.82187      0.71924      0.17891
      9.35000      0.52351      0.42808      0.12976
      9.36000      0.27037      0.23341      0.05976
      9.37000      0.26528      0.24211      0.05149
      9.38000      0.28003      0.24036      0.06298
      9.39000      0.30532      0.22635      0.08888
      9.40000      0.33128      0.22768      0.10688
      9.41000      0.35791      0.26308      0.10665
      9.42000      0.59111      0.48179      0.15036
      9.43000      0.82353      0.69516      0.19610
      9.44000      0.65367      0.54309      0.16015
      9.45000      0.39478      0.29569      0.11418
      9.46000      0.37333      0.26249      0.11683
      9.47000      0.42052      0.34381      0.10402
      9.48000      0.51857      0.49768      0.08652
      9.49000      0.56575      0.52617      0.10452
      9.50000      0.50247      0.43718      0.11165
      9.51000      0.45250      0.39352      0.10203
      9.52000      0.45736      0.38135      0.11202
      9.53000      0.51289      0.47546      0.09818
      9.54000      0.52807      0.56780      0.05734
      9.55000      0.52021      0.53840      0.06840
      9.56000      0.51749      0.48020      0.09883
      9.57000      0.46000      0.42689      0.08809
      9.58000      0.41795      0.35461      0.09902
      9.59000      0.32931      0.23896      0.10075
      9.60000      0.27158      0.17980      0.09297
      9.61000      0.39896      0.26007      0.13894
      9.62000      0.58009      0.37811      0.20198
      9.63000      0.54662      0.35675      0.18990
      9.64000      0.34925      0.23044      0.11959
      9.65000      0.20023      0.14849      0.05943
      9.66000      0.24501      0.22294      0.05019
      9.67000      0.30927      0.28676      0.06041
      9.68000      0.27851      0.22424      0.07310
      9.69000      0.30004      0.20373      0.09976
      9.70000      0.30911      0.20168      0.10767
      9.71000      0.30384      0.19763      0.10645
      9.72000      0.35951      0.24197      0.12118
      9.73000      0.42599      0.33463      0.11586
      9.74000      0.57619      0.56651      0.09147
      9.75000      0.82564      0.89698      0.08328
      9.76000      0.88364      0.94874      0.09714
      9.77000      0.76209      0.74120      0.12909
      9.78000      0.68168      0.60744      0.14754
      9.79000      0.59571      0.47836      0.15856
      9.80000      0.69195      0.51618      0.20700
      9.81000      0.83540      0.65541      0.23263
      9.82000      0.62263      0.54546      0.14159
      9.83000      0.33403      0.35576      0.04004
      9.84000      0.22280      0.27074      0.00598
      9.85000      0.22578      0.25085      0.01330
      9.86000      0.39625      0.36587      0.06117
      9.87000      0.65574      0.57755      0.12080
      9.88000      0.69395      0.63156      0.11598
      9.89000      0.55087      0.51115      0.08307
      9.90000      0.58399      0.51471      0.10300
      9.91000      0.76990      0.65043      0.15492
      9.92000      0.76165      0.63053      0.16272
      9.93000      0.54467      0.47357      0.09908
      9.94000      0.46094      0.43797      0.05993
      9.95000      0.61903      0.62094      0.06689
      9.96000      0.80325      0.80318      0.09163
      9.97000      0.80587      0.75649      0.12276
      9.98000      0.75982      0.68960      0.13056
      9.99000      0.84333      0.76007      0.15469
     10.00000      0.91568      0.84924      0.15895
     10.01000      0.94651      0.93011      0.12603
     10.02000      0.96741      0.96333      0.11402
     10.03000      0.92700      0.89689      0.12586
     10.04000      0.85137      0.83503      0.11125
     10.05000      0.88161      0.86921      0.11105
     10.06000      0.90775      0.84895      0.14059
     10.07000      0.81134      0.74411      0.13872
     10.08000      0.70045      0.63574      0.12512
     10.09000      0.67712      0.64835      0.08213
     10.10000      0.72955      0.75995      0.04298
     10.11000      0.80900      0.83144      0.07372
     10.12000      0.79417      0.76883      0.11074
     10.13000      0.76057      0.70827      0.11825
     10.14000      0.86033      0.79863      0.13150
     10.15000      0.87876      0.82502      0.13290
     10.16000      0.97651      0.92814      0.15370
     10.17000      0.97975      0.92167      0.16146
     10.18000      0.87263      0.81538      0.13111
     10.19000      0.85667      0.80880      0.10417
     10.20000      0.78241      0.75494      0.08194
     10.21000      0.72479      0.73765      0.06902
     10.22000      0.70886      0.72655      0.07359
     10.23000      0.77914      0.70837      0.12471
     10.24000      0.78888      0.66316      0.15132
     10.25000      0.64675      0.56721      0.10987
     10.26000      0.70614      0.67905      0.09406
     10.27000      0.83504      0.81743      0.10411
     10.28000      0.80813      0.76770      0.09662
     10.29000      0.83832      0.75122      0.11958
     10.30000      0.98424      0.88400      0.16141
     10.31000      1.34516      1.25356      0.22000
     10.32000      1.42865      1.28585      0.26201
     10.33000      1.04258      0.87508      0.21422
     10.34000      0.61804      0.53218      0.09882
     10.35000      0.41390      0.40213      0.02240
     10.36000      0.38971      0.39761      0.01637
     10.37000      0.52373      0.50392      0.06464
     10.38000      0.76802      0.68085      0.12502
     10.39000      0.94754      0.82363      0.14343
     10.40000      0.99617      0.90584      0.12571
     10.41000      0.99024      0.96943      0.10770
     10.42000      0.98507      0.94992      0.13508
     10.43000      0.87397      0.77159      0.15353
     10.44000      0.84839      0.74008      0.13402
     10.45000      1.00873      0.89703      0.15101
     10.46000      1.03644      0.89444      0.18659
     10.47000      0.83358      0.75609      0.13326
     10.48000      0.80713      0.81084      0.08284
     10.49000      0.88449      0.86376      0.11460
     10.50000      0.98618      0.90462      0.14259
     10.51000      1.18730      1.05443      0.17064
     10.52000      1.30203      1.16606      0.19925
     10.53000      1.23897      1.12346      0.20339
     10.54000      1.03199      0.94864      0.16652
     10.55000      0.83823      0.80706      0.10898
     10.56000      0.92835      0.87114      0.12153
     10.57000      1.13937      0.96625      0.20560
     10.58000      1.14599      0.91220      0.25168
     10.59000      0.82440      0.70398      0.16041
     10.60000      0.69844      0.67694      0.08088
     10.61000      0.97790      0.90751      0.13126
     10.62000      1.39175      1.27772      0.20993
     10.63000      1.52100      1.44056      0.20940
     10.64000      1.25186      1.14667      0.18603
     10.65000      0.93902      0.80041      0.16909
     10.66000      0.97174      0.85363      0.16941
     10.67000      1.31004      1.17214      0.22839
     10.68000      1.34876      1.15166      0.25884
     10.69000      1.10305      0.90551      0.22094
     10.70000      1.09272      0.91781      0.21948
     10.71000      1.41796      1.23532      0.26833
     10.72000      1.52191      1.31782      0.26914
     10.73000      1.21264      1.03384      0.20568
     10.74000      1.09509      0.92877      0.19048
     10.75000      1.26852      1.02838      0.26197
     10.76000      1.50058      1.18003      0.34026
     10.77000      1.46823      1.19740      0.30758
     10.78000      1.35676      1.11634      0.27728
     10.79000      1.28736      1.00997      0.29150
     10.80000      1.45941      1.12051      0.34180
     10.81000      2.02736      1.56937      0.46816
     10.82000      2.36033      1.88058      0.52697
     10.83000      2.73678      2.25159      0.58729
     10.84000      3.04492      2.50027      0.65545
     10.85000      2.76492      2.22119      0.61493
     10.86000      2.38850      1.90029      0.54346
     10.87000      2.18299      1.73086      0.50067
     10.88000      1.59182      1.28268      0.35721
     10.89000      0.82586      0.75237      0.14887
     10.90000      0.34631      0.38800      0.03048
     10.91000      0.11616      0.14665      0.00270
     10.92000      0.06552      0.08624      0.00010
     10.93000      0.18654      0.24680      0.00000
     10.94000      0.29349      0.38809      0.00000
     10.95000      0.23815      0.31361      0.00000
     10.96000      0.16968      0.22193      0.00000
     10.97000      0.08499      0.11090      0.00000
     10.98000      0.01947      0.02541      0.00000
     10.99000      0.01816      0.02381      0.00000
     11.00000      0.09981      0.13122      0.00000
     11.01000      0.24991      0.32992      0.00000
     11.02000      0.31997      0.42519      0.00000
     11.03000      0.36406      0.48592      0.00000
     11.04000      0.49021      0.65190      0.00000
     11.05000      0.52712      0.69971      0.00000
     11.06000      0.39147      0.52187      0.00000
     11.07000      0.22123      0.29673      0.00000
     11.08000      0.08184      0.11006      0.00000
     11.09000      0.02296      0.03067      0.00000
     11.10000      0.05743      0.07587      0.00000
     11.11000      0.13097      0.17297      0.00000
     11.12000      0.11595      0.15320      0.00000
     11.13000      0.07834      0.10412      0.00000
     11.14000      0.17230      0.23000      0.00000
     11.15000      0.26553      0.35439      0.00000
     11.16000      0.16778      0.22385      0.00000
     11.17000      0.04938      0.06583      0.00000
     11.18000      0.05983      0.07952      0.00000
     11.19000      0.16318      0.21639      0.00000
     11.20000      0.27345      0.36093      0.00000
     11.21000      0.34044      0.44842      0.00000
     11.22000      0.32171      0.42648      0.00000
     11.23000      0.28380      0.37904      0.00000
     11.24000      0.23922      0.31819      0.00000
     11.25000      0.24061      0.31862      0.00000
     11.26000      0.28810      0.38239      0.00000
     11.27000      0.26468      0.35115      0.00000
     11.28000      0.18152      0.24064      0.00000
     11.29000      0.28536      0.37939      0.00000
     11.30000      0.40098      0.53397      0.00000
     11.31000      0.26189      0.34897      0.00000
     11.32000      0.17579      0.23358      0.00000
     11.33000      0.25053      0.33218      0.00000
     11.34000      0.21391      0.28348      0.00000
     11.35000      0.07836      0.10380      0.00000
     11.36000      0.01168      0.01547      0.00000
     11.37000      0.00105      0.00139      0.00000
     11.38000      0.00807      0.01072      0.00000
     11.39000      0.06798      0.09041      0.00000
     11.40000      0.23515      0.31277      0.00000
     11.41000      0.37577      0.49962      0.00000
     11.42000      0.36215      0.48073      0.00000
     11.43000      0.33817      0.44800      0.00000
     11.44000      0.33376      0.44192      0.00000
     11.45000      0.24808      0.32859      0.00000
     11.46000      0.21770      0.28857      0.00000
     11.47000      0.24433      0.32354      0.00000
     11.48000      0.21972      0.29074      0.00000
     11.49000      0.10467      0.13851      0.00000
     11.50000      0.03220      0.04263      0.00000
     11.51000      0.06606      0.08752      0.00000
     11.52000      0.13561      0.17966      0.00000
     11.53000      0.11680      0.15471      0.00000
     11.54000      0.10053      0.13303      0.00000
     11.55000      0.15894      0.21018      0.00000
     11.56000      0.21338      0.28196      0.00000
     11.57000      0.35626      0.47048      0.00000
     11.58000      0.53914      0.71169      0.00000
     11.59000      0.58526      0.77217      0.00000
     11.60000      0.48867      0.64484      0.00000
     11.61000      0.26946      0.35579      0.00000
     11.62000      0.07540      0.09959      0.00000
     11.63000      0.01541      0.02036      0.00000
     11.64000      0.05131      0.06782      0.00000
     11.65000      0.17141      0.22635      0.00000
     11.66000      0.29073      0.38355      0.00000
     11.67000      0.30227      0.39867      0.00000
     11.68000      0.22379      0.29476      0.00000
     11.69000      0.17621      0.23088      0.00000
     11.70000      0.13042      0.17053      0.00000
     11.71000      0.09804      0.12892      0.00000
     11.72000      0.18471      0.24384      0.00000
     11.73000      0.27651      0.36475      0.00000
     11.74000      0.28213      0.37126      0.00000
     11.75000      0.25426      0.33285      0.00000
     11.76000      0.22652      0.29480      0.00000
     11.77000      0.23821      0.31030      0.00000
     11.78000      0.29516      0.38589      0.00000
     11.79000      0.21165      0.27712      0.00000
     11.80000      0.12230      0.16031      0.00000
     11.81000      0.21969      0.28836      0.00000
     11.82000      0.29475      0.38689      0.00000
     11.83000      0.25593      0.33431      0.00000
     11.84000      0.25553      0.33224      0.00000
     11.85000      0.25452      0.33202      0.00000
     11.86000      0.16391      0.21485      0.00000
     11.87000      0.08484      0.11159      0.00000
     11.88000      0.17333      0.22811      0.00000
     11.89000      0.33260      0.43681      0.00000
     11.90000      0.43187      0.56317      0.00000
     11.91000      0.46361      0.60028      0.00000
     11.92000      0.37870      0.48954      0.00000
     11.93000      0.39433      0.51137      0.00000
     11.94000      0.38770      0.50268      0.00000
     11.95000      0.24866      0.32331      0.00000
     11.96000      0.17180      0.22550      0.00000
     11.97000      0.11641      0.15341      0.00000
     11.98000      0.12887      0.16975      0.00000
     11.99000      0.19282      0.25177      0.00000
     12.00000      0.24155      0.30953      0.00000
     12.01000      0.26350      0.33354      0.00000
     12.02000      0.20878      0.26531      0.00000
     12.03000      0.19735      0.25626      0.00000
     12.04000      0.28615      0.37271      0.00000
     12.05000      0.40820      0.52660      0.00000
     12.06000      0.34332      0.43829      0.00000
     12.07000      0.14658      0.18485      0.00000
     12.08000      0.11895      0.14851      0.00000
     12.09000      0.25908      0.32632      0.00000
     12.10000      0.35289      0.44890      0.00000
     12.11000      0.24979      0.31874      0.00000
     12.12000      0.12323      0.15468      0.00000
     12.13000      0.13117      0.16279      0.00000
     12.14000      0.21885      0.27603      0.00000
     12.15000      0.31699      0.40351      0.00000
     12.16000      0.34042      0.43581      0.00000
     12.17000      0.26925      0.34527      0.00000
     12.18000      0.23976      0.30104      0.00000
     12.19000      0.31871      0.39851      0.00000
     12.20000      0.33232      0.41706      0.00000
     12.21000      0.27655      0.34527      0.00000
     12.22000      0.29979      0.37469      0.00000
     12.23000      0.24863      0.31207      0.00000
     12.24000      0.16271      0.20463      0.00000
     12.25000      0.23550      0.29269      0.00000
     12.26000      0.26581      0.32584      0.00000
     12.27000      0.21951      0.26752      0.00000
     12.28000      0.25734      0.31066      0.00000
     12.29000      0.29205      0.34586      0.00000
     12.30000      0.27160      0.32079      0.00000
     12.31000      0.19258      0.23008      0.00000
     12.32000      0.11066      0.13393      0.00000
     12.33000      0.26528      0.32739      0.00000
     12.34000      0.68541      0.85461      0.00000
     12.35000      0.74505      0.93846      0.00000
     12.36000      0.39360      0.50334      0.00000
     12.37000      0.22607      0.29355      0.00000
     12.38000      0.25416      0.32613      0.00000
     12.39000      0.39971      0.50493      0.00000
     12.40000      0.49766      0.61865      0.00000
     12.41000      0.47703      0.58216      0.00000
     12.42000      0.61457      0.73941      0.00000
     12.43000      0.79407      0.94458      0.00000
     12.44000      0.61388      0.72795      0.00000
     12.45000      0.22339      0.26545      0.00000
     12.46000      0.03450      0.04101      0.00000
     12.47000      0.01614      0.01765      0.00000
     12.48000      0.07282      0.07864      0.00000
     12.49000      0.13727      0.14823      0.00000
     12.50000      0.09527      0.10288      0.00000
     12.51000      0.02521      0.02724      0.00000
     12.52000      0.01823      0.02008      0.00000
     12.53000      0.11097      0.12415      0.00000
     12.54000      0.32854      0.37894      0.00000
     12.55000      0.50763      0.61665      0.00000
     12.56000      0.53693      0.67621      0.00000
     12.57000      0.51715      0.63847      0.00000
     12.58000      0.58587      0.69201      0.00000
