Energy-E_F (eV)    DOS (1/eV)    PDOS (1/eV)  of atom type B  N  
     -4.99000      0.62316      0.23429      0.38887
     -4.98000      0.63131      0.23747      0.39384
     -4.97000      0.93879      0.35323      0.58555
     -4.96000      1.09281      0.40577      0.68704
     -4.95000      1.12701      0.41424      0.71277
     -4.94000      1.09429      0.40518      0.68911
     -4.93000      1.10285      0.41665      0.68620
     -4.92000      1.24644      0.47486      0.77157
     -4.91000      1.19381      0.45239      0.74142
     -4.90000      0.79761      0.29948      0.49812
     -4.89000      0.59279      0.21737      0.37543
     -4.88000      0.86500      0.31158      0.55342
     -4.87000      1.27958      0.46258      0.81701
     -4.86000      1.31899      0.47965      0.83934
     -4.85000      1.17690      0.43242      0.74448
     -4.84000      1.13984      0.42357      0.71627
     -4.83000      1.13308      0.41932      0.71376
     -4.82000      1.03828      0.38433      0.65395
     -4.81000      0.96549      0.36411      0.60138
     -4.80000      1.25009      0.47159      0.77851
     -4.79000      1.55980      0.58111      0.97868
     -4.78000      1.71087      0.63182      1.07904
     -4.77000      1.96711      0.72708      1.24003
     -4.76000      1.82433      0.68334      1.14099
     -4.75000      1.31299      0.50360      0.80940
     -4.74000      0.98656      0.37700      0.60956
     -4.73000      1.06647      0.39300      0.67346
     -4.72000      1.21064      0.44047      0.77017
     -4.71000      1.12388      0.40857      0.71531
     -4.70000      1.13696      0.41811      0.71886
     -4.69000      1.35630      0.50233      0.85396
     -4.68000      1.39972      0.51545      0.88427
     -4.67000      1.42529      0.52344      0.90185
     -4.66000      1.33688      0.49260      0.84428
     -4.65000      1.06292      0.40138      0.66154
     -4.64000      0.96814      0.37613      0.59202
     -4.63000      0.98547      0.37756      0.60791
     -4.62000      0.84854      0.31482      0.53372
     -4.61000      0.74487      0.27125      0.47362
     -4.60000      0.82260      0.30124      0.52137
     -4.59000      0.82716      0.30202      0.52514
     -4.58000      0.83652      0.30141      0.53511
     -4.57000      0.96132      0.34820      0.61312
     -4.56000      0.95537      0.35245      0.60292
     -4.55000      0.91927      0.34672      0.57255
     -4.54000      1.07720      0.41139      0.66581
     -4.53000      1.25023      0.46546      0.78476
     -4.52000      1.19092      0.42683      0.76409
     -4.51000      1.04088      0.37193      0.66895
     -4.50000      0.97714      0.36282      0.61433
     -4.49000      0.92667      0.35431      0.57235
     -4.48000      0.86349      0.32703      0.53647
     -4.47000      1.00091      0.37065      0.63025
     -4.46000      1.12128      0.41195      0.70933
     -4.45000      1.01482      0.36793      0.64690
     -4.44000      0.81085      0.29070      0.52015
     -4.43000      0.59516      0.21366      0.38151
     -4.42000      0.68099      0.24595      0.43505
     -4.41000      1.03001      0.37338      0.65664
     -4.40000      1.18149      0.43573      0.74577
     -4.39000      1.06079      0.40240      0.65839
     -4.38000      1.00634      0.38481      0.62153
     -4.37000      1.01728      0.38103      0.63625
     -4.36000      0.91674      0.33636      0.58038
     -4.35000      0.86091      0.31403      0.54688
     -4.34000      0.94341      0.34522      0.59819
     -4.33000      0.96611      0.34867      0.61744
     -4.32000      0.77150      0.27515      0.49634
     -4.31000      0.64556      0.23184      0.41372
     -4.30000      0.84598      0.30333      0.54264
     -4.29000      1.10809      0.39978      0.70831
     -4.28000      1.11919      0.40959      0.70960
     -4.27000      1.02510      0.38752      0.63758
     -4.26000      0.77753      0.30278      0.47475
     -4.25000      0.53092      0.20275      0.32818
     -4.24000      0.53816      0.19802      0.34015
     -4.23000      0.69934      0.25231      0.44702
     -4.22000      0.92544      0.32961      0.59583
     -4.21000      1.11531      0.40166      0.71365
     -4.20000      1.03787      0.38386      0.65401
     -4.19000      0.75851      0.28176      0.47676
     -4.18000      0.63514      0.22906      0.40609
     -4.17000      0.59410      0.21735      0.37674
     -4.16000      0.44774      0.17001      0.27774
     -4.15000      0.49319      0.18818      0.30501
     -4.14000      0.72407      0.26668      0.45739
     -4.13000      0.77498      0.27498      0.49999
     -4.12000      0.77941      0.27183      0.50757
     -4.11000      0.89509      0.31308      0.58201
     -4.10000      1.00343      0.35641      0.64702
     -4.09000      1.03029      0.37325      0.65704
     -4.08000      0.91413      0.33525      0.57888
     -4.07000      0.83289      0.30928      0.52361
     -4.06000      0.89717      0.33165      0.56553
     -4.05000      0.89969      0.33033      0.56935
     -4.04000      0.95658      0.34893      0.60764
     -4.03000      0.96838      0.35483      0.61355
     -4.02000      0.74931      0.28225      0.46706
     -4.01000      0.62287      0.23271      0.39016
     -4.00000      0.65056      0.23400      0.41656
     -3.99000      0.52064      0.18375      0.33689
     -3.98000      0.50366      0.17289      0.33077
     -3.97000      0.66667      0.22914      0.43752
     -3.96000      0.83065      0.29531      0.53533
     -3.95000      0.87351      0.32228      0.55123
     -3.94000      0.77499      0.29034      0.48464
     -3.93000      0.70550      0.26018      0.44532
     -3.92000      0.63367      0.23194      0.40173
     -3.91000      0.64662      0.24114      0.40548
     -3.90000      0.88243      0.32910      0.55333
     -3.89000      1.21975      0.44501      0.77475
     -3.88000      1.41114      0.50260      0.90854
     -3.87000      1.15514      0.40572      0.74942
     -3.86000      0.68686      0.24297      0.44389
     -3.85000      0.50884      0.18243      0.32640
     -3.84000      0.66058      0.23593      0.42465
     -3.83000      0.83744      0.30188      0.53556
     -3.82000      0.77095      0.27833      0.49262
     -3.81000      0.53847      0.19011      0.34836
     -3.80000      0.41298      0.14439      0.26859
     -3.79000      0.61961      0.22177      0.39783
     -3.78000      0.85348      0.30775      0.54572
     -3.77000      0.88647      0.31753      0.56894
     -3.76000      0.80426      0.28724      0.51702
     -3.75000      0.59183      0.21201      0.37982
     -3.74000      0.50841      0.17947      0.32894
     -3.73000      0.64271      0.22915      0.41356
     -3.72000      0.67370      0.24587      0.42783
     -3.71000      0.69446      0.25311      0.44135
     -3.70000      0.84699      0.30141      0.54558
     -3.69000      0.95383      0.34009      0.61374
     -3.68000      0.87739      0.31663      0.56076
     -3.67000      0.69156      0.25692      0.43464
     -3.66000      0.61981      0.23361      0.38620
     -3.65000      0.70258      0.24956      0.45302
     -3.64000      0.77320      0.26377      0.50943
     -3.63000      0.71448      0.24553      0.46895
     -3.62000      0.69704      0.24782      0.44922
     -3.61000      0.92572      0.33290      0.59282
     -3.60000      1.12196      0.39894      0.72302
     -3.59000      0.92426      0.33187      0.59239
     -3.58000      0.58321      0.21437      0.36885
     -3.57000      0.50377      0.18192      0.32184
     -3.56000      0.53572      0.19098      0.34474
     -3.55000      0.60240      0.21445      0.38795
     -3.54000      0.80856      0.28890      0.51967
     -3.53000      0.81065      0.28997      0.52068
     -3.52000      0.75022      0.26407      0.48616
     -3.51000      0.89981      0.31211      0.58770
     -3.50000      0.98663      0.34378      0.64285
     -3.49000      0.78691      0.28026      0.50664
     -3.48000      0.58553      0.21210      0.37343
     -3.47000      0.46128      0.16155      0.29973
     -3.46000      0.47094      0.15914      0.31180
     -3.45000      0.39917      0.13696      0.26220
     -3.44000      0.27733      0.10000      0.17733
     -3.43000      0.33838      0.12499      0.21340
     -3.42000      0.58967      0.21199      0.37769
     -3.41000      0.80326      0.27976      0.52349
     -3.40000      0.93275      0.31827      0.61448
     -3.39000      0.89442      0.30030      0.59411
     -3.38000      0.65759      0.21860      0.43899
     -3.37000      0.66659      0.22791      0.43868
     -3.36000      0.89000      0.31662      0.57338
     -3.35000      0.81124      0.29195      0.51929
     -3.34000      0.74764      0.27096      0.47667
     -3.33000      0.89659      0.33126      0.56533
     -3.32000      0.98716      0.35504      0.63212
     -3.31000      0.99147      0.34758      0.64389
     -3.30000      0.86479      0.30697      0.55782
     -3.29000      0.58493      0.20785      0.37708
     -3.28000      0.38682      0.13722      0.24959
     -3.27000      0.45968      0.16039      0.29929
     -3.26000      0.65100      0.21544      0.43556
     -3.25000      0.69139      0.22514      0.46625
     -3.24000      0.60965      0.21029      0.39936
     -3.23000      0.60769      0.21808      0.38961
     -3.22000      0.75212      0.26319      0.48893
     -3.21000      0.85396      0.30092      0.55304
     -3.20000      0.70190      0.25540      0.44650
     -3.19000      0.57737      0.21141      0.36596
     -3.18000      0.57036      0.19859      0.37177
     -3.17000      0.58565      0.19901      0.38664
     -3.16000      0.49499      0.17496      0.32003
     -3.15000      0.26841      0.09849      0.16992
     -3.14000      0.30053      0.10622      0.19430
     -3.13000      0.75230      0.25872      0.49358
     -3.12000      1.16669      0.39486      0.77183
     -3.11000      1.38759      0.47155      0.91605
     -3.10000      1.42144      0.49267      0.92877
     -3.09000      0.99335      0.34694      0.64641
     -3.08000      0.50155      0.17111      0.33044
     -3.07000      0.42012      0.14075      0.27938
     -3.06000      0.48155      0.16095      0.32060
     -3.05000      0.39148      0.13163      0.25985
     -3.04000      0.37898      0.13409      0.24489
     -3.03000      0.49609      0.17542      0.32068
     -3.02000      0.53307      0.18124      0.35183
     -3.01000      0.67285      0.22912      0.44372
     -3.00000      0.90913      0.31490      0.59423
     -2.99000      0.80885      0.27699      0.53186
     -2.98000      0.52997      0.17989      0.35007
     -2.97000      0.54780      0.18940      0.35840
     -2.96000      0.65559      0.22409      0.43149
     -2.95000      0.62346      0.20857      0.41488
     -2.94000      0.54299      0.17939      0.36359
     -2.93000      0.51308      0.17298      0.34010
     -2.92000      0.57802      0.20090      0.37712
     -2.91000      0.82095      0.28858      0.53238
     -2.90000      1.04674      0.38054      0.66619
     -2.89000      0.94191      0.34674      0.59517
     -2.88000      0.64765      0.22424      0.42341
     -2.87000      0.61197      0.19823      0.41373
     -2.86000      0.63946      0.20584      0.43362
     -2.85000      0.58168      0.18501      0.39666
     -2.84000      0.54536      0.17921      0.36615
     -2.83000      0.50731      0.17184      0.33546
     -2.82000      0.52884      0.17474      0.35410
     -2.81000      0.75104      0.24371      0.50733
     -2.80000      0.92829      0.30519      0.62310
     -2.79000      0.95618      0.32427      0.63191
     -2.78000      0.83180      0.28796      0.54384
     -2.77000      0.60439      0.21285      0.39153
     -2.76000      0.46096      0.15426      0.30670
     -2.75000      0.38117      0.12116      0.26001
     -2.74000      0.30661      0.10145      0.20516
     -2.73000      0.36623      0.12135      0.24488
     -2.72000      0.60853      0.20218      0.40635
     -2.71000      0.82698      0.27634      0.55065
     -2.70000      0.90254      0.30064      0.60190
     -2.69000      0.94073      0.31713      0.62361
     -2.68000      0.89034      0.30619      0.58415
     -2.67000      0.68990      0.24461      0.44529
     -2.66000      0.40575      0.14413      0.26162
     -2.65000      0.33312      0.10476      0.22836
     -2.64000      0.48262      0.14750      0.33511
     -2.63000      0.63795      0.20767      0.43028
     -2.62000      0.64622      0.22424      0.42198
     -2.61000      0.63397      0.22625      0.40771
     -2.60000      0.71625      0.24917      0.46708
     -2.59000      0.63764      0.21873      0.41892
     -2.58000      0.60568      0.20332      0.40237
     -2.57000      0.73227      0.22788      0.50439
     -2.56000      0.81401      0.24453      0.56948
     -2.55000      0.74307      0.22786      0.51521
     -2.54000      0.55256      0.17636      0.37620
     -2.53000      0.46841      0.15679      0.31162
     -2.52000      0.53164      0.18431      0.34734
     -2.51000      0.72683      0.25345      0.47338
     -2.50000      0.93569      0.31670      0.61899
     -2.49000      0.98644      0.32400      0.66244
     -2.48000      0.80241      0.25682      0.54559
     -2.47000      0.49076      0.15356      0.33720
     -2.46000      0.29916      0.09359      0.20557
     -2.45000      0.40813      0.13308      0.27506
     -2.44000      0.58659      0.19487      0.39172
     -2.43000      0.56110      0.18390      0.37720
     -2.42000      0.61029      0.19635      0.41393
     -2.41000      0.82128      0.26973      0.55154
     -2.40000      0.75548      0.24996      0.50553
     -2.39000      0.53385      0.16913      0.36472
     -2.38000      0.56594      0.17171      0.39424
     -2.37000      0.63524      0.20202      0.43323
     -2.36000      0.52212      0.18251      0.33961
     -2.35000      0.48060      0.17583      0.30477
     -2.34000      0.57734      0.19913      0.37821
     -2.33000      0.76251      0.24738      0.51512
     -2.32000      0.78476      0.25371      0.53105
     -2.31000      0.64942      0.21781      0.43160
     -2.30000      0.47885      0.16092      0.31793
     -2.29000      0.51494      0.15565      0.35929
     -2.28000      0.68354      0.19666      0.48687
     -2.27000      0.72977      0.21792      0.51184
     -2.26000      0.81637      0.25747      0.55890
     -2.25000      0.93241      0.30042      0.63198
     -2.24000      0.87798      0.28058      0.59741
     -2.23000      0.60536      0.19063      0.41474
     -2.22000      0.35877      0.11191      0.24686
     -2.21000      0.29668      0.09549      0.20119
     -2.20000      0.49915      0.16703      0.33212
     -2.19000      0.81714      0.27444      0.54270
     -2.18000      0.94964      0.30868      0.64096
     -2.17000      0.75821      0.23178      0.52643
     -2.16000      0.55443      0.16930      0.38514
     -2.15000      0.54929      0.17767      0.37162
     -2.14000      0.62976      0.20010      0.42965
     -2.13000      0.70972      0.22058      0.48914
     -2.12000      0.66199      0.21037      0.45161
     -2.11000      0.58974      0.18620      0.40354
     -2.10000      0.50983      0.15307      0.35676
     -2.09000      0.45083      0.13836      0.31247
     -2.08000      0.61765      0.19742      0.42024
     -2.07000      0.79410      0.24835      0.54574
     -2.06000      0.74378      0.23523      0.50855
     -2.05000      0.53552      0.18294      0.35257
     -2.04000      0.35885      0.12738      0.23147
     -2.03000      0.37381      0.11979      0.25402
     -2.02000      0.59448      0.17780      0.41668
     -2.01000      0.67289      0.20256      0.47033
     -2.00000      0.64042      0.19582      0.44460
     -1.99000      0.76714      0.23151      0.53563
     -1.98000      0.90491      0.26666      0.63825
     -1.97000      0.85195      0.25257      0.59938
     -1.96000      0.81317      0.25474      0.55843
     -1.95000      0.84814      0.26763      0.58050
     -1.94000      0.77232      0.23269      0.53962
     -1.93000      0.58233      0.16663      0.41570
     -1.92000      0.48598      0.14622      0.33976
     -1.91000      0.52697      0.17407      0.35290
     -1.90000      0.44246      0.14720      0.29526
     -1.89000      0.38876      0.11830      0.27046
     -1.88000      0.53757      0.15666      0.38091
     -1.87000      0.83337      0.24920      0.58416
     -1.86000      0.87424      0.26575      0.60848
     -1.85000      0.69114      0.20960      0.48154
     -1.84000      0.66365      0.19872      0.46493
     -1.83000      0.68776      0.20134      0.48642
     -1.82000      0.57910      0.17220      0.40690
     -1.81000      0.54859      0.16942      0.37917
     -1.80000      0.60639      0.18218      0.42421
     -1.79000      0.54803      0.16411      0.38392
     -1.78000      0.50769      0.15070      0.35698
     -1.77000      0.51689      0.14119      0.37570
     -1.76000      0.42690      0.11013      0.31677
     -1.75000      0.18953      0.04815      0.14138
     -1.74000      0.08817      0.02212      0.06606
     -1.73000      0.23410      0.05838      0.17572
     -1.72000      0.45114      0.11259      0.33855
     -1.71000      0.54289      0.13577      0.40711
     -1.70000      0.58392      0.14652      0.43741
     -1.69000      0.65466      0.16404      0.49062
     -1.68000      0.65598      0.16365      0.49234
     -1.67000      0.49482      0.12318      0.37164
     -1.66000      0.43577      0.10802      0.32775
     -1.65000      0.53844      0.13279      0.40565
     -1.64000      0.50648      0.12464      0.38184
     -1.63000      0.33850      0.08327      0.25522
     -1.62000      0.21243      0.05227      0.16016
     -1.61000      0.19427      0.04761      0.14666
     -1.60000      0.30583      0.07420      0.23164
     -1.59000      0.51361      0.12400      0.38960
     -1.58000      0.55243      0.13304      0.41939
     -1.57000      0.46617      0.11227      0.35390
     -1.56000      0.40012      0.09670      0.30342
     -1.55000      0.46714      0.11279      0.35435
     -1.54000      0.52079      0.12530      0.39549
     -1.53000      0.40119      0.09625      0.30493
     -1.52000      0.31181      0.07436      0.23746
     -1.51000      0.43319      0.10280      0.33039
     -1.50000      0.49436      0.11681      0.37755
     -1.49000      0.35467      0.08341      0.27125
     -1.48000      0.30179      0.07092      0.23087
     -1.47000      0.33746      0.07911      0.25834
     -1.46000      0.33564      0.07798      0.25766
     -1.45000      0.35713      0.08240      0.27472
     -1.44000      0.34008      0.07848      0.26160
     -1.43000      0.35177      0.08143      0.27033
     -1.42000      0.59346      0.13769      0.45578
     -1.41000      0.82079      0.19070      0.63009
     -1.40000      0.75594      0.17536      0.58057
     -1.39000      0.60659      0.14003      0.46656
     -1.38000      0.58275      0.13377      0.44898
     -1.37000      0.52803      0.12084      0.40719
     -1.36000      0.39249      0.08952      0.30297
     -1.35000      0.43520      0.09806      0.33714
     -1.34000      0.56068      0.12530      0.43538
     -1.33000      0.55686      0.12415      0.43271
     -1.32000      0.47409      0.10562      0.36847
     -1.31000      0.41353      0.09175      0.32177
     -1.30000      0.39369      0.08677      0.30692
     -1.29000      0.34972      0.07709      0.27263
     -1.28000      0.40551      0.08971      0.31580
     -1.27000      0.63935      0.14106      0.49828
     -1.26000      0.71168      0.15619      0.55549
     -1.25000      0.62453      0.13619      0.48835
     -1.24000      0.54919      0.11872      0.43047
     -1.23000      0.52571      0.11312      0.41259
     -1.22000      0.40859      0.08771      0.32088
     -1.21000      0.41437      0.08810      0.32627
     -1.20000      0.55163      0.11654      0.43509
     -1.19000      0.46667      0.09809      0.36858
     -1.18000      0.34070      0.07141      0.26929
     -1.17000      0.36015      0.07512      0.28503
     -1.16000      0.44747      0.09244      0.35504
     -1.15000      0.59812      0.12388      0.47424
     -1.14000      0.93038      0.19502      0.73536
     -1.13000      1.05592      0.22247      0.83345
     -1.12000      0.90430      0.18949      0.71481
     -1.11000      0.81253      0.16822      0.64431
     -1.10000      0.80720      0.16505      0.64215
     -1.09000      0.77170      0.15626      0.61544
     -1.08000      0.74201      0.14913      0.59288
     -1.07000      0.71023      0.14180      0.56843
     -1.06000      0.69528      0.13758      0.55769
     -1.05000      0.74988      0.14697      0.60291
     -1.04000      0.79121      0.15374      0.63747
     -1.03000      0.86430      0.16651      0.69779
     -1.02000      1.05131      0.20142      0.84989
     -1.01000      1.24477      0.23942      1.00535
     -1.00000      1.04598      0.20374      0.84224
     -0.99000      0.69632      0.13681      0.55951
     -0.98000      0.59402      0.11539      0.47864
     -0.97000      0.68026      0.12999      0.55027
     -0.96000      0.74796      0.14140      0.60656
     -0.95000      0.54764      0.10265      0.44499
     -0.94000      0.31503      0.05821      0.25682
     -0.93000      0.23938      0.04368      0.19570
     -0.92000      0.24727      0.04494      0.20233
     -0.91000      0.30778      0.05586      0.25192
     -0.90000      0.47992      0.08746      0.39246
     -0.89000      0.97459      0.18060      0.79399
     -0.88000      1.76170      0.33110      1.43060
     -0.87000      1.77362      0.33458      1.43904
     -0.86000      0.86392      0.16175      0.70218
     -0.85000      0.32005      0.05800      0.26205
     -0.84000      0.18425      0.03248      0.15177
     -0.83000      0.19268      0.03363      0.15905
     -0.82000      0.25928      0.04522      0.21406
     -0.81000      0.25986      0.04530      0.21456
     -0.80000      0.28859      0.05017      0.23841
     -0.79000      0.32954      0.05745      0.27209
     -0.78000      0.39598      0.06938      0.32660
     -0.77000      0.59902      0.10565      0.49337
     -0.76000      0.77868      0.13777      0.64091
     -0.75000      0.68940      0.12085      0.56855
     -0.74000      0.38243      0.06582      0.31661
     -0.73000      0.22849      0.03859      0.18990
     -0.72000      0.23132      0.03877      0.19254
     -0.71000      0.28546      0.04761      0.23785
     -0.70000      0.34638      0.05759      0.28878
     -0.69000      0.42611      0.07071      0.35541
     -0.68000      0.48120      0.07982      0.40137
     -0.67000      0.55398      0.09195      0.46204
     -0.66000      0.68929      0.11492      0.57437
     -0.65000      0.83323      0.13982      0.69341
     -0.64000      0.83028      0.13868      0.69160
     -0.63000      0.54317      0.08913      0.45404
     -0.62000      0.22511      0.03611      0.18900
     -0.61000      0.11578      0.01820      0.09758
     -0.60000      0.22511      0.03516      0.18995
     -0.59000      0.29144      0.04534      0.24610
     -0.58000      0.28203      0.04348      0.23856
     -0.57000      0.39473      0.06063      0.33410
     -0.56000      0.40184      0.06190      0.33993
     -0.55000      0.35264      0.05464      0.29800
     -0.54000      0.43331      0.06702      0.36629
     -0.53000      0.42214      0.06474      0.35740
     -0.52000      0.30690      0.04620      0.26070
     -0.51000      0.25565      0.03781      0.21783
     -0.50000      0.29024      0.04247      0.24778
     -0.49000      0.35412      0.05155      0.30257
     -0.48000      0.37542      0.05435      0.32106
     -0.47000      0.38583      0.05571      0.33012
     -0.46000      0.36545      0.05292      0.31253
     -0.45000      0.45744      0.06605      0.39139
     -0.44000      0.67284      0.09622      0.57662
     -0.43000      0.63388      0.08995      0.54392
     -0.42000      0.27365      0.03861      0.23505
     -0.41000      0.08643      0.01188      0.07455
     -0.40000      0.17152      0.02300      0.14851
     -0.39000      0.29810      0.03993      0.25817
     -0.38000      0.30313      0.04026      0.26287
     -0.37000      0.33046      0.04343      0.28703
     -0.36000      0.37741      0.04965      0.32776
     -0.35000      0.33212      0.04376      0.28836
     -0.34000      0.28835      0.03761      0.25074
     -0.33000      0.25985      0.03324      0.22660
     -0.32000      0.22693      0.02854      0.19839
     -0.31000      0.24005      0.02988      0.21016
     -0.30000      0.30440      0.03750      0.26690
     -0.29000      0.39132      0.04780      0.34351
     -0.28000      0.46656      0.05657      0.41000
     -0.27000      0.50404      0.06087      0.44316
     -0.26000      0.36515      0.04404      0.32110
     -0.25000      0.21583      0.02552      0.19032
     -0.24000      0.26307      0.03021      0.23287
     -0.23000      0.24933      0.02848      0.22085
     -0.22000      0.13510      0.01526      0.11984
     -0.21000      0.20365      0.02251      0.18114
     -0.20000      0.34638      0.03808      0.30830
     -0.19000      0.35460      0.03854      0.31605
     -0.18000      0.32366      0.03462      0.28904
     -0.17000      0.24691      0.02614      0.22077
     -0.16000      0.19967      0.02078      0.17889
     -0.15000      0.27886      0.02854      0.25032
     -0.14000      0.38316      0.03881      0.34435
     -0.13000      0.36748      0.03687      0.33061
     -0.12000      0.27047      0.02668      0.24379
     -0.11000      0.21878      0.02108      0.19769
     -0.10000      0.22450      0.02123      0.20327
     -0.09000      0.24674      0.02300      0.22374
     -0.08000      0.25362      0.02331      0.23030
     -0.07000      0.22571      0.02037      0.20534
     -0.06000      0.26054      0.02292      0.23761
     -0.05000      0.34385      0.02982      0.31404
     -0.04000      0.30140      0.02587      0.27553
     -0.03000      0.20044      0.01682      0.18362
     -0.02000      0.21203      0.01727      0.19476
     -0.01000      0.22451      0.01805      0.20646
      0.00000      0.13745      0.01097      0.12648
      0.01000      0.03895      0.00310      0.03585
      0.02000      0.00444      0.00035      0.00409
      0.03000      0.00019      0.00002      0.00018
      0.04000      0.00000      0.00000      0.00000
      0.05000      0.00000      0.00000      0.00000
      0.06000      0.00000      0.00000      0.00000
      0.07000      0.00000      0.00000      0.00000
      0.08000      0.00000      0.00000      0.00000
      0.09000      0.00000      0.00000      0.00000
      0.10000      0.00000      0.00000      0.00000
      0.11000      0.00000      0.00000      0.00000
      0.12000      0.00000      0.00000      0.00000
      0.13000      0.00000      0.00000      0.00000
      0.14000      0.00000      0.00000      0.00000
      0.15000      0.00000      0.00000      0.00000
      0.16000      0.00000      0.00000      0.00000
      0.17000      0.00000      0.00000      0.00000
      0.18000      0.00000      0.00000      0.00000
      0.19000      0.00000      0.00000      0.00000
      0.20000      0.00000      0.00000      0.00000
      0.21000      0.00000      0.00000      0.00000
      0.22000      0.00000      0.00000      0.00000
      0.23000      0.00000      0.00000      0.00000
      0.24000      0.00000      0.00000      0.00000
      0.25000      0.00000      0.00000      0.00000
      0.26000      0.00000      0.00000      0.00000
      0.27000      0.00000      0.00000      0.00000
      0.28000      0.00000      0.00000      0.00000
      0.29000      0.00000      0.00000      0.00000
      0.30000      0.00000      0.00000      0.00000
      0.31000      0.00000      0.00000      0.00000
      0.32000      0.00000      0.00000      0.00000
      0.33000      0.00000      0.00000      0.00000
      0.34000      0.00000      0.00000      0.00000
      0.35000      0.00000      0.00000      0.00000
      0.36000      0.00000      0.00000      0.00000
      0.37000      0.00000      0.00000      0.00000
      0.38000      0.00000      0.00000      0.00000
      0.39000      0.00000      0.00000      0.00000
      0.40000      0.00000      0.00000      0.00000
      0.41000      0.00000      0.00000      0.00000
      0.42000      0.00000      0.00000      0.00000
      0.43000      0.00000      0.00000      0.00000
      0.44000      0.00000      0.00000      0.00000
      0.45000      0.00000      0.00000      0.00000
      0.46000      0.00000      0.00000      0.00000
      0.47000      0.00000      0.00000      0.00000
      0.48000      0.00000      0.00000      0.00000
      0.49000      0.00000      0.00000      0.00000
      0.50000      0.00000      0.00000      0.00000
      0.51000      0.00000      0.00000      0.00000
      0.52000      0.00000      0.00000      0.00000
      0.53000      0.00000      0.00000      0.00000
      0.54000      0.00000      0.00000      0.00000
      0.55000      0.00000      0.00000      0.00000
      0.56000      0.00000      0.00000      0.00000
      0.57000      0.00000      0.00000      0.00000
      0.58000      0.00000      0.00000      0.00000
      0.59000      0.00000      0.00000      0.00000
      0.60000      0.00000      0.00000      0.00000
      0.61000      0.00000      0.00000      0.00000
      0.62000      0.00000      0.00000      0.00000
      0.63000      0.00000      0.00000      0.00000
      0.64000      0.00000      0.00000      0.00000
      0.65000      0.00000      0.00000      0.00000
      0.66000      0.00000      0.00000      0.00000
      0.67000      0.00000      0.00000      0.00000
      0.68000      0.00000      0.00000      0.00000
      0.69000      0.00000      0.00000      0.00000
      0.70000      0.00000      0.00000      0.00000
      0.71000      0.00000      0.00000      0.00000
      0.72000      0.00000      0.00000      0.00000
      0.73000      0.00000      0.00000      0.00000
      0.74000      0.00000      0.00000      0.00000
      0.75000      0.00000      0.00000      0.00000
      0.76000      0.00000      0.00000      0.00000
      0.77000      0.00000      0.00000      0.00000
      0.78000      0.00000      0.00000      0.00000
      0.79000      0.00000      0.00000      0.00000
      0.80000      0.00000      0.00000      0.00000
      0.81000      0.00000      0.00000      0.00000
      0.82000      0.00000      0.00000      0.00000
      0.83000      0.00000      0.00000      0.00000
      0.84000      0.00000      0.00000      0.00000
      0.85000      0.00000      0.00000      0.00000
      0.86000      0.00000      0.00000      0.00000
      0.87000      0.00000      0.00000      0.00000
      0.88000      0.00000      0.00000      0.00000
      0.89000      0.00000      0.00000      0.00000
      0.90000      0.00000      0.00000      0.00000
      0.91000      0.00000      0.00000      0.00000
      0.92000      0.00000      0.00000      0.00000
      0.93000      0.00000      0.00000      0.00000
      0.94000      0.00000      0.00000      0.00000
      0.95000      0.00000      0.00000      0.00000
      0.96000      0.00000      0.00000      0.00000
      0.97000      0.00000      0.00000      0.00000
      0.98000      0.00000      0.00000      0.00000
      0.99000      0.00000      0.00000      0.00000
      1.00000      0.00000      0.00000      0.00000
      1.01000      0.00000      0.00000      0.00000
      1.02000      0.00000      0.00000      0.00000
      1.03000      0.00000      0.00000      0.00000
      1.04000      0.00000      0.00000      0.00000
      1.05000      0.00000      0.00000      0.00000
      1.06000      0.00000      0.00000      0.00000
      1.07000      0.00000      0.00000      0.00000
      1.08000      0.00000      0.00000      0.00000
      1.09000      0.00000      0.00000      0.00000
      1.10000      0.00000      0.00000      0.00000
      1.11000      0.00000      0.00000      0.00000
      1.12000      0.00000      0.00000      0.00000
      1.13000      0.00000      0.00000      0.00000
      1.14000      0.00000      0.00000      0.00000
      1.15000      0.00000      0.00000      0.00000
      1.16000      0.00000      0.00000      0.00000
      1.17000      0.00000      0.00000      0.00000
      1.18000      0.00000      0.00000      0.00000
      1.19000      0.00000      0.00000      0.00000
      1.20000      0.00000      0.00000      0.00000
      1.21000      0.00000      0.00000      0.00000
      1.22000      0.00000      0.00000      0.00000
      1.23000      0.00000      0.00000      0.00000
      1.24000      0.00000      0.00000      0.00000
      1.25000      0.00000      0.00000      0.00000
      1.26000      0.00000      0.00000      0.00000
      1.27000      0.00000      0.00000      0.00000
      1.28000      0.00000      0.00000      0.00000
      1.29000      0.00000      0.00000      0.00000
      1.30000      0.00000      0.00000      0.00000
      1.31000      0.00000      0.00000      0.00000
      1.32000      0.00000      0.00000      0.00000
      1.33000      0.00000      0.00000      0.00000
      1.34000      0.00000      0.00000      0.00000
      1.35000      0.00000      0.00000      0.00000
      1.36000      0.00000      0.00000      0.00000
      1.37000      0.00000      0.00000      0.00000
      1.38000      0.00000      0.00000      0.00000
      1.39000      0.00000      0.00000      0.00000
      1.40000      0.00000      0.00000      0.00000
      1.41000      0.00000      0.00000      0.00000
      1.42000      0.00000      0.00000      0.00000
      1.43000      0.00000      0.00000      0.00000
      1.44000      0.00000      0.00000      0.00000
      1.45000      0.00000      0.00000      0.00000
      1.46000      0.00000      0.00000      0.00000
      1.47000      0.00000      0.00000      0.00000
      1.48000      0.00000      0.00000      0.00000
      1.49000      0.00000      0.00000      0.00000
      1.50000      0.00000      0.00000      0.00000
      1.51000      0.00000      0.00000      0.00000
      1.52000      0.00000      0.00000      0.00000
      1.53000      0.00000      0.00000      0.00000
      1.54000      0.00000      0.00000      0.00000
      1.55000      0.00000      0.00000      0.00000
      1.56000      0.00000      0.00000      0.00000
      1.57000      0.00000      0.00000      0.00000
      1.58000      0.00000      0.00000      0.00000
      1.59000      0.00000      0.00000      0.00000
      1.60000      0.00000      0.00000      0.00000
      1.61000      0.00000      0.00000      0.00000
      1.62000      0.00000      0.00000      0.00000
      1.63000      0.00000      0.00000      0.00000
      1.64000      0.00000      0.00000      0.00000
      1.65000      0.00000      0.00000      0.00000
      1.66000      0.00000      0.00000      0.00000
      1.67000      0.00000      0.00000      0.00000
      1.68000      0.00000      0.00000      0.00000
      1.69000      0.00000      0.00000      0.00000
      1.70000      0.00000      0.00000      0.00000
      1.71000      0.00000      0.00000      0.00000
      1.72000      0.00000      0.00000      0.00000
      1.73000      0.00000      0.00000      0.00000
      1.74000      0.00000      0.00000      0.00000
      1.75000      0.00000      0.00000      0.00000
      1.76000      0.00000      0.00000      0.00000
      1.77000      0.00000      0.00000      0.00000
      1.78000      0.00000      0.00000      0.00000
      1.79000      0.00000      0.00000      0.00000
      1.80000      0.00000      0.00000      0.00000
      1.81000      0.00000      0.00000      0.00000
      1.82000      0.00000      0.00000      0.00000
      1.83000      0.00000      0.00000      0.00000
      1.84000      0.00000      0.00000      0.00000
      1.85000      0.00000      0.00000      0.00000
      1.86000      0.00000      0.00000      0.00000
      1.87000      0.00000      0.00000      0.00000
      1.88000      0.00000      0.00000      0.00000
      1.89000      0.00000      0.00000      0.00000
      1.90000      0.00000      0.00000      0.00000
      1.91000      0.00000      0.00000      0.00000
      1.92000      0.00000      0.00000      0.00000
      1.93000      0.00000      0.00000      0.00000
      1.94000      0.00000      0.00000      0.00000
      1.95000      0.00000      0.00000      0.00000
      1.96000      0.00000      0.00000      0.00000
      1.97000      0.00000      0.00000      0.00000
      1.98000      0.00000      0.00000      0.00000
      1.99000      0.00000      0.00000      0.00000
      2.00000      0.00000      0.00000      0.00000
      2.01000      0.00000      0.00000      0.00000
      2.02000      0.00000      0.00000      0.00000
      2.03000      0.00000      0.00000      0.00000
      2.04000      0.00000      0.00000      0.00000
      2.05000      0.00000      0.00000      0.00000
      2.06000      0.00000      0.00000      0.00000
      2.07000      0.00000      0.00000      0.00000
      2.08000      0.00000      0.00000      0.00000
      2.09000      0.00000      0.00000      0.00000
      2.10000      0.00000      0.00000      0.00000
      2.11000      0.00000      0.00000      0.00000
      2.12000      0.00000      0.00000      0.00000
      2.13000      0.00000      0.00000      0.00000
      2.14000      0.00000      0.00000      0.00000
      2.15000      0.00000      0.00000      0.00000
      2.16000      0.00000      0.00000      0.00000
      2.17000      0.00000      0.00000      0.00000
      2.18000      0.00000      0.00000      0.00000
      2.19000      0.00000      0.00000      0.00000
      2.20000      0.00000      0.00000      0.00000
      2.21000      0.00000      0.00000      0.00000
      2.22000      0.00000      0.00000      0.00000
      2.23000      0.00000      0.00000      0.00000
      2.24000      0.00000      0.00000      0.00000
      2.25000      0.00000      0.00000      0.00000
      2.26000      0.00000      0.00000      0.00000
      2.27000      0.00000      0.00000      0.00000
      2.28000      0.00000      0.00000      0.00000
      2.29000      0.00000      0.00000      0.00000
      2.30000      0.00000      0.00000      0.00000
      2.31000      0.00000      0.00000      0.00000
      2.32000      0.00000      0.00000      0.00000
      2.33000      0.00000      0.00000      0.00000
      2.34000      0.00000      0.00000      0.00000
      2.35000      0.00000      0.00000      0.00000
      2.36000      0.00000      0.00000      0.00000
      2.37000      0.00000      0.00000      0.00000
      2.38000      0.00000      0.00000      0.00000
      2.39000      0.00000      0.00000      0.00000
      2.40000      0.00000      0.00000      0.00000
      2.41000      0.00000      0.00000      0.00000
      2.42000      0.00000      0.00000      0.00000
      2.43000      0.00000      0.00000      0.00000
      2.44000      0.00000      0.00000      0.00000
      2.45000      0.00000      0.00000      0.00000
      2.46000      0.00000      0.00000      0.00000
      2.47000      0.00000      0.00000      0.00000
      2.48000      0.00000      0.00000      0.00000
      2.49000      0.00000      0.00000      0.00000
      2.50000      0.00000      0.00000      0.00000
      2.51000      0.00000      0.00000      0.00000
      2.52000      0.00000      0.00000      0.00000
      2.53000      0.00000      0.00000      0.00000
      2.54000      0.00000      0.00000      0.00000
      2.55000      0.00000      0.00000      0.00000
      2.56000      0.00000      0.00000      0.00000
      2.57000      0.00000      0.00000      0.00000
      2.58000      0.00000      0.00000      0.00000
      2.59000      0.00000      0.00000      0.00000
      2.60000      0.00000      0.00000      0.00000
      2.61000      0.00000      0.00000      0.00000
      2.62000      0.00000      0.00000      0.00000
      2.63000      0.00000      0.00000      0.00000
      2.64000      0.00000      0.00000      0.00000
      2.65000      0.00000      0.00000      0.00000
      2.66000      0.00000      0.00000      0.00000
      2.67000      0.00000      0.00000      0.00000
      2.68000      0.00000      0.00000      0.00000
      2.69000      0.00000      0.00000      0.00000
      2.70000      0.00000      0.00000      0.00000
      2.71000      0.00000      0.00000      0.00000
      2.72000      0.00000      0.00000      0.00000
      2.73000      0.00000      0.00000      0.00000
      2.74000      0.00000      0.00000      0.00000
      2.75000      0.00000      0.00000      0.00000
      2.76000      0.00000      0.00000      0.00000
      2.77000      0.00000      0.00000      0.00000
      2.78000      0.00000      0.00000      0.00000
      2.79000      0.00000      0.00000      0.00000
      2.80000      0.00000      0.00000      0.00000
      2.81000      0.00000      0.00000      0.00000
      2.82000      0.00000      0.00000      0.00000
      2.83000      0.00000      0.00000      0.00000
      2.84000      0.00000      0.00000      0.00000
      2.85000      0.00000      0.00000      0.00000
      2.86000      0.00000      0.00000      0.00000
      2.87000      0.00000      0.00000      0.00000
      2.88000      0.00000      0.00000      0.00000
      2.89000      0.00000      0.00000      0.00000
      2.90000      0.00000      0.00000      0.00000
      2.91000      0.00000      0.00000      0.00000
      2.92000      0.00000      0.00000      0.00000
      2.93000      0.00000      0.00000      0.00000
      2.94000      0.00000      0.00000      0.00000
      2.95000      0.00000      0.00000      0.00000
      2.96000      0.00000      0.00000      0.00000
      2.97000      0.00000      0.00000      0.00000
      2.98000      0.00000      0.00000      0.00000
      2.99000      0.00000      0.00000      0.00000
      3.00000      0.00000      0.00000      0.00000
      3.01000      0.00000      0.00000      0.00000
      3.02000      0.00000      0.00000      0.00000
      3.03000      0.00000      0.00000      0.00000
      3.04000      0.00000      0.00000      0.00000
      3.05000      0.00000      0.00000      0.00000
      3.06000      0.00000      0.00000      0.00000
      3.07000      0.00000      0.00000      0.00000
      3.08000      0.00000      0.00000      0.00000
      3.09000      0.00000      0.00000      0.00000
      3.10000      0.00000      0.00000      0.00000
      3.11000      0.00000      0.00000      0.00000
      3.12000      0.00000      0.00000      0.00000
      3.13000      0.00000      0.00000      0.00000
      3.14000      0.00000      0.00000      0.00000
      3.15000      0.00000      0.00000      0.00000
      3.16000      0.00000      0.00000      0.00000
      3.17000      0.00000      0.00000      0.00000
      3.18000      0.00000      0.00000      0.00000
      3.19000      0.00000      0.00000      0.00000
      3.20000      0.00000      0.00000      0.00000
      3.21000      0.00000      0.00000      0.00000
      3.22000      0.00000      0.00000      0.00000
      3.23000      0.00000      0.00000      0.00000
      3.24000      0.00000      0.00000      0.00000
      3.25000      0.00000      0.00000      0.00000
      3.26000      0.00000      0.00000      0.00000
      3.27000      0.00000      0.00000      0.00000
      3.28000      0.00000      0.00000      0.00000
      3.29000      0.00000      0.00000      0.00000
      3.30000      0.00000      0.00000      0.00000
      3.31000      0.00000      0.00000      0.00000
      3.32000      0.00000      0.00000      0.00000
      3.33000      0.00000      0.00000      0.00000
      3.34000      0.00000      0.00000      0.00000
      3.35000      0.00000      0.00000      0.00000
      3.36000      0.00000      0.00000      0.00000
      3.37000      0.00000      0.00000      0.00000
      3.38000      0.00000      0.00000      0.00000
      3.39000      0.00000      0.00000      0.00000
      3.40000      0.00000      0.00000      0.00000
      3.41000      0.00000      0.00000      0.00000
      3.42000      0.00000      0.00000      0.00000
      3.43000      0.00000      0.00000      0.00000
      3.44000      0.00000      0.00000      0.00000
      3.45000      0.00000      0.00000      0.00000
      3.46000      0.00000      0.00000      0.00000
      3.47000      0.00000      0.00000      0.00000
      3.48000      0.00000      0.00000      0.00000
      3.49000      0.00000      0.00000      0.00000
      3.50000      0.00000      0.00000      0.00000
      3.51000      0.00000      0.00000      0.00000
      3.52000      0.00000      0.00000      0.00000
      3.53000      0.00000      0.00000      0.00000
      3.54000      0.00000      0.00000      0.00000
      3.55000      0.00000      0.00000      0.00000
      3.56000      0.00000      0.00000      0.00000
      3.57000      0.00000      0.00000      0.00000
      3.58000      0.00000      0.00000      0.00000
      3.59000      0.00000      0.00000      0.00000
      3.60000      0.00000      0.00000      0.00000
      3.61000      0.00000      0.00000      0.00000
      3.62000      0.00000      0.00000      0.00000
      3.63000      0.00000      0.00000      0.00000
      3.64000      0.00000      0.00000      0.00000
      3.65000      0.00000      0.00000      0.00000
      3.66000      0.00000      0.00000      0.00000
      3.67000      0.00000      0.00000      0.00000
      3.68000      0.00000      0.00000      0.00000
      3.69000      0.00000      0.00000      0.00000
      3.70000      0.00000      0.00000      0.00000
      3.71000      0.00000      0.00000      0.00000
      3.72000      0.00000      0.00000      0.00000
      3.73000      0.00000      0.00000      0.00000
      3.74000      0.00000      0.00000      0.00000
      3.75000      0.00000      0.00000      0.00000
      3.76000      0.00000      0.00000      0.00000
      3.77000      0.00000      0.00000      0.00000
      3.78000      0.00000      0.00000      0.00000
      3.79000      0.00000      0.00000      0.00000
      3.80000      0.00000      0.00000      0.00000
      3.81000      0.00000      0.00000      0.00000
      3.82000      0.00000      0.00000      0.00000
      3.83000      0.00000      0.00000      0.00000
      3.84000      0.00000      0.00000      0.00000
      3.85000      0.00000      0.00000      0.00000
      3.86000      0.00000      0.00000      0.00000
      3.87000      0.00000      0.00000      0.00000
      3.88000      0.00000      0.00000      0.00000
      3.89000      0.00000      0.00000      0.00000
      3.90000      0.00000      0.00000      0.00000
      3.91000      0.00000      0.00000      0.00000
      3.92000      0.00000      0.00000      0.00000
      3.93000      0.00000      0.00000      0.00000
      3.94000      0.00000      0.00000      0.00000
      3.95000      0.00000      0.00000      0.00000
      3.96000      0.00000      0.00000      0.00000
      3.97000      0.00000      0.00000      0.00000
      3.98000      0.00000      0.00000      0.00000
      3.99000      0.00000      0.00000      0.00000
      4.00000      0.00000      0.00000      0.00000
      4.01000      0.00000      0.00000      0.00000
      4.02000      0.00000      0.00000      0.00000
      4.03000      0.00000      0.00000      0.00000
      4.04000      0.00000      0.00000      0.00000
      4.05000      0.00000      0.00000      0.00000
      4.06000      0.00000      0.00000      0.00000
      4.07000      0.00000      0.00000      0.00000
      4.08000      0.00000      0.00000      0.00000
      4.09000      0.00000      0.00000      0.00000
      4.10000      0.00000      0.00000      0.00000
      4.11000      0.00000      0.00000      0.00000
      4.12000      0.00000      0.00000      0.00000
      4.13000      0.00000      0.00000      0.00000
      4.14000      0.00000      0.00000      0.00000
      4.15000      0.00000      0.00000      0.00000
      4.16000      0.00000      0.00000      0.00000
      4.17000      0.00000      0.00000      0.00000
      4.18000      0.00000      0.00000      0.00000
      4.19000      0.00000      0.00000      0.00000
      4.20000      0.00000      0.00000      0.00000
      4.21000      0.00000      0.00000      0.00000
      4.22000      0.00000      0.00000      0.00000
      4.23000      0.00000      0.00000      0.00000
      4.24000      0.00000      0.00000      0.00000
      4.25000      0.00000      0.00000      0.00000
      4.26000      0.00000      0.00000      0.00000
      4.27000      0.00000      0.00000      0.00000
      4.28000      0.00000      0.00000      0.00000
      4.29000      0.00000      0.00000      0.00000
      4.30000      0.00000      0.00000      0.00000
      4.31000      0.00000      0.00000      0.00000
      4.32000      0.00000      0.00000      0.00000
      4.33000      0.00000      0.00000      0.00000
      4.34000      0.00000      0.00000      0.00000
      4.35000      0.00000      0.00000      0.00000
      4.36000      0.00000      0.00000      0.00000
      4.37000      0.00000      0.00000      0.00000
      4.38000      0.00000      0.00000      0.00000
      4.39000      0.00000      0.00000      0.00000
      4.40000      0.00000      0.00000      0.00000
      4.41000      0.00000      0.00000      0.00000
      4.42000      0.00000      0.00000      0.00000
      4.43000      0.00000      0.00000      0.00000
      4.44000      0.00000      0.00000      0.00000
      4.45000      0.00000      0.00000      0.00000
      4.46000      0.00000      0.00000      0.00000
      4.47000      0.00000      0.00000      0.00000
      4.48000      0.00000      0.00000      0.00000
      4.49000      0.00000      0.00000      0.00000
      4.50000      0.00000      0.00000      0.00000
      4.51000      0.00000      0.00000      0.00000
      4.52000      0.00000      0.00000      0.00000
      4.53000      0.00000      0.00000      0.00000
      4.54000      0.00000      0.00000      0.00000
      4.55000      0.00000      0.00000      0.00000
      4.56000      0.00000      0.00000      0.00000
      4.57000      0.00000      0.00000      0.00000
      4.58000      0.00000      0.00000      0.00000
      4.59000      0.00000      0.00000      0.00000
      4.60000      0.00000      0.00000      0.00000
      4.61000      0.00000      0.00000      0.00000
      4.62000      0.00000      0.00000      0.00000
      4.63000      0.00000      0.00000      0.00000
      4.64000      0.00000      0.00000      0.00000
      4.65000      0.00000      0.00000      0.00000
      4.66000      0.00000      0.00000      0.00000
      4.67000      0.00000      0.00000      0.00000
      4.68000      0.00000      0.00000      0.00000
      4.69000      0.00000      0.00000      0.00000
      4.70000      0.00000      0.00000      0.00000
      4.71000      0.00000      0.00000      0.00000
      4.72000      0.00000      0.00000      0.00000
      4.73000      0.00000      0.00000      0.00000
      4.74000      0.00000      0.00000      0.00000
      4.75000      0.00000      0.00000      0.00000
      4.76000      0.00000      0.00000      0.00000
      4.77000      0.00000      0.00000      0.00000
      4.78000      0.00000      0.00000      0.00000
      4.79000      0.00000      0.00000      0.00000
      4.80000      0.00000      0.00000      0.00000
      4.81000      0.00000      0.00000      0.00000
      4.82000      0.00000      0.00000      0.00000
      4.83000      0.00000      0.00000      0.00000
      4.84000      0.00000      0.00000      0.00000
      4.85000      0.00000      0.00000      0.00000
      4.86000      0.00000      0.00000      0.00000
      4.87000      0.00000      0.00000      0.00000
      4.88000      0.00000      0.00000      0.00000
      4.89000      0.00000      0.00000      0.00000
      4.90000      0.00000      0.00000      0.00000
      4.91000      0.00000      0.00000      0.00000
      4.92000      0.00000      0.00000      0.00000
      4.93000      0.00000      0.00000      0.00000
      4.94000      0.00000      0.00000      0.00000
      4.95000      0.00000      0.00000      0.00000
      4.96000      0.00000      0.00000      0.00000
      4.97000      0.00000      0.00000      0.00000
      4.98000      0.00000      0.00000      0.00000
      4.99000      0.00000      0.00000      0.00000
      5.00000      0.00000      0.00000      0.00000
      5.01000      0.00000      0.00000      0.00000
      5.02000      0.00000      0.00000      0.00000
      5.03000      0.00000      0.00000      0.00000
      5.04000      0.00000      0.00000      0.00000
      5.05000      0.00000      0.00000      0.00000
      5.06000      0.00000      0.00000      0.00000
      5.07000      0.00000      0.00000      0.00000
      5.08000      0.00000      0.00000      0.00000
      5.09000      0.00000      0.00000      0.00000
      5.10000      0.00000      0.00000      0.00000
      5.11000      0.00000      0.00000      0.00000
      5.12000      0.00000      0.00000      0.00000
      5.13000      0.00000      0.00000      0.00000
      5.14000      0.00000      0.00000      0.00000
      5.15000      0.00000      0.00000      0.00000
      5.16000      0.00000      0.00000      0.00000
      5.17000      0.00000      0.00000      0.00000
      5.18000      0.00000      0.00000      0.00000
      5.19000      0.00000      0.00000      0.00000
      5.20000      0.00000      0.00000      0.00000
      5.21000      0.00000      0.00000      0.00000
      5.22000      0.00000      0.00000      0.00000
      5.23000      0.00000      0.00000      0.00000
      5.24000      0.00000      0.00000      0.00000
      5.25000      0.00000      0.00000      0.00000
      5.26000      0.00000      0.00000      0.00000
      5.27000      0.00000      0.00000      0.00000
      5.28000      0.00000      0.00000      0.00000
      5.29000      0.00000      0.00000      0.00000
      5.30000      0.00000      0.00000      0.00000
      5.31000      0.00000      0.00000      0.00000
      5.32000      0.00000      0.00000      0.00000
      5.33000      0.00000      0.00000      0.00000
      5.34000      0.00000      0.00000      0.00000
      5.35000      0.00000      0.00000      0.00000
      5.36000      0.00000      0.00000      0.00000
      5.37000      0.00000      0.00000      0.00000
      5.38000      0.00000      0.00000      0.00000
      5.39000      0.00000      0.00000      0.00000
      5.40000      0.00000      0.00000      0.00000
      5.41000      0.00000      0.00000      0.00000
      5.42000      0.00000      0.00000      0.00000
      5.43000      0.00000      0.00000      0.00000
      5.44000      0.00000      0.00000      0.00000
      5.45000      0.00000      0.00000      0.00000
      5.46000      0.00000      0.00000      0.00000
      5.47000      0.00000      0.00000      0.00000
      5.48000      0.00000      0.00000      0.00000
      5.49000      0.00000      0.00000      0.00000
      5.50000      0.00000      0.00000      0.00000
      5.51000      0.00000      0.00000      0.00000
      5.52000      0.00000      0.00000      0.00000
      5.53000      0.00000      0.00000      0.00000
      5.54000      0.00000      0.00000      0.00000
      5.55000      0.00000      0.00000      0.00000
      5.56000      0.00000      0.00000      0.00000
      5.57000      0.00000      0.00000      0.00000
      5.58000      0.00000      0.00000      0.00000
      5.59000      0.00000      0.00000      0.00000
      5.60000      0.00000      0.00000      0.00000
      5.61000      0.00000      0.00000      0.00000
      5.62000      0.00000      0.00000      0.00000
      5.63000      0.00000      0.00000      0.00000
      5.64000      0.00000      0.00000      0.00000
      5.65000      0.00000      0.00000      0.00000
      5.66000      0.00000      0.00000      0.00000
      5.67000      0.00000      0.00000      0.00000
      5.68000      0.00000      0.00000      0.00000
      5.69000      0.00000      0.00000      0.00000
      5.70000      0.00000      0.00000      0.00000
      5.71000      0.00000      0.00000      0.00000
      5.72000      0.00000      0.00000      0.00000
      5.73000      0.00000      0.00000      0.00000
      5.74000      0.00000      0.00000      0.00000
      5.75000      0.00000      0.00000      0.00000
      5.76000      0.00000      0.00000      0.00000
      5.77000      0.00000      0.00000      0.00000
      5.78000      0.00000      0.00000      0.00000
      5.79000      0.00000      0.00000      0.00000
      5.80000      0.00000      0.00000      0.00000
      5.81000      0.00000      0.00000      0.00000
      5.82000      0.00000      0.00000      0.00000
      5.83000      0.00000      0.00000      0.00000
      5.84000      0.00000      0.00000      0.00000
      5.85000      0.00000      0.00000      0.00000
      5.86000      0.00000      0.00000      0.00000
      5.87000      0.00000      0.00000      0.00000
      5.88000      0.00000      0.00000      0.00000
      5.89000      0.00000      0.00000      0.00000
      5.90000      0.00000      0.00000      0.00000
      5.91000      0.00000      0.00000      0.00000
      5.92000      0.00000      0.00000      0.00000
      5.93000      0.00000      0.00000      0.00000
      5.94000      0.00000      0.00000      0.00000
      5.95000      0.00000      0.00000      0.00000
      5.96000      0.00000      0.00000      0.00000
      5.97000      0.00000      0.00000      0.00000
      5.98000      0.00000      0.00000      0.00000
      5.99000      0.00000      0.00000      0.00000
      6.00000      0.00000      0.00000      0.00000
      6.01000      0.00000      0.00000      0.00000
      6.02000      0.00000      0.00000      0.00000
      6.03000      0.00000      0.00000      0.00000
      6.04000      0.00000      0.00000      0.00000
      6.05000      0.00000      0.00000      0.00000
      6.06000      0.00000      0.00000      0.00000
      6.07000      0.00000      0.00000      0.00000
      6.08000      0.00000      0.00000      0.00000
      6.09000      0.00000      0.00000      0.00000
      6.10000      0.00000      0.00000      0.00000
      6.11000      0.00000      0.00000      0.00000
      6.12000      0.00000      0.00000      0.00000
      6.13000      0.00000      0.00000      0.00000
      6.14000      0.00000      0.00000      0.00000
      6.15000      0.00000      0.00000      0.00000
      6.16000      0.00000      0.00000      0.00000
      6.17000      0.00000      0.00000      0.00000
      6.18000      0.00000      0.00000      0.00000
      6.19000      0.00000      0.00000      0.00000
      6.20000      0.00000      0.00000      0.00000
      6.21000      0.00000      0.00000      0.00000
      6.22000      0.00000      0.00000      0.00000
      6.23000      0.00000      0.00000      0.00000
      6.24000      0.00000      0.00000      0.00000
      6.25000      0.00000      0.00000      0.00000
      6.26000      0.00000      0.00000      0.00000
      6.27000      0.00000      0.00000      0.00000
      6.28000      0.00000      0.00000      0.00000
      6.29000      0.00000      0.00000      0.00000
      6.30000      0.00000      0.00000      0.00000
      6.31000      0.00000      0.00000      0.00000
      6.32000      0.00000      0.00000      0.00000
      6.33000      0.00000      0.00000      0.00000
      6.34000      0.00000      0.00000      0.00000
      6.35000      0.00000      0.00000      0.00000
      6.36000      0.00000      0.00000      0.00000
      6.37000      0.00000      0.00000      0.00000
      6.38000      0.00000      0.00000      0.00000
      6.39000      0.00000      0.00000      0.00000
      6.40000      0.00000      0.00000      0.00000
      6.41000      0.00000      0.00000      0.00000
      6.42000      0.00000      0.00000      0.00000
      6.43000      0.00000      0.00000      0.00000
      6.44000      0.00000      0.00000      0.00000
      6.45000      0.00000      0.00000      0.00000
      6.46000      0.00000      0.00000      0.00000
      6.47000      0.00000      0.00000      0.00000
      6.48000      0.00000      0.00000      0.00000
      6.49000      0.00000      0.00000      0.00000
      6.50000      0.00000      0.00000      0.00000
      6.51000      0.00000      0.00000      0.00000
      6.52000      0.00000      0.00000      0.00000
      6.53000      0.00000      0.00000      0.00000
      6.54000      0.00000      0.00000      0.00000
      6.55000      0.00000      0.00000      0.00000
      6.56000      0.00000      0.00000      0.00000
      6.57000      0.00000      0.00000      0.00000
      6.58000      0.00000      0.00000      0.00000
      6.59000      0.00000      0.00000      0.00000
      6.60000      0.00000      0.00000      0.00000
      6.61000      0.00000      0.00000      0.00000
      6.62000      0.00000      0.00000      0.00000
      6.63000      0.00000      0.00000      0.00000
      6.64000      0.00000      0.00000      0.00000
      6.65000      0.00000      0.00000      0.00000
      6.66000      0.00000      0.00000      0.00000
      6.67000      0.00000      0.00000      0.00000
      6.68000      0.00000      0.00000      0.00000
      6.69000      0.00000      0.00000      0.00000
      6.70000      0.00000      0.00000      0.00000
      6.71000      0.00000      0.00000      0.00000
      6.72000      0.00000      0.00000      0.00000
      6.73000      0.00000      0.00000      0.00000
      6.74000      0.00000      0.00000      0.00000
      6.75000      0.00000      0.00000      0.00000
      6.76000      0.00000      0.00000      0.00000
      6.77000      0.00000      0.00000      0.00000
      6.78000      0.00000      0.00000      0.00000
      6.79000      0.00000      0.00000      0.00000
      6.80000      0.00000      0.00000      0.00000
      6.81000      0.00000      0.00000      0.00000
      6.82000      0.00000      0.00000      0.00000
      6.83000      0.00000      0.00000      0.00000
      6.84000      0.00000      0.00000      0.00000
      6.85000      0.00000      0.00000      0.00000
      6.86000      0.00000      0.00000      0.00000
      6.87000      0.00000      0.00000      0.00000
      6.88000      0.00000      0.00000      0.00000
      6.89000      0.00000      0.00000      0.00000
      6.90000      0.00000      0.00000      0.00000
      6.91000      0.00000      0.00000      0.00000
      6.92000      0.00000      0.00000      0.00000
      6.93000      0.00000      0.00000      0.00000
      6.94000      0.00000      0.00000      0.00000
      6.95000      0.00000      0.00000      0.00000
      6.96000      0.00000      0.00000      0.00000
      6.97000      0.00000      0.00000      0.00000
      6.98000      0.00000      0.00000      0.00000
      6.99000      0.00000      0.00000      0.00000
      7.00000      0.00000      0.00000      0.00000
      7.01000      0.00000      0.00000      0.00000
      7.02000      0.00000      0.00000      0.00000
      7.03000      0.00000      0.00000      0.00000
      7.04000      0.00000      0.00000      0.00000
      7.05000      0.00000      0.00000      0.00000
      7.06000      0.00000      0.00000      0.00000
      7.07000      0.00000      0.00000      0.00000
      7.08000      0.00000      0.00000      0.00000
      7.09000      0.00000      0.00000      0.00000
      7.10000      0.00000      0.00000      0.00000
      7.11000      0.00000      0.00000      0.00000
      7.12000      0.00000      0.00000      0.00000
      7.13000      0.00000      0.00000      0.00000
      7.14000      0.00000      0.00000      0.00000
      7.15000      0.00000      0.00000      0.00000
      7.16000      0.00000      0.00000      0.00000
      7.17000      0.00000      0.00000      0.00000
      7.18000      0.00000      0.00000      0.00000
      7.19000      0.00000      0.00000      0.00000
      7.20000      0.00000      0.00000      0.00000
      7.21000      0.00000      0.00000      0.00000
      7.22000      0.00000      0.00000      0.00000
      7.23000      0.00000      0.00000      0.00000
      7.24000      0.00000      0.00000      0.00000
      7.25000      0.00000      0.00000      0.00000
      7.26000      0.00000      0.00000      0.00000
      7.27000      0.00000      0.00000      0.00000
      7.28000      0.00000      0.00000      0.00000
      7.29000      0.00000      0.00000      0.00000
      7.30000      0.00000      0.00000      0.00000
      7.31000      0.00000      0.00000      0.00000
      7.32000      0.00000      0.00000      0.00000
      7.33000      0.00000      0.00000      0.00000
      7.34000      0.00000      0.00000      0.00000
      7.35000      0.00000      0.00000      0.00000
      7.36000      0.00000      0.00000      0.00000
      7.37000      0.00000      0.00000      0.00000
      7.38000      0.00000      0.00000      0.00000
      7.39000      0.00000      0.00000      0.00000
      7.40000      0.00000      0.00000      0.00000
      7.41000      0.00000      0.00000      0.00000
      7.42000      0.00000      0.00000      0.00000
      7.43000      0.00000      0.00000      0.00000
      7.44000      0.00000      0.00000      0.00000
      7.45000      0.00000      0.00000      0.00000
      7.46000      0.00000      0.00000      0.00000
      7.47000      0.00000      0.00000      0.00000
      7.48000      0.00000      0.00000      0.00000
      7.49000      0.00000      0.00000      0.00000
      7.50000      0.00000      0.00000      0.00000
      7.51000      0.00000      0.00000      0.00000
      7.52000      0.00000      0.00000      0.00000
      7.53000      0.00000      0.00000      0.00000
      7.54000      0.00000      0.00000      0.00000
      7.55000      0.00026      0.00024      0.00003
      7.56000      0.00577      0.00515      0.00063
      7.57000      0.04878      0.04347      0.00531
      7.58000      0.16928      0.15078      0.01850
      7.59000      0.27827      0.24759      0.03068
      7.60000      0.30814      0.27347      0.03468
      7.61000      0.36865      0.32613      0.04252
      7.62000      0.43185      0.38117      0.05069
      7.63000      0.40066      0.35262      0.04804
      7.64000      0.38114      0.33417      0.04697
      7.65000      0.39809      0.34807      0.05002
      7.66000      0.33797      0.29470      0.04327
      7.67000      0.26620      0.23101      0.03519
      7.68000      0.43612      0.37718      0.05894
      7.69000      0.71916      0.62145      0.09771
      7.70000      0.69745      0.60079      0.09666
      7.71000      0.48156      0.41177      0.06979
      7.72000      0.39501      0.33243      0.06258
      7.73000      0.68145      0.55932      0.12214
      7.74000      1.17652      0.94756      0.22896
      7.75000      1.29089      1.01819      0.27270
      7.76000      1.45082      1.13374      0.31708
      7.77000      2.03416      1.60039      0.43377
      7.78000      2.32992      1.84409      0.48583
      7.79000      2.18091      1.73780      0.44311
      7.80000      1.94956      1.55808      0.39148
      7.81000      1.51571      1.20613      0.30959
      7.82000      1.08699      0.85376      0.23323
      7.83000      1.06972      0.82878      0.24095
      7.84000      1.12114      0.87001      0.25113
      7.85000      1.08824      0.85031      0.23793
      7.86000      1.15323      0.90722      0.24600
      7.87000      1.01290      0.79861      0.21429
      7.88000      0.75587      0.59411      0.16176
      7.89000      0.65087      0.50901      0.14186
      7.90000      0.70731      0.55325      0.15406
      7.91000      0.80930      0.62808      0.18121
      7.92000      0.97493      0.74898      0.22595
      7.93000      1.11130      0.85576      0.25554
      7.94000      1.08088      0.84063      0.24025
      7.95000      0.86778      0.68615      0.18162
      7.96000      0.75739      0.60258      0.15481
      7.97000      0.65729      0.51182      0.14546
      7.98000      0.52895      0.40147      0.12748
      7.99000      0.50262      0.38256      0.12005
      8.00000      0.43821      0.33978      0.09843
      8.01000      0.39914      0.31116      0.08798
      8.02000      0.63135      0.48024      0.15111
      8.03000      1.08163      0.81652      0.26512
      8.04000      1.22678      0.93039      0.29639
      8.05000      0.81326      0.62159      0.19167
      8.06000      0.36969      0.28695      0.08274
      8.07000      0.20480      0.16014      0.04466
      8.08000      0.29126      0.22235      0.06891
      8.09000      0.59234      0.44771      0.14463
      8.10000      0.75355      0.56888      0.18467
      8.11000      0.60666      0.46153      0.14513
      8.12000      0.37222      0.28794      0.08428
      8.13000      0.35841      0.27974      0.07867
      8.14000      0.51961      0.40270      0.11692
      8.15000      0.81804      0.62008      0.19796
      8.16000      1.14888      0.85365      0.29523
      8.17000      1.06659      0.78983      0.27676
      8.18000      0.62972      0.47206      0.15766
      8.19000      0.24917      0.18963      0.05955
      8.20000      0.06383      0.04884      0.01499
      8.21000      0.08404      0.06348      0.02056
      8.22000      0.36180      0.27159      0.09021
      8.23000      0.70965      0.52849      0.18115
      8.24000      0.65485      0.48389      0.17096
      8.25000      0.42137      0.31432      0.10705
      8.26000      0.41154      0.31353      0.09800
      8.27000      0.36003      0.27466      0.08536
      8.28000      0.24620      0.18560      0.06060
      8.29000      0.35082      0.25955      0.09127
      8.30000      0.75257      0.54935      0.20322
      8.31000      1.05215      0.76158      0.29057
      8.32000      0.71847      0.51981      0.19866
      8.33000      0.33116      0.24474      0.08642
      8.34000      0.28070      0.21154      0.06915
      8.35000      0.38394      0.28953      0.09441
      8.36000      0.43929      0.33225      0.10705
      8.37000      0.44851      0.33819      0.11032
      8.38000      0.55345      0.40912      0.14432
      8.39000      0.61627      0.44652      0.16974
      8.40000      0.45965      0.33179      0.12786
      8.41000      0.21548      0.15707      0.05841
      8.42000      0.13146      0.09703      0.03443
      8.43000      0.24944      0.18470      0.06474
      8.44000      0.33306      0.24612      0.08694
      8.45000      0.40175      0.29344      0.10831
      8.46000      0.64078      0.46035      0.18044
      8.47000      0.90903      0.64597      0.26306
      8.48000      0.78410      0.55853      0.22557
      8.49000      0.42201      0.30637      0.11564
      8.50000      0.27978      0.20723      0.07255
      8.51000      0.21806      0.16124      0.05685
      8.52000      0.17974      0.13226      0.04827
      8.53000      0.21352      0.16991      0.05261
      8.54000      0.38598      0.34282      0.08083
      8.55000      0.67084      0.58734      0.14618
      8.56000      0.73095      0.62478      0.16723
      8.57000      0.60868      0.57238      0.11525
      8.58000      0.61724      0.66318      0.07784
      8.59000      0.74276      0.84625      0.07207
      8.60000      0.70679      0.78833      0.07559
      8.61000      0.52788      0.50079      0.09425
      8.62000      0.53210      0.43443      0.12589
      8.63000      0.78727      0.68607      0.16969
      8.64000      1.21751      1.10300      0.24801
      8.65000      1.46352      1.34696      0.29014
      8.66000      1.09774      1.10664      0.17412
      8.67000      0.60520      0.72484      0.04443
      8.68000      0.41174      0.54837      0.00499
      8.69000      0.33109      0.43197      0.00675
      8.70000      0.38652      0.43679      0.03913
      8.71000      0.53235      0.51623      0.09379
      8.72000      0.56212      0.51206      0.11213
      8.73000      0.58057      0.52818      0.11526
      8.74000      0.68770      0.63221      0.13286
      8.75000      0.80141      0.76862      0.13678
      8.76000      0.80895      0.79469      0.12826
      8.77000      0.61024      0.62381      0.08611
      8.78000      0.35932      0.36013      0.05487
      8.79000      0.28823      0.25975      0.05808
      8.80000      0.34255      0.28179      0.08189
      8.81000      0.46437      0.36312      0.12059
      8.82000      0.67594      0.56092      0.16135
      8.83000      0.94909      0.82232      0.21055
      8.84000      0.93310      0.85199      0.18374
      8.85000      0.71536      0.70417      0.11280
      8.86000      0.62134      0.62155      0.09116
      8.87000      0.64933      0.63153      0.10279
      8.88000      0.73129      0.75186      0.09431
      8.89000      0.87578      0.94903      0.08800
      8.90000      0.87421      0.90409      0.11041
      8.91000      0.61760      0.57200      0.11318
      8.92000      0.49934      0.40056      0.12519
      8.93000      0.45681      0.33950      0.12981
      8.94000      0.30952      0.26340      0.07038
      8.95000      0.36621      0.38518      0.04335
      8.96000      0.59824      0.61593      0.07673
      8.97000      0.65317      0.66373      0.08755
      8.98000      0.57419      0.56069      0.08904
      8.99000      0.50663      0.44675      0.10477
      9.00000      0.38677      0.29891      0.10362
      9.01000      0.45674      0.31512      0.14401
      9.02000      0.67508      0.45820      0.21704
      9.03000      0.63595      0.43414      0.20248
      9.04000      0.41348      0.29665      0.12276
      9.05000      0.30019      0.25695      0.06648
      9.06000      0.33776      0.34209      0.04731
      9.07000      0.45211      0.47886      0.05220
      9.08000      0.51190      0.54306      0.05764
      9.09000      0.61340      0.61602      0.08732
      9.10000      0.68704      0.66827      0.11055
      9.11000      0.62430      0.59034      0.11071
      9.12000      0.61245      0.55005      0.12452
      9.13000      0.68369      0.64328      0.12212
      9.14000      0.69564      0.71423      0.09071
      9.15000      0.57266      0.58657      0.07478
      9.16000      0.39105      0.34137      0.08321
      9.17000      0.36403      0.25997      0.10926
      9.18000      0.41441      0.28363      0.13116
      9.19000      0.44471      0.30577      0.14058
      9.20000      0.59441      0.43372      0.17521
      9.21000      0.92855      0.73761      0.24092
      9.22000      0.90533      0.75912      0.21311
      9.23000      0.41697      0.35830      0.09355
      9.24000      0.08398      0.07289      0.01847
      9.25000      0.03414      0.03473      0.00463
      9.26000      0.17962      0.18048      0.02553
      9.27000      0.49682      0.47746      0.08273
      9.28000      0.66058      0.62153      0.11756
      9.29000      0.56395      0.55217      0.08891
      9.30000      0.48249      0.48197      0.07146
      9.31000      0.55045      0.48763      0.11656
      9.32000      0.70838      0.58262      0.17448
      9.33000      0.67710      0.57505      0.15583
      9.34000      0.52938      0.52893      0.07729
      9.35000      0.51291      0.55968      0.04891
      9.36000      0.50626      0.53447      0.05930
      9.37000      0.45606      0.43688      0.07889
      9.38000      0.40147      0.32001      0.10529
      9.39000      0.34214      0.24815      0.10365
      9.40000      0.50621      0.40735      0.13143
      9.41000      0.84629      0.73497      0.18945
      9.42000      0.86547      0.77431      0.18065
      9.43000      0.62544      0.57040      0.12435
      9.44000      0.61220      0.57071      0.11547
      9.45000      0.61460      0.58104      0.11170
      9.46000      0.40222      0.35208      0.08829
      9.47000      0.32230      0.23088      0.09861
      9.48000      0.33704      0.22541      0.11234
      9.49000      0.31363      0.21398      0.10281
      9.50000      0.37964      0.28928      0.10825
      9.51000      0.44515      0.37528      0.10730
      9.52000      0.30069      0.26372      0.06684
      9.53000      0.24402      0.20085      0.06079
      9.54000      0.40346      0.33868      0.09583
      9.55000      0.43663      0.38825      0.09120
      9.56000      0.45092      0.40241      0.09366
      9.57000      0.48730      0.43274      0.10365
      9.58000      0.45869      0.42273      0.09098
      9.59000      0.58614      0.52819      0.12303
      9.60000      0.83718      0.72372      0.19103
      9.61000      0.81248      0.67135      0.20220
      9.62000      0.48524      0.36830      0.13893
      9.63000      0.24387      0.18529      0.06977
      9.64000      0.27172      0.25888      0.04864
      9.65000      0.46075      0.48027      0.05942
      9.66000      0.64977      0.70494      0.06976
      9.67000      0.79107      0.84165      0.09509
      9.68000      0.69996      0.70197      0.10701
      9.69000      0.54875      0.51079      0.10510
      9.70000      0.48126      0.40071      0.11866
      9.71000      0.39135      0.28381      0.12031
      9.72000      0.30655      0.21870      0.09643
      9.73000      0.34333      0.28680      0.08466
      9.74000      0.43318      0.38559      0.09344
      9.75000      0.50293      0.41928      0.12399
      9.76000      0.57291      0.46913      0.14593
      9.77000      0.73043      0.65735      0.15393
      9.78000      0.93430      0.84540      0.19579
      9.79000      0.89098      0.72091      0.23509
      9.80000      0.51576      0.37004      0.16264
      9.81000      0.15778      0.10581      0.05391
      9.82000      0.03426      0.02848      0.00857
      9.83000      0.10682      0.11809      0.01004
      9.84000      0.38901      0.40221      0.05153
      9.85000      0.67652      0.64544      0.11571
      9.86000      0.72172      0.67477      0.12163
      9.87000      0.65912      0.64629      0.08433
      9.88000      0.64409      0.60138      0.09640
      9.89000      0.71267      0.59512      0.15147
      9.90000      0.75472      0.61648      0.16840
      9.91000      0.63313      0.56109      0.10694
      9.92000      0.47512      0.44710      0.05995
      9.93000      0.44524      0.40685      0.06540
      9.94000      0.51167      0.45257      0.08803
      9.95000      0.69534      0.62427      0.11984
      9.96000      0.87091      0.82614      0.12738
      9.97000      0.94937      0.89063      0.15102
      9.98000      0.90889      0.82226      0.16382
      9.99000      0.70031      0.61458      0.13195
     10.00000      0.55984      0.46932      0.11521
     10.01000      0.66791      0.57157      0.12702
     10.02000      0.80188      0.74875      0.11364
     10.03000      0.91265      0.90318      0.10856
     10.04000      0.91992      0.87542      0.13694
     10.05000      0.80994      0.73445      0.13778
     10.06000      0.73874      0.66166      0.12622
     10.07000      0.54238      0.48667      0.08906
     10.08000      0.39062      0.38093      0.04578
     10.09000      0.73796      0.75363      0.07090
     10.10000      1.19708      1.24512      0.10926
     10.11000      1.24933      1.32036      0.11513
     10.12000      0.99952      0.99680      0.12925
     10.13000      0.80106      0.73903      0.13124
     10.14000      0.88943      0.80532      0.15131
     10.15000      0.87346      0.75781      0.16616
     10.16000      0.66394      0.55151      0.13659
     10.17000      0.52650      0.43562      0.10574
     10.18000      0.52298      0.45921      0.08131
     10.19000      0.64802      0.60742      0.06909
     10.20000      0.73907      0.71182      0.07290
     10.21000      0.84488      0.79343      0.11958
     10.22000      0.89225      0.82110      0.15044
     10.23000      0.82558      0.78922      0.11427
     10.24000      0.80546      0.78508      0.09532
     10.25000      0.77026      0.73655      0.10427
     10.26000      0.69767      0.66538      0.09709
     10.27000      0.70532      0.63115      0.11708
     10.28000      0.84185      0.70687      0.15718
     10.29000      1.04573      0.85026      0.21278
     10.30000      1.12739      0.88610      0.25956
     10.31000      1.08287      0.90325      0.22317
     10.32000      0.91214      0.89389      0.10905
     10.33000      0.66823      0.73639      0.02553
     10.34000      0.64279      0.72104      0.01375
     10.35000      0.90392      0.97450      0.05732
     10.36000      0.93886      0.91619      0.12101
     10.37000      0.70774      0.59538      0.14430
     10.38000      0.67317      0.55238      0.12905
     10.39000      0.82983      0.73738      0.10839
     10.40000      1.03272      0.94010      0.13223
     10.41000      1.00089      0.89685      0.15190
     10.42000      0.80130      0.71315      0.13069
     10.43000      0.88745      0.81312      0.14049
     10.44000      1.16875      1.06911      0.18387
     10.45000      1.06318      0.98285      0.14464
     10.46000      0.71941      0.67303      0.08317
     10.47000      0.71007      0.64461      0.10791
     10.48000      0.91247      0.85067      0.13710
     10.49000      1.02243      0.97056      0.15462
     10.50000      1.21453      1.12019      0.18731
     10.51000      1.37347      1.22413      0.20796
     10.52000      1.18496      1.04401      0.17951
     10.53000      0.83094      0.75329      0.11326
     10.54000      0.76038      0.70719      0.10308
     10.55000      0.97275      0.85927      0.17236
     10.56000      1.31183      1.13008      0.24718
     10.57000      1.32260      1.21859      0.19662
     10.58000      1.02134      1.05117      0.09221
     10.59000      0.87917      0.89205      0.09797
     10.60000      1.12419      1.04319      0.17856
     10.61000      1.18640      1.04467      0.20019
     10.62000      1.13384      0.97584      0.18735
     10.63000      1.18728      1.05038      0.18316
     10.64000      1.13303      1.02352      0.17185
     10.65000      1.13661      0.99053      0.20678
     10.66000      1.20187      0.99127      0.25229
     10.67000      1.18165      0.97282      0.24075
     10.68000      1.27671      1.07192      0.24954
     10.69000      1.28565      1.05197      0.27046
     10.70000      1.07815      0.88929      0.22392
     10.71000      1.17963      1.05895      0.19075
     10.72000      1.49960      1.36903      0.22476
     10.73000      1.70394      1.47775      0.30811
     10.74000      1.65700      1.36401      0.34202
     10.75000      1.37787      1.12671      0.28356
     10.76000      1.45118      1.23380      0.27761
     10.77000      1.63938      1.40476      0.31175
     10.78000      1.79086      1.48377      0.37106
     10.79000      2.06260      1.64886      0.45913
     10.80000      2.41680      1.88834      0.54582
     10.81000      2.80334      2.16468      0.64130
     10.82000      2.92993      2.24655      0.68353
     10.83000      2.67720      2.04255      0.63475
     10.84000      2.32841      1.77061      0.55998
     10.85000      2.08035      1.60770      0.49137
     10.86000      1.50756      1.25248      0.31942
     10.87000      0.77106      0.75954      0.11207
     10.88000      0.41913      0.51038      0.01820
     10.89000      0.37149      0.48751      0.00126
     10.90000      0.34976      0.46207      0.00004
     10.91000      0.35704      0.47399      0.00000
     10.92000      0.30029      0.40078      0.00000
     10.93000      0.17632      0.23471      0.00000
     10.94000      0.14686      0.19356      0.00000
     10.95000      0.11207      0.14733      0.00000
     10.96000      0.03964      0.05212      0.00000
     10.97000      0.02717      0.03607      0.00000
     10.98000      0.11614      0.15475      0.00000
     10.99000      0.24383      0.32556      0.00000
     11.00000      0.21488      0.28760      0.00000
     11.01000      0.08178      0.10971      0.00000
     11.02000      0.01437      0.01929      0.00000
     11.03000      0.02019      0.02658      0.00000
     11.04000      0.13861      0.18236      0.00000
     11.05000      0.38057      0.50062      0.00000
     11.06000      0.45112      0.59333      0.00000
     11.07000      0.39335      0.51901      0.00000
     11.08000      0.46337      0.61722      0.00000
     11.09000      0.47750      0.64001      0.00000
     11.10000      0.33045      0.44347      0.00000
     11.11000      0.20695      0.27695      0.00000
     11.12000      0.15049      0.20016      0.00000
     11.13000      0.15192      0.20092      0.00000
     11.14000      0.10286      0.13588      0.00000
     11.15000      0.02816      0.03719      0.00000
     11.16000      0.00314      0.00415      0.00000
     11.17000      0.00569      0.00757      0.00000
     11.18000      0.04247      0.05648      0.00000
     11.19000      0.11948      0.15889      0.00000
     11.20000      0.12441      0.16543      0.00000
     11.21000      0.04989      0.06635      0.00000
     11.22000      0.03473      0.04614      0.00000
     11.23000      0.14348      0.19041      0.00000
     11.24000      0.27266      0.36146      0.00000
     11.25000      0.19364      0.25646      0.00000
     11.26000      0.06547      0.08665      0.00000
     11.27000      0.11740      0.15579      0.00000
     11.28000      0.33275      0.44253      0.00000
     11.29000      0.40006      0.53287      0.00000
     11.30000      0.26145      0.34756      0.00000
     11.31000      0.20540      0.27191      0.00000
     11.32000      0.21829      0.29003      0.00000
     11.33000      0.24378      0.32464      0.00000
     11.34000      0.21363      0.28399      0.00000
     11.35000      0.17824      0.23651      0.00000
     11.36000      0.22925      0.30440      0.00000
     11.37000      0.22721      0.30230      0.00000
     11.38000      0.11314      0.15078      0.00000
     11.39000      0.02503      0.03338      0.00000
     11.40000      0.01219      0.01618      0.00000
     11.41000      0.08353      0.11077      0.00000
     11.42000      0.27215      0.36099      0.00000
     11.43000      0.37425      0.49678      0.00000
     11.44000      0.26180      0.34784      0.00000
     11.45000      0.22102      0.29341      0.00000
     11.46000      0.29354      0.38925      0.00000
     11.47000      0.25611      0.33907      0.00000
     11.48000      0.27241      0.35968      0.00000
     11.49000      0.30951      0.40884      0.00000
     11.50000      0.29500      0.39071      0.00000
     11.51000      0.37889      0.50239      0.00000
     11.52000      0.43535      0.57680      0.00000
     11.53000      0.27263      0.36097      0.00000
     11.54000      0.07437      0.09843      0.00000
     11.55000      0.00808      0.01069      0.00000
     11.56000      0.00036      0.00048      0.00000
     11.57000      0.00112      0.00149      0.00000
     11.58000      0.01735      0.02291      0.00000
     11.59000      0.10316      0.13625      0.00000
     11.60000      0.26282      0.34696      0.00000
     11.61000      0.38613      0.50953      0.00000
     11.62000      0.45091      0.59499      0.00000
     11.63000      0.41504      0.54762      0.00000
     11.64000      0.29182      0.38512      0.00000
     11.65000      0.21500      0.28397      0.00000
     11.66000      0.20709      0.27266      0.00000
     11.67000      0.25334      0.33279      0.00000
     11.68000      0.26317      0.34659      0.00000
     11.69000      0.18085      0.23884      0.00000
     11.70000      0.06659      0.08803      0.00000
     11.71000      0.01777      0.02344      0.00000
     11.72000      0.05143      0.06763      0.00000
     11.73000      0.13269      0.17450      0.00000
     11.74000      0.16108      0.21208      0.00000
     11.75000      0.16112      0.21265      0.00000
     11.76000      0.13227      0.17466      0.00000
     11.77000      0.09490      0.12439      0.00000
     11.78000      0.22664      0.29504      0.00000
     11.79000      0.39615      0.51558      0.00000
     11.80000      0.28888      0.37597      0.00000
     11.81000      0.12638      0.16517      0.00000
     11.82000      0.16183      0.21294      0.00000
     11.83000      0.30086      0.39504      0.00000
     11.84000      0.45696      0.59853      0.00000
     11.85000      0.42275      0.55336      0.00000
     11.86000      0.23882      0.31246      0.00000
     11.87000      0.17249      0.22525      0.00000
     11.88000      0.14913      0.19361      0.00000
     11.89000      0.15263      0.19646      0.00000
     11.90000      0.11993      0.15411      0.00000
     11.91000      0.06513      0.08462      0.00000
     11.92000      0.09846      0.12985      0.00000
     11.93000      0.13699      0.18084      0.00000
     11.94000      0.12702      0.16716      0.00000
     11.95000      0.18281      0.23843      0.00000
     11.96000      0.26144      0.33764      0.00000
     11.97000      0.32470      0.41853      0.00000
     11.98000      0.45346      0.58915      0.00000
     11.99000      0.48418      0.63096      0.00000
     12.00000      0.47041      0.61000      0.00000
     12.01000      0.38904      0.50175      0.00000
     12.02000      0.19672      0.25300      0.00000
     12.03000      0.22545      0.29097      0.00000
     12.04000      0.39232      0.50772      0.00000
     12.05000      0.36366      0.46676      0.00000
     12.06000      0.21406      0.27052      0.00000
     12.07000      0.19573      0.25260      0.00000
     12.08000      0.26938      0.35023      0.00000
     12.09000      0.33928      0.43456      0.00000
     12.10000      0.34975      0.44225      0.00000
     12.11000      0.24005      0.30147      0.00000
     12.12000      0.17315      0.21533      0.00000
     12.13000      0.14433      0.17897      0.00000
     12.14000      0.15685      0.19577      0.00000
     12.15000      0.22579      0.28294      0.00000
     12.16000      0.23221      0.29065      0.00000
     12.17000      0.30994      0.38832      0.00000
     12.18000      0.35154      0.44243      0.00000
     12.19000      0.33738      0.42324      0.00000
     12.20000      0.51282      0.64184      0.00000
     12.21000      0.53690      0.67693      0.00000
     12.22000      0.25223      0.32137      0.00000
     12.23000      0.05476      0.07064      0.00000
     12.24000      0.04461      0.05862      0.00000
     12.25000      0.11858      0.15596      0.00000
     12.26000      0.13440      0.17588      0.00000
     12.27000      0.10534      0.13244      0.00000
     12.28000      0.16036      0.19582      0.00000
     12.29000      0.23535      0.29273      0.00000
     12.30000      0.34588      0.43264      0.00000
     12.31000      0.48472      0.59603      0.00000
     12.32000      0.45747      0.55735      0.00000
     12.33000      0.25603      0.31297      0.00000
     12.34000      0.08527      0.10432      0.00000
     12.35000      0.05339      0.06191      0.00000
     12.36000      0.09349      0.10719      0.00000
     12.37000      0.15708      0.18298      0.00000
     12.38000      0.26380      0.31454      0.00000
     12.39000      0.33486      0.41248      0.00000
     12.40000      0.32878      0.41651      0.00000
     12.41000      0.26771      0.34264      0.00000
     12.42000      0.28251      0.36691      0.00000
     12.43000      0.48506      0.63189      0.00000
     12.44000      0.70589      0.90804      0.00000
     12.45000      0.76163      0.96072      0.00000
     12.46000      0.60893      0.75010      0.00000
     12.47000      0.38903      0.47023      0.00000
     12.48000      0.35544      0.42660      0.00000
     12.49000      0.45445      0.53160      0.00000
     12.50000      0.60126      0.68522      0.00000
     12.51000      0.53753      0.60932      0.00000
     12.52000      0.22947      0.26043      0.00000
     12.53000      0.07322      0.08154      0.00000
     12.54000      0.08500      0.09226      0.00000
     12.55000      0.10375      0.11239      0.00000
     12.56000      0.09148      0.09872      0.00000
     12.57000      0.09500      0.10080      0.00000
     12.58000      0.16495      0.17780      0.00000
