Energy-E_F (eV)    DOS (1/eV)    PDOS (1/eV)  of atom type B  N  
     -5.99602      0.66047      0.27045      0.39003
     -5.98602      0.49126      0.19997      0.29129
     -5.97602      0.35666      0.14419      0.21246
     -5.96602      0.25963      0.10535      0.15427
     -5.95602      0.14519      0.05925      0.08594
     -5.94602      0.19111      0.07867      0.11243
     -5.93602      0.34965      0.14658      0.20308
     -5.92602      0.41724      0.17741      0.23982
     -5.91602      0.53071      0.22296      0.30775
     -5.90602      0.71938      0.29450      0.42487
     -5.89602      0.67574      0.27162      0.40412
     -5.88602      0.52167      0.20988      0.31178
     -5.87602      0.54337      0.22352      0.31985
     -5.86602      0.53650      0.22171      0.31479
     -5.85602      0.42146      0.17153      0.24993
     -5.84602      0.38837      0.15917      0.22919
     -5.83602      0.45929      0.19229      0.26700
     -5.82602      0.52933      0.22293      0.30640
     -5.81602      0.62272      0.26382      0.35891
     -5.80602      0.73424      0.31247      0.42177
     -5.79602      0.64785      0.27451      0.37333
     -5.78602      0.40287      0.16700      0.23587
     -5.77602      0.25743      0.10332      0.15411
     -5.76602      0.37594      0.14936      0.22659
     -5.75602      0.64699      0.25879      0.38820
     -5.74602      0.77601      0.31311      0.46290
     -5.73602      0.63953      0.25945      0.38008
     -5.72602      0.41613      0.16798      0.24815
     -5.71602      0.34249      0.13699      0.20549
     -5.70602      0.44569      0.18037      0.26532
     -5.69602      0.50551      0.20729      0.29822
     -5.68602      0.48757      0.20160      0.28597
     -5.67602      0.52083      0.21510      0.30573
     -5.66602      0.52992      0.21883      0.31110
     -5.65602      0.43218      0.17824      0.25395
     -5.64602      0.39001      0.15781      0.23220
     -5.63602      0.40614      0.16384      0.24231
     -5.62602      0.47486      0.19236      0.28251
     -5.61602      0.59957      0.24124      0.35834
     -5.60602      0.83766      0.33863      0.49904
     -5.59602      0.84792      0.34694      0.50097
     -5.58602      0.54627      0.22978      0.31649
     -5.57602      0.44080      0.19000      0.25080
     -5.56602      0.45913      0.19268      0.26645
     -5.55602      0.52449      0.21204      0.31245
     -5.54602      0.56354      0.22715      0.33639
     -5.53602      0.38669      0.15649      0.23020
     -5.52602      0.16076      0.06530      0.09546
     -5.51602      0.22837      0.09439      0.13399
     -5.50602      0.49173      0.20332      0.28840
     -5.49602      0.64389      0.26253      0.38136
     -5.48602      0.73045      0.29346      0.43698
     -5.47602      0.80864      0.32593      0.48271
     -5.46602      0.86825      0.35349      0.51475
     -5.45602      0.75087      0.30479      0.44608
     -5.44602      0.50032      0.19997      0.30035
     -5.43602      0.37928      0.14970      0.22958
     -5.42602      0.38734      0.15456      0.23279
     -5.41602      0.51818      0.20840      0.30977
     -5.40602      0.54782      0.21866      0.32916
     -5.39602      0.40230      0.16026      0.24204
     -5.38602      0.44320      0.17869      0.26451
     -5.37602      0.51942      0.21084      0.30858
     -5.36602      0.56511      0.23260      0.33250
     -5.35602      0.71072      0.29535      0.41537
     -5.34602      0.77801      0.32279      0.45521
     -5.33602      0.63264      0.26189      0.37075
     -5.32602      0.57494      0.23313      0.34180
     -5.31602      0.65705      0.26094      0.39611
     -5.30602      0.55570      0.21857      0.33714
     -5.29602      0.34769      0.13589      0.21180
     -5.28602      0.21110      0.08302      0.12808
     -5.27602      0.36031      0.14401      0.21630
     -5.26602      0.64900      0.26025      0.38875
     -5.25602      0.76156      0.30213      0.45944
     -5.24602      0.69769      0.27104      0.42665
     -5.23602      0.70139      0.27100      0.43039
     -5.22602      0.80216      0.31160      0.49055
     -5.21602      0.91686      0.35735      0.55950
     -5.20602      1.11094      0.43340      0.67755
     -5.19602      1.04652      0.40538      0.64114
     -5.18602      0.85135      0.32794      0.52341
     -5.17602      0.95675      0.37323      0.58352
     -5.16602      1.12350      0.44241      0.68110
     -5.15602      1.08522      0.42508      0.66013
     -5.14602      0.94491      0.36891      0.57599
     -5.13602      0.85306      0.33476      0.51830
     -5.12602      0.84662      0.33395      0.51267
     -5.11602      0.78928      0.31258      0.47670
     -5.10602      0.75670      0.29291      0.46378
     -5.09602      0.85354      0.32207      0.53147
     -5.08602      1.00228      0.38001      0.62227
     -5.07602      0.93289      0.36163      0.57126
     -5.06602      0.79779      0.31289      0.48490
     -5.05602      0.76771      0.29421      0.47350
     -5.04602      0.64414      0.24095      0.40319
     -5.03602      0.41909      0.15542      0.26367
     -5.02602      0.43878      0.16845      0.27033
     -5.01602      0.83038      0.32099      0.50940
     -5.00602      1.17440      0.45149      0.72292
     -4.99602      1.35350      0.52492      0.82859
     -4.98602      1.24928      0.48447      0.76482
     -4.97602      0.85212      0.32400      0.52812
     -4.96602      0.70334      0.26276      0.44058
     -4.95602      0.84701      0.31946      0.52755
     -4.94602      0.94770      0.36395      0.58375
     -4.93602      0.86413      0.33422      0.52991
     -4.92602      0.82708      0.32245      0.50463
     -4.91602      0.95439      0.37115      0.58324
     -4.90602      1.03279      0.39587      0.63692
     -4.89602      1.08959      0.41753      0.67206
     -4.88602      1.04397      0.40288      0.64109
     -4.87602      0.93617      0.36175      0.57442
     -4.86602      0.92935      0.35719      0.57215
     -4.85602      0.91114      0.34379      0.56734
     -4.84602      0.89920      0.33728      0.56191
     -4.83602      0.79455      0.30281      0.49174
     -4.82602      0.81274      0.31562      0.49712
     -4.81602      0.89261      0.34887      0.54374
     -4.80602      0.78361      0.30204      0.48157
     -4.79602      0.93093      0.35179      0.57914
     -4.78602      1.29024      0.49152      0.79872
     -4.77602      1.27208      0.48669      0.78539
     -4.76602      0.95707      0.36022      0.59685
     -4.75602      0.69421      0.25425      0.43996
     -4.74602      0.60774      0.22247      0.38527
     -4.73602      0.81082      0.30359      0.50723
     -4.72602      1.02557      0.38822      0.63735
     -4.71602      0.99097      0.37282      0.61815
     -4.70602      0.95453      0.35893      0.59560
     -4.69602      0.92696      0.35745      0.56951
     -4.68602      1.01958      0.39754      0.62204
     -4.67602      1.21743      0.47074      0.74669
     -4.66602      1.24066      0.47427      0.76639
     -4.65602      1.30448      0.49497      0.80951
     -4.64602      1.29327      0.49171      0.80156
     -4.63602      0.94168      0.35560      0.58608
     -4.62602      0.63811      0.23706      0.40106
     -4.61602      0.57536      0.21211      0.36325
     -4.60602      0.66736      0.24450      0.42286
     -4.59602      0.83154      0.30439      0.52715
     -4.58602      1.06527      0.39451      0.67076
     -4.57602      1.34247      0.50742      0.83506
     -4.56602      1.43529      0.54971      0.88558
     -4.55602      1.22479      0.46536      0.75943
     -4.54602      0.98286      0.36850      0.61435
     -4.53602      0.69710      0.26456      0.43254
     -4.52602      0.76822      0.29405      0.47417
     -4.51602      1.13135      0.42364      0.70772
     -4.50602      1.32674      0.48916      0.83758
     -4.49602      1.34430      0.49772      0.84658
     -4.48602      1.17634      0.44199      0.73435
     -4.47602      1.01216      0.38673      0.62543
     -4.46602      0.91776      0.35140      0.56636
     -4.45602      0.81732      0.31095      0.50637
     -4.44602      1.08348      0.41278      0.67070
     -4.43602      1.58984      0.60073      0.98912
     -4.42602      1.68810      0.63184      1.05626
     -4.41602      1.33672      0.49326      0.84345
     -4.40602      1.11896      0.41139      0.70756
     -4.39602      1.04121      0.38980      0.65141
     -4.38602      0.99652      0.38156      0.61496
     -4.37602      1.06561      0.40467      0.66094
     -4.36602      1.15050      0.42465      0.72585
     -4.35602      1.30524      0.47610      0.82914
     -4.34602      1.32800      0.48226      0.84574
     -4.33602      1.17574      0.42850      0.74723
     -4.32602      1.19661      0.44117      0.75544
     -4.31602      1.40362      0.52225      0.88136
     -4.30602      1.78391      0.66918      1.11474
     -4.29602      2.16860      0.81230      1.35630
     -4.28602      2.01753      0.74996      1.26757
     -4.27602      1.46681      0.53733      0.92948
     -4.26602      1.06289      0.38682      0.67606
     -4.25602      1.08687      0.40249      0.68438
     -4.24602      1.21330      0.45232      0.76099
     -4.23602      1.28547      0.48073      0.80474
     -4.22602      1.29084      0.48385      0.80699
     -4.21602      1.21553      0.45620      0.75933
     -4.20602      1.17952      0.44288      0.73664
     -4.19602      1.20433      0.45207      0.75225
     -4.18602      1.35621      0.50733      0.84888
     -4.17602      1.50590      0.55201      0.95389
     -4.16602      1.33190      0.47823      0.85367
     -4.15602      1.16173      0.42115      0.74059
     -4.14602      1.09066      0.40577      0.68489
     -4.13602      1.00238      0.37987      0.62252
     -4.12602      1.10801      0.42126      0.68675
     -4.11602      1.22841      0.46061      0.76780
     -4.10602      1.28965      0.47740      0.81224
     -4.09602      1.28594      0.47533      0.81061
     -4.08602      0.99331      0.36588      0.62743
     -4.07602      0.79993      0.29080      0.50913
     -4.06602      0.92151      0.33214      0.58937
     -4.05602      1.00596      0.36564      0.64032
     -4.04602      0.80596      0.30043      0.50553
     -4.03602      0.73520      0.27625      0.45895
     -4.02602      0.85694      0.31550      0.54144
     -4.01602      1.05227      0.38830      0.66397
     -4.00602      1.24083      0.46342      0.77741
     -3.99602      1.27222      0.47589      0.79633
     -3.98602      1.23054      0.45424      0.77630
     -3.97602      0.95022      0.34396      0.60626
     -3.96602      0.78945      0.28591      0.50354
     -3.95602      1.01667      0.37197      0.64470
     -3.94602      1.08849      0.39754      0.69095
     -3.93602      1.01028      0.36918      0.64109
     -3.92602      0.95632      0.35330      0.60303
     -3.91602      0.82973      0.30699      0.52274
     -3.90602      0.85606      0.31612      0.53994
     -3.89602      1.08545      0.40352      0.68192
     -3.88602      1.26787      0.46682      0.80105
     -3.87602      1.07826      0.38702      0.69124
     -3.86602      0.62816      0.22114      0.40702
     -3.85602      0.51676      0.18591      0.33085
     -3.84602      0.94079      0.34566      0.59513
     -3.83602      1.18001      0.44012      0.73989
     -3.82602      0.85060      0.32179      0.52881
     -3.81602      0.57480      0.21818      0.35662
     -3.80602      0.74544      0.28042      0.46502
     -3.79602      1.07536      0.40210      0.67325
     -3.78602      1.23443      0.45847      0.77596
     -3.77602      1.34244      0.49161      0.85083
     -3.76602      1.36867      0.49450      0.87417
     -3.75602      1.11778      0.39877      0.71900
     -3.74602      0.69267      0.24402      0.44865
     -3.73602      0.46732      0.16396      0.30336
     -3.72602      0.51187      0.17893      0.33294
     -3.71602      0.70947      0.25326      0.45620
     -3.70602      0.95129      0.34871      0.60259
     -3.69602      0.99824      0.37438      0.62386
     -3.68602      0.89066      0.33342      0.55723
     -3.67602      0.84955      0.30878      0.54078
     -3.66602      0.83760      0.30402      0.53358
     -3.65602      0.80704      0.29242      0.51462
     -3.64602      0.84478      0.29875      0.54603
     -3.63602      1.01401      0.36363      0.65037
     -3.62602      1.14761      0.42468      0.72293
     -3.61602      1.01688      0.37832      0.63856
     -3.60602      0.73696      0.26800      0.46897
     -3.59602      0.55596      0.19971      0.35625
     -3.58602      0.47542      0.17490      0.30052
     -3.57602      0.63905      0.23853      0.40052
     -3.56602      1.04254      0.38232      0.66022
     -3.55602      1.27793      0.45975      0.81818
     -3.54602      1.12252      0.39842      0.72410
     -3.53602      0.85659      0.30483      0.55175
     -3.52602      0.68048      0.24092      0.43956
     -3.51602      0.64375      0.22448      0.41928
     -3.50602      0.68410      0.24257      0.44153
     -3.49602      0.67565      0.24189      0.43376
     -3.48602      0.67441      0.24180      0.43261
     -3.47602      0.85734      0.31339      0.54395
     -3.46602      1.20968      0.44775      0.76193
     -3.45602      1.28021      0.47173      0.80848
     -3.44602      1.06355      0.38688      0.67668
     -3.43602      0.77728      0.28213      0.49515
     -3.42602      0.72825      0.26683      0.46142
     -3.41602      0.77395      0.28209      0.49186
     -3.40602      0.59005      0.21309      0.37697
     -3.39602      0.46778      0.16589      0.30189
     -3.38602      0.69841      0.24608      0.45233
     -3.37602      0.95120      0.34120      0.61001
     -3.36602      0.82132      0.29541      0.52591
     -3.35602      0.60029      0.21798      0.38231
     -3.34602      0.60439      0.21653      0.38786
     -3.33602      0.80981      0.28034      0.52947
     -3.32602      1.01626      0.35716      0.65910
     -3.31602      1.03338      0.37167      0.66172
     -3.30602      1.03741      0.37435      0.66307
     -3.29602      1.16230      0.41590      0.74641
     -3.28602      1.04732      0.37338      0.67394
     -3.27602      0.61514      0.22033      0.39481
     -3.26602      0.38866      0.13551      0.25314
     -3.25602      0.41711      0.14167      0.27544
     -3.24602      0.56559      0.19688      0.36871
     -3.23602      0.69829      0.24675      0.45154
     -3.22602      0.67468      0.24036      0.43432
     -3.21602      0.73085      0.25852      0.47234
     -3.20602      1.03574      0.36442      0.67132
     -3.19602      1.02829      0.36184      0.66645
     -3.18602      0.76555      0.27581      0.48974
     -3.17602      0.74249      0.27522      0.46727
     -3.16602      0.79511      0.28949      0.50562
     -3.15602      0.81065      0.29265      0.51801
     -3.14602      0.70617      0.26450      0.44167
     -3.13602      0.65986      0.25194      0.40792
     -3.12602      0.81428      0.30185      0.51243
     -3.11602      1.04866      0.37519      0.67347
     -3.10602      1.02316      0.35160      0.67156
     -3.09602      0.89046      0.29392      0.59654
     -3.08602      0.73643      0.24279      0.49364
     -3.07602      0.69694      0.23602      0.46093
     -3.06602      0.76379      0.26663      0.49716
     -3.05602      0.64805      0.23047      0.41759
     -3.04602      0.57228      0.20433      0.36795
     -3.03602      0.62082      0.22000      0.40082
     -3.02602      0.77216      0.26568      0.50648
     -3.01602      0.70226      0.23766      0.46460
     -3.00602      0.39499      0.13197      0.26303
     -2.99602      0.34725      0.11995      0.22730
     -2.98602      0.65668      0.23963      0.41704
     -2.97602      1.06276      0.38418      0.67857
     -2.96602      1.22238      0.43132      0.79106
     -2.95602      1.07833      0.38180      0.69654
     -2.94602      0.84066      0.30106      0.53961
     -2.93602      0.95390      0.33588      0.61802
     -2.92602      1.04474      0.36783      0.67691
     -2.91602      0.67505      0.24262      0.43243
     -2.90602      0.36705      0.12911      0.23794
     -2.89602      0.44192      0.14476      0.29717
     -2.88602      0.50744      0.16552      0.34193
     -2.87602      0.38770      0.13384      0.25386
     -2.86602      0.41850      0.15774      0.26076
     -2.85602      0.60468      0.22089      0.38379
     -2.84602      0.92981      0.31881      0.61099
     -2.83602      1.23944      0.41732      0.82212
     -2.82602      1.17508      0.39471      0.78037
     -2.81602      0.88039      0.29805      0.58234
     -2.80602      0.71131      0.24993      0.46139
     -2.79602      0.61677      0.21704      0.39972
     -2.78602      0.49920      0.16827      0.33093
     -2.77602      0.52905      0.18248      0.34657
     -2.76602      0.68232      0.24562      0.43671
     -2.75602      0.90965      0.32575      0.58389
     -2.74602      1.11581      0.39543      0.72038
     -2.73602      1.07529      0.37747      0.69782
     -2.72602      0.77596      0.26305      0.51291
     -2.71602      0.54367      0.17742      0.36625
     -2.70602      0.53657      0.18246      0.35411
     -2.69602      0.64611      0.22498      0.42113
     -2.68602      0.64172      0.21700      0.42472
     -2.67602      0.51584      0.16652      0.34932
     -2.66602      0.51826      0.17111      0.34715
     -2.65602      0.68270      0.23699      0.44571
     -2.64602      0.81690      0.28442      0.53249
     -2.63602      0.69896      0.24550      0.45346
     -2.62602      0.49838      0.17905      0.31934
     -2.61602      0.52870      0.18032      0.34838
     -2.60602      0.61393      0.19915      0.41478
     -2.59602      0.68061      0.22245      0.45816
     -2.58602      0.75715      0.25221      0.50494
     -2.57602      0.69210      0.23381      0.45829
     -2.56602      0.69657      0.23903      0.45753
     -2.55602      1.04732      0.36148      0.68583
     -2.54602      1.49352      0.51664      0.97688
     -2.53602      1.31353      0.45209      0.86144
     -2.52602      0.86148      0.29367      0.56781
     -2.51602      0.58153      0.20093      0.38060
     -2.50602      0.44156      0.14883      0.29273
     -2.49602      0.38245      0.12241      0.26004
     -2.48602      0.27004      0.08638      0.18366
     -2.47602      0.41037      0.13632      0.27405
     -2.46602      0.71966      0.24166      0.47799
     -2.45602      0.90332      0.30250      0.60082
     -2.44602      0.94089      0.31349      0.62740
     -2.43602      0.80888      0.26871      0.54017
     -2.42602      0.61841      0.20931      0.40910
     -2.41602      0.38205      0.13193      0.25012
     -2.40602      0.38444      0.12837      0.25608
     -2.39602      0.63309      0.20700      0.42609
     -2.38602      0.71898      0.23509      0.48390
     -2.37602      0.63327      0.21253      0.42074
     -2.36602      0.75742      0.26691      0.49051
     -2.35602      1.08919      0.38636      0.70283
     -2.34602      0.91472      0.32098      0.59374
     -2.33602      0.61531      0.20263      0.41268
     -2.32602      0.70672      0.21252      0.49420
     -2.31602      0.80859      0.24171      0.56689
     -2.30602      0.71471      0.22295      0.49176
     -2.29602      0.55383      0.18103      0.37281
     -2.28602      0.49886      0.16835      0.33051
     -2.27602      0.61476      0.21368      0.40108
     -2.26602      0.95880      0.33256      0.62625
     -2.25602      1.12537      0.37985      0.74552
     -2.24602      0.92233      0.30035      0.62198
     -2.23602      0.56780      0.17827      0.38953
     -2.22602      0.39068      0.12373      0.26695
     -2.21602      0.41056      0.12976      0.28080
     -2.20602      0.47988      0.15154      0.32834
     -2.19602      0.63444      0.20763      0.42680
     -2.18602      0.92506      0.30876      0.61630
     -2.17602      1.09871      0.37164      0.72707
     -2.16602      0.94448      0.32038      0.62411
     -2.15602      0.71076      0.22854      0.48222
     -2.14602      0.53686      0.16027      0.37659
     -2.13602      0.35632      0.11247      0.24385
     -2.12602      0.38031      0.13633      0.24398
     -2.11602      0.55958      0.19252      0.36706
     -2.10602      0.67188      0.21265      0.45923
     -2.09602      0.67676      0.21209      0.46467
     -2.08602      0.59162      0.19470      0.39692
     -2.07602      0.57192      0.18963      0.38229
     -2.06602      0.77613      0.24318      0.53295
     -2.05602      0.87985      0.26762      0.61224
     -2.04602      0.81068      0.24829      0.56239
     -2.03602      0.91061      0.28825      0.62236
     -2.02602      1.06745      0.34671      0.72074
     -2.01602      1.03773      0.34684      0.69089
     -2.00602      0.78175      0.26693      0.51481
     -1.99602      0.53655      0.18378      0.35277
     -1.98602      0.43059      0.14059      0.29001
     -1.97602      0.45041      0.13310      0.31731
     -1.96602      0.63595      0.18539      0.45057
     -1.95602      0.72929      0.22014      0.50916
     -1.94602      0.59082      0.18397      0.40686
     -1.93602      0.59887      0.19066      0.40820
     -1.92602      0.82407      0.26369      0.56039
     -1.91602      0.79723      0.25509      0.54214
     -1.90602      0.60496      0.18941      0.41556
     -1.89602      0.59612      0.18254      0.41358
     -1.88602      0.63946      0.20343      0.43603
     -1.87602      0.84149      0.27586      0.56562
     -1.86602      0.92378      0.29478      0.62900
     -1.85602      0.63498      0.19914      0.43584
     -1.84602      0.33883      0.11316      0.22567
     -1.83602      0.33501      0.11331      0.22170
     -1.82602      0.61685      0.19556      0.42129
     -1.81602      0.86613      0.27215      0.59398
     -1.80602      0.75787      0.23588      0.52199
     -1.79602      0.69773      0.20586      0.49188
     -1.78602      0.89143      0.25804      0.63339
     -1.77602      0.95042      0.28326      0.66716
     -1.76602      0.86753      0.26947      0.59805
     -1.75602      0.87047      0.26967      0.60081
     -1.74602      0.85621      0.25943      0.59678
     -1.73602      0.67542      0.20316      0.47227
     -1.72602      0.50975      0.15912      0.35063
     -1.71602      0.40133      0.12907      0.27225
     -1.70602      0.41702      0.13007      0.28695
     -1.69602      0.63997      0.19441      0.44555
     -1.68602      0.84364      0.25162      0.59202
     -1.67602      0.87136      0.26161      0.60974
     -1.66602      0.85312      0.26606      0.58706
     -1.65602      0.89931      0.28107      0.61824
     -1.64602      0.79485      0.23813      0.55671
     -1.63602      0.51381      0.14765      0.36616
     -1.62602      0.51599      0.15055      0.36543
     -1.61602      0.68150      0.20685      0.47465
     -1.60602      0.66119      0.20329      0.45790
     -1.59602      0.65185      0.19137      0.46049
     -1.58602      0.68857      0.20246      0.48611
     -1.57602      0.58962      0.18898      0.40065
     -1.56602      0.45147      0.15059      0.30087
     -1.55602      0.57330      0.17607      0.39723
     -1.54602      0.77574      0.22588      0.54986
     -1.53602      0.82746      0.23605      0.59140
     -1.52602      0.93340      0.26599      0.66741
     -1.51602      1.00277      0.28165      0.72112
     -1.50602      0.86492      0.24332      0.62161
     -1.49602      0.70985      0.20069      0.50916
     -1.48602      0.66283      0.17477      0.48806
     -1.47602      0.56857      0.14200      0.42657
     -1.46602      0.37552      0.09255      0.28297
     -1.45602      0.23902      0.05880      0.18022
     -1.44602      0.24866      0.06074      0.18793
     -1.43602      0.42520      0.10292      0.32228
     -1.42602      0.59297      0.14301      0.44996
     -1.41602      0.55003      0.13245      0.41758
     -1.40602      0.44940      0.10842      0.34098
     -1.39602      0.48171      0.11632      0.36539
     -1.38602      0.56028      0.13491      0.42537
     -1.37602      0.46509      0.11164      0.35345
     -1.36602      0.37685      0.08989      0.28696
     -1.35602      0.49161      0.11657      0.37504
     -1.34602      0.50744      0.11981      0.38763
     -1.33602      0.36323      0.08543      0.27780
     -1.32602      0.35087      0.08235      0.26852
     -1.31602      0.38237      0.08920      0.29318
     -1.30602      0.38953      0.09010      0.29943
     -1.29602      0.37542      0.08663      0.28879
     -1.28602      0.38546      0.08914      0.29633
     -1.27602      0.61898      0.14348      0.47549
     -1.26602      0.86047      0.19980      0.66067
     -1.25602      0.81137      0.18815      0.62322
     -1.24602      0.67589      0.15591      0.51998
     -1.23602      0.63188      0.14495      0.48693
     -1.22602      0.51441      0.11759      0.39682
     -1.21602      0.47065      0.10653      0.36412
     -1.20602      0.58678      0.13141      0.45537
     -1.19602      0.61192      0.13653      0.47539
     -1.18602      0.53015      0.11812      0.41203
     -1.17602      0.46547      0.10323      0.36224
     -1.16602      0.42600      0.09393      0.33207
     -1.15602      0.38690      0.08534      0.30156
     -1.14602      0.53054      0.11712      0.41342
     -1.13602      0.75222      0.16552      0.58670
     -1.12602      0.74474      0.16296      0.58178
     -1.11602      0.64580      0.14012      0.50568
     -1.10602      0.58336      0.12571      0.45765
     -1.09602      0.48099      0.10328      0.37771
     -1.08602      0.48367      0.10284      0.38083
     -1.07602      0.58701      0.12395      0.46307
     -1.06602      0.48040      0.10098      0.37943
     -1.05602      0.38324      0.08021      0.30303
     -1.04602      0.44756      0.09287      0.35470
     -1.03602      0.56984      0.11769      0.45215
     -1.02602      0.84841      0.17697      0.67144
     -1.01602      1.11212      0.23395      0.87817
     -1.00602      1.05348      0.22109      0.83239
     -0.99602      0.93731      0.19432      0.74299
     -0.98602      0.90414      0.18488      0.71927
     -0.97602      0.85729      0.17346      0.68383
     -0.96602      0.81818      0.16419      0.65399
     -0.95602      0.78368      0.15593      0.62775
     -0.94602      0.80991      0.15944      0.65047
     -0.93602      0.86793      0.16916      0.69877
     -0.92602      0.94598      0.18259      0.76339
     -0.91602      1.13039      0.21667      0.91371
     -0.90602      1.29763      0.24947      1.04816
     -0.89602      1.09397      0.21304      0.88093
     -0.88602      0.77402      0.15182      0.62220
     -0.87602      0.70555      0.13649      0.56906
     -0.86602      0.80148      0.15255      0.64894
     -0.85602      0.72579      0.13675      0.58904
     -0.84602      0.44655      0.08313      0.36342
     -0.83602      0.28757      0.05269      0.23488
     -0.82602      0.27602      0.05020      0.22582
     -0.81602      0.34878      0.06332      0.28545
     -0.80602      0.58218      0.10639      0.47579
     -0.79602      1.20382      0.22386      0.97996
     -0.78602      1.93338      0.36375      1.56963
     -0.77602      1.60518      0.30241      1.30277
     -0.76602      0.68204      0.12671      0.55533
     -0.75602      0.27068      0.04847      0.22221
     -0.74602      0.21169      0.03705      0.17463
     -0.73602      0.27096      0.04726      0.22370
     -0.72602      0.29171      0.05084      0.24087
     -0.71602      0.32357      0.05629      0.26728
     -0.70602      0.37475      0.06539      0.30935
     -0.69602      0.49817      0.08744      0.41073
     -0.68602      0.73449      0.12969      0.60480
     -0.67602      0.82690      0.14570      0.68120
     -0.66602      0.57417      0.09988      0.47428
     -0.65602      0.30664      0.05223      0.25441
     -0.64602      0.25948      0.04355      0.21593
     -0.63602      0.31461      0.05248      0.26213
     -0.62602      0.39329      0.06538      0.32791
     -0.61602      0.48287      0.08012      0.40275
     -0.60602      0.55443      0.09198      0.46245
     -0.59602      0.67103      0.11157      0.55946
     -0.58602      0.83839      0.14027      0.69812
     -0.57602      0.92720      0.15516      0.77203
     -0.56602      0.70317      0.11623      0.58694
     -0.55602      0.32272      0.05224      0.27048
     -0.54602      0.16063      0.02534      0.13530
     -0.53602      0.25436      0.03970      0.21466
     -0.52602      0.31507      0.04891      0.26615
     -0.51602      0.35717      0.05498      0.30219
     -0.50602      0.44662      0.06869      0.37793
     -0.49602      0.41394      0.06395      0.34999
     -0.48602      0.44601      0.06902      0.37699
     -0.47602      0.47273      0.07264      0.40009
     -0.46602      0.36517      0.05519      0.30999
     -0.45602      0.29781      0.04410      0.25371
     -0.44602      0.33634      0.04919      0.28716
     -0.43602      0.39748      0.05778      0.33970
     -0.42602      0.42383      0.06130      0.36253
     -0.41602      0.41960      0.06066      0.35894
     -0.40602      0.46598      0.06735      0.39863
     -0.39602      0.66822      0.09578      0.57244
     -0.38602      0.69989      0.09951      0.60038
     -0.37602      0.35378      0.04998      0.30381
     -0.36602      0.13312      0.01831      0.11481
     -0.35602      0.22101      0.02965      0.19136
     -0.34602      0.33043      0.04415      0.28629
     -0.33602      0.34890      0.04612      0.30278
     -0.32602      0.39781      0.05231      0.34551
     -0.31602      0.39140      0.05153      0.33986
     -0.30602      0.33384      0.04366      0.29018
     -0.29602      0.29367      0.03769      0.25598
     -0.28602      0.26037      0.03278      0.22758
     -0.27602      0.28109      0.03493      0.24616
     -0.26602      0.36535      0.04490      0.32045
     -0.25602      0.46613      0.05677      0.40935
     -0.24602      0.54258      0.06565      0.47693
     -0.23602      0.47621      0.05747      0.41874
     -0.22602      0.29549      0.03522      0.26027
     -0.21602      0.27715      0.03200      0.24516
     -0.20602      0.26795      0.03061      0.23734
     -0.19602      0.17742      0.01999      0.15743
     -0.18602      0.26478      0.02924      0.23554
     -0.17602      0.38603      0.04229      0.34374
     -0.16602      0.38072      0.04111      0.33961
     -0.15602      0.31793      0.03384      0.28409
     -0.14602      0.24359      0.02552      0.21807
     -0.13602      0.29277      0.03004      0.26273
     -0.12602      0.40501      0.04105      0.36396
     -0.11602      0.39790      0.03990      0.35800
     -0.10602      0.29774      0.02930      0.26843
     -0.09602      0.24890      0.02388      0.22502
     -0.08602      0.26117      0.02456      0.23661
     -0.07602      0.28070      0.02598      0.25471
     -0.06602      0.26655      0.02423      0.24232
     -0.05602      0.28127      0.02490      0.25637
     -0.04602      0.36024      0.03130      0.32894
     -0.03602      0.33101      0.02841      0.30260
     -0.02602      0.23751      0.01988      0.21763
     -0.01602      0.24168      0.01964      0.22204
     -0.00602      0.21729      0.01744      0.19985
      0.00398      0.10340      0.00825      0.09515
      0.01398      0.02149      0.00171      0.01978
      0.02398      0.00176      0.00014      0.00162
      0.03398      0.00005      0.00000      0.00005
      0.04398      0.00000      0.00000      0.00000
      0.05398      0.00000      0.00000      0.00000
      0.06398      0.00000      0.00000      0.00000
      0.07398      0.00000      0.00000      0.00000
      0.08398      0.00000      0.00000      0.00000
      0.09398      0.00000      0.00000      0.00000
      0.10398      0.00000      0.00000      0.00000
      0.11398      0.00000      0.00000      0.00000
      0.12398      0.00000      0.00000      0.00000
      0.13398      0.00000      0.00000      0.00000
      0.14398      0.00000      0.00000      0.00000
      0.15398      0.00000      0.00000      0.00000
      0.16398      0.00000      0.00000      0.00000
      0.17398      0.00000      0.00000      0.00000
      0.18398      0.00000      0.00000      0.00000
      0.19398      0.00000      0.00000      0.00000
      0.20398      0.00000      0.00000      0.00000
      0.21398      0.00000      0.00000      0.00000
      0.22398      0.00000      0.00000      0.00000
      0.23398      0.00000      0.00000      0.00000
      0.24398      0.00000      0.00000      0.00000
      0.25398      0.00000      0.00000      0.00000
      0.26398      0.00000      0.00000      0.00000
      0.27398      0.00000      0.00000      0.00000
      0.28398      0.00000      0.00000      0.00000
      0.29398      0.00000      0.00000      0.00000
      0.30398      0.00000      0.00000      0.00000
      0.31398      0.00000      0.00000      0.00000
      0.32398      0.00000      0.00000      0.00000
      0.33398      0.00000      0.00000      0.00000
      0.34398      0.00000      0.00000      0.00000
      0.35398      0.00000      0.00000      0.00000
      0.36398      0.00000      0.00000      0.00000
      0.37398      0.00000      0.00000      0.00000
      0.38398      0.00000      0.00000      0.00000
      0.39398      0.00000      0.00000      0.00000
      0.40398      0.00000      0.00000      0.00000
      0.41398      0.00000      0.00000      0.00000
      0.42398      0.00000      0.00000      0.00000
      0.43398      0.00000      0.00000      0.00000
      0.44398      0.00000      0.00000      0.00000
      0.45398      0.00000      0.00000      0.00000
      0.46398      0.00000      0.00000      0.00000
      0.47398      0.00000      0.00000      0.00000
      0.48398      0.00000      0.00000      0.00000
      0.49398      0.00000      0.00000      0.00000
      0.50398      0.00000      0.00000      0.00000
      0.51398      0.00000      0.00000      0.00000
      0.52398      0.00000      0.00000      0.00000
      0.53398      0.00000      0.00000      0.00000
      0.54398      0.00000      0.00000      0.00000
      0.55398      0.00000      0.00000      0.00000
      0.56398      0.00000      0.00000      0.00000
      0.57398      0.00000      0.00000      0.00000
      0.58398      0.00000      0.00000      0.00000
      0.59398      0.00000      0.00000      0.00000
      0.60398      0.00000      0.00000      0.00000
      0.61398      0.00000      0.00000      0.00000
      0.62398      0.00000      0.00000      0.00000
      0.63398      0.00000      0.00000      0.00000
      0.64398      0.00000      0.00000      0.00000
      0.65398      0.00000      0.00000      0.00000
      0.66398      0.00000      0.00000      0.00000
      0.67398      0.00000      0.00000      0.00000
      0.68398      0.00000      0.00000      0.00000
      0.69398      0.00000      0.00000      0.00000
      0.70398      0.00000      0.00000      0.00000
      0.71398      0.00000      0.00000      0.00000
      0.72398      0.00000      0.00000      0.00000
      0.73398      0.00000      0.00000      0.00000
      0.74398      0.00000      0.00000      0.00000
      0.75398      0.00000      0.00000      0.00000
      0.76398      0.00000      0.00000      0.00000
      0.77398      0.00000      0.00000      0.00000
      0.78398      0.00000      0.00000      0.00000
      0.79398      0.00000      0.00000      0.00000
      0.80398      0.00000      0.00000      0.00000
      0.81398      0.00000      0.00000      0.00000
      0.82398      0.00000      0.00000      0.00000
      0.83398      0.00000      0.00000      0.00000
      0.84398      0.00000      0.00000      0.00000
      0.85398      0.00000      0.00000      0.00000
      0.86398      0.00000      0.00000      0.00000
      0.87398      0.00000      0.00000      0.00000
      0.88398      0.00000      0.00000      0.00000
      0.89398      0.00000      0.00000      0.00000
      0.90398      0.00000      0.00000      0.00000
      0.91398      0.00000      0.00000      0.00000
      0.92398      0.00000      0.00000      0.00000
      0.93398      0.00000      0.00000      0.00000
      0.94398      0.00000      0.00000      0.00000
      0.95398      0.00000      0.00000      0.00000
      0.96398      0.00000      0.00000      0.00000
      0.97398      0.00000      0.00000      0.00000
      0.98398      0.00000      0.00000      0.00000
      0.99398      0.00000      0.00000      0.00000
      1.00398      0.00000      0.00000      0.00000
      1.01398      0.00000      0.00000      0.00000
      1.02398      0.00000      0.00000      0.00000
      1.03398      0.00000      0.00000      0.00000
      1.04398      0.00000      0.00000      0.00000
      1.05398      0.00000      0.00000      0.00000
      1.06398      0.00000      0.00000      0.00000
      1.07398      0.00000      0.00000      0.00000
      1.08398      0.00000      0.00000      0.00000
      1.09398      0.00000      0.00000      0.00000
      1.10398      0.00000      0.00000      0.00000
      1.11398      0.00000      0.00000      0.00000
      1.12398      0.00000      0.00000      0.00000
      1.13398      0.00000      0.00000      0.00000
      1.14398      0.00000      0.00000      0.00000
      1.15398      0.00000      0.00000      0.00000
      1.16398      0.00000      0.00000      0.00000
      1.17398      0.00000      0.00000      0.00000
      1.18398      0.00000      0.00000      0.00000
      1.19398      0.00000      0.00000      0.00000
      1.20398      0.00000      0.00000      0.00000
      1.21398      0.00000      0.00000      0.00000
      1.22398      0.00000      0.00000      0.00000
      1.23398      0.00000      0.00000      0.00000
      1.24398      0.00000      0.00000      0.00000
      1.25398      0.00000      0.00000      0.00000
      1.26398      0.00000      0.00000      0.00000
      1.27398      0.00000      0.00000      0.00000
      1.28398      0.00000      0.00000      0.00000
      1.29398      0.00000      0.00000      0.00000
      1.30398      0.00000      0.00000      0.00000
      1.31398      0.00000      0.00000      0.00000
      1.32398      0.00000      0.00000      0.00000
      1.33398      0.00000      0.00000      0.00000
      1.34398      0.00000      0.00000      0.00000
      1.35398      0.00000      0.00000      0.00000
      1.36398      0.00000      0.00000      0.00000
      1.37398      0.00000      0.00000      0.00000
      1.38398      0.00000      0.00000      0.00000
      1.39398      0.00000      0.00000      0.00000
      1.40398      0.00000      0.00000      0.00000
      1.41398      0.00000      0.00000      0.00000
      1.42398      0.00000      0.00000      0.00000
      1.43398      0.00000      0.00000      0.00000
      1.44398      0.00000      0.00000      0.00000
      1.45398      0.00000      0.00000      0.00000
      1.46398      0.00000      0.00000      0.00000
      1.47398      0.00000      0.00000      0.00000
      1.48398      0.00000      0.00000      0.00000
      1.49398      0.00000      0.00000      0.00000
      1.50398      0.00000      0.00000      0.00000
      1.51398      0.00000      0.00000      0.00000
      1.52398      0.00000      0.00000      0.00000
      1.53398      0.00000      0.00000      0.00000
      1.54398      0.00000      0.00000      0.00000
      1.55398      0.00000      0.00000      0.00000
      1.56398      0.00000      0.00000      0.00000
      1.57398      0.00000      0.00000      0.00000
      1.58398      0.00000      0.00000      0.00000
      1.59398      0.00000      0.00000      0.00000
      1.60398      0.00000      0.00000      0.00000
      1.61398      0.00000      0.00000      0.00000
      1.62398      0.00000      0.00000      0.00000
      1.63398      0.00000      0.00000      0.00000
      1.64398      0.00000      0.00000      0.00000
      1.65398      0.00000      0.00000      0.00000
      1.66398      0.00000      0.00000      0.00000
      1.67398      0.00000      0.00000      0.00000
      1.68398      0.00000      0.00000      0.00000
      1.69398      0.00000      0.00000      0.00000
      1.70398      0.00000      0.00000      0.00000
      1.71398      0.00000      0.00000      0.00000
      1.72398      0.00000      0.00000      0.00000
      1.73398      0.00000      0.00000      0.00000
      1.74398      0.00000      0.00000      0.00000
      1.75398      0.00000      0.00000      0.00000
      1.76398      0.00000      0.00000      0.00000
      1.77398      0.00000      0.00000      0.00000
      1.78398      0.00000      0.00000      0.00000
      1.79398      0.00000      0.00000      0.00000
      1.80398      0.00000      0.00000      0.00000
      1.81398      0.00000      0.00000      0.00000
      1.82398      0.00000      0.00000      0.00000
      1.83398      0.00000      0.00000      0.00000
      1.84398      0.00000      0.00000      0.00000
      1.85398      0.00000      0.00000      0.00000
      1.86398      0.00000      0.00000      0.00000
      1.87398      0.00000      0.00000      0.00000
      1.88398      0.00000      0.00000      0.00000
      1.89398      0.00000      0.00000      0.00000
      1.90398      0.00000      0.00000      0.00000
      1.91398      0.00000      0.00000      0.00000
      1.92398      0.00000      0.00000      0.00000
      1.93398      0.00000      0.00000      0.00000
      1.94398      0.00000      0.00000      0.00000
      1.95398      0.00000      0.00000      0.00000
      1.96398      0.00000      0.00000      0.00000
      1.97398      0.00000      0.00000      0.00000
      1.98398      0.00000      0.00000      0.00000
      1.99398      0.00000      0.00000      0.00000
      2.00398      0.00000      0.00000      0.00000
      2.01398      0.00000      0.00000      0.00000
      2.02398      0.00000      0.00000      0.00000
      2.03398      0.00000      0.00000      0.00000
      2.04398      0.00000      0.00000      0.00000
      2.05398      0.00000      0.00000      0.00000
      2.06398      0.00000      0.00000      0.00000
      2.07398      0.00000      0.00000      0.00000
      2.08398      0.00000      0.00000      0.00000
      2.09398      0.00000      0.00000      0.00000
      2.10398      0.00000      0.00000      0.00000
      2.11398      0.00000      0.00000      0.00000
      2.12398      0.00000      0.00000      0.00000
      2.13398      0.00000      0.00000      0.00000
      2.14398      0.00000      0.00000      0.00000
      2.15398      0.00000      0.00000      0.00000
      2.16398      0.00000      0.00000      0.00000
      2.17398      0.00000      0.00000      0.00000
      2.18398      0.00000      0.00000      0.00000
      2.19398      0.00000      0.00000      0.00000
      2.20398      0.00000      0.00000      0.00000
      2.21398      0.00000      0.00000      0.00000
      2.22398      0.00000      0.00000      0.00000
      2.23398      0.00000      0.00000      0.00000
      2.24398      0.00000      0.00000      0.00000
      2.25398      0.00000      0.00000      0.00000
      2.26398      0.00000      0.00000      0.00000
      2.27398      0.00000      0.00000      0.00000
      2.28398      0.00000      0.00000      0.00000
      2.29398      0.00000      0.00000      0.00000
      2.30398      0.00000      0.00000      0.00000
      2.31398      0.00000      0.00000      0.00000
      2.32398      0.00000      0.00000      0.00000
      2.33398      0.00000      0.00000      0.00000
      2.34398      0.00000      0.00000      0.00000
      2.35398      0.00000      0.00000      0.00000
      2.36398      0.00000      0.00000      0.00000
      2.37398      0.00000      0.00000      0.00000
      2.38398      0.00000      0.00000      0.00000
      2.39398      0.00000      0.00000      0.00000
      2.40398      0.00000      0.00000      0.00000
      2.41398      0.00000      0.00000      0.00000
      2.42398      0.00000      0.00000      0.00000
      2.43398      0.00000      0.00000      0.00000
      2.44398      0.00000      0.00000      0.00000
      2.45398      0.00000      0.00000      0.00000
      2.46398      0.00000      0.00000      0.00000
      2.47398      0.00000      0.00000      0.00000
      2.48398      0.00000      0.00000      0.00000
      2.49398      0.00000      0.00000      0.00000
      2.50398      0.00000      0.00000      0.00000
      2.51398      0.00000      0.00000      0.00000
      2.52398      0.00000      0.00000      0.00000
      2.53398      0.00000      0.00000      0.00000
      2.54398      0.00000      0.00000      0.00000
      2.55398      0.00000      0.00000      0.00000
      2.56398      0.00000      0.00000      0.00000
      2.57398      0.00000      0.00000      0.00000
      2.58398      0.00000      0.00000      0.00000
      2.59398      0.00000      0.00000      0.00000
      2.60398      0.00000      0.00000      0.00000
      2.61398      0.00000      0.00000      0.00000
      2.62398      0.00000      0.00000      0.00000
      2.63398      0.00000      0.00000      0.00000
      2.64398      0.00000      0.00000      0.00000
      2.65398      0.00000      0.00000      0.00000
      2.66398      0.00000      0.00000      0.00000
      2.67398      0.00000      0.00000      0.00000
      2.68398      0.00000      0.00000      0.00000
      2.69398      0.00000      0.00000      0.00000
      2.70398      0.00000      0.00000      0.00000
      2.71398      0.00000      0.00000      0.00000
      2.72398      0.00000      0.00000      0.00000
      2.73398      0.00000      0.00000      0.00000
      2.74398      0.00000      0.00000      0.00000
      2.75398      0.00000      0.00000      0.00000
      2.76398      0.00000      0.00000      0.00000
      2.77398      0.00000      0.00000      0.00000
      2.78398      0.00000      0.00000      0.00000
      2.79398      0.00000      0.00000      0.00000
      2.80398      0.00000      0.00000      0.00000
      2.81398      0.00000      0.00000      0.00000
      2.82398      0.00000      0.00000      0.00000
      2.83398      0.00000      0.00000      0.00000
      2.84398      0.00000      0.00000      0.00000
      2.85398      0.00000      0.00000      0.00000
      2.86398      0.00000      0.00000      0.00000
      2.87398      0.00000      0.00000      0.00000
      2.88398      0.00000      0.00000      0.00000
      2.89398      0.00000      0.00000      0.00000
      2.90398      0.00000      0.00000      0.00000
      2.91398      0.00000      0.00000      0.00000
      2.92398      0.00000      0.00000      0.00000
      2.93398      0.00000      0.00000      0.00000
      2.94398      0.00000      0.00000      0.00000
      2.95398      0.00000      0.00000      0.00000
      2.96398      0.00000      0.00000      0.00000
      2.97398      0.00000      0.00000      0.00000
      2.98398      0.00000      0.00000      0.00000
      2.99398      0.00000      0.00000      0.00000
      3.00398      0.00000      0.00000      0.00000
      3.01398      0.00000      0.00000      0.00000
      3.02398      0.00000      0.00000      0.00000
      3.03398      0.00000      0.00000      0.00000
      3.04398      0.00000      0.00000      0.00000
      3.05398      0.00000      0.00000      0.00000
      3.06398      0.00000      0.00000      0.00000
      3.07398      0.00000      0.00000      0.00000
      3.08398      0.00000      0.00000      0.00000
      3.09398      0.00000      0.00000      0.00000
      3.10398      0.00000      0.00000      0.00000
      3.11398      0.00000      0.00000      0.00000
      3.12398      0.00000      0.00000      0.00000
      3.13398      0.00000      0.00000      0.00000
      3.14398      0.00000      0.00000      0.00000
      3.15398      0.00000      0.00000      0.00000
      3.16398      0.00000      0.00000      0.00000
      3.17398      0.00000      0.00000      0.00000
      3.18398      0.00000      0.00000      0.00000
      3.19398      0.00000      0.00000      0.00000
      3.20398      0.00000      0.00000      0.00000
      3.21398      0.00000      0.00000      0.00000
      3.22398      0.00000      0.00000      0.00000
      3.23398      0.00000      0.00000      0.00000
      3.24398      0.00000      0.00000      0.00000
      3.25398      0.00000      0.00000      0.00000
      3.26398      0.00000      0.00000      0.00000
      3.27398      0.00000      0.00000      0.00000
      3.28398      0.00000      0.00000      0.00000
      3.29398      0.00000      0.00000      0.00000
      3.30398      0.00000      0.00000      0.00000
      3.31398      0.00000      0.00000      0.00000
      3.32398      0.00000      0.00000      0.00000
      3.33398      0.00000      0.00000      0.00000
      3.34398      0.00000      0.00000      0.00000
      3.35398      0.00000      0.00000      0.00000
      3.36398      0.00000      0.00000      0.00000
      3.37398      0.00000      0.00000      0.00000
      3.38398      0.00000      0.00000      0.00000
      3.39398      0.00000      0.00000      0.00000
      3.40398      0.00000      0.00000      0.00000
      3.41398      0.00000      0.00000      0.00000
      3.42398      0.00000      0.00000      0.00000
      3.43398      0.00000      0.00000      0.00000
      3.44398      0.00000      0.00000      0.00000
      3.45398      0.00000      0.00000      0.00000
      3.46398      0.00000      0.00000      0.00000
      3.47398      0.00000      0.00000      0.00000
      3.48398      0.00000      0.00000      0.00000
      3.49398      0.00000      0.00000      0.00000
      3.50398      0.00000      0.00000      0.00000
      3.51398      0.00000      0.00000      0.00000
      3.52398      0.00000      0.00000      0.00000
      3.53398      0.00000      0.00000      0.00000
      3.54398      0.00000      0.00000      0.00000
      3.55398      0.00000      0.00000      0.00000
      3.56398      0.00000      0.00000      0.00000
      3.57398      0.00000      0.00000      0.00000
      3.58398      0.00000      0.00000      0.00000
      3.59398      0.00000      0.00000      0.00000
      3.60398      0.00000      0.00000      0.00000
      3.61398      0.00000      0.00000      0.00000
      3.62398      0.00000      0.00000      0.00000
      3.63398      0.00000      0.00000      0.00000
      3.64398      0.00000      0.00000      0.00000
      3.65398      0.00000      0.00000      0.00000
      3.66398      0.00000      0.00000      0.00000
      3.67398      0.00000      0.00000      0.00000
      3.68398      0.00000      0.00000      0.00000
      3.69398      0.00000      0.00000      0.00000
      3.70398      0.00000      0.00000      0.00000
      3.71398      0.00000      0.00000      0.00000
      3.72398      0.00000      0.00000      0.00000
      3.73398      0.00000      0.00000      0.00000
      3.74398      0.00000      0.00000      0.00000
      3.75398      0.00000      0.00000      0.00000
      3.76398      0.00000      0.00000      0.00000
      3.77398      0.00000      0.00000      0.00000
      3.78398      0.00000      0.00000      0.00000
      3.79398      0.00000      0.00000      0.00000
      3.80398      0.00000      0.00000      0.00000
      3.81398      0.00000      0.00000      0.00000
      3.82398      0.00000      0.00000      0.00000
      3.83398      0.00000      0.00000      0.00000
      3.84398      0.00000      0.00000      0.00000
      3.85398      0.00000      0.00000      0.00000
      3.86398      0.00000      0.00000      0.00000
      3.87398      0.00000      0.00000      0.00000
      3.88398      0.00000      0.00000      0.00000
      3.89398      0.00000      0.00000      0.00000
      3.90398      0.00000      0.00000      0.00000
      3.91398      0.00000      0.00000      0.00000
      3.92398      0.00000      0.00000      0.00000
      3.93398      0.00000      0.00000      0.00000
      3.94398      0.00000      0.00000      0.00000
      3.95398      0.00000      0.00000      0.00000
      3.96398      0.00000      0.00000      0.00000
      3.97398      0.00000      0.00000      0.00000
      3.98398      0.00000      0.00000      0.00000
      3.99398      0.00000      0.00000      0.00000
      4.00398      0.00000      0.00000      0.00000
      4.01398      0.00000      0.00000      0.00000
      4.02398      0.00000      0.00000      0.00000
      4.03398      0.00000      0.00000      0.00000
      4.04398      0.00000      0.00000      0.00000
      4.05398      0.00000      0.00000      0.00000
      4.06398      0.00000      0.00000      0.00000
      4.07398      0.00000      0.00000      0.00000
      4.08398      0.00000      0.00000      0.00000
      4.09398      0.00000      0.00000      0.00000
      4.10398      0.00000      0.00000      0.00000
      4.11398      0.00000      0.00000      0.00000
      4.12398      0.00000      0.00000      0.00000
      4.13398      0.00000      0.00000      0.00000
      4.14398      0.00000      0.00000      0.00000
      4.15398      0.00000      0.00000      0.00000
      4.16398      0.00000      0.00000      0.00000
      4.17398      0.00000      0.00000      0.00000
      4.18398      0.00000      0.00000      0.00000
      4.19398      0.00000      0.00000      0.00000
      4.20398      0.00000      0.00000      0.00000
      4.21398      0.00000      0.00000      0.00000
      4.22398      0.00000      0.00000      0.00000
      4.23398      0.00000      0.00000      0.00000
      4.24398      0.00000      0.00000      0.00000
      4.25398      0.00000      0.00000      0.00000
      4.26398      0.00000      0.00000      0.00000
      4.27398      0.00000      0.00000      0.00000
      4.28398      0.00000      0.00000      0.00000
      4.29398      0.00000      0.00000      0.00000
      4.30398      0.00000      0.00000      0.00000
      4.31398      0.00000      0.00000      0.00000
      4.32398      0.00000      0.00000      0.00000
      4.33398      0.00000      0.00000      0.00000
      4.34398      0.00000      0.00000      0.00000
      4.35398      0.00000      0.00000      0.00000
      4.36398      0.00000      0.00000      0.00000
      4.37398      0.00000      0.00000      0.00000
      4.38398      0.00000      0.00000      0.00000
      4.39398      0.00000      0.00000      0.00000
      4.40398      0.00000      0.00000      0.00000
      4.41398      0.00000      0.00000      0.00000
      4.42398      0.00000      0.00000      0.00000
      4.43398      0.00000      0.00000      0.00000
      4.44398      0.00000      0.00000      0.00000
      4.45398      0.00000      0.00000      0.00000
      4.46398      0.00000      0.00000      0.00000
      4.47398      0.00000      0.00000      0.00000
      4.48398      0.00000      0.00000      0.00000
      4.49398      0.00000      0.00000      0.00000
      4.50398      0.00000      0.00000      0.00000
      4.51398      0.00000      0.00000      0.00000
      4.52398      0.00000      0.00000      0.00000
      4.53398      0.00000      0.00000      0.00000
      4.54398      0.00000      0.00000      0.00000
      4.55398      0.00000      0.00000      0.00000
      4.56398      0.00000      0.00000      0.00000
      4.57398      0.00000      0.00000      0.00000
      4.58398      0.00000      0.00000      0.00000
      4.59398      0.00000      0.00000      0.00000
      4.60398      0.00000      0.00000      0.00000
      4.61398      0.00000      0.00000      0.00000
      4.62398      0.00000      0.00000      0.00000
      4.63398      0.00003      0.00003      0.00000
      4.64398      0.00109      0.00097      0.00012
      4.65398      0.01596      0.01423      0.00174
      4.66398      0.09237      0.08230      0.01007
      4.67398      0.22978      0.20459      0.02519
      4.68398      0.30456      0.27071      0.03385
      4.69398      0.34442      0.30515      0.03927
      4.70398      0.42232      0.37315      0.04917
      4.71398      0.42834      0.37755      0.05079
      4.72398      0.39117      0.34353      0.04765
      4.73398      0.40578      0.35520      0.05059
      4.74398      0.37210      0.32485      0.04725
      4.75398      0.28639      0.24908      0.03730
      4.76398      0.38546      0.33372      0.05174
      4.77398      0.67480      0.58346      0.09134
      4.78398      0.69450      0.59915      0.09535
      4.79398      0.49033      0.42060      0.06972
      4.80398      0.38590      0.32871      0.05719
      4.81398      0.48245      0.41005      0.07240
      4.82398      0.62928      0.53421      0.09507
      4.83398      0.49742      0.41994      0.07748
      4.84398      0.37124      0.30630      0.06494
      4.85398      0.80854      0.65046      0.15808
      4.86398      1.73808      1.38983      0.34825
      4.87398      2.40170      1.91422      0.48747
      4.88398      2.56029      2.02693      0.53336
      4.89398      2.22018      1.73906      0.48112
      4.90398      1.74890      1.36285      0.38605
      4.91398      1.42714      1.11387      0.31327
      4.92398      1.15955      0.90851      0.25104
      4.93398      1.08960      0.85615      0.23344
      4.94398      1.31359      1.02894      0.28465
      4.95398      1.44995      1.12939      0.32056
      4.96398      1.18249      0.91896      0.26353
      4.97398      0.75788      0.59067      0.16721
      4.98398      0.74412      0.58041      0.16370
      4.99398      0.92262      0.72005      0.20257
      5.00398      0.82047      0.64445      0.17602
      5.01398      0.79851      0.62983      0.16868
      5.02398      1.18735      0.92475      0.26260
      5.03398      1.47170      1.13502      0.33668
      5.04398      1.10861      0.85403      0.25458
      5.05398      0.48987      0.37932      0.11055
      5.06398      0.25377      0.19574      0.05802
      5.07398      0.54328      0.41573      0.12755
      5.08398      0.80421      0.61493      0.18927
      5.09398      0.60823      0.46709      0.14114
      5.10398      0.51765      0.40502      0.11263
      5.11398      0.62641      0.48895      0.13746
      5.12398      0.88240      0.66988      0.21252
      5.13398      1.18121      0.88469      0.29651
      5.14398      0.86245      0.64618      0.21628
      5.15398      0.38424      0.29246      0.09178
      5.16398      0.34150      0.26555      0.07595
      5.17398      0.46676      0.36170      0.10506
      5.18398      0.63330      0.48372      0.14958
      5.19398      0.79502      0.60083      0.19418
      5.20398      0.75840      0.57860      0.17981
      5.21398      0.56822      0.44059      0.12762
      5.22398      0.35968      0.27889      0.08080
      5.23398      0.38510      0.29236      0.09273
      5.24398      0.76352      0.56939      0.19412
      5.25398      1.14674      0.84562      0.30112
      5.26398      0.83948      0.61603      0.22345
      5.27398      0.29226      0.21569      0.07657
      5.28398      0.21313      0.16325      0.04988
      5.29398      0.34889      0.26754      0.08135
      5.30398      0.39250      0.29779      0.09471
      5.31398      0.51260      0.38329      0.12931
      5.32398      0.73512      0.54457      0.19055
      5.33398      0.62999      0.46696      0.16303
      5.34398      0.29480      0.22003      0.07477
      5.35398      0.24129      0.18147      0.05982
      5.36398      0.33152      0.24903      0.08248
      5.37398      0.38596      0.28629      0.09967
      5.38398      0.67388      0.49208      0.18179
      5.39398      1.01278      0.73439      0.27839
      5.40398      0.88277      0.64319      0.23959
      5.41398      0.65750      0.48961      0.16789
      5.42398      0.54744      0.41374      0.13370
      5.43398      0.33995      0.25819      0.08176
      5.44398      0.17783      0.13320      0.04463
      5.45398      0.25519      0.18601      0.06918
      5.46398      0.45977      0.33236      0.12741
      5.47398      0.52707      0.37906      0.14802
      5.48398      0.40651      0.29481      0.11171
      5.49398      0.32259      0.23757      0.08503
      5.50398      0.28397      0.20925      0.07472
      5.51398      0.31370      0.23021      0.08349
      5.52398      0.39455      0.28834      0.10621
      5.53398      0.55963      0.40558      0.15405
      5.54398      0.85198      0.61039      0.24159
      5.55398      0.90043      0.64235      0.25808
      5.56398      0.46895      0.33512      0.13383
      5.57398      0.16381      0.11801      0.04580
      5.58398      0.21259      0.15463      0.05796
      5.59398      0.30146      0.22018      0.08128
      5.60398      0.29641      0.21628      0.08012
      5.61398      0.33704      0.24373      0.09332
      5.62398      0.45953      0.32908      0.13045
      5.63398      0.52989      0.37678      0.15311
      5.64398      0.49682      0.35520      0.14163
      5.65398      0.40473      0.29350      0.11123
      5.66398      0.38034      0.27774      0.10260
      5.67398      0.40949      0.29789      0.11160
      5.68398      0.34842      0.25115      0.09727
      5.69398      0.43306      0.30889      0.12416
      5.70398      0.66209      0.46845      0.19364
      5.71398      0.77674      0.54343      0.23331
      5.72398      0.58151      0.40352      0.17799
      5.73398      0.21919      0.15166      0.06752
      5.74398      0.08344      0.05898      0.02446
      5.75398      0.21559      0.15454      0.06105
      5.76398      0.38012      0.27198      0.10814
      5.77398      0.29969      0.21364      0.08605
      5.78398      0.19764      0.13996      0.05768
      5.79398      0.41117      0.29005      0.12111
      5.80398      0.67647      0.47595      0.20052
      5.81398      0.52389      0.36740      0.15649
      5.82398      0.21389      0.14964      0.06425
      5.83398      0.17382      0.12213      0.05169
      5.84398      0.26296      0.18556      0.07740
      5.85398      0.27865      0.19635      0.08229
      5.86398      0.26284      0.18361      0.07924
      5.87398      0.34274      0.23817      0.10457
      5.88398      0.55899      0.38695      0.17204
      5.89398      0.73131      0.50373      0.22758
      5.90398      0.72544      0.50169      0.22375
      5.91398      0.57069      0.39948      0.17121
      5.92398      0.40347      0.28531      0.11816
      5.93398      0.30686      0.21803      0.08883
      5.94398      0.20593      0.14573      0.06019
      5.95398      0.18771      0.13036      0.05735
      5.96398      0.26657      0.18402      0.08255
      5.97398      0.29355      0.20195      0.09160
      5.98398      0.32274      0.22026      0.10248
      5.99398      0.37104      0.25389      0.11715
      6.00398      0.36418      0.25144      0.11274
      6.01398      0.27412      0.18991      0.08421
      6.02398      0.23694      0.16389      0.07306
      6.03398      0.27280      0.18800      0.08480
      6.04398      0.27700      0.19049      0.08651
      6.05398      0.35544      0.24440      0.11104
      6.06398      0.48670      0.33319      0.15351
      6.07398      0.66434      0.45228      0.21206
      6.08398      0.64977      0.44069      0.20908
      6.09398      0.32673      0.22094      0.10579
      6.10398      0.15744      0.10695      0.05049
      6.11398      0.22695      0.15547      0.07153
      6.12398      0.27889      0.19480      0.08589
      6.13398      0.30521      0.25240      0.07708
      6.14398      0.54688      0.60552      0.07185
      6.15398      1.03630      1.24241      0.09313
      6.16398      1.21882      1.44812      0.11172
      6.17398      1.12328      1.26368      0.13052
      6.18398      1.07085      1.14031      0.14982
      6.19398      0.85285      0.91478      0.11316
      6.20398      0.71680      0.75281      0.10053
      6.21398      0.80364      0.81944      0.12299
      6.22398      0.77070      0.82059      0.10042
      6.23398      0.69312      0.72002      0.09908
      6.24398      0.79495      0.75620      0.14784
      6.25398      0.83560      0.78045      0.16273
      6.26398      0.75807      0.68461      0.16047
      6.27398      0.63103      0.54589      0.14617
      6.28398      0.52796      0.53918      0.07840
      6.29398      0.54910      0.65396      0.03182
      6.30398      0.56771      0.62031      0.06127
      6.31398      0.58738      0.54504      0.11344
      6.32398      0.52685      0.48829      0.10192
      6.33398      0.40171      0.42637      0.04903
      6.34398      0.44914      0.46710      0.05972
      6.35398      0.71099      0.62903      0.15332
      6.36398      0.80441      0.67077      0.19552
      6.37398      0.55543      0.48492      0.12362
      6.38398      0.36385      0.36719      0.05407
      6.39398      0.45847      0.48049      0.05776
      6.40398      0.55895      0.55943      0.08434
      6.41398      0.53907      0.54169      0.08021
      6.42398      0.51595      0.52899      0.07150
      6.43398      0.48369      0.47007      0.08127
      6.44398      0.54892      0.47762      0.12265
      6.45398      0.63812      0.51224      0.16647
      6.46398      0.82048      0.66430      0.21106
      6.47398      0.94968      0.80596      0.22298
      6.48398      0.70669      0.60567      0.16183
      6.49398      0.42272      0.33677      0.11043
      6.50398      0.35411      0.29420      0.08583
      6.51398      0.32754      0.32137      0.05256
      6.52398      0.38175      0.38522      0.05563
      6.53398      0.55083      0.53877      0.08929
      6.54398      0.57078      0.57341      0.08356
      6.55398      0.52281      0.52325      0.07798
      6.56398      0.56307      0.52482      0.10609
      6.57398      0.53408      0.46128      0.12087
      6.58398      0.39184      0.32329      0.09709
      6.59398      0.35577      0.31882      0.07398
      6.60398      0.41531      0.38023      0.08210
      6.61398      0.44493      0.41427      0.08439
      6.62398      0.53785      0.51420      0.09402
      6.63398      0.68041      0.63524      0.12711
      6.64398      0.67547      0.56199      0.16544
      6.65398      0.65383      0.46638      0.20470
      6.66398      0.54145      0.41304      0.15450
      6.67398      0.41719      0.41443      0.06441
      6.68398      0.38722      0.39700      0.05282
      6.69398      0.34989      0.28844      0.08753
      6.70398      0.28959      0.20208      0.09304
      6.71398      0.27254      0.20738      0.07763
      6.72398      0.40651      0.38721      0.07136
      6.73398      0.66522      0.66635      0.09851
      6.74398      0.71642      0.70531      0.11356
      6.75398      0.68281      0.64609      0.12353
      6.76398      0.65678      0.57988      0.14234
      6.77398      0.43784      0.35911      0.11031
      6.78398      0.41274      0.33732      0.10478
      6.79398      0.57791      0.49789      0.13251
      6.80398      0.46973      0.40366      0.10857
      6.81398      0.35159      0.26516      0.10254
      6.82398      0.52072      0.38755      0.15480
      6.83398      0.66737      0.54944      0.16824
      6.84398      0.63011      0.53207      0.15142
      6.85398      0.52342      0.45878      0.11628
      6.86398      0.41461      0.43425      0.05177
      6.87398      0.31115      0.35475      0.02283
      6.88398      0.35846      0.34991      0.05992
      6.89398      0.46195      0.37737      0.11887
      6.90398      0.37026      0.26852      0.11454
      6.91398      0.21500      0.17096      0.05788
      6.92398      0.30273      0.27738      0.06055
      6.93398      0.62416      0.51376      0.15850
      6.94398      0.77451      0.62748      0.20276
      6.95398      0.56070      0.51346      0.11224
      6.96398      0.37821      0.40411      0.04131
      6.97398      0.37760      0.37510      0.05753
      6.98398      0.40945      0.35823      0.09089
      6.99398      0.41598      0.37169      0.08828
      7.00398      0.41096      0.38255      0.07943
      7.01398      0.48957      0.45791      0.09440
      7.02398      0.70295      0.63846      0.14592
      7.03398      0.78582      0.68408      0.17977
      7.04398      0.63221      0.48854      0.17984
      7.05398      0.53406      0.36970      0.17620
      7.06398      0.49160      0.37319      0.14335
      7.07398      0.49208      0.42736      0.11289
      7.08398      0.46695      0.43607      0.08960
      7.09398      0.39150      0.38506      0.06350
      7.10398      0.35527      0.30745      0.08168
      7.11398      0.37723      0.29940      0.10295
      7.12398      0.41557      0.37140      0.09011
      7.13398      0.42929      0.40865      0.07840
      7.14398      0.42589      0.37999      0.09187
      7.15398      0.40367      0.32911      0.10544
      7.16398      0.38558      0.33847      0.08821
      7.17398      0.43156      0.39043      0.09242
      7.18398      0.44069      0.39423      0.09667
      7.19398      0.41734      0.34504      0.10721
      7.20398      0.48413      0.34122      0.15710
      7.21398      0.63788      0.46895      0.19542
      7.22398      0.74723      0.65247      0.16958
      7.23398      0.58993      0.60825      0.08017
      7.24398      0.41756      0.46282      0.03882
      7.25398      0.48395      0.49801      0.06829
      7.26398      0.51909      0.49094      0.09754
      7.27398      0.39125      0.32443      0.09904
      7.28398      0.34466      0.27242      0.09480
      7.29398      0.44885      0.37252      0.11334
      7.30398      0.45372      0.35835      0.12504
      7.31398      0.37009      0.28181      0.10859
      7.32398      0.46583      0.40413      0.10996
      7.33398      0.59051      0.56905      0.10743
      7.34398      0.68043      0.64162      0.12909
      7.35398      0.72630      0.63963      0.15490
      7.36398      0.72960      0.63996      0.14431
      7.37398      0.93935      0.82289      0.18399
      7.38398      1.12336      1.00648      0.21284
      7.39398      0.95776      0.94139      0.13109
      7.40398      0.65979      0.71955      0.03714
      7.41398      0.47105      0.52923      0.00830
      7.42398      0.41852      0.43031      0.03018
      7.43398      0.60667      0.55125      0.09848
      7.44398      0.88352      0.82202      0.14117
      7.45398      0.91759      0.92624      0.10187
      7.46398      0.79177      0.78088      0.09546
      7.47398      0.80624      0.69763      0.15622
      7.48398      0.78311      0.66729      0.16166
      7.49398      0.69079      0.67385      0.08933
      7.50398      0.75970      0.78649      0.06455
      7.51398      0.88351      0.89445      0.09196
      7.52398      0.96620      0.95262      0.12385
      7.53398      1.00540      0.97324      0.13841
      7.54398      0.98852      0.94370      0.14300
      7.55398      0.91651      0.89203      0.12983
      7.56398      0.86350      0.84037      0.11838
      7.57398      1.03008      0.97781      0.13993
      7.58398      1.12824      1.09753      0.14379
      7.59398      0.94645      0.90766      0.13421
      7.60398      0.81085      0.71128      0.14775
      7.61398      0.81637      0.71950      0.14003
      7.62398      0.76582      0.72366      0.10282
      7.63398      0.56363      0.55708      0.05755
      7.64398      0.53937      0.50411      0.06813
      7.65398      0.85721      0.79517      0.11699
      7.66398      1.15637      1.11928      0.14087
      7.67398      1.21188      1.18474      0.15689
      7.68398      1.11148      1.08832      0.15049
      7.69398      0.95548      0.91875      0.12672
      7.70398      0.79143      0.71990      0.11579
      7.71398      0.75128      0.68864      0.11097
      7.72398      0.84634      0.84352      0.09388
      7.73398      0.93178      0.93363      0.09209
      7.74398      1.02589      0.95606      0.13261
      7.75398      0.93816      0.83483      0.14033
      7.76398      0.73816      0.66009      0.09892
      7.77398      0.76141      0.68300      0.10595
      7.78398      0.91614      0.85314      0.12487
      7.79398      1.12128      1.04415      0.16278
      7.80398      1.17957      1.01806      0.22147
      7.81398      1.06837      0.85882      0.23656
      7.82398      1.04755      0.90660      0.17811
      7.83398      1.06532      1.05111      0.08645
      7.84398      1.03909      1.10232      0.04431
      7.85398      1.10570      1.15068      0.08585
      7.86398      1.11888      1.08980      0.13029
      7.87398      1.08349      1.01988      0.12719
      7.88398      1.06946      0.98914      0.13228
      7.89398      1.18872      1.09086      0.17596
      7.90398      1.26076      1.14185      0.20353
      7.91398      1.12263      1.01233      0.17271
      7.92398      1.21987      1.17351      0.12603
      7.93398      1.28270      1.24149      0.11742
      7.94398      1.13565      1.00856      0.15934
      7.95398      1.07123      0.88797      0.19609
      7.96398      1.21190      1.03347      0.20853
      7.97398      1.39577      1.21775      0.22214
      7.98398      1.29621      1.10879      0.22124
      7.99398      1.25190      1.08299      0.21463
      8.00398      1.37733      1.26935      0.18730
      8.01398      1.61256      1.56020      0.17273
      8.02398      1.83646      1.75409      0.21969
      8.03398      1.67755      1.51076      0.25116
      8.04398      1.58850      1.33694      0.27733
      8.05398      1.65393      1.38809      0.28472
      8.06398      1.81327      1.58694      0.29103
      8.07398      2.36847      2.09573      0.37789
      8.08398      2.82595      2.42775      0.46917
      8.09398      2.97773      2.47928      0.51897
      8.10398      3.18828      2.61693      0.57629
      8.11398      3.07502      2.53183      0.56038
      8.12398      2.47686      2.08514      0.43803
      8.13398      1.40539      1.23586      0.23043
      8.14398      0.51569      0.51529      0.06215
      8.15398      0.21973      0.27242      0.00742
      8.16398      0.18687      0.24934      0.00037
      8.17398      0.22835      0.30315      0.00001
      8.18398      0.38311      0.50429      0.00000
      8.19398      0.43848      0.57593      0.00000
      8.20398      0.30402      0.39815      0.00000
      8.21398      0.20256      0.26487      0.00000
      8.22398      0.20818      0.27338      0.00000
      8.23398      0.25956      0.34341      0.00000
      8.24398      0.33384      0.44361      0.00000
      8.25398      0.32732      0.43568      0.00000
      8.26398      0.18957      0.25254      0.00000
      8.27398      0.13337      0.17669      0.00000
      8.28398      0.13976      0.18460      0.00000
      8.29398      0.07694      0.10166      0.00000
      8.30398      0.07274      0.09673      0.00000
      8.31398      0.19669      0.26248      0.00000
      8.32398      0.26252      0.35119      0.00000
      8.33398      0.17613      0.23608      0.00000
      8.34398      0.20244      0.27035      0.00000
      8.35398      0.36243      0.48158      0.00000
      8.36398      0.34969      0.46280      0.00000
      8.37398      0.21973      0.28954      0.00000
      8.38398      0.18902      0.24910      0.00000
      8.39398      0.20427      0.27167      0.00000
      8.40398      0.22568      0.30171      0.00000
      8.41398      0.19007      0.25327      0.00000
      8.42398      0.16622      0.22007      0.00000
      8.43398      0.12156      0.16085      0.00000
      8.44398      0.10230      0.13644      0.00000
      8.45398      0.14578      0.19518      0.00000
      8.46398      0.14349      0.19224      0.00000
      8.47398      0.18874      0.25273      0.00000
      8.48398      0.25705      0.34352      0.00000
      8.49398      0.21853      0.29169      0.00000
      8.50398      0.17814      0.23816      0.00000
      8.51398      0.15434      0.20593      0.00000
      8.52398      0.18875      0.24887      0.00000
      8.53398      0.33187      0.43586      0.00000
      8.54398      0.38547      0.50692      0.00000
      8.55398      0.41172      0.54423      0.00000
      8.56398      0.48807      0.64797      0.00000
      8.57398      0.39891      0.52978      0.00000
      8.58398      0.22481      0.29789      0.00000
      8.59398      0.16186      0.21426      0.00000
      8.60398      0.15842      0.20987      0.00000
      8.61398      0.18014      0.23918      0.00000
      8.62398      0.27664      0.36777      0.00000
      8.63398      0.23422      0.31144      0.00000
      8.64398      0.17818      0.23692      0.00000
      8.65398      0.26566      0.35324      0.00000
      8.66398      0.22996      0.30579      0.00000
      8.67398      0.13477      0.17914      0.00000
      8.68398      0.18379      0.24406      0.00000
      8.69398      0.21787      0.28890      0.00000
      8.70398      0.22446      0.29668      0.00000
      8.71398      0.31077      0.41053      0.00000
      8.72398      0.32029      0.42358      0.00000
      8.73398      0.24115      0.31900      0.00000
      8.74398      0.18061      0.23875      0.00000
      8.75398      0.23659      0.31257      0.00000
      8.76398      0.36812      0.48627      0.00000
      8.77398      0.30458      0.40246      0.00000
      8.78398      0.13823      0.18259      0.00000
      8.79398      0.12624      0.16629      0.00000
      8.80398      0.19434      0.25618      0.00000
      8.81398      0.19983      0.26400      0.00000
      8.82398      0.13233      0.17493      0.00000
      8.83398      0.09269      0.12167      0.00000
      8.84398      0.13846      0.18092      0.00000
      8.85398      0.14147      0.18504      0.00000
      8.86398      0.15310      0.20105      0.00000
      8.87398      0.25170      0.33130      0.00000
      8.88398      0.45253      0.59576      0.00000
      8.89398      0.62962      0.82814      0.00000
      8.90398      0.54156      0.71259      0.00000
      8.91398      0.37732      0.49755      0.00000
      8.92398      0.34661      0.45638      0.00000
      8.93398      0.39128      0.51321      0.00000
      8.94398      0.37191      0.48691      0.00000
      8.95398      0.31246      0.40879      0.00000
      8.96398      0.24790      0.32478      0.00000
      8.97398      0.20424      0.26794      0.00000
      8.98398      0.18642      0.24408      0.00000
      8.99398      0.18491      0.24113      0.00000
      9.00398      0.21674      0.28019      0.00000
      9.01398      0.28948      0.37148      0.00000
      9.02398      0.26556      0.33977      0.00000
      9.03398      0.19614      0.25120      0.00000
      9.04398      0.14124      0.18117      0.00000
      9.05398      0.21331      0.27530      0.00000
      9.06398      0.36738      0.47844      0.00000
      9.07398      0.40038      0.52409      0.00000
      9.08398      0.38639      0.50261      0.00000
      9.09398      0.35731      0.46192      0.00000
      9.10398      0.26916      0.34894      0.00000
      9.11398      0.24358      0.31388      0.00000
      9.12398      0.29595      0.37592      0.00000
      9.13398      0.27482      0.34678      0.00000
      9.14398      0.19290      0.24402      0.00000
      9.15398      0.10894      0.13725      0.00000
      9.16398      0.13904      0.17163      0.00000
      9.17398      0.20859      0.25667      0.00000
      9.18398      0.12861      0.15829      0.00000
      9.19398      0.02985      0.03673      0.00000
      9.20398      0.01067      0.01287      0.00000
      9.21398      0.05561      0.06689      0.00000
      9.22398      0.16678      0.20447      0.00000
      9.23398      0.39020      0.50060      0.00000
      9.24398      0.93044      1.21608      0.00000
      9.25398      1.45701      1.89208      0.00000
      9.26398      1.28753      1.64802      0.00000
      9.27398      0.67798      0.84879      0.00000
      9.28398      0.31151      0.37757      0.00000
      9.29398      0.19296      0.22875      0.00000
      9.30398      0.14350      0.16803      0.00000
      9.31398      0.14992      0.17408      0.00000
      9.32398      0.10416      0.12069      0.00000
      9.33398      0.05041      0.05797      0.00000
      9.34398      0.07256      0.08297      0.00000
      9.35398      0.12941      0.15005      0.00000
      9.36398      0.24244      0.28586      0.00000
      9.37398      0.31942      0.37994      0.00000
      9.38398      0.33113      0.39550      0.00000
      9.39398      0.35079      0.42159      0.00000
      9.40398      0.34290      0.42750      0.00000
      9.41398      0.44537      0.57756      0.00000
      9.42398      0.51874      0.67826      0.00000
      9.43398      0.38772      0.49012      0.00000
      9.44398      0.40699      0.46749      0.00000
      9.45398      0.53338      0.59715      0.00000
      9.46398      0.45764      0.51461      0.00000
      9.47398      0.32503      0.36977      0.00000
      9.48398      0.26950      0.31013      0.00000
      9.49398      0.22704      0.26528      0.00000
      9.50398      0.27504      0.31806      0.00000
      9.51398      0.42360      0.47801      0.00000
      9.52398      0.41621      0.47283      0.00000
      9.53398      0.27967      0.33160      0.00000
      9.54398      0.28110      0.33954      0.00000
      9.55398      0.47000      0.54693      0.00002
      9.56398      0.68071      0.76945      0.00017
      9.57398      0.73388      0.83317      0.00058
      9.58398      0.70968      0.84149      0.00085
      9.59398      0.85069      1.04849      0.00141
      9.60398      1.00352      1.23128      0.00317
      9.61398      0.76061      0.90737      0.00334
      9.62398      0.48174      0.53727      0.00236
      9.63398      0.43199      0.44718      0.00661
      9.64398      0.42975      0.42274      0.01546
      9.65398      0.40134      0.39233      0.01702
      9.66398      0.46451      0.47651      0.01481
      9.67398      0.57350      0.60275      0.01638
      9.68398      0.46994      0.48875      0.01619
      9.69398      0.54633      0.53991      0.02652
      9.70398      0.81266      0.79502      0.04202
      9.71398      0.82463      0.81553      0.04628
      9.72398      0.64801      0.64790      0.04545
      9.73398      0.63985      0.61756      0.05781
      9.74398      0.86532      0.81940      0.08127
      9.75398      1.17104      1.12081      0.11213
      9.76398      1.24642      1.17956      0.13717
      9.77398      1.19570      1.14282      0.13201
      9.78398      1.20794      1.20906      0.10312
      9.79398      1.17979      1.19033      0.08223
      9.80398      0.90538      0.88711      0.06512
      9.81398      0.58242      0.54344      0.05561
      9.82398      0.65014      0.59415      0.07627
      9.83398      0.90560      0.83018      0.10634
      9.84398      0.71901      0.65391      0.08629
      9.85398      0.41862      0.39957      0.03950
      9.86398      0.52445      0.53345      0.03087
      9.87398      0.54323      0.54571      0.03582
      9.88398      0.48073      0.47114      0.04164
      9.89398      0.71791      0.71261      0.05899
      9.90398      0.77518      0.78207      0.05381
      9.91398      0.62082      0.64438      0.03356
      9.92398      0.65164      0.69266      0.02595
      9.93398      0.67491      0.72258      0.02843
      9.94398      0.62381      0.67441      0.03631
      9.95398      0.73621      0.80012      0.05127
      9.96398      1.00966      1.06766      0.07971
      9.97398      1.06098      1.06272      0.09612
      9.98398      0.72083      0.70736      0.06108
      9.99398      0.43451      0.46326      0.01760
     10.00398      0.29889      0.32898      0.00772
     10.01398      0.27047      0.26420      0.01866
     10.02398      0.27979      0.25820      0.02316
     10.03398      0.19097      0.17490      0.01706
     10.04398      0.26472      0.24717      0.02509
     10.05398      0.57213      0.55711      0.04187
     10.06398      0.78336      0.78294      0.05025
     10.07398      0.64813      0.66214      0.03832
     10.08398      0.38636      0.39171      0.02221
     10.09398      0.22156      0.21490      0.01596
     10.10398      0.23295      0.24068      0.01440
     10.11398      0.41178      0.45005      0.01909
     10.12398      0.43870      0.47829      0.02188
     10.13398      0.43423      0.45713      0.02743
     10.14398      0.62187      0.64937      0.03716
     10.15398      0.73627      0.74197      0.05247
     10.16398      0.70946      0.67909      0.07100
     10.17398      0.63946      0.58688      0.08168
     10.18398      0.38938      0.34428      0.05676
     10.19398      0.17358      0.16030      0.01844
     10.20398      0.25365      0.26678      0.00564
     10.21398      0.45407      0.48529      0.01135
     10.22398      0.48602      0.51832      0.01412
     10.23398      0.35636      0.38391      0.00689
     10.24398      0.29125      0.32100      0.00507
     10.25398      0.36919      0.39000      0.01591
     10.26398      0.37283      0.37342      0.02478
     10.27398      0.29872      0.30917      0.02083
     10.28398      0.35249      0.36521      0.02874
     10.29398      0.49068      0.48853      0.04545
     10.30398      0.56187      0.57978      0.04145
     10.31398      0.53361      0.60130      0.01866
     10.32398      0.56763      0.67300      0.00843
     10.33398      0.54780      0.64002      0.01228
     10.34398      0.40332      0.45670      0.01149
     10.35398      0.31021      0.32914      0.01150
     10.36398      0.32359      0.31422      0.01789
     10.37398      0.26251      0.24600      0.01840
     10.38398      0.25546      0.24141      0.02108
     10.39398      0.40255      0.39784      0.02573
     10.40398      0.47403      0.46681      0.03132
     10.41398      0.39992      0.37132      0.04181
     10.42398      0.44702      0.40492      0.05972
     10.43398      0.57738      0.53467      0.07539
     10.44398      0.47141      0.43733      0.05926
     10.45398      0.31303      0.29782      0.02812
     10.46398      0.34042      0.35058      0.01159
     10.47398      0.35814      0.38988      0.00341
     10.48398      0.27062      0.31360      0.00046
     10.49398      0.17633      0.21674      0.00038
     10.50398      0.17081      0.20548      0.00350
     10.51398      0.29184      0.32485      0.01274
     10.52398      0.39421      0.41753      0.01785
     10.53398      0.35814      0.37721      0.01093
     10.54398      0.19740      0.20278      0.00744
     10.55398      0.15162      0.13860      0.01655
     10.56398      0.27919      0.26577      0.02518
     10.57398      0.56871      0.57679      0.03132
     10.58398      0.72865      0.73672      0.04259
     10.59398      0.42165      0.41501      0.03165
     10.60398      0.13146      0.12991      0.01069
     10.61398      0.15312      0.16771      0.00583
     10.62398      0.27060      0.29240      0.01068
     10.63398      0.21255      0.22608      0.00942
     10.64398      0.15960      0.17740      0.00582
     10.65398      0.26329      0.29011      0.01112
     10.66398      0.35009      0.37852      0.01514
     10.67398      0.43166      0.48054      0.01223
     10.68398      0.51903      0.58285      0.01671
     10.69398      0.51975      0.58041      0.02129
     10.70398      0.48499      0.51523      0.02516
     10.71398      0.49523      0.49703      0.03244
     10.72398      0.42693      0.41268      0.03815
     10.73398      0.37272      0.32986      0.05175
     10.74398      0.43417      0.36970      0.06774
     10.75398      0.47951      0.43275      0.05718
     10.76398      0.39913      0.39641      0.02302
     10.77398      0.20511      0.21639      0.00394
     10.78398      0.06592      0.06917      0.00156
     10.79398      0.10249      0.10161      0.00663
     10.80398      0.23253      0.24128      0.01230
     10.81398      0.24505      0.26758      0.00840
     10.82398      0.17959      0.19607      0.00211
     10.83398      0.22626      0.23998      0.00027
     10.84398      0.26628      0.28978      0.00124
     10.85398      0.26819      0.29614      0.00769
     10.86398      0.31764      0.34306      0.01767
     10.87398      0.26407      0.28469      0.01538
     10.88398      0.18866      0.20112      0.00906
     10.89398      0.27058      0.26516      0.01795
     10.90398      0.38928      0.37792      0.03096
     10.91398      0.35765      0.34715      0.03329
     10.92398      0.23137      0.21310      0.02858
     10.93398      0.15572      0.14303      0.01604
     10.94398      0.28923      0.29017      0.01057
     10.95398      0.47319      0.49825      0.00883
     10.96398      0.38912      0.42776      0.00366
     10.97398      0.17681      0.19547      0.00294
     10.98398      0.14146      0.14027      0.00940
     10.99398      0.22350      0.22858      0.01329
     11.00398      0.22142      0.24355      0.00803
     11.01398      0.17985      0.19467      0.00845
     11.02398      0.24994      0.25975      0.01625
     11.03398      0.30379      0.32844      0.01553
     11.04398      0.36490      0.40241      0.01536
     11.05398      0.52906      0.57639      0.02205
     11.06398      0.49264      0.52305      0.02442
     11.07398      0.35582      0.34315      0.03240
     11.08398      0.40448      0.36288      0.04721
     11.09398      0.55154      0.50097      0.06384
     11.10398      0.52211      0.48504      0.05968
     11.11398      0.25881      0.24424      0.02893
     11.12398      0.06250      0.06000      0.00610
     11.13398      0.06474      0.06705      0.00051
     11.14398      0.19779      0.20800      0.00002
     11.15398      0.26091      0.27709      0.00008
     11.16398      0.15028      0.15939      0.00118
     11.17398      0.11005      0.10908      0.00669
     11.18398      0.21591      0.21822      0.01396
     11.19398      0.24282      0.26028      0.01073
     11.20398      0.13439      0.14964      0.00324
     11.21398      0.12412      0.13114      0.00172
     11.22398      0.30333      0.31962      0.00796
     11.23398      0.56097      0.56193      0.04667
     11.24398      0.85913      0.73975      0.15442
     11.25398      1.12491      0.86544      0.26898
     11.26398      1.21426      0.90553      0.30972
     11.27398      1.21965      0.92264      0.29780
     11.28398      1.27398      1.00274      0.27733
     11.29398      1.56244      1.24789      0.33257
     11.30398      1.73023      1.35229      0.39752
     11.31398      1.38862      1.05898      0.33752
     11.32398      1.20171      0.91489      0.28912
     11.33398      1.40461      1.10873      0.30564
     11.34398      1.67988      1.39867      0.31184
     11.35398      1.69577      1.42707      0.30540
     11.36398      1.48100      1.19535      0.30482
     11.37398      1.37487      1.09704      0.29452
     11.38398      1.67202      1.35090      0.34904
     11.39398      2.10993      1.67653      0.46267
     11.40398      2.23956      1.78772      0.49022
     11.41398      2.28461      1.85709      0.47651
     11.42398      2.35218      1.88819      0.49882
     11.43398      2.49637      1.94682      0.56141
     11.44398      3.00899      2.33056      0.68374
     11.45398      3.46340      2.76557      0.72292
     11.46398      3.81293      3.35473      0.55727
     11.47398      4.78055      4.60506      0.39028
     11.48398      5.20187      5.16073      0.30561
     11.49398      4.08084      4.11354      0.18698
     11.50398      2.97813      3.02737      0.11916
     11.51398      2.91650      2.86054      0.20014
     11.52398      3.32738      3.07150      0.37680
     11.53398      3.34847      3.01339      0.43549
     11.54398      2.73410      2.52789      0.29800
     11.55398      2.30681      2.23735      0.16908
     11.56398      2.26571      2.22578      0.14910
     11.57398      2.40442      2.30123      0.20551
