Energy-E_F (eV)    DOS (1/eV)    PDOS (1/eV)  of atom type B  N  
     -5.99614      0.60366      0.25327      0.35038
     -5.98614      0.67922      0.28519      0.39403
     -5.97614      0.65081      0.27068      0.38013
     -5.96614      0.51673      0.21110      0.30563
     -5.95614      0.42474      0.17262      0.25212
     -5.94614      0.40021      0.16354      0.23667
     -5.93614      0.41628      0.17038      0.24590
     -5.92614      0.48782      0.20094      0.28689
     -5.91614      0.56163      0.23333      0.32830
     -5.90614      0.55159      0.22891      0.32268
     -5.89614      0.46726      0.19144      0.27581
     -5.88614      0.40968      0.16701      0.24267
     -5.87614      0.41437      0.16964      0.24473
     -5.86614      0.48384      0.19877      0.28507
     -5.85614      0.57403      0.23922      0.33482
     -5.84614      0.55450      0.23560      0.31890
     -5.83614      0.46893      0.19829      0.27063
     -5.82614      0.43968      0.18093      0.25874
     -5.81614      0.55890      0.22693      0.33197
     -5.80614      0.66784      0.27051      0.39733
     -5.79614      0.57862      0.23431      0.34431
     -5.78614      0.51812      0.21120      0.30693
     -5.77614      0.50270      0.20747      0.29523
     -5.76614      0.41778      0.17332      0.24446
     -5.75614      0.38228      0.15712      0.22516
     -5.74614      0.42821      0.17401      0.25420
     -5.73614      0.53814      0.21848      0.31966
     -5.72614      0.62294      0.25569      0.36725
     -5.71614      0.62217      0.25907      0.36310
     -5.70614      0.55944      0.23364      0.32580
     -5.69614      0.45909      0.18915      0.26994
     -5.68614      0.40742      0.16584      0.24158
     -5.67614      0.36341      0.14802      0.21540
     -5.66614      0.36591      0.14952      0.21639
     -5.65614      0.54450      0.22138      0.32312
     -5.64614      0.72365      0.29346      0.43019
     -5.63614      0.68091      0.27680      0.40412
     -5.62614      0.57568      0.23439      0.34128
     -5.61614      0.52570      0.21470      0.31100
     -5.60614      0.52810      0.21657      0.31154
     -5.59614      0.50541      0.20740      0.29800
     -5.58614      0.45436      0.18740      0.26695
     -5.57614      0.50394      0.20831      0.29563
     -5.56614      0.60120      0.24552      0.35569
     -5.55614      0.57580      0.23320      0.34260
     -5.54614      0.44419      0.17942      0.26477
     -5.53614      0.41058      0.16574      0.24484
     -5.52614      0.49630      0.20264      0.29366
     -5.51614      0.54046      0.22139      0.31907
     -5.50614      0.51861      0.21184      0.30677
     -5.49614      0.48654      0.19778      0.28876
     -5.48614      0.50985      0.20477      0.30508
     -5.47614      0.57469      0.22923      0.34546
     -5.46614      0.59054      0.23703      0.35351
     -5.45614      0.61356      0.24987      0.36370
     -5.44614      0.66913      0.27595      0.39317
     -5.43614      0.64977      0.26913      0.38064
     -5.42614      0.56827      0.23261      0.33566
     -5.41614      0.49198      0.19869      0.29328
     -5.40614      0.41036      0.16537      0.24500
     -5.39614      0.39534      0.15845      0.23689
     -5.38614      0.54247      0.21688      0.32559
     -5.37614      0.66472      0.26841      0.39631
     -5.36614      0.59525      0.24224      0.35301
     -5.35614      0.44002      0.17921      0.26081
     -5.34614      0.39976      0.16131      0.23845
     -5.33614      0.52063      0.20859      0.31204
     -5.32614      0.64748      0.25976      0.38772
     -5.31614      0.66899      0.26988      0.39910
     -5.30614      0.64514      0.26240      0.38275
     -5.29614      0.66414      0.27044      0.39370
     -5.28614      0.57852      0.23399      0.34453
     -5.27614      0.44337      0.17727      0.26611
     -5.26614      0.50824      0.20007      0.30817
     -5.25614      0.73136      0.28561      0.44575
     -5.24614      0.87869      0.34281      0.53589
     -5.23614      0.91286      0.35765      0.55521
     -5.22614      0.83974      0.32976      0.50999
     -5.21614      0.77268      0.30227      0.47040
     -5.20614      0.84354      0.32880      0.51474
     -5.19614      0.91155      0.35467      0.55688
     -5.18614      0.82909      0.32104      0.50805
     -5.17614      0.88323      0.34195      0.54129
     -5.16614      1.00390      0.39099      0.61291
     -5.15614      0.92971      0.36341      0.56630
     -5.14614      0.82603      0.32072      0.50531
     -5.13614      0.78242      0.30021      0.48221
     -5.12614      0.76387      0.29337      0.47050
     -5.11614      0.80742      0.31321      0.49422
     -5.10614      0.85823      0.33222      0.52600
     -5.09614      0.93422      0.36119      0.57302
     -5.08614      0.97940      0.37831      0.60109
     -5.07614      0.83948      0.32233      0.51715
     -5.06614      0.73312      0.28124      0.45188
     -5.05614      0.73376      0.28316      0.45060
     -5.04614      0.83231      0.32264      0.50967
     -5.03614      1.05540      0.41189      0.64351
     -5.02614      1.18267      0.46232      0.72035
     -5.01614      1.08111      0.41916      0.66195
     -5.00614      0.87235      0.33461      0.53774
     -4.99614      0.77686      0.29613      0.48073
     -4.98614      0.73689      0.27841      0.45848
     -4.97614      0.77727      0.29509      0.48218
     -4.96614      0.93053      0.35825      0.57228
     -4.95614      0.92897      0.35816      0.57080
     -4.94614      0.80966      0.31107      0.49859
     -4.93614      0.81837      0.31283      0.50554
     -4.92614      0.92779      0.35433      0.57346
     -4.91614      0.99369      0.38098      0.61271
     -4.90614      0.97442      0.37438      0.60005
     -4.89614      0.95670      0.36825      0.58846
     -4.88614      1.00985      0.39033      0.61952
     -4.87614      0.95064      0.36550      0.58514
     -4.86614      0.82630      0.31233      0.51397
     -4.85614      0.83194      0.31297      0.51897
     -4.84614      0.90940      0.34558      0.56382
     -4.83614      1.00675      0.38464      0.62210
     -4.82614      0.96939      0.37180      0.59758
     -4.81614      0.84822      0.32706      0.52117
     -4.80614      0.86235      0.33080      0.53155
     -4.79614      1.00149      0.38115      0.62034
     -4.78614      1.03194      0.39197      0.63998
     -4.77614      0.96360      0.36507      0.59852
     -4.76614      0.91769      0.34799      0.56970
     -4.75614      0.99207      0.37788      0.61419
     -4.74614      1.07987      0.41315      0.66672
     -4.73614      0.96018      0.36715      0.59303
     -4.72614      0.84710      0.32040      0.52671
     -4.71614      0.95918      0.36030      0.59888
     -4.70614      1.06868      0.40379      0.66488
     -4.69614      0.94569      0.35761      0.58808
     -4.68614      0.79955      0.30231      0.49724
     -4.67614      0.82219      0.31174      0.51045
     -4.66614      0.92816      0.34910      0.57906
     -4.65614      1.05840      0.39825      0.66015
     -4.64614      1.11705      0.42323      0.69383
     -4.63614      1.12919      0.42862      0.70057
     -4.62614      1.17142      0.44755      0.72387
     -4.61614      1.16861      0.44874      0.71987
     -4.60614      1.07058      0.40702      0.66356
     -4.59614      0.90643      0.33840      0.56802
     -4.58614      0.80680      0.29996      0.50684
     -4.57614      0.86656      0.32583      0.54073
     -4.56614      1.04004      0.39158      0.64846
     -4.55614      1.19211      0.44864      0.74348
     -4.54614      1.19326      0.44835      0.74491
     -4.53614      1.04631      0.39065      0.65566
     -4.52614      0.93948      0.35024      0.58924
     -4.51614      0.95542      0.35778      0.59765
     -4.50614      1.04660      0.39348      0.65311
     -4.49614      1.11920      0.42241      0.69679
     -4.48614      1.17129      0.44349      0.72780
     -4.47614      1.19710      0.45427      0.74283
     -4.46614      1.17500      0.44356      0.73144
     -4.45614      1.12905      0.41900      0.71005
     -4.44614      1.12055      0.41265      0.70790
     -4.43614      1.11895      0.41538      0.70357
     -4.42614      1.07063      0.40110      0.66954
     -4.41614      1.07318      0.40467      0.66850
     -4.40614      1.24730      0.46891      0.77839
     -4.39614      1.39055      0.51985      0.87069
     -4.38614      1.26683      0.47343      0.79339
     -4.37614      1.14339      0.42858      0.71481
     -4.36614      1.12361      0.42040      0.70321
     -4.35614      1.22267      0.45472      0.76795
     -4.34614      1.39650      0.51652      0.87998
     -4.33614      1.41739      0.52517      0.89222
     -4.32614      1.45951      0.54435      0.91516
     -4.31614      1.54211      0.57408      0.96803
     -4.30614      1.58312      0.58579      0.99733
     -4.29614      1.64464      0.60976      1.03488
     -4.28614      1.59788      0.59358      1.00430
     -4.27614      1.42177      0.52699      0.89477
     -4.26614      1.35050      0.50121      0.84930
     -4.25614      1.46951      0.54334      0.92617
     -4.24614      1.44254      0.53086      0.91168
     -4.23614      1.25042      0.46112      0.78930
     -4.22614      1.24645      0.46168      0.78477
     -4.21614      1.32883      0.49846      0.83037
     -4.20614      1.32767      0.50155      0.82612
     -4.19614      1.29731      0.48462      0.81269
     -4.18614      1.24375      0.45898      0.78478
     -4.17614      1.07257      0.39541      0.67716
     -4.16614      1.01740      0.37771      0.63969
     -4.15614      1.11360      0.41277      0.70083
     -4.14614      1.18427      0.43701      0.74727
     -4.13614      1.17133      0.42976      0.74157
     -4.12614      1.10268      0.40425      0.69843
     -4.11614      1.03277      0.38171      0.65106
     -4.10614      1.08235      0.40195      0.68040
     -4.09614      1.15922      0.43029      0.72893
     -4.08614      1.11956      0.41646      0.70310
     -4.07614      1.03748      0.38456      0.65292
     -4.06614      0.92361      0.33944      0.58417
     -4.05614      0.94088      0.34705      0.59383
     -4.04614      1.04600      0.38946      0.65654
     -4.03614      1.07941      0.40056      0.67884
     -4.02614      1.08093      0.39621      0.68472
     -4.01614      1.11148      0.40601      0.70547
     -4.00614      1.06565      0.39198      0.67367
     -3.99614      1.01909      0.37721      0.64189
     -3.98614      1.01495      0.37762      0.63733
     -3.97614      0.97658      0.36298      0.61360
     -3.96614      1.02564      0.37881      0.64684
     -3.95614      1.05733      0.39054      0.66679
     -3.94614      0.91168      0.33642      0.57525
     -3.93614      0.78511      0.28766      0.49744
     -3.92614      0.87842      0.32183      0.55659
     -3.91614      1.00807      0.37033      0.63774
     -3.90614      0.97181      0.35386      0.61795
     -3.89614      0.92784      0.33692      0.59092
     -3.88614      1.04419      0.38434      0.65985
     -3.87614      1.12713      0.41634      0.71079
     -3.86614      0.92432      0.33907      0.58525
     -3.85614      0.82382      0.30151      0.52231
     -3.84614      0.89526      0.32739      0.56786
     -3.83614      0.91183      0.33254      0.57928
     -3.82614      0.93735      0.34438      0.59297
     -3.81614      0.94167      0.34963      0.59204
     -3.80614      0.91375      0.34081      0.57295
     -3.79614      0.87223      0.32423      0.54800
     -3.78614      0.91488      0.33404      0.58084
     -3.77614      1.00027      0.35918      0.64109
     -3.76614      0.97443      0.35115      0.62329
     -3.75614      0.88483      0.32350      0.56132
     -3.74614      0.84684      0.30975      0.53710
     -3.73614      0.87833      0.31956      0.55877
     -3.72614      0.90308      0.32944      0.57364
     -3.71614      0.89584      0.32684      0.56900
     -3.70614      0.85244      0.31140      0.54104
     -3.69614      0.84690      0.31240      0.53449
     -3.68614      0.92424      0.34198      0.58226
     -3.67614      0.91244      0.33546      0.57698
     -3.66614      0.81936      0.29632      0.52305
     -3.65614      0.82669      0.29545      0.53124
     -3.64614      0.86349      0.30930      0.55420
     -3.63614      0.88190      0.31652      0.56538
     -3.62614      0.87015      0.31437      0.55579
     -3.61614      0.75818      0.27626      0.48192
     -3.60614      0.72680      0.26677      0.46003
     -3.59614      0.97697      0.35744      0.61952
     -3.58614      1.18003      0.42964      0.75039
     -3.57614      0.98333      0.35939      0.62395
     -3.56614      0.78076      0.28820      0.49256
     -3.55614      0.77570      0.28680      0.48890
     -3.54614      0.71721      0.26076      0.45645
     -3.53614      0.64772      0.23032      0.41739
     -3.52614      0.72327      0.25576      0.46751
     -3.51614      0.95052      0.33800      0.61252
     -3.50614      1.01246      0.36312      0.64934
     -3.49614      0.93035      0.33608      0.59427
     -3.48614      0.87503      0.31697      0.55805
     -3.47614      0.73632      0.26578      0.47054
     -3.46614      0.62117      0.22280      0.39837
     -3.45614      0.70961      0.25706      0.45255
     -3.44614      0.91476      0.33231      0.58245
     -3.43614      0.98524      0.35477      0.63047
     -3.42614      0.82126      0.29473      0.52653
     -3.41614      0.69050      0.25018      0.44032
     -3.40614      0.78772      0.28894      0.49878
     -3.39614      0.93023      0.34031      0.58992
     -3.38614      0.89939      0.32341      0.57598
     -3.37614      0.85332      0.30280      0.55052
     -3.36614      0.82154      0.29054      0.53101
     -3.35614      0.76301      0.26808      0.49493
     -3.34614      0.71658      0.25413      0.46245
     -3.33614      0.71402      0.25637      0.45765
     -3.32614      0.70891      0.25368      0.45522
     -3.31614      0.79559      0.28575      0.50984
     -3.30614      0.91282      0.32981      0.58301
     -3.29614      0.93874      0.34147      0.59728
     -3.28614      0.87743      0.31705      0.56038
     -3.27614      0.73572      0.25949      0.47623
     -3.26614      0.61645      0.21689      0.39956
     -3.25614      0.60999      0.21903      0.39096
     -3.24614      0.78541      0.27973      0.50568
     -3.23614      0.90222      0.31675      0.58547
     -3.22614      0.82204      0.28838      0.53367
     -3.21614      0.74133      0.26199      0.47934
     -3.20614      0.76693      0.27353      0.49340
     -3.19614      0.90100      0.32527      0.57572
     -3.18614      0.92088      0.33501      0.58587
     -3.17614      0.80312      0.28854      0.51458
     -3.16614      0.78442      0.27636      0.50806
     -3.15614      0.73032      0.25514      0.47518
     -3.14614      0.65301      0.22854      0.42447
     -3.13614      0.65745      0.23552      0.42193
     -3.12614      0.68473      0.24770      0.43703
     -3.11614      0.68636      0.24093      0.44543
     -3.10614      0.70528      0.24402      0.46126
     -3.09614      0.86490      0.30458      0.56032
     -3.08614      1.04243      0.36992      0.67251
     -3.07614      0.97854      0.34754      0.63100
     -3.06614      0.73683      0.25975      0.47708
     -3.05614      0.55800      0.19231      0.36570
     -3.04614      0.50466      0.17217      0.33249
     -3.03614      0.62402      0.21759      0.40643
     -3.02614      0.86622      0.30815      0.55807
     -3.01614      0.94677      0.33801      0.60876
     -3.00614      0.83790      0.29653      0.54136
     -2.99614      0.72625      0.25631      0.46994
     -2.98614      0.69586      0.24667      0.44919
     -2.97614      0.70573      0.25124      0.45450
     -2.96614      0.72937      0.26296      0.46641
     -2.95614      0.81953      0.29053      0.52900
     -2.94614      0.87322      0.29824      0.57498
     -2.93614      0.73962      0.24764      0.49198
     -2.92614      0.61488      0.20653      0.40835
     -2.91614      0.65503      0.22562      0.42942
     -2.90614      0.69934      0.24673      0.45261
     -2.89614      0.69044      0.24351      0.44693
     -2.88614      0.71047      0.24884      0.46164
     -2.87614      0.79276      0.27821      0.51456
     -2.86614      0.86357      0.30222      0.56135
     -2.85614      0.88838      0.31210      0.57627
     -2.84614      0.81917      0.28872      0.53045
     -2.83614      0.65139      0.22562      0.42578
     -2.82614      0.56742      0.19605      0.37138
     -2.81614      0.62637      0.22048      0.40590
     -2.80614      0.73003      0.25838      0.47165
     -2.79614      0.78567      0.27168      0.51399
     -2.78614      0.72551      0.24180      0.48371
     -2.77614      0.65829      0.21509      0.44320
     -2.76614      0.70041      0.23609      0.46432
     -2.75614      0.83077      0.29062      0.54015
     -2.74614      0.90686      0.32290      0.58396
     -2.73614      0.88065      0.31510      0.56555
     -2.72614      0.77799      0.27211      0.50588
     -2.71614      0.62674      0.20937      0.41737
     -2.70614      0.52604      0.17248      0.35356
     -2.69614      0.57438      0.19420      0.38018
     -2.68614      0.68390      0.23607      0.44783
     -2.67614      0.69834      0.24194      0.45640
     -2.66614      0.62141      0.21289      0.40852
     -2.65614      0.58967      0.19990      0.38977
     -2.64614      0.71270      0.24205      0.47064
     -2.63614      0.98179      0.33936      0.64243
     -2.62614      1.11240      0.39082      0.72158
     -2.61614      0.89696      0.31227      0.58469
     -2.60614      0.66119      0.22081      0.44038
     -2.59614      0.58023      0.19061      0.38962
     -2.58614      0.52662      0.17338      0.35324
     -2.57614      0.55969      0.18733      0.37236
     -2.56614      0.71548      0.24560      0.46989
     -2.55614      0.77301      0.26360      0.50941
     -2.54614      0.66356      0.22123      0.44234
     -2.53614      0.58659      0.19682      0.38977
     -2.52614      0.60480      0.20825      0.39655
     -2.51614      0.76159      0.26588      0.49571
     -2.50614      0.89786      0.31451      0.58335
     -2.49614      0.80971      0.27484      0.53487
     -2.48614      0.71923      0.23285      0.48638
     -2.47614      0.71565      0.23420      0.48145
     -2.46614      0.73299      0.24657      0.48642
     -2.45614      0.73535      0.24899      0.48636
     -2.44614      0.65878      0.22387      0.43491
     -2.43614      0.61406      0.20590      0.40816
     -2.42614      0.63357      0.20859      0.42497
     -2.41614      0.64940      0.21347      0.43593
     -2.40614      0.74150      0.24756      0.49395
     -2.39614      0.88358      0.30358      0.58000
     -2.38614      0.84476      0.29086      0.55390
     -2.37614      0.65839      0.21897      0.43941
     -2.36614      0.53017      0.17310      0.35707
     -2.35614      0.46557      0.15320      0.31237
     -2.34614      0.54896      0.18380      0.36516
     -2.33614      0.74574      0.25148      0.49426
     -2.32614      0.89524      0.29472      0.60052
     -2.31614      0.85855      0.27706      0.58150
     -2.30614      0.71322      0.23233      0.48089
     -2.29614      0.69445      0.23206      0.46239
     -2.28614      0.84250      0.28649      0.55600
     -2.27614      0.78023      0.26703      0.51319
     -2.26614      0.53521      0.17711      0.35810
     -2.25614      0.55317      0.17471      0.37846
     -2.24614      0.70750      0.22584      0.48166
     -2.23614      0.75874      0.24819      0.51055
     -2.22614      0.70478      0.23531      0.46948
     -2.21614      0.60507      0.20165      0.40341
     -2.20614      0.55890      0.18083      0.37808
     -2.19614      0.58770      0.19054      0.39716
     -2.18614      0.67103      0.22554      0.44550
     -2.17614      0.81601      0.27470      0.54131
     -2.16614      0.87449      0.28721      0.58728
     -2.15614      0.85100      0.27348      0.57752
     -2.14614      0.78576      0.24959      0.53616
     -2.13614      0.64591      0.20413      0.44177
     -2.12614      0.57815      0.18626      0.39189
     -2.11614      0.63619      0.20769      0.42850
     -2.10614      0.61920      0.20183      0.41737
     -2.09614      0.57219      0.18649      0.38569
     -2.08614      0.77143      0.25139      0.52004
     -2.07614      0.91183      0.29670      0.61512
     -2.06614      0.76103      0.24489      0.51614
     -2.05614      0.57749      0.18429      0.39320
     -2.04614      0.50393      0.16232      0.34162
     -2.03614      0.56568      0.18304      0.38264
     -2.02614      0.68542      0.22316      0.46226
     -2.01614      0.74044      0.24076      0.49968
     -2.00614      0.78946      0.25018      0.53928
     -1.99614      0.80616      0.25432      0.55185
     -1.98614      0.82535      0.26311      0.56224
     -1.97614      0.77819      0.24450      0.53369
     -1.96614      0.65520      0.20413      0.45107
     -1.95614      0.58170      0.18545      0.39625
     -1.94614      0.59134      0.18858      0.40275
     -1.93614      0.63386      0.19967      0.43419
     -1.92614      0.64693      0.20494      0.44198
     -1.91614      0.72706      0.23060      0.49647
     -1.90614      0.83082      0.26461      0.56621
     -1.89614      0.80540      0.25843      0.54697
     -1.88614      0.63780      0.20327      0.43453
     -1.87614      0.50667      0.16036      0.34631
     -1.86614      0.55950      0.17644      0.38306
     -1.85614      0.68856      0.21317      0.47540
     -1.84614      0.79367      0.24291      0.55075
     -1.83614      0.82323      0.25301      0.57022
     -1.82614      0.77159      0.24031      0.53129
     -1.81614      0.73466      0.22808      0.50659
     -1.80614      0.70049      0.21293      0.48756
     -1.79614      0.67317      0.20787      0.46530
     -1.78614      0.67272      0.21533      0.45739
     -1.77614      0.67168      0.21085      0.46084
     -1.76614      0.67169      0.20395      0.46774
     -1.75614      0.69369      0.21516      0.47853
     -1.74614      0.73420      0.22773      0.50648
     -1.73614      0.70215      0.21268      0.48947
     -1.72614      0.63685      0.19335      0.44350
     -1.71614      0.57936      0.17927      0.40009
     -1.70614      0.57287      0.17934      0.39353
     -1.69614      0.74353      0.23017      0.51336
     -1.68614      0.91328      0.27754      0.63574
     -1.67614      0.82267      0.24371      0.57896
     -1.66614      0.69305      0.20301      0.49004
     -1.65614      0.68607      0.20545      0.48062
     -1.64614      0.72525      0.21853      0.50672
     -1.63614      0.73725      0.22256      0.51469
     -1.62614      0.66630      0.20336      0.46294
     -1.61614      0.64422      0.19548      0.44875
     -1.60614      0.72219      0.21605      0.50613
     -1.59614      0.71525      0.21494      0.50030
     -1.58614      0.70240      0.20957      0.49283
     -1.57614      0.70058      0.20525      0.49533
     -1.56614      0.67294      0.20051      0.47244
     -1.55614      0.65368      0.19997      0.45371
     -1.54614      0.60859      0.18525      0.42334
     -1.53614      0.69386      0.20341      0.49045
     -1.52614      0.85425      0.24515      0.60910
     -1.51614      0.85465      0.24598      0.60867
     -1.50614      0.77345      0.22257      0.55088
     -1.49614      0.65290      0.18404      0.46885
     -1.48614      0.53861      0.14336      0.39525
     -1.47614      0.46850      0.11767      0.35083
     -1.46614      0.40051      0.09845      0.30206
     -1.45614      0.40171      0.09834      0.30338
     -1.44614      0.45803      0.11207      0.34596
     -1.43614      0.49551      0.12073      0.37478
     -1.42614      0.50362      0.12201      0.38161
     -1.41614      0.44071      0.10644      0.33427
     -1.40614      0.38764      0.09334      0.29430
     -1.39614      0.36338      0.08716      0.27622
     -1.38614      0.39012      0.09333      0.29679
     -1.37614      0.52934      0.12674      0.40260
     -1.36614      0.64846      0.15525      0.49321
     -1.35614      0.62541      0.14915      0.47626
     -1.34614      0.54183      0.12857      0.41326
     -1.33614      0.49905      0.11777      0.38128
     -1.32614      0.48381      0.11367      0.37014
     -1.31614      0.42503      0.09956      0.32547
     -1.30614      0.39247      0.09167      0.30080
     -1.29614      0.52220      0.12156      0.40064
     -1.28614      0.61974      0.14388      0.47586
     -1.27614      0.52258      0.12097      0.40160
     -1.26614      0.45618      0.10505      0.35113
     -1.25614      0.43435      0.09951      0.33483
     -1.24614      0.40989      0.09341      0.31648
     -1.23614      0.44286      0.10045      0.34240
     -1.22614      0.55407      0.12570      0.42837
     -1.21614      0.68073      0.15488      0.52585
     -1.20614      0.70534      0.16006      0.54529
     -1.19614      0.64518      0.14544      0.49974
     -1.18614      0.54242      0.12157      0.42085
     -1.17614      0.50381      0.11211      0.39170
     -1.16614      0.53267      0.11761      0.41506
     -1.15614      0.54386      0.11968      0.42419
     -1.14614      0.55621      0.12246      0.43375
     -1.13614      0.59261      0.13031      0.46230
     -1.12614      0.61151      0.13351      0.47799
     -1.11614      0.57594      0.12473      0.45122
     -1.10614      0.52370      0.11268      0.41102
     -1.09614      0.49938      0.10680      0.39259
     -1.08614      0.50437      0.10739      0.39698
     -1.07614      0.62110      0.13247      0.48863
     -1.06614      0.81661      0.17458      0.64202
     -1.05614      0.85138      0.18138      0.67000
     -1.04614      0.74337      0.15711      0.58626
     -1.03614      0.66223      0.13861      0.52362
     -1.02614      0.65972      0.13670      0.52301
     -1.01614      0.63454      0.13061      0.50394
     -1.00614      0.64777      0.13279      0.51498
     -0.99614      0.75621      0.15486      0.60135
     -0.98614      0.81452      0.16621      0.64831
     -0.97614      0.77561      0.15686      0.61875
     -0.96614      0.73754      0.14753      0.59001
     -0.95614      0.73535      0.14560      0.58975
     -0.94614      0.75888      0.14896      0.60993
     -0.93614      0.90468      0.17697      0.72771
     -0.92614      1.23682      0.24266      0.99416
     -0.91614      1.42506      0.27957      1.14549
     -0.90614      1.21337      0.23696      0.97641
     -0.89614      0.95672      0.18544      0.77128
     -0.88614      0.86935      0.16686      0.70249
     -0.87614      0.91338      0.17357      0.73981
     -0.86614      0.79988      0.15149      0.64838
     -0.85614      0.63691      0.12156      0.51535
     -0.84614      0.67823      0.12973      0.54850
     -0.83614      0.71843      0.13590      0.58252
     -0.82614      0.57946      0.10812      0.47134
     -0.81614      0.39011      0.07160      0.31851
     -0.80614      0.41953      0.07658      0.34295
     -0.79614      0.77601      0.14386      0.63215
     -0.78614      1.26451      0.23681      1.02770
     -0.77614      1.10518      0.20678      0.89840
     -0.76614      0.54722      0.10058      0.44664
     -0.75614      0.31439      0.05604      0.25834
     -0.74614      0.32430      0.05737      0.26693
     -0.73614      0.46169      0.08216      0.37953
     -0.72614      0.64781      0.11633      0.53149
     -0.71614      0.64160      0.11529      0.52631
     -0.70614      0.46088      0.08151      0.37937
     -0.69614      0.38376      0.06657      0.31719
     -0.68614      0.45485      0.07856      0.37629
     -0.67614      0.57957      0.10067      0.47889
     -0.66614      0.76557      0.13406      0.63151
     -0.65614      0.82337      0.14430      0.67907
     -0.64614      0.58091      0.10052      0.48039
     -0.63614      0.35968      0.06070      0.29897
     -0.62614      0.32370      0.05390      0.26980
     -0.61614      0.38703      0.06436      0.32268
     -0.60614      0.47230      0.07872      0.39359
     -0.59614      0.53633      0.08925      0.44708
     -0.58614      0.47326      0.07803      0.39523
     -0.57614      0.37027      0.06024      0.31002
     -0.56614      0.38584      0.06226      0.32358
     -0.55614      0.49149      0.07913      0.41236
     -0.54614      0.62143      0.10018      0.52126
     -0.53614      0.63370      0.10223      0.53147
     -0.52614      0.46955      0.07495      0.39460
     -0.51614      0.34059      0.05313      0.28746
     -0.50614      0.32415      0.04990      0.27425
     -0.49614      0.37634      0.05768      0.31866
     -0.48614      0.44431      0.06801      0.37630
     -0.47614      0.43625      0.06657      0.36968
     -0.46614      0.35637      0.05376      0.30261
     -0.45614      0.35918      0.05338      0.30580
     -0.44614      0.43314      0.06394      0.36920
     -0.43614      0.49950      0.07370      0.42579
     -0.42614      0.52256      0.07699      0.44557
     -0.41614      0.43329      0.06314      0.37015
     -0.40614      0.32598      0.04656      0.27942
     -0.39614      0.31112      0.04378      0.26735
     -0.38614      0.35806      0.05006      0.30799
     -0.37614      0.39950      0.05563      0.34386
     -0.36614      0.36668      0.05070      0.31598
     -0.35614      0.31290      0.04265      0.27024
     -0.34614      0.36332      0.04888      0.31444
     -0.33614      0.45999      0.06151      0.39848
     -0.32614      0.46910      0.06254      0.40656
     -0.31614      0.37385      0.04936      0.32450
     -0.30614      0.29533      0.03820      0.25713
     -0.29614      0.30068      0.03830      0.26238
     -0.28614      0.34647      0.04374      0.30273
     -0.27614      0.36028      0.04511      0.31518
     -0.26614      0.32702      0.04045      0.28657
     -0.25614      0.31589      0.03856      0.27733
     -0.24614      0.37702      0.04550      0.33151
     -0.23614      0.43526      0.05204      0.38322
     -0.22614      0.35484      0.04193      0.31291
     -0.21614      0.26379      0.03060      0.23319
     -0.20614      0.28826      0.03289      0.25536
     -0.19614      0.32414      0.03659      0.28755
     -0.18614      0.31629      0.03517      0.28111
     -0.17614      0.34003      0.03721      0.30282
     -0.16614      0.37338      0.04043      0.33294
     -0.15614      0.32429      0.03471      0.28958
     -0.14614      0.27894      0.02920      0.24973
     -0.13614      0.30469      0.03132      0.27337
     -0.12614      0.29902      0.03034      0.26868
     -0.11614      0.29465      0.02932      0.26533
     -0.10614      0.33452      0.03274      0.30178
     -0.09614      0.32434      0.03128      0.29307
     -0.08614      0.28373      0.02683      0.25690
     -0.07614      0.27048      0.02503      0.24545
     -0.06614      0.29796      0.02698      0.27097
     -0.05614      0.31691      0.02823      0.28869
     -0.04614      0.28317      0.02473      0.25844
     -0.03614      0.27671      0.02356      0.25315
     -0.02614      0.29025      0.02420      0.26605
     -0.01614      0.26867      0.02197      0.24670
     -0.00614      0.20441      0.01644      0.18797
      0.00386      0.09845      0.00784      0.09061
      0.01386      0.02321      0.00184      0.02137
      0.02386      0.00237      0.00019      0.00219
      0.03386      0.00010      0.00001      0.00009
      0.04386      0.00000      0.00000      0.00000
      0.05386      0.00000      0.00000      0.00000
      0.06386      0.00000      0.00000      0.00000
      0.07386      0.00000      0.00000      0.00000
      0.08386      0.00000      0.00000      0.00000
      0.09386      0.00000      0.00000      0.00000
      0.10386      0.00000      0.00000      0.00000
      0.11386      0.00000      0.00000      0.00000
      0.12386      0.00000      0.00000      0.00000
      0.13386      0.00000      0.00000      0.00000
      0.14386      0.00000      0.00000      0.00000
      0.15386      0.00000      0.00000      0.00000
      0.16386      0.00000      0.00000      0.00000
      0.17386      0.00000      0.00000      0.00000
      0.18386      0.00000      0.00000      0.00000
      0.19386      0.00000      0.00000      0.00000
      0.20386      0.00000      0.00000      0.00000
      0.21386      0.00000      0.00000      0.00000
      0.22386      0.00000      0.00000      0.00000
      0.23386      0.00000      0.00000      0.00000
      0.24386      0.00000      0.00000      0.00000
      0.25386      0.00000      0.00000      0.00000
      0.26386      0.00000      0.00000      0.00000
      0.27386      0.00000      0.00000      0.00000
      0.28386      0.00000      0.00000      0.00000
      0.29386      0.00000      0.00000      0.00000
      0.30386      0.00000      0.00000      0.00000
      0.31386      0.00000      0.00000      0.00000
      0.32386      0.00000      0.00000      0.00000
      0.33386      0.00000      0.00000      0.00000
      0.34386      0.00000      0.00000      0.00000
      0.35386      0.00000      0.00000      0.00000
      0.36386      0.00000      0.00000      0.00000
      0.37386      0.00000      0.00000      0.00000
      0.38386      0.00000      0.00000      0.00000
      0.39386      0.00000      0.00000      0.00000
      0.40386      0.00000      0.00000      0.00000
      0.41386      0.00000      0.00000      0.00000
      0.42386      0.00000      0.00000      0.00000
      0.43386      0.00000      0.00000      0.00000
      0.44386      0.00000      0.00000      0.00000
      0.45386      0.00000      0.00000      0.00000
      0.46386      0.00000      0.00000      0.00000
      0.47386      0.00000      0.00000      0.00000
      0.48386      0.00000      0.00000      0.00000
      0.49386      0.00000      0.00000      0.00000
      0.50386      0.00000      0.00000      0.00000
      0.51386      0.00000      0.00000      0.00000
      0.52386      0.00000      0.00000      0.00000
      0.53386      0.00000      0.00000      0.00000
      0.54386      0.00000      0.00000      0.00000
      0.55386      0.00000      0.00000      0.00000
      0.56386      0.00000      0.00000      0.00000
      0.57386      0.00000      0.00000      0.00000
      0.58386      0.00000      0.00000      0.00000
      0.59386      0.00000      0.00000      0.00000
      0.60386      0.00000      0.00000      0.00000
      0.61386      0.00000      0.00000      0.00000
      0.62386      0.00000      0.00000      0.00000
      0.63386      0.00000      0.00000      0.00000
      0.64386      0.00000      0.00000      0.00000
      0.65386      0.00000      0.00000      0.00000
      0.66386      0.00000      0.00000      0.00000
      0.67386      0.00000      0.00000      0.00000
      0.68386      0.00000      0.00000      0.00000
      0.69386      0.00000      0.00000      0.00000
      0.70386      0.00000      0.00000      0.00000
      0.71386      0.00000      0.00000      0.00000
      0.72386      0.00000      0.00000      0.00000
      0.73386      0.00000      0.00000      0.00000
      0.74386      0.00000      0.00000      0.00000
      0.75386      0.00000      0.00000      0.00000
      0.76386      0.00000      0.00000      0.00000
      0.77386      0.00000      0.00000      0.00000
      0.78386      0.00000      0.00000      0.00000
      0.79386      0.00000      0.00000      0.00000
      0.80386      0.00000      0.00000      0.00000
      0.81386      0.00000      0.00000      0.00000
      0.82386      0.00000      0.00000      0.00000
      0.83386      0.00000      0.00000      0.00000
      0.84386      0.00000      0.00000      0.00000
      0.85386      0.00000      0.00000      0.00000
      0.86386      0.00000      0.00000      0.00000
      0.87386      0.00000      0.00000      0.00000
      0.88386      0.00000      0.00000      0.00000
      0.89386      0.00000      0.00000      0.00000
      0.90386      0.00000      0.00000      0.00000
      0.91386      0.00000      0.00000      0.00000
      0.92386      0.00000      0.00000      0.00000
      0.93386      0.00000      0.00000      0.00000
      0.94386      0.00000      0.00000      0.00000
      0.95386      0.00000      0.00000      0.00000
      0.96386      0.00000      0.00000      0.00000
      0.97386      0.00000      0.00000      0.00000
      0.98386      0.00000      0.00000      0.00000
      0.99386      0.00000      0.00000      0.00000
      1.00386      0.00000      0.00000      0.00000
      1.01386      0.00000      0.00000      0.00000
      1.02386      0.00000      0.00000      0.00000
      1.03386      0.00000      0.00000      0.00000
      1.04386      0.00000      0.00000      0.00000
      1.05386      0.00000      0.00000      0.00000
      1.06386      0.00000      0.00000      0.00000
      1.07386      0.00000      0.00000      0.00000
      1.08386      0.00000      0.00000      0.00000
      1.09386      0.00000      0.00000      0.00000
      1.10386      0.00000      0.00000      0.00000
      1.11386      0.00000      0.00000      0.00000
      1.12386      0.00000      0.00000      0.00000
      1.13386      0.00000      0.00000      0.00000
      1.14386      0.00000      0.00000      0.00000
      1.15386      0.00000      0.00000      0.00000
      1.16386      0.00000      0.00000      0.00000
      1.17386      0.00000      0.00000      0.00000
      1.18386      0.00000      0.00000      0.00000
      1.19386      0.00000      0.00000      0.00000
      1.20386      0.00000      0.00000      0.00000
      1.21386      0.00000      0.00000      0.00000
      1.22386      0.00000      0.00000      0.00000
      1.23386      0.00000      0.00000      0.00000
      1.24386      0.00000      0.00000      0.00000
      1.25386      0.00000      0.00000      0.00000
      1.26386      0.00000      0.00000      0.00000
      1.27386      0.00000      0.00000      0.00000
      1.28386      0.00000      0.00000      0.00000
      1.29386      0.00000      0.00000      0.00000
      1.30386      0.00000      0.00000      0.00000
      1.31386      0.00000      0.00000      0.00000
      1.32386      0.00000      0.00000      0.00000
      1.33386      0.00000      0.00000      0.00000
      1.34386      0.00000      0.00000      0.00000
      1.35386      0.00000      0.00000      0.00000
      1.36386      0.00000      0.00000      0.00000
      1.37386      0.00000      0.00000      0.00000
      1.38386      0.00000      0.00000      0.00000
      1.39386      0.00000      0.00000      0.00000
      1.40386      0.00000      0.00000      0.00000
      1.41386      0.00000      0.00000      0.00000
      1.42386      0.00000      0.00000      0.00000
      1.43386      0.00000      0.00000      0.00000
      1.44386      0.00000      0.00000      0.00000
      1.45386      0.00000      0.00000      0.00000
      1.46386      0.00000      0.00000      0.00000
      1.47386      0.00000      0.00000      0.00000
      1.48386      0.00000      0.00000      0.00000
      1.49386      0.00000      0.00000      0.00000
      1.50386      0.00000      0.00000      0.00000
      1.51386      0.00000      0.00000      0.00000
      1.52386      0.00000      0.00000      0.00000
      1.53386      0.00000      0.00000      0.00000
      1.54386      0.00000      0.00000      0.00000
      1.55386      0.00000      0.00000      0.00000
      1.56386      0.00000      0.00000      0.00000
      1.57386      0.00000      0.00000      0.00000
      1.58386      0.00000      0.00000      0.00000
      1.59386      0.00000      0.00000      0.00000
      1.60386      0.00000      0.00000      0.00000
      1.61386      0.00000      0.00000      0.00000
      1.62386      0.00000      0.00000      0.00000
      1.63386      0.00000      0.00000      0.00000
      1.64386      0.00000      0.00000      0.00000
      1.65386      0.00000      0.00000      0.00000
      1.66386      0.00000      0.00000      0.00000
      1.67386      0.00000      0.00000      0.00000
      1.68386      0.00000      0.00000      0.00000
      1.69386      0.00000      0.00000      0.00000
      1.70386      0.00000      0.00000      0.00000
      1.71386      0.00000      0.00000      0.00000
      1.72386      0.00000      0.00000      0.00000
      1.73386      0.00000      0.00000      0.00000
      1.74386      0.00000      0.00000      0.00000
      1.75386      0.00000      0.00000      0.00000
      1.76386      0.00000      0.00000      0.00000
      1.77386      0.00000      0.00000      0.00000
      1.78386      0.00000      0.00000      0.00000
      1.79386      0.00000      0.00000      0.00000
      1.80386      0.00000      0.00000      0.00000
      1.81386      0.00000      0.00000      0.00000
      1.82386      0.00000      0.00000      0.00000
      1.83386      0.00000      0.00000      0.00000
      1.84386      0.00000      0.00000      0.00000
      1.85386      0.00000      0.00000      0.00000
      1.86386      0.00000      0.00000      0.00000
      1.87386      0.00000      0.00000      0.00000
      1.88386      0.00000      0.00000      0.00000
      1.89386      0.00000      0.00000      0.00000
      1.90386      0.00000      0.00000      0.00000
      1.91386      0.00000      0.00000      0.00000
      1.92386      0.00000      0.00000      0.00000
      1.93386      0.00000      0.00000      0.00000
      1.94386      0.00000      0.00000      0.00000
      1.95386      0.00000      0.00000      0.00000
      1.96386      0.00000      0.00000      0.00000
      1.97386      0.00000      0.00000      0.00000
      1.98386      0.00000      0.00000      0.00000
      1.99386      0.00000      0.00000      0.00000
      2.00386      0.00000      0.00000      0.00000
      2.01386      0.00000      0.00000      0.00000
      2.02386      0.00000      0.00000      0.00000
      2.03386      0.00000      0.00000      0.00000
      2.04386      0.00000      0.00000      0.00000
      2.05386      0.00000      0.00000      0.00000
      2.06386      0.00000      0.00000      0.00000
      2.07386      0.00000      0.00000      0.00000
      2.08386      0.00000      0.00000      0.00000
      2.09386      0.00000      0.00000      0.00000
      2.10386      0.00000      0.00000      0.00000
      2.11386      0.00000      0.00000      0.00000
      2.12386      0.00000      0.00000      0.00000
      2.13386      0.00000      0.00000      0.00000
      2.14386      0.00000      0.00000      0.00000
      2.15386      0.00000      0.00000      0.00000
      2.16386      0.00000      0.00000      0.00000
      2.17386      0.00000      0.00000      0.00000
      2.18386      0.00000      0.00000      0.00000
      2.19386      0.00000      0.00000      0.00000
      2.20386      0.00000      0.00000      0.00000
      2.21386      0.00000      0.00000      0.00000
      2.22386      0.00000      0.00000      0.00000
      2.23386      0.00000      0.00000      0.00000
      2.24386      0.00000      0.00000      0.00000
      2.25386      0.00000      0.00000      0.00000
      2.26386      0.00000      0.00000      0.00000
      2.27386      0.00000      0.00000      0.00000
      2.28386      0.00000      0.00000      0.00000
      2.29386      0.00000      0.00000      0.00000
      2.30386      0.00000      0.00000      0.00000
      2.31386      0.00000      0.00000      0.00000
      2.32386      0.00000      0.00000      0.00000
      2.33386      0.00000      0.00000      0.00000
      2.34386      0.00000      0.00000      0.00000
      2.35386      0.00000      0.00000      0.00000
      2.36386      0.00000      0.00000      0.00000
      2.37386      0.00000      0.00000      0.00000
      2.38386      0.00000      0.00000      0.00000
      2.39386      0.00000      0.00000      0.00000
      2.40386      0.00000      0.00000      0.00000
      2.41386      0.00000      0.00000      0.00000
      2.42386      0.00000      0.00000      0.00000
      2.43386      0.00000      0.00000      0.00000
      2.44386      0.00000      0.00000      0.00000
      2.45386      0.00000      0.00000      0.00000
      2.46386      0.00000      0.00000      0.00000
      2.47386      0.00000      0.00000      0.00000
      2.48386      0.00000      0.00000      0.00000
      2.49386      0.00000      0.00000      0.00000
      2.50386      0.00000      0.00000      0.00000
      2.51386      0.00000      0.00000      0.00000
      2.52386      0.00000      0.00000      0.00000
      2.53386      0.00000      0.00000      0.00000
      2.54386      0.00000      0.00000      0.00000
      2.55386      0.00000      0.00000      0.00000
      2.56386      0.00000      0.00000      0.00000
      2.57386      0.00000      0.00000      0.00000
      2.58386      0.00000      0.00000      0.00000
      2.59386      0.00000      0.00000      0.00000
      2.60386      0.00000      0.00000      0.00000
      2.61386      0.00000      0.00000      0.00000
      2.62386      0.00000      0.00000      0.00000
      2.63386      0.00000      0.00000      0.00000
      2.64386      0.00000      0.00000      0.00000
      2.65386      0.00000      0.00000      0.00000
      2.66386      0.00000      0.00000      0.00000
      2.67386      0.00000      0.00000      0.00000
      2.68386      0.00000      0.00000      0.00000
      2.69386      0.00000      0.00000      0.00000
      2.70386      0.00000      0.00000      0.00000
      2.71386      0.00000      0.00000      0.00000
      2.72386      0.00000      0.00000      0.00000
      2.73386      0.00000      0.00000      0.00000
      2.74386      0.00000      0.00000      0.00000
      2.75386      0.00000      0.00000      0.00000
      2.76386      0.00000      0.00000      0.00000
      2.77386      0.00000      0.00000      0.00000
      2.78386      0.00000      0.00000      0.00000
      2.79386      0.00000      0.00000      0.00000
      2.80386      0.00000      0.00000      0.00000
      2.81386      0.00000      0.00000      0.00000
      2.82386      0.00000      0.00000      0.00000
      2.83386      0.00000      0.00000      0.00000
      2.84386      0.00000      0.00000      0.00000
      2.85386      0.00000      0.00000      0.00000
      2.86386      0.00000      0.00000      0.00000
      2.87386      0.00000      0.00000      0.00000
      2.88386      0.00000      0.00000      0.00000
      2.89386      0.00000      0.00000      0.00000
      2.90386      0.00000      0.00000      0.00000
      2.91386      0.00000      0.00000      0.00000
      2.92386      0.00000      0.00000      0.00000
      2.93386      0.00000      0.00000      0.00000
      2.94386      0.00000      0.00000      0.00000
      2.95386      0.00000      0.00000      0.00000
      2.96386      0.00000      0.00000      0.00000
      2.97386      0.00000      0.00000      0.00000
      2.98386      0.00000      0.00000      0.00000
      2.99386      0.00000      0.00000      0.00000
      3.00386      0.00000      0.00000      0.00000
      3.01386      0.00000      0.00000      0.00000
      3.02386      0.00000      0.00000      0.00000
      3.03386      0.00000      0.00000      0.00000
      3.04386      0.00000      0.00000      0.00000
      3.05386      0.00000      0.00000      0.00000
      3.06386      0.00000      0.00000      0.00000
      3.07386      0.00000      0.00000      0.00000
      3.08386      0.00000      0.00000      0.00000
      3.09386      0.00000      0.00000      0.00000
      3.10386      0.00000      0.00000      0.00000
      3.11386      0.00000      0.00000      0.00000
      3.12386      0.00000      0.00000      0.00000
      3.13386      0.00000      0.00000      0.00000
      3.14386      0.00000      0.00000      0.00000
      3.15386      0.00000      0.00000      0.00000
      3.16386      0.00000      0.00000      0.00000
      3.17386      0.00000      0.00000      0.00000
      3.18386      0.00000      0.00000      0.00000
      3.19386      0.00000      0.00000      0.00000
      3.20386      0.00000      0.00000      0.00000
      3.21386      0.00000      0.00000      0.00000
      3.22386      0.00000      0.00000      0.00000
      3.23386      0.00000      0.00000      0.00000
      3.24386      0.00000      0.00000      0.00000
      3.25386      0.00000      0.00000      0.00000
      3.26386      0.00000      0.00000      0.00000
      3.27386      0.00000      0.00000      0.00000
      3.28386      0.00000      0.00000      0.00000
      3.29386      0.00000      0.00000      0.00000
      3.30386      0.00000      0.00000      0.00000
      3.31386      0.00000      0.00000      0.00000
      3.32386      0.00000      0.00000      0.00000
      3.33386      0.00000      0.00000      0.00000
      3.34386      0.00000      0.00000      0.00000
      3.35386      0.00000      0.00000      0.00000
      3.36386      0.00000      0.00000      0.00000
      3.37386      0.00000      0.00000      0.00000
      3.38386      0.00000      0.00000      0.00000
      3.39386      0.00000      0.00000      0.00000
      3.40386      0.00000      0.00000      0.00000
      3.41386      0.00000      0.00000      0.00000
      3.42386      0.00000      0.00000      0.00000
      3.43386      0.00000      0.00000      0.00000
      3.44386      0.00000      0.00000      0.00000
      3.45386      0.00000      0.00000      0.00000
      3.46386      0.00000      0.00000      0.00000
      3.47386      0.00000      0.00000      0.00000
      3.48386      0.00000      0.00000      0.00000
      3.49386      0.00000      0.00000      0.00000
      3.50386      0.00000      0.00000      0.00000
      3.51386      0.00000      0.00000      0.00000
      3.52386      0.00000      0.00000      0.00000
      3.53386      0.00000      0.00000      0.00000
      3.54386      0.00000      0.00000      0.00000
      3.55386      0.00000      0.00000      0.00000
      3.56386      0.00000      0.00000      0.00000
      3.57386      0.00000      0.00000      0.00000
      3.58386      0.00000      0.00000      0.00000
      3.59386      0.00000      0.00000      0.00000
      3.60386      0.00000      0.00000      0.00000
      3.61386      0.00000      0.00000      0.00000
      3.62386      0.00000      0.00000      0.00000
      3.63386      0.00000      0.00000      0.00000
      3.64386      0.00000      0.00000      0.00000
      3.65386      0.00000      0.00000      0.00000
      3.66386      0.00000      0.00000      0.00000
      3.67386      0.00000      0.00000      0.00000
      3.68386      0.00000      0.00000      0.00000
      3.69386      0.00000      0.00000      0.00000
      3.70386      0.00000      0.00000      0.00000
      3.71386      0.00000      0.00000      0.00000
      3.72386      0.00000      0.00000      0.00000
      3.73386      0.00000      0.00000      0.00000
      3.74386      0.00000      0.00000      0.00000
      3.75386      0.00000      0.00000      0.00000
      3.76386      0.00000      0.00000      0.00000
      3.77386      0.00000      0.00000      0.00000
      3.78386      0.00000      0.00000      0.00000
      3.79386      0.00000      0.00000      0.00000
      3.80386      0.00000      0.00000      0.00000
      3.81386      0.00000      0.00000      0.00000
      3.82386      0.00000      0.00000      0.00000
      3.83386      0.00000      0.00000      0.00000
      3.84386      0.00000      0.00000      0.00000
      3.85386      0.00000      0.00000      0.00000
      3.86386      0.00000      0.00000      0.00000
      3.87386      0.00000      0.00000      0.00000
      3.88386      0.00000      0.00000      0.00000
      3.89386      0.00000      0.00000      0.00000
      3.90386      0.00000      0.00000      0.00000
      3.91386      0.00000      0.00000      0.00000
      3.92386      0.00000      0.00000      0.00000
      3.93386      0.00000      0.00000      0.00000
      3.94386      0.00000      0.00000      0.00000
      3.95386      0.00000      0.00000      0.00000
      3.96386      0.00000      0.00000      0.00000
      3.97386      0.00000      0.00000      0.00000
      3.98386      0.00000      0.00000      0.00000
      3.99386      0.00000      0.00000      0.00000
      4.00386      0.00000      0.00000      0.00000
      4.01386      0.00000      0.00000      0.00000
      4.02386      0.00000      0.00000      0.00000
      4.03386      0.00000      0.00000      0.00000
      4.04386      0.00000      0.00000      0.00000
      4.05386      0.00000      0.00000      0.00000
      4.06386      0.00000      0.00000      0.00000
      4.07386      0.00000      0.00000      0.00000
      4.08386      0.00000      0.00000      0.00000
      4.09386      0.00000      0.00000      0.00000
      4.10386      0.00000      0.00000      0.00000
      4.11386      0.00000      0.00000      0.00000
      4.12386      0.00000      0.00000      0.00000
      4.13386      0.00000      0.00000      0.00000
      4.14386      0.00000      0.00000      0.00000
      4.15386      0.00000      0.00000      0.00000
      4.16386      0.00000      0.00000      0.00000
      4.17386      0.00000      0.00000      0.00000
      4.18386      0.00000      0.00000      0.00000
      4.19386      0.00000      0.00000      0.00000
      4.20386      0.00000      0.00000      0.00000
      4.21386      0.00000      0.00000      0.00000
      4.22386      0.00000      0.00000      0.00000
      4.23386      0.00000      0.00000      0.00000
      4.24386      0.00000      0.00000      0.00000
      4.25386      0.00000      0.00000      0.00000
      4.26386      0.00000      0.00000      0.00000
      4.27386      0.00000      0.00000      0.00000
      4.28386      0.00000      0.00000      0.00000
      4.29386      0.00000      0.00000      0.00000
      4.30386      0.00000      0.00000      0.00000
      4.31386      0.00000      0.00000      0.00000
      4.32386      0.00000      0.00000      0.00000
      4.33386      0.00000      0.00000      0.00000
      4.34386      0.00000      0.00000      0.00000
      4.35386      0.00000      0.00000      0.00000
      4.36386      0.00000      0.00000      0.00000
      4.37386      0.00000      0.00000      0.00000
      4.38386      0.00000      0.00000      0.00000
      4.39386      0.00000      0.00000      0.00000
      4.40386      0.00000      0.00000      0.00000
      4.41386      0.00000      0.00000      0.00000
      4.42386      0.00000      0.00000      0.00000
      4.43386      0.00000      0.00000      0.00000
      4.44386      0.00000      0.00000      0.00000
      4.45386      0.00000      0.00000      0.00000
      4.46386      0.00000      0.00000      0.00000
      4.47386      0.00000      0.00000      0.00000
      4.48386      0.00000      0.00000      0.00000
      4.49386      0.00000      0.00000      0.00000
      4.50386      0.00000      0.00000      0.00000
      4.51386      0.00000      0.00000      0.00000
      4.52386      0.00000      0.00000      0.00000
      4.53386      0.00000      0.00000      0.00000
      4.54386      0.00000      0.00000      0.00000
      4.55386      0.00000      0.00000      0.00000
      4.56386      0.00000      0.00000      0.00000
      4.57386      0.00000      0.00000      0.00000
      4.58386      0.00000      0.00000      0.00000
      4.59386      0.00000      0.00000      0.00000
      4.60386      0.00000      0.00000      0.00000
      4.61386      0.00000      0.00000      0.00000
      4.62386      0.00000      0.00000      0.00000
      4.63386      0.00004      0.00004      0.00000
      4.64386      0.00125      0.00112      0.00014
      4.65386      0.01609      0.01435      0.00175
      4.66386      0.08698      0.07751      0.00947
      4.67386      0.22142      0.19711      0.02431
      4.68386      0.32995      0.29320      0.03675
      4.69386      0.36602      0.32446      0.04156
      4.70386      0.36768      0.32494      0.04275
      4.71386      0.39622      0.34905      0.04717
      4.72386      0.41385      0.36354      0.05030
      4.73386      0.39436      0.34534      0.04902
      4.74386      0.38352      0.33464      0.04888
      4.75386      0.45073      0.39203      0.05871
      4.76386      0.49754      0.43160      0.06593
      4.77386      0.46312      0.40020      0.06293
      4.78386      0.44498      0.38305      0.06193
      4.79386      0.41701      0.35751      0.05950
      4.80386      0.50228      0.42909      0.07319
      4.81386      0.68209      0.58149      0.10059
      4.82386      0.62617      0.53140      0.09478
      4.83386      0.53650      0.45194      0.08455
      4.84386      0.61510      0.51263      0.10247
      4.85386      0.85671      0.69414      0.16258
      4.86386      1.47292      1.16981      0.30311
      4.87386      2.14355      1.69381      0.44974
      4.88386      2.44502      1.92593      0.51909
      4.89386      2.20328      1.72757      0.47571
      4.90386      1.77305      1.38850      0.38455
      4.91386      1.54023      1.20839      0.33185
      4.92386      1.40416      1.10069      0.30347
      4.93386      1.26707      0.99157      0.27550
      4.94386      1.14643      0.89857      0.24786
      4.95386      1.14498      0.89964      0.24534
      4.96386      1.22409      0.96024      0.26385
      4.97386      1.10329      0.86188      0.24141
      4.98386      0.87919      0.68460      0.19459
      4.99386      0.78082      0.60759      0.17324
      5.00386      0.88606      0.68786      0.19820
      5.01386      1.01860      0.78794      0.23066
      5.02386      0.88804      0.68639      0.20165
      5.03386      0.70193      0.54419      0.15774
      5.04386      0.72715      0.56527      0.16188
      5.05386      0.80592      0.62732      0.17861
      5.06386      0.93314      0.72101      0.21213
      5.07386      0.93171      0.71355      0.21815
      5.08386      0.67781      0.51988      0.15793
      5.09386      0.53932      0.41487      0.12445
      5.10386      0.60654      0.46555      0.14099
      5.11386      0.63603      0.48985      0.14618
      5.12386      0.72346      0.55263      0.17083
      5.13386      0.83811      0.63258      0.20553
      5.14386      0.69412      0.52594      0.16818
      5.15386      0.53632      0.41248      0.12384
      5.16386      0.63166      0.48543      0.14623
      5.17386      0.68183      0.52204      0.15979
      5.18386      0.53753      0.41111      0.12642
      5.19386      0.57424      0.43242      0.14182
      5.20386      0.80201      0.59846      0.20355
      5.21386      0.68132      0.51080      0.17052
      5.22386      0.43731      0.33276      0.10455
      5.23386      0.45739      0.34744      0.10995
      5.24386      0.55979      0.42072      0.13906
      5.25386      0.50985      0.38377      0.12609
      5.26386      0.43707      0.32952      0.10756
      5.27386      0.63391      0.47223      0.16168
      5.28386      0.85807      0.63759      0.22048
      5.29386      0.69572      0.52211      0.17361
      5.30386      0.42581      0.32281      0.10301
      5.31386      0.38252      0.28632      0.09620
      5.32386      0.47185      0.34903      0.12282
      5.33386      0.42524      0.31504      0.11020
      5.34386      0.41587      0.31106      0.10481
      5.35386      0.57714      0.42859      0.14855
      5.36386      0.73287      0.53736      0.19552
      5.37386      0.60219      0.44038      0.16181
      5.38386      0.36041      0.26674      0.09367
      5.39386      0.34184      0.25498      0.08687
      5.40386      0.47708      0.35291      0.12417
      5.41386      0.53908      0.39698      0.14209
      5.42386      0.48456      0.35958      0.12498
      5.43386      0.45021      0.33504      0.11517
      5.44386      0.52179      0.38163      0.14016
      5.45386      0.66132      0.47754      0.18378
      5.46386      0.54468      0.39367      0.15101
      5.47386      0.33428      0.24475      0.08953
      5.48386      0.29805      0.21977      0.07828
      5.49386      0.40263      0.29473      0.10789
      5.50386      0.51167      0.37217      0.13950
      5.51386      0.44201      0.32167      0.12033
      5.52386      0.31455      0.22946      0.08509
      5.53386      0.36601      0.26512      0.10089
      5.54386      0.58871      0.42283      0.16587
      5.55386      0.68788      0.49400      0.19388
      5.56386      0.54034      0.39234      0.14801
      5.57386      0.38601      0.28303      0.10298
      5.58386      0.31622      0.23006      0.08616
      5.59386      0.37130      0.26664      0.10466
      5.60386      0.38920      0.27791      0.11128
      5.61386      0.33250      0.23846      0.09404
      5.62386      0.36719      0.26513      0.10206
      5.63386      0.43788      0.31441      0.12347
      5.64386      0.56765      0.40355      0.16410
      5.65386      0.57501      0.40712      0.16789
      5.66386      0.36535      0.25986      0.10548
      5.67386      0.26604      0.19118      0.07487
      5.68386      0.33403      0.23988      0.09415
      5.69386      0.40151      0.28628      0.11522
      5.70386      0.43027      0.30556      0.12471
      5.71386      0.41977      0.29998      0.11979
      5.72386      0.41382      0.29714      0.11668
      5.73386      0.41413      0.29489      0.11924
      5.74386      0.48196      0.33865      0.14331
      5.75386      0.51921      0.36258      0.15662
      5.76386      0.40089      0.28103      0.11985
      5.77386      0.27620      0.19563      0.08057
      5.78386      0.24832      0.17637      0.07195
      5.79386      0.34438      0.24366      0.10073
      5.80386      0.45210      0.31828      0.13382
      5.81386      0.41963      0.29471      0.12492
      5.82386      0.28122      0.19764      0.08358
      5.83386      0.25879      0.18172      0.07707
      5.84386      0.37490      0.26201      0.11289
      5.85386      0.53453      0.37177      0.16276
      5.86386      0.58582      0.40785      0.17797
      5.87386      0.47000      0.32977      0.14022
      5.88386      0.33586      0.23697      0.09889
      5.89386      0.26635      0.18694      0.07941
      5.90386      0.30175      0.21003      0.09172
      5.91386      0.33312      0.23040      0.10272
      5.92386      0.31575      0.21834      0.09741
      5.93386      0.33429      0.23269      0.10160
      5.94386      0.33447      0.23289      0.10158
      5.95386      0.37694      0.26100      0.11594
      5.96386      0.49709      0.34211      0.15498
      5.97386      0.47782      0.32784      0.14998
      5.98386      0.30451      0.20965      0.09486
      5.99386      0.26033      0.18051      0.07982
      6.00386      0.30603      0.21217      0.09386
      6.01386      0.32458      0.22397      0.10061
      6.02386      0.36205      0.24883      0.11323
      6.03386      0.39645      0.27320      0.12325
      6.04386      0.39544      0.27374      0.12171
      6.05386      0.36522      0.25211      0.11311
      6.06386      0.36062      0.24680      0.11382
      6.07386      0.40814      0.27730      0.13084
      6.08386      0.42391      0.28737      0.13654
      6.09386      0.34685      0.23622      0.11063
      6.10386      0.23252      0.15927      0.07325
      6.11386      0.23345      0.16018      0.07333
      6.12386      0.33513      0.23240      0.10447
      6.13386      0.46576      0.35949      0.12997
      6.14386      0.68757      0.69676      0.11940
      6.15386      0.98921      1.20613      0.08026
      6.16386      1.10612      1.37625      0.07331
      6.17386      1.03170      1.20553      0.09883
      6.18386      1.00276      1.07623      0.13673
      6.19386      1.03278      1.03962      0.17099
      6.20386      0.94294      0.93719      0.15967
      6.21386      0.77341      0.79672      0.11532
      6.22386      0.65769      0.70977      0.08124
      6.23386      0.61143      0.65294      0.07849
      6.24386      0.60850      0.62231      0.09146
      6.25386      0.62627      0.63947      0.09420
      6.26386      0.65966      0.66664      0.10194
      6.27386      0.63395      0.62539      0.10489
      6.28386      0.58083      0.57438      0.09501
      6.29386      0.60718      0.57521      0.11228
      6.30386      0.72829      0.66868      0.14581
      6.31386      0.74190      0.69780      0.13977
      6.32386      0.56626      0.55723      0.09322
      6.33386      0.50193      0.48970      0.08416
      6.34386      0.53070      0.50711      0.09436
      6.35386      0.51712      0.49029      0.09404
      6.36386      0.56731      0.53357      0.10536
      6.37386      0.65779      0.61602      0.12318
      6.38386      0.64220      0.58931      0.12631
      6.39386      0.59118      0.54563      0.11458
      6.40386      0.56058      0.52188      0.10654
      6.41386      0.55310      0.49880      0.11421
      6.42386      0.55575      0.48146      0.12580
      6.43386      0.55984      0.49217      0.12249
      6.44386      0.51340      0.49569      0.08738
      6.45386      0.48374      0.49527      0.06643
      6.46386      0.51858      0.49552      0.09073
      6.47386      0.54040      0.47208      0.11915
      6.48386      0.56196      0.48375      0.12806
      6.49386      0.52867      0.49624      0.09770
      6.50386      0.43512      0.42696      0.07005
      6.51386      0.40278      0.36574      0.08125
      6.52386      0.46959      0.40065      0.10916
      6.53386      0.63489      0.54502      0.14565
      6.54386      0.75332      0.65383      0.16862
      6.55386      0.68809      0.61199      0.14551
      6.56386      0.52644      0.48141      0.10381
      6.57386      0.41357      0.38530      0.07768
      6.58386      0.42032      0.38645      0.08198
      6.59386      0.44355      0.40073      0.09054
      6.60386      0.43392      0.38829      0.09087
      6.61386      0.49960      0.44920      0.10349
      6.62386      0.49820      0.44516      0.10470
      6.63386      0.42923      0.37404      0.09551
      6.64386      0.52551      0.45808      0.11668
      6.65386      0.67351      0.59711      0.14398
      6.66386      0.60016      0.53495      0.12684
      6.67386      0.41548      0.37663      0.08423
      6.68386      0.42674      0.38673      0.08672
      6.69386      0.47527      0.42869      0.09781
      6.70386      0.47542      0.43155      0.09615
      6.71386      0.49987      0.44482      0.10616
      6.72386      0.53495      0.46217      0.12156
      6.73386      0.49380      0.40163      0.12638
      6.74386      0.43993      0.34997      0.11726
      6.75386      0.48843      0.42365      0.11062
      6.76386      0.56431      0.50896      0.11676
      6.77386      0.58580      0.53115      0.11925
      6.78386      0.53186      0.47947      0.10959
      6.79386      0.42610      0.39562      0.08126
      6.80386      0.38783      0.37001      0.06852
      6.81386      0.43409      0.37825      0.09733
      6.82386      0.47908      0.38512      0.12598
      6.83386      0.52531      0.44263      0.12667
      6.84386      0.48197      0.45237      0.08987
      6.85386      0.41076      0.39833      0.06932
      6.86386      0.41168      0.36708      0.08790
      6.87386      0.48431      0.40324      0.11995
      6.88386      0.56141      0.44423      0.15263
      6.89386      0.54004      0.40948      0.15684
      6.90386      0.52835      0.44078      0.12981
      6.91386      0.55346      0.52374      0.10028
      6.92386      0.50657      0.49606      0.08274
      6.93386      0.47356      0.44035      0.09120
      6.94386      0.42554      0.37713      0.09268
      6.95386      0.38350      0.33424      0.08678
      6.96386      0.44575      0.38422      0.10344
      6.97386      0.47574      0.41653      0.10671
      6.98386      0.47299      0.40894      0.10884
      6.99386      0.54008      0.44405      0.13733
      7.00386      0.53890      0.44545      0.13609
      7.01386      0.42998      0.38756      0.09085
      7.02386      0.39708      0.37187      0.07605
      7.03386      0.43843      0.38202      0.09993
      7.04386      0.42419      0.35224      0.10650
      7.05386      0.45587      0.39415      0.10548
      7.06386      0.51549      0.46247      0.10917
      7.07386      0.55136      0.48415      0.12249
      7.08386      0.57970      0.50414      0.13206
      7.09386      0.55647      0.48135      0.12893
      7.10386      0.54213      0.46590      0.12803
      7.11386      0.47845      0.41624      0.11035
      7.12386      0.40107      0.35112      0.09106
      7.13386      0.36457      0.32280      0.08043
      7.14386      0.40197      0.37995      0.07485
      7.15386      0.50116      0.45276      0.10546
      7.16386      0.53073      0.44110      0.13379
      7.17386      0.47627      0.39257      0.12180
      7.18386      0.34517      0.28994      0.08527
      7.19386      0.33493      0.28899      0.07916
      7.20386      0.48717      0.42795      0.11099
      7.21386      0.60276      0.52092      0.14141
      7.22386      0.60552      0.52337      0.14101
      7.23386      0.57807      0.51091      0.12779
      7.24386      0.54943      0.48968      0.11966
      7.25386      0.46667      0.40990      0.10535
      7.26386      0.43620      0.37777      0.10153
      7.27386      0.43630      0.38679      0.09674
      7.28386      0.38269      0.34648      0.08115
      7.29386      0.44031      0.38616      0.10088
      7.30386      0.52307      0.45378      0.12254
      7.31386      0.55900      0.48467      0.13040
      7.32386      0.55645      0.46985      0.13655
      7.33386      0.48136      0.42571      0.10729
      7.34386      0.40579      0.37976      0.07711
      7.35386      0.50777      0.46822      0.09321
      7.36386      0.70306      0.65016      0.11974
      7.37386      0.70985      0.65848      0.11271
      7.38386      0.67212      0.63206      0.09872
      7.39386      0.83670      0.80946      0.11756
      7.40386      1.06535      1.03605      0.15429
      7.41386      1.08187      1.03565      0.16468
      7.42386      0.87658      0.83722      0.12855
      7.43386      0.72038      0.71829      0.08243
      7.44386      0.72223      0.72348      0.08011
      7.45386      0.70733      0.69053      0.08910
      7.46386      0.75247      0.72433      0.10134
      7.47386      0.85019      0.80375      0.12494
      7.48386      0.84705      0.79733      0.12815
      7.49386      0.82494      0.80468      0.10899
      7.50386      0.87805      0.86762      0.10847
      7.51386      0.90345      0.86256      0.12803
      7.52386      0.81220      0.76638      0.11874
      7.53386      0.79409      0.75216      0.11448
      7.54386      0.88011      0.82055      0.13358
      7.55386      0.89432      0.82729      0.13893
      7.56386      0.82143      0.77061      0.12045
      7.57386      0.71208      0.67203      0.09807
      7.58386      0.77598      0.74598      0.09891
      7.59386      1.02958      1.00745      0.13016
      7.60386      1.08151      1.06643      0.13834
      7.61386      0.93216      0.91913      0.11553
      7.62386      0.80584      0.77466      0.10483
      7.63386      0.80341      0.76777      0.10220
      7.64386      0.89163      0.84668      0.11722
      7.65386      0.85277      0.79503      0.12117
      7.66386      0.78619      0.73798      0.10830
      7.67386      0.88803      0.82854      0.12999
      7.68386      1.08988      0.99884      0.17335
      7.69386      1.10901      1.03126      0.16545
      7.70386      0.92531      0.89558      0.11301
      7.71386      0.81975      0.80025      0.09237
      7.72386      0.80331      0.76020      0.10452
      7.73386      0.83634      0.78797      0.10707
      7.74386      0.96839      0.90271      0.12930
      7.75386      1.01120      0.91343      0.15631
      7.76386      0.95319      0.87421      0.13924
      7.77386      0.88883      0.84651      0.10846
      7.78386      0.90410      0.86852      0.10812
      7.79386      1.09765      1.04428      0.13877
      7.80386      1.21119      1.15641      0.15307
      7.81386      1.13790      1.08251      0.14817
      7.82386      1.05629      0.97511      0.14942
      7.83386      0.97653      0.88588      0.13998
      7.84386      0.93257      0.86840      0.11650
      7.85386      0.99023      0.92172      0.11715
      7.86386      1.01787      0.92550      0.13261
      7.87386      1.05787      0.97387      0.14029
      7.88386      1.12515      1.04781      0.15013
      7.89386      1.14732      1.06795      0.15366
      7.90386      1.18989      1.10101      0.15754
      7.91386      1.23466      1.11696      0.17497
      7.92386      1.15953      1.04324      0.16609
      7.93386      1.08032      0.97662      0.14946
      7.94386      1.13674      1.02087      0.16706
      7.95386      1.20362      1.07712      0.17662
      7.96386      1.23273      1.10976      0.17000
      7.97386      1.28908      1.17906      0.17418
      7.98386      1.42141      1.30135      0.20093
      7.99386      1.48801      1.34605      0.22344
      8.00386      1.51124      1.37378      0.22091
      8.01386      1.55824      1.42925      0.21363
      8.02386      1.56713      1.41565      0.22609
      8.03386      1.56296      1.37321      0.24510
      8.04386      1.60782      1.40652      0.25433
      8.05386      1.82539      1.58338      0.29474
      8.06386      1.96722      1.67508      0.33083
      8.07386      2.10128      1.80286      0.34874
      8.08386      2.53617      2.20712      0.41026
      8.09386      3.17813      2.74059      0.52448
      8.10386      3.59103      3.05443      0.61291
      8.11386      3.29477      2.78189      0.57419
      8.12386      2.45306      2.07498      0.42906
      8.13386      1.33365      1.15419      0.22540
      8.14386      0.50974      0.50023      0.06486
      8.15386      0.22720      0.27920      0.00850
      8.16386      0.14205      0.18801      0.00046
      8.17386      0.15419      0.20363      0.00001
      8.18386      0.28026      0.36857      0.00000
      8.19386      0.33616      0.44280      0.00000
      8.20386      0.28621      0.37817      0.00000
      8.21386      0.25141      0.33293      0.00000
      8.22386      0.23507      0.31148      0.00000
      8.23386      0.20799      0.27567      0.00000
      8.24386      0.19830      0.26357      0.00000
      8.25386      0.16456      0.21889      0.00000
      8.26386      0.11265      0.14938      0.00000
      8.27386      0.14607      0.19380      0.00000
      8.28386      0.26659      0.35411      0.00000
      8.29386      0.31418      0.41710      0.00000
      8.30386      0.24854      0.32973      0.00000
      8.31386      0.19093      0.25339      0.00000
      8.32386      0.16954      0.22519      0.00000
      8.33386      0.16253      0.21623      0.00000
      8.34386      0.17176      0.22912      0.00000
      8.35386      0.19659      0.26222      0.00000
      8.36386      0.15009      0.20010      0.00000
      8.37386      0.11785      0.15707      0.00000
      8.38386      0.24088      0.31989      0.00000
      8.39386      0.36378      0.48132      0.00000
      8.40386      0.33769      0.44609      0.00000
      8.41386      0.28210      0.37342      0.00000
      8.42386      0.24631      0.32671      0.00000
      8.43386      0.24553      0.32624      0.00000
      8.44386      0.21720      0.28876      0.00000
      8.45386      0.14714      0.19537      0.00000
      8.46386      0.14081      0.18725      0.00000
      8.47386      0.21761      0.29031      0.00000
      8.48386      0.26673      0.35568      0.00000
      8.49386      0.25661      0.34082      0.00000
      8.50386      0.24792      0.32839      0.00000
      8.51386      0.22740      0.30146      0.00000
      8.52386      0.19160      0.25437      0.00000
      8.53386      0.20924      0.27832      0.00000
      8.54386      0.20956      0.27902      0.00000
      8.55386      0.16861      0.22456      0.00000
      8.56386      0.18137      0.24156      0.00000
      8.57386      0.17842      0.23780      0.00000
      8.58386      0.16527      0.22006      0.00000
      8.59386      0.24138      0.32005      0.00000
      8.60386      0.37089      0.49065      0.00000
      8.61386      0.36523      0.48283      0.00000
      8.62386      0.28881      0.38205      0.00000
      8.63386      0.25853      0.34248      0.00000
      8.64386      0.23460      0.31102      0.00000
      8.65386      0.24309      0.32252      0.00000
      8.66386      0.24607      0.32664      0.00000
      8.67386      0.21740      0.28862      0.00000
      8.68386      0.20005      0.26551      0.00000
      8.69386      0.18517      0.24552      0.00000
      8.70386      0.20770      0.27485      0.00000
      8.71386      0.28388      0.37543      0.00000
      8.72386      0.30289      0.40070      0.00000
      8.73386      0.26338      0.34844      0.00000
      8.74386      0.22984      0.30403      0.00000
      8.75386      0.19228      0.25439      0.00000
      8.76386      0.17729      0.23449      0.00000
      8.77386      0.20557      0.27162      0.00000
      8.78386      0.18630      0.24597      0.00000
      8.79386      0.15676      0.20705      0.00000
      8.80386      0.20118      0.26540      0.00000
      8.81386      0.35549      0.46844      0.00000
      8.82386      0.45821      0.60378      0.00000
      8.83386      0.39315      0.51815      0.00000
      8.84386      0.29087      0.38335      0.00000
      8.85386      0.27553      0.36288      0.00000
      8.86386      0.24610      0.32418      0.00000
      8.87386      0.20414      0.26868      0.00000
      8.88386      0.22340      0.29316      0.00000
      8.89386      0.24971      0.32703      0.00000
      8.90386      0.23319      0.30533      0.00000
      8.91386      0.22827      0.29954      0.00000
      8.92386      0.29075      0.38183      0.00000
      8.93386      0.33996      0.44544      0.00000
      8.94386      0.28706      0.37584      0.00000
      8.95386      0.22218      0.29078      0.00000
      8.96386      0.22133      0.28844      0.00000
      8.97386      0.23055      0.29939      0.00000
      8.98386      0.21522      0.27900      0.00000
      8.99386      0.18685      0.24188      0.00000
      9.00386      0.16651      0.21528      0.00000
      9.01386      0.18499      0.24001      0.00000
      9.02386      0.32282      0.42128      0.00000
      9.03386      0.49702      0.64960      0.00000
      9.04386      0.48056      0.62785      0.00000
      9.05386      0.39137      0.51054      0.00000
      9.06386      0.31760      0.41383      0.00000
      9.07386      0.29636      0.38425      0.00000
      9.08386      0.28922      0.37325      0.00000
      9.09386      0.25539      0.32842      0.00000
      9.10386      0.23840      0.30450      0.00000
      9.11386      0.23166      0.29416      0.00000
      9.12386      0.24655      0.31347      0.00000
      9.13386      0.30490      0.39199      0.00000
      9.14386      0.34589      0.44769      0.00000
      9.15386      0.33244      0.42836      0.00000
      9.16386      0.31748      0.40507      0.00000
      9.17386      0.27953      0.35452      0.00000
      9.18386      0.22604      0.28485      0.00000
      9.19386      0.18325      0.22841      0.00000
      9.20386      0.15054      0.18541      0.00000
      9.21386      0.12771      0.15582      0.00000
      9.22386      0.13032      0.16004      0.00000
      9.23386      0.24970      0.31892      0.00000
      9.24386      0.60982      0.79072      0.00000
      9.25386      0.91913      1.18874      0.00000
      9.26386      0.80731      1.03046      0.00000
      9.27386      0.45860      0.57061      0.00000
      9.28386      0.22839      0.27543      0.00000
      9.29386      0.13038      0.15436      0.00000
      9.30386      0.09752      0.11438      0.00000
      9.31386      0.11270      0.13275      0.00000
      9.32386      0.21108      0.25278      0.00000
      9.33386      0.34576      0.42244      0.00000
      9.34386      0.46351      0.58216      0.00000
      9.35386      0.47280      0.60528      0.00000
      9.36386      0.28285      0.35978      0.00000
      9.37386      0.20617      0.24534      0.00000
      9.38386      0.32574      0.37947      0.00000
      9.39386      0.39101      0.45783      0.00000
      9.40386      0.33469      0.39546      0.00000
      9.41386      0.28979      0.34648      0.00000
      9.42386      0.31667      0.38142      0.00000
      9.43386      0.41276      0.50022      0.00000
      9.44386      0.53479      0.66357      0.00000
      9.45386      0.68911      0.87463      0.00000
      9.46386      0.66709      0.84219      0.00000
      9.47386      0.49604      0.59319      0.00000
      9.48386      0.39238      0.44437      0.00000
      9.49386      0.30996      0.34941      0.00000
      9.50386      0.28357      0.32182      0.00000
      9.51386      0.31084      0.35227      0.00000
      9.52386      0.31918      0.36433      0.00000
      9.53386      0.34341      0.39373      0.00000
      9.54386      0.45614      0.51846      0.00000
      9.55386      0.54949      0.63221      0.00001
      9.56386      0.57990      0.68245      0.00010
      9.57386      0.51638      0.60199      0.00033
      9.58386      0.40185      0.45162      0.00076
      9.59386      0.40559      0.44324      0.00194
      9.60386      0.47996      0.51928      0.00332
      9.61386      0.48534      0.52581      0.00381
      9.62386      0.46982      0.51181      0.00477
      9.63386      0.50138      0.55038      0.00690
      9.64386      0.59737      0.65317      0.01094
      9.65386      0.67747      0.74631      0.01314
      9.66386      0.75925      0.85944      0.01440
      9.67386      0.86263      0.98410      0.01866
      9.68386      0.79105      0.86944      0.02360
      9.69386      0.63878      0.65543      0.02813
      9.70386      0.63144      0.63047      0.03427
      9.71386      0.63689      0.62929      0.03970
      9.72386      0.68598      0.66674      0.04958
      9.73386      0.83351      0.80311      0.06447
      9.74386      0.92919      0.88374      0.08165
      9.75386      1.05620      0.99142      0.10979
      9.76386      1.21137      1.13499      0.13332
      9.77386      1.19397      1.13502      0.12708
      9.78386      1.08171      1.04665      0.10781
      9.79386      0.97001      0.93538      0.09100
      9.80386      0.84799      0.81224      0.07477
      9.81386      0.73635      0.71008      0.06495
      9.82386      0.69293      0.66573      0.06495
      9.83386      0.73405      0.69371      0.07416
      9.84386      0.70945      0.67994      0.06806
      9.85386      0.62661      0.62643      0.04887
      9.86386      0.70100      0.71753      0.04647
      9.87386      0.82888      0.85904      0.05034
      9.88386      0.78437      0.83850      0.04356
      9.89386      0.72000      0.77415      0.04512
      9.90386      0.72979      0.74053      0.05968
      9.91386      0.67999      0.65256      0.06388
      9.92386      0.49667      0.47146      0.04518
      9.93386      0.42256      0.42041      0.02938
      9.94386      0.49387      0.49646      0.03196
      9.95386      0.57603      0.56737      0.04140
      9.96386      0.56289      0.55820      0.04037
      9.97386      0.42121      0.42492      0.03041
      9.98386      0.44506      0.45632      0.03159
      9.99386      0.62553      0.64315      0.04385
     10.00386      0.72497      0.73325      0.05737
     10.01386      0.62415      0.61308      0.05574
     10.02386      0.43226      0.42649      0.03358
     10.03386      0.38930      0.39906      0.01990
     10.04386      0.41791      0.42934      0.02135
     10.05386      0.45729      0.46303      0.02964
     10.06386      0.53421      0.53936      0.03794
     10.07386      0.48762      0.50059      0.03317
     10.08386      0.40015      0.42296      0.02300
     10.09386      0.47010      0.50616      0.02310
     10.10386      0.59948      0.65481      0.02943
     10.11386      0.66840      0.71842      0.03842
     10.12386      0.65738      0.65987      0.05230
     10.13386      0.59687      0.57488      0.05325
     10.14386      0.41281      0.40688      0.03107
     10.15386      0.26043      0.26632      0.01594
     10.16386      0.26856      0.27387      0.01549
     10.17386      0.34916      0.35366      0.01943
     10.18386      0.40339      0.40709      0.02595
     10.19386      0.42238      0.42535      0.03220
     10.20386      0.44369      0.45725      0.03029
     10.21386      0.44107      0.47291      0.02121
     10.22386      0.46537      0.50066      0.01855
     10.23386      0.44514      0.46295      0.02049
     10.24386      0.35606      0.35661      0.02348
     10.25386      0.33662      0.32390      0.03225
     10.26386      0.47501      0.45437      0.04801
     10.27386      0.56458      0.55059      0.05241
     10.28386      0.44847      0.45205      0.03386
     10.29386      0.33587      0.35151      0.01705
     10.30386      0.32431      0.35220      0.01138
     10.31386      0.39420      0.43864      0.01267
     10.32386      0.51318      0.57707      0.01587
     10.33386      0.54546      0.60380      0.02061
     10.34386      0.43554      0.45091      0.02820
     10.35386      0.35815      0.34412      0.03143
     10.36386      0.30530      0.29496      0.02319
     10.37386      0.25769      0.26343      0.01452
     10.38386      0.25838      0.26844      0.01338
     10.39386      0.28403      0.28723      0.01689
     10.40386      0.33683      0.33855      0.02283
     10.41386      0.41305      0.41822      0.02915
     10.42386      0.52095      0.52405      0.03873
     10.43386      0.61904      0.61985      0.04904
     10.44386      0.52036      0.52471      0.04054
     10.45386      0.27893      0.28415      0.01897
     10.46386      0.17115      0.17855      0.00879
     10.47386      0.20931      0.21883      0.00999
     10.48386      0.31289      0.33069      0.01189
     10.49386      0.35775      0.37756      0.01426
     10.50386      0.32657      0.33646      0.01886
     10.51386      0.32046      0.32399      0.02450
     10.52386      0.39689      0.40621      0.02847
     10.53386      0.44639      0.47802      0.02207
     10.54386      0.47141      0.52802      0.01381
     10.55386      0.44623      0.49673      0.01307
     10.56386      0.33737      0.35558      0.01459
     10.57386      0.23590      0.23355      0.01536
     10.58386      0.19503      0.18556      0.01810
     10.59386      0.29533      0.28780      0.02519
     10.60386      0.43554      0.42228      0.03748
     10.61386      0.42575      0.39621      0.04683
     10.62386      0.35918      0.33952      0.03835
     10.63386      0.35764      0.36977      0.01961
     10.64386      0.35802      0.38761      0.01026
     10.65386      0.33768      0.37359      0.00730
     10.66386      0.29549      0.32303      0.00883
     10.67386      0.20206      0.21028      0.01123
     10.68386      0.17658      0.17636      0.01297
     10.69386      0.25225      0.25202      0.01722
     10.70386      0.36579      0.36601      0.02358
     10.71386      0.41276      0.41473      0.02801
     10.72386      0.30992      0.31731      0.02097
     10.73386      0.23000      0.24417      0.01189
     10.74386      0.26793      0.29107      0.00933
     10.75386      0.35948      0.39586      0.01092
     10.76386      0.44661      0.49133      0.01441
     10.77386      0.43802      0.47054      0.01780
     10.78386      0.33640      0.34442      0.01978
     10.79386      0.27184      0.26203      0.02402
     10.80386      0.27956      0.25315      0.03458
     10.81386      0.36912      0.33308      0.04569
     10.82386      0.38814      0.37241      0.03567
     10.83386      0.24483      0.25295      0.01325
     10.84386      0.16252      0.17201      0.00591
     10.85386      0.24399      0.25672      0.00884
     10.86386      0.31346      0.34047      0.00806
     10.87386      0.33310      0.36467      0.00827
     10.88386      0.31866      0.33716      0.01220
     10.89386      0.23613      0.24196      0.01347
     10.90386      0.20018      0.19361      0.01826
     10.91386      0.23853      0.22616      0.02414
     10.92386      0.30146      0.29420      0.02386
     10.93386      0.32782      0.33444      0.01637
     10.94386      0.28483      0.30368      0.01006
     10.95386      0.23104      0.25088      0.00888
     10.96386      0.23381      0.25315      0.00964
     10.97386      0.31215      0.33937      0.01148
     10.98386      0.38940      0.42220      0.01486
     10.99386      0.39951      0.41674      0.01979
     11.00386      0.36257      0.36073      0.02415
     11.01386      0.33922      0.32382      0.03090
     11.02386      0.33232      0.30484      0.03898
     11.03386      0.27457      0.24879      0.03424
     11.04386      0.21432      0.20545      0.01882
     11.05386      0.21164      0.22178      0.00778
     11.06386      0.18758      0.20428      0.00368
     11.07386      0.18670      0.19867      0.00682
     11.08386      0.25272      0.26612      0.01014
     11.09386      0.29104      0.31320      0.00838
     11.10386      0.29253      0.30847      0.01072
     11.11386      0.28900      0.29247      0.01472
     11.12386      0.26284      0.26085      0.01772
     11.13386      0.23299      0.22188      0.02299
     11.14386      0.20389      0.19499      0.02024
     11.15386      0.19988      0.20243      0.01205
     11.16386      0.27208      0.28279      0.00983
     11.17386      0.31209      0.33165      0.00977
     11.18386      0.28180      0.30668      0.00974
     11.19386      0.26648      0.29316      0.01036
     11.20386      0.28121      0.30259      0.01231
     11.21386      0.27373      0.27916      0.01570
     11.22386      0.31111      0.29836      0.02611
     11.23386      0.50946      0.45672      0.06767
     11.24386      0.88827      0.73346      0.16977
     11.25386      1.21979      0.95808      0.27235
     11.26386      1.30474      1.00491      0.30956
     11.27386      1.29139      0.99499      0.30782
     11.28386      1.29392      1.01394      0.29499
     11.29386      1.37979      1.09547      0.30476
     11.30386      1.44846      1.15328      0.31997
     11.31386      1.41553      1.11890      0.31555
     11.32386      1.43785      1.13639      0.31539
     11.33386      1.42406      1.13581      0.30339
     11.34386      1.49392      1.19111      0.31757
     11.35386      1.70598      1.35839      0.36375
     11.36386      1.70342      1.34822      0.36984
     11.37386      1.62154      1.27400      0.36018
     11.38386      1.61274      1.26851      0.35856
     11.39386      1.63308      1.30393      0.34841
     11.40386      1.82071      1.49122      0.36073
     11.41386      2.26126      1.84590      0.45614
     11.42386      2.57557      2.04215      0.56224
     11.43386      2.76558      2.13993      0.63511
     11.44386      3.07069      2.37080      0.70499
     11.45386      3.16325      2.52755      0.66106
     11.46386      3.51134      3.12900      0.48522
     11.47386      4.65188      4.54155      0.33500
     11.48386      5.05802      5.04752      0.27753
     11.49386      4.36269      4.28945      0.29029
     11.50386      3.82858      3.65689      0.34071
     11.51386      3.35067      3.20446      0.29432
     11.52386      2.87144      2.79672      0.21081
     11.53386      2.59206      2.49983      0.20787
     11.54386      2.50954      2.36736      0.23848
     11.55386      2.38638      2.24831      0.22604
     11.56386      2.20083      2.09929      0.18971
     11.57386      2.24128      2.14389      0.18769
