Energy-E_F (eV)    DOS (1/eV)    PDOS (1/eV)  of atom type B  N  
     -5.99742      0.67745      0.27756      0.39989
     -5.98742      0.51691      0.21065      0.30625
     -5.97742      0.36993      0.14962      0.22031
     -5.96742      0.27628      0.11201      0.16428
     -5.95742      0.15570      0.06350      0.09220
     -5.94742      0.17229      0.07078      0.10151
     -5.93742      0.33094      0.13836      0.19258
     -5.92742      0.41118      0.17467      0.23650
     -5.91742      0.50484      0.21281      0.29203
     -5.90742      0.70131      0.28807      0.41324
     -5.89742      0.69790      0.28104      0.41686
     -5.88742      0.53430      0.21453      0.31977
     -5.87742      0.53414      0.21913      0.31501
     -5.86742      0.54792      0.22665      0.32127
     -5.85742      0.43579      0.17772      0.25807
     -5.84742      0.38529      0.15740      0.22789
     -5.83742      0.44683      0.18672      0.26011
     -5.82742      0.52120      0.21937      0.30183
     -5.81742      0.60440      0.25583      0.34857
     -5.80742      0.72679      0.30919      0.41760
     -5.79742      0.67404      0.28606      0.38797
     -5.78742      0.43770      0.18218      0.25552
     -5.77742      0.26280      0.10590      0.15690
     -5.76742      0.34478      0.13695      0.20783
     -5.75742      0.61045      0.24387      0.36658
     -5.74742      0.77517      0.31242      0.46275
     -5.73742      0.66986      0.27165      0.39821
     -5.72742      0.44279      0.17903      0.26375
     -5.71742      0.33916      0.13566      0.20349
     -5.70742      0.42845      0.17303      0.25542
     -5.69742      0.50493      0.20672      0.29821
     -5.68742      0.48868      0.20193      0.28675
     -5.67742      0.51327      0.21208      0.30119
     -5.66742      0.53670      0.22154      0.31516
     -5.65742      0.44621      0.18426      0.26195
     -5.64742      0.39034      0.15836      0.23198
     -5.63742      0.40195      0.16197      0.23998
     -5.62742      0.46152      0.18704      0.27448
     -5.61742      0.57632      0.23201      0.34431
     -5.60742      0.80373      0.32450      0.47923
     -5.59742      0.87676      0.35795      0.51881
     -5.58742      0.58313      0.24402      0.33912
     -5.57742      0.44279      0.19077      0.25203
     -5.56742      0.45442      0.19188      0.26254
     -5.55742      0.51264      0.20789      0.30475
     -5.54742      0.56818      0.22887      0.33932
     -5.53742      0.42387      0.17149      0.25238
     -5.52742      0.17932      0.07273      0.10659
     -5.51742      0.19927      0.08224      0.11703
     -5.50742      0.45752      0.18933      0.26819
     -5.49742      0.62992      0.25751      0.37241
     -5.48742      0.71900      0.28918      0.42982
     -5.47742      0.79718      0.32086      0.47632
     -5.46742      0.86652      0.35248      0.51404
     -5.45742      0.78102      0.31746      0.46356
     -5.44742      0.53203      0.21319      0.31884
     -5.43742      0.38614      0.15248      0.23367
     -5.42742      0.37955      0.15108      0.22847
     -5.41742      0.49620      0.19962      0.29658
     -5.40742      0.56177      0.22450      0.33727
     -5.39742      0.41600      0.16557      0.25043
     -5.38742      0.42772      0.17220      0.25552
     -5.37742      0.51467      0.20870      0.30597
     -5.36742      0.55272      0.22696      0.32576
     -5.35742      0.68850      0.28602      0.40247
     -5.34742      0.78273      0.32483      0.45789
     -5.33742      0.65752      0.27242      0.38510
     -5.32742      0.56711      0.23089      0.33623
     -5.31742      0.65286      0.25977      0.39309
     -5.30742      0.58057      0.22862      0.35196
     -5.29742      0.37758      0.14765      0.22993
     -5.28742      0.21608      0.08478      0.13130
     -5.27742      0.32264      0.12877      0.19387
     -5.26742      0.61417      0.24635      0.36782
     -5.25742      0.76036      0.30239      0.45797
     -5.24742      0.70823      0.27587      0.43236
     -5.23742      0.69112      0.26687      0.42425
     -5.22742      0.78908      0.30637      0.48271
     -5.21742      0.89369      0.34813      0.54556
     -5.20742      1.09051      0.42559      0.66492
     -5.19742      1.07616      0.41741      0.65875
     -5.18742      0.86455      0.33296      0.53159
     -5.17742      0.92686      0.36074      0.56612
     -5.16742      1.11222      0.43783      0.67439
     -5.15742      1.10000      0.43136      0.66864
     -5.14742      0.96537      0.37681      0.58856
     -5.13742      0.85840      0.33662      0.52179
     -5.12742      0.84857      0.33441      0.51416
     -5.11742      0.79973      0.31688      0.48285
     -5.10742      0.75467      0.29352      0.46115
     -5.09742      0.83135      0.31425      0.51710
     -5.08742      0.99056      0.37478      0.61578
     -5.07742      0.95499      0.36891      0.58608
     -5.06742      0.80909      0.31755      0.49154
     -5.05742      0.77213      0.29711      0.47503
     -5.04742      0.67234      0.25220      0.42014
     -5.03742      0.44541      0.16502      0.28039
     -5.02742      0.40894      0.15620      0.25274
     -5.01742      0.76781      0.29711      0.47070
     -5.00742      1.13878      0.43773      0.70105
     -4.99742      1.33763      0.51805      0.81958
     -4.98742      1.29085      0.50122      0.78962
     -4.97742      0.90379      0.34487      0.55892
     -4.96742      0.69974      0.26163      0.43811
     -4.95742      0.82265      0.30950      0.51315
     -4.94742      0.94491      0.36215      0.58276
     -4.93742      0.88162      0.34076      0.54085
     -4.92742      0.81881      0.31885      0.49996
     -4.91742      0.93582      0.36453      0.57130
     -4.90742      1.02588      0.39386      0.63202
     -4.89742      1.08241      0.41438      0.66803
     -4.88742      1.06148      0.40936      0.65212
     -4.87742      0.94320      0.36450      0.57870
     -4.86742      0.93075      0.35830      0.57245
     -4.85742      0.91190      0.34500      0.56690
     -4.84742      0.90608      0.33961      0.56647
     -4.83742      0.80912      0.30745      0.50167
     -4.82742      0.79703      0.30891      0.48812
     -4.81742      0.89438      0.34955      0.54483
     -4.80742      0.79678      0.30823      0.48855
     -4.79742      0.88343      0.33407      0.54936
     -4.78742      1.25397      0.47697      0.77700
     -4.77742      1.30178      0.49826      0.80352
     -4.76742      1.00335      0.37902      0.62432
     -4.75742      0.72280      0.26551      0.45729
     -4.74742      0.60354      0.22045      0.38309
     -4.73742      0.76943      0.28725      0.48217
     -4.72742      1.01260      0.38314      0.62946
     -4.71742      1.00101      0.37715      0.62385
     -4.70742      0.95721      0.35931      0.59790
     -4.69742      0.92953      0.35706      0.57247
     -4.68742      0.99252      0.38714      0.60539
     -4.67742      1.19930      0.46433      0.73496
     -4.66742      1.24088      0.47521      0.76566
     -4.65742      1.29065      0.48980      0.80085
     -4.64742      1.31552      0.50011      0.81541
     -4.63742      1.00099      0.37871      0.62227
     -4.62742      0.66380      0.24708      0.41672
     -4.61742      0.57370      0.21167      0.36203
     -4.60742      0.64789      0.23754      0.41035
     -4.59742      0.80577      0.29481      0.51096
     -4.58742      1.02704      0.37943      0.64761
     -4.57742      1.30758      0.49282      0.81477
     -4.56742      1.44408      0.55266      0.89142
     -4.55742      1.26038      0.48000      0.78038
     -4.54742      1.02005      0.38269      0.63735
     -4.53742      0.72813      0.27546      0.45266
     -4.52742      0.72738      0.27883      0.44855
     -4.51742      1.08561      0.40786      0.67775
     -4.50742      1.31131      0.48394      0.82737
     -4.49742      1.35314      0.50024      0.85290
     -4.48742      1.20663      0.45230      0.75433
     -4.47742      1.02686      0.39159      0.63527
     -4.46742      0.93505      0.35835      0.57669
     -4.45742      0.81814      0.31130      0.50684
     -4.44742      1.01877      0.38828      0.63049
     -4.43742      1.52975      0.57879      0.95097
     -4.42742      1.71240      0.64191      1.07049
     -4.41742      1.38899      0.51362      0.87537
     -4.40742      1.13354      0.41631      0.71723
     -4.39742      1.05351      0.39310      0.66041
     -4.38742      0.99409      0.37983      0.61426
     -4.37742      1.05477      0.40194      0.65283
     -4.36742      1.13447      0.42012      0.71435
     -4.35742      1.28440      0.46891      0.81549
     -4.34742      1.34066      0.48704      0.85362
     -4.33742      1.19436      0.43473      0.75963
     -4.32742      1.17749      0.43349      0.74400
     -4.31742      1.36810      0.50834      0.85976
     -4.30742      1.71751      0.64387      1.07364
     -4.29742      2.13915      0.80180      1.33735
     -4.28742      2.07393      0.77204      1.30189
     -4.27742      1.54782      0.56833      0.97950
     -4.26742      1.09299      0.39739      0.69560
     -4.25742      1.06724      0.39433      0.67291
     -4.24742      1.20003      0.44724      0.75279
     -4.23742      1.27752      0.47747      0.80005
     -4.22742      1.29665      0.48599      0.81066
     -4.21742      1.22637      0.46012      0.76625
     -4.20742      1.18023      0.44323      0.73699
     -4.19742      1.19626      0.44896      0.74730
     -4.18742      1.32546      0.49657      0.82889
     -4.17742      1.50326      0.55298      0.95028
     -4.16742      1.36713      0.49170      0.87543
     -4.15742      1.17451      0.42436      0.75015
     -4.14742      1.10353      0.40921      0.69431
     -4.13742      1.00726      0.38095      0.62630
     -4.12742      1.08303      0.41211      0.67092
     -4.11742      1.22036      0.45868      0.76168
     -4.10742      1.27751      0.47339      0.80412
     -4.09742      1.30544      0.48252      0.82292
     -4.08742      1.03980      0.38344      0.65636
     -4.07742      0.80723      0.29406      0.51318
     -4.06742      0.89307      0.32197      0.57110
     -4.05742      1.01576      0.36836      0.64739
     -4.04742      0.83551      0.31021      0.52529
     -4.03742      0.72961      0.27464      0.45497
     -4.02742      0.83448      0.30788      0.52660
     -4.01742      1.02126      0.37621      0.64505
     -4.00742      1.22351      0.45640      0.76711
     -3.99742      1.27251      0.47629      0.79622
     -3.98742      1.24753      0.46174      0.78580
     -3.97742      0.99845      0.36224      0.63620
     -3.96742      0.78285      0.28300      0.49985
     -3.95742      0.98129      0.35884      0.62245
     -3.94742      1.09708      0.40090      0.69618
     -3.93742      1.01705      0.37133      0.64573
     -3.92742      0.96945      0.35763      0.61182
     -3.91742      0.84457      0.31270      0.53187
     -3.90742      0.83703      0.30889      0.52814
     -3.89742      1.04811      0.38949      0.65862
     -3.88742      1.25938      0.46491      0.79446
     -3.87742      1.13030      0.40727      0.72303
     -3.86742      0.68585      0.24168      0.44416
     -3.85742      0.49361      0.17675      0.31685
     -3.84742      0.87047      0.31915      0.55132
     -3.83742      1.18627      0.44149      0.74478
     -3.82742      0.91103      0.34408      0.56695
     -3.81742      0.58752      0.22315      0.36437
     -3.80742      0.70013      0.26370      0.43643
     -3.79742      1.03760      0.38823      0.64936
     -3.78742      1.21933      0.45350      0.76583
     -3.77742      1.32759      0.48722      0.84037
     -3.76742      1.37861      0.49893      0.87968
     -3.75742      1.17074      0.41848      0.75226
     -3.74742      0.74807      0.26387      0.48420
     -3.73742      0.47935      0.16829      0.31106
     -3.72742      0.49504      0.17293      0.32211
     -3.71742      0.67460      0.23988      0.43472
     -3.70742      0.92421      0.33758      0.58663
     -3.69742      1.00693      0.37668      0.63025
     -3.68742      0.90428      0.33949      0.56479
     -3.67742      0.85092      0.31033      0.54059
     -3.66742      0.84082      0.30472      0.53610
     -3.65742      0.81034      0.29438      0.51597
     -3.64742      0.83072      0.29438      0.53634
     -3.63742      0.98647      0.35223      0.63424
     -3.62742      1.14126      0.42088      0.72038
     -3.61742      1.05204      0.39195      0.66008
     -3.60742      0.77223      0.28186      0.49038
     -3.59742      0.57570      0.20672      0.36898
     -3.58742      0.47664      0.17451      0.30213
     -3.57742      0.59644      0.22282      0.37361
     -3.56742      0.98484      0.36217      0.62267
     -3.55742      1.26979      0.45801      0.81178
     -3.54742      1.15985      0.41208      0.74777
     -3.53742      0.88948      0.31627      0.57321
     -3.52742      0.69817      0.24777      0.45040
     -3.51742      0.64021      0.22332      0.41689
     -3.50742      0.68053      0.24056      0.43997
     -3.49742      0.67894      0.24308      0.43586
     -3.48742      0.66892      0.23952      0.42940
     -3.47742      0.81391      0.29663      0.51728
     -3.46742      1.16844      0.43218      0.73626
     -3.45742      1.29322      0.47725      0.81597
     -3.44742      1.10318      0.40193      0.70125
     -3.43742      0.81003      0.29376      0.51627
     -3.42742      0.71766      0.26277      0.45489
     -3.41742      0.78071      0.28496      0.49576
     -3.40742      0.62312      0.22529      0.39783
     -3.39742      0.46485      0.16547      0.29938
     -3.38742      0.65069      0.22884      0.42186
     -3.37742      0.93651      0.33530      0.60121
     -3.36742      0.85713      0.30834      0.54879
     -3.35742      0.61983      0.22457      0.39525
     -3.34742      0.58969      0.21249      0.37720
     -3.33742      0.77388      0.26835      0.50553
     -3.32742      0.99836      0.34957      0.64879
     -3.31742      1.03821      0.37255      0.66566
     -3.30742      1.02843      0.37138      0.65705
     -3.29742      1.14638      0.41067      0.73572
     -3.28742      1.09280      0.38955      0.70325
     -3.27742      0.67220      0.24068      0.43151
     -3.26742      0.40155      0.14099      0.26056
     -3.25742      0.40318      0.13682      0.26636
     -3.24742      0.54207      0.18805      0.35401
     -3.23742      0.68734      0.24250      0.44484
     -3.22742      0.68443      0.24372      0.44071
     -3.21742      0.70193      0.24865      0.45328
     -3.20742      0.99794      0.35125      0.64669
     -3.19742      1.05910      0.37242      0.68667
     -3.18742      0.79196      0.28379      0.50818
     -3.17742      0.73465      0.27199      0.46265
     -3.16742      0.78899      0.28842      0.50057
     -3.15742      0.81495      0.29360      0.52135
     -3.14742      0.72385      0.26948      0.45437
     -3.13742      0.65506      0.25033      0.40473
     -3.12742      0.78058      0.29091      0.48968
     -3.11742      1.02685      0.36912      0.65772
     -3.10742      1.04064      0.35998      0.68066
     -3.09742      0.90881      0.30107      0.60774
     -3.08742      0.75797      0.24940      0.50857
     -3.07742      0.68804      0.23193      0.45611
     -3.06742      0.76418      0.26576      0.49841
     -3.05742      0.66886      0.23751      0.43135
     -3.04742      0.57451      0.20506      0.36945
     -3.03742      0.60614      0.21543      0.39070
     -3.02742      0.75362      0.26028      0.49334
     -3.01742      0.73637      0.24960      0.48677
     -3.00742      0.43141      0.14439      0.28703
     -2.99742      0.32997      0.11279      0.21718
     -2.98742      0.59824      0.21761      0.38063
     -2.97742      1.01572      0.36847      0.64724
     -2.96742      1.21900      0.43110      0.78789
     -2.95742      1.11414      0.39359      0.72055
     -2.94742      0.85896      0.30770      0.55126
     -2.93742      0.92015      0.32473      0.59543
     -2.92742      1.06164      0.37318      0.68846
     -2.91742      0.73982      0.26508      0.47473
     -2.90742      0.38514      0.13689      0.24825
     -2.89742      0.41952      0.13811      0.28140
     -2.88742      0.51426      0.16744      0.34682
     -2.87742      0.40203      0.13686      0.26517
     -2.86742      0.40115      0.15039      0.25076
     -2.85742      0.57225      0.21104      0.36121
     -2.84742      0.87569      0.30213      0.57356
     -2.83742      1.21422      0.40914      0.80508
     -2.82742      1.20686      0.40549      0.80137
     -2.81742      0.91984      0.31045      0.60939
     -2.80742      0.72434      0.25325      0.47109
     -2.79742      0.63415      0.22399      0.41016
     -2.78742      0.50958      0.17261      0.33697
     -2.77742      0.51501      0.17621      0.33880
     -2.76742      0.65621      0.23560      0.42061
     -2.75742      0.87457      0.31381      0.56077
     -2.74742      1.09688      0.38910      0.70777
     -2.73742      1.10116      0.38740      0.71375
     -2.72742      0.82191      0.28059      0.54131
     -2.71742      0.56281      0.18384      0.37897
     -2.70742      0.52572      0.17741      0.34831
     -2.69742      0.63291      0.22047      0.41245
     -2.68742      0.65386      0.22251      0.43135
     -2.67742      0.53106      0.17223      0.35883
     -2.66742      0.50538      0.16547      0.33991
     -2.65742      0.65577      0.22675      0.42901
     -2.64742      0.81001      0.28222      0.52779
     -2.63742      0.73036      0.25568      0.47468
     -2.62742      0.51490      0.18495      0.32994
     -2.61742      0.51382      0.17705      0.33677
     -2.60742      0.60654      0.19743      0.40910
     -2.59742      0.66702      0.21730      0.44972
     -2.58742      0.75430      0.25079      0.50352
     -2.57742      0.70515      0.23765      0.46750
     -2.56742      0.67912      0.23269      0.44643
     -2.55742      0.97629      0.33678      0.63951
     -2.54742      1.45825      0.50442      0.95382
     -2.53742      1.37538      0.47404      0.90134
     -2.52742      0.91437      0.31179      0.60259
     -2.51742      0.61355      0.21155      0.40199
     -2.50742      0.45089      0.15320      0.29770
     -2.49742      0.39620      0.12741      0.26878
     -2.48742      0.27814      0.08861      0.18953
     -2.47742      0.37103      0.12281      0.24822
     -2.46742      0.68151      0.22875      0.45276
     -2.45742      0.88553      0.29676      0.58877
     -2.44742      0.94721      0.31583      0.63138
     -2.43742      0.83255      0.27645      0.55610
     -2.42742      0.64928      0.21891      0.43037
     -2.41742      0.40984      0.14145      0.26839
     -2.40742      0.36081      0.12122      0.23959
     -2.39742      0.60088      0.19668      0.40420
     -2.38742      0.72249      0.23603      0.48646
     -2.37742      0.64340      0.21454      0.42886
     -2.36742      0.71483      0.25076      0.46406
     -2.35742      1.06109      0.37661      0.68448
     -2.34742      0.96987      0.34128      0.62860
     -2.33742      0.63222      0.21127      0.42095
     -2.32742      0.68246      0.20680      0.47566
     -2.31742      0.80626      0.24023      0.56604
     -2.30742      0.73701      0.22830      0.50872
     -2.29742      0.57182      0.18584      0.38598
     -2.28742      0.49920      0.16777      0.33144
     -2.27742      0.58164      0.20154      0.38010
     -2.26742      0.90973      0.31631      0.59342
     -2.25742      1.12574      0.38168      0.74406
     -2.24742      0.96784      0.31690      0.65093
     -2.23742      0.61255      0.19302      0.41953
     -2.22742      0.39997      0.12624      0.27373
     -2.21742      0.40281      0.12767      0.27515
     -2.20742      0.46776      0.14723      0.32052
     -2.19742      0.60336      0.19657      0.40679
     -2.18742      0.88218      0.29388      0.58830
     -2.17742      1.09486      0.36965      0.72521
     -2.16742      0.97894      0.33266      0.64628
     -2.15742      0.73823      0.24017      0.49806
     -2.14742      0.56283      0.16902      0.39381
     -2.13742      0.37479      0.11599      0.25881
     -2.12742      0.36134      0.12863      0.23271
     -2.11742      0.53545      0.18637      0.34908
     -2.10742      0.66290      0.21172      0.45118
     -2.09742      0.68221      0.21291      0.46929
     -2.08742      0.60596      0.19806      0.40790
     -2.07742      0.56017      0.18662      0.37355
     -2.06742      0.74293      0.23451      0.50842
     -2.05742      0.88296      0.26906      0.61390
     -2.04742      0.81497      0.24881      0.56616
     -2.03742      0.88604      0.27919      0.60685
     -2.02742      1.05273      0.34078      0.71195
     -2.01742      1.05797      0.35212      0.70585
     -2.00742      0.82372      0.28075      0.54296
     -1.99742      0.56208      0.19273      0.36935
     -1.98742      0.43882      0.14499      0.29383
     -1.97742      0.43691      0.13057      0.30634
     -1.96742      0.60610      0.17608      0.43002
     -1.95742      0.73423      0.22054      0.51369
     -1.94742      0.61134      0.18958      0.42176
     -1.93742      0.57808      0.18371      0.39437
     -1.92742      0.79667      0.25482      0.54185
     -1.91742      0.82408      0.26386      0.56022
     -1.90742      0.62051      0.19521      0.42529
     -1.89742      0.59332      0.18169      0.41163
     -1.88742      0.62561      0.19743      0.42818
     -1.87742      0.80839      0.26504      0.54336
     -1.86742      0.93647      0.30037      0.63610
     -1.85742      0.68734      0.21525      0.47210
     -1.84742      0.36546      0.12056      0.24490
     -1.83742      0.31583      0.10774      0.20809
     -1.82742      0.56759      0.18095      0.38663
     -1.81742      0.85238      0.26771      0.58468
     -1.80742      0.78454      0.24518      0.53936
     -1.79742      0.68567      0.20385      0.48182
     -1.78742      0.86381      0.24983      0.61398
     -1.77742      0.95706      0.28350      0.67357
     -1.76742      0.87654      0.27124      0.60530
     -1.75742      0.86508      0.26870      0.59638
     -1.74742      0.86882      0.26404      0.60478
     -1.73742      0.70503      0.21175      0.49328
     -1.72742      0.52776      0.16363      0.36413
     -1.71742      0.41369      0.13296      0.28074
     -1.70742      0.40035      0.12560      0.27474
     -1.69742      0.60329      0.18376      0.41952
     -1.68742      0.82514      0.24660      0.57854
     -1.67742      0.87564      0.26195      0.61369
     -1.66742      0.85066      0.26401      0.58666
     -1.65742      0.89493      0.28064      0.61429
     -1.64742      0.82693      0.24945      0.57748
     -1.63742      0.54605      0.15752      0.38853
     -1.62742      0.49300      0.14305      0.34995
     -1.61742      0.66888      0.20201      0.46686
     -1.60742      0.66933      0.20619      0.46314
     -1.59742      0.64684      0.19127      0.45558
     -1.58742      0.68834      0.20099      0.48735
     -1.57742      0.61295      0.19387      0.41908
     -1.56742      0.45946      0.15382      0.30564
     -1.55742      0.54105      0.16814      0.37291
     -1.54742      0.75763      0.22172      0.53591
     -1.53742      0.82171      0.23468      0.58703
     -1.52742      0.91353      0.26047      0.65306
     -1.51742      1.00608      0.28327      0.72281
     -1.50742      0.89146      0.25011      0.64134
     -1.49742      0.72419      0.20551      0.51868
     -1.48742      0.66744      0.17798      0.48946
     -1.47742      0.58965      0.14791      0.44175
     -1.46742      0.40336      0.09948      0.30389
     -1.45742      0.24962      0.06142      0.18820
     -1.44742      0.23766      0.05814      0.17953
     -1.43742      0.39302      0.09521      0.29780
     -1.42742      0.58212      0.14044      0.44168
     -1.41742      0.56478      0.13601      0.42878
     -1.40742      0.45858      0.11059      0.34799
     -1.39742      0.46786      0.11300      0.35486
     -1.38742      0.55802      0.13442      0.42359
     -1.37742      0.48620      0.11677      0.36942
     -1.36742      0.37627      0.08985      0.28642
     -1.35742      0.47157      0.11189      0.35968
     -1.34742      0.52168      0.12325      0.39843
     -1.33742      0.37899      0.08917      0.28982
     -1.32742      0.34516      0.08104      0.26412
     -1.31742      0.38057      0.08888      0.29169
     -1.30742      0.38839      0.08992      0.29847
     -1.29742      0.38041      0.08778      0.29263
     -1.28742      0.37283      0.08618      0.28665
     -1.27742      0.57552      0.13337      0.44215
     -1.26742      0.84230      0.19556      0.64674
     -1.25742      0.83213      0.19305      0.63909
     -1.24742      0.68800      0.15885      0.52915
     -1.23742      0.63941      0.14676      0.49264
     -1.22742      0.53399      0.12214      0.41185
     -1.21742      0.46309      0.10501      0.35808
     -1.20742      0.57097      0.12800      0.44297
     -1.19742      0.61792      0.13790      0.48002
     -1.18742      0.54252      0.12091      0.42161
     -1.17742      0.47181      0.10474      0.36708
     -1.16742      0.43259      0.09543      0.33716
     -1.15742      0.38671      0.08527      0.30144
     -1.14742      0.49615      0.10955      0.38660
     -1.13742      0.73295      0.16138      0.57157
     -1.12742      0.75681      0.16576      0.59104
     -1.11742      0.65787      0.14292      0.51495
     -1.10742      0.59226      0.12770      0.46456
     -1.09742      0.49649      0.10669      0.38980
     -1.08742      0.46884      0.09984      0.36901
     -1.07742      0.58308      0.12320      0.45988
     -1.06742      0.50329      0.10585      0.39743
     -1.05742      0.38585      0.08082      0.30503
     -1.04742      0.43355      0.09008      0.34347
     -1.03742      0.54720      0.11299      0.43422
     -1.02742      0.79908      0.16639      0.63270
     -1.01742      1.09437      0.23008      0.86429
     -1.00742      1.07374      0.22558      0.84816
     -0.99742      0.94709      0.19674      0.75034
     -0.98742      0.90824      0.18604      0.72220
     -0.97742      0.86445      0.17513      0.68932
     -0.96742      0.82317      0.16537      0.65781
     -0.95742      0.78660      0.15672      0.62988
     -0.94742      0.80204      0.15813      0.64391
     -0.93742      0.86032      0.16791      0.69241
     -0.92742      0.93020      0.17979      0.75042
     -0.91742      1.09787      0.21055      0.88732
     -0.90742      1.29147      0.24800      1.04346
     -0.89742      1.14300      0.22213      0.92087
     -0.88742      0.80627      0.15820      0.64808
     -0.87742      0.69996      0.13577      0.56419
     -0.86742      0.78982      0.15060      0.63922
     -0.85742      0.75549      0.14253      0.61296
     -0.84742      0.48386      0.09026      0.39359
     -0.83742      0.29857      0.05481      0.24377
     -0.82742      0.27235      0.04956      0.22280
     -0.81742      0.33250      0.06036      0.27214
     -0.80742      0.53165      0.09698      0.43467
     -0.79742      1.08964      0.20213      0.88751
     -0.78742      1.87184      0.35182      1.52002
     -0.77742      1.72412      0.32496      1.39916
     -0.76742      0.78878      0.14706      0.64172
     -0.75742      0.29899      0.05382      0.24517
     -0.74742      0.20864      0.03658      0.17206
     -0.73742      0.26303      0.04588      0.21716
     -0.72742      0.29076      0.05069      0.24008
     -0.71742      0.31644      0.05505      0.26139
     -0.70742      0.36689      0.06398      0.30291
     -0.69742      0.47146      0.08268      0.38878
     -0.68742      0.70203      0.12389      0.57814
     -0.67742      0.83502      0.14728      0.68775
     -0.66742      0.62225      0.10850      0.51375
     -0.65742      0.33006      0.05639      0.27367
     -0.64742      0.25690      0.04317      0.21373
     -0.63742      0.30472      0.05087      0.25385
     -0.62742      0.38118      0.06339      0.31779
     -0.61742      0.47121      0.07820      0.39302
     -0.60742      0.54378      0.09021      0.45358
     -0.59742      0.65021      0.10804      0.54217
     -0.58742      0.81472      0.13619      0.67853
     -0.57742      0.92977      0.15571      0.77406
     -0.56742      0.75345      0.12484      0.62861
     -0.55742      0.36933      0.05998      0.30935
     -0.54742      0.16374      0.02591      0.13783
     -0.53742      0.23652      0.03694      0.19958
     -0.52742      0.31361      0.04874      0.26487
     -0.51742      0.34414      0.05302      0.29112
     -0.50742      0.44116      0.06782      0.37333
     -0.49742      0.41992      0.06483      0.35509
     -0.48742      0.43503      0.06735      0.36769
     -0.47742      0.47903      0.07371      0.40531
     -0.46742      0.38175      0.05786      0.32389
     -0.45742      0.30067      0.04463      0.25604
     -0.44742      0.32640      0.04779      0.27861
     -0.43742      0.39155      0.05696      0.33459
     -0.42742      0.42150      0.06099      0.36051
     -0.41742      0.42135      0.06090      0.36045
     -0.40742      0.44931      0.06498      0.38433
     -0.39742      0.63777      0.09154      0.54623
     -0.38742      0.72315      0.10292      0.62023
     -0.37742      0.40794      0.05769      0.35025
     -0.36742      0.14203      0.01967      0.12237
     -0.35742      0.19968      0.02681      0.17286
     -0.34742      0.32300      0.04319      0.27980
     -0.33742      0.34560      0.04576      0.29984
     -0.32742      0.39103      0.05142      0.33961
     -0.31742      0.39822      0.05243      0.34579
     -0.30742      0.34069      0.04463      0.29606
     -0.29742      0.29934      0.03853      0.26081
     -0.28742      0.26287      0.03318      0.22969
     -0.27742      0.27390      0.03410      0.23981
     -0.26742      0.35107      0.04320      0.30787
     -0.25742      0.45268      0.05520      0.39748
     -0.24742      0.53642      0.06495      0.47147
     -0.23742      0.49823      0.06015      0.43808
     -0.22742      0.31508      0.03769      0.27739
     -0.21742      0.27072      0.03136      0.23936
     -0.20742      0.27913      0.03191      0.24721
     -0.19742      0.18305      0.02069      0.16236
     -0.18742      0.24267      0.02684      0.21583
     -0.17742      0.37752      0.04141      0.33611
     -0.16742      0.38568      0.04174      0.34394
     -0.15742      0.32992      0.03518      0.29474
     -0.14742      0.24885      0.02614      0.22270
     -0.13742      0.27786      0.02858      0.24928
     -0.12742      0.39322      0.03991      0.35331
     -0.11742      0.40825      0.04101      0.36724
     -0.10742      0.31081      0.03069      0.28012
     -0.09742      0.25096      0.02416      0.22680
     -0.08742      0.25781      0.02430      0.23351
     -0.07742      0.27951      0.02593      0.25358
     -0.06742      0.26979      0.02460      0.24519
     -0.05742      0.27322      0.02428      0.24894
     -0.04742      0.35169      0.03061      0.32107
     -0.03742      0.34425      0.02960      0.31465
     -0.02742      0.24538      0.02064      0.22474
     -0.01742      0.23827      0.01942      0.21885
     -0.00742      0.22776      0.01830      0.20946
      0.00258      0.12024      0.00960      0.11064
      0.01258      0.02829      0.00225      0.02604
      0.02258      0.00266      0.00021      0.00244
      0.03258      0.00009      0.00001      0.00009
      0.04258      0.00000      0.00000      0.00000
      0.05258      0.00000      0.00000      0.00000
      0.06258      0.00000      0.00000      0.00000
      0.07258      0.00000      0.00000      0.00000
      0.08258      0.00000      0.00000      0.00000
      0.09258      0.00000      0.00000      0.00000
      0.10258      0.00000      0.00000      0.00000
      0.11258      0.00000      0.00000      0.00000
      0.12258      0.00000      0.00000      0.00000
      0.13258      0.00000      0.00000      0.00000
      0.14258      0.00000      0.00000      0.00000
      0.15258      0.00000      0.00000      0.00000
      0.16258      0.00000      0.00000      0.00000
      0.17258      0.00000      0.00000      0.00000
      0.18258      0.00000      0.00000      0.00000
      0.19258      0.00000      0.00000      0.00000
      0.20258      0.00000      0.00000      0.00000
      0.21258      0.00000      0.00000      0.00000
      0.22258      0.00000      0.00000      0.00000
      0.23258      0.00000      0.00000      0.00000
      0.24258      0.00000      0.00000      0.00000
      0.25258      0.00000      0.00000      0.00000
      0.26258      0.00000      0.00000      0.00000
      0.27258      0.00000      0.00000      0.00000
      0.28258      0.00000      0.00000      0.00000
      0.29258      0.00000      0.00000      0.00000
      0.30258      0.00000      0.00000      0.00000
      0.31258      0.00000      0.00000      0.00000
      0.32258      0.00000      0.00000      0.00000
      0.33258      0.00000      0.00000      0.00000
      0.34258      0.00000      0.00000      0.00000
      0.35258      0.00000      0.00000      0.00000
      0.36258      0.00000      0.00000      0.00000
      0.37258      0.00000      0.00000      0.00000
      0.38258      0.00000      0.00000      0.00000
      0.39258      0.00000      0.00000      0.00000
      0.40258      0.00000      0.00000      0.00000
      0.41258      0.00000      0.00000      0.00000
      0.42258      0.00000      0.00000      0.00000
      0.43258      0.00000      0.00000      0.00000
      0.44258      0.00000      0.00000      0.00000
      0.45258      0.00000      0.00000      0.00000
      0.46258      0.00000      0.00000      0.00000
      0.47258      0.00000      0.00000      0.00000
      0.48258      0.00000      0.00000      0.00000
      0.49258      0.00000      0.00000      0.00000
      0.50258      0.00000      0.00000      0.00000
      0.51258      0.00000      0.00000      0.00000
      0.52258      0.00000      0.00000      0.00000
      0.53258      0.00000      0.00000      0.00000
      0.54258      0.00000      0.00000      0.00000
      0.55258      0.00000      0.00000      0.00000
      0.56258      0.00000      0.00000      0.00000
      0.57258      0.00000      0.00000      0.00000
      0.58258      0.00000      0.00000      0.00000
      0.59258      0.00000      0.00000      0.00000
      0.60258      0.00000      0.00000      0.00000
      0.61258      0.00000      0.00000      0.00000
      0.62258      0.00000      0.00000      0.00000
      0.63258      0.00000      0.00000      0.00000
      0.64258      0.00000      0.00000      0.00000
      0.65258      0.00000      0.00000      0.00000
      0.66258      0.00000      0.00000      0.00000
      0.67258      0.00000      0.00000      0.00000
      0.68258      0.00000      0.00000      0.00000
      0.69258      0.00000      0.00000      0.00000
      0.70258      0.00000      0.00000      0.00000
      0.71258      0.00000      0.00000      0.00000
      0.72258      0.00000      0.00000      0.00000
      0.73258      0.00000      0.00000      0.00000
      0.74258      0.00000      0.00000      0.00000
      0.75258      0.00000      0.00000      0.00000
      0.76258      0.00000      0.00000      0.00000
      0.77258      0.00000      0.00000      0.00000
      0.78258      0.00000      0.00000      0.00000
      0.79258      0.00000      0.00000      0.00000
      0.80258      0.00000      0.00000      0.00000
      0.81258      0.00000      0.00000      0.00000
      0.82258      0.00000      0.00000      0.00000
      0.83258      0.00000      0.00000      0.00000
      0.84258      0.00000      0.00000      0.00000
      0.85258      0.00000      0.00000      0.00000
      0.86258      0.00000      0.00000      0.00000
      0.87258      0.00000      0.00000      0.00000
      0.88258      0.00000      0.00000      0.00000
      0.89258      0.00000      0.00000      0.00000
      0.90258      0.00000      0.00000      0.00000
      0.91258      0.00000      0.00000      0.00000
      0.92258      0.00000      0.00000      0.00000
      0.93258      0.00000      0.00000      0.00000
      0.94258      0.00000      0.00000      0.00000
      0.95258      0.00000      0.00000      0.00000
      0.96258      0.00000      0.00000      0.00000
      0.97258      0.00000      0.00000      0.00000
      0.98258      0.00000      0.00000      0.00000
      0.99258      0.00000      0.00000      0.00000
      1.00258      0.00000      0.00000      0.00000
      1.01258      0.00000      0.00000      0.00000
      1.02258      0.00000      0.00000      0.00000
      1.03258      0.00000      0.00000      0.00000
      1.04258      0.00000      0.00000      0.00000
      1.05258      0.00000      0.00000      0.00000
      1.06258      0.00000      0.00000      0.00000
      1.07258      0.00000      0.00000      0.00000
      1.08258      0.00000      0.00000      0.00000
      1.09258      0.00000      0.00000      0.00000
      1.10258      0.00000      0.00000      0.00000
      1.11258      0.00000      0.00000      0.00000
      1.12258      0.00000      0.00000      0.00000
      1.13258      0.00000      0.00000      0.00000
      1.14258      0.00000      0.00000      0.00000
      1.15258      0.00000      0.00000      0.00000
      1.16258      0.00000      0.00000      0.00000
      1.17258      0.00000      0.00000      0.00000
      1.18258      0.00000      0.00000      0.00000
      1.19258      0.00000      0.00000      0.00000
      1.20258      0.00000      0.00000      0.00000
      1.21258      0.00000      0.00000      0.00000
      1.22258      0.00000      0.00000      0.00000
      1.23258      0.00000      0.00000      0.00000
      1.24258      0.00000      0.00000      0.00000
      1.25258      0.00000      0.00000      0.00000
      1.26258      0.00000      0.00000      0.00000
      1.27258      0.00000      0.00000      0.00000
      1.28258      0.00000      0.00000      0.00000
      1.29258      0.00000      0.00000      0.00000
      1.30258      0.00000      0.00000      0.00000
      1.31258      0.00000      0.00000      0.00000
      1.32258      0.00000      0.00000      0.00000
      1.33258      0.00000      0.00000      0.00000
      1.34258      0.00000      0.00000      0.00000
      1.35258      0.00000      0.00000      0.00000
      1.36258      0.00000      0.00000      0.00000
      1.37258      0.00000      0.00000      0.00000
      1.38258      0.00000      0.00000      0.00000
      1.39258      0.00000      0.00000      0.00000
      1.40258      0.00000      0.00000      0.00000
      1.41258      0.00000      0.00000      0.00000
      1.42258      0.00000      0.00000      0.00000
      1.43258      0.00000      0.00000      0.00000
      1.44258      0.00000      0.00000      0.00000
      1.45258      0.00000      0.00000      0.00000
      1.46258      0.00000      0.00000      0.00000
      1.47258      0.00000      0.00000      0.00000
      1.48258      0.00000      0.00000      0.00000
      1.49258      0.00000      0.00000      0.00000
      1.50258      0.00000      0.00000      0.00000
      1.51258      0.00000      0.00000      0.00000
      1.52258      0.00000      0.00000      0.00000
      1.53258      0.00000      0.00000      0.00000
      1.54258      0.00000      0.00000      0.00000
      1.55258      0.00000      0.00000      0.00000
      1.56258      0.00000      0.00000      0.00000
      1.57258      0.00000      0.00000      0.00000
      1.58258      0.00000      0.00000      0.00000
      1.59258      0.00000      0.00000      0.00000
      1.60258      0.00000      0.00000      0.00000
      1.61258      0.00000      0.00000      0.00000
      1.62258      0.00000      0.00000      0.00000
      1.63258      0.00000      0.00000      0.00000
      1.64258      0.00000      0.00000      0.00000
      1.65258      0.00000      0.00000      0.00000
      1.66258      0.00000      0.00000      0.00000
      1.67258      0.00000      0.00000      0.00000
      1.68258      0.00000      0.00000      0.00000
      1.69258      0.00000      0.00000      0.00000
      1.70258      0.00000      0.00000      0.00000
      1.71258      0.00000      0.00000      0.00000
      1.72258      0.00000      0.00000      0.00000
      1.73258      0.00000      0.00000      0.00000
      1.74258      0.00000      0.00000      0.00000
      1.75258      0.00000      0.00000      0.00000
      1.76258      0.00000      0.00000      0.00000
      1.77258      0.00000      0.00000      0.00000
      1.78258      0.00000      0.00000      0.00000
      1.79258      0.00000      0.00000      0.00000
      1.80258      0.00000      0.00000      0.00000
      1.81258      0.00000      0.00000      0.00000
      1.82258      0.00000      0.00000      0.00000
      1.83258      0.00000      0.00000      0.00000
      1.84258      0.00000      0.00000      0.00000
      1.85258      0.00000      0.00000      0.00000
      1.86258      0.00000      0.00000      0.00000
      1.87258      0.00000      0.00000      0.00000
      1.88258      0.00000      0.00000      0.00000
      1.89258      0.00000      0.00000      0.00000
      1.90258      0.00000      0.00000      0.00000
      1.91258      0.00000      0.00000      0.00000
      1.92258      0.00000      0.00000      0.00000
      1.93258      0.00000      0.00000      0.00000
      1.94258      0.00000      0.00000      0.00000
      1.95258      0.00000      0.00000      0.00000
      1.96258      0.00000      0.00000      0.00000
      1.97258      0.00000      0.00000      0.00000
      1.98258      0.00000      0.00000      0.00000
      1.99258      0.00000      0.00000      0.00000
      2.00258      0.00000      0.00000      0.00000
      2.01258      0.00000      0.00000      0.00000
      2.02258      0.00000      0.00000      0.00000
      2.03258      0.00000      0.00000      0.00000
      2.04258      0.00000      0.00000      0.00000
      2.05258      0.00000      0.00000      0.00000
      2.06258      0.00000      0.00000      0.00000
      2.07258      0.00000      0.00000      0.00000
      2.08258      0.00000      0.00000      0.00000
      2.09258      0.00000      0.00000      0.00000
      2.10258      0.00000      0.00000      0.00000
      2.11258      0.00000      0.00000      0.00000
      2.12258      0.00000      0.00000      0.00000
      2.13258      0.00000      0.00000      0.00000
      2.14258      0.00000      0.00000      0.00000
      2.15258      0.00000      0.00000      0.00000
      2.16258      0.00000      0.00000      0.00000
      2.17258      0.00000      0.00000      0.00000
      2.18258      0.00000      0.00000      0.00000
      2.19258      0.00000      0.00000      0.00000
      2.20258      0.00000      0.00000      0.00000
      2.21258      0.00000      0.00000      0.00000
      2.22258      0.00000      0.00000      0.00000
      2.23258      0.00000      0.00000      0.00000
      2.24258      0.00000      0.00000      0.00000
      2.25258      0.00000      0.00000      0.00000
      2.26258      0.00000      0.00000      0.00000
      2.27258      0.00000      0.00000      0.00000
      2.28258      0.00000      0.00000      0.00000
      2.29258      0.00000      0.00000      0.00000
      2.30258      0.00000      0.00000      0.00000
      2.31258      0.00000      0.00000      0.00000
      2.32258      0.00000      0.00000      0.00000
      2.33258      0.00000      0.00000      0.00000
      2.34258      0.00000      0.00000      0.00000
      2.35258      0.00000      0.00000      0.00000
      2.36258      0.00000      0.00000      0.00000
      2.37258      0.00000      0.00000      0.00000
      2.38258      0.00000      0.00000      0.00000
      2.39258      0.00000      0.00000      0.00000
      2.40258      0.00000      0.00000      0.00000
      2.41258      0.00000      0.00000      0.00000
      2.42258      0.00000      0.00000      0.00000
      2.43258      0.00000      0.00000      0.00000
      2.44258      0.00000      0.00000      0.00000
      2.45258      0.00000      0.00000      0.00000
      2.46258      0.00000      0.00000      0.00000
      2.47258      0.00000      0.00000      0.00000
      2.48258      0.00000      0.00000      0.00000
      2.49258      0.00000      0.00000      0.00000
      2.50258      0.00000      0.00000      0.00000
      2.51258      0.00000      0.00000      0.00000
      2.52258      0.00000      0.00000      0.00000
      2.53258      0.00000      0.00000      0.00000
      2.54258      0.00000      0.00000      0.00000
      2.55258      0.00000      0.00000      0.00000
      2.56258      0.00000      0.00000      0.00000
      2.57258      0.00000      0.00000      0.00000
      2.58258      0.00000      0.00000      0.00000
      2.59258      0.00000      0.00000      0.00000
      2.60258      0.00000      0.00000      0.00000
      2.61258      0.00000      0.00000      0.00000
      2.62258      0.00000      0.00000      0.00000
      2.63258      0.00000      0.00000      0.00000
      2.64258      0.00000      0.00000      0.00000
      2.65258      0.00000      0.00000      0.00000
      2.66258      0.00000      0.00000      0.00000
      2.67258      0.00000      0.00000      0.00000
      2.68258      0.00000      0.00000      0.00000
      2.69258      0.00000      0.00000      0.00000
      2.70258      0.00000      0.00000      0.00000
      2.71258      0.00000      0.00000      0.00000
      2.72258      0.00000      0.00000      0.00000
      2.73258      0.00000      0.00000      0.00000
      2.74258      0.00000      0.00000      0.00000
      2.75258      0.00000      0.00000      0.00000
      2.76258      0.00000      0.00000      0.00000
      2.77258      0.00000      0.00000      0.00000
      2.78258      0.00000      0.00000      0.00000
      2.79258      0.00000      0.00000      0.00000
      2.80258      0.00000      0.00000      0.00000
      2.81258      0.00000      0.00000      0.00000
      2.82258      0.00000      0.00000      0.00000
      2.83258      0.00000      0.00000      0.00000
      2.84258      0.00000      0.00000      0.00000
      2.85258      0.00000      0.00000      0.00000
      2.86258      0.00000      0.00000      0.00000
      2.87258      0.00000      0.00000      0.00000
      2.88258      0.00000      0.00000      0.00000
      2.89258      0.00000      0.00000      0.00000
      2.90258      0.00000      0.00000      0.00000
      2.91258      0.00000      0.00000      0.00000
      2.92258      0.00000      0.00000      0.00000
      2.93258      0.00000      0.00000      0.00000
      2.94258      0.00000      0.00000      0.00000
      2.95258      0.00000      0.00000      0.00000
      2.96258      0.00000      0.00000      0.00000
      2.97258      0.00000      0.00000      0.00000
      2.98258      0.00000      0.00000      0.00000
      2.99258      0.00000      0.00000      0.00000
      3.00258      0.00000      0.00000      0.00000
      3.01258      0.00000      0.00000      0.00000
      3.02258      0.00000      0.00000      0.00000
      3.03258      0.00000      0.00000      0.00000
      3.04258      0.00000      0.00000      0.00000
      3.05258      0.00000      0.00000      0.00000
      3.06258      0.00000      0.00000      0.00000
      3.07258      0.00000      0.00000      0.00000
      3.08258      0.00000      0.00000      0.00000
      3.09258      0.00000      0.00000      0.00000
      3.10258      0.00000      0.00000      0.00000
      3.11258      0.00000      0.00000      0.00000
      3.12258      0.00000      0.00000      0.00000
      3.13258      0.00000      0.00000      0.00000
      3.14258      0.00000      0.00000      0.00000
      3.15258      0.00000      0.00000      0.00000
      3.16258      0.00000      0.00000      0.00000
      3.17258      0.00000      0.00000      0.00000
      3.18258      0.00000      0.00000      0.00000
      3.19258      0.00000      0.00000      0.00000
      3.20258      0.00000      0.00000      0.00000
      3.21258      0.00000      0.00000      0.00000
      3.22258      0.00000      0.00000      0.00000
      3.23258      0.00000      0.00000      0.00000
      3.24258      0.00000      0.00000      0.00000
      3.25258      0.00000      0.00000      0.00000
      3.26258      0.00000      0.00000      0.00000
      3.27258      0.00000      0.00000      0.00000
      3.28258      0.00000      0.00000      0.00000
      3.29258      0.00000      0.00000      0.00000
      3.30258      0.00000      0.00000      0.00000
      3.31258      0.00000      0.00000      0.00000
      3.32258      0.00000      0.00000      0.00000
      3.33258      0.00000      0.00000      0.00000
      3.34258      0.00000      0.00000      0.00000
      3.35258      0.00000      0.00000      0.00000
      3.36258      0.00000      0.00000      0.00000
      3.37258      0.00000      0.00000      0.00000
      3.38258      0.00000      0.00000      0.00000
      3.39258      0.00000      0.00000      0.00000
      3.40258      0.00000      0.00000      0.00000
      3.41258      0.00000      0.00000      0.00000
      3.42258      0.00000      0.00000      0.00000
      3.43258      0.00000      0.00000      0.00000
      3.44258      0.00000      0.00000      0.00000
      3.45258      0.00000      0.00000      0.00000
      3.46258      0.00000      0.00000      0.00000
      3.47258      0.00000      0.00000      0.00000
      3.48258      0.00000      0.00000      0.00000
      3.49258      0.00000      0.00000      0.00000
      3.50258      0.00000      0.00000      0.00000
      3.51258      0.00000      0.00000      0.00000
      3.52258      0.00000      0.00000      0.00000
      3.53258      0.00000      0.00000      0.00000
      3.54258      0.00000      0.00000      0.00000
      3.55258      0.00000      0.00000      0.00000
      3.56258      0.00000      0.00000      0.00000
      3.57258      0.00000      0.00000      0.00000
      3.58258      0.00000      0.00000      0.00000
      3.59258      0.00000      0.00000      0.00000
      3.60258      0.00000      0.00000      0.00000
      3.61258      0.00000      0.00000      0.00000
      3.62258      0.00000      0.00000      0.00000
      3.63258      0.00000      0.00000      0.00000
      3.64258      0.00000      0.00000      0.00000
      3.65258      0.00000      0.00000      0.00000
      3.66258      0.00000      0.00000      0.00000
      3.67258      0.00000      0.00000      0.00000
      3.68258      0.00000      0.00000      0.00000
      3.69258      0.00000      0.00000      0.00000
      3.70258      0.00000      0.00000      0.00000
      3.71258      0.00000      0.00000      0.00000
      3.72258      0.00000      0.00000      0.00000
      3.73258      0.00000      0.00000      0.00000
      3.74258      0.00000      0.00000      0.00000
      3.75258      0.00000      0.00000      0.00000
      3.76258      0.00000      0.00000      0.00000
      3.77258      0.00000      0.00000      0.00000
      3.78258      0.00000      0.00000      0.00000
      3.79258      0.00000      0.00000      0.00000
      3.80258      0.00000      0.00000      0.00000
      3.81258      0.00000      0.00000      0.00000
      3.82258      0.00000      0.00000      0.00000
      3.83258      0.00000      0.00000      0.00000
      3.84258      0.00000      0.00000      0.00000
      3.85258      0.00000      0.00000      0.00000
      3.86258      0.00000      0.00000      0.00000
      3.87258      0.00000      0.00000      0.00000
      3.88258      0.00000      0.00000      0.00000
      3.89258      0.00000      0.00000      0.00000
      3.90258      0.00000      0.00000      0.00000
      3.91258      0.00000      0.00000      0.00000
      3.92258      0.00000      0.00000      0.00000
      3.93258      0.00000      0.00000      0.00000
      3.94258      0.00000      0.00000      0.00000
      3.95258      0.00000      0.00000      0.00000
      3.96258      0.00000      0.00000      0.00000
      3.97258      0.00000      0.00000      0.00000
      3.98258      0.00000      0.00000      0.00000
      3.99258      0.00000      0.00000      0.00000
      4.00258      0.00000      0.00000      0.00000
      4.01258      0.00000      0.00000      0.00000
      4.02258      0.00000      0.00000      0.00000
      4.03258      0.00000      0.00000      0.00000
      4.04258      0.00000      0.00000      0.00000
      4.05258      0.00000      0.00000      0.00000
      4.06258      0.00000      0.00000      0.00000
      4.07258      0.00000      0.00000      0.00000
      4.08258      0.00000      0.00000      0.00000
      4.09258      0.00000      0.00000      0.00000
      4.10258      0.00000      0.00000      0.00000
      4.11258      0.00000      0.00000      0.00000
      4.12258      0.00000      0.00000      0.00000
      4.13258      0.00000      0.00000      0.00000
      4.14258      0.00000      0.00000      0.00000
      4.15258      0.00000      0.00000      0.00000
      4.16258      0.00000      0.00000      0.00000
      4.17258      0.00000      0.00000      0.00000
      4.18258      0.00000      0.00000      0.00000
      4.19258      0.00000      0.00000      0.00000
      4.20258      0.00000      0.00000      0.00000
      4.21258      0.00000      0.00000      0.00000
      4.22258      0.00000      0.00000      0.00000
      4.23258      0.00000      0.00000      0.00000
      4.24258      0.00000      0.00000      0.00000
      4.25258      0.00000      0.00000      0.00000
      4.26258      0.00000      0.00000      0.00000
      4.27258      0.00000      0.00000      0.00000
      4.28258      0.00000      0.00000      0.00000
      4.29258      0.00000      0.00000      0.00000
      4.30258      0.00000      0.00000      0.00000
      4.31258      0.00000      0.00000      0.00000
      4.32258      0.00000      0.00000      0.00000
      4.33258      0.00000      0.00000      0.00000
      4.34258      0.00000      0.00000      0.00000
      4.35258      0.00000      0.00000      0.00000
      4.36258      0.00000      0.00000      0.00000
      4.37258      0.00000      0.00000      0.00000
      4.38258      0.00000      0.00000      0.00000
      4.39258      0.00000      0.00000      0.00000
      4.40258      0.00000      0.00000      0.00000
      4.41258      0.00000      0.00000      0.00000
      4.42258      0.00000      0.00000      0.00000
      4.43258      0.00000      0.00000      0.00000
      4.44258      0.00000      0.00000      0.00000
      4.45258      0.00000      0.00000      0.00000
      4.46258      0.00000      0.00000      0.00000
      4.47258      0.00000      0.00000      0.00000
      4.48258      0.00000      0.00000      0.00000
      4.49258      0.00000      0.00000      0.00000
      4.50258      0.00000      0.00000      0.00000
      4.51258      0.00000      0.00000      0.00000
      4.52258      0.00000      0.00000      0.00000
      4.53258      0.00000      0.00000      0.00000
      4.54258      0.00000      0.00000      0.00000
      4.55258      0.00000      0.00000      0.00000
      4.56258      0.00000      0.00000      0.00000
      4.57258      0.00000      0.00000      0.00000
      4.58258      0.00000      0.00000      0.00000
      4.59258      0.00000      0.00000      0.00000
      4.60258      0.00000      0.00000      0.00000
      4.61258      0.00000      0.00000      0.00000
      4.62258      0.00000      0.00000      0.00000
      4.63258      0.00002      0.00001      0.00000
      4.64258      0.00069      0.00062      0.00008
      4.65258      0.01160      0.01034      0.00126
      4.66258      0.07619      0.06789      0.00830
      4.67258      0.21157      0.18840      0.02317
      4.68258      0.29948      0.26628      0.03320
      4.69258      0.33577      0.29763      0.03814
      4.70258      0.41289      0.36494      0.04795
      4.71258      0.43370      0.38242      0.05127
      4.72258      0.39302      0.34534      0.04768
      4.73258      0.40376      0.35356      0.05020
      4.74258      0.38257      0.33412      0.04845
      4.75258      0.29434      0.25618      0.03816
      4.76258      0.35238      0.30520      0.04718
      4.77258      0.64130      0.55458      0.08672
      4.78258      0.71401      0.61628      0.09773
      4.79258      0.51770      0.44453      0.07316
      4.80258      0.38929      0.33185      0.05744
      4.81258      0.45762      0.38897      0.06865
      4.82258      0.62197      0.52818      0.09380
      4.83258      0.52915      0.44731      0.08184
      4.84258      0.36553      0.30308      0.06245
      4.85258      0.70346      0.56693      0.13653
      4.86258      1.60883      1.28713      0.32169
      4.87258      2.33887      1.86515      0.47372
      4.88258      2.57029      2.03751      0.53278
      4.89258      2.28803      1.79471      0.49332
      4.90258      1.80624      1.40779      0.39845
      4.91258      1.46710      1.14460      0.32251
      4.92258      1.19200      0.93337      0.25863
      4.93258      1.07835      0.84724      0.23111
      4.94258      1.27567      0.99998      0.27569
      4.95258      1.45293      1.13249      0.32044
      4.96258      1.24229      0.96542      0.27687
      4.97258      0.80184      0.62458      0.17725
      4.98258      0.71863      0.56064      0.15799
      4.99258      0.91178      0.71131      0.20048
      5.00258      0.84499      0.66288      0.18211
      5.01258      0.77553      0.61206      0.16346
      5.02258      1.12013      0.87414      0.24599
      5.03258      1.46739      1.13264      0.33474
      5.04258      1.19239      0.91829      0.27411
      5.05258      0.56404      0.43639      0.12765
      5.06258      0.25186      0.19467      0.05719
      5.07258      0.48458      0.37092      0.11366
      5.08258      0.79858      0.61065      0.18793
      5.09258      0.64424      0.49399      0.15026
      5.10258      0.51141      0.39921      0.11220
      5.11258      0.60725      0.47517      0.13208
      5.12258      0.83104      0.63324      0.19780
      5.13258      1.16665      0.87444      0.29221
      5.14258      0.94135      0.70487      0.23647
      5.15258      0.42574      0.32279      0.10295
      5.16258      0.32941      0.25589      0.07352
      5.17258      0.44738      0.34710      0.10028
      5.18258      0.60664      0.46448      0.14216
      5.19258      0.78095      0.59040      0.19055
      5.20258      0.77636      0.59092      0.18544
      5.21258      0.59960      0.46413      0.13546
      5.22258      0.38133      0.29614      0.08519
      5.23258      0.35958      0.27383      0.08574
      5.24258      0.69435      0.51892      0.17543
      5.25258      1.12441      0.83010      0.29431
      5.26258      0.92228      0.67705      0.24524
      5.27258      0.34529      0.25414      0.09115
      5.28258      0.19959      0.15236      0.04723
      5.29258      0.33399      0.25637      0.07763
      5.30258      0.38835      0.29518      0.09317
      5.31258      0.48355      0.36229      0.12126
      5.32258      0.71368      0.52904      0.18464
      5.33258      0.67164      0.49757      0.17408
      5.34258      0.33150      0.24710      0.08439
      5.35258      0.23053      0.17329      0.05724
      5.36258      0.32363      0.24328      0.08035
      5.37258      0.37054      0.27554      0.09499
      5.38258      0.61645      0.45089      0.16556
      5.39258      0.98875      0.71731      0.27144
      5.40258      0.92246      0.67088      0.25158
      5.41258      0.67703      0.50252      0.17452
      5.42258      0.56682      0.42784      0.13898
      5.43258      0.37295      0.28320      0.08975
      5.44258      0.18761      0.14114      0.04647
      5.45258      0.23117      0.16884      0.06233
      5.46258      0.43340      0.31362      0.11979
      5.47258      0.53288      0.38332      0.14956
      5.48258      0.42507      0.30756      0.11751
      5.49258      0.33022      0.24287      0.08735
      5.50258      0.28675      0.21140      0.07535
      5.51258      0.30487      0.22386      0.08101
      5.52258      0.38099      0.27861      0.10238
      5.53258      0.52686      0.38246      0.14441
      5.54258      0.81204      0.58252      0.22952
      5.55258      0.92813      0.66220      0.26593
      5.56258      0.53807      0.38432      0.15375
      5.57258      0.18115      0.13026      0.05088
      5.58258      0.19541      0.14202      0.05339
      5.59258      0.29612      0.21618      0.07993
      5.60258      0.29786      0.21749      0.08037
      5.61258      0.32473      0.23517      0.08957
      5.62258      0.44208      0.31700      0.12508
      5.63258      0.52689      0.37484      0.15206
      5.64258      0.50636      0.36141      0.14495
      5.65258      0.41752      0.30221      0.11532
      5.66258      0.37567      0.27429      0.10138
      5.67258      0.41153      0.29963      0.11190
      5.68258      0.35506      0.25636      0.09870
      5.69258      0.40676      0.29046      0.11630
      5.70258      0.63158      0.44748      0.18411
      5.71258      0.77596      0.54373      0.23223
      5.72258      0.62853      0.43651      0.19202
      5.73258      0.26248      0.18161      0.08087
      5.74258      0.08373      0.05885      0.02487
      5.75258      0.18707      0.13408      0.05299
      5.76258      0.36901      0.26414      0.10488
      5.77258      0.32315      0.23051      0.09264
      5.78258      0.19583      0.13882      0.05701
      5.79258      0.36494      0.25752      0.10741
      5.80258      0.65900      0.46386      0.19514
      5.81258      0.56899      0.39921      0.16978
      5.82258      0.24461      0.17116      0.07346
      5.83258      0.16442      0.11543      0.04899
      5.84258      0.25326      0.17865      0.07461
      5.85258      0.28087      0.19807      0.08280
      5.86258      0.26248      0.18358      0.07889
      5.87258      0.32147      0.22347      0.09799
      5.88258      0.52624      0.36455      0.16169
      5.89258      0.71667      0.49383      0.22284
      5.90258      0.73737      0.50928      0.22808
      5.91258      0.59699      0.41716      0.17983
      5.92258      0.42209      0.29814      0.12395
      5.93258      0.31943      0.22690      0.09253
      5.94258      0.21905      0.15526      0.06379
      5.95258      0.18100      0.12600      0.05499
      5.96258      0.25683      0.17732      0.07951
      5.97258      0.29241      0.20136      0.09105
      5.98258      0.31583      0.21571      0.10012
      5.99258      0.36612      0.25025      0.11587
      6.00258      0.37076      0.25571      0.11505
      6.01258      0.28806      0.19954      0.08852
      6.02258      0.23431      0.16213      0.07218
      6.03258      0.26988      0.18608      0.08380
      6.04258      0.27452      0.18879      0.08573
      6.05258      0.33922      0.23329      0.10593
      6.06258      0.46588      0.31921      0.14667
      6.07258      0.64095      0.43664      0.20431
      6.08258      0.67668      0.45916      0.21751
      6.09258      0.37339      0.25256      0.12083
      6.10258      0.16170      0.10968      0.05202
      6.11258      0.21343      0.14607      0.06739
      6.12258      0.27681      0.19218      0.08579
      6.13258      0.29495      0.23405      0.07872
      6.14258      0.49159      0.52905      0.07125
      6.15258      0.97196      1.16205      0.08907
      6.16258      1.22296      1.45833      0.11035
      6.17258      1.13247      1.28716      0.12627
      6.18258      1.08544      1.16016      0.15042
      6.19258      0.88896      0.95111      0.11952
      6.20258      0.71798      0.75987      0.09819
      6.21258      0.79102      0.80536      0.12180
      6.22258      0.78724      0.83301      0.10517
      6.23258      0.69214      0.72777      0.09463
      6.24258      0.77772      0.74572      0.14174
      6.25258      0.83976      0.78513      0.16306
      6.26258      0.77189      0.70292      0.16027
      6.27258      0.65150      0.56263      0.15146
      6.28258      0.53379      0.52645      0.08919
      6.29258      0.54408      0.64395      0.03375
      6.30258      0.56549      0.63226      0.05362
      6.31258      0.58649      0.55330      0.10856
      6.32258      0.54296      0.49729      0.10816
      6.33258      0.41462      0.43220      0.05481
      6.34258      0.42549      0.45135      0.05188
      6.35258      0.67321      0.60663      0.13928
      6.36258      0.81568      0.68106      0.19774
      6.37258      0.59850      0.51596      0.13669
      6.38258      0.37205      0.36766      0.05959
      6.39258      0.43614      0.45925      0.05385
      6.40258      0.55479      0.55806      0.08223
      6.41258      0.54279      0.54304      0.08202
      6.42258      0.52079      0.53433      0.07190
      6.43258      0.48388      0.47622      0.07806
      6.44258      0.53587      0.47357      0.11574
      6.45258      0.62358      0.50387      0.16081
      6.46258      0.78823      0.63454      0.20481
      6.47258      0.95231      0.80352      0.22633
      6.48258      0.75626      0.65036      0.17209
      6.49258      0.44808      0.36109      0.11483
      6.50258      0.35739      0.29102      0.08986
      6.51258      0.33080      0.31837      0.05645
      6.52258      0.36316      0.36862      0.05173
      6.53258      0.53108      0.51966      0.08605
      6.54258      0.57883      0.57860      0.08639
      6.55258      0.52372      0.52751      0.07614
      6.56258      0.55667      0.52434      0.10181
      6.57258      0.54802      0.47862      0.12109
      6.58258      0.41044      0.33815      0.10198
      6.59258      0.35054      0.31045      0.07494
      6.60258      0.40853      0.37431      0.08055
      6.61258      0.44033      0.40783      0.08472
      6.62258      0.51713      0.49401      0.09071
      6.63258      0.66802      0.62798      0.12237
      6.64258      0.68062      0.57998      0.15886
      6.65258      0.65839      0.47556      0.20270
      6.66258      0.56401      0.41876      0.16745
      6.67258      0.42732      0.41100      0.07363
      6.68258      0.39012      0.40654      0.04948
      6.69258      0.35709      0.30472      0.08349
      6.70258      0.29773      0.21005      0.09438
      6.71258      0.26835      0.19821      0.07987
      6.72258      0.37547      0.34976      0.07040
      6.73258      0.63432      0.63561      0.09375
      6.74258      0.72437      0.71531      0.11351
      6.75258      0.68038      0.64904      0.12007
      6.76258      0.67368      0.60085      0.14261
      6.77258      0.46815      0.38778      0.11580
      6.78258      0.39425      0.31973      0.10146
      6.79258      0.56491      0.48429      0.13085
      6.80258      0.49997      0.43224      0.11403
      6.81258      0.34860      0.26882      0.09828
      6.82258      0.48997      0.36044      0.14808
      6.83258      0.65819      0.53556      0.16953
      6.84258      0.64328      0.54397      0.15410
      6.85258      0.53801      0.46428      0.12369
      6.86258      0.43126      0.44022      0.06035
      6.87258      0.32004      0.36598      0.02279
      6.88258      0.34130      0.34282      0.05157
      6.89258      0.45653      0.38123      0.11278
      6.90258      0.39425      0.28891      0.12026
      6.91258      0.22757      0.17468      0.06486
      6.92258      0.27100      0.24977      0.05335
      6.93258      0.57788      0.48191      0.14312
      6.94258      0.77911      0.62718      0.20625
      6.95258      0.59929      0.53552      0.12777
      6.96258      0.39044      0.41256      0.04545
      6.97258      0.37266      0.37825      0.05207
      6.98258      0.40627      0.35875      0.08822
      6.99258      0.41682      0.36949      0.09008
      7.00258      0.40953      0.37989      0.07973
      7.01258      0.46911      0.43968      0.08991
      7.02258      0.67170      0.61278      0.13798
      7.03258      0.79350      0.69696      0.17799
      7.04258      0.65533      0.51766      0.18002
      7.05258      0.54217      0.37693      0.17799
      7.06258      0.49556      0.36797      0.14919
      7.07258      0.49070      0.42057      0.11575
      7.08258      0.47507      0.43898      0.09387
      7.09258      0.40168      0.39522      0.06514
      7.10258      0.35594      0.31645      0.07695
      7.11258      0.37241      0.29401      0.10243
      7.12258      0.41062      0.36065      0.09263
      7.13258      0.42956      0.40824      0.07892
      7.14258      0.42631      0.38654      0.08844
      7.15258      0.40906      0.33470      0.10600
      7.16258      0.38350      0.33197      0.09025
      7.17258      0.42476      0.38496      0.09060
      7.18258      0.44393      0.39768      0.09709
      7.19258      0.41711      0.35228      0.10301
      7.20258      0.46842      0.33486      0.14941
      7.21258      0.61333      0.44259      0.19269
      7.22258      0.74593      0.63508      0.17865
      7.23258      0.62383      0.62999      0.09239
      7.24258      0.42695      0.47383      0.03915
      7.25258      0.46738      0.48675      0.06257
      7.26258      0.52717      0.50540      0.09528
      7.27258      0.41016      0.34711      0.09988
      7.28258      0.33955      0.26653      0.09445
      7.29258      0.43331      0.35934      0.10959
      7.30258      0.46543      0.37159      0.12597
      7.31258      0.37342      0.28280      0.11030
      7.32258      0.44437      0.37749      0.10932
      7.33258      0.57757      0.55205      0.10773
      7.34258      0.66710      0.63537      0.12360
      7.35258      0.72732      0.64452      0.15450
      7.36258      0.71970      0.63015      0.14442
      7.37258      0.90029      0.78947      0.17535
      7.38258      1.11638      0.99262      0.21533
      7.39258      0.99868      0.96622      0.14679
      7.40258      0.69589      0.75020      0.04651
      7.41258      0.49133      0.55307      0.00900
      7.42258      0.41264      0.43293      0.02404
      7.43258      0.56743      0.52046      0.08768
      7.44258      0.85342      0.78569      0.14087
      7.45258      0.93097      0.93161      0.10876
      7.46258      0.80372      0.80369      0.09067
      7.47258      0.79861      0.70178      0.14788
      7.48258      0.79678      0.67281      0.16774
      7.49258      0.69590      0.66526      0.09903
      7.50258      0.74215      0.76834      0.06342
      7.51258      0.86855      0.88262      0.08718
      7.52258      0.95673      0.94649      0.12013
      7.53258      1.00344      0.97364      0.13732
      7.54258      0.99389      0.94940      0.14298
      7.55258      0.92995      0.90143      0.13282
      7.56258      0.85973      0.84016      0.11783
      7.57258      0.99851      0.94803      0.13643
      7.58258      1.13491      1.09957      0.14561
      7.59258      0.97710      0.94504      0.13381
      7.60258      0.81891      0.72580      0.14613
      7.61258      0.81329      0.71135      0.14314
      7.62258      0.78430      0.73394      0.10948
      7.63258      0.59179      0.58399      0.06199
      7.64258      0.51846      0.48980      0.06231
      7.65258      0.80400      0.74180      0.11133
      7.66258      1.12796      1.08709      0.13835
      7.67258      1.21756      1.19017      0.15545
      7.68258      1.12934      1.10569      0.15307
      7.69258      0.98021      0.94758      0.12985
      7.70258      0.80992      0.74228      0.11622
      7.71258      0.74629      0.67790      0.11246
      7.72258      0.83106      0.82055      0.09634
      7.73258      0.92044      0.92773      0.08976
      7.74258      1.01598      0.95693      0.12606
      7.75258      0.96763      0.86338      0.14451
      7.76258      0.75493      0.67420      0.10276
      7.77258      0.74689      0.66885      0.10281
      7.78258      0.88956      0.82355      0.12225
      7.79258      1.09549      1.02555      0.15513
      7.80258      1.18647      1.03783      0.21430
      7.81258      1.08329      0.87372      0.23907
      7.82258      1.04255      0.88596      0.18979
      7.83258      1.06837      1.03730      0.09839
      7.84258      1.03777      1.09555      0.04458
      7.85258      1.09519      1.14838      0.07729
      7.86258      1.12295      1.10311      0.12730
      7.87258      1.08798      1.02680      0.12873
      7.88258      1.06663      0.98891      0.12903
      7.89258      1.16389      1.06850      0.16886
      7.90258      1.26999      1.15387      0.20337
      7.91258      1.13474      1.01897      0.17934
      7.92258      1.19450      1.13933      0.13142
      7.93258      1.29197      1.25744      0.11492
      7.94258      1.15670      1.04250      0.15234
      7.95258      1.06914      0.88919      0.19288
      7.96258      1.18029      0.99992      0.20698
      7.97258      1.38532      1.20882      0.22062
      7.98258      1.31899      1.13181      0.22217
      7.99258      1.24272      1.06868      0.21602
      8.00258      1.35637      1.23802      0.19260
      8.01258      1.56938      1.51342      0.17039
      8.02258      1.82737      1.75419      0.21239
      8.03258      1.71042      1.55650      0.24827
      8.04258      1.58331      1.34127      0.27338
      8.05258      1.64688      1.37714      0.28608
      8.06258      1.76768      1.53821      0.28579
      8.07258      2.27878      2.02000      0.36242
      8.08258      2.78864      2.40770      0.45993
      8.09258      2.95486      2.46890      0.51160
      8.10258      3.16564      2.60080      0.57010
      8.11258      3.12157      2.56610      0.56947
      8.12258      2.59185      2.17297      0.46129
      8.13258      1.56734      1.36634      0.26118
      8.14258      0.60122      0.58479      0.07829
      8.15258      0.23708      0.28674      0.01053
      8.16258      0.18643      0.24810      0.00059
      8.17258      0.21594      0.28722      0.00001
      8.18258      0.35936      0.47329      0.00000
      8.19258      0.44610      0.58611      0.00000
      8.20258      0.32534      0.42627      0.00000
      8.21258      0.20982      0.27432      0.00000
      8.22258      0.20318      0.26657      0.00000
      8.23258      0.25066      0.33130      0.00000
      8.24258      0.32430      0.43079      0.00000
      8.25258      0.33865      0.45066      0.00000
      8.26258      0.20900      0.27847      0.00000
      8.27258      0.13264      0.17589      0.00000
      8.28258      0.14307      0.18900      0.00000
      8.29258      0.08642      0.11416      0.00000
      8.30258      0.06449      0.08567      0.00000
      8.31258      0.17647      0.23541      0.00000
      8.32258      0.26530      0.35478      0.00000
      8.33258      0.18826      0.25231      0.00000
      8.34258      0.18526      0.24761      0.00000
      8.35258      0.34425      0.45770      0.00000
      8.36258      0.36584      0.48444      0.00000
      8.37258      0.23302      0.30724      0.00000
      8.38258      0.18911      0.24905      0.00000
      8.39258      0.20030      0.26601      0.00000
      8.40258      0.22593      0.30199      0.00000
      8.41258      0.19608      0.26151      0.00000
      8.42258      0.16891      0.22377      0.00000
      8.43258      0.12970      0.17155      0.00000
      8.44258      0.09898      0.13185      0.00000
      8.45258      0.14140      0.18929      0.00000
      8.46258      0.14451      0.19359      0.00000
      8.47258      0.17674      0.23672      0.00000
      8.48258      0.25353      0.33892      0.00000
      8.49258      0.22744      0.30359      0.00000
      8.50258      0.18114      0.24210      0.00000
      8.51258      0.15778      0.21072      0.00000
      8.52258      0.17483      0.23087      0.00000
      8.53258      0.31305      0.41117      0.00000
      8.54258      0.38513      0.50627      0.00000
      8.55258      0.40192      0.53082      0.00000
      8.56258      0.48335      0.64148      0.00000
      8.57258      0.42247      0.56115      0.00000
      8.58258      0.24485      0.32455      0.00000
      8.59258      0.16350      0.21642      0.00000
      8.60258      0.15987      0.21174      0.00000
      8.61258      0.17045      0.22623      0.00000
      8.62258      0.26681      0.35469      0.00000
      8.63258      0.24947      0.33171      0.00000
      8.64258      0.17473      0.23233      0.00000
      8.65258      0.25464      0.33858      0.00000
      8.66258      0.24600      0.32712      0.00000
      8.67258      0.13975      0.18578      0.00000
      8.68258      0.17262      0.22926      0.00000
      8.69258      0.21878      0.29020      0.00000
      8.70258      0.21808      0.28837      0.00000
      8.71258      0.29889      0.39478      0.00000
      8.72258      0.32732      0.43282      0.00000
      8.73258      0.25268      0.33426      0.00000
      8.74258      0.18500      0.24457      0.00000
      8.75258      0.21888      0.28918      0.00000
      8.76258      0.35671      0.47119      0.00000
      8.77258      0.32712      0.43222      0.00000
      8.78258      0.15515      0.20499      0.00000
      8.79258      0.11837      0.15597      0.00000
      8.80258      0.18708      0.24654      0.00000
      8.81258      0.20410      0.26957      0.00000
      8.82258      0.14376      0.19008      0.00000
      8.83258      0.09151      0.12029      0.00000
      8.84258      0.13203      0.17255      0.00000
      8.85258      0.14427      0.18863      0.00000
      8.86258      0.14607      0.19172      0.00000
      8.87258      0.23267      0.30619      0.00000
      8.88258      0.41873      0.55132      0.00000
      8.89258      0.61904      0.81431      0.00000
      8.90258      0.56637      0.74508      0.00000
      8.91258      0.39390      0.51929      0.00000
      8.92258      0.34288      0.45170      0.00000
      8.93258      0.38686      0.50764      0.00000
      8.94258      0.37903      0.49632      0.00000
      8.95258      0.32116      0.42017      0.00000
      8.96258      0.25644      0.33586      0.00000
      8.97258      0.20870      0.27379      0.00000
      8.98258      0.18736      0.24542      0.00000
      8.99258      0.18483      0.24121      0.00000
      9.00258      0.20743      0.26852      0.00000
      9.01258      0.28309      0.36355      0.00000
      9.02258      0.27433      0.35105      0.00000
      9.03258      0.20595      0.26370      0.00000
      9.04258      0.14456      0.18537      0.00000
      9.05258      0.19310      0.24891      0.00000
      9.06258      0.35068      0.45614      0.00000
      9.07258      0.40250      0.52680      0.00000
      9.08258      0.38711      0.50423      0.00000
      9.09258      0.36592      0.47316      0.00000
      9.10258      0.28130      0.36451      0.00000
      9.11258      0.23949      0.30921      0.00000
      9.12258      0.29068      0.36985      0.00000
      9.13258      0.28306      0.35728      0.00000
      9.14258      0.20621      0.26072      0.00000
      9.15258      0.11648      0.14706      0.00000
      9.16258      0.12678      0.15676      0.00000
      9.17258      0.20659      0.25421      0.00000
      9.18258      0.14608      0.17978      0.00000
      9.19258      0.03867      0.04761      0.00000
      9.20258      0.00952      0.01154      0.00000
      9.21258      0.04502      0.05410      0.00000
      9.22258      0.14772      0.18026      0.00000
      9.23258      0.34336      0.43787      0.00000
      9.24258      0.83804      1.09487      0.00000
      9.25258      1.41529      1.84074      0.00000
      9.26258      1.35610      1.73994      0.00000
      9.27258      0.75838      0.95306      0.00000
      9.28258      0.34191      0.41633      0.00000
      9.29258      0.20416      0.24251      0.00000
      9.30258      0.14612      0.17140      0.00000
      9.31258      0.14967      0.17389      0.00000
      9.32258      0.11462      0.13285      0.00000
      9.33258      0.05325      0.06135      0.00000
      9.34258      0.06660      0.07612      0.00000
      9.35258      0.11886      0.13743      0.00000
      9.36258      0.22449      0.26424      0.00000
      9.37258      0.31570      0.37514      0.00000
      9.38258      0.32784      0.39148      0.00000
      9.39258      0.35114      0.42112      0.00000
      9.40258      0.34004      0.42096      0.00000
      9.41258      0.42473      0.54893      0.00000
      9.42258      0.52308      0.68415      0.00000
      9.43258      0.40655      0.51910      0.00000
      9.44258      0.38815      0.45046      0.00000
      9.45258      0.52570      0.58892      0.00000
      9.46258      0.47786      0.53665      0.00000
      9.47258      0.33891      0.38495      0.00000
      9.48258      0.27504      0.31591      0.00000
      9.49258      0.23161      0.27015      0.00000
      9.50258      0.25802      0.29953      0.00000
      9.51258      0.40684      0.46007      0.00000
      9.52258      0.43064      0.48756      0.00000
      9.53258      0.29563      0.34807      0.00000
      9.54258      0.26752      0.32387      0.00000
      9.55258      0.43711      0.51159      0.00001
      9.56258      0.65837      0.74597      0.00013
      9.57258      0.73616      0.83320      0.00052
      9.58258      0.70790      0.83299      0.00083
      9.59258      0.81865      1.00649      0.00125
      9.60258      1.00299      1.23338      0.00293
      9.61258      0.81142      0.97350      0.00349
      9.62258      0.50474      0.56962      0.00233
      9.63258      0.43246      0.45161      0.00556
      9.64258      0.43130      0.42662      0.01440
      9.65258      0.40491      0.39446      0.01739
      9.66258      0.44476      0.45326      0.01479
      9.67258      0.57158      0.59984      0.01630
      9.68258      0.48556      0.50744      0.01593
      9.69258      0.51425      0.51103      0.02426
      9.70258      0.78315      0.76574      0.04034
      9.71258      0.84314      0.83207      0.04641
      9.72258      0.66806      0.66816      0.04505
      9.73258      0.62615      0.60847      0.05520
      9.74258      0.82193      0.77762      0.07749
      9.75258      1.13733      1.08807      0.10761
      9.76258      1.25059      1.18607      0.13500
      9.77258      1.19997      1.14116      0.13490
      9.78258      1.20383      1.19851      0.10716
      9.79258      1.19536      1.20828      0.08452
      9.80258      0.95808      0.94384      0.06764
      9.81258      0.61053      0.57383      0.05540
      9.82258      0.61490      0.56163      0.07162
      9.83258      0.88684      0.81343      0.10402
      9.84258      0.77245      0.70288      0.09265
      9.85258      0.43595      0.41035      0.04436
      9.86258      0.49954      0.50699      0.03010
      9.87258      0.55915      0.56372      0.03560
      9.88258      0.47055      0.46181      0.03979
      9.89258      0.68073      0.67398      0.05713
      9.90258      0.79162      0.79668      0.05637
      9.91258      0.63386      0.65469      0.03584
      9.92258      0.64045      0.67957      0.02628
      9.93258      0.67995      0.72727      0.02766
      9.94258      0.62627      0.67598      0.03496
      9.95258      0.70591      0.76770      0.04839
      9.96258      0.97353      1.03588      0.07527
      9.97258      1.08212      1.09208      0.09667
      9.98258      0.77633      0.75959      0.06824
      9.99258      0.46153      0.48506      0.02183
     10.00258      0.31352      0.34714      0.00731
     10.01258      0.26639      0.26489      0.01687
     10.02258      0.28608      0.26464      0.02363
     10.03258      0.20095      0.18423      0.01747
     10.04258      0.23667      0.21964      0.02296
     10.05258      0.52478      0.50856      0.03970
     10.06258      0.77418      0.77127      0.05016
     10.07258      0.68286      0.69588      0.04098
     10.08258      0.41931      0.42712      0.02375
     10.09258      0.23656      0.23023      0.01659
     10.10258      0.21684      0.22092      0.01413
     10.11258      0.38909      0.42369      0.01844
     10.12258      0.44675      0.48880      0.02150
     10.13258      0.42200      0.44567      0.02637
     10.14258      0.59212      0.61947      0.03549
     10.15258      0.73280      0.74360      0.05005
     10.16258      0.71431      0.68832      0.06835
     10.17258      0.65829      0.60760      0.08186
     10.18258      0.43202      0.38357      0.06234
     10.19258      0.18738      0.16967      0.02262
     10.20258      0.22742      0.23725      0.00586
     10.21258      0.43159      0.46119      0.01023
     10.22258      0.49529      0.52827      0.01452
     10.23258      0.37600      0.40386      0.00796
     10.24258      0.28974      0.31909      0.00453
     10.25258      0.35679      0.38044      0.01393
     10.26258      0.38232      0.38435      0.02453
     10.27258      0.30367      0.31162      0.02128
     10.28258      0.33711      0.35168      0.02646
     10.29258      0.47108      0.46968      0.04381
     10.30258      0.56142      0.57402      0.04375
     10.31258      0.53529      0.59553      0.02171
     10.32258      0.56134      0.66411      0.00859
     10.33258      0.55974      0.65661      0.01173
     10.34258      0.42559      0.48419      0.01197
     10.35258      0.31398      0.33768      0.01089
     10.36258      0.32321      0.31664      0.01720
     10.37258      0.27461      0.25814      0.01852
     10.38258      0.24461      0.22987      0.02035
     10.39258      0.38014      0.37405      0.02519
     10.40258      0.47631      0.47109      0.03024
     10.41258      0.40915      0.38357      0.03999
     10.42258      0.42824      0.38710      0.05676
     10.43258      0.56870      0.52556      0.07459
     10.44258      0.49989      0.46392      0.06351
     10.45258      0.32344      0.30511      0.03174
     10.46258      0.33118      0.33764      0.01321
     10.47258      0.36338      0.39278      0.00422
     10.48258      0.28540      0.32743      0.00063
     10.49258      0.18690      0.22853      0.00028
     10.50258      0.16233      0.19709      0.00270
     10.51258      0.27223      0.30618      0.01127
     10.52258      0.38602      0.41039      0.01798
     10.53258      0.37419      0.39406      0.01213
     10.54258      0.21849      0.22649      0.00715
     10.55258      0.14613      0.13521      0.01483
     10.56258      0.25190      0.23666      0.02452
     10.57258      0.52235      0.52770      0.02985
     10.58258      0.73609      0.74617      0.04178
     10.59258      0.47861      0.47308      0.03468
     10.60258      0.15298      0.14966      0.01287
     10.61258      0.13608      0.14840      0.00554
     10.62258      0.26220      0.28428      0.01011
     10.63258      0.22869      0.24323      0.01009
     10.64258      0.15569      0.17181      0.00586
     10.65258      0.24607      0.27252      0.01002
     10.66258      0.34097      0.36829      0.01523
     10.67258      0.41774      0.46319      0.01242
     10.68258      0.51052      0.57337      0.01569
     10.69258      0.52543      0.58796      0.02101
     10.70258      0.48588      0.52152      0.02421
     10.71258      0.49643      0.50070      0.03162
     10.72258      0.44046      0.42916      0.03705
     10.73258      0.37279      0.33424      0.04929
     10.74258      0.42229      0.35915      0.06636
     10.75258      0.47972      0.42761      0.06094
     10.76258      0.41898      0.41103      0.02752
     10.77258      0.23407      0.24558      0.00529
     10.78258      0.07536      0.07980      0.00136
     10.79258      0.08769      0.08677      0.00562
     10.80258      0.21699      0.22344      0.01197
     10.81258      0.25355      0.27522      0.00941
     10.82258      0.18343      0.20139      0.00272
     10.83258      0.21532      0.22831      0.00033
     10.84258      0.26612      0.28829      0.00089
     10.85258      0.26412      0.29194      0.00632
     10.86258      0.31341      0.33949      0.01670
     10.87258      0.27876      0.29998      0.01653
     10.88258      0.19121      0.20556      0.00920
     10.89258      0.25098      0.24794      0.01589
     10.90258      0.37996      0.36828      0.02976
     10.91258      0.37081      0.36098      0.03340
     10.92258      0.24994      0.23230      0.02984
     10.93258      0.15598      0.14176      0.01772
     10.94258      0.25878      0.25735      0.01074
     10.95258      0.45962      0.48088      0.00937
     10.96258      0.41715      0.45612      0.00430
     10.97258      0.19995      0.22238      0.00256
     10.98258      0.13401      0.13429      0.00829
     10.99258      0.21415      0.21674      0.01343
     11.00258      0.22835      0.24925      0.00883
     11.01258      0.18015      0.19700      0.00764
     11.02258      0.23607      0.24501      0.01541
     11.03258      0.30148      0.32387      0.01612
     11.04258      0.34664      0.38250      0.01469
     11.05258      0.51157      0.55832      0.02134
     11.06258      0.51277      0.54799      0.02403
     11.07258      0.36667      0.35981      0.03077
     11.08258      0.38615      0.34734      0.04480
     11.09258      0.53547      0.48484      0.06208
     11.10258      0.54409      0.50399      0.06234
     11.11258      0.29930      0.28198      0.03358
     11.12258      0.07749      0.07401      0.00801
     11.13258      0.05419      0.05580      0.00077
     11.14258      0.17704      0.18590      0.00003
     11.15258      0.26491      0.28098      0.00005
     11.16258      0.16808      0.17877      0.00085
     11.17258      0.10413      0.10413      0.00557
     11.18258      0.19986      0.20050      0.01337
     11.19258      0.25052      0.26637      0.01182
     11.20258      0.14936      0.16610      0.00400
     11.21258      0.11301      0.12027      0.00157
     11.22258      0.27056      0.28498      0.00614
     11.23258      0.52306      0.53161      0.03737
     11.24258      0.81488      0.71760      0.13613
     11.25258      1.09748      0.85281      0.25680
     11.26258      1.21020      0.90348      0.30814
     11.27258      1.21940      0.91866      0.30132
     11.28258      1.25540      0.98269      0.27755
     11.29258      1.51132      1.20820      0.31956
     11.30258      1.74190      1.36660      0.39585
     11.31258      1.44532      1.10519      0.34960
     11.32258      1.19987      0.91166      0.29060
     11.33258      1.36288      1.06814      0.30248
     11.34258      1.65179      1.36662      0.31282
     11.35258      1.71268      1.44517      0.30540
     11.36258      1.51401      1.22960      0.30592
     11.37258      1.36842      1.08955      0.29438
     11.38258      1.60816      1.29994      0.33502
     11.39258      2.06364      1.64330      0.44956
     11.40258      2.23554      1.77972      0.49205
     11.41258      2.27395      1.84623      0.47648
     11.42258      2.34518      1.88950      0.49380
     11.43258      2.45589      1.92166      0.54863
     11.44258      2.92366      2.26246      0.66615
     11.45258      3.42236      2.71167      0.73056
     11.46258      3.73222      3.22980      0.58704
     11.47258      4.62882      4.42245      0.40623
     11.48258      5.24464      5.19072      0.31835
     11.49258      4.28549      4.30970      0.20429
     11.50258      3.06908      3.12218      0.12041
     11.51258      2.87810      2.84523      0.17999
     11.52258      3.27247      3.04355      0.35321
     11.53258      3.39543      3.05641      0.44175
     11.54258      2.82698      2.59730      0.32167
     11.55258      2.33858      2.25551      0.18091
     11.56258      2.25679      2.21973      0.14567
     11.57258      2.38136      2.28915      0.19659
