Energy-E_F (eV)    DOS (1/eV)    PDOS (1/eV)  of atom type B  N  
     -4.99000      0.66682      0.25245      0.41437
     -4.98000      0.89489      0.33521      0.55968
     -4.97000      1.17470      0.44232      0.73238
     -4.96000      1.37966      0.52215      0.85751
     -4.95000      1.18285      0.45002      0.73283
     -4.94000      0.81153      0.31198      0.49955
     -4.93000      0.83687      0.32153      0.51534
     -4.92000      0.92962      0.35368      0.57594
     -4.91000      0.79164      0.30040      0.49124
     -4.90000      0.95230      0.35779      0.59451
     -4.89000      1.44888      0.53596      0.91292
     -4.88000      1.62567      0.59701      1.02865
     -4.87000      1.53386      0.57066      0.96320
     -4.86000      1.30016      0.49078      0.80938
     -4.85000      0.90912      0.33982      0.56930
     -4.84000      0.78331      0.28688      0.49643
     -4.83000      0.93356      0.34297      0.59059
     -4.82000      1.01647      0.37841      0.63806
     -4.81000      0.99024      0.37002      0.62021
     -4.80000      1.08781      0.40396      0.68385
     -4.79000      1.33216      0.49661      0.83555
     -4.78000      1.44055      0.53994      0.90061
     -4.77000      1.19507      0.44552      0.74955
     -4.76000      1.03732      0.38614      0.65119
     -4.75000      1.31981      0.49388      0.82593
     -4.74000      1.77846      0.66270      1.11576
     -4.73000      1.95098      0.72133      1.22966
     -4.72000      1.73704      0.63976      1.09729
     -4.71000      1.38066      0.51316      0.86750
     -4.70000      1.15767      0.43417      0.72350
     -4.69000      1.28160      0.47700      0.80460
     -4.68000      1.33985      0.49383      0.84603
     -4.67000      1.21470      0.44531      0.76940
     -4.66000      1.11510      0.41394      0.70116
     -4.65000      1.08744      0.40911      0.67833
     -4.64000      1.17987      0.43702      0.74285
     -4.63000      1.24343      0.45625      0.78718
     -4.62000      1.24018      0.46008      0.78011
     -4.61000      1.29358      0.48709      0.80650
     -4.60000      1.25570      0.47681      0.77889
     -4.59000      1.08947      0.40941      0.68006
     -4.58000      0.97966      0.36295      0.61671
     -4.57000      1.04143      0.39145      0.64998
     -4.56000      1.02141      0.38544      0.63597
     -4.55000      0.72224      0.26757      0.45467
     -4.54000      0.85324      0.30504      0.54820
     -4.53000      1.33799      0.47720      0.86079
     -4.52000      1.39503      0.50469      0.89033
     -4.51000      1.04342      0.38616      0.65726
     -4.50000      0.68707      0.25591      0.43115
     -4.49000      0.65273      0.24020      0.41253
     -4.48000      0.94755      0.35010      0.59746
     -4.47000      1.11839      0.41812      0.70027
     -4.46000      1.16782      0.44021      0.72761
     -4.45000      1.15248      0.43140      0.72108
     -4.44000      0.96455      0.35589      0.60865
     -4.43000      1.04891      0.38611      0.66280
     -4.42000      1.19876      0.44082      0.75795
     -4.41000      0.88346      0.32392      0.55955
     -4.40000      0.39377      0.14414      0.24963
     -4.39000      0.37640      0.13634      0.24006
     -4.38000      0.78858      0.28740      0.50118
     -4.37000      1.06117      0.39154      0.66962
     -4.36000      1.07322      0.40288      0.67034
     -4.35000      1.12960      0.42456      0.70504
     -4.34000      1.15450      0.42219      0.73231
     -4.33000      0.92724      0.32899      0.59825
     -4.32000      0.89642      0.31932      0.57710
     -4.31000      1.15166      0.41806      0.73360
     -4.30000      1.10976      0.40818      0.70158
     -4.29000      0.78592      0.28999      0.49593
     -4.28000      0.61022      0.22376      0.38646
     -4.27000      0.74158      0.27771      0.46387
     -4.26000      0.95638      0.36271      0.59367
     -4.25000      0.96131      0.36628      0.59504
     -4.24000      1.00365      0.37835      0.62530
     -4.23000      1.18444      0.43546      0.74898
     -4.22000      1.10735      0.40024      0.70711
     -4.21000      0.63901      0.22923      0.40978
     -4.20000      0.45722      0.16262      0.29460
     -4.19000      0.73715      0.26134      0.47581
     -4.18000      0.98996      0.35675      0.63321
     -4.17000      0.88439      0.32666      0.55774
     -4.16000      0.66176      0.25361      0.40815
     -4.15000      0.61508      0.23598      0.37910
     -4.14000      0.62674      0.22729      0.39945
     -4.13000      0.72859      0.25606      0.47254
     -4.12000      0.98717      0.34982      0.63735
     -4.11000      1.09433      0.39055      0.70378
     -4.10000      0.98484      0.35100      0.63383
     -4.09000      0.89834      0.32303      0.57531
     -4.08000      0.89793      0.33398      0.56395
     -4.07000      0.93586      0.35124      0.58462
     -4.06000      0.77339      0.28360      0.48980
     -4.05000      0.70527      0.25202      0.45325
     -4.04000      0.79969      0.28647      0.51321
     -4.03000      0.85571      0.31554      0.54017
     -4.02000      0.96465      0.35809      0.60656
     -4.01000      0.98158      0.36313      0.61845
     -4.00000      0.79345      0.29654      0.49691
     -3.99000      0.64182      0.23252      0.40929
     -3.98000      0.73143      0.25694      0.47449
     -3.97000      0.73237      0.25689      0.47548
     -3.96000      0.62613      0.22245      0.40368
     -3.95000      0.73011      0.26742      0.46269
     -3.94000      0.83643      0.30799      0.52845
     -3.93000      0.64025      0.23191      0.40834
     -3.92000      0.46184      0.16729      0.29454
     -3.91000      0.56278      0.21111      0.35166
     -3.90000      0.79782      0.29479      0.50303
     -3.89000      1.09643      0.39096      0.70548
     -3.88000      1.19627      0.42388      0.77240
     -3.87000      1.05633      0.38139      0.67493
     -3.86000      1.07739      0.39600      0.68139
     -3.85000      1.02538      0.37218      0.65320
     -3.84000      0.75225      0.26540      0.48685
     -3.83000      0.55582      0.19421      0.36161
     -3.82000      0.59712      0.21457      0.38256
     -3.81000      0.68984      0.25426      0.43558
     -3.80000      0.70682      0.25870      0.44812
     -3.79000      0.67312      0.24143      0.43169
     -3.78000      0.77506      0.27506      0.50000
     -3.77000      0.87492      0.30916      0.56576
     -3.76000      0.73729      0.26344      0.47385
     -3.75000      0.63510      0.23014      0.40496
     -3.74000      0.55989      0.20192      0.35797
     -3.73000      0.52545      0.19361      0.33184
     -3.72000      0.70705      0.26320      0.44385
     -3.71000      0.89195      0.32299      0.56896
     -3.70000      0.86129      0.30512      0.55617
     -3.69000      0.81324      0.28658      0.52666
     -3.68000      0.81855      0.29398      0.52456
     -3.67000      0.78138      0.28488      0.49650
     -3.66000      0.77577      0.27573      0.50004
     -3.65000      0.69667      0.23809      0.45858
     -3.64000      0.52394      0.17355      0.35040
     -3.63000      0.49093      0.16492      0.32601
     -3.62000      0.61077      0.20912      0.40165
     -3.61000      0.80738      0.28153      0.52585
     -3.60000      0.96125      0.35070      0.61055
     -3.59000      0.95875      0.35892      0.59983
     -3.58000      0.92499      0.34198      0.58301
     -3.57000      0.84084      0.30852      0.53231
     -3.56000      0.73828      0.26915      0.46913
     -3.55000      0.72160      0.25791      0.46369
     -3.54000      0.73753      0.26458      0.47295
     -3.53000      0.68556      0.24329      0.44227
     -3.52000      0.70565      0.24151      0.46415
     -3.51000      0.81358      0.27827      0.53532
     -3.50000      0.78382      0.27454      0.50928
     -3.49000      0.78619      0.28189      0.50430
     -3.48000      0.77086      0.27857      0.49228
     -3.47000      0.72630      0.26118      0.46512
     -3.46000      0.57772      0.20963      0.36809
     -3.45000      0.42299      0.15831      0.26468
     -3.44000      0.35925      0.13263      0.22662
     -3.43000      0.34045      0.11557      0.22488
     -3.42000      0.47975      0.15616      0.32359
     -3.41000      0.74520      0.24690      0.49830
     -3.40000      1.03459      0.35210      0.68249
     -3.39000      1.05476      0.37047      0.68429
     -3.38000      0.81446      0.28777      0.52669
     -3.37000      0.63873      0.22287      0.41586
     -3.36000      0.64586      0.22956      0.41630
     -3.35000      0.75299      0.26958      0.48341
     -3.34000      0.70559      0.25227      0.45332
     -3.33000      0.77929      0.27548      0.50381
     -3.32000      0.93960      0.33100      0.60860
     -3.31000      0.81597      0.29032      0.52565
     -3.30000      0.77489      0.27859      0.49630
     -3.29000      0.70873      0.25458      0.45414
     -3.28000      0.51502      0.18038      0.33464
     -3.27000      0.62299      0.21034      0.41265
     -3.26000      0.79776      0.26851      0.52925
     -3.25000      0.62870      0.21368      0.41502
     -3.24000      0.44846      0.15522      0.29324
     -3.23000      0.64228      0.22303      0.41926
     -3.22000      0.76166      0.26625      0.49540
     -3.21000      0.70336      0.25670      0.44665
     -3.20000      0.79618      0.29654      0.49964
     -3.19000      0.77805      0.27785      0.50020
     -3.18000      0.59669      0.20085      0.39584
     -3.17000      0.42275      0.14454      0.27821
     -3.16000      0.33254      0.12250      0.21004
     -3.15000      0.27868      0.10045      0.17823
     -3.14000      0.39141      0.12723      0.26418
     -3.13000      0.77292      0.24970      0.52321
     -3.12000      1.13244      0.37535      0.75709
     -3.11000      1.26144      0.42876      0.83268
     -3.10000      1.23862      0.43416      0.80446
     -3.09000      1.11901      0.40385      0.71516
     -3.08000      0.83170      0.30062      0.53108
     -3.07000      0.56341      0.19511      0.36830
     -3.06000      0.44737      0.15096      0.29640
     -3.05000      0.36188      0.12398      0.23791
     -3.04000      0.31502      0.10359      0.21143
     -3.03000      0.33687      0.10522      0.23165
     -3.02000      0.44907      0.14618      0.30289
     -3.01000      0.73094      0.25218      0.47876
     -3.00000      0.93025      0.32444      0.60580
     -2.99000      0.78739      0.27479      0.51261
     -2.98000      0.60991      0.21271      0.39721
     -2.97000      0.61266      0.20948      0.40318
     -2.96000      0.68131      0.22988      0.45143
     -2.95000      0.62212      0.20927      0.41285
     -2.94000      0.47407      0.15719      0.31688
     -2.93000      0.42612      0.14223      0.28389
     -2.92000      0.54043      0.18270      0.35773
     -2.91000      0.66102      0.23278      0.42824
     -2.90000      0.89481      0.32983      0.56498
     -2.89000      1.19759      0.43749      0.76009
     -2.88000      1.04548      0.36615      0.67932
     -2.87000      0.73645      0.24459      0.49186
     -2.86000      0.62389      0.19998      0.42391
     -2.85000      0.49974      0.15676      0.34297
     -2.84000      0.41014      0.13190      0.27824
     -2.83000      0.44568      0.14701      0.29867
     -2.82000      0.58897      0.18861      0.40036
     -2.81000      0.79989      0.25545      0.54444
     -2.80000      0.85513      0.28193      0.57320
     -2.79000      0.86658      0.29754      0.56904
     -2.78000      0.66812      0.23390      0.43423
     -2.77000      0.50563      0.17289      0.33274
     -2.76000      0.54659      0.18374      0.36286
     -2.75000      0.40918      0.14013      0.26905
     -2.74000      0.34813      0.11807      0.23006
     -2.73000      0.50389      0.16581      0.33808
     -2.72000      0.68173      0.22440      0.45733
     -2.71000      0.81064      0.26741      0.54323
     -2.70000      0.92372      0.30966      0.61406
     -2.69000      1.04021      0.35847      0.68174
     -2.68000      0.81175      0.28446      0.52728
     -2.67000      0.50301      0.17984      0.32317
     -2.66000      0.42612      0.14623      0.27989
     -2.65000      0.45267      0.14007      0.31260
     -2.64000      0.49659      0.15191      0.34468
     -2.63000      0.58311      0.19635      0.38676
     -2.62000      0.66926      0.24038      0.42888
     -2.61000      0.69214      0.24246      0.44967
     -2.60000      0.65046      0.22234      0.42811
     -2.59000      0.60663      0.20793      0.39870
     -2.58000      0.72920      0.23642      0.49278
     -2.57000      0.83832      0.25591      0.58241
     -2.56000      0.74559      0.22303      0.52255
     -2.55000      0.59071      0.18283      0.40788
     -2.54000      0.45602      0.14866      0.30736
     -2.53000      0.43780      0.14817      0.28963
     -2.52000      0.57092      0.19806      0.37286
     -2.51000      0.86881      0.29875      0.57006
     -2.50000      1.07501      0.36139      0.71362
     -2.49000      0.96850      0.31652      0.65198
     -2.48000      0.70586      0.22788      0.47798
     -2.47000      0.49646      0.16533      0.33112
     -2.46000      0.38988      0.12951      0.26037
     -2.45000      0.39029      0.12223      0.26807
     -2.44000      0.46379      0.14702      0.31676
     -2.43000      0.53613      0.17105      0.36508
     -2.42000      0.65242      0.20724      0.44518
     -2.41000      0.78638      0.25877      0.52761
     -2.40000      0.71080      0.23686      0.47394
     -2.39000      0.60274      0.19035      0.41239
     -2.38000      0.63929      0.19839      0.44089
     -2.37000      0.55783      0.18585      0.37197
     -2.36000      0.39280      0.14139      0.25141
     -2.35000      0.48543      0.17291      0.31252
     -2.34000      0.77782      0.26233      0.51549
     -2.33000      0.98492      0.32672      0.65819
     -2.32000      0.84163      0.28250      0.55913
     -2.31000      0.49325      0.16516      0.32809
     -2.30000      0.36197      0.11004      0.25193
     -2.29000      0.55971      0.15815      0.40156
     -2.28000      0.68943      0.19864      0.49079
     -2.27000      0.71067      0.21585      0.49482
     -2.26000      0.78095      0.24433      0.53662
     -2.25000      0.90120      0.28809      0.61311
     -2.24000      0.83825      0.27118      0.56707
     -2.23000      0.53787      0.17325      0.36462
     -2.22000      0.33206      0.10643      0.22563
     -2.21000      0.34535      0.11336      0.23198
     -2.20000      0.53091      0.17496      0.35596
     -2.19000      0.79379      0.25912      0.53467
     -2.18000      0.93864      0.29856      0.64009
     -2.17000      0.77595      0.24265      0.53330
     -2.16000      0.59757      0.19173      0.40584
     -2.15000      0.58781      0.19051      0.39730
     -2.14000      0.64556      0.20021      0.44535
     -2.13000      0.65305      0.20211      0.45094
     -2.12000      0.59443      0.18903      0.40539
     -2.11000      0.59518      0.18553      0.40965
     -2.10000      0.51307      0.15706      0.35602
     -2.09000      0.52382      0.16644      0.35738
     -2.08000      0.69844      0.22072      0.47773
     -2.07000      0.75397      0.23224      0.52173
     -2.06000      0.58300      0.18727      0.39574
     -2.05000      0.43113      0.15159      0.27953
     -2.04000      0.36775      0.12726      0.24050
     -2.03000      0.50039      0.15542      0.34497
     -2.02000      0.67300      0.20207      0.47093
     -2.01000      0.56601      0.16689      0.39913
     -2.00000      0.61579      0.18417      0.43162
     -1.99000      0.91050      0.27630      0.63419
     -1.98000      0.97231      0.29069      0.68162
     -1.97000      0.83402      0.25406      0.57996
     -1.96000      0.79718      0.25143      0.54576
     -1.95000      0.81426      0.25218      0.56208
     -1.94000      0.73113      0.21729      0.51384
     -1.93000      0.51889      0.14922      0.36968
     -1.92000      0.43620      0.13386      0.30234
     -1.91000      0.46256      0.15377      0.30879
     -1.90000      0.44230      0.14491      0.29739
     -1.89000      0.47704      0.14491      0.33213
     -1.88000      0.65618      0.19288      0.46331
     -1.87000      0.87579      0.26282      0.61297
     -1.86000      0.80232      0.24424      0.55808
     -1.85000      0.65943      0.19964      0.45979
     -1.84000      0.68889      0.20490      0.48399
     -1.83000      0.67373      0.19827      0.47546
     -1.82000      0.55580      0.16958      0.38622
     -1.81000      0.58434      0.17986      0.40449
     -1.80000      0.59437      0.17723      0.41713
     -1.79000      0.52751      0.15924      0.36827
     -1.78000      0.51595      0.14977      0.36619
     -1.77000      0.50494      0.13405      0.37090
     -1.76000      0.34295      0.08762      0.25533
     -1.75000      0.12240      0.03099      0.09141
     -1.74000      0.11588      0.02894      0.08694
     -1.73000      0.31853      0.07944      0.23909
     -1.72000      0.49886      0.12456      0.37430
     -1.71000      0.55479      0.13893      0.41587
     -1.70000      0.60520      0.15190      0.45330
     -1.69000      0.67047      0.16773      0.50274
     -1.68000      0.61041      0.15213      0.45829
     -1.67000      0.44445      0.11055      0.33391
     -1.66000      0.46666      0.11543      0.35123
     -1.65000      0.54933      0.13534      0.41399
     -1.64000      0.45645      0.11229      0.34415
     -1.63000      0.28238      0.06948      0.21290
     -1.62000      0.19611      0.04823      0.14788
     -1.61000      0.20972      0.05123      0.15850
     -1.60000      0.37540      0.09088      0.28452
     -1.59000      0.54934      0.13251      0.41683
     -1.58000      0.52949      0.12746      0.40203
     -1.57000      0.43465      0.10478      0.32987
     -1.56000      0.40489      0.09790      0.30699
     -1.55000      0.49758      0.12000      0.37758
     -1.54000      0.49870      0.11989      0.37881
     -1.53000      0.35447      0.08492      0.26955
     -1.52000      0.32941      0.07841      0.25101
     -1.51000      0.47532      0.11267      0.36265
     -1.50000      0.46235      0.10908      0.35327
     -1.49000      0.31855      0.07486      0.24369
     -1.48000      0.31198      0.07331      0.23867
     -1.47000      0.33864      0.07923      0.25941
     -1.46000      0.33745      0.07818      0.25927
     -1.45000      0.36025      0.08308      0.27716
     -1.44000      0.32669      0.07545      0.25124
     -1.43000      0.39611      0.09177      0.30435
     -1.42000      0.67711      0.15717      0.51993
     -1.41000      0.82951      0.19272      0.63679
     -1.40000      0.70730      0.16390      0.54340
     -1.39000      0.58503      0.13485      0.45019
     -1.38000      0.58109      0.13323      0.44786
     -1.37000      0.48755      0.11153      0.37602
     -1.36000      0.38007      0.08646      0.29360
     -1.35000      0.47145      0.10591      0.36554
     -1.34000      0.57335      0.12800      0.44535
     -1.33000      0.53574      0.11942      0.41631
     -1.32000      0.45343      0.10097      0.35246
     -1.31000      0.40508      0.08971      0.31537
     -1.30000      0.38626      0.08507      0.30119
     -1.29000      0.34119      0.07529      0.26590
     -1.28000      0.45513      0.10067      0.35445
     -1.27000      0.67985      0.14982      0.53003
     -1.26000      0.69541      0.15242      0.54300
     -1.25000      0.60002      0.13059      0.46942
     -1.24000      0.54210      0.11698      0.42512
     -1.23000      0.50750      0.10917      0.39833
     -1.22000      0.38350      0.08219      0.30131
     -1.21000      0.44960      0.09540      0.35420
     -1.20000      0.55382      0.11687      0.43695
     -1.19000      0.42948      0.09018      0.33930
     -1.18000      0.33061      0.06927      0.26134
     -1.17000      0.37676      0.07841      0.29835
     -1.16000      0.46642      0.09625      0.37017
     -1.15000      0.65686      0.13639      0.52047
     -1.14000      0.98854      0.20759      0.78095
     -1.13000      1.03228      0.21745      0.81483
     -1.12000      0.87232      0.18239      0.68993
     -1.11000      0.80677      0.16659      0.64018
     -1.10000      0.80257      0.16374      0.63884
     -1.09000      0.76062      0.15377      0.60685
     -1.08000      0.73692      0.14791      0.58901
     -1.07000      0.70007      0.13956      0.56050
     -1.06000      0.70125      0.13850      0.56275
     -1.05000      0.75789      0.14830      0.60959
     -1.04000      0.79774      0.15476      0.64298
     -1.03000      0.88577      0.17040      0.71537
     -1.02000      1.09444      0.20966      0.88479
     -1.01000      1.24185      0.23928      1.00257
     -1.00000      0.97409      0.19022      0.78387
     -0.99000      0.65755      0.12911      0.52844
     -0.98000      0.59711      0.11564      0.48146
     -0.97000      0.70200      0.13384      0.56816
     -0.96000      0.73170      0.13814      0.59356
     -0.95000      0.49934      0.09342      0.40592
     -0.94000      0.29110      0.05364      0.23746
     -0.93000      0.23644      0.04310      0.19334
     -0.92000      0.25245      0.04587      0.20658
     -0.91000      0.32362      0.05873      0.26489
     -0.90000      0.52733      0.09628      0.43105
     -0.89000      1.08892      0.20235      0.88657
     -0.88000      1.84508      0.34719      1.49790
     -0.87000      1.66176      0.31342      1.34834
     -0.86000      0.73826      0.13781      0.60045
     -0.85000      0.28477      0.05130      0.23347
     -0.84000      0.17675      0.03109      0.14566
     -0.83000      0.20230      0.03529      0.16701
     -0.82000      0.26292      0.04586      0.21705
     -0.81000      0.25866      0.04507      0.21359
     -0.80000      0.29569      0.05141      0.24428
     -0.79000      0.33229      0.05797      0.27433
     -0.78000      0.41488      0.07274      0.34213
     -0.77000      0.62784      0.11083      0.51701
     -0.76000      0.78563      0.13893      0.64669
     -0.75000      0.65402      0.11443      0.53959
     -0.74000      0.34919      0.05994      0.28926
     -0.73000      0.22302      0.03761      0.18541
     -0.72000      0.23581      0.03950      0.19631
     -0.71000      0.29186      0.04865      0.24321
     -0.70000      0.35390      0.05883      0.29508
     -0.69000      0.43410      0.07202      0.36208
     -0.68000      0.48499      0.08046      0.40453
     -0.67000      0.56546      0.09387      0.47160
     -0.66000      0.70345      0.11738      0.58607
     -0.65000      0.84302      0.14149      0.70153
     -0.64000      0.81115      0.13531      0.67584
     -0.63000      0.50584      0.08281      0.42303
     -0.62000      0.20169      0.03228      0.16941
     -0.61000      0.11860      0.01862      0.09998
     -0.60000      0.23800      0.03716      0.20084
     -0.59000      0.28896      0.04493      0.24403
     -0.58000      0.28727      0.04425      0.24302
     -0.57000      0.40363      0.06200      0.34162
     -0.56000      0.39399      0.06072      0.33327
     -0.55000      0.35459      0.05496      0.29963
     -0.54000      0.43899      0.06787      0.37112
     -0.53000      0.41274      0.06322      0.34952
     -0.52000      0.29894      0.04492      0.25402
     -0.51000      0.25420      0.03756      0.21664
     -0.50000      0.29536      0.04319      0.25217
     -0.49000      0.35595      0.05180      0.30415
     -0.48000      0.37656      0.05450      0.32206
     -0.47000      0.38394      0.05544      0.32850
     -0.46000      0.36558      0.05294      0.31263
     -0.45000      0.46962      0.06777      0.40185
     -0.44000      0.68305      0.09762      0.58543
     -0.43000      0.61482      0.08721      0.52760
     -0.42000      0.25132      0.03544      0.21589
     -0.41000      0.08463      0.01159      0.07303
     -0.40000      0.18066      0.02423      0.15643
     -0.39000      0.30122      0.04034      0.26088
     -0.38000      0.30184      0.04006      0.26178
     -0.37000      0.33356      0.04383      0.28974
     -0.36000      0.37696      0.04960      0.32735
     -0.35000      0.32818      0.04323      0.28494
     -0.34000      0.28662      0.03735      0.24927
     -0.33000      0.25748      0.03291      0.22457
     -0.32000      0.22578      0.02838      0.19740
     -0.31000      0.24148      0.03005      0.21143
     -0.30000      0.30793      0.03791      0.27001
     -0.29000      0.39406      0.04812      0.34594
     -0.28000      0.46915      0.05686      0.41229
     -0.27000      0.50196      0.06062      0.44134
     -0.26000      0.35665      0.04301      0.31364
     -0.25000      0.21334      0.02518      0.18815
     -0.24000      0.26533      0.03045      0.23488
     -0.23000      0.24536      0.02802      0.21734
     -0.22000      0.13311      0.01502      0.11809
     -0.21000      0.20811      0.02300      0.18511
     -0.20000      0.34822      0.03828      0.30995
     -0.19000      0.35331      0.03839      0.31493
     -0.18000      0.32220      0.03445      0.28775
     -0.17000      0.24437      0.02586      0.21851
     -0.16000      0.19985      0.02079      0.17906
     -0.15000      0.28109      0.02876      0.25233
     -0.14000      0.38403      0.03889      0.34514
     -0.13000      0.36517      0.03663      0.32854
     -0.12000      0.26829      0.02645      0.24183
     -0.11000      0.21811      0.02101      0.19710
     -0.10000      0.22434      0.02121      0.20313
     -0.09000      0.24669      0.02299      0.22369
     -0.08000      0.25341      0.02329      0.23012
     -0.07000      0.22525      0.02032      0.20493
     -0.06000      0.26085      0.02295      0.23790
     -0.05000      0.34375      0.02981      0.31395
     -0.04000      0.30028      0.02577      0.27451
     -0.03000      0.19972      0.01675      0.18297
     -0.02000      0.21191      0.01726      0.19465
     -0.01000      0.22433      0.01803      0.20630
      0.00000      0.13726      0.01096      0.12630
      0.01000      0.03887      0.00309      0.03578
      0.02000      0.00443      0.00035      0.00408
      0.03000      0.00019      0.00002      0.00018
      0.04000      0.00000      0.00000      0.00000
      0.05000      0.00000      0.00000      0.00000
      0.06000      0.00000      0.00000      0.00000
      0.07000      0.00000      0.00000      0.00000
      0.08000      0.00000      0.00000      0.00000
      0.09000      0.00000      0.00000      0.00000
      0.10000      0.00000      0.00000      0.00000
      0.11000      0.00000      0.00000      0.00000
      0.12000      0.00000      0.00000      0.00000
      0.13000      0.00000      0.00000      0.00000
      0.14000      0.00000      0.00000      0.00000
      0.15000      0.00000      0.00000      0.00000
      0.16000      0.00000      0.00000      0.00000
      0.17000      0.00000      0.00000      0.00000
      0.18000      0.00000      0.00000      0.00000
      0.19000      0.00000      0.00000      0.00000
      0.20000      0.00000      0.00000      0.00000
      0.21000      0.00000      0.00000      0.00000
      0.22000      0.00000      0.00000      0.00000
      0.23000      0.00000      0.00000      0.00000
      0.24000      0.00000      0.00000      0.00000
      0.25000      0.00000      0.00000      0.00000
      0.26000      0.00000      0.00000      0.00000
      0.27000      0.00000      0.00000      0.00000
      0.28000      0.00000      0.00000      0.00000
      0.29000      0.00000      0.00000      0.00000
      0.30000      0.00000      0.00000      0.00000
      0.31000      0.00000      0.00000      0.00000
      0.32000      0.00000      0.00000      0.00000
      0.33000      0.00000      0.00000      0.00000
      0.34000      0.00000      0.00000      0.00000
      0.35000      0.00000      0.00000      0.00000
      0.36000      0.00000      0.00000      0.00000
      0.37000      0.00000      0.00000      0.00000
      0.38000      0.00000      0.00000      0.00000
      0.39000      0.00000      0.00000      0.00000
      0.40000      0.00000      0.00000      0.00000
      0.41000      0.00000      0.00000      0.00000
      0.42000      0.00000      0.00000      0.00000
      0.43000      0.00000      0.00000      0.00000
      0.44000      0.00000      0.00000      0.00000
      0.45000      0.00000      0.00000      0.00000
      0.46000      0.00000      0.00000      0.00000
      0.47000      0.00000      0.00000      0.00000
      0.48000      0.00000      0.00000      0.00000
      0.49000      0.00000      0.00000      0.00000
      0.50000      0.00000      0.00000      0.00000
      0.51000      0.00000      0.00000      0.00000
      0.52000      0.00000      0.00000      0.00000
      0.53000      0.00000      0.00000      0.00000
      0.54000      0.00000      0.00000      0.00000
      0.55000      0.00000      0.00000      0.00000
      0.56000      0.00000      0.00000      0.00000
      0.57000      0.00000      0.00000      0.00000
      0.58000      0.00000      0.00000      0.00000
      0.59000      0.00000      0.00000      0.00000
      0.60000      0.00000      0.00000      0.00000
      0.61000      0.00000      0.00000      0.00000
      0.62000      0.00000      0.00000      0.00000
      0.63000      0.00000      0.00000      0.00000
      0.64000      0.00000      0.00000      0.00000
      0.65000      0.00000      0.00000      0.00000
      0.66000      0.00000      0.00000      0.00000
      0.67000      0.00000      0.00000      0.00000
      0.68000      0.00000      0.00000      0.00000
      0.69000      0.00000      0.00000      0.00000
      0.70000      0.00000      0.00000      0.00000
      0.71000      0.00000      0.00000      0.00000
      0.72000      0.00000      0.00000      0.00000
      0.73000      0.00000      0.00000      0.00000
      0.74000      0.00000      0.00000      0.00000
      0.75000      0.00000      0.00000      0.00000
      0.76000      0.00000      0.00000      0.00000
      0.77000      0.00000      0.00000      0.00000
      0.78000      0.00000      0.00000      0.00000
      0.79000      0.00000      0.00000      0.00000
      0.80000      0.00000      0.00000      0.00000
      0.81000      0.00000      0.00000      0.00000
      0.82000      0.00000      0.00000      0.00000
      0.83000      0.00000      0.00000      0.00000
      0.84000      0.00000      0.00000      0.00000
      0.85000      0.00000      0.00000      0.00000
      0.86000      0.00000      0.00000      0.00000
      0.87000      0.00000      0.00000      0.00000
      0.88000      0.00000      0.00000      0.00000
      0.89000      0.00000      0.00000      0.00000
      0.90000      0.00000      0.00000      0.00000
      0.91000      0.00000      0.00000      0.00000
      0.92000      0.00000      0.00000      0.00000
      0.93000      0.00000      0.00000      0.00000
      0.94000      0.00000      0.00000      0.00000
      0.95000      0.00000      0.00000      0.00000
      0.96000      0.00000      0.00000      0.00000
      0.97000      0.00000      0.00000      0.00000
      0.98000      0.00000      0.00000      0.00000
      0.99000      0.00000      0.00000      0.00000
      1.00000      0.00000      0.00000      0.00000
      1.01000      0.00000      0.00000      0.00000
      1.02000      0.00000      0.00000      0.00000
      1.03000      0.00000      0.00000      0.00000
      1.04000      0.00000      0.00000      0.00000
      1.05000      0.00000      0.00000      0.00000
      1.06000      0.00000      0.00000      0.00000
      1.07000      0.00000      0.00000      0.00000
      1.08000      0.00000      0.00000      0.00000
      1.09000      0.00000      0.00000      0.00000
      1.10000      0.00000      0.00000      0.00000
      1.11000      0.00000      0.00000      0.00000
      1.12000      0.00000      0.00000      0.00000
      1.13000      0.00000      0.00000      0.00000
      1.14000      0.00000      0.00000      0.00000
      1.15000      0.00000      0.00000      0.00000
      1.16000      0.00000      0.00000      0.00000
      1.17000      0.00000      0.00000      0.00000
      1.18000      0.00000      0.00000      0.00000
      1.19000      0.00000      0.00000      0.00000
      1.20000      0.00000      0.00000      0.00000
      1.21000      0.00000      0.00000      0.00000
      1.22000      0.00000      0.00000      0.00000
      1.23000      0.00000      0.00000      0.00000
      1.24000      0.00000      0.00000      0.00000
      1.25000      0.00000      0.00000      0.00000
      1.26000      0.00000      0.00000      0.00000
      1.27000      0.00000      0.00000      0.00000
      1.28000      0.00000      0.00000      0.00000
      1.29000      0.00000      0.00000      0.00000
      1.30000      0.00000      0.00000      0.00000
      1.31000      0.00000      0.00000      0.00000
      1.32000      0.00000      0.00000      0.00000
      1.33000      0.00000      0.00000      0.00000
      1.34000      0.00000      0.00000      0.00000
      1.35000      0.00000      0.00000      0.00000
      1.36000      0.00000      0.00000      0.00000
      1.37000      0.00000      0.00000      0.00000
      1.38000      0.00000      0.00000      0.00000
      1.39000      0.00000      0.00000      0.00000
      1.40000      0.00000      0.00000      0.00000
      1.41000      0.00000      0.00000      0.00000
      1.42000      0.00000      0.00000      0.00000
      1.43000      0.00000      0.00000      0.00000
      1.44000      0.00000      0.00000      0.00000
      1.45000      0.00000      0.00000      0.00000
      1.46000      0.00000      0.00000      0.00000
      1.47000      0.00000      0.00000      0.00000
      1.48000      0.00000      0.00000      0.00000
      1.49000      0.00000      0.00000      0.00000
      1.50000      0.00000      0.00000      0.00000
      1.51000      0.00000      0.00000      0.00000
      1.52000      0.00000      0.00000      0.00000
      1.53000      0.00000      0.00000      0.00000
      1.54000      0.00000      0.00000      0.00000
      1.55000      0.00000      0.00000      0.00000
      1.56000      0.00000      0.00000      0.00000
      1.57000      0.00000      0.00000      0.00000
      1.58000      0.00000      0.00000      0.00000
      1.59000      0.00000      0.00000      0.00000
      1.60000      0.00000      0.00000      0.00000
      1.61000      0.00000      0.00000      0.00000
      1.62000      0.00000      0.00000      0.00000
      1.63000      0.00000      0.00000      0.00000
      1.64000      0.00000      0.00000      0.00000
      1.65000      0.00000      0.00000      0.00000
      1.66000      0.00000      0.00000      0.00000
      1.67000      0.00000      0.00000      0.00000
      1.68000      0.00000      0.00000      0.00000
      1.69000      0.00000      0.00000      0.00000
      1.70000      0.00000      0.00000      0.00000
      1.71000      0.00000      0.00000      0.00000
      1.72000      0.00000      0.00000      0.00000
      1.73000      0.00000      0.00000      0.00000
      1.74000      0.00000      0.00000      0.00000
      1.75000      0.00000      0.00000      0.00000
      1.76000      0.00000      0.00000      0.00000
      1.77000      0.00000      0.00000      0.00000
      1.78000      0.00000      0.00000      0.00000
      1.79000      0.00000      0.00000      0.00000
      1.80000      0.00000      0.00000      0.00000
      1.81000      0.00000      0.00000      0.00000
      1.82000      0.00000      0.00000      0.00000
      1.83000      0.00000      0.00000      0.00000
      1.84000      0.00000      0.00000      0.00000
      1.85000      0.00000      0.00000      0.00000
      1.86000      0.00000      0.00000      0.00000
      1.87000      0.00000      0.00000      0.00000
      1.88000      0.00000      0.00000      0.00000
      1.89000      0.00000      0.00000      0.00000
      1.90000      0.00000      0.00000      0.00000
      1.91000      0.00000      0.00000      0.00000
      1.92000      0.00000      0.00000      0.00000
      1.93000      0.00000      0.00000      0.00000
      1.94000      0.00000      0.00000      0.00000
      1.95000      0.00000      0.00000      0.00000
      1.96000      0.00000      0.00000      0.00000
      1.97000      0.00000      0.00000      0.00000
      1.98000      0.00000      0.00000      0.00000
      1.99000      0.00000      0.00000      0.00000
      2.00000      0.00000      0.00000      0.00000
      2.01000      0.00000      0.00000      0.00000
      2.02000      0.00000      0.00000      0.00000
      2.03000      0.00000      0.00000      0.00000
      2.04000      0.00000      0.00000      0.00000
      2.05000      0.00000      0.00000      0.00000
      2.06000      0.00000      0.00000      0.00000
      2.07000      0.00000      0.00000      0.00000
      2.08000      0.00000      0.00000      0.00000
      2.09000      0.00000      0.00000      0.00000
      2.10000      0.00000      0.00000      0.00000
      2.11000      0.00000      0.00000      0.00000
      2.12000      0.00000      0.00000      0.00000
      2.13000      0.00000      0.00000      0.00000
      2.14000      0.00000      0.00000      0.00000
      2.15000      0.00000      0.00000      0.00000
      2.16000      0.00000      0.00000      0.00000
      2.17000      0.00000      0.00000      0.00000
      2.18000      0.00000      0.00000      0.00000
      2.19000      0.00000      0.00000      0.00000
      2.20000      0.00000      0.00000      0.00000
      2.21000      0.00000      0.00000      0.00000
      2.22000      0.00000      0.00000      0.00000
      2.23000      0.00000      0.00000      0.00000
      2.24000      0.00000      0.00000      0.00000
      2.25000      0.00000      0.00000      0.00000
      2.26000      0.00000      0.00000      0.00000
      2.27000      0.00000      0.00000      0.00000
      2.28000      0.00000      0.00000      0.00000
      2.29000      0.00000      0.00000      0.00000
      2.30000      0.00000      0.00000      0.00000
      2.31000      0.00000      0.00000      0.00000
      2.32000      0.00000      0.00000      0.00000
      2.33000      0.00000      0.00000      0.00000
      2.34000      0.00000      0.00000      0.00000
      2.35000      0.00000      0.00000      0.00000
      2.36000      0.00000      0.00000      0.00000
      2.37000      0.00000      0.00000      0.00000
      2.38000      0.00000      0.00000      0.00000
      2.39000      0.00000      0.00000      0.00000
      2.40000      0.00000      0.00000      0.00000
      2.41000      0.00000      0.00000      0.00000
      2.42000      0.00000      0.00000      0.00000
      2.43000      0.00000      0.00000      0.00000
      2.44000      0.00000      0.00000      0.00000
      2.45000      0.00000      0.00000      0.00000
      2.46000      0.00000      0.00000      0.00000
      2.47000      0.00000      0.00000      0.00000
      2.48000      0.00000      0.00000      0.00000
      2.49000      0.00000      0.00000      0.00000
      2.50000      0.00000      0.00000      0.00000
      2.51000      0.00000      0.00000      0.00000
      2.52000      0.00000      0.00000      0.00000
      2.53000      0.00000      0.00000      0.00000
      2.54000      0.00000      0.00000      0.00000
      2.55000      0.00000      0.00000      0.00000
      2.56000      0.00000      0.00000      0.00000
      2.57000      0.00000      0.00000      0.00000
      2.58000      0.00000      0.00000      0.00000
      2.59000      0.00000      0.00000      0.00000
      2.60000      0.00000      0.00000      0.00000
      2.61000      0.00000      0.00000      0.00000
      2.62000      0.00000      0.00000      0.00000
      2.63000      0.00000      0.00000      0.00000
      2.64000      0.00000      0.00000      0.00000
      2.65000      0.00000      0.00000      0.00000
      2.66000      0.00000      0.00000      0.00000
      2.67000      0.00000      0.00000      0.00000
      2.68000      0.00000      0.00000      0.00000
      2.69000      0.00000      0.00000      0.00000
      2.70000      0.00000      0.00000      0.00000
      2.71000      0.00000      0.00000      0.00000
      2.72000      0.00000      0.00000      0.00000
      2.73000      0.00000      0.00000      0.00000
      2.74000      0.00000      0.00000      0.00000
      2.75000      0.00000      0.00000      0.00000
      2.76000      0.00000      0.00000      0.00000
      2.77000      0.00000      0.00000      0.00000
      2.78000      0.00000      0.00000      0.00000
      2.79000      0.00000      0.00000      0.00000
      2.80000      0.00000      0.00000      0.00000
      2.81000      0.00000      0.00000      0.00000
      2.82000      0.00000      0.00000      0.00000
      2.83000      0.00000      0.00000      0.00000
      2.84000      0.00000      0.00000      0.00000
      2.85000      0.00000      0.00000      0.00000
      2.86000      0.00000      0.00000      0.00000
      2.87000      0.00000      0.00000      0.00000
      2.88000      0.00000      0.00000      0.00000
      2.89000      0.00000      0.00000      0.00000
      2.90000      0.00000      0.00000      0.00000
      2.91000      0.00000      0.00000      0.00000
      2.92000      0.00000      0.00000      0.00000
      2.93000      0.00000      0.00000      0.00000
      2.94000      0.00000      0.00000      0.00000
      2.95000      0.00000      0.00000      0.00000
      2.96000      0.00000      0.00000      0.00000
      2.97000      0.00000      0.00000      0.00000
      2.98000      0.00000      0.00000      0.00000
      2.99000      0.00000      0.00000      0.00000
      3.00000      0.00000      0.00000      0.00000
      3.01000      0.00000      0.00000      0.00000
      3.02000      0.00000      0.00000      0.00000
      3.03000      0.00000      0.00000      0.00000
      3.04000      0.00000      0.00000      0.00000
      3.05000      0.00000      0.00000      0.00000
      3.06000      0.00000      0.00000      0.00000
      3.07000      0.00000      0.00000      0.00000
      3.08000      0.00000      0.00000      0.00000
      3.09000      0.00000      0.00000      0.00000
      3.10000      0.00000      0.00000      0.00000
      3.11000      0.00000      0.00000      0.00000
      3.12000      0.00000      0.00000      0.00000
      3.13000      0.00000      0.00000      0.00000
      3.14000      0.00000      0.00000      0.00000
      3.15000      0.00000      0.00000      0.00000
      3.16000      0.00000      0.00000      0.00000
      3.17000      0.00000      0.00000      0.00000
      3.18000      0.00000      0.00000      0.00000
      3.19000      0.00000      0.00000      0.00000
      3.20000      0.00000      0.00000      0.00000
      3.21000      0.00000      0.00000      0.00000
      3.22000      0.00000      0.00000      0.00000
      3.23000      0.00000      0.00000      0.00000
      3.24000      0.00000      0.00000      0.00000
      3.25000      0.00000      0.00000      0.00000
      3.26000      0.00000      0.00000      0.00000
      3.27000      0.00000      0.00000      0.00000
      3.28000      0.00000      0.00000      0.00000
      3.29000      0.00000      0.00000      0.00000
      3.30000      0.00000      0.00000      0.00000
      3.31000      0.00000      0.00000      0.00000
      3.32000      0.00000      0.00000      0.00000
      3.33000      0.00000      0.00000      0.00000
      3.34000      0.00000      0.00000      0.00000
      3.35000      0.00000      0.00000      0.00000
      3.36000      0.00000      0.00000      0.00000
      3.37000      0.00000      0.00000      0.00000
      3.38000      0.00000      0.00000      0.00000
      3.39000      0.00000      0.00000      0.00000
      3.40000      0.00000      0.00000      0.00000
      3.41000      0.00000      0.00000      0.00000
      3.42000      0.00000      0.00000      0.00000
      3.43000      0.00000      0.00000      0.00000
      3.44000      0.00000      0.00000      0.00000
      3.45000      0.00000      0.00000      0.00000
      3.46000      0.00000      0.00000      0.00000
      3.47000      0.00000      0.00000      0.00000
      3.48000      0.00000      0.00000      0.00000
      3.49000      0.00000      0.00000      0.00000
      3.50000      0.00000      0.00000      0.00000
      3.51000      0.00000      0.00000      0.00000
      3.52000      0.00000      0.00000      0.00000
      3.53000      0.00000      0.00000      0.00000
      3.54000      0.00000      0.00000      0.00000
      3.55000      0.00000      0.00000      0.00000
      3.56000      0.00000      0.00000      0.00000
      3.57000      0.00000      0.00000      0.00000
      3.58000      0.00000      0.00000      0.00000
      3.59000      0.00000      0.00000      0.00000
      3.60000      0.00000      0.00000      0.00000
      3.61000      0.00000      0.00000      0.00000
      3.62000      0.00000      0.00000      0.00000
      3.63000      0.00000      0.00000      0.00000
      3.64000      0.00000      0.00000      0.00000
      3.65000      0.00000      0.00000      0.00000
      3.66000      0.00000      0.00000      0.00000
      3.67000      0.00000      0.00000      0.00000
      3.68000      0.00000      0.00000      0.00000
      3.69000      0.00000      0.00000      0.00000
      3.70000      0.00000      0.00000      0.00000
      3.71000      0.00000      0.00000      0.00000
      3.72000      0.00000      0.00000      0.00000
      3.73000      0.00000      0.00000      0.00000
      3.74000      0.00000      0.00000      0.00000
      3.75000      0.00000      0.00000      0.00000
      3.76000      0.00000      0.00000      0.00000
      3.77000      0.00000      0.00000      0.00000
      3.78000      0.00000      0.00000      0.00000
      3.79000      0.00000      0.00000      0.00000
      3.80000      0.00000      0.00000      0.00000
      3.81000      0.00000      0.00000      0.00000
      3.82000      0.00000      0.00000      0.00000
      3.83000      0.00000      0.00000      0.00000
      3.84000      0.00000      0.00000      0.00000
      3.85000      0.00000      0.00000      0.00000
      3.86000      0.00000      0.00000      0.00000
      3.87000      0.00000      0.00000      0.00000
      3.88000      0.00000      0.00000      0.00000
      3.89000      0.00000      0.00000      0.00000
      3.90000      0.00000      0.00000      0.00000
      3.91000      0.00000      0.00000      0.00000
      3.92000      0.00000      0.00000      0.00000
      3.93000      0.00000      0.00000      0.00000
      3.94000      0.00000      0.00000      0.00000
      3.95000      0.00000      0.00000      0.00000
      3.96000      0.00000      0.00000      0.00000
      3.97000      0.00000      0.00000      0.00000
      3.98000      0.00000      0.00000      0.00000
      3.99000      0.00000      0.00000      0.00000
      4.00000      0.00000      0.00000      0.00000
      4.01000      0.00000      0.00000      0.00000
      4.02000      0.00000      0.00000      0.00000
      4.03000      0.00000      0.00000      0.00000
      4.04000      0.00000      0.00000      0.00000
      4.05000      0.00000      0.00000      0.00000
      4.06000      0.00000      0.00000      0.00000
      4.07000      0.00000      0.00000      0.00000
      4.08000      0.00000      0.00000      0.00000
      4.09000      0.00000      0.00000      0.00000
      4.10000      0.00000      0.00000      0.00000
      4.11000      0.00000      0.00000      0.00000
      4.12000      0.00000      0.00000      0.00000
      4.13000      0.00000      0.00000      0.00000
      4.14000      0.00000      0.00000      0.00000
      4.15000      0.00000      0.00000      0.00000
      4.16000      0.00000      0.00000      0.00000
      4.17000      0.00000      0.00000      0.00000
      4.18000      0.00000      0.00000      0.00000
      4.19000      0.00000      0.00000      0.00000
      4.20000      0.00000      0.00000      0.00000
      4.21000      0.00000      0.00000      0.00000
      4.22000      0.00000      0.00000      0.00000
      4.23000      0.00000      0.00000      0.00000
      4.24000      0.00000      0.00000      0.00000
      4.25000      0.00000      0.00000      0.00000
      4.26000      0.00000      0.00000      0.00000
      4.27000      0.00000      0.00000      0.00000
      4.28000      0.00000      0.00000      0.00000
      4.29000      0.00000      0.00000      0.00000
      4.30000      0.00000      0.00000      0.00000
      4.31000      0.00000      0.00000      0.00000
      4.32000      0.00000      0.00000      0.00000
      4.33000      0.00000      0.00000      0.00000
      4.34000      0.00000      0.00000      0.00000
      4.35000      0.00000      0.00000      0.00000
      4.36000      0.00000      0.00000      0.00000
      4.37000      0.00000      0.00000      0.00000
      4.38000      0.00000      0.00000      0.00000
      4.39000      0.00000      0.00000      0.00000
      4.40000      0.00000      0.00000      0.00000
      4.41000      0.00000      0.00000      0.00000
      4.42000      0.00000      0.00000      0.00000
      4.43000      0.00000      0.00000      0.00000
      4.44000      0.00000      0.00000      0.00000
      4.45000      0.00000      0.00000      0.00000
      4.46000      0.00000      0.00000      0.00000
      4.47000      0.00000      0.00000      0.00000
      4.48000      0.00000      0.00000      0.00000
      4.49000      0.00000      0.00000      0.00000
      4.50000      0.00000      0.00000      0.00000
      4.51000      0.00000      0.00000      0.00000
      4.52000      0.00000      0.00000      0.00000
      4.53000      0.00000      0.00000      0.00000
      4.54000      0.00000      0.00000      0.00000
      4.55000      0.00000      0.00000      0.00000
      4.56000      0.00000      0.00000      0.00000
      4.57000      0.00000      0.00000      0.00000
      4.58000      0.00000      0.00000      0.00000
      4.59000      0.00000      0.00000      0.00000
      4.60000      0.00000      0.00000      0.00000
      4.61000      0.00000      0.00000      0.00000
      4.62000      0.00000      0.00000      0.00000
      4.63000      0.00000      0.00000      0.00000
      4.64000      0.00000      0.00000      0.00000
      4.65000      0.00000      0.00000      0.00000
      4.66000      0.00000      0.00000      0.00000
      4.67000      0.00000      0.00000      0.00000
      4.68000      0.00000      0.00000      0.00000
      4.69000      0.00000      0.00000      0.00000
      4.70000      0.00000      0.00000      0.00000
      4.71000      0.00000      0.00000      0.00000
      4.72000      0.00000      0.00000      0.00000
      4.73000      0.00000      0.00000      0.00000
      4.74000      0.00000      0.00000      0.00000
      4.75000      0.00000      0.00000      0.00000
      4.76000      0.00000      0.00000      0.00000
      4.77000      0.00000      0.00000      0.00000
      4.78000      0.00000      0.00000      0.00000
      4.79000      0.00000      0.00000      0.00000
      4.80000      0.00000      0.00000      0.00000
      4.81000      0.00000      0.00000      0.00000
      4.82000      0.00000      0.00000      0.00000
      4.83000      0.00000      0.00000      0.00000
      4.84000      0.00000      0.00000      0.00000
      4.85000      0.00000      0.00000      0.00000
      4.86000      0.00000      0.00000      0.00000
      4.87000      0.00000      0.00000      0.00000
      4.88000      0.00000      0.00000      0.00000
      4.89000      0.00000      0.00000      0.00000
      4.90000      0.00000      0.00000      0.00000
      4.91000      0.00000      0.00000      0.00000
      4.92000      0.00000      0.00000      0.00000
      4.93000      0.00000      0.00000      0.00000
      4.94000      0.00000      0.00000      0.00000
      4.95000      0.00000      0.00000      0.00000
      4.96000      0.00000      0.00000      0.00000
      4.97000      0.00000      0.00000      0.00000
      4.98000      0.00000      0.00000      0.00000
      4.99000      0.00000      0.00000      0.00000
      5.00000      0.00000      0.00000      0.00000
      5.01000      0.00000      0.00000      0.00000
      5.02000      0.00000      0.00000      0.00000
      5.03000      0.00000      0.00000      0.00000
      5.04000      0.00000      0.00000      0.00000
      5.05000      0.00000      0.00000      0.00000
      5.06000      0.00000      0.00000      0.00000
      5.07000      0.00000      0.00000      0.00000
      5.08000      0.00000      0.00000      0.00000
      5.09000      0.00000      0.00000      0.00000
      5.10000      0.00000      0.00000      0.00000
      5.11000      0.00000      0.00000      0.00000
      5.12000      0.00000      0.00000      0.00000
      5.13000      0.00000      0.00000      0.00000
      5.14000      0.00000      0.00000      0.00000
      5.15000      0.00000      0.00000      0.00000
      5.16000      0.00000      0.00000      0.00000
      5.17000      0.00000      0.00000      0.00000
      5.18000      0.00000      0.00000      0.00000
      5.19000      0.00000      0.00000      0.00000
      5.20000      0.00000      0.00000      0.00000
      5.21000      0.00000      0.00000      0.00000
      5.22000      0.00000      0.00000      0.00000
      5.23000      0.00000      0.00000      0.00000
      5.24000      0.00000      0.00000      0.00000
      5.25000      0.00000      0.00000      0.00000
      5.26000      0.00000      0.00000      0.00000
      5.27000      0.00000      0.00000      0.00000
      5.28000      0.00000      0.00000      0.00000
      5.29000      0.00000      0.00000      0.00000
      5.30000      0.00000      0.00000      0.00000
      5.31000      0.00000      0.00000      0.00000
      5.32000      0.00000      0.00000      0.00000
      5.33000      0.00000      0.00000      0.00000
      5.34000      0.00000      0.00000      0.00000
      5.35000      0.00000      0.00000      0.00000
      5.36000      0.00000      0.00000      0.00000
      5.37000      0.00000      0.00000      0.00000
      5.38000      0.00000      0.00000      0.00000
      5.39000      0.00000      0.00000      0.00000
      5.40000      0.00000      0.00000      0.00000
      5.41000      0.00000      0.00000      0.00000
      5.42000      0.00000      0.00000      0.00000
      5.43000      0.00000      0.00000      0.00000
      5.44000      0.00000      0.00000      0.00000
      5.45000      0.00000      0.00000      0.00000
      5.46000      0.00000      0.00000      0.00000
      5.47000      0.00000      0.00000      0.00000
      5.48000      0.00000      0.00000      0.00000
      5.49000      0.00000      0.00000      0.00000
      5.50000      0.00000      0.00000      0.00000
      5.51000      0.00000      0.00000      0.00000
      5.52000      0.00000      0.00000      0.00000
      5.53000      0.00000      0.00000      0.00000
      5.54000      0.00000      0.00000      0.00000
      5.55000      0.00000      0.00000      0.00000
      5.56000      0.00000      0.00000      0.00000
      5.57000      0.00000      0.00000      0.00000
      5.58000      0.00000      0.00000      0.00000
      5.59000      0.00000      0.00000      0.00000
      5.60000      0.00000      0.00000      0.00000
      5.61000      0.00000      0.00000      0.00000
      5.62000      0.00000      0.00000      0.00000
      5.63000      0.00000      0.00000      0.00000
      5.64000      0.00000      0.00000      0.00000
      5.65000      0.00000      0.00000      0.00000
      5.66000      0.00000      0.00000      0.00000
      5.67000      0.00000      0.00000      0.00000
      5.68000      0.00000      0.00000      0.00000
      5.69000      0.00000      0.00000      0.00000
      5.70000      0.00000      0.00000      0.00000
      5.71000      0.00000      0.00000      0.00000
      5.72000      0.00000      0.00000      0.00000
      5.73000      0.00000      0.00000      0.00000
      5.74000      0.00000      0.00000      0.00000
      5.75000      0.00000      0.00000      0.00000
      5.76000      0.00000      0.00000      0.00000
      5.77000      0.00000      0.00000      0.00000
      5.78000      0.00000      0.00000      0.00000
      5.79000      0.00000      0.00000      0.00000
      5.80000      0.00000      0.00000      0.00000
      5.81000      0.00000      0.00000      0.00000
      5.82000      0.00000      0.00000      0.00000
      5.83000      0.00000      0.00000      0.00000
      5.84000      0.00000      0.00000      0.00000
      5.85000      0.00000      0.00000      0.00000
      5.86000      0.00000      0.00000      0.00000
      5.87000      0.00000      0.00000      0.00000
      5.88000      0.00000      0.00000      0.00000
      5.89000      0.00000      0.00000      0.00000
      5.90000      0.00000      0.00000      0.00000
      5.91000      0.00000      0.00000      0.00000
      5.92000      0.00000      0.00000      0.00000
      5.93000      0.00000      0.00000      0.00000
      5.94000      0.00000      0.00000      0.00000
      5.95000      0.00000      0.00000      0.00000
      5.96000      0.00000      0.00000      0.00000
      5.97000      0.00000      0.00000      0.00000
      5.98000      0.00000      0.00000      0.00000
      5.99000      0.00000      0.00000      0.00000
      6.00000      0.00000      0.00000      0.00000
      6.01000      0.00000      0.00000      0.00000
      6.02000      0.00000      0.00000      0.00000
      6.03000      0.00000      0.00000      0.00000
      6.04000      0.00000      0.00000      0.00000
      6.05000      0.00000      0.00000      0.00000
      6.06000      0.00000      0.00000      0.00000
      6.07000      0.00000      0.00000      0.00000
      6.08000      0.00000      0.00000      0.00000
      6.09000      0.00000      0.00000      0.00000
      6.10000      0.00000      0.00000      0.00000
      6.11000      0.00000      0.00000      0.00000
      6.12000      0.00000      0.00000      0.00000
      6.13000      0.00000      0.00000      0.00000
      6.14000      0.00000      0.00000      0.00000
      6.15000      0.00000      0.00000      0.00000
      6.16000      0.00000      0.00000      0.00000
      6.17000      0.00000      0.00000      0.00000
      6.18000      0.00000      0.00000      0.00000
      6.19000      0.00000      0.00000      0.00000
      6.20000      0.00000      0.00000      0.00000
      6.21000      0.00000      0.00000      0.00000
      6.22000      0.00000      0.00000      0.00000
      6.23000      0.00000      0.00000      0.00000
      6.24000      0.00000      0.00000      0.00000
      6.25000      0.00000      0.00000      0.00000
      6.26000      0.00000      0.00000      0.00000
      6.27000      0.00000      0.00000      0.00000
      6.28000      0.00000      0.00000      0.00000
      6.29000      0.00000      0.00000      0.00000
      6.30000      0.00000      0.00000      0.00000
      6.31000      0.00000      0.00000      0.00000
      6.32000      0.00000      0.00000      0.00000
      6.33000      0.00000      0.00000      0.00000
      6.34000      0.00000      0.00000      0.00000
      6.35000      0.00000      0.00000      0.00000
      6.36000      0.00000      0.00000      0.00000
      6.37000      0.00000      0.00000      0.00000
      6.38000      0.00000      0.00000      0.00000
      6.39000      0.00000      0.00000      0.00000
      6.40000      0.00000      0.00000      0.00000
      6.41000      0.00000      0.00000      0.00000
      6.42000      0.00000      0.00000      0.00000
      6.43000      0.00000      0.00000      0.00000
      6.44000      0.00000      0.00000      0.00000
      6.45000      0.00000      0.00000      0.00000
      6.46000      0.00000      0.00000      0.00000
      6.47000      0.00000      0.00000      0.00000
      6.48000      0.00000      0.00000      0.00000
      6.49000      0.00000      0.00000      0.00000
      6.50000      0.00000      0.00000      0.00000
      6.51000      0.00000      0.00000      0.00000
      6.52000      0.00000      0.00000      0.00000
      6.53000      0.00000      0.00000      0.00000
      6.54000      0.00000      0.00000      0.00000
      6.55000      0.00000      0.00000      0.00000
      6.56000      0.00000      0.00000      0.00000
      6.57000      0.00000      0.00000      0.00000
      6.58000      0.00000      0.00000      0.00000
      6.59000      0.00000      0.00000      0.00000
      6.60000      0.00000      0.00000      0.00000
      6.61000      0.00000      0.00000      0.00000
      6.62000      0.00000      0.00000      0.00000
      6.63000      0.00000      0.00000      0.00000
      6.64000      0.00000      0.00000      0.00000
      6.65000      0.00000      0.00000      0.00000
      6.66000      0.00000      0.00000      0.00000
      6.67000      0.00000      0.00000      0.00000
      6.68000      0.00000      0.00000      0.00000
      6.69000      0.00000      0.00000      0.00000
      6.70000      0.00000      0.00000      0.00000
      6.71000      0.00000      0.00000      0.00000
      6.72000      0.00000      0.00000      0.00000
      6.73000      0.00000      0.00000      0.00000
      6.74000      0.00000      0.00000      0.00000
      6.75000      0.00000      0.00000      0.00000
      6.76000      0.00000      0.00000      0.00000
      6.77000      0.00000      0.00000      0.00000
      6.78000      0.00000      0.00000      0.00000
      6.79000      0.00000      0.00000      0.00000
      6.80000      0.00000      0.00000      0.00000
      6.81000      0.00000      0.00000      0.00000
      6.82000      0.00000      0.00000      0.00000
      6.83000      0.00000      0.00000      0.00000
      6.84000      0.00000      0.00000      0.00000
      6.85000      0.00000      0.00000      0.00000
      6.86000      0.00000      0.00000      0.00000
      6.87000      0.00000      0.00000      0.00000
      6.88000      0.00000      0.00000      0.00000
      6.89000      0.00000      0.00000      0.00000
      6.90000      0.00000      0.00000      0.00000
      6.91000      0.00000      0.00000      0.00000
      6.92000      0.00000      0.00000      0.00000
      6.93000      0.00000      0.00000      0.00000
      6.94000      0.00000      0.00000      0.00000
      6.95000      0.00000      0.00000      0.00000
      6.96000      0.00000      0.00000      0.00000
      6.97000      0.00000      0.00000      0.00000
      6.98000      0.00000      0.00000      0.00000
      6.99000      0.00000      0.00000      0.00000
      7.00000      0.00000      0.00000      0.00000
      7.01000      0.00000      0.00000      0.00000
      7.02000      0.00000      0.00000      0.00000
      7.03000      0.00000      0.00000      0.00000
      7.04000      0.00000      0.00000      0.00000
      7.05000      0.00000      0.00000      0.00000
      7.06000      0.00000      0.00000      0.00000
      7.07000      0.00000      0.00000      0.00000
      7.08000      0.00000      0.00000      0.00000
      7.09000      0.00000      0.00000      0.00000
      7.10000      0.00000      0.00000      0.00000
      7.11000      0.00000      0.00000      0.00000
      7.12000      0.00000      0.00000      0.00000
      7.13000      0.00000      0.00000      0.00000
      7.14000      0.00000      0.00000      0.00000
      7.15000      0.00000      0.00000      0.00000
      7.16000      0.00000      0.00000      0.00000
      7.17000      0.00000      0.00000      0.00000
      7.18000      0.00000      0.00000      0.00000
      7.19000      0.00000      0.00000      0.00000
      7.20000      0.00000      0.00000      0.00000
      7.21000      0.00000      0.00000      0.00000
      7.22000      0.00000      0.00000      0.00000
      7.23000      0.00000      0.00000      0.00000
      7.24000      0.00000      0.00000      0.00000
      7.25000      0.00000      0.00000      0.00000
      7.26000      0.00000      0.00000      0.00000
      7.27000      0.00000      0.00000      0.00000
      7.28000      0.00000      0.00000      0.00000
      7.29000      0.00000      0.00000      0.00000
      7.30000      0.00000      0.00000      0.00000
      7.31000      0.00000      0.00000      0.00000
      7.32000      0.00000      0.00000      0.00000
      7.33000      0.00000      0.00000      0.00000
      7.34000      0.00000      0.00000      0.00000
      7.35000      0.00000      0.00000      0.00000
      7.36000      0.00000      0.00000      0.00000
      7.37000      0.00000      0.00000      0.00000
      7.38000      0.00000      0.00000      0.00000
      7.39000      0.00000      0.00000      0.00000
      7.40000      0.00000      0.00000      0.00000
      7.41000      0.00000      0.00000      0.00000
      7.42000      0.00000      0.00000      0.00000
      7.43000      0.00000      0.00000      0.00000
      7.44000      0.00000      0.00000      0.00000
      7.45000      0.00000      0.00000      0.00000
      7.46000      0.00000      0.00000      0.00000
      7.47000      0.00000      0.00000      0.00000
      7.48000      0.00000      0.00000      0.00000
      7.49000      0.00000      0.00000      0.00000
      7.50000      0.00000      0.00000      0.00000
      7.51000      0.00000      0.00000      0.00000
      7.52000      0.00000      0.00000      0.00000
      7.53000      0.00000      0.00000      0.00000
      7.54000      0.00000      0.00000      0.00000
      7.55000      0.00004      0.00003      0.00000
      7.56000      0.00138      0.00123      0.00015
      7.57000      0.01870      0.01667      0.00203
      7.58000      0.10045      0.08950      0.01095
      7.59000      0.23420      0.20852      0.02568
      7.60000      0.29665      0.26367      0.03298
      7.61000      0.32829      0.29086      0.03743
      7.62000      0.40722      0.35983      0.04739
      7.63000      0.42489      0.37456      0.05033
      7.64000      0.38152      0.33515      0.04637
      7.65000      0.39279      0.34389      0.04890
      7.66000      0.38109      0.33280      0.04829
      7.67000      0.28754      0.25025      0.03729
      7.68000      0.30607      0.26498      0.04109
      7.69000      0.58338      0.50439      0.07899
      7.70000      0.75471      0.65150      0.10321
      7.71000      0.59705      0.51285      0.08420
      7.72000      0.40999      0.34865      0.06134
      7.73000      0.46837      0.38960      0.07877
      7.74000      0.92385      0.75181      0.17204
      7.75000      1.27358      1.01629      0.25729
      7.76000      1.29864      1.01659      0.28205
      7.77000      1.68497      1.32026      0.36471
      7.78000      2.23754      1.76521      0.47233
      7.79000      2.28468      1.81357      0.47111
      7.80000      2.08496      1.66494      0.42001
      7.81000      1.78711      1.42675      0.36035
      7.82000      1.28866      1.02098      0.26768
      7.83000      1.02961      0.80261      0.22700
      7.84000      1.11086      0.86007      0.25080
      7.85000      1.09535      0.85231      0.24303
      7.86000      1.11549      0.87441      0.24108
      7.87000      1.12763      0.88855      0.23908
      7.88000      0.89567      0.70568      0.18999
      7.89000      0.68223      0.53482      0.14742
      7.90000      0.66265      0.51813      0.14452
      7.91000      0.74177      0.57927      0.16250
      7.92000      0.86978      0.67146      0.19832
      7.93000      1.03808      0.79709      0.24100
      7.94000      1.12690      0.87072      0.25619
      7.95000      0.99932      0.78182      0.21750
      7.96000      0.80271      0.63846      0.16425
      7.97000      0.72753      0.57539      0.15215
      7.98000      0.59376      0.45683      0.13694
      7.99000      0.50960      0.38577      0.12384
      8.00000      0.48755      0.37359      0.11396
      8.01000      0.40546      0.31636      0.08910
      8.02000      0.44668      0.34518      0.10149
      8.03000      0.79844      0.60391      0.19453
      8.04000      1.20309      0.90931      0.29378
      8.05000      1.11654      0.84892      0.26762
      8.06000      0.61319      0.47086      0.14232
      8.07000      0.27723      0.21655      0.06068
      8.08000      0.20219      0.15689      0.04530
      8.09000      0.39086      0.29677      0.09409
      8.10000      0.68573      0.51769      0.16804
      8.11000      0.73054      0.55239      0.17816
      8.12000      0.51020      0.39022      0.11998
      8.13000      0.33446      0.26014      0.07432
      8.14000      0.40383      0.31489      0.08894
      8.15000      0.60420      0.46525      0.13895
      8.16000      0.95194      0.71545      0.23649
      8.17000      1.17960      0.87359      0.30601
      8.18000      0.92846      0.68952      0.23893
      8.19000      0.47660      0.35937      0.11723
      8.20000      0.16116      0.12305      0.03811
      8.21000      0.04576      0.03491      0.01086
      8.22000      0.14629      0.11026      0.03603
      8.23000      0.49643      0.37181      0.12462
      8.24000      0.74438      0.55269      0.19169
      8.25000      0.56414      0.41674      0.14740
      8.26000      0.39646      0.29833      0.09813
      8.27000      0.41423      0.31623      0.09801
      8.28000      0.31224      0.23770      0.07454
      8.29000      0.24656      0.18466      0.06190
      8.30000      0.44882      0.33048      0.11834
      8.31000      0.89701      0.65264      0.24437
      8.32000      1.00741      0.72821      0.27920
      8.33000      0.56245      0.40835      0.15410
      8.34000      0.28419      0.21208      0.07211
      8.35000      0.30481      0.22979      0.07502
      8.36000      0.41277      0.31151      0.10127
      8.37000      0.43668      0.33043      0.10625
      8.38000      0.46839      0.35165      0.11674
      8.39000      0.58700      0.43087      0.15613
      8.40000      0.59229      0.42783      0.16446
      8.41000      0.38398      0.27771      0.10628
      8.42000      0.16606      0.12154      0.04453
      8.43000      0.15201      0.11240      0.03961
      8.44000      0.28599      0.21177      0.07422
      8.45000      0.34026      0.25089      0.08937
      8.46000      0.44885      0.32635      0.12250
      8.47000      0.72731      0.52037      0.20694
      8.48000      0.92651      0.65788      0.26863
      8.49000      0.67984      0.48624      0.19377
      8.50000      0.36706      0.27470      0.09595
      8.51000      0.34241      0.30246      0.06817
      8.52000      0.43930      0.47233      0.05273
      8.53000      0.47788      0.53662      0.04862
      8.54000      0.39257      0.40433      0.05569
      8.55000      0.47431      0.42579      0.09581
      8.56000      0.73683      0.64471      0.15975
      8.57000      0.78610      0.72138      0.15774
      8.58000      0.73186      0.77328      0.10099
      8.59000      0.76945      0.88105      0.07445
      8.60000      0.75778      0.87004      0.07197
      8.61000      0.80985      0.92962      0.07823
      8.62000      0.89636      0.99941      0.10070
      8.63000      0.83576      0.83917      0.13423
      8.64000      0.80088      0.67923      0.18446
      8.65000      0.96167      0.71617      0.26779
      8.66000      1.00156      0.74899      0.27624
      8.67000      0.60764      0.51589      0.13694
      8.68000      0.24959      0.27002      0.02837
      8.69000      0.18649      0.24127      0.00317
      8.70000      0.32457      0.40875      0.01053
      8.71000      0.65786      0.76212      0.05085
      8.72000      0.94800      1.03307      0.10220
      8.73000      0.84188      0.87309      0.11175
      8.74000      0.58816      0.53052      0.11862
      8.75000      0.48217      0.36063      0.13465
      8.76000      0.48749      0.35997      0.13600
      8.77000      0.56423      0.48389      0.12199
      8.78000      0.62683      0.65897      0.07606
      8.79000      0.69877      0.80007      0.05345
      8.80000      0.65453      0.72915      0.06046
      8.81000      0.57082      0.56191      0.08909
      8.82000      0.66844      0.61054      0.12739
      8.83000      0.89039      0.81170      0.17204
      8.84000      1.08901      0.98945      0.21317
      8.85000      1.02110      0.98367      0.16898
      8.86000      0.81196      0.83759      0.10356
      8.87000      0.63560      0.63342      0.09212
      8.88000      0.55615      0.51002      0.10343
      8.89000      0.52091      0.48977      0.09068
      8.90000      0.56908      0.54987      0.09062
      8.91000      0.68022      0.64756      0.11297
      8.92000      0.70560      0.68167      0.11303
      8.93000      0.74192      0.70043      0.12959
      8.94000      0.57226      0.49896      0.12303
      8.95000      0.23359      0.18537      0.06020
      8.96000      0.15575      0.11140      0.04614
      8.97000      0.29270      0.21825      0.08156
      8.98000      0.38653      0.32977      0.08605
      8.99000      0.48925      0.45171      0.09147
      9.00000      0.54106      0.49278      0.10503
      9.01000      0.48043      0.41540      0.10570
      9.02000      0.61857      0.49945      0.15572
      9.03000      0.87399      0.70030      0.22279
      9.04000      0.74651      0.59634      0.19060
      9.05000      0.45036      0.36328      0.11182
      9.06000      0.36239      0.34477      0.06088
      9.07000      0.42685      0.45181      0.04735
      9.08000      0.34964      0.34576      0.05224
      9.09000      0.25914      0.21762      0.05965
      9.10000      0.43096      0.37619      0.09178
      9.11000      0.69641      0.67669      0.11158
      9.12000      0.79224      0.79844      0.11141
      9.13000      0.69721      0.65097      0.12615
      9.14000      0.48465      0.39627      0.11833
      9.15000      0.34847      0.28084      0.08694
      9.16000      0.37090      0.33152      0.07404
      9.17000      0.41899      0.37171      0.08531
      9.18000      0.58712      0.53613      0.11222
      9.19000      0.87122      0.85963      0.13242
      9.20000      0.89946      0.87916      0.14245
      9.21000      0.76003      0.63155      0.18256
      9.22000      0.79987      0.56971      0.24525
      9.23000      0.69793      0.51963      0.20203
      9.24000      0.37963      0.33474      0.08095
      9.25000      0.12269      0.12898      0.01449
      9.26000      0.03225      0.03168      0.00501
      9.27000      0.09390      0.06532      0.02955
      9.28000      0.29424      0.21258      0.08826
      9.29000      0.45434      0.36302      0.11694
      9.30000      0.40554      0.35837      0.08543
      9.31000      0.33962      0.29862      0.07329
      9.32000      0.50863      0.42639      0.12212
      9.33000      0.68951      0.55781      0.17587
      9.34000      0.59744      0.48702      0.14951
      9.35000      0.43348      0.41859      0.07243
      9.36000      0.56159      0.62262      0.04945
      9.37000      0.69680      0.77357      0.06004
      9.38000      0.57944      0.58679      0.08106
      9.39000      0.41967      0.34039      0.10620
      9.40000      0.32136      0.22051      0.10435
      9.41000      0.39826      0.26240      0.13604
      9.42000      0.56038      0.36882      0.19156
      9.43000      0.51529      0.33999      0.17530
      9.44000      0.35734      0.23674      0.12060
      9.45000      0.34479      0.22957      0.11522
      9.46000      0.33141      0.22133      0.11012
      9.47000      0.26816      0.18200      0.08742
      9.48000      0.34928      0.26303      0.09994
      9.49000      0.54215      0.48649      0.11303
      9.50000      0.66314      0.65911      0.10300
      9.51000      0.63032      0.60376      0.10965
      9.52000      0.54976      0.50718      0.10577
      9.53000      0.47461      0.48570      0.06377
      9.54000      0.39349      0.38796      0.06107
      9.55000      0.40169      0.33633      0.09635
      9.56000      0.44313      0.39931      0.09077
      9.57000      0.46276      0.41792      0.09494
      9.58000      0.38014      0.29834      0.10361
      9.59000      0.28028      0.19368      0.09136
      9.60000      0.39608      0.27969      0.12586
      9.61000      0.67484      0.51385      0.19344
      9.62000      0.76610      0.61900      0.19965
      9.63000      0.58069      0.49905      0.13460
      9.64000      0.31509      0.27984      0.06798
      9.65000      0.17441      0.13453      0.04909
      9.66000      0.17762      0.12045      0.05926
      9.67000      0.24010      0.18210      0.06935
      9.68000      0.44052      0.39062      0.09579
      9.69000      0.60190      0.57323      0.10831
      9.70000      0.58584      0.55583      0.10601
      9.71000      0.57735      0.52306      0.11879
      9.72000      0.54318      0.48100      0.11902
      9.73000      0.39500      0.33537      0.09493
      9.74000      0.27553      0.20208      0.08366
      9.75000      0.27349      0.18136      0.09356
      9.76000      0.37010      0.24999      0.12421
      9.77000      0.49480      0.37000      0.14627
      9.78000      0.61028      0.50260      0.15531
      9.79000      0.76223      0.62295      0.19779
      9.80000      0.85190      0.66970      0.23605
      9.81000      0.66594      0.56426      0.16020
      9.82000      0.48267      0.52010      0.05140
      9.83000      0.35335      0.43136      0.00793
      9.84000      0.23668      0.27537      0.01020
      9.85000      0.36741      0.35438      0.05218
      9.86000      0.69958      0.64846      0.11552
      9.87000      0.80833      0.76801      0.12076
      9.88000      0.73821      0.74321      0.08583
      9.89000      0.77911      0.77996      0.09764
      9.90000      0.89368      0.82666      0.14907
      9.91000      0.88158      0.77461      0.16651
      9.92000      0.69841      0.65367      0.10794
      9.93000      0.57650      0.58593      0.06096
      9.94000      0.60691      0.61273      0.06531
      9.95000      0.81199      0.82196      0.08758
      9.96000      0.94588      0.93104      0.12049
      9.97000      0.84985      0.80117      0.12916
      9.98000      0.79391      0.69456      0.15179
      9.99000      0.75547      0.63645      0.16228
     10.00000      0.70849      0.62798      0.13072
     10.01000      0.81016      0.76839      0.11353
     10.02000      0.95012      0.92229      0.12519
     10.03000      0.84553      0.82041      0.11405
     10.04000      0.70234      0.64882      0.10928
     10.05000      0.75230      0.65406      0.13871
     10.06000      0.78202      0.69426      0.13975
     10.07000      0.69985      0.62861      0.12702
     10.08000      0.63603      0.60594      0.08793
     10.09000      0.77316      0.82143      0.04386
     10.10000      0.92569      0.97835      0.06883
     10.11000      0.89160      0.89313      0.10926
     10.12000      0.73424      0.68200      0.11738
     10.13000      0.81288      0.74640      0.13067
     10.14000      1.04993      1.04159      0.13208
     10.15000      1.07574      1.05085      0.15102
     10.16000      0.84302      0.73807      0.16337
     10.17000      0.67694      0.57077      0.13467
     10.18000      0.80752      0.75867      0.10662
     10.19000      0.96129      0.97920      0.08411
     10.20000      0.80599      0.82456      0.07008
     10.21000      0.54651      0.51324      0.07180
     10.22000      0.61738      0.51601      0.12012
     10.23000      0.80828      0.68697      0.15238
     10.24000      0.74948      0.68872      0.11307
     10.25000      0.63586      0.59028      0.09269
     10.26000      0.59860      0.51936      0.10401
     10.27000      0.66852      0.60192      0.09740
     10.28000      0.98010      0.94618      0.11693
     10.29000      1.23915      1.21861      0.15744
     10.30000      1.31214      1.22111      0.21469
     10.31000      1.31875      1.13726      0.26150
     10.32000      1.06568      0.88593      0.22185
     10.33000      0.65392      0.56263      0.10761
     10.34000      0.41294      0.39590      0.02547
     10.35000      0.36650      0.35865      0.01482
     10.36000      0.40877      0.35769      0.05961
     10.37000      0.66530      0.57192      0.12180
     10.38000      1.01559      0.93439      0.14376
     10.39000      1.11356      1.05141      0.12767
     10.40000      0.94900      0.89667      0.10707
     10.41000      0.85897      0.77544      0.13228
     10.42000      0.79861      0.67673      0.15315
     10.43000      0.84181      0.74468      0.13399
     10.44000      1.02921      0.93512      0.14604
     10.45000      1.13727      1.00915      0.18615
     10.46000      0.92501      0.85598      0.14091
     10.47000      0.84823      0.86855      0.08398
     10.48000      0.93133      0.93422      0.11094
     10.49000      0.96511      0.91576      0.13814
     10.50000      1.23716      1.14875      0.16546
     10.51000      1.39250      1.26929      0.19813
     10.52000      1.18187      1.02650      0.20446
     10.53000      0.85504      0.69921      0.17148
     10.54000      0.59150      0.48288      0.11095
     10.55000      0.66360      0.55649      0.11191
     10.56000      1.08963      0.92818      0.19204
     10.57000      1.39758      1.21941      0.25475
     10.58000      1.02786      0.92364      0.17784
     10.59000      0.56654      0.51223      0.08145
     10.60000      0.70726      0.59592      0.11523
     10.61000      1.04503      0.84605      0.20077
     10.62000      1.16533      0.96751      0.21205
     10.63000      1.19961      1.06328      0.18961
     10.64000      1.18542      1.10512      0.17432
     10.65000      1.10277      1.02490      0.16987
     10.66000      1.26946      1.12896      0.22473
     10.67000      1.45970      1.29087      0.26361
     10.68000      1.33998      1.17490      0.24068
     10.69000      1.32886      1.16145      0.24897
     10.70000      1.44998      1.29013      0.26937
     10.71000      1.46858      1.30846      0.24782
     10.72000      1.28237      1.10435      0.21382
     10.73000      1.21958      0.98720      0.24022
     10.74000      1.45908      1.14411      0.32670
     10.75000      1.50646      1.21699      0.32690
     10.76000      1.43295      1.20333      0.28310
     10.77000      1.53987      1.30068      0.30132
     10.78000      1.72843      1.48243      0.33436
     10.79000      2.11328      1.77335      0.43075
     10.80000      2.59022      2.12657      0.54181
     10.81000      2.91821      2.37201      0.62146
     10.82000      3.11077      2.49594      0.68442
     10.83000      2.97023      2.39245      0.65318
     10.84000      2.72757      2.27603      0.57147
     10.85000      2.48660      2.08437      0.51996
     10.86000      1.73889      1.40407      0.38783
     10.87000      0.79558      0.65567      0.17348
     10.88000      0.32649      0.34631      0.03861
     10.89000      0.22475      0.28976      0.00377
     10.90000      0.17969      0.23704      0.00015
     10.91000      0.15415      0.20463      0.00000
     10.92000      0.17027      0.22688      0.00000
     10.93000      0.19597      0.26049      0.00000
     10.94000      0.29589      0.39293      0.00000
     10.95000      0.33579      0.44527      0.00000
     10.96000      0.21179      0.27970      0.00000
     10.97000      0.08954      0.11805      0.00000
     10.98000      0.10810      0.14329      0.00000
     10.99000      0.13635      0.18090      0.00000
     11.00000      0.06796      0.09016      0.00000
     11.01000      0.01396      0.01855      0.00000
     11.02000      0.02534      0.03387      0.00000
     11.03000      0.16140      0.21539      0.00000
     11.04000      0.43436      0.57908      0.00000
     11.05000      0.48779      0.65035      0.00000
     11.06000      0.23036      0.30745      0.00000
     11.07000      0.04618      0.06172      0.00000
     11.08000      0.01932      0.02576      0.00000
     11.09000      0.10330      0.13748      0.00000
     11.10000      0.26408      0.35128      0.00000
     11.11000      0.28346      0.37733      0.00000
     11.12000      0.14965      0.19984      0.00000
     11.13000      0.04410      0.05914      0.00000
     11.14000      0.00686      0.00922      0.00000
     11.15000      0.00725      0.00970      0.00000
     11.16000      0.05630      0.07510      0.00000
     11.17000      0.19362      0.25751      0.00000
     11.18000      0.32942      0.43649      0.00000
     11.19000      0.39394      0.52053      0.00000
     11.20000      0.40696      0.53666      0.00000
     11.21000      0.29641      0.39104      0.00000
     11.22000      0.20069      0.26716      0.00000
     11.23000      0.21342      0.28559      0.00000
     11.24000      0.27368      0.36484      0.00000
     11.25000      0.27908      0.37055      0.00000
     11.26000      0.19649      0.26000      0.00000
     11.27000      0.16044      0.21194      0.00000
     11.28000      0.10214      0.13502      0.00000
     11.29000      0.10571      0.14070      0.00000
     11.30000      0.29704      0.39589      0.00000
     11.31000      0.39991      0.53259      0.00000
     11.32000      0.21041      0.27995      0.00000
     11.33000      0.06191      0.08225      0.00000
     11.34000      0.08955      0.11883      0.00000
     11.35000      0.14041      0.18632      0.00000
     11.36000      0.10296      0.13666      0.00000
     11.37000      0.10711      0.14230      0.00000
     11.38000      0.14469      0.19230      0.00000
     11.39000      0.11994      0.15951      0.00000
     11.40000      0.15080      0.20061      0.00000
     11.41000      0.23313      0.30926      0.00000
     11.42000      0.34802      0.46058      0.00000
     11.43000      0.43055      0.57043      0.00000
     11.44000      0.35042      0.46476      0.00000
     11.45000      0.23429      0.31035      0.00000
     11.46000      0.16502      0.21848      0.00000
     11.47000      0.16429      0.21789      0.00000
     11.48000      0.16228      0.21528      0.00000
     11.49000      0.14146      0.18751      0.00000
     11.50000      0.15852      0.21003      0.00000
     11.51000      0.14521      0.19237      0.00000
     11.52000      0.08899      0.11784      0.00000
     11.53000      0.11426      0.15114      0.00000
     11.54000      0.13483      0.17833      0.00000
     11.55000      0.06735      0.08907      0.00000
     11.56000      0.06383      0.08426      0.00000
     11.57000      0.26462      0.34923      0.00000
     11.58000      0.55005      0.72610      0.00000
     11.59000      0.57343      0.75698      0.00000
     11.60000      0.45253      0.59712      0.00000
     11.61000      0.32346      0.42684      0.00000
     11.62000      0.16611      0.21937      0.00000
     11.63000      0.07808      0.10321      0.00000
     11.64000      0.11886      0.15717      0.00000
     11.65000      0.16539      0.21852      0.00000
     11.66000      0.24478      0.32236      0.00000
     11.67000      0.40481      0.53221      0.00000
     11.68000      0.34140      0.44876      0.00000
     11.69000      0.19546      0.25752      0.00000
     11.70000      0.15707      0.20744      0.00000
     11.71000      0.12809      0.16909      0.00000
     11.72000      0.15005      0.19778      0.00000
     11.73000      0.16117      0.21154      0.00000
     11.74000      0.21525      0.28072      0.00000
     11.75000      0.26982      0.35199      0.00000
     11.76000      0.18578      0.24256      0.00000
     11.77000      0.17497      0.22794      0.00000
     11.78000      0.32636      0.42677      0.00000
     11.79000      0.44896      0.58969      0.00000
     11.80000      0.33529      0.44115      0.00000
     11.81000      0.18093      0.23704      0.00000
     11.82000      0.25318      0.33006      0.00000
     11.83000      0.31994      0.41724      0.00000
     11.84000      0.17858      0.23279      0.00000
     11.85000      0.04417      0.05754      0.00000
     11.86000      0.04148      0.05418      0.00000
     11.87000      0.16105      0.20982      0.00000
     11.88000      0.28632      0.37127      0.00000
     11.89000      0.26496      0.34060      0.00000
     11.90000      0.18549      0.23613      0.00000
     11.91000      0.09456      0.11997      0.00000
     11.92000      0.08995      0.11464      0.00000
     11.93000      0.21359      0.27346      0.00000
     11.94000      0.25383      0.32630      0.00000
     11.95000      0.15280      0.19808      0.00000
     11.96000      0.18806      0.24789      0.00000
     11.97000      0.37222      0.49075      0.00000
     11.98000      0.46675      0.61083      0.00000
     11.99000      0.46099      0.59803      0.00000
     12.00000      0.40880      0.52911      0.00000
     12.01000      0.34261      0.44425      0.00000
     12.02000      0.24058      0.31316      0.00000
     12.03000      0.26876      0.34873      0.00000
     12.04000      0.36186      0.46488      0.00000
     12.05000      0.29547      0.37773      0.00000
     12.06000      0.20316      0.26126      0.00000
     12.07000      0.23896      0.30658      0.00000
     12.08000      0.31320      0.39774      0.00000
     12.09000      0.29352      0.37156      0.00000
     12.10000      0.24318      0.30682      0.00000
     12.11000      0.22199      0.27921      0.00000
     12.12000      0.15099      0.18996      0.00000
     12.13000      0.15076      0.19005      0.00000
     12.14000      0.16513      0.20872      0.00000
     12.15000      0.24332      0.31011      0.00000
     12.16000      0.38503      0.49229      0.00000
     12.17000      0.41210      0.52325      0.00000
     12.18000      0.37741      0.47616      0.00000
     12.19000      0.31200      0.39249      0.00000
     12.20000      0.24936      0.31412      0.00000
     12.21000      0.26072      0.32867      0.00000
     12.22000      0.23762      0.29518      0.00000
     12.23000      0.16674      0.20706      0.00000
     12.24000      0.19249      0.24141      0.00000
     12.25000      0.23347      0.28719      0.00000
     12.26000      0.20263      0.24553      0.00000
     12.27000      0.18096      0.22226      0.00000
     12.28000      0.18360      0.22452      0.00000
     12.29000      0.20255      0.24059      0.00000
     12.30000      0.22912      0.27132      0.00000
     12.31000      0.17772      0.21269      0.00000
     12.32000      0.08869      0.10590      0.00000
     12.33000      0.11983      0.14020      0.00000
     12.34000      0.27825      0.33382      0.00000
     12.35000      0.43356      0.54672      0.00000
     12.36000      0.50439      0.65718      0.00000
     12.37000      0.46035      0.60346      0.00000
     12.38000      0.43950      0.57030      0.00000
     12.39000      0.47721      0.60312      0.00000
     12.40000      0.53554      0.66527      0.00000
     12.41000      0.52426      0.65233      0.00000
     12.42000      0.54593      0.67488      0.00000
     12.43000      0.57733      0.69812      0.00000
     12.44000      0.54164      0.63795      0.00000
     12.45000      0.42289      0.48588      0.00000
     12.46000      0.30711      0.34472      0.00000
     12.47000      0.18869      0.20897      0.00000
     12.48000      0.10794      0.11794      0.00000
     12.49000      0.13429      0.14518      0.00000
     12.50000      0.12152      0.13117      0.00000
     12.51000      0.06380      0.06845      0.00000
     12.52000      0.07218      0.07700      0.00000
     12.53000      0.11876      0.13133      0.00000
     12.54000      0.28086      0.32872      0.00000
     12.55000      0.53784      0.64803      0.00000
     12.56000      0.66857      0.81458      0.00000
     12.57000      0.73830      0.89238      0.00000
     12.58000      0.58895      0.70935      0.00000
