Energy-E_F (eV)    DOS (1/eV)    PDOS (1/eV)  of atom type B  N  
     -4.99000      0.76365      0.27523      0.48842
     -4.98000      0.90431      0.33555      0.56877
     -4.97000      1.29333      0.49172      0.80161
     -4.96000      1.63113      0.62192      1.00921
     -4.95000      1.37118      0.52354      0.84764
     -4.94000      0.92295      0.35341      0.56954
     -4.93000      0.86167      0.32325      0.53842
     -4.92000      0.95637      0.34879      0.60758
     -4.91000      0.99426      0.35668      0.63758
     -4.90000      1.13899      0.41035      0.72863
     -4.89000      1.25814      0.45810      0.80003
     -4.88000      1.43059      0.52565      0.90493
     -4.87000      1.60646      0.59208      1.01439
     -4.86000      1.42979      0.52992      0.89988
     -4.85000      1.28289      0.48197      0.80092
     -4.84000      1.38489      0.52165      0.86325
     -4.83000      1.21624      0.45337      0.76287
     -4.82000      1.24235      0.45966      0.78269
     -4.81000      1.46497      0.54486      0.92011
     -4.80000      1.29623      0.48578      0.81045
     -4.79000      0.99788      0.37928      0.61860
     -4.78000      1.00423      0.38215      0.62208
     -4.77000      1.35662      0.50697      0.84965
     -4.76000      1.65461      0.61308      1.04153
     -4.75000      1.56313      0.57822      0.98491
     -4.74000      1.26258      0.46819      0.79439
     -4.73000      1.06897      0.39718      0.67179
     -4.72000      1.06967      0.39802      0.67165
     -4.71000      1.04382      0.38956      0.65426
     -4.70000      0.83852      0.30752      0.53101
     -4.69000      0.67135      0.24436      0.42699
     -4.68000      0.72418      0.26491      0.45927
     -4.67000      0.96167      0.34896      0.61271
     -4.66000      1.13139      0.41207      0.71932
     -4.65000      1.26807      0.47181      0.79626
     -4.64000      1.32812      0.50343      0.82469
     -4.63000      1.08498      0.41125      0.67373
     -4.62000      0.87438      0.32181      0.55258
     -4.61000      0.77744      0.28063      0.49681
     -4.60000      0.60963      0.22342      0.38621
     -4.59000      0.56493      0.21225      0.35268
     -4.58000      0.71232      0.26586      0.44646
     -4.57000      0.98016      0.35649      0.62367
     -4.56000      1.03382      0.36968      0.66414
     -4.55000      0.94671      0.34278      0.60393
     -4.54000      0.93078      0.34734      0.58344
     -4.53000      0.90092      0.33965      0.56126
     -4.52000      0.94385      0.35084      0.59301
     -4.51000      0.91359      0.33365      0.57994
     -4.50000      0.83456      0.30585      0.52871
     -4.49000      0.91524      0.33920      0.57604
     -4.48000      0.98566      0.36647      0.61919
     -4.47000      1.02635      0.38237      0.64398
     -4.46000      1.13898      0.42334      0.71564
     -4.45000      1.16277      0.42693      0.73584
     -4.44000      0.86817      0.31544      0.55273
     -4.43000      0.64024      0.23610      0.40414
     -4.42000      0.79052      0.29338      0.49714
     -4.41000      0.85916      0.31481      0.54435
     -4.40000      0.67042      0.24467      0.42575
     -4.39000      0.63983      0.23741      0.40243
     -4.38000      0.83591      0.31217      0.52374
     -4.37000      1.20071      0.44662      0.75409
     -4.36000      1.29642      0.48054      0.81588
     -4.35000      1.08997      0.40099      0.68899
     -4.34000      0.94804      0.34282      0.60522
     -4.33000      0.88807      0.31922      0.56885
     -4.32000      0.98511      0.35940      0.62571
     -4.31000      1.04298      0.38604      0.65694
     -4.30000      0.94141      0.35284      0.58857
     -4.29000      0.85079      0.31607      0.53472
     -4.28000      0.76265      0.27907      0.48358
     -4.27000      0.66984      0.24081      0.42902
     -4.26000      0.68861      0.24056      0.44805
     -4.25000      0.72219      0.25255      0.46964
     -4.24000      0.58696      0.21000      0.37697
     -4.23000      0.60271      0.22055      0.38216
     -4.22000      0.85632      0.31473      0.54159
     -4.21000      0.78841      0.29049      0.49793
     -4.20000      0.50249      0.18792      0.31456
     -4.19000      0.56158      0.21557      0.34601
     -4.18000      0.82258      0.31038      0.51220
     -4.17000      0.90936      0.33187      0.57749
     -4.16000      0.94871      0.34229      0.60642
     -4.15000      1.06840      0.38749      0.68091
     -4.14000      1.06114      0.38287      0.67827
     -4.13000      1.08000      0.38847      0.69153
     -4.12000      1.09442      0.39292      0.70150
     -4.11000      0.73875      0.26383      0.47491
     -4.10000      0.50708      0.17821      0.32887
     -4.09000      0.63759      0.22608      0.41152
     -4.08000      0.77882      0.28118      0.49764
     -4.07000      0.91287      0.33661      0.57626
     -4.06000      0.91809      0.34891      0.56918
     -4.05000      0.72393      0.27527      0.44866
     -4.04000      0.51656      0.18402      0.33253
     -4.03000      0.41983      0.14447      0.27535
     -4.02000      0.51201      0.18019      0.33182
     -4.01000      0.71582      0.25386      0.46197
     -4.00000      0.86194      0.31087      0.55108
     -3.99000      0.87244      0.32135      0.55109
     -3.98000      0.77026      0.28907      0.48119
     -3.97000      0.70539      0.26584      0.43955
     -3.96000      0.62837      0.23159      0.39677
     -3.95000      0.53529      0.19354      0.34175
     -3.94000      0.60449      0.21940      0.38508
     -3.93000      0.90394      0.32709      0.57685
     -3.92000      1.13454      0.40168      0.73286
     -3.91000      1.13366      0.39412      0.73954
     -3.90000      0.94862      0.33418      0.61444
     -3.89000      0.70132      0.25391      0.44741
     -3.88000      0.65192      0.23633      0.41559
     -3.87000      0.92250      0.33405      0.58845
     -3.86000      0.95805      0.34805      0.61000
     -3.85000      0.58736      0.20885      0.37850
     -3.84000      0.36983      0.12997      0.23986
     -3.83000      0.44195      0.15993      0.28203
     -3.82000      0.56056      0.19911      0.36145
     -3.81000      0.56015      0.19186      0.36829
     -3.80000      0.62002      0.21117      0.40885
     -3.79000      0.76664      0.27278      0.49386
     -3.78000      0.90492      0.33401      0.57091
     -3.77000      0.92251      0.33981      0.58269
     -3.76000      0.86039      0.31511      0.54527
     -3.75000      0.68551      0.25025      0.43526
     -3.74000      0.56758      0.20044      0.36714
     -3.73000      0.61933      0.21536      0.40397
     -3.72000      0.68229      0.24425      0.43804
     -3.71000      0.61168      0.22212      0.38956
     -3.70000      0.43715      0.15695      0.28020
     -3.69000      0.52808      0.18366      0.34441
     -3.68000      0.80714      0.27814      0.52900
     -3.67000      0.91163      0.31858      0.59305
     -3.66000      0.91690      0.32903      0.58787
     -3.65000      0.99269      0.36173      0.63095
     -3.64000      1.14589      0.41773      0.72816
     -3.63000      1.05793      0.38267      0.67526
     -3.62000      0.65523      0.23793      0.41731
     -3.61000      0.49452      0.18011      0.31441
     -3.60000      0.65763      0.23395      0.42368
     -3.59000      0.80292      0.28441      0.51851
     -3.58000      0.82709      0.29168      0.53541
     -3.57000      0.79862      0.27994      0.51868
     -3.56000      0.73711      0.26253      0.47458
     -3.55000      0.68995      0.24575      0.44420
     -3.54000      0.72275      0.25238      0.47037
     -3.53000      0.68224      0.23704      0.44519
     -3.52000      0.46953      0.16248      0.30705
     -3.51000      0.45377      0.15753      0.29624
     -3.50000      0.52730      0.18185      0.34545
     -3.49000      0.45964      0.15374      0.30589
     -3.48000      0.35548      0.12253      0.23295
     -3.47000      0.37441      0.13890      0.23551
     -3.46000      0.57305      0.21523      0.35783
     -3.45000      0.79959      0.29284      0.50676
     -3.44000      0.81807      0.28912      0.52895
     -3.43000      0.86924      0.29607      0.57317
     -3.42000      0.99131      0.33637      0.65493
     -3.41000      0.97147      0.33745      0.63403
     -3.40000      0.89150      0.31244      0.57907
     -3.39000      0.81699      0.28847      0.52852
     -3.38000      0.82075      0.29438      0.52638
     -3.37000      0.90747      0.32583      0.58164
     -3.36000      0.77876      0.27725      0.50151
     -3.35000      0.63916      0.21752      0.42164
     -3.34000      0.55111      0.18336      0.36776
     -3.33000      0.45211      0.15741      0.29470
     -3.32000      0.47783      0.17200      0.30583
     -3.31000      0.41796      0.14883      0.26913
     -3.30000      0.44287      0.15268      0.29019
     -3.29000      0.78345      0.26914      0.51431
     -3.28000      1.04958      0.36717      0.68241
     -3.27000      0.99905      0.36082      0.63823
     -3.26000      0.84637      0.30713      0.53924
     -3.25000      0.67259      0.22983      0.44277
     -3.24000      0.46976      0.15256      0.31720
     -3.23000      0.35156      0.12156      0.23000
     -3.22000      0.40743      0.14650      0.26093
     -3.21000      0.45859      0.15484      0.30375
     -3.20000      0.47226      0.15310      0.31916
     -3.19000      0.45607      0.15588      0.30018
     -3.18000      0.49547      0.18167      0.31379
     -3.17000      0.69049      0.25359      0.43689
     -3.16000      1.05126      0.37350      0.67776
     -3.15000      1.37255      0.47698      0.89557
     -3.14000      1.32871      0.45560      0.87311
     -3.13000      0.99511      0.33349      0.66162
     -3.12000      0.61188      0.19985      0.41202
     -3.11000      0.36058      0.11629      0.24429
     -3.10000      0.32430      0.10531      0.21898
     -3.09000      0.35682      0.11471      0.24211
     -3.08000      0.41368      0.13824      0.27543
     -3.07000      0.58971      0.21004      0.37967
     -3.06000      0.74864      0.26794      0.48070
     -3.05000      0.76769      0.26891      0.49878
     -3.04000      0.69210      0.23881      0.45329
     -3.03000      0.64045      0.21836      0.42209
     -3.02000      0.62033      0.20813      0.41220
     -3.01000      0.51001      0.17278      0.33723
     -3.00000      0.44467      0.15094      0.29372
     -2.99000      0.50528      0.16596      0.33933
     -2.98000      0.57004      0.18541      0.38464
     -2.97000      0.70048      0.23805      0.46243
     -2.96000      1.00035      0.35668      0.64366
     -2.95000      1.23708      0.44990      0.78718
     -2.94000      1.09765      0.39365      0.70400
     -2.93000      0.65357      0.22925      0.42431
     -2.92000      0.32885      0.11474      0.21411
     -2.91000      0.28032      0.08982      0.19050
     -2.90000      0.41382      0.12733      0.28650
     -2.89000      0.53967      0.17199      0.36768
     -2.88000      0.63398      0.20648      0.42751
     -2.87000      0.65111      0.21390      0.43721
     -2.86000      0.62177      0.20943      0.41234
     -2.85000      0.74373      0.25784      0.48589
     -2.84000      0.90106      0.30729      0.59377
     -2.83000      0.86115      0.27961      0.58154
     -2.82000      0.71895      0.23007      0.48889
     -2.81000      0.59566      0.19508      0.40058
     -2.80000      0.45670      0.15472      0.30197
     -2.79000      0.41629      0.13988      0.27641
     -2.78000      0.51165      0.17024      0.34141
     -2.77000      0.54461      0.19032      0.35429
     -2.76000      0.63238      0.22506      0.40731
     -2.75000      0.93033      0.32524      0.60509
     -2.74000      1.00188      0.34234      0.65954
     -2.73000      0.82975      0.27338      0.55637
     -2.72000      0.70725      0.23022      0.47704
     -2.71000      0.54081      0.17366      0.36715
     -2.70000      0.31558      0.09868      0.21691
     -2.69000      0.25884      0.08805      0.17079
     -2.68000      0.56617      0.20155      0.36462
     -2.67000      0.86330      0.29853      0.56477
     -2.66000      0.85584      0.28849      0.56735
     -2.65000      0.74725      0.25474      0.49251
     -2.64000      0.54199      0.18770      0.35429
     -2.63000      0.44333      0.14619      0.29714
     -2.62000      0.38935      0.12162      0.26774
     -2.61000      0.34980      0.11158      0.23822
     -2.60000      0.54631      0.17202      0.37429
     -2.59000      0.85220      0.26405      0.58815
     -2.58000      0.97939      0.31006      0.66933
     -2.57000      0.95029      0.31609      0.63420
     -2.56000      0.90304      0.31511      0.58793
     -2.55000      0.74526      0.26173      0.48354
     -2.54000      0.51155      0.17517      0.33638
     -2.53000      0.50092      0.16344      0.33748
     -2.52000      0.65313      0.20786      0.44528
     -2.51000      0.68410      0.21251      0.47160
     -2.50000      0.60801      0.18880      0.41922
     -2.49000      0.48879      0.15742      0.33136
     -2.48000      0.40046      0.13125      0.26922
     -2.47000      0.56071      0.18653      0.37419
     -2.46000      0.70829      0.23999      0.46830
     -2.45000      0.61791      0.20423      0.41369
     -2.44000      0.56924      0.17758      0.39166
     -2.43000      0.65221      0.20705      0.44516
     -2.42000      0.63677      0.20905      0.42772
     -2.41000      0.69505      0.22834      0.46671
     -2.40000      0.89649      0.29454      0.60195
     -2.39000      0.83451      0.28332      0.55119
     -2.38000      0.63519      0.22875      0.40644
     -2.37000      0.48330      0.17384      0.30946
     -2.36000      0.43258      0.13793      0.29466
     -2.35000      0.47113      0.13567      0.33547
     -2.34000      0.42449      0.12291      0.30158
     -2.33000      0.37745      0.11927      0.25819
     -2.32000      0.45905      0.15012      0.30893
     -2.31000      0.77887      0.24677      0.53210
     -2.30000      1.04239      0.33105      0.71134
     -2.29000      0.88355      0.27947      0.60408
     -2.28000      0.67881      0.20643      0.47238
     -2.27000      0.66679      0.19948      0.46731
     -2.26000      0.69697      0.21419      0.48277
     -2.25000      0.68059      0.22304      0.45755
     -2.24000      0.66013      0.22684      0.43329
     -2.23000      0.52572      0.18094      0.34478
     -2.22000      0.48261      0.15931      0.32331
     -2.21000      0.61610      0.19747      0.41863
     -2.20000      0.73121      0.22559      0.50562
     -2.19000      0.72474      0.22168      0.50307
     -2.18000      0.62872      0.19986      0.42886
     -2.17000      0.55330      0.17836      0.37494
     -2.16000      0.57021      0.17474      0.39547
     -2.15000      0.63467      0.19211      0.44256
     -2.14000      0.63009      0.20053      0.42956
     -2.13000      0.64196      0.20557      0.43639
     -2.12000      0.64621      0.20410      0.44211
     -2.11000      0.61540      0.19947      0.41593
     -2.10000      0.65180      0.20788      0.44393
     -2.09000      0.68755      0.20800      0.47955
     -2.08000      0.58597      0.18026      0.40571
     -2.07000      0.31340      0.10364      0.20976
     -2.06000      0.21342      0.07308      0.14035
     -2.05000      0.47851      0.15577      0.32274
     -2.04000      0.74878      0.23360      0.51518
     -2.03000      0.72871      0.22478      0.50394
     -2.02000      0.75228      0.23808      0.51420
     -2.01000      0.90367      0.28084      0.62283
     -2.00000      0.96190      0.28646      0.67544
     -1.99000      0.74552      0.21386      0.53167
     -1.98000      0.55701      0.16087      0.39614
     -1.97000      0.68863      0.20887      0.47976
     -1.96000      0.79686      0.24203      0.55483
     -1.95000      0.67287      0.20073      0.47215
     -1.94000      0.48849      0.14774      0.34075
     -1.93000      0.46937      0.15282      0.31655
     -1.92000      0.50470      0.16992      0.33477
     -1.91000      0.51908      0.16631      0.35276
     -1.90000      0.62979      0.19089      0.43890
     -1.89000      0.75766      0.22175      0.53591
     -1.88000      0.73422      0.21434      0.51987
     -1.87000      0.67176      0.20262      0.46914
     -1.86000      0.65574      0.19638      0.45936
     -1.85000      0.68777      0.20131      0.48646
     -1.84000      0.57973      0.17176      0.40798
     -1.83000      0.38184      0.10888      0.27296
     -1.82000      0.37672      0.09840      0.27832
     -1.81000      0.33526      0.08556      0.24970
     -1.80000      0.30561      0.07742      0.22819
     -1.79000      0.41280      0.10439      0.30841
     -1.78000      0.41926      0.10611      0.31315
     -1.77000      0.20724      0.05247      0.15477
     -1.76000      0.08488      0.02132      0.06356
     -1.75000      0.20851      0.05199      0.15651
     -1.74000      0.42809      0.10681      0.32127
     -1.73000      0.53050      0.13261      0.39788
     -1.72000      0.56814      0.14252      0.42562
     -1.71000      0.64124      0.16077      0.48047
     -1.70000      0.66628      0.16631      0.49997
     -1.69000      0.51792      0.12898      0.38895
     -1.68000      0.42345      0.10507      0.31837
     -1.67000      0.52331      0.12914      0.39417
     -1.66000      0.52368      0.12890      0.39477
     -1.65000      0.36779      0.09048      0.27731
     -1.64000      0.22283      0.05484      0.16799
     -1.63000      0.18992      0.04662      0.14330
     -1.62000      0.26834      0.06521      0.20313
     -1.61000      0.47833      0.11556      0.36276
     -1.60000      0.55757      0.13434      0.42324
     -1.59000      0.48108      0.11581      0.36527
     -1.58000      0.39739      0.09597      0.30143
     -1.57000      0.43698      0.10559      0.33138
     -1.56000      0.52174      0.12562      0.39611
     -1.55000      0.44051      0.10579      0.33472
     -1.54000      0.31177      0.07449      0.23728
     -1.53000      0.38539      0.09155      0.29384
     -1.52000      0.50500      0.11948      0.38552
     -1.51000      0.39597      0.09324      0.30273
     -1.50000      0.29292      0.06882      0.22409
     -1.49000      0.32837      0.07709      0.25128
     -1.48000      0.33858      0.07891      0.25967
     -1.47000      0.34770      0.08033      0.26737
     -1.46000      0.34956      0.08062      0.26894
     -1.45000      0.31799      0.07353      0.24446
     -1.44000      0.48319      0.11200      0.37119
     -1.43000      0.76356      0.17733      0.58624
     -1.42000      0.80197      0.18624      0.61573
     -1.41000      0.64630      0.14952      0.49679
     -1.40000      0.57601      0.13250      0.44351
     -1.39000      0.56486      0.12937      0.43549
     -1.38000      0.43139      0.09861      0.33278
     -1.37000      0.39358      0.08913      0.30445
     -1.36000      0.52047      0.11657      0.40389
     -1.35000      0.57120      0.12742      0.44378
     -1.34000      0.50281      0.11207      0.39073
     -1.33000      0.43017      0.09568      0.33448
     -1.32000      0.39830      0.08799      0.31031
     -1.31000      0.36779      0.08098      0.28680
     -1.30000      0.34070      0.07527      0.26542
     -1.29000      0.52576      0.11618      0.40957
     -1.28000      0.70896      0.15599      0.55297
     -1.27000      0.66875      0.14632      0.52242
     -1.26000      0.57440      0.12471      0.44969
     -1.25000      0.53532      0.11535      0.41998
     -1.24000      0.47282      0.10169      0.37112
     -1.23000      0.37139      0.07939      0.29200
     -1.22000      0.49512      0.10487      0.39026
     -1.21000      0.53609      0.11298      0.42311
     -1.20000      0.38617      0.08103      0.30514
     -1.19000      0.32791      0.06865      0.25926
     -1.18000      0.39981      0.08298      0.31683
     -1.17000      0.48732      0.10049      0.38683
     -1.16000      0.71531      0.14887      0.56644
     -1.15000      1.01935      0.21438      0.80497
     -1.14000      0.99764      0.21004      0.78760
     -1.13000      0.84833      0.17698      0.67135
     -1.12000      0.80585      0.16599      0.63986
     -1.11000      0.79567      0.16201      0.63366
     -1.10000      0.74979      0.15137      0.59841
     -1.09000      0.72958      0.14628      0.58331
     -1.08000      0.69034      0.13743      0.55291
     -1.07000      0.70747      0.13948      0.56799
     -1.06000      0.76234      0.14895      0.61339
     -1.05000      0.80300      0.15556      0.64745
     -1.04000      0.90460      0.17379      0.73080
     -1.03000      1.12190      0.21484      0.90706
     -1.02000      1.21104      0.23362      0.97742
     -1.01000      0.90567      0.17726      0.72841
     -1.00000      0.63323      0.12431      0.50893
     -0.99000      0.60231      0.11646      0.48585
     -0.98000      0.71586      0.13631      0.57954
     -0.97000      0.71630      0.13514      0.58116
     -0.96000      0.46924      0.08768      0.38155
     -0.95000      0.27843      0.05123      0.22720
     -0.94000      0.23375      0.04259      0.19116
     -0.93000      0.25220      0.04581      0.20639
     -0.92000      0.32705      0.05935      0.26770
     -0.91000      0.53340      0.09738      0.43602
     -0.90000      1.09296      0.20313      0.88983
     -0.89000      1.84083      0.34647      1.49436
     -0.88000      1.64844      0.31096      1.33749
     -0.87000      0.72844      0.13596      0.59248
     -0.86000      0.28075      0.05056      0.23019
     -0.85000      0.17369      0.03055      0.14314
     -0.84000      0.19979      0.03485      0.16495
     -0.83000      0.26125      0.04557      0.21567
     -0.82000      0.25644      0.04468      0.21176
     -0.81000      0.29131      0.05064      0.24067
     -0.80000      0.32613      0.05688      0.26925
     -0.79000      0.39894      0.06992      0.32903
     -0.78000      0.60476      0.10669      0.49807
     -0.77000      0.77703      0.13746      0.63958
     -0.76000      0.67674      0.11856      0.55817
     -0.75000      0.36851      0.06339      0.30512
     -0.74000      0.22357      0.03775      0.18583
     -0.73000      0.22924      0.03842      0.19082
     -0.72000      0.28279      0.04716      0.23562
     -0.71000      0.34082      0.05667      0.28415
     -0.70000      0.41931      0.06958      0.34973
     -0.69000      0.47351      0.07855      0.39496
     -0.68000      0.54033      0.08967      0.45066
     -0.67000      0.66964      0.11158      0.55806
     -0.66000      0.81322      0.13645      0.67678
     -0.65000      0.83880      0.14024      0.69856
     -0.64000      0.57486      0.09451      0.48034
     -0.63000      0.24619      0.03957      0.20662
     -0.62000      0.10989      0.01731      0.09258
     -0.61000      0.20487      0.03201      0.17287
     -0.60000      0.29096      0.04531      0.24565
     -0.59000      0.27058      0.04177      0.22881
     -0.58000      0.37310      0.05730      0.31580
     -0.57000      0.41061      0.06320      0.34741
     -0.56000      0.34365      0.05321      0.29044
     -0.55000      0.41100      0.06364      0.34736
     -0.54000      0.43741      0.06725      0.37016
     -0.53000      0.32525      0.04919      0.27605
     -0.52000      0.25620      0.03802      0.21818
     -0.51000      0.26878      0.03941      0.22937
     -0.50000      0.33939      0.04946      0.28993
     -0.49000      0.36418      0.05281      0.31137
     -0.48000      0.38401      0.05544      0.32857
     -0.47000      0.36204      0.05237      0.30966
     -0.46000      0.40104      0.05804      0.34300
     -0.45000      0.60095      0.08621      0.51474
     -0.44000      0.69716      0.09915      0.59801
     -0.43000      0.39685      0.05611      0.34075
     -0.42000      0.11033      0.01541      0.09492
     -0.41000      0.11575      0.01556      0.10019
     -0.40000      0.26066      0.03495      0.22572
     -0.39000      0.30589      0.04083      0.26506
     -0.38000      0.30363      0.04001      0.26362
     -0.37000      0.36294      0.04768      0.31526
     -0.36000      0.35577      0.04689      0.30889
     -0.35000      0.29745      0.03905      0.25840
     -0.34000      0.27225      0.03515      0.23710
     -0.33000      0.23613      0.02991      0.20622
     -0.32000      0.22262      0.02784      0.19478
     -0.31000      0.26059      0.03228      0.22831
     -0.30000      0.34284      0.04205      0.30079
     -0.29000      0.41899      0.05101      0.36798
     -0.28000      0.49228      0.05953      0.43275
     -0.27000      0.46210      0.05579      0.40630
     -0.26000      0.27670      0.03326      0.24344
     -0.25000      0.21196      0.02466      0.18730
     -0.24000      0.28129      0.03219      0.24909
     -0.23000      0.19700      0.02247      0.17453
     -0.22000      0.12695      0.01419      0.11276
     -0.21000      0.25782      0.02844      0.22938
     -0.20000      0.35884      0.03936      0.31948
     -0.19000      0.34078      0.03684      0.30394
     -0.18000      0.30431      0.03243      0.27188
     -0.17000      0.21767      0.02296      0.19471
     -0.16000      0.20513      0.02124      0.18389
     -0.15000      0.30490      0.03111      0.27379
     -0.14000      0.38975      0.03940      0.35035
     -0.13000      0.34105      0.03412      0.30693
     -0.12000      0.24845      0.02439      0.22405
     -0.11000      0.21217      0.02036      0.19181
     -0.10000      0.22392      0.02112      0.20280
     -0.09000      0.24672      0.02295      0.22377
     -0.08000      0.24846      0.02279      0.22567
     -0.07000      0.21890      0.01970      0.19920
     -0.06000      0.26424      0.02320      0.24104
     -0.05000      0.34331      0.02974      0.31357
     -0.04000      0.28904      0.02479      0.26425
     -0.03000      0.19210      0.01609      0.17601
     -0.02000      0.21030      0.01711      0.19318
     -0.01000      0.22202      0.01784      0.20418
      0.00000      0.13516      0.01079      0.12438
      0.01000      0.03807      0.00303      0.03504
      0.02000      0.00430      0.00034      0.00396
      0.03000      0.00018      0.00001      0.00017
      0.04000      0.00000      0.00000      0.00000
      0.05000      0.00000      0.00000      0.00000
      0.06000      0.00000      0.00000      0.00000
      0.07000      0.00000      0.00000      0.00000
      0.08000      0.00000      0.00000      0.00000
      0.09000      0.00000      0.00000      0.00000
      0.10000      0.00000      0.00000      0.00000
      0.11000      0.00000      0.00000      0.00000
      0.12000      0.00000      0.00000      0.00000
      0.13000      0.00000      0.00000      0.00000
      0.14000      0.00000      0.00000      0.00000
      0.15000      0.00000      0.00000      0.00000
      0.16000      0.00000      0.00000      0.00000
      0.17000      0.00000      0.00000      0.00000
      0.18000      0.00000      0.00000      0.00000
      0.19000      0.00000      0.00000      0.00000
      0.20000      0.00000      0.00000      0.00000
      0.21000      0.00000      0.00000      0.00000
      0.22000      0.00000      0.00000      0.00000
      0.23000      0.00000      0.00000      0.00000
      0.24000      0.00000      0.00000      0.00000
      0.25000      0.00000      0.00000      0.00000
      0.26000      0.00000      0.00000      0.00000
      0.27000      0.00000      0.00000      0.00000
      0.28000      0.00000      0.00000      0.00000
      0.29000      0.00000      0.00000      0.00000
      0.30000      0.00000      0.00000      0.00000
      0.31000      0.00000      0.00000      0.00000
      0.32000      0.00000      0.00000      0.00000
      0.33000      0.00000      0.00000      0.00000
      0.34000      0.00000      0.00000      0.00000
      0.35000      0.00000      0.00000      0.00000
      0.36000      0.00000      0.00000      0.00000
      0.37000      0.00000      0.00000      0.00000
      0.38000      0.00000      0.00000      0.00000
      0.39000      0.00000      0.00000      0.00000
      0.40000      0.00000      0.00000      0.00000
      0.41000      0.00000      0.00000      0.00000
      0.42000      0.00000      0.00000      0.00000
      0.43000      0.00000      0.00000      0.00000
      0.44000      0.00000      0.00000      0.00000
      0.45000      0.00000      0.00000      0.00000
      0.46000      0.00000      0.00000      0.00000
      0.47000      0.00000      0.00000      0.00000
      0.48000      0.00000      0.00000      0.00000
      0.49000      0.00000      0.00000      0.00000
      0.50000      0.00000      0.00000      0.00000
      0.51000      0.00000      0.00000      0.00000
      0.52000      0.00000      0.00000      0.00000
      0.53000      0.00000      0.00000      0.00000
      0.54000      0.00000      0.00000      0.00000
      0.55000      0.00000      0.00000      0.00000
      0.56000      0.00000      0.00000      0.00000
      0.57000      0.00000      0.00000      0.00000
      0.58000      0.00000      0.00000      0.00000
      0.59000      0.00000      0.00000      0.00000
      0.60000      0.00000      0.00000      0.00000
      0.61000      0.00000      0.00000      0.00000
      0.62000      0.00000      0.00000      0.00000
      0.63000      0.00000      0.00000      0.00000
      0.64000      0.00000      0.00000      0.00000
      0.65000      0.00000      0.00000      0.00000
      0.66000      0.00000      0.00000      0.00000
      0.67000      0.00000      0.00000      0.00000
      0.68000      0.00000      0.00000      0.00000
      0.69000      0.00000      0.00000      0.00000
      0.70000      0.00000      0.00000      0.00000
      0.71000      0.00000      0.00000      0.00000
      0.72000      0.00000      0.00000      0.00000
      0.73000      0.00000      0.00000      0.00000
      0.74000      0.00000      0.00000      0.00000
      0.75000      0.00000      0.00000      0.00000
      0.76000      0.00000      0.00000      0.00000
      0.77000      0.00000      0.00000      0.00000
      0.78000      0.00000      0.00000      0.00000
      0.79000      0.00000      0.00000      0.00000
      0.80000      0.00000      0.00000      0.00000
      0.81000      0.00000      0.00000      0.00000
      0.82000      0.00000      0.00000      0.00000
      0.83000      0.00000      0.00000      0.00000
      0.84000      0.00000      0.00000      0.00000
      0.85000      0.00000      0.00000      0.00000
      0.86000      0.00000      0.00000      0.00000
      0.87000      0.00000      0.00000      0.00000
      0.88000      0.00000      0.00000      0.00000
      0.89000      0.00000      0.00000      0.00000
      0.90000      0.00000      0.00000      0.00000
      0.91000      0.00000      0.00000      0.00000
      0.92000      0.00000      0.00000      0.00000
      0.93000      0.00000      0.00000      0.00000
      0.94000      0.00000      0.00000      0.00000
      0.95000      0.00000      0.00000      0.00000
      0.96000      0.00000      0.00000      0.00000
      0.97000      0.00000      0.00000      0.00000
      0.98000      0.00000      0.00000      0.00000
      0.99000      0.00000      0.00000      0.00000
      1.00000      0.00000      0.00000      0.00000
      1.01000      0.00000      0.00000      0.00000
      1.02000      0.00000      0.00000      0.00000
      1.03000      0.00000      0.00000      0.00000
      1.04000      0.00000      0.00000      0.00000
      1.05000      0.00000      0.00000      0.00000
      1.06000      0.00000      0.00000      0.00000
      1.07000      0.00000      0.00000      0.00000
      1.08000      0.00000      0.00000      0.00000
      1.09000      0.00000      0.00000      0.00000
      1.10000      0.00000      0.00000      0.00000
      1.11000      0.00000      0.00000      0.00000
      1.12000      0.00000      0.00000      0.00000
      1.13000      0.00000      0.00000      0.00000
      1.14000      0.00000      0.00000      0.00000
      1.15000      0.00000      0.00000      0.00000
      1.16000      0.00000      0.00000      0.00000
      1.17000      0.00000      0.00000      0.00000
      1.18000      0.00000      0.00000      0.00000
      1.19000      0.00000      0.00000      0.00000
      1.20000      0.00000      0.00000      0.00000
      1.21000      0.00000      0.00000      0.00000
      1.22000      0.00000      0.00000      0.00000
      1.23000      0.00000      0.00000      0.00000
      1.24000      0.00000      0.00000      0.00000
      1.25000      0.00000      0.00000      0.00000
      1.26000      0.00000      0.00000      0.00000
      1.27000      0.00000      0.00000      0.00000
      1.28000      0.00000      0.00000      0.00000
      1.29000      0.00000      0.00000      0.00000
      1.30000      0.00000      0.00000      0.00000
      1.31000      0.00000      0.00000      0.00000
      1.32000      0.00000      0.00000      0.00000
      1.33000      0.00000      0.00000      0.00000
      1.34000      0.00000      0.00000      0.00000
      1.35000      0.00000      0.00000      0.00000
      1.36000      0.00000      0.00000      0.00000
      1.37000      0.00000      0.00000      0.00000
      1.38000      0.00000      0.00000      0.00000
      1.39000      0.00000      0.00000      0.00000
      1.40000      0.00000      0.00000      0.00000
      1.41000      0.00000      0.00000      0.00000
      1.42000      0.00000      0.00000      0.00000
      1.43000      0.00000      0.00000      0.00000
      1.44000      0.00000      0.00000      0.00000
      1.45000      0.00000      0.00000      0.00000
      1.46000      0.00000      0.00000      0.00000
      1.47000      0.00000      0.00000      0.00000
      1.48000      0.00000      0.00000      0.00000
      1.49000      0.00000      0.00000      0.00000
      1.50000      0.00000      0.00000      0.00000
      1.51000      0.00000      0.00000      0.00000
      1.52000      0.00000      0.00000      0.00000
      1.53000      0.00000      0.00000      0.00000
      1.54000      0.00000      0.00000      0.00000
      1.55000      0.00000      0.00000      0.00000
      1.56000      0.00000      0.00000      0.00000
      1.57000      0.00000      0.00000      0.00000
      1.58000      0.00000      0.00000      0.00000
      1.59000      0.00000      0.00000      0.00000
      1.60000      0.00000      0.00000      0.00000
      1.61000      0.00000      0.00000      0.00000
      1.62000      0.00000      0.00000      0.00000
      1.63000      0.00000      0.00000      0.00000
      1.64000      0.00000      0.00000      0.00000
      1.65000      0.00000      0.00000      0.00000
      1.66000      0.00000      0.00000      0.00000
      1.67000      0.00000      0.00000      0.00000
      1.68000      0.00000      0.00000      0.00000
      1.69000      0.00000      0.00000      0.00000
      1.70000      0.00000      0.00000      0.00000
      1.71000      0.00000      0.00000      0.00000
      1.72000      0.00000      0.00000      0.00000
      1.73000      0.00000      0.00000      0.00000
      1.74000      0.00000      0.00000      0.00000
      1.75000      0.00000      0.00000      0.00000
      1.76000      0.00000      0.00000      0.00000
      1.77000      0.00000      0.00000      0.00000
      1.78000      0.00000      0.00000      0.00000
      1.79000      0.00000      0.00000      0.00000
      1.80000      0.00000      0.00000      0.00000
      1.81000      0.00000      0.00000      0.00000
      1.82000      0.00000      0.00000      0.00000
      1.83000      0.00000      0.00000      0.00000
      1.84000      0.00000      0.00000      0.00000
      1.85000      0.00000      0.00000      0.00000
      1.86000      0.00000      0.00000      0.00000
      1.87000      0.00000      0.00000      0.00000
      1.88000      0.00000      0.00000      0.00000
      1.89000      0.00000      0.00000      0.00000
      1.90000      0.00000      0.00000      0.00000
      1.91000      0.00000      0.00000      0.00000
      1.92000      0.00000      0.00000      0.00000
      1.93000      0.00000      0.00000      0.00000
      1.94000      0.00000      0.00000      0.00000
      1.95000      0.00000      0.00000      0.00000
      1.96000      0.00000      0.00000      0.00000
      1.97000      0.00000      0.00000      0.00000
      1.98000      0.00000      0.00000      0.00000
      1.99000      0.00000      0.00000      0.00000
      2.00000      0.00000      0.00000      0.00000
      2.01000      0.00000      0.00000      0.00000
      2.02000      0.00000      0.00000      0.00000
      2.03000      0.00000      0.00000      0.00000
      2.04000      0.00000      0.00000      0.00000
      2.05000      0.00000      0.00000      0.00000
      2.06000      0.00000      0.00000      0.00000
      2.07000      0.00000      0.00000      0.00000
      2.08000      0.00000      0.00000      0.00000
      2.09000      0.00000      0.00000      0.00000
      2.10000      0.00000      0.00000      0.00000
      2.11000      0.00000      0.00000      0.00000
      2.12000      0.00000      0.00000      0.00000
      2.13000      0.00000      0.00000      0.00000
      2.14000      0.00000      0.00000      0.00000
      2.15000      0.00000      0.00000      0.00000
      2.16000      0.00000      0.00000      0.00000
      2.17000      0.00000      0.00000      0.00000
      2.18000      0.00000      0.00000      0.00000
      2.19000      0.00000      0.00000      0.00000
      2.20000      0.00000      0.00000      0.00000
      2.21000      0.00000      0.00000      0.00000
      2.22000      0.00000      0.00000      0.00000
      2.23000      0.00000      0.00000      0.00000
      2.24000      0.00000      0.00000      0.00000
      2.25000      0.00000      0.00000      0.00000
      2.26000      0.00000      0.00000      0.00000
      2.27000      0.00000      0.00000      0.00000
      2.28000      0.00000      0.00000      0.00000
      2.29000      0.00000      0.00000      0.00000
      2.30000      0.00000      0.00000      0.00000
      2.31000      0.00000      0.00000      0.00000
      2.32000      0.00000      0.00000      0.00000
      2.33000      0.00000      0.00000      0.00000
      2.34000      0.00000      0.00000      0.00000
      2.35000      0.00000      0.00000      0.00000
      2.36000      0.00000      0.00000      0.00000
      2.37000      0.00000      0.00000      0.00000
      2.38000      0.00000      0.00000      0.00000
      2.39000      0.00000      0.00000      0.00000
      2.40000      0.00000      0.00000      0.00000
      2.41000      0.00000      0.00000      0.00000
      2.42000      0.00000      0.00000      0.00000
      2.43000      0.00000      0.00000      0.00000
      2.44000      0.00000      0.00000      0.00000
      2.45000      0.00000      0.00000      0.00000
      2.46000      0.00000      0.00000      0.00000
      2.47000      0.00000      0.00000      0.00000
      2.48000      0.00000      0.00000      0.00000
      2.49000      0.00000      0.00000      0.00000
      2.50000      0.00000      0.00000      0.00000
      2.51000      0.00000      0.00000      0.00000
      2.52000      0.00000      0.00000      0.00000
      2.53000      0.00000      0.00000      0.00000
      2.54000      0.00000      0.00000      0.00000
      2.55000      0.00000      0.00000      0.00000
      2.56000      0.00000      0.00000      0.00000
      2.57000      0.00000      0.00000      0.00000
      2.58000      0.00000      0.00000      0.00000
      2.59000      0.00000      0.00000      0.00000
      2.60000      0.00000      0.00000      0.00000
      2.61000      0.00000      0.00000      0.00000
      2.62000      0.00000      0.00000      0.00000
      2.63000      0.00000      0.00000      0.00000
      2.64000      0.00000      0.00000      0.00000
      2.65000      0.00000      0.00000      0.00000
      2.66000      0.00000      0.00000      0.00000
      2.67000      0.00000      0.00000      0.00000
      2.68000      0.00000      0.00000      0.00000
      2.69000      0.00000      0.00000      0.00000
      2.70000      0.00000      0.00000      0.00000
      2.71000      0.00000      0.00000      0.00000
      2.72000      0.00000      0.00000      0.00000
      2.73000      0.00000      0.00000      0.00000
      2.74000      0.00000      0.00000      0.00000
      2.75000      0.00000      0.00000      0.00000
      2.76000      0.00000      0.00000      0.00000
      2.77000      0.00000      0.00000      0.00000
      2.78000      0.00000      0.00000      0.00000
      2.79000      0.00000      0.00000      0.00000
      2.80000      0.00000      0.00000      0.00000
      2.81000      0.00000      0.00000      0.00000
      2.82000      0.00000      0.00000      0.00000
      2.83000      0.00000      0.00000      0.00000
      2.84000      0.00000      0.00000      0.00000
      2.85000      0.00000      0.00000      0.00000
      2.86000      0.00000      0.00000      0.00000
      2.87000      0.00000      0.00000      0.00000
      2.88000      0.00000      0.00000      0.00000
      2.89000      0.00000      0.00000      0.00000
      2.90000      0.00000      0.00000      0.00000
      2.91000      0.00000      0.00000      0.00000
      2.92000      0.00000      0.00000      0.00000
      2.93000      0.00000      0.00000      0.00000
      2.94000      0.00000      0.00000      0.00000
      2.95000      0.00000      0.00000      0.00000
      2.96000      0.00000      0.00000      0.00000
      2.97000      0.00000      0.00000      0.00000
      2.98000      0.00000      0.00000      0.00000
      2.99000      0.00000      0.00000      0.00000
      3.00000      0.00000      0.00000      0.00000
      3.01000      0.00000      0.00000      0.00000
      3.02000      0.00000      0.00000      0.00000
      3.03000      0.00000      0.00000      0.00000
      3.04000      0.00000      0.00000      0.00000
      3.05000      0.00000      0.00000      0.00000
      3.06000      0.00000      0.00000      0.00000
      3.07000      0.00000      0.00000      0.00000
      3.08000      0.00000      0.00000      0.00000
      3.09000      0.00000      0.00000      0.00000
      3.10000      0.00000      0.00000      0.00000
      3.11000      0.00000      0.00000      0.00000
      3.12000      0.00000      0.00000      0.00000
      3.13000      0.00000      0.00000      0.00000
      3.14000      0.00000      0.00000      0.00000
      3.15000      0.00000      0.00000      0.00000
      3.16000      0.00000      0.00000      0.00000
      3.17000      0.00000      0.00000      0.00000
      3.18000      0.00000      0.00000      0.00000
      3.19000      0.00000      0.00000      0.00000
      3.20000      0.00000      0.00000      0.00000
      3.21000      0.00000      0.00000      0.00000
      3.22000      0.00000      0.00000      0.00000
      3.23000      0.00000      0.00000      0.00000
      3.24000      0.00000      0.00000      0.00000
      3.25000      0.00000      0.00000      0.00000
      3.26000      0.00000      0.00000      0.00000
      3.27000      0.00000      0.00000      0.00000
      3.28000      0.00000      0.00000      0.00000
      3.29000      0.00000      0.00000      0.00000
      3.30000      0.00000      0.00000      0.00000
      3.31000      0.00000      0.00000      0.00000
      3.32000      0.00000      0.00000      0.00000
      3.33000      0.00000      0.00000      0.00000
      3.34000      0.00000      0.00000      0.00000
      3.35000      0.00000      0.00000      0.00000
      3.36000      0.00000      0.00000      0.00000
      3.37000      0.00000      0.00000      0.00000
      3.38000      0.00000      0.00000      0.00000
      3.39000      0.00000      0.00000      0.00000
      3.40000      0.00000      0.00000      0.00000
      3.41000      0.00000      0.00000      0.00000
      3.42000      0.00000      0.00000      0.00000
      3.43000      0.00000      0.00000      0.00000
      3.44000      0.00000      0.00000      0.00000
      3.45000      0.00000      0.00000      0.00000
      3.46000      0.00000      0.00000      0.00000
      3.47000      0.00000      0.00000      0.00000
      3.48000      0.00000      0.00000      0.00000
      3.49000      0.00000      0.00000      0.00000
      3.50000      0.00000      0.00000      0.00000
      3.51000      0.00000      0.00000      0.00000
      3.52000      0.00000      0.00000      0.00000
      3.53000      0.00000      0.00000      0.00000
      3.54000      0.00000      0.00000      0.00000
      3.55000      0.00000      0.00000      0.00000
      3.56000      0.00000      0.00000      0.00000
      3.57000      0.00000      0.00000      0.00000
      3.58000      0.00000      0.00000      0.00000
      3.59000      0.00000      0.00000      0.00000
      3.60000      0.00000      0.00000      0.00000
      3.61000      0.00000      0.00000      0.00000
      3.62000      0.00000      0.00000      0.00000
      3.63000      0.00000      0.00000      0.00000
      3.64000      0.00000      0.00000      0.00000
      3.65000      0.00000      0.00000      0.00000
      3.66000      0.00000      0.00000      0.00000
      3.67000      0.00000      0.00000      0.00000
      3.68000      0.00000      0.00000      0.00000
      3.69000      0.00000      0.00000      0.00000
      3.70000      0.00000      0.00000      0.00000
      3.71000      0.00000      0.00000      0.00000
      3.72000      0.00000      0.00000      0.00000
      3.73000      0.00000      0.00000      0.00000
      3.74000      0.00000      0.00000      0.00000
      3.75000      0.00000      0.00000      0.00000
      3.76000      0.00000      0.00000      0.00000
      3.77000      0.00000      0.00000      0.00000
      3.78000      0.00000      0.00000      0.00000
      3.79000      0.00000      0.00000      0.00000
      3.80000      0.00000      0.00000      0.00000
      3.81000      0.00000      0.00000      0.00000
      3.82000      0.00000      0.00000      0.00000
      3.83000      0.00000      0.00000      0.00000
      3.84000      0.00000      0.00000      0.00000
      3.85000      0.00000      0.00000      0.00000
      3.86000      0.00000      0.00000      0.00000
      3.87000      0.00000      0.00000      0.00000
      3.88000      0.00000      0.00000      0.00000
      3.89000      0.00000      0.00000      0.00000
      3.90000      0.00000      0.00000      0.00000
      3.91000      0.00000      0.00000      0.00000
      3.92000      0.00000      0.00000      0.00000
      3.93000      0.00000      0.00000      0.00000
      3.94000      0.00000      0.00000      0.00000
      3.95000      0.00000      0.00000      0.00000
      3.96000      0.00000      0.00000      0.00000
      3.97000      0.00000      0.00000      0.00000
      3.98000      0.00000      0.00000      0.00000
      3.99000      0.00000      0.00000      0.00000
      4.00000      0.00000      0.00000      0.00000
      4.01000      0.00000      0.00000      0.00000
      4.02000      0.00000      0.00000      0.00000
      4.03000      0.00000      0.00000      0.00000
      4.04000      0.00000      0.00000      0.00000
      4.05000      0.00000      0.00000      0.00000
      4.06000      0.00000      0.00000      0.00000
      4.07000      0.00000      0.00000      0.00000
      4.08000      0.00000      0.00000      0.00000
      4.09000      0.00000      0.00000      0.00000
      4.10000      0.00000      0.00000      0.00000
      4.11000      0.00000      0.00000      0.00000
      4.12000      0.00000      0.00000      0.00000
      4.13000      0.00000      0.00000      0.00000
      4.14000      0.00000      0.00000      0.00000
      4.15000      0.00000      0.00000      0.00000
      4.16000      0.00000      0.00000      0.00000
      4.17000      0.00000      0.00000      0.00000
      4.18000      0.00000      0.00000      0.00000
      4.19000      0.00000      0.00000      0.00000
      4.20000      0.00000      0.00000      0.00000
      4.21000      0.00000      0.00000      0.00000
      4.22000      0.00000      0.00000      0.00000
      4.23000      0.00000      0.00000      0.00000
      4.24000      0.00000      0.00000      0.00000
      4.25000      0.00000      0.00000      0.00000
      4.26000      0.00000      0.00000      0.00000
      4.27000      0.00000      0.00000      0.00000
      4.28000      0.00000      0.00000      0.00000
      4.29000      0.00000      0.00000      0.00000
      4.30000      0.00000      0.00000      0.00000
      4.31000      0.00000      0.00000      0.00000
      4.32000      0.00000      0.00000      0.00000
      4.33000      0.00000      0.00000      0.00000
      4.34000      0.00000      0.00000      0.00000
      4.35000      0.00000      0.00000      0.00000
      4.36000      0.00000      0.00000      0.00000
      4.37000      0.00000      0.00000      0.00000
      4.38000      0.00000      0.00000      0.00000
      4.39000      0.00000      0.00000      0.00000
      4.40000      0.00000      0.00000      0.00000
      4.41000      0.00000      0.00000      0.00000
      4.42000      0.00000      0.00000      0.00000
      4.43000      0.00000      0.00000      0.00000
      4.44000      0.00000      0.00000      0.00000
      4.45000      0.00000      0.00000      0.00000
      4.46000      0.00000      0.00000      0.00000
      4.47000      0.00000      0.00000      0.00000
      4.48000      0.00000      0.00000      0.00000
      4.49000      0.00000      0.00000      0.00000
      4.50000      0.00000      0.00000      0.00000
      4.51000      0.00000      0.00000      0.00000
      4.52000      0.00000      0.00000      0.00000
      4.53000      0.00000      0.00000      0.00000
      4.54000      0.00000      0.00000      0.00000
      4.55000      0.00000      0.00000      0.00000
      4.56000      0.00000      0.00000      0.00000
      4.57000      0.00000      0.00000      0.00000
      4.58000      0.00000      0.00000      0.00000
      4.59000      0.00000      0.00000      0.00000
      4.60000      0.00000      0.00000      0.00000
      4.61000      0.00000      0.00000      0.00000
      4.62000      0.00000      0.00000      0.00000
      4.63000      0.00000      0.00000      0.00000
      4.64000      0.00000      0.00000      0.00000
      4.65000      0.00000      0.00000      0.00000
      4.66000      0.00000      0.00000      0.00000
      4.67000      0.00000      0.00000      0.00000
      4.68000      0.00000      0.00000      0.00000
      4.69000      0.00000      0.00000      0.00000
      4.70000      0.00000      0.00000      0.00000
      4.71000      0.00000      0.00000      0.00000
      4.72000      0.00000      0.00000      0.00000
      4.73000      0.00000      0.00000      0.00000
      4.74000      0.00000      0.00000      0.00000
      4.75000      0.00000      0.00000      0.00000
      4.76000      0.00000      0.00000      0.00000
      4.77000      0.00000      0.00000      0.00000
      4.78000      0.00000      0.00000      0.00000
      4.79000      0.00000      0.00000      0.00000
      4.80000      0.00000      0.00000      0.00000
      4.81000      0.00000      0.00000      0.00000
      4.82000      0.00000      0.00000      0.00000
      4.83000      0.00000      0.00000      0.00000
      4.84000      0.00000      0.00000      0.00000
      4.85000      0.00000      0.00000      0.00000
      4.86000      0.00000      0.00000      0.00000
      4.87000      0.00000      0.00000      0.00000
      4.88000      0.00000      0.00000      0.00000
      4.89000      0.00000      0.00000      0.00000
      4.90000      0.00000      0.00000      0.00000
      4.91000      0.00000      0.00000      0.00000
      4.92000      0.00000      0.00000      0.00000
      4.93000      0.00000      0.00000      0.00000
      4.94000      0.00000      0.00000      0.00000
      4.95000      0.00000      0.00000      0.00000
      4.96000      0.00000      0.00000      0.00000
      4.97000      0.00000      0.00000      0.00000
      4.98000      0.00000      0.00000      0.00000
      4.99000      0.00000      0.00000      0.00000
      5.00000      0.00000      0.00000      0.00000
      5.01000      0.00000      0.00000      0.00000
      5.02000      0.00000      0.00000      0.00000
      5.03000      0.00000      0.00000      0.00000
      5.04000      0.00000      0.00000      0.00000
      5.05000      0.00000      0.00000      0.00000
      5.06000      0.00000      0.00000      0.00000
      5.07000      0.00000      0.00000      0.00000
      5.08000      0.00000      0.00000      0.00000
      5.09000      0.00000      0.00000      0.00000
      5.10000      0.00000      0.00000      0.00000
      5.11000      0.00000      0.00000      0.00000
      5.12000      0.00000      0.00000      0.00000
      5.13000      0.00000      0.00000      0.00000
      5.14000      0.00000      0.00000      0.00000
      5.15000      0.00000      0.00000      0.00000
      5.16000      0.00000      0.00000      0.00000
      5.17000      0.00000      0.00000      0.00000
      5.18000      0.00000      0.00000      0.00000
      5.19000      0.00000      0.00000      0.00000
      5.20000      0.00000      0.00000      0.00000
      5.21000      0.00000      0.00000      0.00000
      5.22000      0.00000      0.00000      0.00000
      5.23000      0.00000      0.00000      0.00000
      5.24000      0.00000      0.00000      0.00000
      5.25000      0.00000      0.00000      0.00000
      5.26000      0.00000      0.00000      0.00000
      5.27000      0.00000      0.00000      0.00000
      5.28000      0.00000      0.00000      0.00000
      5.29000      0.00000      0.00000      0.00000
      5.30000      0.00000      0.00000      0.00000
      5.31000      0.00000      0.00000      0.00000
      5.32000      0.00000      0.00000      0.00000
      5.33000      0.00000      0.00000      0.00000
      5.34000      0.00000      0.00000      0.00000
      5.35000      0.00000      0.00000      0.00000
      5.36000      0.00000      0.00000      0.00000
      5.37000      0.00000      0.00000      0.00000
      5.38000      0.00000      0.00000      0.00000
      5.39000      0.00000      0.00000      0.00000
      5.40000      0.00000      0.00000      0.00000
      5.41000      0.00000      0.00000      0.00000
      5.42000      0.00000      0.00000      0.00000
      5.43000      0.00000      0.00000      0.00000
      5.44000      0.00000      0.00000      0.00000
      5.45000      0.00000      0.00000      0.00000
      5.46000      0.00000      0.00000      0.00000
      5.47000      0.00000      0.00000      0.00000
      5.48000      0.00000      0.00000      0.00000
      5.49000      0.00000      0.00000      0.00000
      5.50000      0.00000      0.00000      0.00000
      5.51000      0.00000      0.00000      0.00000
      5.52000      0.00000      0.00000      0.00000
      5.53000      0.00000      0.00000      0.00000
      5.54000      0.00000      0.00000      0.00000
      5.55000      0.00000      0.00000      0.00000
      5.56000      0.00000      0.00000      0.00000
      5.57000      0.00000      0.00000      0.00000
      5.58000      0.00000      0.00000      0.00000
      5.59000      0.00000      0.00000      0.00000
      5.60000      0.00000      0.00000      0.00000
      5.61000      0.00000      0.00000      0.00000
      5.62000      0.00000      0.00000      0.00000
      5.63000      0.00000      0.00000      0.00000
      5.64000      0.00000      0.00000      0.00000
      5.65000      0.00000      0.00000      0.00000
      5.66000      0.00000      0.00000      0.00000
      5.67000      0.00000      0.00000      0.00000
      5.68000      0.00000      0.00000      0.00000
      5.69000      0.00000      0.00000      0.00000
      5.70000      0.00000      0.00000      0.00000
      5.71000      0.00000      0.00000      0.00000
      5.72000      0.00000      0.00000      0.00000
      5.73000      0.00000      0.00000      0.00000
      5.74000      0.00000      0.00000      0.00000
      5.75000      0.00000      0.00000      0.00000
      5.76000      0.00000      0.00000      0.00000
      5.77000      0.00000      0.00000      0.00000
      5.78000      0.00000      0.00000      0.00000
      5.79000      0.00000      0.00000      0.00000
      5.80000      0.00000      0.00000      0.00000
      5.81000      0.00000      0.00000      0.00000
      5.82000      0.00000      0.00000      0.00000
      5.83000      0.00000      0.00000      0.00000
      5.84000      0.00000      0.00000      0.00000
      5.85000      0.00000      0.00000      0.00000
      5.86000      0.00000      0.00000      0.00000
      5.87000      0.00000      0.00000      0.00000
      5.88000      0.00000      0.00000      0.00000
      5.89000      0.00000      0.00000      0.00000
      5.90000      0.00000      0.00000      0.00000
      5.91000      0.00000      0.00000      0.00000
      5.92000      0.00000      0.00000      0.00000
      5.93000      0.00000      0.00000      0.00000
      5.94000      0.00000      0.00000      0.00000
      5.95000      0.00000      0.00000      0.00000
      5.96000      0.00000      0.00000      0.00000
      5.97000      0.00000      0.00000      0.00000
      5.98000      0.00000      0.00000      0.00000
      5.99000      0.00000      0.00000      0.00000
      6.00000      0.00000      0.00000      0.00000
      6.01000      0.00000      0.00000      0.00000
      6.02000      0.00000      0.00000      0.00000
      6.03000      0.00000      0.00000      0.00000
      6.04000      0.00000      0.00000      0.00000
      6.05000      0.00000      0.00000      0.00000
      6.06000      0.00000      0.00000      0.00000
      6.07000      0.00000      0.00000      0.00000
      6.08000      0.00000      0.00000      0.00000
      6.09000      0.00000      0.00000      0.00000
      6.10000      0.00000      0.00000      0.00000
      6.11000      0.00000      0.00000      0.00000
      6.12000      0.00000      0.00000      0.00000
      6.13000      0.00000      0.00000      0.00000
      6.14000      0.00000      0.00000      0.00000
      6.15000      0.00000      0.00000      0.00000
      6.16000      0.00000      0.00000      0.00000
      6.17000      0.00000      0.00000      0.00000
      6.18000      0.00000      0.00000      0.00000
      6.19000      0.00000      0.00000      0.00000
      6.20000      0.00000      0.00000      0.00000
      6.21000      0.00000      0.00000      0.00000
      6.22000      0.00000      0.00000      0.00000
      6.23000      0.00000      0.00000      0.00000
      6.24000      0.00000      0.00000      0.00000
      6.25000      0.00000      0.00000      0.00000
      6.26000      0.00000      0.00000      0.00000
      6.27000      0.00000      0.00000      0.00000
      6.28000      0.00000      0.00000      0.00000
      6.29000      0.00000      0.00000      0.00000
      6.30000      0.00000      0.00000      0.00000
      6.31000      0.00000      0.00000      0.00000
      6.32000      0.00000      0.00000      0.00000
      6.33000      0.00000      0.00000      0.00000
      6.34000      0.00000      0.00000      0.00000
      6.35000      0.00000      0.00000      0.00000
      6.36000      0.00000      0.00000      0.00000
      6.37000      0.00000      0.00000      0.00000
      6.38000      0.00000      0.00000      0.00000
      6.39000      0.00000      0.00000      0.00000
      6.40000      0.00000      0.00000      0.00000
      6.41000      0.00000      0.00000      0.00000
      6.42000      0.00000      0.00000      0.00000
      6.43000      0.00000      0.00000      0.00000
      6.44000      0.00000      0.00000      0.00000
      6.45000      0.00000      0.00000      0.00000
      6.46000      0.00000      0.00000      0.00000
      6.47000      0.00000      0.00000      0.00000
      6.48000      0.00000      0.00000      0.00000
      6.49000      0.00000      0.00000      0.00000
      6.50000      0.00000      0.00000      0.00000
      6.51000      0.00000      0.00000      0.00000
      6.52000      0.00000      0.00000      0.00000
      6.53000      0.00000      0.00000      0.00000
      6.54000      0.00000      0.00000      0.00000
      6.55000      0.00000      0.00000      0.00000
      6.56000      0.00000      0.00000      0.00000
      6.57000      0.00000      0.00000      0.00000
      6.58000      0.00000      0.00000      0.00000
      6.59000      0.00000      0.00000      0.00000
      6.60000      0.00000      0.00000      0.00000
      6.61000      0.00000      0.00000      0.00000
      6.62000      0.00000      0.00000      0.00000
      6.63000      0.00000      0.00000      0.00000
      6.64000      0.00000      0.00000      0.00000
      6.65000      0.00000      0.00000      0.00000
      6.66000      0.00000      0.00000      0.00000
      6.67000      0.00000      0.00000      0.00000
      6.68000      0.00000      0.00000      0.00000
      6.69000      0.00000      0.00000      0.00000
      6.70000      0.00000      0.00000      0.00000
      6.71000      0.00000      0.00000      0.00000
      6.72000      0.00000      0.00000      0.00000
      6.73000      0.00000      0.00000      0.00000
      6.74000      0.00000      0.00000      0.00000
      6.75000      0.00000      0.00000      0.00000
      6.76000      0.00000      0.00000      0.00000
      6.77000      0.00000      0.00000      0.00000
      6.78000      0.00000      0.00000      0.00000
      6.79000      0.00000      0.00000      0.00000
      6.80000      0.00000      0.00000      0.00000
      6.81000      0.00000      0.00000      0.00000
      6.82000      0.00000      0.00000      0.00000
      6.83000      0.00000      0.00000      0.00000
      6.84000      0.00000      0.00000      0.00000
      6.85000      0.00000      0.00000      0.00000
      6.86000      0.00000      0.00000      0.00000
      6.87000      0.00000      0.00000      0.00000
      6.88000      0.00000      0.00000      0.00000
      6.89000      0.00000      0.00000      0.00000
      6.90000      0.00000      0.00000      0.00000
      6.91000      0.00000      0.00000      0.00000
      6.92000      0.00000      0.00000      0.00000
      6.93000      0.00000      0.00000      0.00000
      6.94000      0.00000      0.00000      0.00000
      6.95000      0.00000      0.00000      0.00000
      6.96000      0.00000      0.00000      0.00000
      6.97000      0.00000      0.00000      0.00000
      6.98000      0.00000      0.00000      0.00000
      6.99000      0.00000      0.00000      0.00000
      7.00000      0.00000      0.00000      0.00000
      7.01000      0.00000      0.00000      0.00000
      7.02000      0.00000      0.00000      0.00000
      7.03000      0.00000      0.00000      0.00000
      7.04000      0.00000      0.00000      0.00000
      7.05000      0.00000      0.00000      0.00000
      7.06000      0.00000      0.00000      0.00000
      7.07000      0.00000      0.00000      0.00000
      7.08000      0.00000      0.00000      0.00000
      7.09000      0.00000      0.00000      0.00000
      7.10000      0.00000      0.00000      0.00000
      7.11000      0.00000      0.00000      0.00000
      7.12000      0.00000      0.00000      0.00000
      7.13000      0.00000      0.00000      0.00000
      7.14000      0.00000      0.00000      0.00000
      7.15000      0.00000      0.00000      0.00000
      7.16000      0.00000      0.00000      0.00000
      7.17000      0.00000      0.00000      0.00000
      7.18000      0.00000      0.00000      0.00000
      7.19000      0.00000      0.00000      0.00000
      7.20000      0.00000      0.00000      0.00000
      7.21000      0.00000      0.00000      0.00000
      7.22000      0.00000      0.00000      0.00000
      7.23000      0.00000      0.00000      0.00000
      7.24000      0.00000      0.00000      0.00000
      7.25000      0.00000      0.00000      0.00000
      7.26000      0.00000      0.00000      0.00000
      7.27000      0.00000      0.00000      0.00000
      7.28000      0.00000      0.00000      0.00000
      7.29000      0.00000      0.00000      0.00000
      7.30000      0.00000      0.00000      0.00000
      7.31000      0.00000      0.00000      0.00000
      7.32000      0.00000      0.00000      0.00000
      7.33000      0.00000      0.00000      0.00000
      7.34000      0.00000      0.00000      0.00000
      7.35000      0.00000      0.00000      0.00000
      7.36000      0.00000      0.00000      0.00000
      7.37000      0.00000      0.00000      0.00000
      7.38000      0.00000      0.00000      0.00000
      7.39000      0.00000      0.00000      0.00000
      7.40000      0.00000      0.00000      0.00000
      7.41000      0.00000      0.00000      0.00000
      7.42000      0.00000      0.00000      0.00000
      7.43000      0.00000      0.00000      0.00000
      7.44000      0.00000      0.00000      0.00000
      7.45000      0.00000      0.00000      0.00000
      7.46000      0.00000      0.00000      0.00000
      7.47000      0.00001      0.00000      0.00000
      7.48000      0.00029      0.00026      0.00003
      7.49000      0.00620      0.00553      0.00067
      7.50000      0.05064      0.04513      0.00551
      7.51000      0.17044      0.15182      0.01862
      7.52000      0.27293      0.24285      0.03008
      7.53000      0.29407      0.26102      0.03306
      7.54000      0.34668      0.30675      0.03993
      7.55000      0.41185      0.36363      0.04822
      7.56000      0.37931      0.33407      0.04524
      7.57000      0.34073      0.29899      0.04174
      7.58000      0.36603      0.32032      0.04571
      7.59000      0.34964      0.30525      0.04438
      7.60000      0.26188      0.22793      0.03396
      7.61000      0.28553      0.24730      0.03823
      7.62000      0.56236      0.48641      0.07595
      7.63000      0.70753      0.61117      0.09636
      7.64000      0.55272      0.47540      0.07732
      7.65000      0.38708      0.33053      0.05655
      7.66000      0.34546      0.29348      0.05198
      7.67000      0.50024      0.42473      0.07551
      7.68000      0.63978      0.54139      0.09839
      7.69000      0.54200      0.44728      0.09472
      7.70000      0.72144      0.56802      0.15342
      7.71000      1.38168      1.08676      0.29492
      7.72000      2.01786      1.59878      0.41907
      7.73000      2.44131      1.93755      0.50376
      7.74000      2.45975      1.95129      0.50846
      7.75000      1.89979      1.50109      0.39870
      7.76000      1.44404      1.13205      0.31199
      7.77000      1.12527      0.87914      0.24613
      7.78000      0.92572      0.72510      0.20062
      7.79000      1.03628      0.80830      0.22799
      7.80000      1.23772      0.96306      0.27466
      7.81000      1.34481      1.05278      0.29203
      7.82000      1.12447      0.88338      0.24109
      7.83000      0.71397      0.55890      0.15507
      7.84000      0.62400      0.48397      0.14003
      7.85000      0.77559      0.60407      0.17151
      7.86000      0.75283      0.59098      0.16185
      7.87000      0.65590      0.51472      0.14118
      7.88000      0.92346      0.71474      0.20872
      7.89000      1.31735      1.01697      0.30038
      7.90000      1.31852      1.02490      0.29362
      7.91000      0.87323      0.68529      0.18793
      7.92000      0.42730      0.33630      0.09100
      7.93000      0.29565      0.22559      0.07006
      7.94000      0.51497      0.38882      0.12615
      7.95000      0.71244      0.54473      0.16771
      7.96000      0.52414      0.40583      0.11830
      7.97000      0.33620      0.26280      0.07340
      7.98000      0.53681      0.41691      0.11990
      7.99000      0.95912      0.73173      0.22740
      8.00000      1.21851      0.91759      0.30092
      8.01000      0.93687      0.70538      0.23148
      8.02000      0.40977      0.31187      0.09789
      8.03000      0.18707      0.14520      0.04187
      8.04000      0.30258      0.23494      0.06765
      8.05000      0.49878      0.38216      0.11662
      8.06000      0.72572      0.54895      0.17676
      8.07000      0.72078      0.54427      0.17651
      8.08000      0.50550      0.38730      0.11820
      8.09000      0.47654      0.37184      0.10470
      8.10000      0.47083      0.36794      0.10289
      8.11000      0.43952      0.33649      0.10303
      8.12000      0.73373      0.54530      0.18843
      8.13000      1.17811      0.86980      0.30831
      8.14000      0.93364      0.69017      0.24347
      8.15000      0.32312      0.23990      0.08322
      8.16000      0.06762      0.05098      0.01664
      8.17000      0.13602      0.10449      0.03153
      8.18000      0.35681      0.27265      0.08416
      8.19000      0.48187      0.36274      0.11913
      8.20000      0.58357      0.43118      0.15239
      8.21000      0.67209      0.49784      0.17425
      8.22000      0.52911      0.39710      0.13201
      8.23000      0.29006      0.21953      0.07053
      8.24000      0.18237      0.13731      0.04506
      8.25000      0.28020      0.21014      0.07006
      8.26000      0.42053      0.31244      0.10809
      8.27000      0.68798      0.50064      0.18735
      8.28000      0.98869      0.71446      0.27423
      8.29000      0.75654      0.54959      0.20696
      8.30000      0.41545      0.30798      0.10747
      8.31000      0.44677      0.33663      0.11014
      8.32000      0.47658      0.36080      0.11578
      8.33000      0.38387      0.29155      0.09231
      8.34000      0.28840      0.21617      0.07224
      8.35000      0.35585      0.25859      0.09726
      8.36000      0.53562      0.38527      0.15035
      8.37000      0.45026      0.32373      0.12654
      8.38000      0.22516      0.16377      0.06139
      8.39000      0.24817      0.18387      0.06431
      8.40000      0.29673      0.21958      0.07715
      8.41000      0.28984      0.21304      0.07681
      8.42000      0.36905      0.26904      0.10001
      8.43000      0.52645      0.37926      0.14718
      8.44000      0.85910      0.61380      0.24531
      8.45000      0.89460      0.63861      0.25599
      8.46000      0.52160      0.37619      0.14541
      8.47000      0.22323      0.16362      0.05961
      8.48000      0.12376      0.09031      0.03344
      8.49000      0.18357      0.13323      0.05034
      8.50000      0.25444      0.18573      0.06872
      8.51000      0.31416      0.22894      0.08524
      8.52000      0.40245      0.29007      0.11288
      8.53000      0.52562      0.38283      0.14788
      8.54000      0.54097      0.41828      0.14164
      8.55000      0.41062      0.34167      0.09589
      8.56000      0.36144      0.30168      0.08255
      8.57000      0.40598      0.36052      0.08324
      8.58000      0.53389      0.48515      0.10536
      8.59000      0.59095      0.52933      0.12056
      8.60000      0.58782      0.52599      0.12244
      8.61000      0.75534      0.60569      0.19044
      8.62000      1.02313      0.78676      0.27399
      8.63000      0.93886      0.82433      0.20573
      8.64000      0.59679      0.66475      0.06667
      8.65000      0.41159      0.54159      0.00949
      8.66000      0.44584      0.58905      0.01059
      8.67000      0.57661      0.67609      0.05077
      8.68000      0.77754      0.82611      0.10592
      8.69000      0.80124      0.87665      0.09737
      8.70000      0.71386      0.81836      0.06836
      8.71000      0.88822      0.94766      0.11651
      8.72000      1.16303      1.16416      0.18551
      8.73000      1.13985      1.18671      0.15593
      8.74000      0.75197      0.84952      0.06907
      8.75000      0.39845      0.43871      0.04154
      8.76000      0.32176      0.30217      0.05856
      8.77000      0.40928      0.37292      0.07989
      8.78000      0.41762      0.35355      0.09515
      8.79000      0.36377      0.26958      0.10298
      8.80000      0.52212      0.36135      0.16177
      8.81000      0.72716      0.50291      0.22546
      8.82000      0.62457      0.45719      0.17997
      8.83000      0.59638      0.53071      0.12157
      8.84000      0.78568      0.78108      0.11709
      8.85000      0.76254      0.78907      0.09743
      8.86000      0.68478      0.71223      0.08516
      8.87000      0.67086      0.69405      0.08626
      8.88000      0.63574      0.66080      0.08223
      8.89000      0.65622      0.67696      0.08902
      8.90000      0.63627      0.60677      0.11264
      8.91000      0.44032      0.36132      0.10877
      8.92000      0.24654      0.17712      0.07370
      8.93000      0.26263      0.18513      0.07901
      8.94000      0.32686      0.24943      0.08797
      8.95000      0.37143      0.33578      0.07271
      8.96000      0.55333      0.53819      0.08880
      8.97000      0.68795      0.71082      0.08869
      8.98000      0.74954      0.77996      0.09387
      8.99000      0.90297      0.86551      0.15233
      9.00000      1.12549      1.02455      0.21955
      9.01000      1.09193      0.99406      0.21367
      9.02000      0.65389      0.61252      0.11842
      9.03000      0.31019      0.31444      0.04292
      9.04000      0.39078      0.41557      0.04321
      9.05000      0.46127      0.47050      0.06156
      9.06000      0.44234      0.42336      0.07362
      9.07000      0.52493      0.50812      0.08446
      9.08000      0.49338      0.46528      0.08689
      9.09000      0.41554      0.34450      0.09958
      9.10000      0.48340      0.37989      0.12745
      9.11000      0.55493      0.46843      0.12888
      9.12000      0.63870      0.61917      0.10395
      9.13000      0.72145      0.75807      0.08408
      9.14000      0.63341      0.64480      0.08450
      9.15000      0.51475      0.43317      0.11834
      9.16000      0.41398      0.29704      0.12342
      9.17000      0.37250      0.26526      0.11280
      9.18000      0.56114      0.43384      0.15163
      9.19000      0.82031      0.66597      0.20454
      9.20000      0.81667      0.67027      0.20062
      9.21000      0.50624      0.41001      0.12800
      9.22000      0.15811      0.12470      0.04196
      9.23000      0.03065      0.02256      0.00901
      9.24000      0.07679      0.05191      0.02496
      9.25000      0.25332      0.17290      0.08144
      9.26000      0.41710      0.30634      0.12218
      9.27000      0.44153      0.40549      0.08460
      9.28000      0.46966      0.51186      0.04563
      9.29000      0.67935      0.69081      0.09301
      9.30000      1.01116      0.94275      0.18515
      9.31000      0.89974      0.80565      0.18303
      9.32000      0.43537      0.39963      0.08339
      9.33000      0.22282      0.21218      0.03904
      9.34000      0.27041      0.24116      0.05656
      9.35000      0.37305      0.33775      0.07497
      9.36000      0.42480      0.37346      0.09176
      9.37000      0.40414      0.35782      0.08659
      9.38000      0.43578      0.38836      0.09234
      9.39000      0.61881      0.51405      0.15155
      9.40000      0.72496      0.55958      0.20130
      9.41000      0.55808      0.39744      0.17359
      9.42000      0.42729      0.28869      0.14096
      9.43000      0.40256      0.28212      0.12662
      9.44000      0.38288      0.31190      0.09621
      9.45000      0.43260      0.38633      0.08984
      9.46000      0.48882      0.45776      0.08946
      9.47000      0.61559      0.62669      0.08470
      9.48000      0.61326      0.61491      0.08984
      9.49000      0.43099      0.37225      0.09721
      9.50000      0.32074      0.24035      0.09361
      9.51000      0.34850      0.31029      0.07393
      9.52000      0.59998      0.60803      0.08500
      9.53000      0.77553      0.80368      0.09984
      9.54000      0.54916      0.55483      0.07890
      9.55000      0.40528      0.35449      0.08932
      9.56000      0.40709      0.35326      0.09139
      9.57000      0.34057      0.28553      0.08228
      9.58000      0.38600      0.27032      0.12354
      9.59000      0.53855      0.35679      0.18415
      9.60000      0.63501      0.43410      0.21003
      9.61000      0.50697      0.37547      0.15167
      9.62000      0.25814      0.22051      0.06097
      9.63000      0.24111      0.23376      0.04147
      9.64000      0.36034      0.34541      0.06383
      9.65000      0.46818      0.45571      0.07816
      9.66000      0.57456      0.57141      0.08878
      9.67000      0.53180      0.51852      0.08877
      9.68000      0.52828      0.50435      0.09516
      9.69000      0.62296      0.58401      0.11803
      9.70000      0.60397      0.54840      0.12403
      9.71000      0.45182      0.38387      0.10734
      9.72000      0.39862      0.33818      0.09449
      9.73000      0.40283      0.35654      0.08720
      9.74000      0.48065      0.40446      0.11700
      9.75000      0.55197      0.45416      0.14096
      9.76000      0.45389      0.35366      0.12700
      9.77000      0.48525      0.34509      0.15376
      9.78000      0.69244      0.51122      0.20828
      9.79000      0.69692      0.54155      0.19457
      9.80000      0.44398      0.37406      0.10869
      9.81000      0.23658      0.24895      0.03131
      9.82000      0.12665      0.15084      0.00716
      9.83000      0.16072      0.15918      0.02623
      9.84000      0.38376      0.33426      0.08769
      9.85000      0.48955      0.38773      0.13262
      9.86000      0.35863      0.27956      0.09494
      9.87000      0.36680      0.33482      0.06053
      9.88000      0.75571      0.71972      0.11479
      9.89000      1.21870      1.17556      0.18745
      9.90000      1.17064      1.17668      0.15500
      9.91000      0.78660      0.84369      0.06718
      9.92000      0.60306      0.62956      0.04915
      9.93000      0.62072      0.61205      0.07054
      9.94000      0.68673      0.66213      0.09445
      9.95000      0.71584      0.67856      0.10912
      9.96000      0.72774      0.69416      0.10827
      9.97000      0.84906      0.76497      0.14779
      9.98000      0.90885      0.78590      0.17744
      9.99000      0.87684      0.82007      0.14002
     10.00000      0.88951      0.86962      0.12350
     10.01000      0.74139      0.67072      0.13318
     10.02000      0.61571      0.54372      0.11051
     10.03000      0.77733      0.73980      0.10530
     10.04000      0.92461      0.89837      0.11998
     10.05000      0.79235      0.74793      0.11705
     10.06000      0.75380      0.70532      0.11608
     10.07000      0.79836      0.78937      0.09795
     10.08000      0.63643      0.66542      0.05325
     10.09000      0.47495      0.45597      0.06410
     10.10000      0.57083      0.49875      0.10604
     10.11000      0.82189      0.78354      0.10491
     10.12000      0.91662      0.88320      0.11367
     10.13000      0.81391      0.77199      0.11600
     10.14000      0.85205      0.81247      0.12659
     10.15000      0.96875      0.87355      0.17237
     10.16000      0.87700      0.75060      0.16993
     10.17000      0.64615      0.54594      0.12305
     10.18000      0.49268      0.43386      0.08122
     10.19000      0.50353      0.48322      0.06235
     10.20000      0.69161      0.69178      0.06734
     10.21000      0.90061      0.89532      0.08790
     10.22000      1.02078      0.98783      0.12825
     10.23000      0.95059      0.92363      0.13233
     10.24000      0.86432      0.87014      0.10752
     10.25000      0.85637      0.85182      0.10197
     10.26000      0.72002      0.67321      0.09873
     10.27000      0.56034      0.48409      0.09559
     10.28000      0.58262      0.47341      0.12022
     10.29000      0.72041      0.57345      0.15814
     10.30000      0.95681      0.76741      0.20421
     10.31000      1.13479      0.91096      0.24371
     10.32000      1.05390      0.86809      0.21958
     10.33000      0.79742      0.74633      0.10678
     10.34000      0.58293      0.62106      0.02279
     10.35000      0.55743      0.61867      0.00963
     10.36000      0.73923      0.78933      0.04673
     10.37000      0.94893      0.93765      0.11299
     10.38000      0.85222      0.76896      0.14093
     10.39000      0.66690      0.57256      0.12837
     10.40000      0.71582      0.65423      0.10723
     10.41000      0.96025      0.88006      0.12756
     10.42000      1.16067      1.07838      0.14742
     10.43000      1.10826      1.08981      0.12057
     10.44000      0.92026      0.90360      0.11060
     10.45000      0.85597      0.74506      0.15877
     10.46000      0.88042      0.71916      0.17565
     10.47000      0.75756      0.65323      0.10892
     10.48000      0.70708      0.63746      0.08813
     10.49000      0.78426      0.71500      0.12228
     10.50000      0.85499      0.77907      0.13676
     10.51000      0.83560      0.72115      0.15526
     10.52000      1.03329      0.92098      0.18424
     10.53000      1.56765      1.52077      0.20193
     10.54000      1.62156      1.64892      0.15591
     10.55000      1.09721      1.12230      0.09150
     10.56000      0.73790      0.68230      0.09669
     10.57000      0.78506      0.63284      0.16591
     10.58000      1.06071      0.85569      0.23407
     10.59000      1.14507      1.00279      0.19532
     10.60000      0.95417      0.92961      0.09904
     10.61000      0.87541      0.87544      0.09365
     10.62000      0.86363      0.76524      0.15835
     10.63000      0.92950      0.77934      0.18110
     10.64000      1.09542      0.97654      0.17284
     10.65000      1.24642      1.14200      0.17965
     10.66000      1.16109      1.05531      0.16480
     10.67000      1.07706      0.94807      0.17389
     10.68000      1.14791      0.97429      0.22413
     10.69000      1.17880      0.98403      0.24290
     10.70000      1.19677      1.01482      0.23361
     10.71000      1.24334      1.02590      0.25457
     10.72000      1.12177      0.89277      0.24181
     10.73000      0.89095      0.72329      0.18364
     10.74000      0.96578      0.83894      0.16795
     10.75000      1.28848      1.11562      0.21664
     10.76000      1.52865      1.25595      0.30351
     10.77000      1.60838      1.32223      0.33251
     10.78000      1.39977      1.18734      0.26977
     10.79000      1.29798      1.09578      0.25054
     10.80000      1.43939      1.20615      0.28289
     10.81000      1.60844      1.32382      0.33302
     10.82000      1.78112      1.39300      0.41090
     10.83000      2.02670      1.56334      0.47190
     10.84000      2.50565      1.97748      0.55116
     10.85000      2.89581      2.30889      0.62922
     10.86000      2.88707      2.27388      0.64781
     10.87000      2.59840      2.05598      0.58518
     10.88000      2.42923      2.00034      0.51790
     10.89000      2.23024      1.91978      0.44207
     10.90000      1.60311      1.53184      0.25431
     10.91000      0.87477      0.98589      0.07419
     10.92000      0.37974      0.47806      0.00977
     10.93000      0.12411      0.16167      0.00055
     10.94000      0.05111      0.06705      0.00001
     10.95000      0.10956      0.14411      0.00000
     10.96000      0.17011      0.22470      0.00000
     10.97000      0.17628      0.23526      0.00000
     10.98000      0.14192      0.19068      0.00000
     10.99000      0.06337      0.08505      0.00000
     11.00000      0.06145      0.08097      0.00000
     11.01000      0.16863      0.22160      0.00000
     11.02000      0.26024      0.34234      0.00000
     11.03000      0.25476      0.33488      0.00000
     11.04000      0.20818      0.27319      0.00000
     11.05000      0.19852      0.26271      0.00000
     11.06000      0.30158      0.40249      0.00000
     11.07000      0.32833      0.43862      0.00000
     11.08000      0.21114      0.28177      0.00000
     11.09000      0.08144      0.10860      0.00000
     11.10000      0.04306      0.05770      0.00000
     11.11000      0.10504      0.14112      0.00000
     11.12000      0.13705      0.18410      0.00000
     11.13000      0.09008      0.12066      0.00000
     11.14000      0.11168      0.14869      0.00000
     11.15000      0.16179      0.21534      0.00000
     11.16000      0.16686      0.22256      0.00000
     11.17000      0.16720      0.22328      0.00000
     11.18000      0.16890      0.22497      0.00000
     11.19000      0.21685      0.28828      0.00000
     11.20000      0.18241      0.24216      0.00000
     11.21000      0.17969      0.23686      0.00000
     11.22000      0.28481      0.37456      0.00000
     11.23000      0.27638      0.36471      0.00000
     11.24000      0.25096      0.33301      0.00000
     11.25000      0.24156      0.31972      0.00000
     11.26000      0.13826      0.18217      0.00000
     11.27000      0.03623      0.04762      0.00000
     11.28000      0.00813      0.01069      0.00000
     11.29000      0.03639      0.04801      0.00000
     11.30000      0.14191      0.18773      0.00000
     11.31000      0.30257      0.40185      0.00000
     11.32000      0.34795      0.46354      0.00000
     11.33000      0.21688      0.28908      0.00000
     11.34000      0.15694      0.20854      0.00000
     11.35000      0.15290      0.20284      0.00000
     11.36000      0.14776      0.19584      0.00000
     11.37000      0.16758      0.22229      0.00000
     11.38000      0.15009      0.19994      0.00000
     11.39000      0.14146      0.18921      0.00000
     11.40000      0.17368      0.23171      0.00000
     11.41000      0.30930      0.41022      0.00000
     11.42000      0.39543      0.52295      0.00000
     11.43000      0.26444      0.34977      0.00000
     11.44000      0.24045      0.31990      0.00000
     11.45000      0.35422      0.47212      0.00000
     11.46000      0.30108      0.40114      0.00000
     11.47000      0.21011      0.27960      0.00000
     11.48000      0.20226      0.26855      0.00000
     11.49000      0.30715      0.40702      0.00000
     11.50000      0.35195      0.46620      0.00000
     11.51000      0.32017      0.42387      0.00000
     11.52000      0.40732      0.53886      0.00000
     11.53000      0.32352      0.42778      0.00000
     11.54000      0.10727      0.14176      0.00000
     11.55000      0.01713      0.02262      0.00000
     11.56000      0.03253      0.04300      0.00000
     11.57000      0.13746      0.18173      0.00000
     11.58000      0.26877      0.35538      0.00000
     11.59000      0.33171      0.43857      0.00000
     11.60000      0.40411      0.53393      0.00000
     11.61000      0.37592      0.49618      0.00000
     11.62000      0.23437      0.30921      0.00000
     11.63000      0.17716      0.23389      0.00000
     11.64000      0.15012      0.19800      0.00000
     11.65000      0.14879      0.19579      0.00000
     11.66000      0.12369      0.16265      0.00000
     11.67000      0.09333      0.12276      0.00000
     11.68000      0.19890      0.26153      0.00000
     11.69000      0.27300      0.35874      0.00000
     11.70000      0.14897      0.19567      0.00000
     11.71000      0.07694      0.10143      0.00000
     11.72000      0.16687      0.22054      0.00000
     11.73000      0.24313      0.32141      0.00000
     11.74000      0.16865      0.22299      0.00000
     11.75000      0.05575      0.07372      0.00000
     11.76000      0.02461      0.03246      0.00000
     11.77000      0.10694      0.14069      0.00000
     11.78000      0.31989      0.41993      0.00000
     11.79000      0.52434      0.68668      0.00000
     11.80000      0.48659      0.63595      0.00000
     11.81000      0.27529      0.35912      0.00000
     11.82000      0.17589      0.22947      0.00000
     11.83000      0.14103      0.18385      0.00000
     11.84000      0.09805      0.12678      0.00000
     11.85000      0.10169      0.13096      0.00000
     11.86000      0.16672      0.21651      0.00000
     11.87000      0.29409      0.38376      0.00000
     11.88000      0.36343      0.47429      0.00000
     11.89000      0.33458      0.43648      0.00000
     11.90000      0.22095      0.28780      0.00000
     11.91000      0.17013      0.21829      0.00000
     11.92000      0.21790      0.27946      0.00000
     11.93000      0.29269      0.37999      0.00000
     11.94000      0.26490      0.34565      0.00000
     11.95000      0.13671      0.17806      0.00000
     11.96000      0.18315      0.23720      0.00000
     11.97000      0.32911      0.42769      0.00000
     11.98000      0.30805      0.40302      0.00000
     11.99000      0.19435      0.25602      0.00000
     12.00000      0.19682      0.25911      0.00000
     12.01000      0.33405      0.43585      0.00000
     12.02000      0.42027      0.54191      0.00000
     12.03000      0.34654      0.44328      0.00000
     12.04000      0.24566      0.31727      0.00000
     12.05000      0.20386      0.26664      0.00000
     12.06000      0.19521      0.25396      0.00000
     12.07000      0.19371      0.24729      0.00000
     12.08000      0.19334      0.24130      0.00000
     12.09000      0.21333      0.26576      0.00000
     12.10000      0.33820      0.42819      0.00000
     12.11000      0.50889      0.65298      0.00000
     12.12000      0.56263      0.72587      0.00000
     12.13000      0.40209      0.51881      0.00000
     12.14000      0.14704      0.18959      0.00000
     12.15000      0.05133      0.06682      0.00000
     12.16000      0.09060      0.11683      0.00000
     12.17000      0.19677      0.24480      0.00000
     12.18000      0.35163      0.43165      0.00000
     12.19000      0.34167      0.42369      0.00000
     12.20000      0.19789      0.25236      0.00000
     12.21000      0.11145      0.14607      0.00000
     12.22000      0.05680      0.07455      0.00000
     12.23000      0.05253      0.06566      0.00000
     12.24000      0.14403      0.17880      0.00000
     12.25000      0.23137      0.29233      0.00000
     12.26000      0.20877      0.26811      0.00000
     12.27000      0.21196      0.26889      0.00000
     12.28000      0.39593      0.50082      0.00000
     12.29000      0.47314      0.60477      0.00000
     12.30000      0.30636      0.39302      0.00000
     12.31000      0.21785      0.27009      0.00000
     12.32000      0.26306      0.32007      0.00000
     12.33000      0.21469      0.26282      0.00000
     12.34000      0.15683      0.19148      0.00000
     12.35000      0.25824      0.31642      0.00000
     12.36000      0.35301      0.43391      0.00000
     12.37000      0.39436      0.47957      0.00000
     12.38000      0.39272      0.48032      0.00000
     12.39000      0.30193      0.37483      0.00000
     12.40000      0.26959      0.34025      0.00000
     12.41000      0.46086      0.59083      0.00000
     12.42000      0.59295      0.75916      0.00000
     12.43000      0.48367      0.60547      0.00000
     12.44000      0.38702      0.46609      0.00000
     12.45000      0.49114      0.59471      0.00000
     12.46000      0.56768      0.69476      0.00000
     12.47000      0.44011      0.53373      0.00000
     12.48000      0.41827      0.49292      0.00000
     12.49000      0.42490      0.48689      0.00000
     12.50000      0.29867      0.33532      0.00000
     12.51000      0.12758      0.14229      0.00000
