Energy-E_F (eV)    DOS (1/eV)    PDOS (1/eV)  of atom type B  N  
     -5.99721      0.67522      0.27662      0.39860
     -5.98721      0.51332      0.20916      0.30416
     -5.97721      0.36802      0.14883      0.21918
     -5.96721      0.27405      0.11111      0.16294
     -5.95721      0.15404      0.06283      0.09121
     -5.94721      0.17470      0.07179      0.10291
     -5.93721      0.33368      0.13956      0.19412
     -5.92721      0.41199      0.17504      0.23694
     -5.91721      0.50824      0.21415      0.29410
     -5.90721      0.70412      0.28909      0.41503
     -5.89721      0.69504      0.27981      0.41523
     -5.88721      0.53228      0.21377      0.31851
     -5.87721      0.53544      0.21975      0.31569
     -5.86721      0.54652      0.22605      0.32048
     -5.85721      0.43369      0.17681      0.25688
     -5.84721      0.38557      0.15758      0.22799
     -5.83721      0.44856      0.18750      0.26106
     -5.82721      0.52232      0.21986      0.30246
     -5.81721      0.60686      0.25690      0.34996
     -5.80721      0.72808      0.30976      0.41832
     -5.79721      0.67064      0.28456      0.38607
     -5.78721      0.43278      0.18003      0.25274
     -5.77721      0.26172      0.10540      0.15632
     -5.76721      0.34886      0.13857      0.21029
     -5.75721      0.61565      0.24599      0.36966
     -5.74721      0.77565      0.31266      0.46298
     -5.73721      0.66581      0.27003      0.39578
     -5.72721      0.43892      0.17743      0.26149
     -5.71721      0.33936      0.13574      0.20362
     -5.70721      0.43089      0.17406      0.25682
     -5.69721      0.50514      0.20686      0.29829
     -5.68721      0.48845      0.20185      0.28660
     -5.67721      0.51431      0.21250      0.30181
     -5.66721      0.53595      0.22124      0.31471
     -5.65721      0.44418      0.18339      0.26079
     -5.64721      0.39021      0.15825      0.23197
     -5.63721      0.40247      0.16220      0.24027
     -5.62721      0.46332      0.18776      0.27556
     -5.61721      0.57935      0.23320      0.34615
     -5.60721      0.80864      0.32653      0.48210
     -5.59721      0.87331      0.35665      0.51666
     -5.58721      0.57772      0.24192      0.33580
     -5.57721      0.44237      0.19061      0.25176
     -5.56721      0.45501      0.19197      0.26304
     -5.55721      0.51426      0.20845      0.30581
     -5.54721      0.56782      0.22874      0.33908
     -5.53721      0.41886      0.16947      0.24939
     -5.52721      0.17638      0.07155      0.10483
     -5.51721      0.20299      0.08379      0.11920
     -5.50721      0.46242      0.19134      0.27108
     -5.49721      0.63192      0.25824      0.37368
     -5.48721      0.72060      0.28977      0.43082
     -5.47721      0.79875      0.32155      0.47720
     -5.46721      0.86697      0.35271      0.51426
     -5.45721      0.77707      0.31580      0.46127
     -5.44721      0.52747      0.21129      0.31618
     -5.43721      0.38505      0.15203      0.23302
     -5.42721      0.38046      0.15149      0.22897
     -5.41721      0.49931      0.20086      0.29844
     -5.40721      0.56017      0.22383      0.33635
     -5.39721      0.41381      0.16471      0.24910
     -5.38721      0.42981      0.17308      0.25673
     -5.37721      0.51542      0.20903      0.30639
     -5.36721      0.55427      0.22767      0.32660
     -5.35721      0.69163      0.28734      0.40429
     -5.34721      0.78239      0.32468      0.45771
     -5.33721      0.65399      0.27093      0.38306
     -5.32721      0.56792      0.23109      0.33683
     -5.31721      0.65371      0.26003      0.39367
     -5.30721      0.57727      0.22728      0.34999
     -5.29721      0.37342      0.14601      0.22740
     -5.28721      0.21502      0.08439      0.13063
     -5.27721      0.32766      0.13080      0.19686
     -5.26721      0.61936      0.24842      0.37094
     -5.25721      0.76096      0.30253      0.45843
     -5.24721      0.70679      0.27520      0.43159
     -5.23721      0.69237      0.26737      0.42500
     -5.22721      0.79090      0.30710      0.48380
     -5.21721      0.89674      0.34935      0.54739
     -5.20721      1.09371      0.42681      0.66689
     -5.19721      1.07228      0.41583      0.65645
     -5.18721      0.86226      0.33208      0.53019
     -5.17721      0.93086      0.36241      0.56845
     -5.16721      1.11412      0.43861      0.67552
     -5.15721      1.09815      0.43056      0.66758
     -5.14721      0.96246      0.37568      0.58678
     -5.13721      0.85748      0.33629      0.52119
     -5.12721      0.84837      0.33437      0.51400
     -5.11721      0.79822      0.31627      0.48194
     -5.10721      0.75485      0.29340      0.46146
     -5.09721      0.83438      0.31530      0.51908
     -5.08721      0.99248      0.37561      0.61687
     -5.07721      0.95198      0.36793      0.58405
     -5.06721      0.80732      0.31684      0.49048
     -5.05721      0.77166      0.29676      0.47490
     -5.04721      0.66862      0.25071      0.41792
     -5.03721      0.44143      0.16356      0.27787
     -5.02721      0.41248      0.15767      0.25481
     -5.01721      0.77671      0.30051      0.47620
     -5.00721      1.14402      0.43974      0.70428
     -4.99721      1.33996      0.51906      0.82090
     -4.98721      1.28549      0.49907      0.78642
     -4.97721      0.89633      0.34186      0.55447
     -4.96721      0.69987      0.26164      0.43824
     -4.95721      0.82609      0.31089      0.51519
     -4.94721      0.94550      0.36249      0.58302
     -4.93721      0.87915      0.33984      0.53931
     -4.92721      0.81966      0.31924      0.50042
     -4.91721      0.93856      0.36552      0.57305
     -4.90721      1.02700      0.39419      0.63281
     -4.89721      1.08351      0.41485      0.66866
     -4.88721      1.05908      0.40848      0.65060
     -4.87721      0.94192      0.36401      0.57791
     -4.86721      0.93062      0.35818      0.57244
     -4.85721      0.91183      0.34484      0.56699
     -4.84721      0.90529      0.33934      0.56595
     -4.83721      0.80691      0.30673      0.50017
     -4.82721      0.79902      0.30977      0.48925
     -4.81721      0.89450      0.34961      0.54489
     -4.80721      0.79473      0.30729      0.48744
     -4.79721      0.88969      0.33639      0.55331
     -4.78721      1.25944      0.47916      0.78028
     -4.77721      1.29800      0.49680      0.80120
     -4.76721      0.99690      0.37641      0.62050
     -4.75721      0.71868      0.26388      0.45480
     -4.74721      0.60369      0.22056      0.38313
     -4.73721      0.77505      0.28947      0.48558
     -4.72721      1.01478      0.38400      0.63078
     -4.71721      0.99962      0.37656      0.62307
     -4.70721      0.95680      0.35923      0.59757
     -4.69721      0.92894      0.35704      0.57191
     -4.68721      0.99606      0.38851      0.60755
     -4.67721      1.20225      0.46539      0.73686
     -4.66721      1.24094      0.47511      0.76583
     -4.65721      1.29256      0.49050      0.80206
     -4.64721      1.31284      0.49911      0.81373
     -4.63721      0.99267      0.37548      0.61719
     -4.62721      0.65985      0.24554      0.41431
     -4.61721      0.57376      0.21167      0.36209
     -4.60721      0.65059      0.23851      0.41209
     -4.59721      0.80932      0.29612      0.51320
     -4.58721      1.03224      0.38147      0.65076
     -4.57721      1.31241      0.49484      0.81757
     -4.56721      1.44322      0.55241      0.89081
     -4.55721      1.25557      0.47802      0.77755
     -4.54721      1.01509      0.38079      0.63430
     -4.53721      0.72329      0.27375      0.44953
     -4.52721      0.73265      0.28080      0.45185
     -4.51721      1.09243      0.41022      0.68221
     -4.50721      1.31366      0.48473      0.82893
     -4.49721      1.35206      0.49995      0.85212
     -4.48721      1.20235      0.45084      0.75150
     -4.47721      1.02462      0.39085      0.63377
     -4.46721      0.93278      0.35744      0.57534
     -4.45721      0.81750      0.31105      0.50645
     -4.44721      1.02732      0.39153      0.63580
     -4.43721      1.53863      0.58203      0.95660
     -4.42721      1.70975      0.64078      1.06896
     -4.41721      1.38160      0.51074      0.87086
     -4.40721      1.13123      0.41551      0.71571
     -4.39721      1.05168      0.39260      0.65909
     -4.38721      0.99421      0.38000      0.61421
     -4.37721      1.05646      0.40240      0.65406
     -4.36721      1.13668      0.42073      0.71595
     -4.35721      1.28742      0.46995      0.81747
     -4.34721      1.33916      0.48647      0.85269
     -4.33721      1.19154      0.43378      0.75776
     -4.32721      1.17993      0.43448      0.74545
     -4.31721      1.37280      0.51018      0.86262
     -4.30721      1.72645      0.64729      1.07916
     -4.29721      2.14374      0.80345      1.34029
     -4.28721      2.06670      0.76920      1.29749
     -4.27721      1.53670      0.56406      0.97264
     -4.26721      1.08827      0.39571      0.69256
     -4.25721      1.06974      0.39539      0.67435
     -4.24721      1.20191      0.44796      0.75395
     -4.23721      1.27872      0.47796      0.80076
     -4.22721      1.29604      0.48577      0.81028
     -4.21721      1.22477      0.45954      0.76523
     -4.20721      1.17997      0.44313      0.73684
     -4.19721      1.19716      0.44931      0.74785
     -4.18721      1.32974      0.49808      0.83167
     -4.17721      1.50441      0.55313      0.95128
     -4.16721      1.36229      0.48983      0.87246
     -4.15721      1.17237      0.42378      0.74859
     -4.14721      1.10170      0.40873      0.69297
     -4.13721      1.00627      0.38069      0.62558
     -4.12721      1.08650      0.41339      0.67311
     -4.11721      1.22164      0.45901      0.76263
     -4.10721      1.27919      0.47394      0.80526
     -4.09721      1.30322      0.48170      0.82152
     -4.08721      1.03323      0.38096      0.65227
     -4.07721      0.80584      0.29346      0.51237
     -4.06721      0.89701      0.32337      0.57364
     -4.05721      1.01473      0.36810      0.64663
     -4.04721      0.83112      0.30876      0.52236
     -4.03721      0.73020      0.27481      0.45540
     -4.02721      0.83758      0.30892      0.52866
     -4.01721      1.02546      0.37784      0.64762
     -4.00721      1.22615      0.45747      0.76868
     -3.99721      1.27263      0.47630      0.79633
     -3.98721      1.24567      0.46088      0.78479
     -3.97721      0.99166      0.35966      0.63199
     -3.96721      0.78309      0.28315      0.49994
     -3.95721      0.98640      0.36074      0.62566
     -3.94721      1.09611      0.40051      0.69560
     -3.93721      1.01593      0.37096      0.64497
     -3.92721      0.96764      0.35705      0.61060
     -3.91721      0.84233      0.31185      0.53049
     -3.90721      0.83942      0.30979      0.52963
     -3.89721      1.05335      0.39146      0.66189
     -3.88721      1.26124      0.46543      0.79580
     -3.87721      1.12357      0.40463      0.71894
     -3.86721      0.67728      0.23863      0.43865
     -3.85721      0.49594      0.17771      0.31823
     -3.84721      0.88041      0.32288      0.55752
     -3.83721      1.18619      0.44160      0.74459
     -3.82721      0.90253      0.34096      0.56157
     -3.81721      0.58514      0.22223      0.36291
     -3.80721      0.70626      0.26595      0.44031
     -3.79721      1.04322      0.39029      0.65293
     -3.78721      1.22154      0.45423      0.76731
     -3.77721      1.32974      0.48786      0.84188
     -3.76721      1.37755      0.49843      0.87912
     -3.75721      1.16365      0.41584      0.74781
     -3.74721      0.74009      0.26101      0.47908
     -3.73721      0.47731      0.16756      0.30975
     -3.72721      0.49722      0.17370      0.32352
     -3.71721      0.67930      0.24168      0.43762
     -3.70721      0.92820      0.33920      0.58899
     -3.69721      1.00586      0.37642      0.62944
     -3.68721      0.90229      0.33863      0.56366
     -3.67721      0.85080      0.31012      0.54068
     -3.66721      0.84038      0.30462      0.53575
     -3.65721      0.80989      0.29412      0.51577
     -3.64721      0.83257      0.29493      0.53764
     -3.63721      0.99019      0.35376      0.63643
     -3.62721      1.14233      0.42149      0.72084
     -3.61721      1.04742      0.39017      0.65724
     -3.60721      0.76724      0.27989      0.48735
     -3.59721      0.57287      0.20571      0.36716
     -3.58721      0.47614      0.17444      0.30170
     -3.57721      0.60200      0.22488      0.37712
     -3.56721      0.99322      0.36510      0.62812
     -3.55721      1.27162      0.45850      0.81313
     -3.54721      1.15468      0.41018      0.74450
     -3.53721      0.88464      0.31459      0.57005
     -3.52721      0.69560      0.24678      0.44881
     -3.51721      0.64066      0.22345      0.41721
     -3.50721      0.68105      0.24085      0.44020
     -3.49721      0.67843      0.24290      0.43553
     -3.48721      0.66942      0.23974      0.42968
     -3.47721      0.81958      0.29882      0.52076
     -3.46721      1.17458      0.43450      0.74008
     -3.45721      1.29190      0.47666      0.81524
     -3.44721      1.09786      0.39990      0.69796
     -3.43721      0.80511      0.29201      0.51310
     -3.42721      0.71887      0.26325      0.45563
     -3.41721      0.78011      0.28468      0.49542
     -3.40721      0.61848      0.22358      0.39490
     -3.39721      0.46486      0.16539      0.29947
     -3.38721      0.65727      0.23120      0.42608
     -3.37721      0.93906      0.33631      0.60275
     -3.36721      0.85230      0.30660      0.54570
     -3.35721      0.61676      0.22354      0.39322
     -3.34721      0.59160      0.21302      0.37858
     -3.33721      0.77895      0.27002      0.50893
     -3.32721      1.00103      0.35069      0.65035
     -3.31721      1.03746      0.37241      0.66505
     -3.30721      1.02948      0.37172      0.65775
     -3.29721      1.14892      0.41151      0.73742
     -3.28721      1.08696      0.38748      0.69949
     -3.27721      0.66389      0.23774      0.42615
     -3.26721      0.39952      0.14014      0.25937
     -3.25721      0.40500      0.13744      0.26756
     -3.24721      0.54533      0.18927      0.35605
     -3.23721      0.68909      0.24317      0.44592
     -3.22721      0.68301      0.24324      0.43977
     -3.21721      0.70552      0.24987      0.45566
     -3.20721      1.00363      0.35323      0.65040
     -3.19721      1.05523      0.37109      0.68413
     -3.18721      0.78781      0.28251      0.50530
     -3.17721      0.73564      0.27243      0.46322
     -3.16721      0.78992      0.28859      0.50133
     -3.15721      0.81449      0.29350      0.52099
     -3.14721      0.72117      0.26872      0.45245
     -3.13721      0.65544      0.25047      0.40498
     -3.12721      0.78520      0.29240      0.49280
     -3.11721      1.03045      0.37017      0.66028
     -3.10721      1.03857      0.35893      0.67964
     -3.09721      0.90638      0.30010      0.60629
     -3.08721      0.75472      0.24839      0.50633
     -3.07721      0.68894      0.23238      0.45656
     -3.06721      0.76437      0.26597      0.49840
     -3.05721      0.66587      0.23651      0.42936
     -3.04721      0.57403      0.20490      0.36913
     -3.03721      0.60801      0.21602      0.39199
     -3.02721      0.75655      0.26115      0.49541
     -3.01721      0.73201      0.24807      0.48394
     -3.00721      0.42595      0.14252      0.28342
     -2.99721      0.33185      0.11359      0.21826
     -2.98721      0.60612      0.22059      0.38553
     -2.97721      1.02274      0.37084      0.65191
     -2.96721      1.21995      0.43128      0.78867
     -2.95721      1.10920      0.39197      0.71723
     -2.94721      0.85584      0.30659      0.54925
     -2.93721      0.92485      0.32627      0.59858
     -2.92721      1.05995      0.37266      0.68729
     -2.91721      0.73070      0.26194      0.46876
     -2.90721      0.38218      0.13566      0.24652
     -2.89721      0.42275      0.13906      0.28369
     -2.88721      0.51360      0.16725      0.34634
     -2.87721      0.39962      0.13629      0.26333
     -2.86721      0.40327      0.15132      0.25194
     -2.85721      0.57677      0.21242      0.36435
     -2.84721      0.88343      0.30450      0.57892
     -2.83721      1.21836      0.41048      0.80788
     -2.82721      1.20275      0.40410      0.79866
     -2.81721      0.91400      0.30860      0.60540
     -2.80721      0.72223      0.25270      0.46952
     -2.79721      0.63185      0.22308      0.40877
     -2.78721      0.50799      0.17194      0.33605
     -2.77721      0.51669      0.17697      0.33971
     -2.76721      0.65966      0.23694      0.42272
     -2.75721      0.87946      0.31547      0.56399
     -2.74721      1.09981      0.39009      0.70973
     -2.73721      1.09801      0.38619      0.71182
     -2.72721      0.81559      0.27818      0.53742
     -2.71721      0.55984      0.18283      0.37701
     -2.70721      0.52696      0.17802      0.34893
     -2.69721      0.63495      0.22118      0.41378
     -2.68721      0.65248      0.22185      0.43063
     -2.67721      0.52877      0.17136      0.35741
     -2.66721      0.50681      0.16612      0.34069
     -2.65721      0.65941      0.22815      0.43126
     -2.64721      0.81133      0.28264      0.52868
     -2.63721      0.72609      0.25430      0.47179
     -2.62721      0.51226      0.18404      0.32823
     -2.61721      0.51601      0.17754      0.33847
     -2.60721      0.60775      0.19772      0.41004
     -2.59721      0.66883      0.21798      0.45085
     -2.58721      0.75488      0.25105      0.50383
     -2.57721      0.70319      0.23707      0.46612
     -2.56721      0.68107      0.23341      0.44766
     -2.55721      0.98590      0.34011      0.64579
     -2.54721      1.46407      0.50644      0.95764
     -2.53721      1.36722      0.47115      0.89607
     -2.52721      0.90667      0.30915      0.59752
     -2.51721      0.60887      0.21002      0.39885
     -2.50721      0.44954      0.15257      0.29696
     -2.49721      0.39446      0.12677      0.26769
     -2.48721      0.27659      0.08816      0.18843
     -2.47721      0.37627      0.12460      0.25167
     -2.46721      0.68711      0.23064      0.45647
     -2.45721      0.88820      0.29762      0.59058
     -2.44721      0.94656      0.31558      0.63098
     -2.43721      0.82924      0.27537      0.55388
     -2.42721      0.64498      0.21758      0.42740
     -2.41721      0.40564      0.14003      0.26561
     -2.40721      0.36381      0.12211      0.24170
     -2.39721      0.60573      0.19823      0.40750
     -2.38721      0.72224      0.23597      0.48627
     -2.37721      0.64158      0.21412      0.42746
     -2.36721      0.72017      0.25281      0.46736
     -2.35721      1.06573      0.37823      0.68750
     -2.34721      0.96255      0.33859      0.62396
     -2.33721      0.62954      0.20996      0.41958
     -2.32721      0.68615      0.20767      0.47848
     -2.31721      0.80682      0.24048      0.56634
     -2.30721      0.73376      0.22751      0.50624
     -2.29721      0.56896      0.18507      0.38389
     -2.28721      0.49893      0.16777      0.33115
     -2.27721      0.58586      0.20310      0.38276
     -2.26721      0.91686      0.31868      0.59818
     -2.25721      1.12632      0.38164      0.74468
     -2.24721      0.96179      0.31469      0.64710
     -2.23721      0.60599      0.19085      0.41514
     -2.22721      0.39831      0.12578      0.27253
     -2.21721      0.40391      0.12796      0.27595
     -2.20721      0.46936      0.14779      0.32157
     -2.19721      0.60746      0.19803      0.40943
     -2.18721      0.88825      0.29598      0.59227
     -2.17721      1.09579      0.37006      0.72573
     -2.16721      0.97429      0.33102      0.64327
     -2.15721      0.73450      0.23858      0.49591
     -2.14721      0.55928      0.16779      0.39148
     -2.13721      0.37167      0.11532      0.25636
     -2.12721      0.36362      0.12960      0.23401
     -2.11721      0.53910      0.18734      0.35176
     -2.10721      0.66450      0.21194      0.45256
     -2.09721      0.68146      0.21279      0.46868
     -2.08721      0.60376      0.19754      0.40622
     -2.07721      0.56158      0.18698      0.37459
     -2.06721      0.74795      0.23583      0.51212
     -2.05721      0.88288      0.26895      0.61392
     -2.04721      0.81402      0.24862      0.56540
     -2.03721      0.88930      0.28039      0.60891
     -2.02721      1.05490      0.34164      0.71326
     -2.01721      1.05529      0.35144      0.70384
     -2.00721      0.81780      0.27882      0.53898
     -1.99721      0.55835      0.19144      0.36691
     -1.98721      0.43771      0.14440      0.29331
     -1.97721      0.43875      0.13089      0.30785
     -1.96721      0.61041      0.17740      0.43301
     -1.95721      0.73379      0.22056      0.51323
     -1.94721      0.60817      0.18871      0.41946
     -1.93721      0.58063      0.18457      0.39606
     -1.92721      0.80087      0.25617      0.54470
     -1.91721      0.82061      0.26274      0.55787
     -1.90721      0.61804      0.19431      0.42373
     -1.89721      0.59373      0.18180      0.41193
     -1.88721      0.62715      0.19814      0.42902
     -1.87721      0.81312      0.26660      0.54652
     -1.86721      0.93537      0.29980      0.63557
     -1.85721      0.67993      0.21296      0.46697
     -1.84721      0.36121      0.11938      0.24184
     -1.83721      0.31822      0.10844      0.20978
     -1.82721      0.57461      0.18302      0.39159
     -1.81721      0.85485      0.26849      0.58636
     -1.80721      0.78082      0.24390      0.53692
     -1.79721      0.68713      0.20405      0.48308
     -1.78721      0.86796      0.25104      0.61692
     -1.77721      0.95618      0.28347      0.67271
     -1.76721      0.87501      0.27093      0.60407
     -1.75721      0.86587      0.26885      0.59702
     -1.74721      0.86736      0.26349      0.60387
     -1.73721      0.70076      0.21051      0.49025
     -1.72721      0.52503      0.16294      0.36208
     -1.71721      0.41182      0.13238      0.27944
     -1.70721      0.40246      0.12616      0.27631
     -1.69721      0.60855      0.18529      0.42326
     -1.68721      0.82808      0.24739      0.58069
     -1.67721      0.87503      0.26189      0.61314
     -1.66721      0.85075      0.26423      0.58652
     -1.65721      0.89578      0.28079      0.61499
     -1.64721      0.82285      0.24799      0.57486
     -1.63721      0.54110      0.15601      0.38509
     -1.62721      0.49592      0.14400      0.35192
     -1.61721      0.67089      0.20276      0.46813
     -1.60721      0.66817      0.20580      0.46237
     -1.59721      0.64758      0.19128      0.45630
     -1.58721      0.68844      0.20119      0.48725
     -1.57721      0.60954      0.19317      0.41637
     -1.56721      0.45803      0.15330      0.30473
     -1.55721      0.54563      0.16926      0.37637
     -1.54721      0.76059      0.22242      0.53817
     -1.53721      0.82247      0.23485      0.58762
     -1.52721      0.91638      0.26126      0.65512
     -1.51721      1.00598      0.28314      0.72284
     -1.50721      0.88766      0.24914      0.63852
     -1.49721      0.72213      0.20486      0.51727
     -1.48721      0.66715      0.17764      0.48952
     -1.47721      0.58685      0.14712      0.43974
     -1.46721      0.39924      0.09845      0.30079
     -1.45721      0.24788      0.06099      0.18689
     -1.44721      0.23905      0.05846      0.18059
     -1.43721      0.39770      0.09633      0.30136
     -1.42721      0.58403      0.14089      0.44313
     -1.41721      0.56271      0.13551      0.42721
     -1.40721      0.45705      0.11023      0.34683
     -1.39721      0.46978      0.11346      0.35632
     -1.38721      0.55862      0.13456      0.42406
     -1.37721      0.48314      0.11603      0.36711
     -1.36721      0.37602      0.08978      0.28624
     -1.35721      0.47462      0.11260      0.36202
     -1.34721      0.51989      0.12281      0.39707
     -1.33721      0.37646      0.08857      0.28789
     -1.32721      0.34593      0.08122      0.26471
     -1.31721      0.38088      0.08894      0.29194
     -1.30721      0.38857      0.08995      0.29862
     -1.29721      0.37971      0.08762      0.29210
     -1.28721      0.37436      0.08654      0.28782
     -1.27721      0.58182      0.13483      0.44699
     -1.26721      0.84540      0.19629      0.64911
     -1.25721      0.82923      0.19236      0.63687
     -1.24721      0.68604      0.15837      0.52766
     -1.23721      0.63844      0.14653      0.49191
     -1.22721      0.53105      0.12146      0.40960
     -1.21721      0.46393      0.10517      0.35875
     -1.20721      0.57343      0.12853      0.44490
     -1.19721      0.61720      0.13774      0.47946
     -1.18721      0.54067      0.12049      0.42018
     -1.17721      0.47083      0.10450      0.36633
     -1.16721      0.43167      0.09522      0.33645
     -1.15721      0.38650      0.08523      0.30128
     -1.14721      0.50102      0.11062      0.39039
     -1.13721      0.73614      0.16207      0.57407
     -1.12721      0.75516      0.16538      0.58978
     -1.11721      0.65603      0.14249      0.51353
     -1.10721      0.59102      0.12742      0.46360
     -1.09721      0.49412      0.10617      0.38795
     -1.08721      0.47079      0.10023      0.37056
     -1.07721      0.58401      0.12339      0.46062
     -1.06721      0.49993      0.10514      0.39479
     -1.05721      0.38522      0.08067      0.30454
     -1.04721      0.43558      0.09049      0.34509
     -1.03721      0.55033      0.11363      0.43670
     -1.02721      0.80626      0.16793      0.63834
     -1.01721      1.09748      0.23075      0.86673
     -1.00721      1.07084      0.22494      0.84590
     -0.99721      0.94550      0.19636      0.74915
     -0.98721      0.90768      0.18588      0.72180
     -0.97721      0.86338      0.17488      0.68849
     -0.96721      0.82245      0.16520      0.65726
     -0.95721      0.78609      0.15659      0.62950
     -0.94721      0.80315      0.15831      0.64484
     -0.93721      0.86144      0.16809      0.69335
     -0.92721      0.93239      0.18017      0.75222
     -0.91721      1.10259      0.21144      0.89116
     -0.90721      1.29290      0.24832      1.04459
     -0.89721      1.13600      0.22084      0.91516
     -0.88721      0.80116      0.15719      0.64397
     -0.87721      0.70053      0.13582      0.56470
     -0.86721      0.79174      0.15093      0.64082
     -0.85721      0.75146      0.14174      0.60972
     -0.84721      0.47818      0.08918      0.38900
     -0.83721      0.29675      0.05446      0.24229
     -0.82721      0.27280      0.04964      0.22317
     -0.81721      0.33474      0.06077      0.27397
     -0.80721      0.53862      0.09828      0.44034
     -0.79721      1.10606      0.20525      0.90081
     -0.78721      1.88235      0.35385      1.52849
     -0.77721      1.70761      0.32183      1.38578
     -0.76721      0.77223      0.14390      0.62833
     -0.75721      0.29438      0.05295      0.24143
     -0.74721      0.20891      0.03662      0.17230
     -0.73721      0.26428      0.04610      0.21818
     -0.72721      0.29089      0.05071      0.24018
     -0.71721      0.31747      0.05523      0.26224
     -0.70721      0.36798      0.06418      0.30381
     -0.69721      0.47520      0.08335      0.39186
     -0.68721      0.70695      0.12477      0.58218
     -0.67721      0.83434      0.14713      0.68720
     -0.66721      0.61522      0.10724      0.50798
     -0.65721      0.32628      0.05572      0.27056
     -0.64721      0.25715      0.04321      0.21395
     -0.63721      0.30616      0.05110      0.25506
     -0.62721      0.38294      0.06368      0.31926
     -0.61721      0.47298      0.07849      0.39449
     -0.60721      0.54530      0.09046      0.45484
     -0.59721      0.65321      0.10855      0.54466
     -0.58721      0.81826      0.13680      0.68146
     -0.57721      0.92982      0.15570      0.77411
     -0.56721      0.74630      0.12361      0.62269
     -0.55721      0.36217      0.05879      0.30338
     -0.54721      0.16290      0.02577      0.13713
     -0.53721      0.23921      0.03736      0.20185
     -0.52721      0.31390      0.04878      0.26513
     -0.51721      0.34592      0.05328      0.29264
     -0.50721      0.44220      0.06799      0.37421
     -0.49721      0.41893      0.06468      0.35425
     -0.48721      0.43661      0.06759      0.36903
     -0.47721      0.47833      0.07359      0.40474
     -0.46721      0.37924      0.05746      0.32178
     -0.45721      0.30011      0.04453      0.25558
     -0.44721      0.32783      0.04799      0.27983
     -0.43721      0.39249      0.05709      0.33540
     -0.42721      0.42188      0.06104      0.36084
     -0.41721      0.42107      0.06086      0.36021
     -0.40721      0.45152      0.06529      0.38623
     -0.39721      0.64242      0.09219      0.55023
     -0.38721      0.72033      0.10250      0.61783
     -0.37721      0.39977      0.05652      0.34325
     -0.36721      0.14026      0.01940      0.12086
     -0.35721      0.20279      0.02722      0.17556
     -0.34721      0.32427      0.04336      0.28091
     -0.33721      0.34601      0.04580      0.30021
     -0.32721      0.39211      0.05156      0.34055
     -0.31721      0.39729      0.05231      0.34499
     -0.30721      0.33964      0.04448      0.29515
     -0.29721      0.29851      0.03841      0.26011
     -0.28721      0.26243      0.03311      0.22932
     -0.27721      0.27488      0.03421      0.24067
     -0.26721      0.35316      0.04345      0.30971
     -0.25721      0.45469      0.05544      0.39925
     -0.24721      0.53750      0.06507      0.47242
     -0.23721      0.49519      0.05978      0.43541
     -0.22721      0.31193      0.03730      0.27463
     -0.21721      0.27162      0.03145      0.24018
     -0.20721      0.27767      0.03174      0.24592
     -0.19721      0.18195      0.02056      0.16139
     -0.18721      0.24586      0.02718      0.21868
     -0.17721      0.37899      0.04156      0.33742
     -0.16721      0.38500      0.04166      0.34334
     -0.15721      0.32820      0.03498      0.29321
     -0.14721      0.24790      0.02603      0.22186
     -0.13721      0.27996      0.02879      0.25117
     -0.12721      0.39513      0.04010      0.35503
     -0.11721      0.40686      0.04086      0.36601
     -0.10721      0.30880      0.03048      0.27832
     -0.09721      0.25056      0.02411      0.22646
     -0.08721      0.25830      0.02434      0.23396
     -0.07721      0.27974      0.02594      0.25379
     -0.06721      0.26929      0.02455      0.24475
     -0.05721      0.27429      0.02436      0.24993
     -0.04721      0.35310      0.03073      0.32238
     -0.03721      0.34242      0.02944      0.31298
     -0.02721      0.24404      0.02051      0.22353
     -0.01721      0.23880      0.01946      0.21935
     -0.00721      0.22635      0.01819      0.20817
      0.00279      0.11770      0.00940      0.10830
      0.01279      0.02719      0.00216      0.02503
      0.02279      0.00250      0.00020      0.00230
      0.03279      0.00009      0.00001      0.00008
      0.04279      0.00000      0.00000      0.00000
      0.05279      0.00000      0.00000      0.00000
      0.06279      0.00000      0.00000      0.00000
      0.07279      0.00000      0.00000      0.00000
      0.08279      0.00000      0.00000      0.00000
      0.09279      0.00000      0.00000      0.00000
      0.10279      0.00000      0.00000      0.00000
      0.11279      0.00000      0.00000      0.00000
      0.12279      0.00000      0.00000      0.00000
      0.13279      0.00000      0.00000      0.00000
      0.14279      0.00000      0.00000      0.00000
      0.15279      0.00000      0.00000      0.00000
      0.16279      0.00000      0.00000      0.00000
      0.17279      0.00000      0.00000      0.00000
      0.18279      0.00000      0.00000      0.00000
      0.19279      0.00000      0.00000      0.00000
      0.20279      0.00000      0.00000      0.00000
      0.21279      0.00000      0.00000      0.00000
      0.22279      0.00000      0.00000      0.00000
      0.23279      0.00000      0.00000      0.00000
      0.24279      0.00000      0.00000      0.00000
      0.25279      0.00000      0.00000      0.00000
      0.26279      0.00000      0.00000      0.00000
      0.27279      0.00000      0.00000      0.00000
      0.28279      0.00000      0.00000      0.00000
      0.29279      0.00000      0.00000      0.00000
      0.30279      0.00000      0.00000      0.00000
      0.31279      0.00000      0.00000      0.00000
      0.32279      0.00000      0.00000      0.00000
      0.33279      0.00000      0.00000      0.00000
      0.34279      0.00000      0.00000      0.00000
      0.35279      0.00000      0.00000      0.00000
      0.36279      0.00000      0.00000      0.00000
      0.37279      0.00000      0.00000      0.00000
      0.38279      0.00000      0.00000      0.00000
      0.39279      0.00000      0.00000      0.00000
      0.40279      0.00000      0.00000      0.00000
      0.41279      0.00000      0.00000      0.00000
      0.42279      0.00000      0.00000      0.00000
      0.43279      0.00000      0.00000      0.00000
      0.44279      0.00000      0.00000      0.00000
      0.45279      0.00000      0.00000      0.00000
      0.46279      0.00000      0.00000      0.00000
      0.47279      0.00000      0.00000      0.00000
      0.48279      0.00000      0.00000      0.00000
      0.49279      0.00000      0.00000      0.00000
      0.50279      0.00000      0.00000      0.00000
      0.51279      0.00000      0.00000      0.00000
      0.52279      0.00000      0.00000      0.00000
      0.53279      0.00000      0.00000      0.00000
      0.54279      0.00000      0.00000      0.00000
      0.55279      0.00000      0.00000      0.00000
      0.56279      0.00000      0.00000      0.00000
      0.57279      0.00000      0.00000      0.00000
      0.58279      0.00000      0.00000      0.00000
      0.59279      0.00000      0.00000      0.00000
      0.60279      0.00000      0.00000      0.00000
      0.61279      0.00000      0.00000      0.00000
      0.62279      0.00000      0.00000      0.00000
      0.63279      0.00000      0.00000      0.00000
      0.64279      0.00000      0.00000      0.00000
      0.65279      0.00000      0.00000      0.00000
      0.66279      0.00000      0.00000      0.00000
      0.67279      0.00000      0.00000      0.00000
      0.68279      0.00000      0.00000      0.00000
      0.69279      0.00000      0.00000      0.00000
      0.70279      0.00000      0.00000      0.00000
      0.71279      0.00000      0.00000      0.00000
      0.72279      0.00000      0.00000      0.00000
      0.73279      0.00000      0.00000      0.00000
      0.74279      0.00000      0.00000      0.00000
      0.75279      0.00000      0.00000      0.00000
      0.76279      0.00000      0.00000      0.00000
      0.77279      0.00000      0.00000      0.00000
      0.78279      0.00000      0.00000      0.00000
      0.79279      0.00000      0.00000      0.00000
      0.80279      0.00000      0.00000      0.00000
      0.81279      0.00000      0.00000      0.00000
      0.82279      0.00000      0.00000      0.00000
      0.83279      0.00000      0.00000      0.00000
      0.84279      0.00000      0.00000      0.00000
      0.85279      0.00000      0.00000      0.00000
      0.86279      0.00000      0.00000      0.00000
      0.87279      0.00000      0.00000      0.00000
      0.88279      0.00000      0.00000      0.00000
      0.89279      0.00000      0.00000      0.00000
      0.90279      0.00000      0.00000      0.00000
      0.91279      0.00000      0.00000      0.00000
      0.92279      0.00000      0.00000      0.00000
      0.93279      0.00000      0.00000      0.00000
      0.94279      0.00000      0.00000      0.00000
      0.95279      0.00000      0.00000      0.00000
      0.96279      0.00000      0.00000      0.00000
      0.97279      0.00000      0.00000      0.00000
      0.98279      0.00000      0.00000      0.00000
      0.99279      0.00000      0.00000      0.00000
      1.00279      0.00000      0.00000      0.00000
      1.01279      0.00000      0.00000      0.00000
      1.02279      0.00000      0.00000      0.00000
      1.03279      0.00000      0.00000      0.00000
      1.04279      0.00000      0.00000      0.00000
      1.05279      0.00000      0.00000      0.00000
      1.06279      0.00000      0.00000      0.00000
      1.07279      0.00000      0.00000      0.00000
      1.08279      0.00000      0.00000      0.00000
      1.09279      0.00000      0.00000      0.00000
      1.10279      0.00000      0.00000      0.00000
      1.11279      0.00000      0.00000      0.00000
      1.12279      0.00000      0.00000      0.00000
      1.13279      0.00000      0.00000      0.00000
      1.14279      0.00000      0.00000      0.00000
      1.15279      0.00000      0.00000      0.00000
      1.16279      0.00000      0.00000      0.00000
      1.17279      0.00000      0.00000      0.00000
      1.18279      0.00000      0.00000      0.00000
      1.19279      0.00000      0.00000      0.00000
      1.20279      0.00000      0.00000      0.00000
      1.21279      0.00000      0.00000      0.00000
      1.22279      0.00000      0.00000      0.00000
      1.23279      0.00000      0.00000      0.00000
      1.24279      0.00000      0.00000      0.00000
      1.25279      0.00000      0.00000      0.00000
      1.26279      0.00000      0.00000      0.00000
      1.27279      0.00000      0.00000      0.00000
      1.28279      0.00000      0.00000      0.00000
      1.29279      0.00000      0.00000      0.00000
      1.30279      0.00000      0.00000      0.00000
      1.31279      0.00000      0.00000      0.00000
      1.32279      0.00000      0.00000      0.00000
      1.33279      0.00000      0.00000      0.00000
      1.34279      0.00000      0.00000      0.00000
      1.35279      0.00000      0.00000      0.00000
      1.36279      0.00000      0.00000      0.00000
      1.37279      0.00000      0.00000      0.00000
      1.38279      0.00000      0.00000      0.00000
      1.39279      0.00000      0.00000      0.00000
      1.40279      0.00000      0.00000      0.00000
      1.41279      0.00000      0.00000      0.00000
      1.42279      0.00000      0.00000      0.00000
      1.43279      0.00000      0.00000      0.00000
      1.44279      0.00000      0.00000      0.00000
      1.45279      0.00000      0.00000      0.00000
      1.46279      0.00000      0.00000      0.00000
      1.47279      0.00000      0.00000      0.00000
      1.48279      0.00000      0.00000      0.00000
      1.49279      0.00000      0.00000      0.00000
      1.50279      0.00000      0.00000      0.00000
      1.51279      0.00000      0.00000      0.00000
      1.52279      0.00000      0.00000      0.00000
      1.53279      0.00000      0.00000      0.00000
      1.54279      0.00000      0.00000      0.00000
      1.55279      0.00000      0.00000      0.00000
      1.56279      0.00000      0.00000      0.00000
      1.57279      0.00000      0.00000      0.00000
      1.58279      0.00000      0.00000      0.00000
      1.59279      0.00000      0.00000      0.00000
      1.60279      0.00000      0.00000      0.00000
      1.61279      0.00000      0.00000      0.00000
      1.62279      0.00000      0.00000      0.00000
      1.63279      0.00000      0.00000      0.00000
      1.64279      0.00000      0.00000      0.00000
      1.65279      0.00000      0.00000      0.00000
      1.66279      0.00000      0.00000      0.00000
      1.67279      0.00000      0.00000      0.00000
      1.68279      0.00000      0.00000      0.00000
      1.69279      0.00000      0.00000      0.00000
      1.70279      0.00000      0.00000      0.00000
      1.71279      0.00000      0.00000      0.00000
      1.72279      0.00000      0.00000      0.00000
      1.73279      0.00000      0.00000      0.00000
      1.74279      0.00000      0.00000      0.00000
      1.75279      0.00000      0.00000      0.00000
      1.76279      0.00000      0.00000      0.00000
      1.77279      0.00000      0.00000      0.00000
      1.78279      0.00000      0.00000      0.00000
      1.79279      0.00000      0.00000      0.00000
      1.80279      0.00000      0.00000      0.00000
      1.81279      0.00000      0.00000      0.00000
      1.82279      0.00000      0.00000      0.00000
      1.83279      0.00000      0.00000      0.00000
      1.84279      0.00000      0.00000      0.00000
      1.85279      0.00000      0.00000      0.00000
      1.86279      0.00000      0.00000      0.00000
      1.87279      0.00000      0.00000      0.00000
      1.88279      0.00000      0.00000      0.00000
      1.89279      0.00000      0.00000      0.00000
      1.90279      0.00000      0.00000      0.00000
      1.91279      0.00000      0.00000      0.00000
      1.92279      0.00000      0.00000      0.00000
      1.93279      0.00000      0.00000      0.00000
      1.94279      0.00000      0.00000      0.00000
      1.95279      0.00000      0.00000      0.00000
      1.96279      0.00000      0.00000      0.00000
      1.97279      0.00000      0.00000      0.00000
      1.98279      0.00000      0.00000      0.00000
      1.99279      0.00000      0.00000      0.00000
      2.00279      0.00000      0.00000      0.00000
      2.01279      0.00000      0.00000      0.00000
      2.02279      0.00000      0.00000      0.00000
      2.03279      0.00000      0.00000      0.00000
      2.04279      0.00000      0.00000      0.00000
      2.05279      0.00000      0.00000      0.00000
      2.06279      0.00000      0.00000      0.00000
      2.07279      0.00000      0.00000      0.00000
      2.08279      0.00000      0.00000      0.00000
      2.09279      0.00000      0.00000      0.00000
      2.10279      0.00000      0.00000      0.00000
      2.11279      0.00000      0.00000      0.00000
      2.12279      0.00000      0.00000      0.00000
      2.13279      0.00000      0.00000      0.00000
      2.14279      0.00000      0.00000      0.00000
      2.15279      0.00000      0.00000      0.00000
      2.16279      0.00000      0.00000      0.00000
      2.17279      0.00000      0.00000      0.00000
      2.18279      0.00000      0.00000      0.00000
      2.19279      0.00000      0.00000      0.00000
      2.20279      0.00000      0.00000      0.00000
      2.21279      0.00000      0.00000      0.00000
      2.22279      0.00000      0.00000      0.00000
      2.23279      0.00000      0.00000      0.00000
      2.24279      0.00000      0.00000      0.00000
      2.25279      0.00000      0.00000      0.00000
      2.26279      0.00000      0.00000      0.00000
      2.27279      0.00000      0.00000      0.00000
      2.28279      0.00000      0.00000      0.00000
      2.29279      0.00000      0.00000      0.00000
      2.30279      0.00000      0.00000      0.00000
      2.31279      0.00000      0.00000      0.00000
      2.32279      0.00000      0.00000      0.00000
      2.33279      0.00000      0.00000      0.00000
      2.34279      0.00000      0.00000      0.00000
      2.35279      0.00000      0.00000      0.00000
      2.36279      0.00000      0.00000      0.00000
      2.37279      0.00000      0.00000      0.00000
      2.38279      0.00000      0.00000      0.00000
      2.39279      0.00000      0.00000      0.00000
      2.40279      0.00000      0.00000      0.00000
      2.41279      0.00000      0.00000      0.00000
      2.42279      0.00000      0.00000      0.00000
      2.43279      0.00000      0.00000      0.00000
      2.44279      0.00000      0.00000      0.00000
      2.45279      0.00000      0.00000      0.00000
      2.46279      0.00000      0.00000      0.00000
      2.47279      0.00000      0.00000      0.00000
      2.48279      0.00000      0.00000      0.00000
      2.49279      0.00000      0.00000      0.00000
      2.50279      0.00000      0.00000      0.00000
      2.51279      0.00000      0.00000      0.00000
      2.52279      0.00000      0.00000      0.00000
      2.53279      0.00000      0.00000      0.00000
      2.54279      0.00000      0.00000      0.00000
      2.55279      0.00000      0.00000      0.00000
      2.56279      0.00000      0.00000      0.00000
      2.57279      0.00000      0.00000      0.00000
      2.58279      0.00000      0.00000      0.00000
      2.59279      0.00000      0.00000      0.00000
      2.60279      0.00000      0.00000      0.00000
      2.61279      0.00000      0.00000      0.00000
      2.62279      0.00000      0.00000      0.00000
      2.63279      0.00000      0.00000      0.00000
      2.64279      0.00000      0.00000      0.00000
      2.65279      0.00000      0.00000      0.00000
      2.66279      0.00000      0.00000      0.00000
      2.67279      0.00000      0.00000      0.00000
      2.68279      0.00000      0.00000      0.00000
      2.69279      0.00000      0.00000      0.00000
      2.70279      0.00000      0.00000      0.00000
      2.71279      0.00000      0.00000      0.00000
      2.72279      0.00000      0.00000      0.00000
      2.73279      0.00000      0.00000      0.00000
      2.74279      0.00000      0.00000      0.00000
      2.75279      0.00000      0.00000      0.00000
      2.76279      0.00000      0.00000      0.00000
      2.77279      0.00000      0.00000      0.00000
      2.78279      0.00000      0.00000      0.00000
      2.79279      0.00000      0.00000      0.00000
      2.80279      0.00000      0.00000      0.00000
      2.81279      0.00000      0.00000      0.00000
      2.82279      0.00000      0.00000      0.00000
      2.83279      0.00000      0.00000      0.00000
      2.84279      0.00000      0.00000      0.00000
      2.85279      0.00000      0.00000      0.00000
      2.86279      0.00000      0.00000      0.00000
      2.87279      0.00000      0.00000      0.00000
      2.88279      0.00000      0.00000      0.00000
      2.89279      0.00000      0.00000      0.00000
      2.90279      0.00000      0.00000      0.00000
      2.91279      0.00000      0.00000      0.00000
      2.92279      0.00000      0.00000      0.00000
      2.93279      0.00000      0.00000      0.00000
      2.94279      0.00000      0.00000      0.00000
      2.95279      0.00000      0.00000      0.00000
      2.96279      0.00000      0.00000      0.00000
      2.97279      0.00000      0.00000      0.00000
      2.98279      0.00000      0.00000      0.00000
      2.99279      0.00000      0.00000      0.00000
      3.00279      0.00000      0.00000      0.00000
      3.01279      0.00000      0.00000      0.00000
      3.02279      0.00000      0.00000      0.00000
      3.03279      0.00000      0.00000      0.00000
      3.04279      0.00000      0.00000      0.00000
      3.05279      0.00000      0.00000      0.00000
      3.06279      0.00000      0.00000      0.00000
      3.07279      0.00000      0.00000      0.00000
      3.08279      0.00000      0.00000      0.00000
      3.09279      0.00000      0.00000      0.00000
      3.10279      0.00000      0.00000      0.00000
      3.11279      0.00000      0.00000      0.00000
      3.12279      0.00000      0.00000      0.00000
      3.13279      0.00000      0.00000      0.00000
      3.14279      0.00000      0.00000      0.00000
      3.15279      0.00000      0.00000      0.00000
      3.16279      0.00000      0.00000      0.00000
      3.17279      0.00000      0.00000      0.00000
      3.18279      0.00000      0.00000      0.00000
      3.19279      0.00000      0.00000      0.00000
      3.20279      0.00000      0.00000      0.00000
      3.21279      0.00000      0.00000      0.00000
      3.22279      0.00000      0.00000      0.00000
      3.23279      0.00000      0.00000      0.00000
      3.24279      0.00000      0.00000      0.00000
      3.25279      0.00000      0.00000      0.00000
      3.26279      0.00000      0.00000      0.00000
      3.27279      0.00000      0.00000      0.00000
      3.28279      0.00000      0.00000      0.00000
      3.29279      0.00000      0.00000      0.00000
      3.30279      0.00000      0.00000      0.00000
      3.31279      0.00000      0.00000      0.00000
      3.32279      0.00000      0.00000      0.00000
      3.33279      0.00000      0.00000      0.00000
      3.34279      0.00000      0.00000      0.00000
      3.35279      0.00000      0.00000      0.00000
      3.36279      0.00000      0.00000      0.00000
      3.37279      0.00000      0.00000      0.00000
      3.38279      0.00000      0.00000      0.00000
      3.39279      0.00000      0.00000      0.00000
      3.40279      0.00000      0.00000      0.00000
      3.41279      0.00000      0.00000      0.00000
      3.42279      0.00000      0.00000      0.00000
      3.43279      0.00000      0.00000      0.00000
      3.44279      0.00000      0.00000      0.00000
      3.45279      0.00000      0.00000      0.00000
      3.46279      0.00000      0.00000      0.00000
      3.47279      0.00000      0.00000      0.00000
      3.48279      0.00000      0.00000      0.00000
      3.49279      0.00000      0.00000      0.00000
      3.50279      0.00000      0.00000      0.00000
      3.51279      0.00000      0.00000      0.00000
      3.52279      0.00000      0.00000      0.00000
      3.53279      0.00000      0.00000      0.00000
      3.54279      0.00000      0.00000      0.00000
      3.55279      0.00000      0.00000      0.00000
      3.56279      0.00000      0.00000      0.00000
      3.57279      0.00000      0.00000      0.00000
      3.58279      0.00000      0.00000      0.00000
      3.59279      0.00000      0.00000      0.00000
      3.60279      0.00000      0.00000      0.00000
      3.61279      0.00000      0.00000      0.00000
      3.62279      0.00000      0.00000      0.00000
      3.63279      0.00000      0.00000      0.00000
      3.64279      0.00000      0.00000      0.00000
      3.65279      0.00000      0.00000      0.00000
      3.66279      0.00000      0.00000      0.00000
      3.67279      0.00000      0.00000      0.00000
      3.68279      0.00000      0.00000      0.00000
      3.69279      0.00000      0.00000      0.00000
      3.70279      0.00000      0.00000      0.00000
      3.71279      0.00000      0.00000      0.00000
      3.72279      0.00000      0.00000      0.00000
      3.73279      0.00000      0.00000      0.00000
      3.74279      0.00000      0.00000      0.00000
      3.75279      0.00000      0.00000      0.00000
      3.76279      0.00000      0.00000      0.00000
      3.77279      0.00000      0.00000      0.00000
      3.78279      0.00000      0.00000      0.00000
      3.79279      0.00000      0.00000      0.00000
      3.80279      0.00000      0.00000      0.00000
      3.81279      0.00000      0.00000      0.00000
      3.82279      0.00000      0.00000      0.00000
      3.83279      0.00000      0.00000      0.00000
      3.84279      0.00000      0.00000      0.00000
      3.85279      0.00000      0.00000      0.00000
      3.86279      0.00000      0.00000      0.00000
      3.87279      0.00000      0.00000      0.00000
      3.88279      0.00000      0.00000      0.00000
      3.89279      0.00000      0.00000      0.00000
      3.90279      0.00000      0.00000      0.00000
      3.91279      0.00000      0.00000      0.00000
      3.92279      0.00000      0.00000      0.00000
      3.93279      0.00000      0.00000      0.00000
      3.94279      0.00000      0.00000      0.00000
      3.95279      0.00000      0.00000      0.00000
      3.96279      0.00000      0.00000      0.00000
      3.97279      0.00000      0.00000      0.00000
      3.98279      0.00000      0.00000      0.00000
      3.99279      0.00000      0.00000      0.00000
      4.00279      0.00000      0.00000      0.00000
      4.01279      0.00000      0.00000      0.00000
      4.02279      0.00000      0.00000      0.00000
      4.03279      0.00000      0.00000      0.00000
      4.04279      0.00000      0.00000      0.00000
      4.05279      0.00000      0.00000      0.00000
      4.06279      0.00000      0.00000      0.00000
      4.07279      0.00000      0.00000      0.00000
      4.08279      0.00000      0.00000      0.00000
      4.09279      0.00000      0.00000      0.00000
      4.10279      0.00000      0.00000      0.00000
      4.11279      0.00000      0.00000      0.00000
      4.12279      0.00000      0.00000      0.00000
      4.13279      0.00000      0.00000      0.00000
      4.14279      0.00000      0.00000      0.00000
      4.15279      0.00000      0.00000      0.00000
      4.16279      0.00000      0.00000      0.00000
      4.17279      0.00000      0.00000      0.00000
      4.18279      0.00000      0.00000      0.00000
      4.19279      0.00000      0.00000      0.00000
      4.20279      0.00000      0.00000      0.00000
      4.21279      0.00000      0.00000      0.00000
      4.22279      0.00000      0.00000      0.00000
      4.23279      0.00000      0.00000      0.00000
      4.24279      0.00000      0.00000      0.00000
      4.25279      0.00000      0.00000      0.00000
      4.26279      0.00000      0.00000      0.00000
      4.27279      0.00000      0.00000      0.00000
      4.28279      0.00000      0.00000      0.00000
      4.29279      0.00000      0.00000      0.00000
      4.30279      0.00000      0.00000      0.00000
      4.31279      0.00000      0.00000      0.00000
      4.32279      0.00000      0.00000      0.00000
      4.33279      0.00000      0.00000      0.00000
      4.34279      0.00000      0.00000      0.00000
      4.35279      0.00000      0.00000      0.00000
      4.36279      0.00000      0.00000      0.00000
      4.37279      0.00000      0.00000      0.00000
      4.38279      0.00000      0.00000      0.00000
      4.39279      0.00000      0.00000      0.00000
      4.40279      0.00000      0.00000      0.00000
      4.41279      0.00000      0.00000      0.00000
      4.42279      0.00000      0.00000      0.00000
      4.43279      0.00000      0.00000      0.00000
      4.44279      0.00000      0.00000      0.00000
      4.45279      0.00000      0.00000      0.00000
      4.46279      0.00000      0.00000      0.00000
      4.47279      0.00000      0.00000      0.00000
      4.48279      0.00000      0.00000      0.00000
      4.49279      0.00000      0.00000      0.00000
      4.50279      0.00000      0.00000      0.00000
      4.51279      0.00000      0.00000      0.00000
      4.52279      0.00000      0.00000      0.00000
      4.53279      0.00000      0.00000      0.00000
      4.54279      0.00000      0.00000      0.00000
      4.55279      0.00000      0.00000      0.00000
      4.56279      0.00000      0.00000      0.00000
      4.57279      0.00000      0.00000      0.00000
      4.58279      0.00000      0.00000      0.00000
      4.59279      0.00000      0.00000      0.00000
      4.60279      0.00000      0.00000      0.00000
      4.61279      0.00000      0.00000      0.00000
      4.62279      0.00000      0.00000      0.00000
      4.63279      0.00002      0.00001      0.00000
      4.64279      0.00074      0.00066      0.00008
      4.65279      0.01215      0.01083      0.00132
      4.66279      0.07838      0.06984      0.00854
      4.67279      0.21424      0.19077      0.02346
      4.68279      0.30027      0.26698      0.03330
      4.69279      0.33692      0.29863      0.03829
      4.70279      0.41433      0.36619      0.04813
      4.71279      0.43302      0.38181      0.05121
      4.72279      0.39266      0.34500      0.04766
      4.73279      0.40411      0.35384      0.05027
      4.74279      0.38119      0.33290      0.04829
      4.75279      0.29301      0.25499      0.03802
      4.76279      0.35673      0.30895      0.04778
      4.77279      0.64643      0.55900      0.08742
      4.78279      0.71158      0.61415      0.09744
      4.79279      0.51367      0.44102      0.07266
      4.80279      0.38856      0.33119      0.05737
      4.81279      0.46101      0.39185      0.06916
      4.82279      0.62343      0.52939      0.09404
      4.83279      0.52472      0.44348      0.08123
      4.84279      0.36567      0.30299      0.06268
      4.85279      0.71768      0.57823      0.13945
      4.86279      1.62764      1.30208      0.32556
      4.87279      2.34844      1.87264      0.47580
      4.88279      2.56955      2.03656      0.53299
      4.89279      2.27856      1.78692      0.49165
      4.90279      1.79781      1.40117      0.39664
      4.91279      1.46136      1.14018      0.32118
      4.92279      1.18716      0.92966      0.25750
      4.93279      1.07952      0.84818      0.23134
      4.94279      1.28115      1.00417      0.27698
      4.95279      1.45305      1.13247      0.32058
      4.96279      1.23406      0.95902      0.27504
      4.97279      0.79499      0.61930      0.17569
      4.98279      0.72193      0.56319      0.15873
      4.99279      0.91378      0.71290      0.20088
      5.00279      0.84146      0.66022      0.18123
      5.01279      0.77820      0.61414      0.16406
      5.02279      1.12977      0.88141      0.24836
      5.03279      1.46891      1.13367      0.33524
      5.04279      1.18082      0.90941      0.27142
      5.05279      0.55296      0.42787      0.12509
      5.06279      0.25141      0.19427      0.05714
      5.07279      0.49290      0.37727      0.11563
      5.08279      0.80013      0.61183      0.18830
      5.09279      0.63893      0.49001      0.14893
      5.10279      0.51201      0.39983      0.11218
      5.11279      0.60988      0.47708      0.13280
      5.12279      0.83816      0.63831      0.19985
      5.13279      1.16962      0.87656      0.29306
      5.14279      0.93037      0.69670      0.23367
      5.15279      0.41913      0.31795      0.10118
      5.16279      0.33094      0.25713      0.07382
      5.17279      0.45012      0.34917      0.10095
      5.18279      0.61042      0.46721      0.14321
      5.19279      0.78323      0.59208      0.19115
      5.20279      0.77398      0.58930      0.18468
      5.21279      0.59517      0.46083      0.13434
      5.22279      0.37796      0.29347      0.08450
      5.23279      0.36277      0.27615      0.08663
      5.24279      0.70410      0.52604      0.17806
      5.25279      1.12857      0.83303      0.29554
      5.26279      0.91086      0.66862      0.24224
      5.27279      0.33700      0.24812      0.08888
      5.28279      0.20121      0.15369      0.04752
      5.29279      0.33630      0.25811      0.07820
      5.30279      0.38887      0.29550      0.09337
      5.31279      0.48749      0.36514      0.12235
      5.32279      0.71717      0.53157      0.18560
      5.33279      0.66608      0.49348      0.17260
      5.34279      0.32582      0.24292      0.08290
      5.35279      0.23184      0.17429      0.05755
      5.36279      0.32490      0.24421      0.08069
      5.37279      0.37245      0.27687      0.09558
      5.38279      0.62449      0.45666      0.16783
      5.39279      0.99290      0.72027      0.27264
      5.40279      0.91691      0.66700      0.24991
      5.41279      0.67399      0.50050      0.17349
      5.42279      0.56421      0.42595      0.13826
      5.43279      0.36820      0.27960      0.08860
      5.44279      0.18589      0.13976      0.04613
      5.45279      0.23443      0.17116      0.06326
      5.46279      0.43734      0.31642      0.12092
      5.47279      0.53235      0.38292      0.14943
      5.48279      0.42233      0.30567      0.11666
      5.49279      0.32908      0.24208      0.08700
      5.50279      0.28627      0.21103      0.07524
      5.51279      0.30608      0.22473      0.08135
      5.52279      0.38286      0.27996      0.10290
      5.53279      0.53136      0.38563      0.14573
      5.54279      0.81800      0.58668      0.23132
      5.55279      0.92490      0.65988      0.26502
      5.56279      0.52799      0.37714      0.15085
      5.57279      0.17814      0.12813      0.05001
      5.58279      0.19782      0.14378      0.05403
      5.59279      0.29704      0.21687      0.08017
      5.60279      0.29759      0.21728      0.08031
      5.61279      0.32637      0.23630      0.09007
      5.62279      0.44465      0.31878      0.12587
      5.63279      0.52746      0.37521      0.15225
      5.64279      0.50507      0.36057      0.14450
      5.65279      0.41561      0.30091      0.11471
      5.66279      0.37622      0.27470      0.10152
      5.67279      0.41143      0.29952      0.11190
      5.68279      0.35392      0.25548      0.09844
      5.69279      0.41032      0.29295      0.11737
      5.70279      0.63610      0.45059      0.18551
      5.71279      0.77647      0.54396      0.23251
      5.72279      0.62206      0.43196      0.19010
      5.73279      0.25595      0.17709      0.07886
      5.74279      0.08333      0.05862      0.02471
      5.75279      0.19108      0.13695      0.05412
      5.76279      0.37097      0.26552      0.10545
      5.77279      0.31987      0.22816      0.09172
      5.78279      0.19564      0.13867      0.05697
      5.79279      0.37143      0.26209      0.10934
      5.80279      0.66210      0.46601      0.19609
      5.81279      0.56278      0.39483      0.16795
      5.82279      0.23979      0.16778      0.07201
      5.83279      0.16559      0.11626      0.04932
      5.84279      0.25477      0.17973      0.07504
      5.85279      0.28061      0.19786      0.08274
      5.86279      0.26243      0.18352      0.07891
      5.87279      0.32432      0.22545      0.09888
      5.88279      0.53100      0.36781      0.16319
      5.89279      0.71901      0.49541      0.22360
      5.90279      0.73585      0.50832      0.22753
      5.91279      0.59324      0.41464      0.17859
      5.92279      0.41929      0.29621      0.12308
      5.93279      0.31765      0.22564      0.09201
      5.94279      0.21707      0.15382      0.06325
      5.95279      0.18180      0.12651      0.05529
      5.96279      0.25833      0.17835      0.07998
      5.97279      0.29257      0.20145      0.09113
      5.98279      0.31679      0.21633      0.10045
      5.99279      0.36689      0.25081      0.11608
      6.00279      0.36994      0.25519      0.11475
      6.01279      0.28599      0.19812      0.08788
      6.02279      0.23456      0.16230      0.07226
      6.03279      0.27038      0.18641      0.08397
      6.04279      0.27477      0.18896      0.08581
      6.05279      0.34151      0.23486      0.10665
      6.06279      0.46880      0.32117      0.14763
      6.07279      0.64451      0.43902      0.20549
      6.08279      0.67330      0.45684      0.21646
      6.09279      0.36645      0.24786      0.11859
      6.10279      0.16073      0.10905      0.05168
      6.11279      0.21541      0.14745      0.06800
      6.12279      0.27719      0.19259      0.08584
      6.13279      0.29622      0.23640      0.07848
      6.14279      0.49925      0.53972      0.07129
      6.15279      0.98178      1.17438      0.08966
      6.16279      1.22285      1.45749      0.11056
      6.17279      1.13094      1.28352      0.12686
      6.18279      1.08360      1.15744      0.15042
      6.19279      0.88366      0.94579      0.11858
      6.20279      0.71743      0.75847      0.09846
      6.21279      0.79302      0.80746      0.12205
      6.22279      0.78498      0.83141      0.10447
      6.23279      0.69197      0.72641      0.09518
      6.24279      0.78029      0.74722      0.14267
      6.25279      0.83933      0.78462      0.16304
      6.26279      0.76994      0.70034      0.16030
      6.27279      0.64856      0.56006      0.15078
      6.28279      0.53273      0.52804      0.08762
      6.29279      0.54484      0.64564      0.03337
      6.30279      0.56579      0.63058      0.05469
      6.31279      0.58672      0.55206      0.10935
      6.32279      0.54076      0.49601      0.10733
      6.33279      0.41255      0.43123      0.05390
      6.34279      0.42857      0.45342      0.05289
      6.35279      0.67885      0.61000      0.14136
      6.36279      0.81457      0.67991      0.19759
      6.37279      0.59224      0.51142      0.13481
      6.38279      0.37043      0.36723      0.05869
      6.39279      0.43934      0.46235      0.05437
      6.40279      0.55560      0.55842      0.08258
      6.41279      0.54222      0.54278      0.08176
      6.42279      0.52014      0.53366      0.07182
      6.43279      0.48370      0.47522      0.07847
      6.44279      0.53776      0.47416      0.11674
      6.45279      0.62557      0.50492      0.16163
      6.46279      0.79286      0.63876      0.20574
      6.47279      0.95248      0.80436      0.22596
      6.48279      0.74919      0.64405      0.17059
      6.49279      0.44408      0.35724      0.11415
      6.50279      0.35688      0.29138      0.08930
      6.51279      0.33026      0.31879      0.05584
      6.52279      0.36562      0.37084      0.05224
      6.53279      0.53415      0.52258      0.08659
      6.54279      0.57779      0.57799      0.08599
      6.55279      0.52344      0.52680      0.07635
      6.56279      0.55768      0.52448      0.10244
      6.57279      0.54621      0.47627      0.12111
      6.58279      0.40761      0.33581      0.10128
      6.59279      0.35113      0.31155      0.07475
      6.60279      0.40958      0.37523      0.08078
      6.61279      0.44092      0.40868      0.08467
      6.62279      0.51998      0.49682      0.09114
      6.63279      0.67007      0.62934      0.12306
      6.64279      0.67988      0.57742      0.15979
      6.65279      0.65787      0.47419      0.20311
      6.66279      0.56077      0.41784      0.16565
      6.67279      0.42567      0.41147      0.07218
      6.68279      0.38973      0.40532      0.04990
      6.69279      0.35611      0.30235      0.08412
      6.70279      0.29652      0.20880      0.09422
      6.71279      0.26878      0.19932      0.07954
      6.72279      0.37971      0.35494      0.07049
      6.73279      0.63907      0.64038      0.09445
      6.74279      0.72338      0.71403      0.11354
      6.75279      0.68062      0.64854      0.12053
      6.76279      0.67161      0.59813      0.14266
      6.77279      0.46353      0.38339      0.11498
      6.78279      0.39656      0.32193      0.10187
      6.79279      0.56720      0.48663      0.13117
      6.80279      0.49569      0.42824      0.11323
      6.81279      0.34859      0.26790      0.09879
      6.82279      0.49445      0.36428      0.14912
      6.83279      0.65976      0.53781      0.16938
      6.84279      0.64146      0.54235      0.15372
      6.85279      0.53587      0.46335      0.12267
      6.86279      0.42886      0.43945      0.05906
      6.87279      0.31857      0.36427      0.02271
      6.88279      0.34367      0.34377      0.05274
      6.89279      0.45761      0.38090      0.11374
      6.90279      0.39091      0.28598      0.11952
      6.91279      0.22542      0.17385      0.06378
      6.92279      0.27523      0.25356      0.05425
      6.93279      0.58477      0.48666      0.14540
      6.94279      0.77900      0.62756      0.20596
      6.95279      0.59363      0.53230      0.12549
      6.96279      0.38839      0.41120      0.04473
      6.97279      0.37336      0.37781      0.05283
      6.98279      0.40677      0.35863      0.08867
      6.99279      0.41672      0.36982      0.08983
      7.00279      0.40965      0.38020      0.07966
      7.01279      0.47186      0.44215      0.09050
      7.02279      0.67636      0.61661      0.13915
      7.03279      0.79279      0.69550      0.17831
      7.04279      0.65189      0.51335      0.17998
      7.05279      0.54094      0.37573      0.17777
      7.06279      0.49490      0.36862      0.14834
      7.07279      0.49092      0.42161      0.11532
      7.08279      0.47397      0.43862      0.09327
      7.09279      0.40016      0.39380      0.06484
      7.10279      0.35578      0.31508      0.07762
      7.11279      0.37309      0.29467      0.10256
      7.12279      0.41135      0.36223      0.09226
      7.13279      0.42954      0.40838      0.07881
      7.14279      0.42628      0.38564      0.08892
      7.15279      0.40831      0.33382      0.10598
      7.16279      0.38367      0.33282      0.08992
      7.17279      0.42580      0.38582      0.09086
      7.18279      0.44354      0.39727      0.09704
      7.19279      0.41703      0.35121      0.10356
      7.20279      0.47061      0.33564      0.15055
      7.21279      0.61687      0.44626      0.19316
      7.22279      0.74647      0.63787      0.17743
      7.23279      0.61897      0.62701      0.09055
      7.24279      0.42523      0.47195      0.03900
      7.25279      0.46981      0.48841      0.06340
      7.26279      0.52629      0.50359      0.09565
      7.27279      0.40733      0.34370      0.09977
      7.28279      0.34004      0.26713      0.09447
      7.29279      0.43568      0.36140      0.11013
      7.30279      0.46394      0.36983      0.12589
      7.31279      0.37265      0.28235      0.11001
      7.32279      0.44742      0.38125      0.10942
      7.33279      0.57950      0.55464      0.10766
      7.34279      0.66909      0.63639      0.12438
      7.35279      0.72741      0.64397      0.15464
      7.36279      0.72090      0.63139      0.14433
      7.37279      0.90596      0.79430      0.17660
      7.38279      1.11786      0.99493      0.21513
      7.39279      0.99292      0.96283      0.14453
      7.40279      0.69048      0.74571      0.04505
      7.41279      0.48828      0.54956      0.00884
      7.42279      0.41319      0.43228      0.02487
      7.43279      0.57297      0.52469      0.08927
      7.44279      0.85809      0.79112      0.14105
      7.45279      0.92928      0.93120      0.10771
      7.46279      0.80178      0.80030      0.09126
      7.47279      0.79978      0.70113      0.14916
      7.48279      0.79494      0.67198      0.16699
      7.49279      0.69488      0.66631      0.09754
      7.50279      0.74462      0.77097      0.06351
      7.51279      0.87078      0.88440      0.08787
      7.52279      0.95816      0.94741      0.12070
      7.53279      1.00381      0.97366      0.13749
      7.54279      0.99317      0.94858      0.14300
      7.55279      0.92802      0.90009      0.13239
      7.56279      0.85997      0.83995      0.11785
      7.57279      1.00315      0.95232      0.13696
      7.58279      1.13438      1.09973      0.14538
      7.59279      0.97260      0.93967      0.13382
      7.60279      0.81755      0.72341      0.14640
      7.61279      0.81377      0.71249      0.14273
      7.62279      0.78184      0.73269      0.10853
      7.63279      0.58752      0.58000      0.06127
      7.64279      0.52101      0.49140      0.06309
      7.65279      0.81174      0.74946      0.11220
      7.66279      1.13240      1.09210      0.13872
      7.67279      1.21693      1.18957      0.15569
      7.68279      1.12679      1.10323      0.15272
      7.69279      0.97669      0.94351      0.12937
      7.70279      0.80710      0.73886      0.11615
      7.71279      0.74679      0.67913      0.11226
      7.72279      0.83329      0.82395      0.09597
      7.73279      0.92208      0.92870      0.09003
      7.74279      1.01768      0.95702      0.12705
      7.75279      0.96359      0.85937      0.14399
      7.76279      0.75214      0.67186      0.10211
      7.77279      0.74885      0.67072      0.10326
      7.78279      0.89331      0.82775      0.12261
      7.79279      1.09942      1.02854      0.15621
      7.80279      1.18579      1.03525      0.21540
      7.81279      1.08099      0.87127      0.23880
      7.82279      1.04315      0.88875      0.18813
      7.83279      1.06800      1.03944      0.09659
      7.84279      1.03776      1.09643      0.04442
      7.85279      1.09682      1.14890      0.07853
      7.86279      1.12247      1.10122      0.12781
      7.87279      1.08734      1.02579      0.12849
      7.88279      1.06688      0.98877      0.12945
      7.89279      1.16747      1.07170      0.16991
      7.90279      1.26909      1.15255      0.20348
      7.91279      1.13259      1.01753      0.17839
      7.92279      1.19818      1.14436      0.13058
      7.93279      1.29099      1.25563      0.11521
      7.94279      1.15357      1.03744      0.15337
      7.95279      1.06920      0.88867      0.19339
      7.96279      1.18473      1.00464      0.20719
      7.97279      1.38731      1.21061      0.22087
      7.98279      1.31561      1.12837      0.22204
      7.99279      1.24377      1.07042      0.21584
      8.00279      1.35930      1.24244      0.19183
      8.01279      1.57552      1.52019      0.17063
      8.02279      1.82934      1.75489      0.21349
      8.03279      1.70561      1.54984      0.24870
      8.04279      1.58386      1.34036      0.27398
      8.05279      1.64792      1.37865      0.28591
      8.06279      1.77367      1.54474      0.28643
      8.07279      2.29197      2.03127      0.36467
      8.08279      2.79471      2.41121      0.46136
      8.09279      2.95804      2.47024      0.51265
      8.10279      3.16939      2.60347      0.57110
      8.11279      3.11532      2.56148      0.56827
      8.12279      2.57568      2.16067      0.45801
      8.13279      1.54345      1.34711      0.25664
      8.14279      0.58783      0.57390      0.07576
      8.15279      0.23420      0.28436      0.01001
      8.16279      0.18644      0.24823      0.00055
      8.17279      0.21755      0.28927      0.00001
      8.18279      0.36287      0.47787      0.00000
      8.19279      0.44530      0.58503      0.00000
      8.20279      0.32222      0.42216      0.00000
      8.21279      0.20862      0.27276      0.00000
      8.22279      0.20385      0.26748      0.00000
      8.23279      0.25189      0.33298      0.00000
      8.24279      0.32575      0.43275      0.00000
      8.25279      0.33725      0.44881      0.00000
      8.26279      0.20609      0.27458      0.00000
      8.27279      0.13262      0.17584      0.00000
      8.28279      0.14272      0.18853      0.00000
      8.29279      0.08499      0.11227      0.00000
      8.30279      0.06548      0.08700      0.00000
      8.31279      0.17942      0.23935      0.00000
      8.32279      0.26515      0.35461      0.00000
      8.33279      0.18638      0.24979      0.00000
      8.34279      0.18749      0.25056      0.00000
      8.35279      0.34710      0.46145      0.00000
      8.36279      0.36372      0.48159      0.00000
      8.37279      0.23094      0.30446      0.00000
      8.38279      0.18905      0.24900      0.00000
      8.39279      0.20084      0.26679      0.00000
      8.40279      0.22599      0.30209      0.00000
      8.41279      0.19518      0.26028      0.00000
      8.42279      0.16855      0.22328      0.00000
      8.43279      0.12853      0.17000      0.00000
      8.44279      0.09935      0.13237      0.00000
      8.45279      0.14213      0.19027      0.00000
      8.46279      0.14429      0.19330      0.00000
      8.47279      0.17838      0.23892      0.00000
      8.48279      0.25420      0.33980      0.00000
      8.49279      0.22616      0.30187      0.00000
      8.50279      0.18068      0.24150      0.00000
      8.51279      0.15725      0.20999      0.00000
      8.52279      0.17664      0.23321      0.00000
      8.53279      0.31589      0.41490      0.00000
      8.54279      0.38525      0.50645      0.00000
      8.55279      0.40320      0.53257      0.00000
      8.56279      0.48427      0.64273      0.00000
      8.57279      0.41922      0.55682      0.00000
      8.58279      0.24180      0.32050      0.00000
      8.59279      0.16317      0.21598      0.00000
      8.60279      0.15967      0.21149      0.00000
      8.61279      0.17168      0.22789      0.00000
      8.62279      0.26843      0.35684      0.00000
      8.63279      0.24734      0.32888      0.00000
      8.64279      0.17496      0.23263      0.00000
      8.65279      0.25639      0.34092      0.00000
      8.66279      0.24383      0.32424      0.00000
      8.67279      0.13881      0.18453      0.00000
      8.68279      0.17426      0.23143      0.00000
      8.69279      0.21872      0.29011      0.00000
      8.70279      0.21883      0.28934      0.00000
      8.71279      0.30068      0.39716      0.00000
      8.72279      0.32645      0.43167      0.00000
      8.73279      0.25101      0.33205      0.00000
      8.74279      0.18424      0.24357      0.00000
      8.75279      0.22127      0.29233      0.00000
      8.76279      0.35861      0.47370      0.00000
      8.77279      0.32406      0.42818      0.00000
      8.78279      0.15250      0.20148      0.00000
      8.79279      0.11937      0.15728      0.00000
      8.80279      0.18821      0.24804      0.00000
      8.81279      0.20359      0.26890      0.00000
      8.82279      0.14211      0.18789      0.00000
      8.83279      0.09154      0.12031      0.00000
      8.84279      0.13304      0.17385      0.00000
      8.85279      0.14387      0.18811      0.00000
      8.86279      0.14695      0.19289      0.00000
      8.87279      0.23528      0.30965      0.00000
      8.88279      0.42355      0.55766      0.00000
      8.89279      0.62095      0.81680      0.00000
      8.90279      0.56293      0.74057      0.00000
      8.91279      0.39133      0.51592      0.00000
      8.92279      0.34328      0.45221      0.00000
      8.93279      0.38759      0.50855      0.00000
      8.94279      0.37808      0.49505      0.00000
      8.95279      0.31993      0.41856      0.00000
      8.96279      0.25517      0.33421      0.00000
      8.97279      0.20803      0.27291      0.00000
      8.98279      0.18721      0.24520      0.00000
      8.99279      0.18482      0.24117      0.00000
      9.00279      0.20865      0.27005      0.00000
      9.01279      0.28415      0.36487      0.00000
      9.02279      0.27314      0.34952      0.00000
      9.03279      0.20455      0.26192      0.00000
      9.04279      0.14392      0.18456      0.00000
      9.05279      0.19583      0.25248      0.00000
      9.06279      0.35326      0.45957      0.00000
      9.07279      0.40227      0.52651      0.00000
      9.08279      0.38701      0.50400      0.00000
      9.09279      0.36479      0.47167      0.00000
      9.10279      0.27948      0.36217      0.00000
      9.11279      0.23992      0.30969      0.00000
      9.12279      0.29154      0.37086      0.00000
      9.13279      0.28196      0.35587      0.00000
      9.14279      0.20433      0.25836      0.00000
      9.15279      0.11525      0.14548      0.00000
      9.16279      0.12843      0.15876      0.00000
      9.17279      0.20711      0.25485      0.00000
      9.18279      0.14361      0.17674      0.00000
      9.19279      0.03730      0.04591      0.00000
      9.20279      0.00962      0.01164      0.00000
      9.21279      0.04644      0.05582      0.00000
      9.22279      0.15037      0.18362      0.00000
      9.23279      0.34968      0.44634      0.00000
      9.24279      0.85122      1.11218      0.00000
      9.25279      1.42221      1.84933      0.00000
      9.26279      1.34691      1.72755      0.00000
      9.27279      0.74645      0.93757      0.00000
      9.28279      0.33721      0.41032      0.00000
      9.29279      0.20250      0.24046      0.00000
      9.30279      0.14563      0.17078      0.00000
      9.31279      0.14978      0.17400      0.00000
      9.32279      0.11316      0.13116      0.00000
      9.33279      0.05274      0.06074      0.00000
      9.34279      0.06743      0.07707      0.00000
      9.35279      0.12028      0.13913      0.00000
      9.36279      0.22706      0.26734      0.00000
      9.37279      0.31635      0.37597      0.00000
      9.38279      0.32825      0.39199      0.00000
      9.39279      0.35118      0.42128      0.00000
      9.40279      0.34030      0.42170      0.00000
      9.41279      0.42766      0.55301      0.00000
      9.42279      0.52282      0.68380      0.00000
      9.43279      0.40365      0.51474      0.00000
      9.44279      0.39063      0.45261      0.00000
      9.45279      0.52710      0.59042      0.00000
      9.46279      0.47505      0.53358      0.00000
      9.47279      0.33681      0.38265      0.00000
      9.48279      0.27427      0.31510      0.00000
      9.49279      0.23085      0.26935      0.00000
      9.50279      0.26024      0.30195      0.00000
      9.51279      0.40944      0.46284      0.00000
      9.52279      0.42881      0.48571      0.00000
      9.53279      0.29318      0.34553      0.00000
      9.54279      0.26920      0.32583      0.00000
      9.55279      0.44176      0.51660      0.00001
      9.56279      0.66179      0.74956      0.00014
      9.57279      0.73598      0.83332      0.00053
      9.58279      0.70797      0.83398      0.00083
      9.59279      0.82313      1.01243      0.00127
      9.60279      1.00364      1.23381      0.00296
      9.61279      0.80418      0.96407      0.00347
      9.62279      0.50106      0.56452      0.00233
      9.63279      0.43235      0.45091      0.00570
      9.64279      0.43114      0.42611      0.01456
      9.65279      0.40433      0.39405      0.01734
      9.66279      0.44741      0.45641      0.01478
      9.67279      0.57222      0.60066      0.01631
      9.68279      0.48310      0.50456      0.01595
      9.69279      0.51849      0.51479      0.02457
      9.70279      0.78771      0.77024      0.04060
      9.71279      0.84081      0.83002      0.04640
      9.72279      0.66496      0.66508      0.04508
      9.73279      0.62781      0.60948      0.05556
      9.74279      0.82796      0.78338      0.07802
      9.75279      1.14246      1.09309      0.10826
      9.76279      1.25017      1.18529      0.13535
      9.77279      1.19926      1.14123      0.13453
      9.78279      1.20442      1.20009      0.10657
      9.79279      1.19345      1.20609      0.08419
      9.80279      0.95072      0.93589      0.06727
      9.81279      0.60600      0.56898      0.05539
      9.82279      0.61955      0.56591      0.07226
      9.83279      0.89013      0.81641      0.10441
      9.84279      0.76511      0.69611      0.09179
      9.85279      0.43282      0.40818      0.04361
      9.86279      0.50321      0.51093      0.03019
      9.87279      0.55713      0.56141      0.03564
      9.88279      0.47150      0.46262      0.04003
      9.89279      0.68626      0.67971      0.05742
      9.90279      0.78966      0.79497      0.05603
      9.91279      0.63167      0.65289      0.03549
      9.92279      0.64206      0.68147      0.02622
      9.93279      0.67939      0.72678      0.02776
      9.94279      0.62572      0.67555      0.03514
      9.95279      0.70998      0.77209      0.04878
      9.96279      0.97890      1.04072      0.07590
      9.97279      1.07966      1.08839      0.09667
      9.98279      0.76832      0.75193      0.06724
      9.99279      0.45747      0.48180      0.02118
     10.00279      0.31133      0.34451      0.00734
     10.01279      0.26686      0.26465      0.01713
     10.02279      0.28538      0.26388      0.02358
     10.03279      0.19935      0.18273      0.01739
     10.04279      0.24034      0.22323      0.02325
     10.05279      0.53161      0.51555      0.04002
     10.06279      0.77596      0.77340      0.05020
     10.07279      0.67807      0.69126      0.04061
     10.08279      0.41447      0.42194      0.02351
     10.09279      0.23424      0.22783      0.01649
     10.10279      0.21885      0.22343      0.01416
     10.11279      0.39255      0.42771      0.01854
     10.12279      0.44571      0.48744      0.02155
     10.13279      0.42342      0.44694      0.02652
     10.14279      0.59644      0.62386      0.03572
     10.15279      0.73353      0.74362      0.05039
     10.16279      0.71360      0.68698      0.06873
     10.17279      0.65586      0.60487      0.08188
     10.18279      0.42596      0.37795      0.06158
     10.19279      0.18501      0.16794      0.02199
     10.20279      0.23096      0.24127      0.00581
     10.21279      0.43502      0.46488      0.01039
     10.22279      0.49421      0.52711      0.01448
     10.23279      0.37315      0.40095      0.00781
     10.24279      0.28974      0.31916      0.00459
     10.25279      0.35863      0.38191      0.01421
     10.26279      0.38111      0.38289      0.02458
     10.27279      0.30279      0.31110      0.02120
     10.28279      0.33918      0.35354      0.02676
     10.29279      0.47393      0.47237      0.04406
     10.30279      0.56168      0.57499      0.04345
     10.31279      0.53494      0.59625      0.02126
     10.32279      0.56230      0.66551      0.00855
     10.33279      0.55821      0.65444      0.01181
     10.34279      0.42234      0.48017      0.01190
     10.35279      0.31324      0.33626      0.01097
     10.36279      0.32339      0.31640      0.01731
     10.37279      0.27285      0.25637      0.01850
     10.38279      0.24591      0.23126      0.02045
     10.39279      0.38340      0.37752      0.02527
     10.40279      0.47622      0.47075      0.03038
     10.41279      0.40766      0.38164      0.04024
     10.42279      0.43072      0.38943      0.05717
     10.43279      0.57027      0.52719      0.07475
     10.44279      0.49598      0.46026      0.06294
     10.45279      0.32168      0.30379      0.03120
     10.46279      0.33250      0.33949      0.01297
     10.47279      0.36279      0.39254      0.00410
     10.48279      0.28331      0.32549      0.00060
     10.49279      0.18531      0.22678      0.00029
     10.50279      0.16335      0.19809      0.00280
     10.51279      0.27505      0.30888      0.01149
     10.52279      0.38735      0.41155      0.01798
     10.53279      0.37210      0.39187      0.01195
     10.54279      0.21534      0.22297      0.00717
     10.55279      0.14669      0.13546      0.01508
     10.56279      0.25557      0.24055      0.02462
     10.57279      0.52899      0.53476      0.03004
     10.58279      0.73573      0.74555      0.04193
     10.59279      0.47051      0.46479      0.03427
     10.60279      0.14950      0.14641      0.01254
     10.61279      0.13834      0.15100      0.00557
     10.62279      0.26366      0.28573      0.01020
     10.63279      0.22642      0.24079      0.01000
     10.64279      0.15600      0.17235      0.00584
     10.65279      0.24856      0.27508      0.01017
     10.66279      0.34229      0.36973      0.01523
     10.67279      0.41970      0.46565      0.01238
     10.68279      0.51185      0.57486      0.01583
     10.69279      0.52470      0.58700      0.02105
     10.70279      0.48562      0.52048      0.02434
     10.71279      0.49636      0.50025      0.03174
     10.72279      0.43853      0.42683      0.03719
     10.73279      0.37259      0.33342      0.04963
     10.74279      0.42398      0.36060      0.06658
     10.75279      0.47986      0.42847      0.06045
     10.76279      0.41635      0.40918      0.02686
     10.77279      0.22991      0.24141      0.00508
     10.78279      0.07379      0.07805      0.00138
     10.79279      0.08965      0.08871      0.00576
     10.80279      0.21935      0.22612      0.01203
     10.81279      0.25249      0.27431      0.00927
     10.82279      0.18270      0.20044      0.00263
     10.83279      0.21688      0.22995      0.00032
     10.84279      0.26624      0.28861      0.00094
     10.85279      0.26459      0.29244      0.00651
     10.86279      0.31416      0.34015      0.01685
     10.87279      0.27673      0.29787      0.01638
     10.88279      0.19061      0.20472      0.00916
     10.89279      0.25367      0.25029      0.01617
     10.90279      0.38151      0.36987      0.02995
     10.91279      0.36907      0.35917      0.03339
     10.92279      0.24726      0.22951      0.02968
     10.93279      0.15566      0.14165      0.01747
     10.94279      0.26297      0.26187      0.01071
     10.95279      0.46192      0.48373      0.00930
     10.96279      0.41339      0.45237      0.00421
     10.97279      0.19641      0.21831      0.00261
     10.98279      0.13487      0.13492      0.00845
     10.99279      0.21561      0.21854      0.01342
     11.00279      0.22747      0.24858      0.00871
     11.01279      0.17991      0.19648      0.00774
     11.02279      0.23805      0.24708      0.01554
     11.03279      0.30187      0.32459      0.01604
     11.04279      0.34902      0.38511      0.01477
     11.05279      0.51433      0.56119      0.02145
     11.06279      0.51008      0.54465      0.02407
     11.07279      0.36485      0.35714      0.03099
     11.08279      0.38858      0.34935      0.04514
     11.09279      0.53794      0.48729      0.06235
     11.10279      0.54133      0.50165      0.06201
     11.11279      0.29350      0.27658      0.03291
     11.12279      0.07511      0.07178      0.00772
     11.13279      0.05551      0.05721      0.00073
     11.14279      0.18004      0.18910      0.00003
     11.15279      0.26463      0.28073      0.00005
     11.16279      0.16548      0.17594      0.00089
     11.17279      0.10474      0.10458      0.00572
     11.18279      0.20223      0.20308      0.01347
     11.19279      0.24965      0.26575      0.01167
     11.20279      0.14712      0.16366      0.00388
     11.21279      0.11432      0.12152      0.00159
     11.22279      0.27511      0.28982      0.00637
     11.23279      0.52839      0.53602      0.03859
     11.24279      0.82114      0.72077      0.13870
     11.25279      1.10161      0.85472      0.25863
     11.26279      1.21085      0.90377      0.30842
     11.27279      1.21940      0.91916      0.30085
     11.28279      1.25772      0.98530      0.27743
     11.29279      1.51861      1.21393      0.32136
     11.30279      1.74107      1.36521      0.39629
     11.31279      1.43707      1.09843      0.34788
     11.32279      1.19958      0.91165      0.29029
     11.33279      1.36864      1.07371      0.30294
     11.34279      1.65607      1.37146      0.31270
     11.35279      1.71059      1.44297      0.30537
     11.36279      1.50929      1.22464      0.30581
     11.37279      1.36882      1.09014      0.29433
     11.38279      1.61686      1.30696      0.33688
     11.39279      2.07066      1.64833      0.45154
     11.40279      2.23625      1.78091      0.49186
     11.41279      2.27536      1.84777      0.47642
     11.42279      2.34607      1.88928      0.49446
     11.43279      2.46090      1.92461      0.55031
     11.44279      2.93569      2.27197      0.66870
     11.45279      3.42882      2.71954      0.72983
     11.46279      3.74316      3.24685      0.58291
     11.47279      4.65114      4.44933      0.40388
     11.48279      5.24098      5.18891      0.31664
     11.49279      4.25652      4.28197      0.20180
     11.50279      3.05467      3.10736      0.12004
     11.51279      2.88282      2.84684      0.18269
     11.52279      3.28054      3.04769      0.35666
     11.53279      3.38977      3.05099      0.44116
     11.54279      2.81361      2.58723      0.31833
     11.55279      2.33365      2.25263      0.17911
     11.56279      2.25784      2.22050      0.14605
     11.57279      2.38464      2.29087      0.19788
