Energy-E_F (eV)    DOS (1/eV)    PDOS (1/eV)  of atom type B  N  
     -4.99000      0.62782      0.23285      0.39498
     -4.98000      0.71671      0.27034      0.44636
     -4.97000      0.69265      0.26091      0.43175
     -4.96000      0.66177      0.24246      0.41931
     -4.95000      0.65959      0.24220      0.41739
     -4.94000      0.65879      0.25300      0.40579
     -4.93000      0.88922      0.35154      0.53768
     -4.92000      1.03468      0.40572      0.62897
     -4.91000      1.20254      0.46217      0.74037
     -4.90000      1.45528      0.56322      0.89206
     -4.89000      1.37077      0.53432      0.83645
     -4.88000      1.23518      0.47141      0.76378
     -4.87000      1.23150      0.46131      0.77018
     -4.86000      0.92820      0.34614      0.58206
     -4.85000      0.71312      0.26341      0.44971
     -4.84000      0.72505      0.26734      0.45772
     -4.83000      0.58562      0.21892      0.36670
     -4.82000      0.54000      0.20523      0.33477
     -4.81000      0.70550      0.26921      0.43629
     -4.80000      0.96511      0.37274      0.59237
     -4.79000      1.01734      0.39581      0.62153
     -4.78000      0.94591      0.35891      0.58701
     -4.77000      1.06106      0.39271      0.66835
     -4.76000      1.13160      0.42272      0.70888
     -4.75000      0.98255      0.37962      0.60292
     -4.74000      0.63695      0.25888      0.37807
     -4.73000      0.51931      0.21535      0.30396
     -4.72000      0.83735      0.33863      0.49871
     -4.71000      1.08301      0.42144      0.66157
     -4.70000      1.27958      0.47272      0.80685
     -4.69000      1.61853      0.59868      1.01985
     -4.68000      1.56228      0.59234      0.96994
     -4.67000      1.06350      0.40397      0.65952
     -4.66000      0.75499      0.27957      0.47542
     -4.65000      0.76589      0.28581      0.48008
     -4.64000      0.90349      0.33970      0.56379
     -4.63000      1.06018      0.39248      0.66770
     -4.62000      0.95542      0.35051      0.60490
     -4.61000      0.80117      0.30381      0.49736
     -4.60000      0.94180      0.36461      0.57720
     -4.59000      1.04689      0.39214      0.65475
     -4.58000      1.08716      0.39572      0.69145
     -4.57000      1.32286      0.49744      0.82541
     -4.56000      1.72293      0.67872      1.04421
     -4.55000      1.55761      0.61744      0.94017
     -4.54000      0.98623      0.37423      0.61200
     -4.53000      0.72949      0.26520      0.46429
     -4.52000      0.60514      0.21940      0.38574
     -4.51000      0.53242      0.19287      0.33955
     -4.50000      0.33279      0.12167      0.21112
     -4.49000      0.46775      0.17687      0.29088
     -4.48000      1.19951      0.45289      0.74662
     -4.47000      1.73348      0.64781      1.08567
     -4.46000      1.54862      0.57356      0.97506
     -4.45000      1.18791      0.43317      0.75474
     -4.44000      1.17023      0.41902      0.75121
     -4.43000      1.18202      0.43148      0.75054
     -4.42000      1.32006      0.49706      0.82300
     -4.41000      1.44190      0.54646      0.89544
     -4.40000      1.28187      0.48146      0.80041
     -4.39000      1.23454      0.46916      0.76539
     -4.38000      1.19763      0.46803      0.72960
     -4.37000      1.03843      0.40087      0.63756
     -4.36000      1.44313      0.53288      0.91025
     -4.35000      1.73721      0.63707      1.10014
     -4.34000      1.32586      0.48633      0.83954
     -4.33000      1.09723      0.40224      0.69499
     -4.32000      1.11898      0.42138      0.69760
     -4.31000      1.09286      0.41354      0.67932
     -4.30000      1.19264      0.43863      0.75401
     -4.29000      1.42911      0.52747      0.90164
     -4.28000      1.83655      0.69382      1.14273
     -4.27000      2.37267      0.89469      1.47798
     -4.26000      2.07162      0.76864      1.30298
     -4.25000      1.39508      0.51253      0.88254
     -4.24000      0.85524      0.31358      0.54167
     -4.23000      0.64663      0.22890      0.41773
     -4.22000      1.11617      0.39676      0.71941
     -4.21000      1.62313      0.59274      1.03039
     -4.20000      1.37819      0.50925      0.86894
     -4.19000      0.98123      0.35863      0.62260
     -4.18000      1.05018      0.38590      0.66428
     -4.17000      1.19757      0.45266      0.74491
     -4.16000      1.16583      0.43878      0.72705
     -4.15000      1.16116      0.42025      0.74091
     -4.14000      1.33096      0.48039      0.85057
     -4.13000      1.20846      0.44545      0.76302
     -4.12000      0.78630      0.29229      0.49401
     -4.11000      0.74631      0.27066      0.47565
     -4.10000      0.96943      0.35328      0.61615
     -4.09000      1.26784      0.48301      0.78483
     -4.08000      1.39077      0.53618      0.85459
     -4.07000      0.97726      0.36985      0.60742
     -4.06000      0.92374      0.34895      0.57478
     -4.05000      1.49282      0.56993      0.92289
     -4.04000      1.79947      0.67950      1.11997
     -4.03000      1.45643      0.53548      0.92095
     -4.02000      0.80402      0.29217      0.51185
     -4.01000      0.54432      0.20580      0.33852
     -4.00000      0.65742      0.25328      0.40414
     -3.99000      0.65110      0.24717      0.40393
     -3.98000      1.01574      0.37556      0.64017
     -3.97000      1.24223      0.45468      0.78754
     -3.96000      0.77083      0.28016      0.49067
     -3.95000      0.62503      0.22180      0.40322
     -3.94000      0.95052      0.32735      0.62317
     -3.93000      1.26032      0.43738      0.82294
     -3.92000      1.15736      0.41114      0.74621
     -3.91000      0.84810      0.30609      0.54201
     -3.90000      0.91616      0.33581      0.58035
     -3.89000      0.94526      0.34949      0.59577
     -3.88000      0.96841      0.35936      0.60905
     -3.87000      1.62286      0.60628      1.01658
     -3.86000      1.90827      0.71435      1.19392
     -3.85000      0.98566      0.36894      0.61671
     -3.84000      0.22623      0.08347      0.14276
     -3.83000      0.16897      0.05640      0.11257
     -3.82000      0.42374      0.14444      0.27930
     -3.81000      0.74729      0.26781      0.47948
     -3.80000      0.99385      0.36098      0.63287
     -3.79000      0.92327      0.33343      0.58984
     -3.78000      0.99057      0.36469      0.62588
     -3.77000      1.38588      0.51144      0.87444
     -3.76000      1.38021      0.49789      0.88232
     -3.75000      0.82309      0.29237      0.53072
     -3.74000      0.51422      0.19104      0.32318
     -3.73000      0.56808      0.22340      0.34468
     -3.72000      0.72842      0.29016      0.43826
     -3.71000      0.70961      0.27246      0.43715
     -3.70000      0.84374      0.29962      0.54411
     -3.69000      1.00687      0.34478      0.66209
     -3.68000      0.70831      0.24408      0.46424
     -3.67000      0.72330      0.26710      0.45620
     -3.66000      1.08237      0.41278      0.66959
     -3.65000      0.93318      0.36110      0.57208
     -3.64000      0.54809      0.21127      0.33683
     -3.63000      0.62968      0.23004      0.39964
     -3.62000      1.12298      0.39286      0.73012
     -3.61000      1.50085      0.52210      0.97875
     -3.60000      1.07316      0.37309      0.70007
     -3.59000      0.71109      0.24517      0.46592
     -3.58000      0.99360      0.35364      0.63996
     -3.57000      1.17256      0.43118      0.74138
     -3.56000      1.13907      0.42107      0.71800
     -3.55000      1.13775      0.41644      0.72131
     -3.54000      0.95812      0.35820      0.59992
     -3.53000      0.83042      0.31809      0.51234
     -3.52000      0.75538      0.27807      0.47731
     -3.51000      0.58696      0.20094      0.38602
     -3.50000      0.41166      0.13672      0.27494
     -3.49000      0.35581      0.12676      0.22905
     -3.48000      0.45932      0.17252      0.28680
     -3.47000      0.53436      0.20478      0.32958
     -3.46000      0.81531      0.30454      0.51077
     -3.45000      1.32950      0.47571      0.85379
     -3.44000      1.36629      0.48560      0.88069
     -3.43000      1.08030      0.38937      0.69093
     -3.42000      1.35101      0.49062      0.86038
     -3.41000      1.52270      0.55649      0.96621
     -3.40000      1.04607      0.37851      0.66756
     -3.39000      0.54957      0.18749      0.36207
     -3.38000      0.36721      0.11764      0.24957
     -3.37000      0.18121      0.05735      0.12386
     -3.36000      0.04918      0.01629      0.03288
     -3.35000      0.09738      0.03668      0.06070
     -3.34000      0.28687      0.10815      0.17872
     -3.33000      0.44932      0.16534      0.28398
     -3.32000      0.72538      0.25573      0.46966
     -3.31000      1.08106      0.37901      0.70205
     -3.30000      1.04299      0.37343      0.66956
     -3.29000      0.84026      0.30612      0.53414
     -3.28000      1.00412      0.36383      0.64029
     -3.27000      1.26323      0.45583      0.80739
     -3.26000      1.07292      0.38452      0.68840
     -3.25000      0.87528      0.31004      0.56524
     -3.24000      0.76124      0.26596      0.49528
     -3.23000      0.64617      0.22682      0.41935
     -3.22000      0.78601      0.26801      0.51800
     -3.21000      0.81771      0.26951      0.54820
     -3.20000      0.72632      0.24965      0.47667
     -3.19000      0.91102      0.32518      0.58584
     -3.18000      1.13691      0.40180      0.73511
     -3.17000      1.44666      0.52057      0.92610
     -3.16000      1.41382      0.51966      0.89416
     -3.15000      0.74495      0.27662      0.46833
     -3.14000      0.20753      0.07669      0.13084
     -3.13000      0.13841      0.04546      0.09295
     -3.12000      0.44490      0.14670      0.29821
     -3.11000      0.78276      0.27094      0.51182
     -3.10000      0.84093      0.30602      0.53492
     -3.09000      0.91387      0.34123      0.57264
     -3.08000      0.90564      0.33178      0.57385
     -3.07000      0.64296      0.22490      0.41806
     -3.06000      0.68215      0.24134      0.44081
     -3.05000      1.07114      0.38834      0.68280
     -3.04000      0.98061      0.36147      0.61914
     -3.03000      0.53360      0.19607      0.33754
     -3.02000      0.62913      0.21579      0.41333
     -3.01000      0.87389      0.28732      0.58657
     -3.00000      0.57601      0.18449      0.39152
     -2.99000      0.26872      0.08723      0.18148
     -2.98000      0.38278      0.12673      0.25605
     -2.97000      0.45441      0.14929      0.30512
     -2.96000      0.28541      0.09894      0.18647
     -2.95000      0.19776      0.07740      0.12037
     -2.94000      0.20142      0.07899      0.12243
     -2.93000      0.49965      0.18620      0.31344
     -2.92000      1.11431      0.40048      0.71383
     -2.91000      1.57476      0.54141      1.03334
     -2.90000      1.85216      0.63355      1.21860
     -2.89000      2.07158      0.72838      1.34320
     -2.88000      1.77144      0.62596      1.14547
     -2.87000      0.94284      0.33051      0.61233
     -2.86000      0.36226      0.12163      0.24064
     -2.85000      0.31849      0.09827      0.22022
     -2.84000      0.29118      0.09155      0.19962
     -2.83000      0.26755      0.09849      0.16906
     -2.82000      0.49177      0.18776      0.30401
     -2.81000      0.70875      0.25285      0.45590
     -2.80000      0.72619      0.24070      0.48549
     -2.79000      0.65147      0.21437      0.43710
     -2.78000      0.53344      0.18350      0.34995
     -2.77000      0.51960      0.17415      0.34544
     -2.76000      0.81133      0.26306      0.54828
     -2.75000      0.91562      0.30685      0.60877
     -2.74000      0.76021      0.27190      0.48832
     -2.73000      0.61064      0.22187      0.38878
     -2.72000      0.63555      0.22277      0.41278
     -2.71000      0.81681      0.28643      0.53038
     -2.70000      0.82071      0.27975      0.54095
     -2.69000      0.69815      0.22093      0.47722
     -2.68000      0.53387      0.16148      0.37239
     -2.67000      0.35542      0.10680      0.24862
     -2.66000      0.19146      0.06186      0.12960
     -2.65000      0.30124      0.11149      0.18975
     -2.64000      0.59272      0.22163      0.37109
     -2.63000      0.72698      0.26207      0.46491
     -2.62000      0.71294      0.24635      0.46659
     -2.61000      0.94780      0.33789      0.60990
     -2.60000      1.63871      0.59551      1.04321
     -2.59000      1.87845      0.68223      1.19621
     -2.58000      1.16064      0.40989      0.75076
     -2.57000      0.53658      0.18005      0.35653
     -2.56000      0.42503      0.15210      0.27294
     -2.55000      0.54540      0.19213      0.35327
     -2.54000      0.52622      0.16922      0.35701
     -2.53000      0.51078      0.15341      0.35737
     -2.52000      0.65874      0.19938      0.45935
     -2.51000      0.75656      0.24069      0.51587
     -2.50000      0.73533      0.23916      0.49617
     -2.49000      0.58881      0.18366      0.40515
     -2.48000      0.55197      0.16386      0.38812
     -2.47000      0.67413      0.20127      0.47287
     -2.46000      0.86819      0.27594      0.59225
     -2.45000      1.01914      0.34640      0.67274
     -2.44000      0.82950      0.28672      0.54279
     -2.43000      0.67301      0.22581      0.44720
     -2.42000      0.57414      0.19891      0.37523
     -2.41000      0.43881      0.16506      0.27374
     -2.40000      0.41462      0.15841      0.25621
     -2.39000      0.40933      0.14093      0.26841
     -2.38000      0.48786      0.15539      0.33247
     -2.37000      0.58494      0.19285      0.39209
     -2.36000      0.58975      0.19193      0.39782
     -2.35000      0.45378      0.14331      0.31046
     -2.34000      0.57944      0.18806      0.39138
     -2.33000      1.14858      0.36905      0.77952
     -2.32000      1.67972      0.55637      1.12335
     -2.31000      1.81829      0.63444      1.18385
     -2.30000      1.10856      0.39518      0.71338
     -2.29000      0.29377      0.10505      0.18872
     -2.28000      0.07741      0.02429      0.05313
     -2.27000      0.28079      0.08023      0.20056
     -2.26000      0.67465      0.19346      0.48118
     -2.25000      0.76247      0.22791      0.53456
     -2.24000      0.69275      0.23810      0.45464
     -2.23000      0.65740      0.24606      0.41134
     -2.22000      0.33389      0.12706      0.20682
     -2.21000      0.13228      0.04894      0.08334
     -2.20000      0.36377      0.12762      0.23615
     -2.19000      0.81257      0.28041      0.53216
     -2.18000      0.95485      0.32730      0.62756
     -2.17000      0.84106      0.28201      0.55905
     -2.16000      0.61503      0.20007      0.41497
     -2.15000      0.38037      0.11755      0.26282
     -2.14000      0.47630      0.13570      0.34060
     -2.13000      0.70865      0.20025      0.50839
     -2.12000      0.89448      0.26076      0.63373
     -2.11000      1.15828      0.35741      0.80088
     -2.10000      1.21929      0.39409      0.82520
     -2.09000      0.87354      0.29283      0.58071
     -2.08000      0.74350      0.24751      0.49599
     -2.07000      0.75340      0.25251      0.50089
     -2.06000      0.80927      0.27971      0.52955
     -2.05000      1.04831      0.34642      0.70190
     -2.04000      0.92677      0.28375      0.64301
     -2.03000      0.55773      0.16379      0.39394
     -2.02000      0.53201      0.16094      0.37106
     -2.01000      0.57724      0.17579      0.40145
     -2.00000      0.54826      0.16781      0.38045
     -1.99000      0.57628      0.19466      0.38162
     -1.98000      0.49904      0.18160      0.31744
     -1.97000      0.25377      0.09079      0.16297
     -1.96000      0.24684      0.07390      0.17294
     -1.95000      0.48218      0.14695      0.33523
     -1.94000      0.64503      0.20765      0.43737
     -1.93000      0.82600      0.25717      0.56884
     -1.92000      0.95997      0.29376      0.66621
     -1.91000      0.86231      0.27475      0.58756
     -1.90000      0.99576      0.30140      0.69436
     -1.89000      1.09652      0.31431      0.78221
     -1.88000      0.82585      0.25695      0.56889
     -1.87000      0.68472      0.24559      0.43912
     -1.86000      0.61751      0.22976      0.38775
     -1.85000      0.63826      0.22989      0.40837
     -1.84000      0.88495      0.29034      0.59461
     -1.83000      1.04035      0.31009      0.73026
     -1.82000      0.67276      0.18865      0.48411
     -1.81000      0.20526      0.05573      0.14953
     -1.80000      0.03387      0.00961      0.02426
     -1.79000      0.06211      0.02237      0.03974
     -1.78000      0.26392      0.09317      0.17075
     -1.77000      0.56042      0.18767      0.37276
     -1.76000      0.77337      0.25053      0.52284
     -1.75000      0.82639      0.26763      0.55876
     -1.74000      0.80638      0.24625      0.56013
     -1.73000      0.93227      0.26511      0.66716
     -1.72000      1.14424      0.31748      0.82677
     -1.71000      1.00389      0.27324      0.73065
     -1.70000      0.76629      0.21386      0.55243
     -1.69000      0.99019      0.29622      0.69397
     -1.68000      1.22450      0.38202      0.84248
     -1.67000      0.93621      0.30431      0.63190
     -1.66000      0.58522      0.18099      0.40423
     -1.65000      0.40790      0.11834      0.28956
     -1.64000      0.46181      0.14635      0.31546
     -1.63000      0.81747      0.25071      0.56676
     -1.62000      1.05154      0.31011      0.74142
     -1.61000      0.90162      0.26687      0.63475
     -1.60000      0.57817      0.16558      0.41259
     -1.59000      0.43782      0.12230      0.31552
     -1.58000      0.51820      0.15210      0.36610
     -1.57000      0.49185      0.15946      0.33238
     -1.56000      0.51777      0.18435      0.33342
     -1.55000      0.48526      0.16626      0.31900
     -1.54000      0.50015      0.14158      0.35857
     -1.53000      0.77034      0.20550      0.56484
     -1.52000      1.07812      0.30102      0.77710
     -1.51000      1.00441      0.29564      0.70876
     -1.50000      0.72209      0.21251      0.50958
     -1.49000      0.82735      0.21570      0.61165
     -1.48000      0.85002      0.21131      0.63870
     -1.47000      0.42589      0.10534      0.32055
     -1.46000      0.09581      0.02370      0.07211
     -1.45000      0.05752      0.01390      0.04362
     -1.44000      0.27552      0.06638      0.20915
     -1.43000      0.62821      0.15160      0.47660
     -1.42000      0.63401      0.15340      0.48061
     -1.41000      0.29617      0.07184      0.22432
     -1.40000      0.06514      0.01580      0.04934
     -1.39000      0.04914      0.01164      0.03750
     -1.38000      0.19322      0.04562      0.14760
     -1.37000      0.31849      0.07519      0.24330
     -1.36000      0.27003      0.06368      0.20635
     -1.35000      0.46543      0.10960      0.35583
     -1.34000      0.95402      0.22535      0.72867
     -1.33000      1.13940      0.27049      0.86891
     -1.32000      1.01848      0.24169      0.77679
     -1.31000      0.91211      0.21488      0.69723
     -1.30000      0.68919      0.16195      0.52724
     -1.29000      0.45272      0.10647      0.34625
     -1.28000      0.38226      0.08971      0.29254
     -1.27000      0.37824      0.08792      0.29031
     -1.26000      0.64776      0.14857      0.49919
     -1.25000      0.87544      0.19930      0.67614
     -1.24000      0.69318      0.15737      0.53581
     -1.23000      0.45084      0.10276      0.34809
     -1.22000      0.25298      0.05774      0.19524
     -1.21000      0.22725      0.05136      0.17589
     -1.20000      0.36717      0.08239      0.28478
     -1.19000      0.42923      0.09515      0.33408
     -1.18000      0.47752      0.10484      0.37268
     -1.17000      0.52528      0.11538      0.40990
     -1.16000      0.57222      0.12546      0.44675
     -1.15000      0.63751      0.14008      0.49743
     -1.14000      0.78565      0.17369      0.61196
     -1.13000      0.87503      0.19306      0.68197
     -1.12000      0.68371      0.14994      0.53377
     -1.11000      0.48034      0.10422      0.37612
     -1.10000      0.60941      0.13156      0.47785
     -1.09000      0.55248      0.11927      0.43321
     -1.08000      0.27840      0.05952      0.21888
     -1.07000      0.45366      0.09485      0.35880
     -1.06000      0.87149      0.18192      0.68956
     -1.05000      0.72299      0.15079      0.57220
     -1.04000      0.35533      0.07339      0.28193
     -1.03000      0.38882      0.07927      0.30955
     -1.02000      0.50506      0.10321      0.40185
     -1.01000      0.48868      0.09970      0.38898
     -1.00000      0.43604      0.08773      0.34831
     -0.99000      0.36189      0.07205      0.28984
     -0.98000      0.45729      0.09101      0.36628
     -0.97000      0.93440      0.18827      0.74613
     -0.96000      1.39880      0.28659      1.11221
     -0.95000      1.58208      0.32465      1.25743
     -0.94000      1.54545      0.31247      1.23298
     -0.93000      1.35740      0.27089      1.08651
     -0.92000      1.24308      0.24526      0.99782
     -0.91000      1.24611      0.24308      1.00303
     -0.90000      1.51911      0.29208      1.22704
     -0.89000      1.81391      0.34497      1.46894
     -0.88000      1.29995      0.24604      1.05392
     -0.87000      0.42637      0.08053      0.34585
     -0.86000      0.07781      0.01455      0.06326
     -0.85000      0.13189      0.02405      0.10784
     -0.84000      0.29555      0.05386      0.24169
     -0.83000      0.25541      0.04654      0.20887
     -0.82000      0.14704      0.02673      0.12031
     -0.81000      0.31728      0.05766      0.25962
     -0.80000      0.73415      0.13499      0.59916
     -0.79000      1.30106      0.24335      1.05771
     -0.78000      1.44462      0.27215      1.17247
     -0.77000      0.82969      0.15500      0.67469
     -0.76000      0.43416      0.07800      0.35616
     -0.75000      0.27449      0.04825      0.22625
     -0.74000      0.19349      0.03371      0.15977
     -0.73000      0.29934      0.05194      0.24740
     -0.72000      0.29479      0.05110      0.24370
     -0.71000      0.25954      0.04480      0.21474
     -0.70000      0.35190      0.06061      0.29130
     -0.69000      0.37367      0.06430      0.30938
     -0.68000      0.42622      0.07322      0.35300
     -0.67000      0.56294      0.09625      0.46669
     -0.66000      0.84340      0.14359      0.69980
     -0.65000      1.03419      0.17690      0.85730
     -0.64000      1.19558      0.20710      0.98848
     -0.63000      1.40043      0.24459      1.15584
     -0.62000      1.03155      0.18068      0.85087
     -0.61000      0.37660      0.06558      0.31102
     -0.60000      0.18368      0.03008      0.15360
     -0.59000      0.30235      0.04838      0.25396
     -0.58000      0.38211      0.06119      0.32093
     -0.57000      0.24710      0.03959      0.20751
     -0.56000      0.07900      0.01258      0.06642
     -0.55000      0.11395      0.01762      0.09633
     -0.54000      0.36423      0.05640      0.30783
     -0.53000      0.55003      0.08566      0.46437
     -0.52000      0.39578      0.06199      0.33379
     -0.51000      0.20571      0.03219      0.17353
     -0.50000      0.38803      0.06001      0.32803
     -0.49000      0.72862      0.11220      0.61642
     -0.48000      0.70164      0.10825      0.59339
     -0.47000      0.36788      0.05703      0.31085
     -0.46000      0.18107      0.02730      0.15378
     -0.45000      0.27724      0.04048      0.23676
     -0.44000      0.28716      0.04181      0.24535
     -0.43000      0.17002      0.02457      0.14545
     -0.42000      0.30000      0.04265      0.25735
     -0.41000      0.56381      0.07963      0.48419
     -0.40000      0.55522      0.07801      0.47721
     -0.39000      0.44530      0.06256      0.38274
     -0.38000      0.41669      0.05858      0.35811
     -0.37000      0.46359      0.06487      0.39872
     -0.36000      0.62621      0.08722      0.53899
     -0.35000      0.71737      0.09944      0.61793
     -0.34000      0.54375      0.07451      0.46924
     -0.33000      0.30748      0.04098      0.26650
     -0.32000      0.25352      0.03284      0.22068
     -0.31000      0.32423      0.04171      0.28252
     -0.30000      0.22789      0.02928      0.19861
     -0.29000      0.09458      0.01193      0.08265
     -0.28000      0.18067      0.02205      0.15862
     -0.27000      0.36631      0.04466      0.32165
     -0.26000      0.42910      0.05245      0.37665
     -0.25000      0.39791      0.04869      0.34922
     -0.24000      0.32460      0.03932      0.28528
     -0.23000      0.36374      0.04302      0.32073
     -0.22000      0.38362      0.04466      0.33896
     -0.21000      0.21353      0.02467      0.18885
     -0.20000      0.10408      0.01172      0.09236
     -0.19000      0.22519      0.02487      0.20031
     -0.18000      0.32937      0.03629      0.29309
     -0.17000      0.31216      0.03389      0.27827
     -0.16000      0.51880      0.05516      0.46364
     -0.15000      0.79169      0.08342      0.70827
     -0.14000      0.63461      0.06657      0.56804
     -0.13000      0.22143      0.02320      0.19824
     -0.12000      0.03186      0.00332      0.02853
     -0.11000      0.02449      0.00232      0.02216
     -0.10000      0.14419      0.01358      0.13061
     -0.09000      0.37744      0.03551      0.34193
     -0.08000      0.41447      0.03894      0.37553
     -0.07000      0.22448      0.02082      0.20366
     -0.06000      0.22618      0.02002      0.20616
     -0.05000      0.36160      0.03156      0.33004
     -0.04000      0.38898      0.03343      0.35555
     -0.03000      0.35828      0.03032      0.32796
     -0.02000      0.22578      0.01882      0.20696
     -0.01000      0.16963      0.01363      0.15600
      0.00000      0.14490      0.01149      0.13341
      0.01000      0.05610      0.00444      0.05166
      0.02000      0.00813      0.00064      0.00748
      0.03000      0.00043      0.00003      0.00040
      0.04000      0.00001      0.00000      0.00001
      0.05000      0.00000      0.00000      0.00000
      0.06000      0.00000      0.00000      0.00000
      0.07000      0.00000      0.00000      0.00000
      0.08000      0.00000      0.00000      0.00000
      0.09000      0.00000      0.00000      0.00000
      0.10000      0.00000      0.00000      0.00000
      0.11000      0.00000      0.00000      0.00000
      0.12000      0.00000      0.00000      0.00000
      0.13000      0.00000      0.00000      0.00000
      0.14000      0.00000      0.00000      0.00000
      0.15000      0.00000      0.00000      0.00000
      0.16000      0.00000      0.00000      0.00000
      0.17000      0.00000      0.00000      0.00000
      0.18000      0.00000      0.00000      0.00000
      0.19000      0.00000      0.00000      0.00000
      0.20000      0.00000      0.00000      0.00000
      0.21000      0.00000      0.00000      0.00000
      0.22000      0.00000      0.00000      0.00000
      0.23000      0.00000      0.00000      0.00000
      0.24000      0.00000      0.00000      0.00000
      0.25000      0.00000      0.00000      0.00000
      0.26000      0.00000      0.00000      0.00000
      0.27000      0.00000      0.00000      0.00000
      0.28000      0.00000      0.00000      0.00000
      0.29000      0.00000      0.00000      0.00000
      0.30000      0.00000      0.00000      0.00000
      0.31000      0.00000      0.00000      0.00000
      0.32000      0.00000      0.00000      0.00000
      0.33000      0.00000      0.00000      0.00000
      0.34000      0.00000      0.00000      0.00000
      0.35000      0.00000      0.00000      0.00000
      0.36000      0.00000      0.00000      0.00000
      0.37000      0.00000      0.00000      0.00000
      0.38000      0.00000      0.00000      0.00000
      0.39000      0.00000      0.00000      0.00000
      0.40000      0.00000      0.00000      0.00000
      0.41000      0.00000      0.00000      0.00000
      0.42000      0.00000      0.00000      0.00000
      0.43000      0.00000      0.00000      0.00000
      0.44000      0.00000      0.00000      0.00000
      0.45000      0.00000      0.00000      0.00000
      0.46000      0.00000      0.00000      0.00000
      0.47000      0.00000      0.00000      0.00000
      0.48000      0.00000      0.00000      0.00000
      0.49000      0.00000      0.00000      0.00000
      0.50000      0.00000      0.00000      0.00000
      0.51000      0.00000      0.00000      0.00000
      0.52000      0.00000      0.00000      0.00000
      0.53000      0.00000      0.00000      0.00000
      0.54000      0.00000      0.00000      0.00000
      0.55000      0.00000      0.00000      0.00000
      0.56000      0.00000      0.00000      0.00000
      0.57000      0.00000      0.00000      0.00000
      0.58000      0.00000      0.00000      0.00000
      0.59000      0.00000      0.00000      0.00000
      0.60000      0.00000      0.00000      0.00000
      0.61000      0.00000      0.00000      0.00000
      0.62000      0.00000      0.00000      0.00000
      0.63000      0.00000      0.00000      0.00000
      0.64000      0.00000      0.00000      0.00000
      0.65000      0.00000      0.00000      0.00000
      0.66000      0.00000      0.00000      0.00000
      0.67000      0.00000      0.00000      0.00000
      0.68000      0.00000      0.00000      0.00000
      0.69000      0.00000      0.00000      0.00000
      0.70000      0.00000      0.00000      0.00000
      0.71000      0.00000      0.00000      0.00000
      0.72000      0.00000      0.00000      0.00000
      0.73000      0.00000      0.00000      0.00000
      0.74000      0.00000      0.00000      0.00000
      0.75000      0.00000      0.00000      0.00000
      0.76000      0.00000      0.00000      0.00000
      0.77000      0.00000      0.00000      0.00000
      0.78000      0.00000      0.00000      0.00000
      0.79000      0.00000      0.00000      0.00000
      0.80000      0.00000      0.00000      0.00000
      0.81000      0.00000      0.00000      0.00000
      0.82000      0.00000      0.00000      0.00000
      0.83000      0.00000      0.00000      0.00000
      0.84000      0.00000      0.00000      0.00000
      0.85000      0.00000      0.00000      0.00000
      0.86000      0.00000      0.00000      0.00000
      0.87000      0.00000      0.00000      0.00000
      0.88000      0.00000      0.00000      0.00000
      0.89000      0.00000      0.00000      0.00000
      0.90000      0.00000      0.00000      0.00000
      0.91000      0.00000      0.00000      0.00000
      0.92000      0.00000      0.00000      0.00000
      0.93000      0.00000      0.00000      0.00000
      0.94000      0.00000      0.00000      0.00000
      0.95000      0.00000      0.00000      0.00000
      0.96000      0.00000      0.00000      0.00000
      0.97000      0.00000      0.00000      0.00000
      0.98000      0.00000      0.00000      0.00000
      0.99000      0.00000      0.00000      0.00000
      1.00000      0.00000      0.00000      0.00000
      1.01000      0.00000      0.00000      0.00000
      1.02000      0.00000      0.00000      0.00000
      1.03000      0.00000      0.00000      0.00000
      1.04000      0.00000      0.00000      0.00000
      1.05000      0.00000      0.00000      0.00000
      1.06000      0.00000      0.00000      0.00000
      1.07000      0.00000      0.00000      0.00000
      1.08000      0.00000      0.00000      0.00000
      1.09000      0.00000      0.00000      0.00000
      1.10000      0.00000      0.00000      0.00000
      1.11000      0.00000      0.00000      0.00000
      1.12000      0.00000      0.00000      0.00000
      1.13000      0.00000      0.00000      0.00000
      1.14000      0.00000      0.00000      0.00000
      1.15000      0.00000      0.00000      0.00000
      1.16000      0.00000      0.00000      0.00000
      1.17000      0.00000      0.00000      0.00000
      1.18000      0.00000      0.00000      0.00000
      1.19000      0.00000      0.00000      0.00000
      1.20000      0.00000      0.00000      0.00000
      1.21000      0.00000      0.00000      0.00000
      1.22000      0.00000      0.00000      0.00000
      1.23000      0.00000      0.00000      0.00000
      1.24000      0.00000      0.00000      0.00000
      1.25000      0.00000      0.00000      0.00000
      1.26000      0.00000      0.00000      0.00000
      1.27000      0.00000      0.00000      0.00000
      1.28000      0.00000      0.00000      0.00000
      1.29000      0.00000      0.00000      0.00000
      1.30000      0.00000      0.00000      0.00000
      1.31000      0.00000      0.00000      0.00000
      1.32000      0.00000      0.00000      0.00000
      1.33000      0.00000      0.00000      0.00000
      1.34000      0.00000      0.00000      0.00000
      1.35000      0.00000      0.00000      0.00000
      1.36000      0.00000      0.00000      0.00000
      1.37000      0.00000      0.00000      0.00000
      1.38000      0.00000      0.00000      0.00000
      1.39000      0.00000      0.00000      0.00000
      1.40000      0.00000      0.00000      0.00000
      1.41000      0.00000      0.00000      0.00000
      1.42000      0.00000      0.00000      0.00000
      1.43000      0.00000      0.00000      0.00000
      1.44000      0.00000      0.00000      0.00000
      1.45000      0.00000      0.00000      0.00000
      1.46000      0.00000      0.00000      0.00000
      1.47000      0.00000      0.00000      0.00000
      1.48000      0.00000      0.00000      0.00000
      1.49000      0.00000      0.00000      0.00000
      1.50000      0.00000      0.00000      0.00000
      1.51000      0.00000      0.00000      0.00000
      1.52000      0.00000      0.00000      0.00000
      1.53000      0.00000      0.00000      0.00000
      1.54000      0.00000      0.00000      0.00000
      1.55000      0.00000      0.00000      0.00000
      1.56000      0.00000      0.00000      0.00000
      1.57000      0.00000      0.00000      0.00000
      1.58000      0.00000      0.00000      0.00000
      1.59000      0.00000      0.00000      0.00000
      1.60000      0.00000      0.00000      0.00000
      1.61000      0.00000      0.00000      0.00000
      1.62000      0.00000      0.00000      0.00000
      1.63000      0.00000      0.00000      0.00000
      1.64000      0.00000      0.00000      0.00000
      1.65000      0.00000      0.00000      0.00000
      1.66000      0.00000      0.00000      0.00000
      1.67000      0.00000      0.00000      0.00000
      1.68000      0.00000      0.00000      0.00000
      1.69000      0.00000      0.00000      0.00000
      1.70000      0.00000      0.00000      0.00000
      1.71000      0.00000      0.00000      0.00000
      1.72000      0.00000      0.00000      0.00000
      1.73000      0.00000      0.00000      0.00000
      1.74000      0.00000      0.00000      0.00000
      1.75000      0.00000      0.00000      0.00000
      1.76000      0.00000      0.00000      0.00000
      1.77000      0.00000      0.00000      0.00000
      1.78000      0.00000      0.00000      0.00000
      1.79000      0.00000      0.00000      0.00000
      1.80000      0.00000      0.00000      0.00000
      1.81000      0.00000      0.00000      0.00000
      1.82000      0.00000      0.00000      0.00000
      1.83000      0.00000      0.00000      0.00000
      1.84000      0.00000      0.00000      0.00000
      1.85000      0.00000      0.00000      0.00000
      1.86000      0.00000      0.00000      0.00000
      1.87000      0.00000      0.00000      0.00000
      1.88000      0.00000      0.00000      0.00000
      1.89000      0.00000      0.00000      0.00000
      1.90000      0.00000      0.00000      0.00000
      1.91000      0.00000      0.00000      0.00000
      1.92000      0.00000      0.00000      0.00000
      1.93000      0.00000      0.00000      0.00000
      1.94000      0.00000      0.00000      0.00000
      1.95000      0.00000      0.00000      0.00000
      1.96000      0.00000      0.00000      0.00000
      1.97000      0.00000      0.00000      0.00000
      1.98000      0.00000      0.00000      0.00000
      1.99000      0.00000      0.00000      0.00000
      2.00000      0.00000      0.00000      0.00000
      2.01000      0.00000      0.00000      0.00000
      2.02000      0.00000      0.00000      0.00000
      2.03000      0.00000      0.00000      0.00000
      2.04000      0.00000      0.00000      0.00000
      2.05000      0.00000      0.00000      0.00000
      2.06000      0.00000      0.00000      0.00000
      2.07000      0.00000      0.00000      0.00000
      2.08000      0.00000      0.00000      0.00000
      2.09000      0.00000      0.00000      0.00000
      2.10000      0.00000      0.00000      0.00000
      2.11000      0.00000      0.00000      0.00000
      2.12000      0.00000      0.00000      0.00000
      2.13000      0.00000      0.00000      0.00000
      2.14000      0.00000      0.00000      0.00000
      2.15000      0.00000      0.00000      0.00000
      2.16000      0.00000      0.00000      0.00000
      2.17000      0.00000      0.00000      0.00000
      2.18000      0.00000      0.00000      0.00000
      2.19000      0.00000      0.00000      0.00000
      2.20000      0.00000      0.00000      0.00000
      2.21000      0.00000      0.00000      0.00000
      2.22000      0.00000      0.00000      0.00000
      2.23000      0.00000      0.00000      0.00000
      2.24000      0.00000      0.00000      0.00000
      2.25000      0.00000      0.00000      0.00000
      2.26000      0.00000      0.00000      0.00000
      2.27000      0.00000      0.00000      0.00000
      2.28000      0.00000      0.00000      0.00000
      2.29000      0.00000      0.00000      0.00000
      2.30000      0.00000      0.00000      0.00000
      2.31000      0.00000      0.00000      0.00000
      2.32000      0.00000      0.00000      0.00000
      2.33000      0.00000      0.00000      0.00000
      2.34000      0.00000      0.00000      0.00000
      2.35000      0.00000      0.00000      0.00000
      2.36000      0.00000      0.00000      0.00000
      2.37000      0.00000      0.00000      0.00000
      2.38000      0.00000      0.00000      0.00000
      2.39000      0.00000      0.00000      0.00000
      2.40000      0.00000      0.00000      0.00000
      2.41000      0.00000      0.00000      0.00000
      2.42000      0.00000      0.00000      0.00000
      2.43000      0.00000      0.00000      0.00000
      2.44000      0.00000      0.00000      0.00000
      2.45000      0.00000      0.00000      0.00000
      2.46000      0.00000      0.00000      0.00000
      2.47000      0.00000      0.00000      0.00000
      2.48000      0.00000      0.00000      0.00000
      2.49000      0.00000      0.00000      0.00000
      2.50000      0.00000      0.00000      0.00000
      2.51000      0.00000      0.00000      0.00000
      2.52000      0.00000      0.00000      0.00000
      2.53000      0.00000      0.00000      0.00000
      2.54000      0.00000      0.00000      0.00000
      2.55000      0.00000      0.00000      0.00000
      2.56000      0.00000      0.00000      0.00000
      2.57000      0.00000      0.00000      0.00000
      2.58000      0.00000      0.00000      0.00000
      2.59000      0.00000      0.00000      0.00000
      2.60000      0.00000      0.00000      0.00000
      2.61000      0.00000      0.00000      0.00000
      2.62000      0.00000      0.00000      0.00000
      2.63000      0.00000      0.00000      0.00000
      2.64000      0.00000      0.00000      0.00000
      2.65000      0.00000      0.00000      0.00000
      2.66000      0.00000      0.00000      0.00000
      2.67000      0.00000      0.00000      0.00000
      2.68000      0.00000      0.00000      0.00000
      2.69000      0.00000      0.00000      0.00000
      2.70000      0.00000      0.00000      0.00000
      2.71000      0.00000      0.00000      0.00000
      2.72000      0.00000      0.00000      0.00000
      2.73000      0.00000      0.00000      0.00000
      2.74000      0.00000      0.00000      0.00000
      2.75000      0.00000      0.00000      0.00000
      2.76000      0.00000      0.00000      0.00000
      2.77000      0.00000      0.00000      0.00000
      2.78000      0.00000      0.00000      0.00000
      2.79000      0.00000      0.00000      0.00000
      2.80000      0.00000      0.00000      0.00000
      2.81000      0.00000      0.00000      0.00000
      2.82000      0.00000      0.00000      0.00000
      2.83000      0.00000      0.00000      0.00000
      2.84000      0.00000      0.00000      0.00000
      2.85000      0.00000      0.00000      0.00000
      2.86000      0.00000      0.00000      0.00000
      2.87000      0.00000      0.00000      0.00000
      2.88000      0.00000      0.00000      0.00000
      2.89000      0.00000      0.00000      0.00000
      2.90000      0.00000      0.00000      0.00000
      2.91000      0.00000      0.00000      0.00000
      2.92000      0.00000      0.00000      0.00000
      2.93000      0.00000      0.00000      0.00000
      2.94000      0.00000      0.00000      0.00000
      2.95000      0.00000      0.00000      0.00000
      2.96000      0.00000      0.00000      0.00000
      2.97000      0.00000      0.00000      0.00000
      2.98000      0.00000      0.00000      0.00000
      2.99000      0.00000      0.00000      0.00000
      3.00000      0.00000      0.00000      0.00000
      3.01000      0.00000      0.00000      0.00000
      3.02000      0.00000      0.00000      0.00000
      3.03000      0.00000      0.00000      0.00000
      3.04000      0.00000      0.00000      0.00000
      3.05000      0.00000      0.00000      0.00000
      3.06000      0.00000      0.00000      0.00000
      3.07000      0.00000      0.00000      0.00000
      3.08000      0.00000      0.00000      0.00000
      3.09000      0.00000      0.00000      0.00000
      3.10000      0.00000      0.00000      0.00000
      3.11000      0.00000      0.00000      0.00000
      3.12000      0.00000      0.00000      0.00000
      3.13000      0.00000      0.00000      0.00000
      3.14000      0.00000      0.00000      0.00000
      3.15000      0.00000      0.00000      0.00000
      3.16000      0.00000      0.00000      0.00000
      3.17000      0.00000      0.00000      0.00000
      3.18000      0.00000      0.00000      0.00000
      3.19000      0.00000      0.00000      0.00000
      3.20000      0.00000      0.00000      0.00000
      3.21000      0.00000      0.00000      0.00000
      3.22000      0.00000      0.00000      0.00000
      3.23000      0.00000      0.00000      0.00000
      3.24000      0.00000      0.00000      0.00000
      3.25000      0.00000      0.00000      0.00000
      3.26000      0.00000      0.00000      0.00000
      3.27000      0.00000      0.00000      0.00000
      3.28000      0.00000      0.00000      0.00000
      3.29000      0.00000      0.00000      0.00000
      3.30000      0.00000      0.00000      0.00000
      3.31000      0.00000      0.00000      0.00000
      3.32000      0.00000      0.00000      0.00000
      3.33000      0.00000      0.00000      0.00000
      3.34000      0.00000      0.00000      0.00000
      3.35000      0.00000      0.00000      0.00000
      3.36000      0.00000      0.00000      0.00000
      3.37000      0.00000      0.00000      0.00000
      3.38000      0.00000      0.00000      0.00000
      3.39000      0.00000      0.00000      0.00000
      3.40000      0.00000      0.00000      0.00000
      3.41000      0.00000      0.00000      0.00000
      3.42000      0.00000      0.00000      0.00000
      3.43000      0.00000      0.00000      0.00000
      3.44000      0.00000      0.00000      0.00000
      3.45000      0.00000      0.00000      0.00000
      3.46000      0.00000      0.00000      0.00000
      3.47000      0.00000      0.00000      0.00000
      3.48000      0.00000      0.00000      0.00000
      3.49000      0.00000      0.00000      0.00000
      3.50000      0.00000      0.00000      0.00000
      3.51000      0.00000      0.00000      0.00000
      3.52000      0.00000      0.00000      0.00000
      3.53000      0.00000      0.00000      0.00000
      3.54000      0.00000      0.00000      0.00000
      3.55000      0.00000      0.00000      0.00000
      3.56000      0.00000      0.00000      0.00000
      3.57000      0.00000      0.00000      0.00000
      3.58000      0.00000      0.00000      0.00000
      3.59000      0.00000      0.00000      0.00000
      3.60000      0.00000      0.00000      0.00000
      3.61000      0.00000      0.00000      0.00000
      3.62000      0.00000      0.00000      0.00000
      3.63000      0.00000      0.00000      0.00000
      3.64000      0.00000      0.00000      0.00000
      3.65000      0.00000      0.00000      0.00000
      3.66000      0.00000      0.00000      0.00000
      3.67000      0.00000      0.00000      0.00000
      3.68000      0.00000      0.00000      0.00000
      3.69000      0.00000      0.00000      0.00000
      3.70000      0.00000      0.00000      0.00000
      3.71000      0.00000      0.00000      0.00000
      3.72000      0.00000      0.00000      0.00000
      3.73000      0.00000      0.00000      0.00000
      3.74000      0.00000      0.00000      0.00000
      3.75000      0.00000      0.00000      0.00000
      3.76000      0.00000      0.00000      0.00000
      3.77000      0.00000      0.00000      0.00000
      3.78000      0.00000      0.00000      0.00000
      3.79000      0.00000      0.00000      0.00000
      3.80000      0.00000      0.00000      0.00000
      3.81000      0.00000      0.00000      0.00000
      3.82000      0.00000      0.00000      0.00000
      3.83000      0.00000      0.00000      0.00000
      3.84000      0.00000      0.00000      0.00000
      3.85000      0.00000      0.00000      0.00000
      3.86000      0.00000      0.00000      0.00000
      3.87000      0.00000      0.00000      0.00000
      3.88000      0.00000      0.00000      0.00000
      3.89000      0.00000      0.00000      0.00000
      3.90000      0.00000      0.00000      0.00000
      3.91000      0.00000      0.00000      0.00000
      3.92000      0.00000      0.00000      0.00000
      3.93000      0.00000      0.00000      0.00000
      3.94000      0.00000      0.00000      0.00000
      3.95000      0.00000      0.00000      0.00000
      3.96000      0.00000      0.00000      0.00000
      3.97000      0.00000      0.00000      0.00000
      3.98000      0.00000      0.00000      0.00000
      3.99000      0.00000      0.00000      0.00000
      4.00000      0.00000      0.00000      0.00000
      4.01000      0.00000      0.00000      0.00000
      4.02000      0.00000      0.00000      0.00000
      4.03000      0.00000      0.00000      0.00000
      4.04000      0.00000      0.00000      0.00000
      4.05000      0.00000      0.00000      0.00000
      4.06000      0.00000      0.00000      0.00000
      4.07000      0.00000      0.00000      0.00000
      4.08000      0.00000      0.00000      0.00000
      4.09000      0.00000      0.00000      0.00000
      4.10000      0.00000      0.00000      0.00000
      4.11000      0.00000      0.00000      0.00000
      4.12000      0.00000      0.00000      0.00000
      4.13000      0.00000      0.00000      0.00000
      4.14000      0.00000      0.00000      0.00000
      4.15000      0.00000      0.00000      0.00000
      4.16000      0.00000      0.00000      0.00000
      4.17000      0.00000      0.00000      0.00000
      4.18000      0.00000      0.00000      0.00000
      4.19000      0.00000      0.00000      0.00000
      4.20000      0.00000      0.00000      0.00000
      4.21000      0.00000      0.00000      0.00000
      4.22000      0.00000      0.00000      0.00000
      4.23000      0.00000      0.00000      0.00000
      4.24000      0.00000      0.00000      0.00000
      4.25000      0.00000      0.00000      0.00000
      4.26000      0.00000      0.00000      0.00000
      4.27000      0.00000      0.00000      0.00000
      4.28000      0.00000      0.00000      0.00000
      4.29000      0.00000      0.00000      0.00000
      4.30000      0.00000      0.00000      0.00000
      4.31000      0.00000      0.00000      0.00000
      4.32000      0.00000      0.00000      0.00000
      4.33000      0.00000      0.00000      0.00000
      4.34000      0.00000      0.00000      0.00000
      4.35000      0.00000      0.00000      0.00000
      4.36000      0.00000      0.00000      0.00000
      4.37000      0.00000      0.00000      0.00000
      4.38000      0.00000      0.00000      0.00000
      4.39000      0.00000      0.00000      0.00000
      4.40000      0.00000      0.00000      0.00000
      4.41000      0.00000      0.00000      0.00000
      4.42000      0.00000      0.00000      0.00000
      4.43000      0.00000      0.00000      0.00000
      4.44000      0.00000      0.00000      0.00000
      4.45000      0.00000      0.00000      0.00000
      4.46000      0.00000      0.00000      0.00000
      4.47000      0.00000      0.00000      0.00000
      4.48000      0.00000      0.00000      0.00000
      4.49000      0.00000      0.00000      0.00000
      4.50000      0.00000      0.00000      0.00000
      4.51000      0.00000      0.00000      0.00000
      4.52000      0.00000      0.00000      0.00000
      4.53000      0.00000      0.00000      0.00000
      4.54000      0.00000      0.00000      0.00000
      4.55000      0.00000      0.00000      0.00000
      4.56000      0.00000      0.00000      0.00000
      4.57000      0.00000      0.00000      0.00000
      4.58000      0.00000      0.00000      0.00000
      4.59000      0.00000      0.00000      0.00000
      4.60000      0.00000      0.00000      0.00000
      4.61000      0.00000      0.00000      0.00000
      4.62000      0.00000      0.00000      0.00000
      4.63000      0.00001      0.00001      0.00000
      4.64000      0.00044      0.00040      0.00005
      4.65000      0.00826      0.00736      0.00089
      4.66000      0.05696      0.05079      0.00617
      4.67000      0.15280      0.13620      0.01660
      4.68000      0.22336      0.19865      0.02471
      4.69000      0.37104      0.32882      0.04222
      4.70000      0.53430      0.47263      0.06167
      4.71000      0.44585      0.39370      0.05215
      4.72000      0.30733      0.27019      0.03713
      4.73000      0.40620      0.35577      0.05043
      4.74000      0.42621      0.37301      0.05320
      4.75000      0.29330      0.25550      0.03780
      4.76000      0.31741      0.27460      0.04280
      4.77000      0.27403      0.23677      0.03726
      4.78000      0.21183      0.18270      0.02913
      4.79000      0.59429      0.51136      0.08292
      4.80000      1.14388      0.98195      0.16193
      4.81000      1.09313      0.93389      0.15925
      4.82000      0.67926      0.57590      0.10336
      4.83000      0.36290      0.30499      0.05791
      4.84000      0.25601      0.21225      0.04375
      4.85000      0.46322      0.37455      0.08867
      4.86000      1.19140      0.94926      0.24214
      4.87000      1.97386      1.56061      0.41324
      4.88000      2.40373      1.89503      0.50870
      4.89000      2.33668      1.83539      0.50129
      4.90000      1.75304      1.37180      0.38124
      4.91000      1.22047      0.95636      0.26411
      4.92000      1.10067      0.85973      0.24094
      4.93000      1.49822      1.16162      0.33660
      4.94000      1.90167      1.47506      0.42661
      4.95000      1.65086      1.28921      0.36165
      4.96000      0.97308      0.77174      0.20133
      4.97000      0.70691      0.57207      0.13484
      4.98000      1.02908      0.82421      0.20486
      4.99000      1.42164      1.12205      0.29959
      5.00000      1.27432      0.99805      0.27627
      5.01000      0.71231      0.55859      0.15371
      5.02000      0.24626      0.19425      0.05202
      5.03000      0.19837      0.15351      0.04486
      5.04000      0.62631      0.47591      0.15040
      5.05000      1.31196      0.98702      0.32493
      5.06000      1.61223      1.21486      0.39737
      5.07000      1.14653      0.87656      0.26997
      5.08000      0.55720      0.43560      0.12160
      5.09000      0.38160      0.30058      0.08101
      5.10000      0.41719      0.32959      0.08760
      5.11000      0.42953      0.34213      0.08740
      5.12000      0.46902      0.36554      0.10348
      5.13000      0.75845      0.57088      0.18757
      5.14000      1.02563      0.77212      0.25351
      5.15000      0.65195      0.49542      0.15653
      5.16000      0.18019      0.13828      0.04190
      5.17000      0.09064      0.07026      0.02038
      5.18000      0.34859      0.27037      0.07822
      5.19000      0.63367      0.49108      0.14259
      5.20000      0.55108      0.42279      0.12828
      5.21000      0.81730      0.60941      0.20789
      5.22000      1.61754      1.19893      0.41862
      5.23000      1.54941      1.15002      0.39939
      5.24000      0.72167      0.54188      0.17979
      5.25000      0.45837      0.35646      0.10191
      5.26000      0.50445      0.39609      0.10836
      5.27000      0.38108      0.29913      0.08195
      5.28000      0.20633      0.15966      0.04667
      5.29000      0.27676      0.20851      0.06825
      5.30000      0.44847      0.33771      0.11076
      5.31000      0.59220      0.44405      0.14815
      5.32000      0.77319      0.56902      0.20417
      5.33000      0.67023      0.48649      0.18374
      5.34000      0.26773      0.19338      0.07435
      5.35000      0.05982      0.04363      0.01619
      5.36000      0.12154      0.09088      0.03066
      5.37000      0.29211      0.21862      0.07349
      5.38000      0.29928      0.22449      0.07480
      5.39000      0.30953      0.23382      0.07571
      5.40000      0.53310      0.40090      0.13219
      5.41000      0.63654      0.47205      0.16448
      5.42000      0.85595      0.62190      0.23405
      5.43000      1.41223      1.01887      0.39336
      5.44000      1.33058      0.96221      0.36837
      5.45000      0.64254      0.46905      0.17349
      5.46000      0.16801      0.12407      0.04393
      5.47000      0.02174      0.01617      0.00557
      5.48000      0.00738      0.00551      0.00188
      5.49000      0.06204      0.04627      0.01577
      5.50000      0.22862      0.17046      0.05816
      5.51000      0.33269      0.24740      0.08529
      5.52000      0.30347      0.22229      0.08117
      5.53000      0.36521      0.26315      0.10206
      5.54000      0.46431      0.33245      0.13186
      5.55000      0.71427      0.51185      0.20242
      5.56000      0.72599      0.52351      0.20248
      5.57000      0.44690      0.32521      0.12168
      5.58000      0.48395      0.35515      0.12880
      5.59000      0.57946      0.42765      0.15181
      5.60000      0.48707      0.36129      0.12578
      5.61000      0.41950      0.31113      0.10837
      5.62000      0.37268      0.27289      0.09979
      5.63000      0.36373      0.26194      0.10179
      5.64000      0.28343      0.20258      0.08086
      5.65000      0.31424      0.22214      0.09210
      5.66000      0.58708      0.41183      0.17525
      5.67000      0.91791      0.63974      0.27817
      5.68000      0.86949      0.60390      0.26559
      5.69000      0.37463      0.25994      0.11469
      5.70000      0.11764      0.08326      0.03438
      5.71000      0.27010      0.19522      0.07487
      5.72000      0.54157      0.39043      0.15114
      5.73000      0.48039      0.34507      0.13532
      5.74000      0.18431      0.13200      0.05231
      5.75000      0.02919      0.02087      0.00832
      5.76000      0.00344      0.00245      0.00099
      5.77000      0.03129      0.02217      0.00911
      5.78000      0.22269      0.15780      0.06488
      5.79000      0.62405      0.44168      0.18237
      5.80000      0.85010      0.59890      0.25119
      5.81000      0.79787      0.55890      0.23896
      5.82000      0.46528      0.32556      0.13972
      5.83000      0.11980      0.08394      0.03586
      5.84000      0.01287      0.00903      0.00384
      5.85000      0.01838      0.01286      0.00552
      5.86000      0.12561      0.08791      0.03770
      5.87000      0.36190      0.25379      0.10811
      5.88000      0.50627      0.35643      0.14984
      5.89000      0.41195      0.29077      0.12119
      5.90000      0.29804      0.20829      0.08975
      5.91000      0.35781      0.24711      0.11070
      5.92000      0.42760      0.29389      0.13371
      5.93000      0.70727      0.48508      0.22219
      5.94000      1.08092      0.74238      0.33854
      5.95000      0.85219      0.58588      0.26630
      5.96000      0.29600      0.20378      0.09222
      5.97000      0.13727      0.09628      0.04099
      5.98000      0.28808      0.20349      0.08459
      5.99000      0.37081      0.26192      0.10889
      6.00000      0.37982      0.26801      0.11181
      6.01000      0.37336      0.26204      0.11132
      6.02000      0.36012      0.24928      0.11084
      6.03000      0.32590      0.22406      0.10183
      6.04000      0.24009      0.16562      0.07447
      6.05000      0.31214      0.21626      0.09588
      6.06000      0.34254      0.23611      0.10643
      6.07000      0.36679      0.24878      0.11801
      6.08000      0.42646      0.28701      0.13944
      6.09000      0.28745      0.19302      0.09443
      6.10000      0.09784      0.06563      0.03221
      6.11000      0.04866      0.03306      0.01560
      6.12000      0.17237      0.11857      0.05429
      6.13000      0.33326      0.24447      0.09833
      6.14000      0.38967      0.39774      0.06613
      6.15000      0.66086      0.87777      0.02212
      6.16000      1.04420      1.34448      0.05039
      6.17000      1.23317      1.36500      0.15448
      6.18000      1.16869      1.19168      0.18813
      6.19000      0.97634      1.09009      0.11000
      6.20000      0.92695      1.00334      0.11930
      6.21000      1.13383      1.03396      0.23819
      6.22000      1.42498      1.18170      0.35604
      6.23000      1.22259      1.02586      0.29901
      6.24000      0.68182      0.67970      0.11227
      6.25000      0.29491      0.35563      0.01709
      6.26000      0.24331      0.31693      0.00102
      6.27000      0.43755      0.57148      0.00029
      6.28000      0.51711      0.66551      0.00512
      6.29000      0.46092      0.53205      0.03564
      6.30000      0.56396      0.55700      0.09140
      6.31000      0.60170      0.60802      0.09020
      6.32000      0.39080      0.38787      0.06270
      6.33000      0.44215      0.39281      0.09525
      6.34000      0.65040      0.65837      0.09663
      6.35000      0.64144      0.69623      0.06996
      6.36000      0.63445      0.55254      0.14184
      6.37000      0.66784      0.47029      0.20917
      6.38000      0.47248      0.31965      0.15513
      6.39000      0.46038      0.34076      0.13488
      6.40000      0.67965      0.58840      0.15239
      6.41000      0.78345      0.74372      0.13973
      6.42000      0.72101      0.70871      0.11461
      6.43000      0.77014      0.76096      0.11963
      6.44000      0.75348      0.74936      0.11487
      6.45000      0.69614      0.67230      0.11806
      6.46000      0.43414      0.39071      0.08964
      6.47000      0.25345      0.24126      0.04516
      6.48000      0.48933      0.48648      0.07598
      6.49000      0.65284      0.60286      0.12722
      6.50000      0.55996      0.43494      0.15526
      6.51000      0.60255      0.40562      0.20230
      6.52000      0.52577      0.37488      0.16476
      6.53000      0.44356      0.44547      0.06603
      6.54000      0.61671      0.68980      0.05165
      6.55000      0.71915      0.66723      0.13662
      6.56000      0.65945      0.49533      0.19043
      6.57000      0.48400      0.39985      0.11938
      6.58000      0.38871      0.43408      0.03227
      6.59000      0.26737      0.33173      0.00353
      6.60000      0.12421      0.15702      0.00018
      6.61000      0.14406      0.18100      0.00119
      6.62000      0.19430      0.21580      0.01745
      6.63000      0.34293      0.26038      0.09810
      6.64000      0.65586      0.43514      0.22303
      6.65000      0.73360      0.48170      0.25265
      6.66000      0.62996      0.43165      0.20689
      6.67000      0.49590      0.42526      0.11365
      6.68000      0.41279      0.46684      0.02943
      6.69000      0.37403      0.46468      0.00319
      6.70000      0.54843      0.68807      0.00233
      6.71000      0.65411      0.78715      0.02262
      6.72000      0.53039      0.50898      0.09218
      6.73000      0.55612      0.40707      0.16845
      6.74000      0.62003      0.49901      0.16171
      6.75000      0.56585      0.55551      0.09049
      6.76000      0.43914      0.42325      0.07511
      6.77000      0.38911      0.28928      0.11593
      6.78000      0.35168      0.23099      0.12233
      6.79000      0.54952      0.35711      0.19333
      6.80000      0.88047      0.59410      0.29713
      6.81000      0.82227      0.64624      0.22557
      6.82000      0.52850      0.53666      0.07613
      6.83000      0.32574      0.34691      0.03740
      6.84000      0.44712      0.40468      0.09064
      6.85000      0.65802      0.61248      0.12300
      6.86000      0.58425      0.52141      0.12223
      6.87000      0.43036      0.32011      0.12727
      6.88000      0.34708      0.23307      0.11770
      6.89000      0.41222      0.30758      0.12303
      6.90000      0.49585      0.46706      0.09342
      6.91000      0.57189      0.56034      0.09545
      6.92000      0.47502      0.39918      0.11648
      6.93000      0.32712      0.24564      0.09671
      6.94000      0.47600      0.40640      0.11292
      6.95000      0.57494      0.56149      0.09600
      6.96000      0.30925      0.33492      0.03279
      6.97000      0.07633      0.08457      0.00700
      6.98000      0.07976      0.05516      0.02631
      6.99000      0.25705      0.17383      0.08714
      7.00000      0.38101      0.29724      0.10695
      7.01000      0.36354      0.37624      0.04921
      7.02000      0.42471      0.49646      0.02298
      7.03000      0.60352      0.60291      0.09048
      7.04000      0.84474      0.70689      0.20659
      7.05000      0.84208      0.73654      0.18777
      7.06000      0.56081      0.51135      0.11311
      7.07000      0.56998      0.41106      0.17844
      7.08000      0.85780      0.56487      0.29989
      7.09000      0.92808      0.66841      0.29154
      7.10000      0.66540      0.60810      0.13503
      7.11000      0.35701      0.40708      0.02636
      7.12000      0.23501      0.29747      0.00205
      7.13000      0.31344      0.40372      0.00015
      7.14000      0.24099      0.30662      0.00230
      7.15000      0.13839      0.13742      0.02273
      7.16000      0.31423      0.25550      0.08265
      7.17000      0.56755      0.52324      0.11443
      7.18000      0.53801      0.53228      0.08808
      7.19000      0.42371      0.35206      0.10729
      7.20000      0.32608      0.22293      0.10964
      7.21000      0.27641      0.19643      0.08836
      7.22000      0.50851      0.39498      0.14288
      7.23000      0.60342      0.47972      0.16311
      7.24000      0.42731      0.32340      0.12518
      7.25000      0.47448      0.35481      0.14270
      7.26000      0.72723      0.64765      0.16107
      7.27000      0.93766      0.93416      0.15097
      7.28000      0.84342      0.83196      0.13886
      7.29000      0.63265      0.52417      0.16031
      7.30000      0.48640      0.33128      0.16414
      7.31000      0.33027      0.21208      0.11881
      7.32000      0.21677      0.13836      0.07843
      7.33000      0.35327      0.22580      0.12753
      7.34000      0.50569      0.32802      0.17898
      7.35000      0.48594      0.35220      0.14578
      7.36000      0.46967      0.46321      0.06056
      7.37000      0.58769      0.69057      0.01274
      7.38000      0.59889      0.68308      0.02675
      7.39000      0.76335      0.70803      0.12138
      7.40000      1.08205      0.92562      0.21841
      7.41000      0.94726      0.88768      0.15227
      7.42000      0.71403      0.79502      0.04104
      7.43000      0.54921      0.63891      0.00444
      7.44000      0.41271      0.48011      0.00448
      7.45000      0.62273      0.68981      0.03701
      7.46000      1.11842      1.11336      0.13181
      7.47000      1.49881      1.41386      0.22624
      7.48000      1.37242      1.27436      0.23176
      7.49000      0.95977      0.91061      0.15218
      7.50000      0.61316      0.64034      0.05286
      7.51000      0.48458      0.55405      0.00903
      7.52000      0.66521      0.76410      0.01506
      7.53000      0.73971      0.76245      0.07023
      7.54000      0.67220      0.56270      0.14514
      7.55000      0.82927      0.67846      0.17825
      7.56000      1.07502      0.92998      0.18839
      7.57000      1.10755      0.96480      0.19601
      7.58000      1.11614      1.02432      0.18187
      7.59000      1.01722      1.00480      0.12934
      7.60000      0.74573      0.70456      0.11302
      7.61000      0.80338      0.75347      0.11220
      7.62000      0.88645      0.94084      0.05984
      7.63000      0.68475      0.73568      0.05800
      7.64000      0.59027      0.51062      0.12585
      7.65000      0.83621      0.67362      0.19036
      7.66000      1.20343      1.02995      0.23827
      7.67000      1.30843      1.24869      0.18211
      7.68000      1.30346      1.30519      0.13075
      7.69000      1.33246      1.29056      0.16526
      7.70000      1.03646      1.02240      0.11515
      7.71000      0.51136      0.52524      0.03104
      7.72000      0.30781      0.31352      0.00959
      7.73000      0.53009      0.50368      0.04240
      7.74000      0.73038      0.64648      0.10113
      7.75000      0.74705      0.67486      0.10052
      7.76000      0.99928      0.99051      0.10047
      7.77000      1.42168      1.41010      0.19023
      7.78000      1.39352      1.28854      0.26413
      7.79000      0.89500      0.75311      0.20457
      7.80000      0.83088      0.71353      0.13403
      7.81000      1.29800      1.15677      0.15584
      7.82000      1.15486      1.05006      0.11745
      7.83000      0.65770      0.62679      0.03790
      7.84000      0.43933      0.42260      0.02034
      7.85000      0.60606      0.51735      0.09163
      7.86000      0.99904      0.81942      0.19648
      7.87000      1.02740      0.93823      0.15730
      7.88000      1.02127      1.06652      0.05982
      7.89000      1.00632      0.98451      0.08171
      7.90000      1.02439      0.84969      0.18900
      7.91000      1.13408      0.93879      0.21809
      7.92000      1.44940      1.31035      0.24269
      7.93000      1.95726      1.81584      0.33665
      7.94000      1.90586      1.78356      0.29868
      7.95000      1.61335      1.58451      0.15382
      7.96000      1.32870      1.32740      0.07122
      7.97000      1.13097      1.07920      0.09115
      7.98000      1.31612      1.22574      0.17457
      7.99000      1.47433      1.38556      0.21651
      8.00000      1.21968      1.15428      0.15957
      8.01000      1.06697      0.97878      0.12412
      8.02000      1.35817      1.16996      0.20992
      8.03000      1.85150      1.58865      0.32821
      8.04000      1.88504      1.65705      0.32508
      8.05000      1.49193      1.30205      0.24323
      8.06000      1.49551      1.27357      0.23273
      8.07000      2.02101      1.70546      0.31657
      8.08000      2.51495      2.08972      0.42957
      8.09000      3.09602      2.56007      0.56834
      8.10000      3.57962      3.04039      0.63003
      8.11000      3.31029      2.87428      0.54577
      8.12000      2.75351      2.41361      0.44913
      8.13000      1.99937      1.79710      0.31340
      8.14000      0.83021      0.76141      0.12417
      8.15000      0.15033      0.13962      0.02172
      8.16000      0.03766      0.04579      0.00152
      8.17000      0.17807      0.23604      0.00004
      8.18000      0.43178      0.57194      0.00000
      8.19000      0.40250      0.53226      0.00000
      8.20000      0.23496      0.30887      0.00000
      8.21000      0.29480      0.38535      0.00000
      8.22000      0.27199      0.35535      0.00000
      8.23000      0.09719      0.12697      0.00000
      8.24000      0.01508      0.01979      0.00000
      8.25000      0.03254      0.04370      0.00000
      8.26000      0.16383      0.22011      0.00000
      8.27000      0.31247      0.41975      0.00000
      8.28000      0.25775      0.34544      0.00000
      8.29000      0.24644      0.32732      0.00000
      8.30000      0.31678      0.41946      0.00000
      8.31000      0.18655      0.24696      0.00000
      8.32000      0.04101      0.05428      0.00000
      8.33000      0.00350      0.00463      0.00000
      8.34000      0.00525      0.00706      0.00000
      8.35000      0.05480      0.07377      0.00000
      8.36000      0.21449      0.28873      0.00000
      8.37000      0.30883      0.41572      0.00000
      8.38000      0.16358      0.22020      0.00000
      8.39000      0.03197      0.04304      0.00000
      8.40000      0.00557      0.00748      0.00000
      8.41000      0.04111      0.05502      0.00000
      8.42000      0.19430      0.25981      0.00000
      8.43000      0.39237      0.52283      0.00000
      8.44000      0.49749      0.65711      0.00000
      8.45000      0.57002      0.74833      0.00000
      8.46000      0.52147      0.68534      0.00000
      8.47000      0.48164      0.63665      0.00000
      8.48000      0.48582      0.64327      0.00000
      8.49000      0.28303      0.37427      0.00000
      8.50000      0.17614      0.23284      0.00000
      8.51000      0.29306      0.38758      0.00000
      8.52000      0.26030      0.34427      0.00000
      8.53000      0.09492      0.12559      0.00000
      8.54000      0.08744      0.11609      0.00000
      8.55000      0.24902      0.33079      0.00000
      8.56000      0.29595      0.39313      0.00000
      8.57000      0.14057      0.18680      0.00000
      8.58000      0.11669      0.15563      0.00000
      8.59000      0.32919      0.43926      0.00000
      8.60000      0.51682      0.68917      0.00000
      8.61000      0.41769      0.55657      0.00000
      8.62000      0.16349      0.21775      0.00000
      8.63000      0.02746      0.03656      0.00000
      8.64000      0.01217      0.01619      0.00000
      8.65000      0.08586      0.11424      0.00000
      8.66000      0.25938      0.34512      0.00000
      8.67000      0.28843      0.38377      0.00000
      8.68000      0.11912      0.15849      0.00000
      8.69000      0.03767      0.04986      0.00000
      8.70000      0.12899      0.16996      0.00000
      8.71000      0.32446      0.42765      0.00000
      8.72000      0.42348      0.55896      0.00000
      8.73000      0.48233      0.63782      0.00000
      8.74000      0.49718      0.65772      0.00000
      8.75000      0.33806      0.44715      0.00000
      8.76000      0.11302      0.14948      0.00000
      8.77000      0.01647      0.02178      0.00000
      8.78000      0.02455      0.03238      0.00000
      8.79000      0.18532      0.24437      0.00000
      8.80000      0.53288      0.70248      0.00000
      8.81000      0.56499      0.74463      0.00000
      8.82000      0.22087      0.29102      0.00000
      8.83000      0.03183      0.04194      0.00000
      8.84000      0.00170      0.00224      0.00000
      8.85000      0.00045      0.00060      0.00000
      8.86000      0.01015      0.01329      0.00000
      8.87000      0.09233      0.12084      0.00000
      8.88000      0.32292      0.42213      0.00000
      8.89000      0.44328      0.57857      0.00000
      8.90000      0.24365      0.31741      0.00000
      8.91000      0.05412      0.07037      0.00000
      8.92000      0.00482      0.00626      0.00000
      8.93000      0.00017      0.00023      0.00000
      8.94000      0.00034      0.00045      0.00000
      8.95000      0.00933      0.01232      0.00000
      8.96000      0.09883      0.13057      0.00000
      8.97000      0.42752      0.56443      0.00000
      8.98000      0.86334      1.13670      0.00000
      8.99000      1.03810      1.35957      0.00000
      9.00000      0.88993      1.16277      0.00000
      9.01000      0.61082      0.80147      0.00000
      9.02000      0.46654      0.61440      0.00000
      9.03000      0.41078      0.54022      0.00000
      9.04000      0.39708      0.52059      0.00000
      9.05000      0.36092      0.47120      0.00000
      9.06000      0.36278      0.47122      0.00000
      9.07000      0.31014      0.40111      0.00000
      9.08000      0.30393      0.38976      0.00000
      9.09000      0.31478      0.40232      0.00000
      9.10000      0.19609      0.24934      0.00000
      9.11000      0.23430      0.29430      0.00000
      9.12000      0.31157      0.39058      0.00000
      9.13000      0.17095      0.21423      0.00000
      9.14000      0.06266      0.07776      0.00000
      9.15000      0.15736      0.19301      0.00000
      9.16000      0.30658      0.37591      0.00000
      9.17000      0.22319      0.27366      0.00000
      9.18000      0.05982      0.07334      0.00000
      9.19000      0.00701      0.00857      0.00000
      9.20000      0.01597      0.01913      0.00000
      9.21000      0.08172      0.09790      0.00000
      9.22000      0.16513      0.19907      0.00000
      9.23000      0.21658      0.27264      0.00000
      9.24000      0.49603      0.64900      0.00000
      9.25000      0.97970      1.27726      0.00000
      9.26000      1.09976      1.41545      0.00000
      9.27000      0.65069      0.82618      0.00000
      9.28000      0.20066      0.25028      0.00000
      9.29000      0.15278      0.18033      0.00000
      9.30000      0.29787      0.34848      0.00000
      9.31000      0.24597      0.28770      0.00000
      9.32000      0.07495      0.08767      0.00000
      9.33000      0.00840      0.00983      0.00000
      9.34000      0.00035      0.00041      0.00000
      9.35000      0.00001      0.00001      0.00000
      9.36000      0.00000      0.00000      0.00000
      9.37000      0.00010      0.00012      0.00000
      9.38000      0.00360      0.00412      0.00000
      9.39000      0.05001      0.05724      0.00000
      9.40000      0.28778      0.32962      0.00000
      9.41000      0.73295      0.83991      0.00000
      9.42000      0.89068      1.02408      0.00000
      9.43000      0.65491      0.76526      0.00000
      9.44000      0.49089      0.58250      0.00000
      9.45000      0.49898      0.59194      0.00000
      9.46000      0.50059      0.60412      0.00000
      9.47000      0.42196      0.52569      0.00000
      9.48000      0.46221      0.58866      0.00000
      9.49000      0.60648      0.77840      0.00000
      9.50000      1.02054      1.30197      0.00000
      9.51000      1.50662      1.90253      0.00000
      9.52000      1.19948      1.50679      0.00000
      9.53000      0.49518      0.60951      0.00000
      9.54000      0.32460      0.37069      0.00000
      9.55000      0.28035      0.31404      0.00000
      9.56000      0.10931      0.12168      0.00001
      9.57000      0.07137      0.07297      0.00012
      9.58000      0.24534      0.24496      0.00080
      9.59000      0.48873      0.48855      0.00274
      9.60000      0.58916      0.59236      0.00436
      9.61000      0.44449      0.45455      0.00283
      9.62000      0.30224      0.33392      0.00111
      9.63000      0.46466      0.52470      0.00377
      9.64000      0.70729      0.75330      0.01195
      9.65000      0.66109      0.67705      0.01418
      9.66000      0.28605      0.28947      0.00655
      9.67000      0.09937      0.09515      0.00585
