Energy-E_F (eV)    DOS (1/eV)    PDOS (1/eV)  of atom type B  N  
     -5.99738      0.67695      0.27735      0.39960
     -5.98738      0.51610      0.21032      0.30578
     -5.97738      0.36950      0.14944      0.22005
     -5.96738      0.27578      0.11181      0.16398
     -5.95738      0.15533      0.06335      0.09198
     -5.94738      0.17282      0.07100      0.10182
     -5.93738      0.33156      0.13863      0.19293
     -5.92738      0.41136      0.17476      0.23660
     -5.91738      0.50560      0.21311      0.29249
     -5.90738      0.70195      0.28831      0.41365
     -5.89738      0.69726      0.28077      0.41650
     -5.88738      0.53383      0.21435      0.31948
     -5.87738      0.53443      0.21927      0.31516
     -5.86738      0.54762      0.22652      0.32110
     -5.85738      0.43532      0.17752      0.25780
     -5.84738      0.38535      0.15744      0.22791
     -5.83738      0.44722      0.18690      0.26032
     -5.82738      0.52145      0.21948      0.30197
     -5.81738      0.60495      0.25607      0.34888
     -5.80738      0.72709      0.30932      0.41777
     -5.79738      0.67328      0.28573      0.38755
     -5.78738      0.43660      0.18170      0.25490
     -5.77738      0.26255      0.10578      0.15677
     -5.76738      0.34569      0.13731      0.20838
     -5.75738      0.61162      0.24435      0.36727
     -5.74738      0.77529      0.31248      0.46281
     -5.73738      0.66895      0.27129      0.39766
     -5.72738      0.44192      0.17867      0.26324
     -5.71738      0.33920      0.13568      0.20352
     -5.70738      0.42900      0.17326      0.25574
     -5.69738      0.50498      0.20675      0.29823
     -5.68738      0.48863      0.20191      0.28672
     -5.67738      0.51350      0.21217      0.30133
     -5.66738      0.53654      0.22148      0.31506
     -5.65738      0.44575      0.18406      0.26169
     -5.64738      0.39031      0.15833      0.23197
     -5.63738      0.40206      0.16202      0.24004
     -5.62738      0.46192      0.18720      0.27472
     -5.61738      0.57699      0.23227      0.34472
     -5.60738      0.80483      0.32495      0.47988
     -5.59738      0.87600      0.35767      0.51834
     -5.58738      0.58191      0.24354      0.33837
     -5.57738      0.44270      0.19073      0.25196
     -5.56738      0.45455      0.19190      0.26265
     -5.55738      0.51300      0.20802      0.30498
     -5.54738      0.56811      0.22884      0.33927
     -5.53738      0.42275      0.17103      0.25171
     -5.52738      0.17865      0.07246      0.10619
     -5.51738      0.20010      0.08258      0.11751
     -5.50738      0.45862      0.18978      0.26884
     -5.49738      0.63037      0.25768      0.37269
     -5.48738      0.71936      0.28932      0.43005
     -5.47738      0.79754      0.32102      0.47652
     -5.46738      0.86663      0.35253      0.51410
     -5.45738      0.78014      0.31709      0.46305
     -5.44738      0.53100      0.21276      0.31824
     -5.43738      0.38589      0.15238      0.23352
     -5.42738      0.37975      0.15117      0.22858
     -5.41738      0.49690      0.19990      0.29700
     -5.40738      0.56142      0.22436      0.33707
     -5.39738      0.41550      0.16537      0.25013
     -5.38738      0.42818      0.17240      0.25579
     -5.37738      0.51484      0.20877      0.30606
     -5.36738      0.55306      0.22712      0.32594
     -5.35738      0.68920      0.28632      0.40288
     -5.34738      0.78266      0.32480      0.45786
     -5.33738      0.65673      0.27209      0.38464
     -5.32738      0.56729      0.23093      0.33636
     -5.31738      0.65305      0.25983      0.39322
     -5.30738      0.57983      0.22832      0.35152
     -5.29738      0.37664      0.14728      0.22936
     -5.28738      0.21583      0.08469      0.13114
     -5.27738      0.32377      0.12922      0.19455
     -5.26738      0.61538      0.24683      0.36855
     -5.25738      0.76055      0.30244      0.45811
     -5.24738      0.70792      0.27573      0.43219
     -5.23738      0.69140      0.26698      0.42442
     -5.22738      0.78950      0.30654      0.48296
     -5.21738      0.89436      0.34840      0.54596
     -5.20738      1.09123      0.42586      0.66536
     -5.19738      1.07531      0.41707      0.65825
     -5.18738      0.86403      0.33276      0.53128
     -5.17738      0.92775      0.36111      0.56664
     -5.16738      1.11265      0.43801      0.67464
     -5.15738      1.09957      0.43117      0.66840
     -5.14738      0.96473      0.37656      0.58817
     -5.13738      0.85820      0.33654      0.52165
     -5.12738      0.84853      0.33440      0.51413
     -5.11738      0.79940      0.31675      0.48266
     -5.10738      0.75469      0.29348      0.46121
     -5.09738      0.83200      0.31448      0.51753
     -5.08738      0.99100      0.37497      0.61603
     -5.07738      0.95433      0.36869      0.58564
     -5.06738      0.80869      0.31739      0.49130
     -5.05738      0.77202      0.29703      0.47500
     -5.04738      0.67151      0.25187      0.41964
     -5.03738      0.44453      0.16469      0.27983
     -5.02738      0.40973      0.15653      0.25320
     -5.01738      0.76976      0.29786      0.47191
     -5.00738      1.13994      0.43818      0.70176
     -4.99738      1.33819      0.51829      0.81990
     -4.98738      1.28968      0.50075      0.78893
     -4.97738      0.90211      0.34419      0.55791
     -4.96738      0.69975      0.26162      0.43812
     -4.95738      0.82341      0.30981      0.51360
     -4.94738      0.94506      0.36223      0.58283
     -4.93738      0.88107      0.34056      0.54051
     -4.92738      0.81900      0.31894      0.50006
     -4.91738      0.93642      0.36474      0.57168
     -4.90738      1.02610      0.39392      0.63218
     -4.89738      1.08266      0.41449      0.66817
     -4.88738      1.06097      0.40917      0.65180
     -4.87738      0.94293      0.36440      0.57853
     -4.86738      0.93072      0.35828      0.57244
     -4.85738      0.91186      0.34496      0.56690
     -4.84738      0.90591      0.33955      0.56636
     -4.83738      0.80863      0.30729      0.50134
     -4.82738      0.79748      0.30910      0.48837
     -4.81738      0.89441      0.34957      0.54484
     -4.80738      0.79629      0.30801      0.48828
     -4.79738      0.88480      0.33458      0.55022
     -4.78738      1.25522      0.47747      0.77775
     -4.77738      1.30096      0.49795      0.80302
     -4.76738      1.00189      0.37843      0.62346
     -4.75738      0.72187      0.26514      0.45672
     -4.74738      0.60357      0.22047      0.38310
     -4.73738      0.77069      0.28775      0.48294
     -4.72738      1.01310      0.38334      0.62976
     -4.71738      1.00069      0.37702      0.62367
     -4.70738      0.95713      0.35930      0.59783
     -4.69738      0.92942      0.35706      0.57236
     -4.68738      0.99330      0.38744      0.60586
     -4.67738      1.19994      0.46456      0.73537
     -4.66738      1.24085      0.47518      0.76567
     -4.65738      1.29108      0.48996      0.80113
     -4.64738      1.31496      0.49990      0.81506
     -4.63738      0.99914      0.37799      0.62114
     -4.62738      0.66292      0.24673      0.41619
     -4.61738      0.57370      0.21167      0.36204
     -4.60738      0.64847      0.23775      0.41072
     -4.59738      0.80655      0.29510      0.51146
     -4.58738      1.02820      0.37989      0.64831
     -4.57738      1.30871      0.49329      0.81542
     -4.56738      1.44393      0.55262      0.89131
     -4.55738      1.25927      0.47955      0.77972
     -4.54738      1.01893      0.38227      0.63667
     -4.53738      0.72706      0.27508      0.45197
     -4.52738      0.72853      0.27926      0.44927
     -4.51738      1.08710      0.40838      0.67872
     -4.50738      1.31184      0.48412      0.82772
     -4.49738      1.35293      0.50019      0.85274
     -4.48738      1.20569      0.45198      0.75371
     -4.47738      1.02636      0.39143      0.63494
     -4.46738      0.93454      0.35815      0.57639
     -4.45738      0.81800      0.31124      0.50676
     -4.44738      1.02068      0.38901      0.63167
     -4.43738      1.53174      0.57951      0.95222
     -4.42738      1.71182      0.64166      1.07016
     -4.41738      1.38732      0.51297      0.87435
     -4.40738      1.13304      0.41614      0.71690
     -4.39738      1.05313      0.39300      0.66014
     -4.38738      0.99412      0.37987      0.61425
     -4.37738      1.05512      0.40203      0.65309
     -4.36738      1.13493      0.42024      0.71469
     -4.35738      1.28508      0.46914      0.81594
     -4.34738      1.34034      0.48692      0.85343
     -4.33738      1.19373      0.43452      0.75921
     -4.32738      1.17802      0.43371      0.74432
     -4.31738      1.36916      0.50875      0.86041
     -4.30738      1.71953      0.64464      1.07489
     -4.29738      2.14024      0.80219      1.33805
     -4.28738      2.07232      0.77141      1.30091
     -4.27738      1.54528      0.56735      0.97793
     -4.26738      1.09190      0.39700      0.69490
     -4.25738      1.06781      0.39457      0.67324
     -4.24738      1.20047      0.44741      0.75306
     -4.23738      1.27778      0.47758      0.80020
     -4.22738      1.29650      0.48594      0.81056
     -4.21738      1.22602      0.45999      0.76603
     -4.20738      1.18019      0.44322      0.73697
     -4.19738      1.19647      0.44904      0.74743
     -4.18738      1.32639      0.49690      0.82949
     -4.17738      1.50347      0.55300      0.95047
     -4.16738      1.36604      0.49128      0.87476
     -4.15738      1.17407      0.42425      0.74982
     -4.14738      1.10315      0.40911      0.69404
     -4.13738      1.00703      0.38089      0.62614
     -4.12738      1.08379      0.41239      0.67140
     -4.11738      1.22065      0.45875      0.76189
     -4.10738      1.27788      0.47351      0.80437
     -4.09738      1.30495      0.48234      0.82261
     -4.08738      1.03833      0.38288      0.65545
     -4.07738      0.80690      0.29392      0.51298
     -4.06738      0.89394      0.32228      0.57166
     -4.05738      1.01557      0.36832      0.64725
     -4.04738      0.83454      0.30990      0.52465
     -4.03738      0.72972      0.27467      0.45505
     -4.02738      0.83516      0.30810      0.52705
     -4.01738      1.02221      0.37658      0.64563
     -4.00738      1.22411      0.45664      0.76746
     -3.99738      1.27251      0.47628      0.79623
     -3.98738      1.24710      0.46154      0.78556
     -3.97738      0.99694      0.36167      0.63527
     -3.96738      0.78290      0.28303      0.49987
     -3.95738      0.98244      0.35927      0.62318
     -3.94738      1.09688      0.40081      0.69606
     -3.93738      1.01682      0.37125      0.64557
     -3.92738      0.96908      0.35751      0.61157
     -3.91738      0.84406      0.31250      0.53155
     -3.90738      0.83755      0.30909      0.52846
     -3.89738      1.04926      0.38993      0.65934
     -3.88738      1.25976      0.46502      0.79474
     -3.87738      1.12879      0.40668      0.72211
     -3.86738      0.68397      0.24101      0.44296
     -3.85738      0.49413      0.17697      0.31716
     -3.84738      0.87269      0.31999      0.55270
     -3.83738      1.18629      0.44153      0.74476
     -3.82738      0.90915      0.34339      0.56576
     -3.81738      0.58697      0.22294      0.36403
     -3.80738      0.70147      0.26419      0.43728
     -3.79738      1.03883      0.38869      0.65015
     -3.78738      1.21981      0.45366      0.76615
     -3.77738      1.32806      0.48736      0.84070
     -3.76738      1.37839      0.49883      0.87956
     -3.75738      1.16917      0.41790      0.75127
     -3.74738      0.74630      0.26323      0.48306
     -3.73738      0.47889      0.16813      0.31077
     -3.72738      0.49552      0.17310      0.32242
     -3.71738      0.67566      0.24028      0.43538
     -3.70738      0.92511      0.33795      0.58716
     -3.69738      1.00672      0.37663      0.63009
     -3.68738      0.90383      0.33930      0.56453
     -3.67738      0.85087      0.31027      0.54059
     -3.66738      0.84073      0.30470      0.53603
     -3.65738      0.81023      0.29431      0.51591
     -3.64738      0.83111      0.29450      0.53661
     -3.63738      0.98732      0.35258      0.63475
     -3.62738      1.14154      0.42103      0.72051
     -3.61738      1.05101      0.39156      0.65945
     -3.60738      0.77110      0.28141      0.48969
     -3.59738      0.57507      0.20650      0.36857
     -3.58738      0.47653      0.17449      0.30203
     -3.57738      0.59767      0.22328      0.37439
     -3.56738      0.98667      0.36281      0.62386
     -3.55738      1.27018      0.45811      0.81207
     -3.54738      1.15873      0.41167      0.74706
     -3.53738      0.88843      0.31590      0.57253
     -3.52738      0.69758      0.24754      0.45003
     -3.51738      0.64029      0.22334      0.41695
     -3.50738      0.68067      0.24063      0.44003
     -3.49738      0.67884      0.24305      0.43580
     -3.48738      0.66904      0.23957      0.42947
     -3.47738      0.81518      0.29712      0.51806
     -3.46738      1.16982      0.43270      0.73711
     -3.45738      1.29291      0.47711      0.81580
     -3.44738      1.10198      0.40147      0.70051
     -3.43738      0.80894      0.29337      0.51557
     -3.42738      0.71793      0.26287      0.45506
     -3.41738      0.78059      0.28490      0.49569
     -3.40738      0.62209      0.22491      0.39718
     -3.39738      0.46482      0.16544      0.29937
     -3.38738      0.65214      0.22936      0.42278
     -3.37738      0.93711      0.33554      0.60157
     -3.36738      0.85606      0.30795      0.54811
     -3.35738      0.61915      0.22434      0.39480
     -3.34738      0.59008      0.21260      0.37748
     -3.33738      0.77498      0.26872      0.50626
     -3.32738      0.99898      0.34983      0.64915
     -3.31738      1.03807      0.37253      0.66554
     -3.30738      1.02866      0.37145      0.65720
     -3.29738      1.14694      0.41085      0.73609
     -3.28738      1.09152      0.38910      0.70243
     -3.27738      0.67035      0.24003      0.43032
     -3.26738      0.40107      0.14079      0.26028
     -3.25738      0.40357      0.13695      0.26662
     -3.24738      0.54279      0.18833      0.35447
     -3.23738      0.68774      0.24265      0.44508
     -3.22738      0.68413      0.24362      0.44051
     -3.21738      0.70272      0.24892      0.45380
     -3.20738      0.99921      0.35169      0.64752
     -3.19738      1.05825      0.37213      0.68612
     -3.18738      0.79105      0.28350      0.50755
     -3.17738      0.73487      0.27209      0.46278
     -3.16738      0.78918      0.28845      0.50073
     -3.15738      0.81487      0.29358      0.52128
     -3.14738      0.72329      0.26932      0.45397
     -3.13738      0.65515      0.25036      0.40479
     -3.12738      0.78158      0.29123      0.49035
     -3.11738      1.02762      0.36935      0.65827
     -3.10738      1.04013      0.35973      0.68040
     -3.09738      0.90825      0.30084      0.60741
     -3.08738      0.75728      0.24918      0.50810
     -3.07738      0.68825      0.23204      0.45622
     -3.06738      0.76424      0.26582      0.49843
     -3.05738      0.66820      0.23729      0.43091
     -3.04738      0.57441      0.20502      0.36938
     -3.03738      0.60655      0.21556      0.39098
     -3.02738      0.75425      0.26047      0.49379
     -3.01738      0.73542      0.24927      0.48615
     -3.00738      0.43020      0.14397      0.28623
     -2.99738      0.33039      0.11297      0.21742
     -2.98738      0.60001      0.21828      0.38173
     -2.97738      1.01725      0.36899      0.64826
     -2.96738      1.21920      0.43114      0.78806
     -2.95738      1.11309      0.39325      0.71984
     -2.94738      0.85827      0.30745      0.55082
     -2.93738      0.92118      0.32506      0.59611
     -2.92738      1.06129      0.37307      0.68822
     -2.91738      0.73780      0.26439      0.47342
     -2.90738      0.38444      0.13660      0.24784
     -2.89738      0.42020      0.13831      0.28189
     -2.88738      0.51413      0.16740      0.34673
     -2.87738      0.40153      0.13674      0.26479
     -2.86738      0.40164      0.15060      0.25103
     -2.85738      0.57322      0.21134      0.36188
     -2.84738      0.87735      0.30264      0.57471
     -2.83738      1.21513      0.40943      0.80569
     -2.82738      1.20596      0.40518      0.80078
     -2.81738      0.91857      0.31005      0.60852
     -2.80738      0.72390      0.25314      0.47076
     -2.79738      0.63364      0.22379      0.40985
     -2.78738      0.50921      0.17246      0.33675
     -2.77738      0.51541      0.17639      0.33902
     -2.76738      0.65700      0.23590      0.42110
     -2.75738      0.87566      0.31418      0.56148
     -2.74738      1.09753      0.38932      0.70821
     -2.73738      1.10045      0.38713      0.71332
     -2.72738      0.82046      0.28004      0.54042
     -2.71738      0.56215      0.18361      0.37853
     -2.70738      0.52601      0.17755      0.34846
     -2.69738      0.63336      0.22062      0.41274
     -2.68738      0.65353      0.22236      0.43118
     -2.67738      0.53055      0.17203      0.35851
     -2.66738      0.50572      0.16562      0.34010
     -2.65738      0.65660      0.22707      0.42953
     -2.64738      0.81031      0.28231      0.52799
     -2.63738      0.72943      0.25538      0.47405
     -2.62738      0.51430      0.18475      0.32955
     -2.61738      0.51426      0.17714      0.33711
     -2.60738      0.60678      0.19749      0.40929
     -2.59738      0.66742      0.21745      0.44997
     -2.58738      0.75445      0.25085      0.50360
     -2.57738      0.70473      0.23753      0.46721
     -2.56738      0.67956      0.23285      0.44671
     -2.55738      0.97842      0.33752      0.64090
     -2.54738      1.45956      0.50488      0.95468
     -2.53738      1.37357      0.47340      0.90017
     -2.52738      0.91266      0.31120      0.60147
     -2.51738      0.61252      0.21122      0.40130
     -2.50738      0.45056      0.15305      0.29752
     -2.49738      0.39581      0.12727      0.26854
     -2.48738      0.27781      0.08851      0.18930
     -2.47738      0.37218      0.12320      0.24898
     -2.46738      0.68274      0.22917      0.45358
     -2.45738      0.88612      0.29695      0.58917
     -2.44738      0.94707      0.31578      0.63130
     -2.43738      0.83183      0.27621      0.55562
     -2.42738      0.64836      0.21862      0.42973
     -2.41738      0.40891      0.14114      0.26778
     -2.40738      0.36144      0.12141      0.24004
     -2.39738      0.60194      0.19702      0.40492
     -2.38738      0.72245      0.23602      0.48643
     -2.37738      0.64304      0.21446      0.42858
     -2.36738      0.71603      0.25123      0.46481
     -2.35738      1.06214      0.37698      0.68516
     -2.34738      0.96823      0.34067      0.62756
     -2.33738      0.63155      0.21095      0.42059
     -2.32738      0.68320      0.20697      0.47623
     -2.31738      0.80640      0.24029      0.56612
     -2.30738      0.73635      0.22814      0.50821
     -2.29738      0.57122      0.18568      0.38554
     -2.28738      0.49916      0.16777      0.33138
     -2.27738      0.58257      0.20189      0.38068
     -2.26738      0.91130      0.31684      0.59446
     -2.25738      1.12585      0.38166      0.74419
     -2.24738      0.96648      0.31641      0.65008
     -2.23738      0.61111      0.19254      0.41857
     -2.22738      0.39961      0.12614      0.27348
     -2.21738      0.40304      0.12773      0.27531
     -2.20738      0.46811      0.14736      0.32075
     -2.19738      0.60428      0.19690      0.40738
     -2.18738      0.88353      0.29435      0.58918
     -2.17738      1.09509      0.36975      0.72534
     -2.16738      0.97791      0.33230      0.64561
     -2.15738      0.73735      0.23980      0.49755
     -2.14738      0.56204      0.16874      0.39330
     -2.13738      0.37416      0.11585      0.25830
     -2.12738      0.36187      0.12885      0.23301
     -2.11738      0.53622      0.18658      0.34964
     -2.10738      0.66321      0.21175      0.45146
     -2.09738      0.68207      0.21289      0.46918
     -2.08738      0.60550      0.19796      0.40755
     -2.07738      0.56045      0.18669      0.37376
     -2.06738      0.74398      0.23479      0.50919
     -2.05738      0.88294      0.26903      0.61391
     -2.04738      0.81477      0.24877      0.56600
     -2.03738      0.88677      0.27946      0.60732
     -2.02738      1.05324      0.34098      0.71226
     -2.01738      1.05742      0.35198      0.70544
     -2.00738      0.82241      0.28033      0.54209
     -1.99738      0.56124      0.19244      0.36880
     -1.98738      0.43853      0.14485      0.29369
     -1.97738      0.43727      0.13063      0.30665
     -1.96738      0.60704      0.17637      0.43067
     -1.95738      0.73417      0.22056      0.51361
     -1.94738      0.61066      0.18939      0.42127
     -1.93738      0.57863      0.18390      0.39474
     -1.92738      0.79760      0.25512      0.54248
     -1.91738      0.82333      0.26362      0.55971
     -1.90738      0.61995      0.19501      0.42494
     -1.89738      0.59341      0.18171      0.41170
     -1.88738      0.62597      0.19759      0.42838
     -1.87738      0.80944      0.26538      0.54405
     -1.86738      0.93621      0.30024      0.63598
     -1.85738      0.68573      0.21475      0.47099
     -1.84738      0.36454      0.12030      0.24424
     -1.83738      0.31633      0.10789      0.20844
     -1.82738      0.56910      0.18140      0.38770
     -1.81738      0.85294      0.26788      0.58506
     -1.80738      0.78371      0.24489      0.53882
     -1.79738      0.68594      0.20388      0.48206
     -1.78738      0.86471      0.25009      0.61462
     -1.77738      0.95692      0.28350      0.67341
     -1.76738      0.87623      0.27118      0.60505
     -1.75738      0.86524      0.26873      0.59651
     -1.74738      0.86849      0.26392      0.60458
     -1.73738      0.70411      0.21148      0.49262
     -1.72738      0.52718      0.16349      0.36370
     -1.71738      0.41328      0.13283      0.28045
     -1.70738      0.40079      0.12572      0.27507
     -1.69738      0.60443      0.18409      0.42033
     -1.68738      0.82577      0.24677      0.57900
     -1.67738      0.87553      0.26194      0.61359
     -1.66738      0.85071      0.26406      0.58664
     -1.65738      0.89511      0.28067      0.61444
     -1.64738      0.82601      0.24912      0.57689
     -1.63738      0.54496      0.15718      0.38777
     -1.62738      0.49364      0.14326      0.35038
     -1.61738      0.66935      0.20219      0.46716
     -1.60738      0.66907      0.20611      0.46297
     -1.59738      0.64697      0.19126      0.45571
     -1.58738      0.68839      0.20104      0.48735
     -1.57738      0.61225      0.19373      0.41852
     -1.56738      0.45912      0.15370      0.30542
     -1.55738      0.54201      0.16838      0.37364
     -1.54738      0.75825      0.22187      0.53639
     -1.53738      0.82186      0.23471      0.58715
     -1.52738      0.91414      0.26064      0.65351
     -1.51738      1.00606      0.28324      0.72282
     -1.50738      0.89069      0.24992      0.64077
     -1.49738      0.72384      0.20541      0.51844
     -1.48738      0.66748      0.17794      0.48954
     -1.47738      0.58911      0.14776      0.44136
     -1.46738      0.40250      0.09926      0.30324
     -1.45738      0.24925      0.06133      0.18792
     -1.44738      0.23795      0.05820      0.17975
     -1.43738      0.39400      0.09545      0.29855
     -1.42738      0.58253      0.14054      0.44199
     -1.41738      0.56435      0.13590      0.42845
     -1.40738      0.45825      0.11051      0.34774
     -1.39738      0.46826      0.11310      0.35517
     -1.38738      0.55815      0.13445      0.42370
     -1.37738      0.48555      0.11661      0.36894
     -1.36738      0.37621      0.08983      0.28637
     -1.35738      0.47221      0.11204      0.36018
     -1.34738      0.52131      0.12316      0.39815
     -1.33738      0.37845      0.08904      0.28941
     -1.32738      0.34532      0.08108      0.26424
     -1.31738      0.38064      0.08890      0.29174
     -1.30738      0.38843      0.08992      0.29850
     -1.29738      0.38026      0.08774      0.29252
     -1.28738      0.37314      0.08626      0.28689
     -1.27738      0.57684      0.13368      0.44317
     -1.26738      0.84297      0.19572      0.64725
     -1.25738      0.83153      0.19290      0.63862
     -1.24738      0.68758      0.15875      0.52883
     -1.23738      0.63921      0.14672      0.49249
     -1.22738      0.53337      0.12199      0.41137
     -1.21738      0.46326      0.10505      0.35822
     -1.20738      0.57150      0.12812      0.44338
     -1.19738      0.61777      0.13787      0.47990
     -1.18738      0.54213      0.12082      0.42131
     -1.17738      0.47161      0.10469      0.36692
     -1.16738      0.43240      0.09539      0.33701
     -1.15738      0.38666      0.08526      0.30140
     -1.14738      0.49717      0.10978      0.38739
     -1.13738      0.73363      0.16153      0.57210
     -1.12738      0.75646      0.16568      0.59078
     -1.11738      0.65748      0.14283      0.51465
     -1.10738      0.59200      0.12764      0.46436
     -1.09738      0.49599      0.10658      0.38941
     -1.08738      0.46925      0.09992      0.36933
     -1.07738      0.58329      0.12325      0.46004
     -1.06738      0.50258      0.10570      0.39688
     -1.05738      0.38571      0.08078      0.30492
     -1.04738      0.43398      0.09017      0.34381
     -1.03738      0.54785      0.11312      0.43473
     -1.02738      0.80059      0.16671      0.63388
     -1.01738      1.09504      0.23022      0.86482
     -1.00738      1.07313      0.22545      0.84769
     -0.99738      0.94675      0.19666      0.75009
     -0.98738      0.90812      0.18601      0.72211
     -0.97738      0.86422      0.17508      0.68914
     -0.96738      0.82302      0.16533      0.65769
     -0.95738      0.78649      0.15670      0.62980
     -0.94738      0.80227      0.15817      0.64410
     -0.93738      0.86055      0.16795      0.69260
     -0.92738      0.93066      0.17987      0.75079
     -0.91738      1.09886      0.21074      0.88813
     -0.90738      1.29178      0.24807      1.04371
     -0.89738      1.14153      0.22186      0.91967
     -0.88738      0.80519      0.15798      0.64720
     -0.87738      0.70007      0.13578      0.56429
     -0.86738      0.79023      0.15067      0.63956
     -0.85738      0.75466      0.14237      0.61229
     -0.84738      0.48266      0.09004      0.39262
     -0.83738      0.29818      0.05473      0.24345
     -0.82738      0.27245      0.04957      0.22287
     -0.81738      0.33297      0.06045      0.27252
     -0.80738      0.53310      0.09725      0.43585
     -0.79738      1.09308      0.20278      0.89030
     -0.78738      1.87409      0.35226      1.52183
     -0.77738      1.72068      0.32431      1.39637
     -0.76738      0.78528      0.14639      0.63889
     -0.75738      0.29801      0.05364      0.24437
     -0.74738      0.20869      0.03659      0.17211
     -0.73738      0.26330      0.04593      0.21737
     -0.72738      0.29079      0.05069      0.24010
     -0.71738      0.31665      0.05509      0.26157
     -0.70738      0.36712      0.06402      0.30310
     -0.69738      0.47224      0.08282      0.38942
     -0.68738      0.70306      0.12408      0.57899
     -0.67738      0.83489      0.14725      0.68764
     -0.66738      0.62078      0.10824      0.51254
     -0.65738      0.32925      0.05625      0.27300
     -0.64738      0.25695      0.04318      0.21377
     -0.63738      0.30502      0.05092      0.25410
     -0.62738      0.38155      0.06345      0.31810
     -0.61738      0.47159      0.07826      0.39333
     -0.60738      0.54410      0.09026      0.45384
     -0.59738      0.65084      0.10815      0.54269
     -0.58738      0.81546      0.13632      0.67915
     -0.57738      0.92979      0.15571      0.77408
     -0.56738      0.75196      0.12458      0.62738
     -0.55738      0.36782      0.05973      0.30809
     -0.54738      0.16355      0.02588      0.13767
     -0.53738      0.23708      0.03703      0.20006
     -0.52738      0.31368      0.04875      0.26493
     -0.51738      0.34451      0.05307      0.29144
     -0.50738      0.44138      0.06786      0.37352
     -0.49738      0.41971      0.06480      0.35492
     -0.48738      0.43536      0.06740      0.36797
     -0.47738      0.47889      0.07369      0.40520
     -0.46738      0.38122      0.05778      0.32344
     -0.45738      0.30055      0.04461      0.25594
     -0.44738      0.32670      0.04783      0.27886
     -0.43738      0.39175      0.05699      0.33476
     -0.42738      0.42158      0.06100      0.36058
     -0.41738      0.42129      0.06089      0.36040
     -0.40738      0.44976      0.06504      0.38472
     -0.39738      0.63875      0.09167      0.54707
     -0.38738      0.72257      0.10283      0.61974
     -0.37738      0.40622      0.05744      0.34878
     -0.36738      0.14165      0.01961      0.12204
     -0.35738      0.20033      0.02690      0.17343
     -0.34738      0.32327      0.04323      0.28004
     -0.33738      0.34568      0.04577      0.29992
     -0.32738      0.39126      0.05145      0.33981
     -0.31738      0.39803      0.05240      0.34562
     -0.30738      0.34047      0.04460      0.29586
     -0.29738      0.29917      0.03851      0.26066
     -0.28738      0.26278      0.03316      0.22961
     -0.27738      0.27411      0.03412      0.23999
     -0.26738      0.35151      0.04326      0.30825
     -0.25738      0.45310      0.05525      0.39785
     -0.24738      0.53665      0.06497      0.47167
     -0.23738      0.49760      0.06007      0.43753
     -0.22738      0.31441      0.03761      0.27680
     -0.21738      0.27091      0.03138      0.23953
     -0.20738      0.27883      0.03188      0.24695
     -0.19738      0.18281      0.02066      0.16215
     -0.18738      0.24333      0.02691      0.21642
     -0.17738      0.37783      0.04144      0.33639
     -0.16738      0.38554      0.04173      0.34381
     -0.15738      0.32956      0.03513      0.29442
     -0.14738      0.24865      0.02612      0.22252
     -0.13738      0.27830      0.02863      0.24967
     -0.12738      0.39362      0.03995      0.35367
     -0.11738      0.40796      0.04098      0.36699
     -0.10738      0.31039      0.03065      0.27974
     -0.09738      0.25087      0.02415      0.22672
     -0.08738      0.25791      0.02431      0.23360
     -0.07738      0.27956      0.02593      0.25363
     -0.06738      0.26968      0.02459      0.24509
     -0.05738      0.27344      0.02429      0.24914
     -0.04738      0.35199      0.03064      0.32135
     -0.03738      0.34387      0.02957      0.31430
     -0.02738      0.24509      0.02061      0.22448
     -0.01738      0.23838      0.01943      0.21895
     -0.00738      0.22747      0.01828      0.20919
      0.00262      0.11971      0.00956      0.11015
      0.01262      0.02806      0.00223      0.02582
      0.02262      0.00262      0.00021      0.00241
      0.03262      0.00009      0.00001      0.00009
      0.04262      0.00000      0.00000      0.00000
      0.05262      0.00000      0.00000      0.00000
      0.06262      0.00000      0.00000      0.00000
      0.07262      0.00000      0.00000      0.00000
      0.08262      0.00000      0.00000      0.00000
      0.09262      0.00000      0.00000      0.00000
      0.10262      0.00000      0.00000      0.00000
      0.11262      0.00000      0.00000      0.00000
      0.12262      0.00000      0.00000      0.00000
      0.13262      0.00000      0.00000      0.00000
      0.14262      0.00000      0.00000      0.00000
      0.15262      0.00000      0.00000      0.00000
      0.16262      0.00000      0.00000      0.00000
      0.17262      0.00000      0.00000      0.00000
      0.18262      0.00000      0.00000      0.00000
      0.19262      0.00000      0.00000      0.00000
      0.20262      0.00000      0.00000      0.00000
      0.21262      0.00000      0.00000      0.00000
      0.22262      0.00000      0.00000      0.00000
      0.23262      0.00000      0.00000      0.00000
      0.24262      0.00000      0.00000      0.00000
      0.25262      0.00000      0.00000      0.00000
      0.26262      0.00000      0.00000      0.00000
      0.27262      0.00000      0.00000      0.00000
      0.28262      0.00000      0.00000      0.00000
      0.29262      0.00000      0.00000      0.00000
      0.30262      0.00000      0.00000      0.00000
      0.31262      0.00000      0.00000      0.00000
      0.32262      0.00000      0.00000      0.00000
      0.33262      0.00000      0.00000      0.00000
      0.34262      0.00000      0.00000      0.00000
      0.35262      0.00000      0.00000      0.00000
      0.36262      0.00000      0.00000      0.00000
      0.37262      0.00000      0.00000      0.00000
      0.38262      0.00000      0.00000      0.00000
      0.39262      0.00000      0.00000      0.00000
      0.40262      0.00000      0.00000      0.00000
      0.41262      0.00000      0.00000      0.00000
      0.42262      0.00000      0.00000      0.00000
      0.43262      0.00000      0.00000      0.00000
      0.44262      0.00000      0.00000      0.00000
      0.45262      0.00000      0.00000      0.00000
      0.46262      0.00000      0.00000      0.00000
      0.47262      0.00000      0.00000      0.00000
      0.48262      0.00000      0.00000      0.00000
      0.49262      0.00000      0.00000      0.00000
      0.50262      0.00000      0.00000      0.00000
      0.51262      0.00000      0.00000      0.00000
      0.52262      0.00000      0.00000      0.00000
      0.53262      0.00000      0.00000      0.00000
      0.54262      0.00000      0.00000      0.00000
      0.55262      0.00000      0.00000      0.00000
      0.56262      0.00000      0.00000      0.00000
      0.57262      0.00000      0.00000      0.00000
      0.58262      0.00000      0.00000      0.00000
      0.59262      0.00000      0.00000      0.00000
      0.60262      0.00000      0.00000      0.00000
      0.61262      0.00000      0.00000      0.00000
      0.62262      0.00000      0.00000      0.00000
      0.63262      0.00000      0.00000      0.00000
      0.64262      0.00000      0.00000      0.00000
      0.65262      0.00000      0.00000      0.00000
      0.66262      0.00000      0.00000      0.00000
      0.67262      0.00000      0.00000      0.00000
      0.68262      0.00000      0.00000      0.00000
      0.69262      0.00000      0.00000      0.00000
      0.70262      0.00000      0.00000      0.00000
      0.71262      0.00000      0.00000      0.00000
      0.72262      0.00000      0.00000      0.00000
      0.73262      0.00000      0.00000      0.00000
      0.74262      0.00000      0.00000      0.00000
      0.75262      0.00000      0.00000      0.00000
      0.76262      0.00000      0.00000      0.00000
      0.77262      0.00000      0.00000      0.00000
      0.78262      0.00000      0.00000      0.00000
      0.79262      0.00000      0.00000      0.00000
      0.80262      0.00000      0.00000      0.00000
      0.81262      0.00000      0.00000      0.00000
      0.82262      0.00000      0.00000      0.00000
      0.83262      0.00000      0.00000      0.00000
      0.84262      0.00000      0.00000      0.00000
      0.85262      0.00000      0.00000      0.00000
      0.86262      0.00000      0.00000      0.00000
      0.87262      0.00000      0.00000      0.00000
      0.88262      0.00000      0.00000      0.00000
      0.89262      0.00000      0.00000      0.00000
      0.90262      0.00000      0.00000      0.00000
      0.91262      0.00000      0.00000      0.00000
      0.92262      0.00000      0.00000      0.00000
      0.93262      0.00000      0.00000      0.00000
      0.94262      0.00000      0.00000      0.00000
      0.95262      0.00000      0.00000      0.00000
      0.96262      0.00000      0.00000      0.00000
      0.97262      0.00000      0.00000      0.00000
      0.98262      0.00000      0.00000      0.00000
      0.99262      0.00000      0.00000      0.00000
      1.00262      0.00000      0.00000      0.00000
      1.01262      0.00000      0.00000      0.00000
      1.02262      0.00000      0.00000      0.00000
      1.03262      0.00000      0.00000      0.00000
      1.04262      0.00000      0.00000      0.00000
      1.05262      0.00000      0.00000      0.00000
      1.06262      0.00000      0.00000      0.00000
      1.07262      0.00000      0.00000      0.00000
      1.08262      0.00000      0.00000      0.00000
      1.09262      0.00000      0.00000      0.00000
      1.10262      0.00000      0.00000      0.00000
      1.11262      0.00000      0.00000      0.00000
      1.12262      0.00000      0.00000      0.00000
      1.13262      0.00000      0.00000      0.00000
      1.14262      0.00000      0.00000      0.00000
      1.15262      0.00000      0.00000      0.00000
      1.16262      0.00000      0.00000      0.00000
      1.17262      0.00000      0.00000      0.00000
      1.18262      0.00000      0.00000      0.00000
      1.19262      0.00000      0.00000      0.00000
      1.20262      0.00000      0.00000      0.00000
      1.21262      0.00000      0.00000      0.00000
      1.22262      0.00000      0.00000      0.00000
      1.23262      0.00000      0.00000      0.00000
      1.24262      0.00000      0.00000      0.00000
      1.25262      0.00000      0.00000      0.00000
      1.26262      0.00000      0.00000      0.00000
      1.27262      0.00000      0.00000      0.00000
      1.28262      0.00000      0.00000      0.00000
      1.29262      0.00000      0.00000      0.00000
      1.30262      0.00000      0.00000      0.00000
      1.31262      0.00000      0.00000      0.00000
      1.32262      0.00000      0.00000      0.00000
      1.33262      0.00000      0.00000      0.00000
      1.34262      0.00000      0.00000      0.00000
      1.35262      0.00000      0.00000      0.00000
      1.36262      0.00000      0.00000      0.00000
      1.37262      0.00000      0.00000      0.00000
      1.38262      0.00000      0.00000      0.00000
      1.39262      0.00000      0.00000      0.00000
      1.40262      0.00000      0.00000      0.00000
      1.41262      0.00000      0.00000      0.00000
      1.42262      0.00000      0.00000      0.00000
      1.43262      0.00000      0.00000      0.00000
      1.44262      0.00000      0.00000      0.00000
      1.45262      0.00000      0.00000      0.00000
      1.46262      0.00000      0.00000      0.00000
      1.47262      0.00000      0.00000      0.00000
      1.48262      0.00000      0.00000      0.00000
      1.49262      0.00000      0.00000      0.00000
      1.50262      0.00000      0.00000      0.00000
      1.51262      0.00000      0.00000      0.00000
      1.52262      0.00000      0.00000      0.00000
      1.53262      0.00000      0.00000      0.00000
      1.54262      0.00000      0.00000      0.00000
      1.55262      0.00000      0.00000      0.00000
      1.56262      0.00000      0.00000      0.00000
      1.57262      0.00000      0.00000      0.00000
      1.58262      0.00000      0.00000      0.00000
      1.59262      0.00000      0.00000      0.00000
      1.60262      0.00000      0.00000      0.00000
      1.61262      0.00000      0.00000      0.00000
      1.62262      0.00000      0.00000      0.00000
      1.63262      0.00000      0.00000      0.00000
      1.64262      0.00000      0.00000      0.00000
      1.65262      0.00000      0.00000      0.00000
      1.66262      0.00000      0.00000      0.00000
      1.67262      0.00000      0.00000      0.00000
      1.68262      0.00000      0.00000      0.00000
      1.69262      0.00000      0.00000      0.00000
      1.70262      0.00000      0.00000      0.00000
      1.71262      0.00000      0.00000      0.00000
      1.72262      0.00000      0.00000      0.00000
      1.73262      0.00000      0.00000      0.00000
      1.74262      0.00000      0.00000      0.00000
      1.75262      0.00000      0.00000      0.00000
      1.76262      0.00000      0.00000      0.00000
      1.77262      0.00000      0.00000      0.00000
      1.78262      0.00000      0.00000      0.00000
      1.79262      0.00000      0.00000      0.00000
      1.80262      0.00000      0.00000      0.00000
      1.81262      0.00000      0.00000      0.00000
      1.82262      0.00000      0.00000      0.00000
      1.83262      0.00000      0.00000      0.00000
      1.84262      0.00000      0.00000      0.00000
      1.85262      0.00000      0.00000      0.00000
      1.86262      0.00000      0.00000      0.00000
      1.87262      0.00000      0.00000      0.00000
      1.88262      0.00000      0.00000      0.00000
      1.89262      0.00000      0.00000      0.00000
      1.90262      0.00000      0.00000      0.00000
      1.91262      0.00000      0.00000      0.00000
      1.92262      0.00000      0.00000      0.00000
      1.93262      0.00000      0.00000      0.00000
      1.94262      0.00000      0.00000      0.00000
      1.95262      0.00000      0.00000      0.00000
      1.96262      0.00000      0.00000      0.00000
      1.97262      0.00000      0.00000      0.00000
      1.98262      0.00000      0.00000      0.00000
      1.99262      0.00000      0.00000      0.00000
      2.00262      0.00000      0.00000      0.00000
      2.01262      0.00000      0.00000      0.00000
      2.02262      0.00000      0.00000      0.00000
      2.03262      0.00000      0.00000      0.00000
      2.04262      0.00000      0.00000      0.00000
      2.05262      0.00000      0.00000      0.00000
      2.06262      0.00000      0.00000      0.00000
      2.07262      0.00000      0.00000      0.00000
      2.08262      0.00000      0.00000      0.00000
      2.09262      0.00000      0.00000      0.00000
      2.10262      0.00000      0.00000      0.00000
      2.11262      0.00000      0.00000      0.00000
      2.12262      0.00000      0.00000      0.00000
      2.13262      0.00000      0.00000      0.00000
      2.14262      0.00000      0.00000      0.00000
      2.15262      0.00000      0.00000      0.00000
      2.16262      0.00000      0.00000      0.00000
      2.17262      0.00000      0.00000      0.00000
      2.18262      0.00000      0.00000      0.00000
      2.19262      0.00000      0.00000      0.00000
      2.20262      0.00000      0.00000      0.00000
      2.21262      0.00000      0.00000      0.00000
      2.22262      0.00000      0.00000      0.00000
      2.23262      0.00000      0.00000      0.00000
      2.24262      0.00000      0.00000      0.00000
      2.25262      0.00000      0.00000      0.00000
      2.26262      0.00000      0.00000      0.00000
      2.27262      0.00000      0.00000      0.00000
      2.28262      0.00000      0.00000      0.00000
      2.29262      0.00000      0.00000      0.00000
      2.30262      0.00000      0.00000      0.00000
      2.31262      0.00000      0.00000      0.00000
      2.32262      0.00000      0.00000      0.00000
      2.33262      0.00000      0.00000      0.00000
      2.34262      0.00000      0.00000      0.00000
      2.35262      0.00000      0.00000      0.00000
      2.36262      0.00000      0.00000      0.00000
      2.37262      0.00000      0.00000      0.00000
      2.38262      0.00000      0.00000      0.00000
      2.39262      0.00000      0.00000      0.00000
      2.40262      0.00000      0.00000      0.00000
      2.41262      0.00000      0.00000      0.00000
      2.42262      0.00000      0.00000      0.00000
      2.43262      0.00000      0.00000      0.00000
      2.44262      0.00000      0.00000      0.00000
      2.45262      0.00000      0.00000      0.00000
      2.46262      0.00000      0.00000      0.00000
      2.47262      0.00000      0.00000      0.00000
      2.48262      0.00000      0.00000      0.00000
      2.49262      0.00000      0.00000      0.00000
      2.50262      0.00000      0.00000      0.00000
      2.51262      0.00000      0.00000      0.00000
      2.52262      0.00000      0.00000      0.00000
      2.53262      0.00000      0.00000      0.00000
      2.54262      0.00000      0.00000      0.00000
      2.55262      0.00000      0.00000      0.00000
      2.56262      0.00000      0.00000      0.00000
      2.57262      0.00000      0.00000      0.00000
      2.58262      0.00000      0.00000      0.00000
      2.59262      0.00000      0.00000      0.00000
      2.60262      0.00000      0.00000      0.00000
      2.61262      0.00000      0.00000      0.00000
      2.62262      0.00000      0.00000      0.00000
      2.63262      0.00000      0.00000      0.00000
      2.64262      0.00000      0.00000      0.00000
      2.65262      0.00000      0.00000      0.00000
      2.66262      0.00000      0.00000      0.00000
      2.67262      0.00000      0.00000      0.00000
      2.68262      0.00000      0.00000      0.00000
      2.69262      0.00000      0.00000      0.00000
      2.70262      0.00000      0.00000      0.00000
      2.71262      0.00000      0.00000      0.00000
      2.72262      0.00000      0.00000      0.00000
      2.73262      0.00000      0.00000      0.00000
      2.74262      0.00000      0.00000      0.00000
      2.75262      0.00000      0.00000      0.00000
      2.76262      0.00000      0.00000      0.00000
      2.77262      0.00000      0.00000      0.00000
      2.78262      0.00000      0.00000      0.00000
      2.79262      0.00000      0.00000      0.00000
      2.80262      0.00000      0.00000      0.00000
      2.81262      0.00000      0.00000      0.00000
      2.82262      0.00000      0.00000      0.00000
      2.83262      0.00000      0.00000      0.00000
      2.84262      0.00000      0.00000      0.00000
      2.85262      0.00000      0.00000      0.00000
      2.86262      0.00000      0.00000      0.00000
      2.87262      0.00000      0.00000      0.00000
      2.88262      0.00000      0.00000      0.00000
      2.89262      0.00000      0.00000      0.00000
      2.90262      0.00000      0.00000      0.00000
      2.91262      0.00000      0.00000      0.00000
      2.92262      0.00000      0.00000      0.00000
      2.93262      0.00000      0.00000      0.00000
      2.94262      0.00000      0.00000      0.00000
      2.95262      0.00000      0.00000      0.00000
      2.96262      0.00000      0.00000      0.00000
      2.97262      0.00000      0.00000      0.00000
      2.98262      0.00000      0.00000      0.00000
      2.99262      0.00000      0.00000      0.00000
      3.00262      0.00000      0.00000      0.00000
      3.01262      0.00000      0.00000      0.00000
      3.02262      0.00000      0.00000      0.00000
      3.03262      0.00000      0.00000      0.00000
      3.04262      0.00000      0.00000      0.00000
      3.05262      0.00000      0.00000      0.00000
      3.06262      0.00000      0.00000      0.00000
      3.07262      0.00000      0.00000      0.00000
      3.08262      0.00000      0.00000      0.00000
      3.09262      0.00000      0.00000      0.00000
      3.10262      0.00000      0.00000      0.00000
      3.11262      0.00000      0.00000      0.00000
      3.12262      0.00000      0.00000      0.00000
      3.13262      0.00000      0.00000      0.00000
      3.14262      0.00000      0.00000      0.00000
      3.15262      0.00000      0.00000      0.00000
      3.16262      0.00000      0.00000      0.00000
      3.17262      0.00000      0.00000      0.00000
      3.18262      0.00000      0.00000      0.00000
      3.19262      0.00000      0.00000      0.00000
      3.20262      0.00000      0.00000      0.00000
      3.21262      0.00000      0.00000      0.00000
      3.22262      0.00000      0.00000      0.00000
      3.23262      0.00000      0.00000      0.00000
      3.24262      0.00000      0.00000      0.00000
      3.25262      0.00000      0.00000      0.00000
      3.26262      0.00000      0.00000      0.00000
      3.27262      0.00000      0.00000      0.00000
      3.28262      0.00000      0.00000      0.00000
      3.29262      0.00000      0.00000      0.00000
      3.30262      0.00000      0.00000      0.00000
      3.31262      0.00000      0.00000      0.00000
      3.32262      0.00000      0.00000      0.00000
      3.33262      0.00000      0.00000      0.00000
      3.34262      0.00000      0.00000      0.00000
      3.35262      0.00000      0.00000      0.00000
      3.36262      0.00000      0.00000      0.00000
      3.37262      0.00000      0.00000      0.00000
      3.38262      0.00000      0.00000      0.00000
      3.39262      0.00000      0.00000      0.00000
      3.40262      0.00000      0.00000      0.00000
      3.41262      0.00000      0.00000      0.00000
      3.42262      0.00000      0.00000      0.00000
      3.43262      0.00000      0.00000      0.00000
      3.44262      0.00000      0.00000      0.00000
      3.45262      0.00000      0.00000      0.00000
      3.46262      0.00000      0.00000      0.00000
      3.47262      0.00000      0.00000      0.00000
      3.48262      0.00000      0.00000      0.00000
      3.49262      0.00000      0.00000      0.00000
      3.50262      0.00000      0.00000      0.00000
      3.51262      0.00000      0.00000      0.00000
      3.52262      0.00000      0.00000      0.00000
      3.53262      0.00000      0.00000      0.00000
      3.54262      0.00000      0.00000      0.00000
      3.55262      0.00000      0.00000      0.00000
      3.56262      0.00000      0.00000      0.00000
      3.57262      0.00000      0.00000      0.00000
      3.58262      0.00000      0.00000      0.00000
      3.59262      0.00000      0.00000      0.00000
      3.60262      0.00000      0.00000      0.00000
      3.61262      0.00000      0.00000      0.00000
      3.62262      0.00000      0.00000      0.00000
      3.63262      0.00000      0.00000      0.00000
      3.64262      0.00000      0.00000      0.00000
      3.65262      0.00000      0.00000      0.00000
      3.66262      0.00000      0.00000      0.00000
      3.67262      0.00000      0.00000      0.00000
      3.68262      0.00000      0.00000      0.00000
      3.69262      0.00000      0.00000      0.00000
      3.70262      0.00000      0.00000      0.00000
      3.71262      0.00000      0.00000      0.00000
      3.72262      0.00000      0.00000      0.00000
      3.73262      0.00000      0.00000      0.00000
      3.74262      0.00000      0.00000      0.00000
      3.75262      0.00000      0.00000      0.00000
      3.76262      0.00000      0.00000      0.00000
      3.77262      0.00000      0.00000      0.00000
      3.78262      0.00000      0.00000      0.00000
      3.79262      0.00000      0.00000      0.00000
      3.80262      0.00000      0.00000      0.00000
      3.81262      0.00000      0.00000      0.00000
      3.82262      0.00000      0.00000      0.00000
      3.83262      0.00000      0.00000      0.00000
      3.84262      0.00000      0.00000      0.00000
      3.85262      0.00000      0.00000      0.00000
      3.86262      0.00000      0.00000      0.00000
      3.87262      0.00000      0.00000      0.00000
      3.88262      0.00000      0.00000      0.00000
      3.89262      0.00000      0.00000      0.00000
      3.90262      0.00000      0.00000      0.00000
      3.91262      0.00000      0.00000      0.00000
      3.92262      0.00000      0.00000      0.00000
      3.93262      0.00000      0.00000      0.00000
      3.94262      0.00000      0.00000      0.00000
      3.95262      0.00000      0.00000      0.00000
      3.96262      0.00000      0.00000      0.00000
      3.97262      0.00000      0.00000      0.00000
      3.98262      0.00000      0.00000      0.00000
      3.99262      0.00000      0.00000      0.00000
      4.00262      0.00000      0.00000      0.00000
      4.01262      0.00000      0.00000      0.00000
      4.02262      0.00000      0.00000      0.00000
      4.03262      0.00000      0.00000      0.00000
      4.04262      0.00000      0.00000      0.00000
      4.05262      0.00000      0.00000      0.00000
      4.06262      0.00000      0.00000      0.00000
      4.07262      0.00000      0.00000      0.00000
      4.08262      0.00000      0.00000      0.00000
      4.09262      0.00000      0.00000      0.00000
      4.10262      0.00000      0.00000      0.00000
      4.11262      0.00000      0.00000      0.00000
      4.12262      0.00000      0.00000      0.00000
      4.13262      0.00000      0.00000      0.00000
      4.14262      0.00000      0.00000      0.00000
      4.15262      0.00000      0.00000      0.00000
      4.16262      0.00000      0.00000      0.00000
      4.17262      0.00000      0.00000      0.00000
      4.18262      0.00000      0.00000      0.00000
      4.19262      0.00000      0.00000      0.00000
      4.20262      0.00000      0.00000      0.00000
      4.21262      0.00000      0.00000      0.00000
      4.22262      0.00000      0.00000      0.00000
      4.23262      0.00000      0.00000      0.00000
      4.24262      0.00000      0.00000      0.00000
      4.25262      0.00000      0.00000      0.00000
      4.26262      0.00000      0.00000      0.00000
      4.27262      0.00000      0.00000      0.00000
      4.28262      0.00000      0.00000      0.00000
      4.29262      0.00000      0.00000      0.00000
      4.30262      0.00000      0.00000      0.00000
      4.31262      0.00000      0.00000      0.00000
      4.32262      0.00000      0.00000      0.00000
      4.33262      0.00000      0.00000      0.00000
      4.34262      0.00000      0.00000      0.00000
      4.35262      0.00000      0.00000      0.00000
      4.36262      0.00000      0.00000      0.00000
      4.37262      0.00000      0.00000      0.00000
      4.38262      0.00000      0.00000      0.00000
      4.39262      0.00000      0.00000      0.00000
      4.40262      0.00000      0.00000      0.00000
      4.41262      0.00000      0.00000      0.00000
      4.42262      0.00000      0.00000      0.00000
      4.43262      0.00000      0.00000      0.00000
      4.44262      0.00000      0.00000      0.00000
      4.45262      0.00000      0.00000      0.00000
      4.46262      0.00000      0.00000      0.00000
      4.47262      0.00000      0.00000      0.00000
      4.48262      0.00000      0.00000      0.00000
      4.49262      0.00000      0.00000      0.00000
      4.50262      0.00000      0.00000      0.00000
      4.51262      0.00000      0.00000      0.00000
      4.52262      0.00000      0.00000      0.00000
      4.53262      0.00000      0.00000      0.00000
      4.54262      0.00000      0.00000      0.00000
      4.55262      0.00000      0.00000      0.00000
      4.56262      0.00000      0.00000      0.00000
      4.57262      0.00000      0.00000      0.00000
      4.58262      0.00000      0.00000      0.00000
      4.59262      0.00000      0.00000      0.00000
      4.60262      0.00000      0.00000      0.00000
      4.61262      0.00000      0.00000      0.00000
      4.62262      0.00000      0.00000      0.00000
      4.63262      0.00002      0.00001      0.00000
      4.64262      0.00070      0.00063      0.00008
      4.65262      0.01172      0.01044      0.00127
      4.66262      0.07666      0.06831      0.00835
      4.67262      0.21215      0.18892      0.02323
      4.68262      0.29966      0.26644      0.03322
      4.69262      0.33602      0.29785      0.03817
      4.70262      0.41321      0.36521      0.04799
      4.71262      0.43355      0.38229      0.05126
      4.72262      0.39294      0.34526      0.04768
      4.73262      0.40384      0.35362      0.05022
      4.74262      0.38227      0.33386      0.04842
      4.75262      0.29404      0.25591      0.03813
      4.76262      0.35332      0.30601      0.04731
      4.77262      0.64243      0.55555      0.08687
      4.78262      0.71349      0.61583      0.09767
      4.79262      0.51682      0.44376      0.07305
      4.80262      0.38912      0.33170      0.05742
      4.81262      0.45835      0.38959      0.06876
      4.82262      0.62230      0.52845      0.09385
      4.83262      0.52819      0.44648      0.08171
      4.84262      0.36554      0.30304      0.06249
      4.85262      0.70653      0.56937      0.13716
      4.86262      1.61292      1.29039      0.32254
      4.87262      2.34096      1.86679      0.47418
      4.88262      2.57015      2.03732      0.53283
      4.89262      2.28598      1.79302      0.49296
      4.90262      1.80441      1.40635      0.39806
      4.91262      1.46586      1.14364      0.32222
      4.92262      1.19094      0.93256      0.25838
      4.93262      1.07859      0.84743      0.23116
      4.94262      1.27686      1.00089      0.27597
      4.95262      1.45297      1.13250      0.32047
      4.96262      1.24052      0.96404      0.27648
      4.97262      0.80034      0.62342      0.17691
      4.98262      0.71934      0.56118      0.15815
      4.99262      0.91223      0.71166      0.20057
      5.00262      0.84422      0.66231      0.18192
      5.01262      0.77609      0.61250      0.16359
      5.02262      1.12222      0.87572      0.24650
      5.03262      1.46774      1.13288      0.33486
      5.04262      1.18990      0.91637      0.27353
      5.05262      0.56163      0.43454      0.12709
      5.06262      0.25174      0.19457      0.05718
      5.07262      0.48637      0.37229      0.11408
      5.08262      0.79894      0.61092      0.18802
      5.09262      0.64309      0.49312      0.14997
      5.10262      0.51153      0.39934      0.11219
      5.11262      0.60782      0.47558      0.13223
      5.12262      0.83257      0.63433      0.19824
      5.13262      1.16731      0.87491      0.29240
      5.14262      0.93898      0.70311      0.23587
      5.15262      0.42429      0.32173      0.10256
      5.16262      0.32974      0.25615      0.07358
      5.17262      0.44797      0.34755      0.10042
      5.18262      0.60745      0.46507      0.14239
      5.19262      0.78145      0.59077      0.19068
      5.20262      0.77585      0.59058      0.18528
      5.21262      0.59864      0.46342      0.13522
      5.22262      0.38060      0.29556      0.08504
      5.23262      0.36025      0.27432      0.08593
      5.24262      0.69646      0.52046      0.17600
      5.25262      1.12534      0.83075      0.29458
      5.26262      0.91983      0.67523      0.24459
      5.27262      0.34348      0.25283      0.09065
      5.28262      0.19993      0.15264      0.04729
      5.29262      0.33450      0.25675      0.07775
      5.30262      0.38846      0.29525      0.09321
      5.31262      0.48439      0.36290      0.12149
      5.32262      0.71445      0.52959      0.18485
      5.33262      0.67046      0.49669      0.17376
      5.34262      0.33026      0.24619      0.08407
      5.35262      0.23080      0.17350      0.05730
      5.36262      0.32391      0.24348      0.08043
      5.37262      0.37094      0.27582      0.09512
      5.38262      0.61818      0.45213      0.16605
      5.39262      0.98967      0.71796      0.27170
      5.40262      0.92127      0.67005      0.25122
      5.41262      0.67637      0.50208      0.17429
      5.42262      0.56626      0.42744      0.13883
      5.43262      0.37192      0.28242      0.08951
      5.44262      0.18723      0.14084      0.04640
      5.45262      0.23187      0.16934      0.06253
      5.46262      0.43426      0.31422      0.12003
      5.47262      0.53277      0.38324      0.14953
      5.48262      0.42448      0.30715      0.11733
      5.49262      0.32997      0.24270      0.08727
      5.50262      0.28665      0.21132      0.07533
      5.51262      0.30513      0.22405      0.08108
      5.52262      0.38139      0.27890      0.10249
      5.53262      0.52783      0.38314      0.14469
      5.54262      0.81333      0.58342      0.22991
      5.55262      0.92745      0.66172      0.26574
      5.56262      0.53589      0.38277      0.15312
      5.57262      0.18049      0.12979      0.05069
      5.58262      0.19593      0.14240      0.05353
      5.59262      0.29632      0.21634      0.07998
      5.60262      0.29780      0.21744      0.08035
      5.61262      0.32508      0.23541      0.08967
      5.62262      0.44263      0.31738      0.12525
      5.63262      0.52702      0.37492      0.15210
      5.64262      0.50608      0.36123      0.14485
      5.65262      0.41711      0.30193      0.11519
      5.66262      0.37579      0.27438      0.10141
      5.67262      0.41152      0.29961      0.11190
      5.68262      0.35481      0.25617      0.09864
      5.69262      0.40752      0.29099      0.11653
      5.70262      0.63256      0.44815      0.18441
      5.71262      0.77608      0.54378      0.23230
      5.72262      0.62715      0.43553      0.19161
      5.73262      0.26107      0.18063      0.08043
      5.74262      0.08363      0.05879      0.02483
      5.75262      0.18793      0.13470      0.05323
      5.76262      0.36945      0.26444      0.10500
      5.77262      0.32245      0.23001      0.09244
      5.78262      0.19577      0.13878      0.05700
      5.79262      0.36633      0.25850      0.10783
      5.80262      0.65968      0.46433      0.19535
      5.81262      0.56766      0.39827      0.16939
      5.82262      0.24356      0.17042      0.07314
      5.83262      0.16467      0.11561      0.04906
      5.84262      0.25359      0.17888      0.07470
      5.85262      0.28082      0.19803      0.08279
      5.86262      0.26246      0.18357      0.07890
      5.87262      0.32207      0.22389      0.09818
      5.88262      0.52726      0.36525      0.16201
      5.89262      0.71718      0.49417      0.22300
      5.90262      0.73705      0.50908      0.22797
      5.91262      0.59619      0.41662      0.17957
      5.92262      0.42149      0.29772      0.12376
      5.93262      0.31905      0.22663      0.09242
      5.94262      0.21862      0.15495      0.06368
      5.95262      0.18116      0.12611      0.05506
      5.96262      0.25716      0.17754      0.07961
      5.97262      0.29244      0.20138      0.09107
      5.98262      0.31603      0.21584      0.10019
      5.99262      0.36629      0.25037      0.11592
      6.00262      0.37058      0.25560      0.11498
      6.01262      0.28761      0.19924      0.08838
      6.02262      0.23436      0.16217      0.07219
      6.03262      0.26999      0.18615      0.08384
      6.04262      0.27457      0.18883      0.08574
      6.05262      0.33971      0.23363      0.10608
      6.06262      0.46650      0.31963      0.14687
      6.07262      0.64172      0.43716      0.20457
      6.08262      0.67597      0.45868      0.21729
      6.09262      0.37189      0.25155      0.12034
      6.10262      0.16148      0.10954      0.05194
      6.11262      0.21385      0.14636      0.06752
      6.12262      0.27690      0.19227      0.08580
      6.13262      0.29522      0.23455      0.07867
      6.14262      0.49326      0.53137      0.07125
      6.15262      0.97414      1.16480      0.08919
      6.16262      1.22300      1.45825      0.11039
      6.17262      1.13216      1.28640      0.12640
      6.18262      1.08506      1.15959      0.15042
      6.19262      0.88782      0.94997      0.11932
      6.20262      0.71785      0.75956      0.09824
      6.21262      0.79146      0.80581      0.12185
      6.22262      0.78676      0.83267      0.10502
      6.23262      0.69210      0.72748      0.09474
      6.24262      0.77828      0.74604      0.14194
      6.25262      0.83968      0.78503      0.16306
      6.26262      0.77147      0.70237      0.16028
      6.27262      0.65087      0.56208      0.15132
      6.28262      0.53356      0.52679      0.08886
      6.29262      0.54424      0.64432      0.03366
      6.30262      0.56556      0.63190      0.05385
      6.31262      0.58654      0.55303      0.10873
      6.32262      0.54250      0.49702      0.10799
      6.33262      0.41417      0.43199      0.05461
      6.34262      0.42614      0.45179      0.05210
      6.35262      0.67442      0.60736      0.13973
      6.36262      0.81545      0.68082      0.19771
      6.37262      0.59716      0.51498      0.13629
      6.38262      0.37169      0.36756      0.05939
      6.39262      0.43682      0.45991      0.05396
      6.40262      0.55497      0.55815      0.08230
      6.41262      0.54267      0.54298      0.08196
      6.42262      0.52065      0.53419      0.07188
      6.43262      0.48384      0.47600      0.07814
      6.44262      0.53628      0.47370      0.11595
      6.45262      0.62401      0.50409      0.16099
      6.46262      0.78922      0.63545      0.20501
      6.47262      0.95237      0.80372      0.22625
      6.48262      0.75475      0.64901      0.17177
      6.49262      0.44721      0.36026      0.11468
      6.50262      0.35728      0.29109      0.08974
      6.51262      0.33069      0.31846      0.05632
      6.52262      0.36368      0.36909      0.05184
      6.53262      0.53175      0.52029      0.08617
      6.54262      0.57861      0.57847      0.08630
      6.55262      0.52366      0.52735      0.07618
      6.56262      0.55689      0.52437      0.10195
      6.57262      0.54764      0.47812      0.12110
      6.58262      0.40983      0.33764      0.10183
      6.59262      0.35066      0.31069      0.07490
      6.60262      0.40876      0.37451      0.08060
      6.61262      0.44046      0.40801      0.08471
      6.62262      0.51774      0.49461      0.09080
      6.63262      0.66847      0.62828      0.12252
      6.64262      0.68046      0.57942      0.15906
      6.65262      0.65828      0.47526      0.20279
      6.66262      0.56332      0.41857      0.16707
      6.67262      0.42696      0.41111      0.07332
      6.68262      0.39003      0.40628      0.04957
      6.69262      0.35688      0.30421      0.08363
      6.70262      0.29747      0.20977      0.09435
      6.71262      0.26844      0.19845      0.07980
      6.72262      0.37638      0.35087      0.07042
      6.73262      0.63534      0.63665      0.09390
      6.74262      0.72416      0.71504      0.11352
      6.75262      0.68042      0.64893      0.12017
      6.76262      0.67324      0.60027      0.14262
      6.77262      0.46715      0.38683      0.11563
      6.78262      0.39473      0.32019      0.10154
      6.79262      0.56541      0.48481      0.13092
      6.80262      0.49905      0.43138      0.11386
      6.81262      0.34858      0.26861      0.09839
      6.82262      0.49093      0.36126      0.14831
      6.83262      0.65854      0.53605      0.16950
      6.84262      0.64289      0.54363      0.15402
      6.85262      0.53756      0.46408      0.12347
      6.86262      0.43075      0.44006      0.06007
      6.87262      0.31972      0.36561      0.02277
      6.88262      0.34180      0.34302      0.05182
      6.89262      0.45676      0.38116      0.11299
      6.90262      0.39354      0.28829      0.12010
      6.91262      0.22710      0.17450      0.06463
      6.92262      0.27189      0.25058      0.05354
      6.93262      0.57936      0.48293      0.14361
      6.94262      0.77911      0.62728      0.20620
      6.95262      0.59808      0.53484      0.12728
      6.96262      0.38999      0.41227      0.04529
      6.97262      0.37280      0.37815      0.05223
      6.98262      0.40638      0.35872      0.08832
      6.99262      0.41680      0.36957      0.09002
      7.00262      0.40955      0.37995      0.07971
      7.01262      0.46969      0.44021      0.09003
      7.02262      0.67270      0.61360      0.13823
      7.03262      0.79336      0.69666      0.17806
      7.04262      0.65458      0.51673      0.18001
      7.05262      0.54191      0.37666      0.17794
      7.06262      0.49542      0.36811      0.14901
      7.07262      0.49075      0.42080      0.11566
      7.08262      0.47484      0.43891      0.09375
      7.09262      0.40135      0.39492      0.06507
      7.10262      0.35590      0.31615      0.07709
      7.11262      0.37255      0.29414      0.10246
      7.12262      0.41078      0.36100      0.09255
      7.13262      0.42956      0.40828      0.07890
      7.14262      0.42630      0.38634      0.08854
      7.15262      0.40890      0.33451      0.10600
      7.16262      0.38353      0.33215      0.09018
      7.17262      0.42498      0.38515      0.09065
      7.18262      0.44385      0.39760      0.09708
      7.19262      0.41708      0.35205      0.10313
      7.20262      0.46888      0.33502      0.14966
      7.21262      0.61409      0.44338      0.19280
      7.22262      0.74607      0.63570      0.17839
      7.23262      0.62280      0.62936      0.09200
      7.24262      0.42657      0.47341      0.03912
      7.25262      0.46789      0.48710      0.06275
      7.26262      0.52699      0.50501      0.09536
      7.27262      0.40955      0.34637      0.09986
      7.28262      0.33965      0.26665      0.09445
      7.29262      0.43382      0.35978      0.10970
      7.30262      0.46511      0.37121      0.12595
      7.31262      0.37325      0.28269      0.11024
      7.32262      0.44503      0.37830      0.10934
      7.33262      0.57799      0.55262      0.10771
      7.34262      0.66754      0.63561      0.12377
      7.35262      0.72740      0.64447      0.15454
      7.36262      0.72001      0.63048      0.14440
      7.37262      0.90152      0.79053      0.17561
      7.38262      1.11672      0.99313      0.21529
      7.39262      0.99747      0.96551      0.14631
      7.40262      0.69473      0.74924      0.04619
      7.41262      0.49067      0.55232      0.00897
      7.42262      0.41274      0.43278      0.02421
      7.43262      0.56860      0.52135      0.08802
      7.44262      0.85443      0.78686      0.14091
      7.45262      0.93062      0.93154      0.10853
      7.46262      0.80330      0.80295      0.09079
      7.47262      0.79885      0.70164      0.14815
      7.48262      0.79640      0.67263      0.16758
      7.49262      0.69569      0.66548      0.09871
      7.50262      0.74267      0.76890      0.06343
      7.51262      0.86903      0.88301      0.08733
      7.52262      0.95704      0.94669      0.12026
      7.53262      1.00352      0.97364      0.13735
      7.54262      0.99373      0.94923      0.14298
      7.55262      0.92954      0.90115      0.13273
      7.56262      0.85977      0.84011      0.11783
      7.57262      0.99950      0.94894      0.13654
      7.58262      1.13482      1.09963      0.14557
      7.59262      0.97613      0.94389      0.13381
      7.60262      0.81861      0.72528      0.14619
      7.61262      0.81340      0.71160      0.14306
      7.62262      0.78379      0.73368      0.10928
      7.63262      0.59088      0.58313      0.06184
      7.64262      0.51899      0.49012      0.06247
      7.65262      0.80565      0.74344      0.11152
      7.66262      1.12892      1.08818      0.13843
      7.67262      1.21744      1.19006      0.15550
      7.68262      1.12880      1.10517      0.15300
      7.69262      0.97945      0.94670      0.12975
      7.70262      0.80931      0.74154      0.11620
      7.71262      0.74640      0.67816      0.11242
      7.72262      0.83155      0.82129      0.09626
      7.73262      0.92078      0.92793      0.08981
      7.74262      1.01634      0.95694      0.12627
      7.75262      0.96677      0.86253      0.14440
      7.76262      0.75433      0.67370      0.10262
      7.77262      0.74730      0.66925      0.10291
      7.78262      0.89036      0.82445      0.12232
      7.79262      1.09633      1.02620      0.15535
      7.80262      1.18632      1.03728      0.21454
      7.81262      1.08279      0.87319      0.23902
      7.82262      1.04268      0.88655      0.18944
      7.83262      1.06831      1.03778      0.09801
      7.84262      1.03777      1.09575      0.04454
      7.85262      1.09554      1.14850      0.07756
      7.86262      1.12284      1.10270      0.12741
      7.87262      1.08784      1.02658      0.12868
      7.88262      1.06668      0.98888      0.12912
      7.89262      1.16465      1.06919      0.16908
      7.90262      1.26981      1.15360      0.20339
      7.91262      1.13427      1.01865      0.17914
      7.92262      1.19529      1.14041      0.13124
      7.93262      1.29177      1.25707      0.11498
      7.94262      1.15603      1.04141      0.15256
      7.95262      1.06914      0.88907      0.19299
      7.96262      1.18123      1.00093      0.20702
      7.97262      1.38576      1.20921      0.22068
      7.98262      1.31827      1.13108      0.22215
      7.99262      1.24294      1.06905      0.21598
      8.00262      1.35700      1.23896      0.19244
      8.01262      1.57069      1.51487      0.17044
      8.02262      1.82780      1.75435      0.21262
      8.03262      1.70938      1.55507      0.24836
      8.04262      1.58340      1.34105      0.27351
      8.05262      1.64710      1.37746      0.28605
      8.06262      1.76895      1.53959      0.28592
      8.07262      2.28157      2.02239      0.36289
      8.08262      2.78993      2.40844      0.46023
      8.09262      2.95552      2.46917      0.51182
      8.10262      3.16644      2.60137      0.57031
      8.11262      3.12027      2.56514      0.56922
      8.12262      2.58845      2.17039      0.46060
      8.13262      1.56229      1.36227      0.26022
      8.14262      0.59837      0.58247      0.07775
      8.15262      0.23646      0.28623      0.01042
      8.16262      0.18643      0.24813      0.00058
      8.17262      0.21628      0.28765      0.00001
      8.18262      0.36012      0.47428      0.00000
      8.19262      0.44594      0.58589      0.00000
      8.20262      0.32467      0.42538      0.00000
      8.21262      0.20956      0.27398      0.00000
      8.22262      0.20332      0.26676      0.00000
      8.23262      0.25092      0.33166      0.00000
      8.24262      0.32461      0.43121      0.00000
      8.25262      0.33836      0.45027      0.00000
      8.26262      0.20837      0.27763      0.00000
      8.27262      0.13263      0.17587      0.00000
      8.28262      0.14300      0.18890      0.00000
      8.29262      0.08611      0.11375      0.00000
      8.30262      0.06470      0.08595      0.00000
      8.31262      0.17711      0.23626      0.00000
      8.32262      0.26527      0.35476      0.00000
      8.33262      0.18785      0.25176      0.00000
      8.34262      0.18573      0.24823      0.00000
      8.35262      0.34487      0.45852      0.00000
      8.36262      0.36539      0.48383      0.00000
      8.37262      0.23257      0.30663      0.00000
      8.38262      0.18909      0.24903      0.00000
      8.39262      0.20041      0.26618      0.00000
      8.40262      0.22595      0.30202      0.00000
      8.41262      0.19589      0.26125      0.00000
      8.42262      0.16883      0.22367      0.00000
      8.43262      0.12944      0.17121      0.00000
      8.44262      0.09906      0.13196      0.00000
      8.45262      0.14156      0.18950      0.00000
      8.46262      0.14446      0.19353      0.00000
      8.47262      0.17710      0.23720      0.00000
      8.48262      0.25368      0.33911      0.00000
      8.49262      0.22716      0.30322      0.00000
      8.50262      0.18104      0.24197      0.00000
      8.51262      0.15767      0.21056      0.00000
      8.52262      0.17521      0.23137      0.00000
      8.53262      0.31366      0.41198      0.00000
      8.54262      0.38516      0.50631      0.00000
      8.55262      0.40219      0.53119      0.00000
      8.56262      0.48355      0.64176      0.00000
      8.57262      0.42177      0.56023      0.00000
      8.58262      0.24419      0.32368      0.00000
      8.59262      0.16343      0.21633      0.00000
      8.60262      0.15983      0.21169      0.00000
      8.61262      0.17071      0.22658      0.00000
      8.62262      0.26717      0.35516      0.00000
      8.63262      0.24902      0.33111      0.00000
      8.64262      0.17477      0.23238      0.00000
      8.65262      0.25502      0.33910      0.00000
      8.66262      0.24553      0.32650      0.00000
      8.67262      0.13953      0.18550      0.00000
      8.68262      0.17297      0.22973      0.00000
      8.69262      0.21878      0.29019      0.00000
      8.70262      0.21824      0.28858      0.00000
      8.71262      0.29928      0.39530      0.00000
      8.72262      0.32714      0.43258      0.00000
      8.73262      0.25232      0.33379      0.00000
      8.74262      0.18483      0.24435      0.00000
      8.75262      0.21939      0.28985      0.00000
      8.76262      0.35713      0.47175      0.00000
      8.77262      0.32647      0.43136      0.00000
      8.78262      0.15457      0.20423      0.00000
      8.79262      0.11858      0.15625      0.00000
      8.80262      0.18732      0.24687      0.00000
      8.81262      0.20399      0.26943      0.00000
      8.82262      0.14340      0.18960      0.00000
      8.83262      0.09151      0.12029      0.00000
      8.84262      0.13225      0.17283      0.00000
      8.85262      0.14419      0.18852      0.00000
      8.86262      0.14626      0.19197      0.00000
      8.87262      0.23323      0.30693      0.00000
      8.88262      0.41976      0.55268      0.00000
      8.89262      0.61946      0.81486      0.00000
      8.90262      0.56563      0.74411      0.00000
      8.91262      0.39334      0.51856      0.00000
      8.92262      0.34296      0.45181      0.00000
      8.93262      0.38702      0.50784      0.00000
      8.94262      0.37883      0.49605      0.00000
      8.95262      0.32089      0.41982      0.00000
      8.96262      0.25617      0.33551      0.00000
      8.97262      0.20856      0.27360      0.00000
      8.98262      0.18732      0.24537      0.00000
      8.99262      0.18483      0.24120      0.00000
      9.00262      0.20769      0.26885      0.00000
      9.01262      0.28333      0.36384      0.00000
      9.02262      0.27407      0.35072      0.00000
      9.03262      0.20565      0.26331      0.00000
      9.04262      0.14442      0.18520      0.00000
      9.05262      0.19369      0.24968      0.00000
      9.06262      0.35124      0.45689      0.00000
      9.07262      0.40245      0.52674      0.00000
      9.08262      0.38709      0.50418      0.00000
      9.09262      0.36568      0.47284      0.00000
      9.10262      0.28091      0.36400      0.00000
      9.11262      0.23958      0.30931      0.00000
      9.12262      0.29087      0.37008      0.00000
      9.13262      0.28282      0.35698      0.00000
      9.14262      0.20580      0.26021      0.00000
      9.15262      0.11621      0.14671      0.00000
      9.16262      0.12713      0.15719      0.00000
      9.17262      0.20671      0.25436      0.00000
      9.18262      0.14554      0.17912      0.00000
      9.19262      0.03837      0.04723      0.00000
      9.20262      0.00954      0.01156      0.00000
      9.21262      0.04533      0.05447      0.00000
      9.22262      0.14829      0.18099      0.00000
      9.23262      0.34470      0.43968      0.00000
      9.24262      0.84087      1.09859      0.00000
      9.25262      1.41681      1.84263      0.00000
      9.26262      1.35415      1.73730      0.00000
      9.27262      0.75580      0.94971      0.00000
      9.28262      0.34089      0.41502      0.00000
      9.29262      0.20380      0.24206      0.00000
      9.30262      0.14601      0.17126      0.00000
      9.31262      0.14970      0.17392      0.00000
      9.32262      0.11430      0.13248      0.00000
      9.33262      0.05313      0.06121      0.00000
      9.34262      0.06678      0.07632      0.00000
      9.35262      0.11917      0.13780      0.00000
      9.36262      0.22505      0.26492      0.00000
      9.37262      0.31584      0.37532      0.00000
      9.38262      0.32793      0.39159      0.00000
      9.39262      0.35115      0.42116      0.00000
      9.40262      0.34009      0.42111      0.00000
      9.41262      0.42536      0.54981      0.00000
      9.42262      0.52303      0.68409      0.00000
      9.43262      0.40592      0.51815      0.00000
      9.44262      0.38868      0.45092      0.00000
      9.45262      0.52601      0.58926      0.00000
      9.46262      0.47726      0.53599      0.00000
      9.47262      0.33845      0.38444      0.00000
      9.48262      0.27487      0.31573      0.00000
      9.49262      0.23145      0.26998      0.00000
      9.50262      0.25850      0.30006      0.00000
      9.51262      0.40741      0.46068      0.00000
      9.52262      0.43024      0.48716      0.00000
      9.53262      0.29509      0.34751      0.00000
      9.54262      0.26788      0.32429      0.00000
      9.55262      0.43812      0.51267      0.00001
      9.56262      0.65912      0.74675      0.00013
      9.57262      0.73613      0.83322      0.00052
      9.58262      0.70790      0.83319      0.00083
      9.59262      0.81961      1.00777      0.00126
      9.60262      1.00315      1.23350      0.00294
      9.61262      0.80987      0.97148      0.00349
      9.62262      0.50394      0.56851      0.00233
      9.63262      0.43244      0.45146      0.00559
      9.64262      0.43126      0.42651      0.01444
      9.65262      0.40478      0.39437      0.01738
      9.66262      0.44533      0.45394      0.01479
      9.67262      0.57173      0.60003      0.01630
      9.68262      0.48503      0.50681      0.01593
      9.69262      0.51516      0.51184      0.02433
      9.70262      0.78415      0.76672      0.04040
      9.71262      0.84265      0.83164      0.04641
      9.72262      0.66738      0.66749      0.04505
      9.73262      0.62650      0.60868      0.05527
      9.74262      0.82323      0.77886      0.07760
      9.75262      1.13845      1.08917      0.10776
      9.76262      1.25051      1.18590      0.13508
      9.77262      1.19981      1.14117      0.13482
      9.78262      1.20395      1.19885      0.10703
      9.79262      1.19496      1.20782      0.08445
      9.80262      0.95649      0.94212      0.06756
      9.81262      0.60953      0.57276      0.05540
      9.82262      0.61590      0.56255      0.07176
      9.83262      0.88757      0.81410      0.10410
      9.84262      0.77087      0.70142      0.09246
      9.85262      0.43525      0.40986      0.04419
      9.86262      0.50034      0.50785      0.03012
      9.87262      0.55872      0.56322      0.03561
      9.88262      0.47074      0.46197      0.03984
      9.89262      0.68194      0.67523      0.05719
      9.90262      0.79121      0.79633      0.05630
      9.91262      0.63338      0.65429      0.03576
      9.92262      0.64080      0.67998      0.02626
      9.93262      0.67983      0.72716      0.02768
      9.94262      0.62614      0.67588      0.03500
      9.95262      0.70678      0.76864      0.04847
      9.96262      0.97471      1.03694      0.07541
      9.97262      1.08161      1.09131      0.09667
      9.98262      0.77459      0.75793      0.06802
      9.99262      0.46064      0.48435      0.02169
     10.00262      0.31304      0.34657      0.00731
     10.01262      0.26649      0.26484      0.01693
     10.02262      0.28593      0.26448      0.02362
     10.03262      0.20060      0.18390      0.01745
     10.04262      0.23745      0.22041      0.02302
     10.05262      0.52627      0.51008      0.03977
     10.06262      0.77459      0.77175      0.05017
     10.07262      0.68183      0.69489      0.04090
     10.08262      0.41825      0.42599      0.02370
     10.09262      0.23605      0.22970      0.01657
     10.10262      0.21727      0.22146      0.01414
     10.11262      0.38985      0.42457      0.01846
     10.12262      0.44653      0.48851      0.02151
     10.13262      0.42230      0.44594      0.02640
     10.14262      0.59306      0.62043      0.03554
     10.15262      0.73297      0.74361      0.05013
     10.16262      0.71415      0.68803      0.06844
     10.17262      0.65777      0.60702      0.08186
     10.18262      0.43070      0.38235      0.06218
     10.19262      0.18685      0.16928      0.02248
     10.20262      0.22818      0.23812      0.00585
     10.21262      0.43234      0.46200      0.01026
     10.22262      0.49506      0.52802      0.01451
     10.23262      0.37537      0.40322      0.00793
     10.24262      0.28973      0.31910      0.00454
     10.25262      0.35720      0.38077      0.01399
     10.26262      0.38206      0.38404      0.02454
     10.27262      0.30347      0.31150      0.02126
     10.28262      0.33756      0.35208      0.02652
     10.29262      0.47171      0.47026      0.04386
     10.30262      0.56148      0.57423      0.04368
     10.31262      0.53520      0.59568      0.02161
     10.32262      0.56155      0.66441      0.00858
     10.33262      0.55942      0.65615      0.01174
     10.34262      0.42489      0.48332      0.01196
     10.35262      0.31381      0.33737      0.01091
     10.36262      0.32325      0.31659      0.01722
     10.37262      0.27423      0.25776      0.01852
     10.38262      0.24488      0.23017      0.02037
     10.39262      0.38085      0.37481      0.02521
     10.40262      0.47630      0.47102      0.03027
     10.41262      0.40882      0.38314      0.04004
     10.42262      0.42877      0.38760      0.05685
     10.43262      0.56905      0.52592      0.07463
     10.44262      0.49904      0.46312      0.06339
     10.45262      0.32304      0.30481      0.03162
     10.46262      0.33147      0.33804      0.01315
     10.47262      0.36325      0.39273      0.00419
     10.48262      0.28495      0.32700      0.00063
     10.49262      0.18655      0.22815      0.00028
     10.50262      0.16255      0.19730      0.00272
     10.51262      0.27284      0.30676      0.01132
     10.52262      0.38632      0.41065      0.01799
     10.53262      0.37374      0.39359      0.01209
     10.54262      0.21780      0.22572      0.00715
     10.55262      0.14625      0.13526      0.01489
     10.56262      0.25269      0.23750      0.02454
     10.57262      0.52380      0.52924      0.02989
     10.58262      0.73603      0.74605      0.04181
     10.59262      0.47684      0.47128      0.03459
     10.60262      0.15221      0.14894      0.01280
     10.61262      0.13657      0.14896      0.00555
     10.62262      0.26253      0.28461      0.01013
     10.63262      0.22820      0.24270      0.01007
     10.64262      0.15575      0.17192      0.00585
     10.65262      0.24661      0.27308      0.01005
     10.66262      0.34126      0.36861      0.01523
     10.67262      0.41816      0.46373      0.01241
     10.68262      0.51081      0.57369      0.01572
     10.69262      0.52527      0.58775      0.02102
     10.70262      0.48582      0.52130      0.02424
     10.71262      0.49643      0.50061      0.03165
     10.72262      0.44004      0.42866      0.03708
     10.73262      0.37274      0.33406      0.04936
     10.74262      0.42266      0.35947      0.06641
     10.75262      0.47975      0.42780      0.06083
     10.76262      0.41841      0.41063      0.02737
     10.77262      0.23316      0.24467      0.00524
     10.78262      0.07502      0.07942      0.00136
     10.79262      0.08811      0.08718      0.00565
     10.80262      0.21751      0.22403      0.01199
     10.81262      0.25332      0.27503      0.00938
     10.82262      0.18327      0.20118      0.00270
     10.83262      0.21566      0.22867      0.00033
     10.84262      0.26615      0.28837      0.00090
     10.85262      0.26422      0.29205      0.00636
     10.86262      0.31358      0.33964      0.01673
     10.87262      0.27832      0.29952      0.01650
     10.88262      0.19107      0.20538      0.00919
     10.89262      0.25156      0.24845      0.01595
     10.90262      0.38030      0.36863      0.02980
     10.91262      0.37043      0.36059      0.03339
     10.92262      0.24936      0.23169      0.02981
     10.93262      0.15591      0.14173      0.01766
     10.94262      0.25969      0.25833      0.01073
     10.95262      0.46013      0.48151      0.00936
     10.96262      0.41634      0.45531      0.00428
     10.97262      0.19918      0.22149      0.00257
     10.98262      0.13419      0.13443      0.00833
     10.99262      0.21447      0.21713      0.01343
     11.00262      0.22816      0.24910      0.00880
     11.01262      0.18009      0.19689      0.00766
     11.02262      0.23650      0.24546      0.01544
     11.03262      0.30157      0.32403      0.01611
     11.04262      0.34715      0.38306      0.01471
     11.05262      0.51218      0.55895      0.02136
     11.06262      0.51219      0.54728      0.02404
     11.07262      0.36627      0.35923      0.03082
     11.08262      0.38668      0.34778      0.04488
     11.09262      0.53601      0.48539      0.06214
     11.10262      0.54349      0.50349      0.06227
     11.11262      0.29803      0.28079      0.03343
     11.12262      0.07696      0.07351      0.00795
     11.13262      0.05447      0.05610      0.00076
     11.14262      0.17769      0.18660      0.00003
     11.15262      0.26486      0.28093      0.00005
     11.16262      0.16751      0.17815      0.00086
     11.17262      0.10426      0.10422      0.00560
     11.18262      0.20038      0.20107      0.01339
     11.19262      0.25033      0.26624      0.01179
     11.20262      0.14887      0.16556      0.00397
     11.21262      0.11329      0.12054      0.00158
     11.22262      0.27155      0.28604      0.00619
     11.23262      0.52422      0.53257      0.03763
     11.24262      0.81625      0.71829      0.13669
     11.25262      1.09839      0.85324      0.25720
     11.26262      1.21036      0.90355      0.30821
     11.27262      1.21940      0.91877      0.30122
     11.28262      1.25590      0.98325      0.27752
     11.29262      1.51291      1.20945      0.31995
     11.30262      1.74174      1.36631      0.39595
     11.31262      1.44352      1.10371      0.34923
     11.32262      1.19980      0.91165      0.29053
     11.33262      1.36414      1.06935      0.30258
     11.34262      1.65274      1.36769      0.31280
     11.35262      1.71224      1.44471      0.30539
     11.36262      1.51297      1.22851      0.30590
     11.37262      1.36849      1.08966      0.29437
     11.38262      1.61007      1.30148      0.33543
     11.39262      2.06519      1.64441      0.44999
     11.40262      2.23569      1.77997      0.49201
     11.41262      2.27427      1.84657      0.47647
     11.42262      2.34540      1.88947      0.49395
     11.43262      2.45702      1.92233      0.54901
     11.44262      2.92634      2.26458      0.66672
     11.45262      3.42386      2.71344      0.73043
     11.46262      3.73465      3.23353      0.58616
     11.47262      4.63371      4.42833      0.40572
     11.48262      5.24390      5.19038      0.31798
     11.49262      4.27917      4.30366      0.20374
     11.50262      3.06590      3.11892      0.12032
     11.51262      2.87913      2.84558      0.18058
     11.52262      3.27427      3.04448      0.35397
     11.53262      3.39422      3.05525      0.44163
     11.54262      2.82403      2.59508      0.32094
     11.55262      2.33746      2.25485      0.18050
     11.56262      2.25701      2.21989      0.14575
     11.57262      2.38208      2.28953      0.19687
