Energy-E_F (eV)    DOS (1/eV)    PDOS (1/eV)  of atom type B  N  
     -4.99000      0.66388      0.24994      0.41394
     -4.98000      0.89001      0.33373      0.55629
     -4.97000      1.15625      0.43530      0.72095
     -4.96000      1.36346      0.51560      0.84786
     -4.95000      1.19580      0.45551      0.74029
     -4.94000      0.84706      0.32616      0.52090
     -4.93000      0.82064      0.31438      0.50626
     -4.92000      0.88488      0.33513      0.54975
     -4.91000      0.80425      0.30499      0.49926
     -4.90000      0.99840      0.37568      0.62272
     -4.89000      1.44631      0.53560      0.91071
     -4.88000      1.60601      0.59031      1.01570
     -4.87000      1.53601      0.57229      0.96373
     -4.86000      1.28425      0.48426      0.79998
     -4.85000      0.89724      0.33406      0.56318
     -4.84000      0.79067      0.28931      0.50136
     -4.83000      0.95704      0.35169      0.60535
     -4.82000      1.00957      0.37517      0.63440
     -4.81000      0.95059      0.35430      0.59630
     -4.80000      1.08879      0.40417      0.68462
     -4.79000      1.33452      0.49727      0.83726
     -4.78000      1.43869      0.53951      0.89918
     -4.77000      1.22070      0.45624      0.76446
     -4.76000      1.08490      0.40485      0.68005
     -4.75000      1.36987      0.51445      0.85543
     -4.74000      1.80303      0.67338      1.12964
     -4.73000      1.93101      0.71223      1.21878
     -4.72000      1.68766      0.61968      1.06798
     -4.71000      1.32674      0.49228      0.83446
     -4.70000      1.15042      0.43182      0.71860
     -4.69000      1.30747      0.48762      0.81985
     -4.68000      1.33204      0.49053      0.84151
     -4.67000      1.19170      0.43584      0.75586
     -4.66000      1.09661      0.40616      0.69044
     -4.65000      1.08097      0.40693      0.67405
     -4.64000      1.17750      0.43686      0.74064
     -4.63000      1.24564      0.45715      0.78850
     -4.62000      1.23916      0.45949      0.77967
     -4.61000      1.29254      0.48660      0.80595
     -4.60000      1.25738      0.47737      0.78001
     -4.59000      1.09285      0.41135      0.68150
     -4.58000      0.99659      0.37045      0.62614
     -4.57000      1.06549      0.40051      0.66498
     -4.56000      1.01394      0.38156      0.63238
     -4.55000      0.69412      0.25659      0.43752
     -4.54000      0.84555      0.30252      0.54303
     -4.53000      1.34371      0.47946      0.86425
     -4.52000      1.38810      0.50156      0.88654
     -4.51000      1.03682      0.38330      0.65353
     -4.50000      0.69897      0.26077      0.43820
     -4.49000      0.67524      0.24995      0.42530
     -4.48000      0.96621      0.35817      0.60804
     -4.47000      1.09955      0.41002      0.68953
     -4.46000      1.15550      0.43447      0.72103
     -4.45000      1.17231      0.43866      0.73365
     -4.44000      0.97992      0.36174      0.61817
     -4.43000      1.04502      0.38469      0.66032
     -4.42000      1.15901      0.42566      0.73335
     -4.41000      0.86505      0.31672      0.54833
     -4.40000      0.39829      0.14590      0.25239
     -4.39000      0.39094      0.14203      0.24891
     -4.38000      0.80336      0.29300      0.51035
     -4.37000      1.04950      0.38696      0.66254
     -4.36000      1.06133      0.39838      0.66295
     -4.35000      1.13836      0.42842      0.70993
     -4.34000      1.14754      0.41994      0.72760
     -4.33000      0.92637      0.32834      0.59803
     -4.32000      0.90321      0.32162      0.58159
     -4.31000      1.14281      0.41501      0.72780
     -4.30000      1.10931      0.40862      0.70069
     -4.29000      0.79141      0.29212      0.49930
     -4.28000      0.61667      0.22525      0.39141
     -4.27000      0.73958      0.27611      0.46347
     -4.26000      0.94582      0.35843      0.58740
     -4.25000      0.95560      0.36431      0.59129
     -4.24000      0.98993      0.37385      0.61608
     -4.23000      1.17306      0.43203      0.74103
     -4.22000      1.10998      0.40111      0.70887
     -4.21000      0.65162      0.23345      0.41817
     -4.20000      0.46266      0.16473      0.29793
     -4.19000      0.74050      0.26281      0.47768
     -4.18000      0.99060      0.35686      0.63374
     -4.17000      0.88448      0.32661      0.55787
     -4.16000      0.66314      0.25425      0.40888
     -4.15000      0.60499      0.23225      0.37274
     -4.14000      0.62075      0.22516      0.39558
     -4.13000      0.73759      0.25971      0.47789
     -4.12000      1.00061      0.35526      0.64535
     -4.11000      1.09584      0.39108      0.70476
     -4.10000      0.97881      0.34839      0.63042
     -4.09000      0.89126      0.31993      0.57133
     -4.08000      0.88295      0.32792      0.55503
     -4.07000      0.92919      0.34871      0.58048
     -4.06000      0.78745      0.28917      0.49828
     -4.05000      0.71312      0.25518      0.45794
     -4.04000      0.79974      0.28626      0.51347
     -4.03000      0.85660      0.31559      0.54100
     -4.02000      0.96402      0.35822      0.60580
     -4.01000      0.98031      0.36290      0.61740
     -4.00000      0.79308      0.29634      0.49673
     -3.99000      0.63724      0.23095      0.40629
     -3.98000      0.72881      0.25603      0.47278
     -3.97000      0.73102      0.25616      0.47485
     -3.96000      0.62625      0.22222      0.40403
     -3.95000      0.73047      0.26748      0.46299
     -3.94000      0.83634      0.30801      0.52833
     -3.93000      0.64494      0.23362      0.41131
     -3.92000      0.46903      0.16991      0.29912
     -3.91000      0.56409      0.21183      0.35226
     -3.90000      0.78934      0.29202      0.49733
     -3.89000      1.08836      0.38801      0.70036
     -3.88000      1.20214      0.42569      0.77645
     -3.87000      1.06845      0.38533      0.68312
     -3.86000      1.08732      0.39977      0.68754
     -3.85000      1.02134      0.37124      0.65010
     -3.84000      0.74429      0.26254      0.48175
     -3.83000      0.55766      0.19486      0.36280
     -3.82000      0.60163      0.21632      0.38531
     -3.81000      0.68731      0.25324      0.43407
     -3.80000      0.69252      0.25306      0.43946
     -3.79000      0.65997      0.23627      0.42370
     -3.78000      0.77549      0.27549      0.50000
     -3.77000      0.88182      0.31181      0.57001
     -3.76000      0.73915      0.26370      0.47544
     -3.75000      0.63548      0.23026      0.40522
     -3.74000      0.56872      0.20550      0.36322
     -3.73000      0.53592      0.19756      0.33836
     -3.72000      0.70621      0.26293      0.44328
     -3.71000      0.88793      0.32168      0.56624
     -3.70000      0.86571      0.30682      0.55890
     -3.69000      0.81655      0.28774      0.52881
     -3.68000      0.82302      0.29547      0.52754
     -3.67000      0.77660      0.28338      0.49322
     -3.66000      0.76495      0.27221      0.49273
     -3.65000      0.69039      0.23564      0.45475
     -3.64000      0.52630      0.17405      0.35225
     -3.63000      0.49572      0.16657      0.32915
     -3.62000      0.60523      0.20716      0.39806
     -3.61000      0.79399      0.27627      0.51772
     -3.60000      0.96287      0.35067      0.61220
     -3.59000      0.97242      0.36415      0.60827
     -3.58000      0.92508      0.34241      0.58266
     -3.57000      0.83708      0.30723      0.52985
     -3.56000      0.73672      0.26864      0.46808
     -3.55000      0.71890      0.25688      0.46202
     -3.54000      0.73823      0.26468      0.47355
     -3.53000      0.68597      0.24367      0.44230
     -3.52000      0.70361      0.24104      0.46256
     -3.51000      0.81489      0.27865      0.53624
     -3.50000      0.78828      0.27588      0.51240
     -3.49000      0.78702      0.28208      0.50494
     -3.48000      0.76691      0.27710      0.48981
     -3.47000      0.72222      0.25960      0.46261
     -3.46000      0.58313      0.21131      0.37182
     -3.45000      0.43434      0.16251      0.27183
     -3.44000      0.36016      0.13322      0.22694
     -3.43000      0.33251      0.11302      0.21949
     -3.42000      0.47546      0.15491      0.32055
     -3.41000      0.74413      0.24690      0.49722
     -3.40000      1.03970      0.35410      0.68560
     -3.39000      1.05715      0.37094      0.68621
     -3.38000      0.80692      0.28463      0.52229
     -3.37000      0.63291      0.22036      0.41256
     -3.36000      0.64917      0.23071      0.41846
     -3.35000      0.75884      0.27189      0.48695
     -3.34000      0.70443      0.25187      0.45256
     -3.33000      0.77113      0.27266      0.49847
     -3.32000      0.93970      0.33099      0.60871
     -3.31000      0.82088      0.29192      0.52895
     -3.30000      0.77470      0.27848      0.49622
     -3.29000      0.71235      0.25593      0.45642
     -3.28000      0.51669      0.18131      0.33538
     -3.27000      0.61759      0.20876      0.40883
     -3.26000      0.79581      0.26763      0.52818
     -3.25000      0.63538      0.21570      0.41969
     -3.24000      0.44845      0.15520      0.29325
     -3.23000      0.63682      0.22125      0.41557
     -3.22000      0.76365      0.26680      0.49685
     -3.21000      0.70472      0.25678      0.44794
     -3.20000      0.79264      0.29527      0.49737
     -3.19000      0.77791      0.27824      0.49967
     -3.18000      0.60095      0.20253      0.39842
     -3.17000      0.42911      0.14656      0.28254
     -3.16000      0.33564      0.12345      0.21219
     -3.15000      0.27600      0.09963      0.17636
     -3.14000      0.38254      0.12447      0.25807
     -3.13000      0.76441      0.24702      0.51740
     -3.12000      1.13249      0.37543      0.75706
     -3.11000      1.26808      0.43097      0.83710
     -3.10000      1.24492      0.43610      0.80882
     -3.09000      1.11926      0.40367      0.71559
     -3.08000      0.82824      0.29927      0.52897
     -3.07000      0.56440      0.19559      0.36881
     -3.06000      0.45256      0.15284      0.29972
     -3.05000      0.36452      0.12494      0.23958
     -3.04000      0.31218      0.10267      0.20951
     -3.03000      0.33447      0.10442      0.23005
     -3.02000      0.44839      0.14595      0.30243
     -3.01000      0.72823      0.25124      0.47699
     -3.00000      0.92999      0.32429      0.60570
     -2.99000      0.79003      0.27554      0.51449
     -2.98000      0.60807      0.21199      0.39607
     -2.97000      0.61020      0.20873      0.40147
     -2.96000      0.68113      0.22986      0.45127
     -2.95000      0.62394      0.20988      0.41406
     -2.94000      0.47712      0.15822      0.31890
     -2.93000      0.42657      0.14241      0.28416
     -2.92000      0.53987      0.18257      0.35730
     -2.91000      0.66351      0.23343      0.43008
     -2.90000      0.89396      0.32939      0.56457
     -2.89000      1.19406      0.43650      0.75756
     -2.88000      1.04322      0.36555      0.67767
     -2.87000      0.73611      0.24451      0.49159
     -2.86000      0.62517      0.20048      0.42468
     -2.85000      0.50299      0.15782      0.34517
     -2.84000      0.41194      0.13243      0.27951
     -2.83000      0.44407      0.14652      0.29755
     -2.82000      0.58359      0.18695      0.39664
     -2.81000      0.79746      0.25463      0.54284
     -2.80000      0.85683      0.28231      0.57452
     -2.79000      0.86990      0.29852      0.57139
     -2.78000      0.67317      0.23559      0.43759
     -2.77000      0.50587      0.17317      0.33270
     -2.76000      0.54843      0.18444      0.36399
     -2.75000      0.41134      0.14070      0.27064
     -2.74000      0.34475      0.11691      0.22784
     -2.73000      0.49921      0.16429      0.33491
     -2.72000      0.67892      0.22350      0.45542
     -2.71000      0.81033      0.26734      0.54299
     -2.70000      0.92113      0.30861      0.61252
     -2.69000      1.03923      0.35792      0.68131
     -2.68000      0.81839      0.28666      0.53173
     -2.67000      0.50685      0.18117      0.32568
     -2.66000      0.42468      0.14600      0.27868
     -2.65000      0.45077      0.13965      0.31112
     -2.64000      0.49614      0.15165      0.34449
     -2.63000      0.58345      0.19612      0.38733
     -2.62000      0.66938      0.24036      0.42903
     -2.61000      0.69140      0.24241      0.44899
     -2.60000      0.65158      0.22270      0.42888
     -2.59000      0.60602      0.20779      0.39823
     -2.58000      0.72471      0.23528      0.48943
     -2.57000      0.83730      0.25576      0.58154
     -2.56000      0.74900      0.22405      0.52495
     -2.55000      0.59496      0.18401      0.41095
     -2.54000      0.45805      0.14920      0.30885
     -2.53000      0.43755      0.14801      0.28954
     -2.52000      0.56735      0.19681      0.37054
     -2.51000      0.86253      0.29670      0.56583
     -2.50000      1.07265      0.36073      0.71192
     -2.49000      0.97224      0.31788      0.65437
     -2.48000      0.71036      0.22926      0.48110
     -2.47000      0.49854      0.16585      0.33269
     -2.46000      0.39065      0.12987      0.26078
     -2.45000      0.39018      0.12231      0.26787
     -2.44000      0.46285      0.14669      0.31617
     -2.43000      0.53481      0.17068      0.36412
     -2.42000      0.65062      0.20667      0.44395
     -2.41000      0.78705      0.25888      0.52816
     -2.40000      0.71268      0.23751      0.47517
     -2.39000      0.60153      0.19009      0.41144
     -2.38000      0.63853      0.19801      0.44053
     -2.37000      0.56162      0.18683      0.37479
     -2.36000      0.39540      0.14222      0.25317
     -2.35000      0.48236      0.17200      0.31036
     -2.34000      0.77225      0.26064      0.51162
     -2.33000      0.98337      0.32616      0.65722
     -2.32000      0.84576      0.28377      0.56198
     -2.31000      0.49790      0.16678      0.33112
     -2.30000      0.36053      0.10984      0.25069
     -2.29000      0.55573      0.15706      0.39867
     -2.28000      0.68915      0.19842      0.49072
     -2.27000      0.71045      0.21565      0.49481
     -2.26000      0.78040      0.24413      0.53627
     -2.25000      0.90075      0.28790      0.61285
     -2.24000      0.84153      0.27219      0.56935
     -2.23000      0.54169      0.17446      0.36723
     -2.22000      0.33330      0.10678      0.22653
     -2.21000      0.34357      0.11275      0.23082
     -2.20000      0.52783      0.17397      0.35386
     -2.19000      0.79102      0.25836      0.53266
     -2.18000      0.93899      0.29881      0.64018
     -2.17000      0.77882      0.24349      0.53533
     -2.16000      0.59845      0.19186      0.40658
     -2.15000      0.58710      0.19036      0.39674
     -2.14000      0.64425      0.19990      0.44436
     -2.13000      0.65418      0.20239      0.45179
     -2.12000      0.59533      0.18931      0.40602
     -2.11000      0.59567      0.18578      0.40988
     -2.10000      0.51412      0.15731      0.35681
     -2.09000      0.52171      0.16567      0.35603
     -2.08000      0.69606      0.22007      0.47600
     -2.07000      0.75550      0.23274      0.52275
     -2.06000      0.58682      0.18828      0.39854
     -2.05000      0.43267      0.15200      0.28067
     -2.04000      0.36689      0.12711      0.23977
     -2.03000      0.49652      0.15436      0.34216
     -2.02000      0.67266      0.20201      0.47065
     -2.01000      0.56809      0.16754      0.40055
     -2.00000      0.61327      0.18338      0.42989
     -1.99000      0.90730      0.27536      0.63194
     -1.98000      0.97321      0.29096      0.68224
     -1.97000      0.83550      0.25434      0.58115
     -1.96000      0.79714      0.25140      0.54574
     -1.95000      0.81440      0.25234      0.56206
     -1.94000      0.73319      0.21801      0.51518
     -1.93000      0.52142      0.14994      0.37149
     -1.92000      0.43643      0.13377      0.30266
     -1.91000      0.46293      0.15383      0.30910
     -1.90000      0.44230      0.14501      0.29729
     -1.89000      0.47551      0.14455      0.33096
     -1.88000      0.65277      0.19186      0.46091
     -1.87000      0.87469      0.26242      0.61227
     -1.86000      0.80498      0.24505      0.55993
     -1.85000      0.66031      0.19995      0.46035
     -1.84000      0.68816      0.20473      0.48343
     -1.83000      0.67492      0.19859      0.47633
     -1.82000      0.55672      0.16976      0.38696
     -1.81000      0.58354      0.17968      0.40386
     -1.80000      0.59529      0.17754      0.41775
     -1.79000      0.52827      0.15946      0.36881
     -1.78000      0.51569      0.14983      0.36586
     -1.77000      0.50553      0.13430      0.37124
     -1.76000      0.34586      0.08838      0.25748
     -1.75000      0.12408      0.03141      0.09266
     -1.74000      0.11447      0.02859      0.08588
     -1.73000      0.31580      0.07876      0.23704
     -1.72000      0.49767      0.12427      0.37341
     -1.71000      0.55453      0.13886      0.41568
     -1.70000      0.60453      0.15174      0.45280
     -1.69000      0.67014      0.16765      0.50248
     -1.68000      0.61216      0.15257      0.45959
     -1.67000      0.44565      0.11085      0.33480
     -1.66000      0.46540      0.11513      0.35027
     -1.65000      0.54934      0.13534      0.41400
     -1.64000      0.45825      0.11274      0.34552
     -1.63000      0.28402      0.06988      0.21414
     -1.62000      0.19648      0.04833      0.14815
     -1.61000      0.20897      0.05105      0.15792
     -1.60000      0.37305      0.09031      0.28273
     -1.59000      0.54855      0.13232      0.41623
     -1.58000      0.53036      0.12767      0.40269
     -1.57000      0.43560      0.10501      0.33060
     -1.56000      0.40446      0.09780      0.30666
     -1.55000      0.49672      0.11979      0.37693
     -1.54000      0.49972      0.12014      0.37958
     -1.53000      0.35582      0.08525      0.27057
     -1.52000      0.32849      0.07819      0.25030
     -1.51000      0.47419      0.11241      0.36179
     -1.50000      0.46369      0.10940      0.35429
     -1.49000      0.31949      0.07508      0.24440
     -1.48000      0.31157      0.07321      0.23836
     -1.47000      0.33864      0.07923      0.25941
     -1.46000      0.33730      0.07815      0.25915
     -1.45000      0.36024      0.08308      0.27716
     -1.44000      0.32705      0.07553      0.25152
     -1.43000      0.39441      0.09137      0.30304
     -1.42000      0.67466      0.15660      0.51806
     -1.41000      0.82967      0.19276      0.63691
     -1.40000      0.70881      0.16425      0.54456
     -1.39000      0.58545      0.13495      0.45050
     -1.38000      0.58120      0.13326      0.44794
     -1.37000      0.48895      0.11185      0.37710
     -1.36000      0.38022      0.08651      0.29371
     -1.35000      0.47027      0.10565      0.36461
     -1.34000      0.57310      0.12795      0.44515
     -1.33000      0.53643      0.11958      0.41686
     -1.32000      0.45405      0.10111      0.35294
     -1.31000      0.40529      0.08976      0.31553
     -1.30000      0.38657      0.08514      0.30143
     -1.29000      0.34136      0.07532      0.26603
     -1.28000      0.45339      0.10029      0.35310
     -1.27000      0.67875      0.14959      0.52917
     -1.26000      0.69599      0.15255      0.54344
     -1.25000      0.60078      0.13077      0.47002
     -1.24000      0.54230      0.11703      0.42527
     -1.23000      0.50823      0.10933      0.39890
     -1.22000      0.38409      0.08232      0.30177
     -1.21000      0.44836      0.09515      0.35322
     -1.20000      0.55405      0.11692      0.43713
     -1.19000      0.43070      0.09044      0.34026
     -1.18000      0.33076      0.06931      0.26145
     -1.17000      0.37616      0.07829      0.29786
     -1.16000      0.46580      0.09612      0.36968
     -1.15000      0.65488      0.13597      0.51891
     -1.14000      0.98695      0.20725      0.77970
     -1.13000      1.03318      0.21765      0.81554
     -1.12000      0.87322      0.18259      0.69063
     -1.11000      0.80691      0.16663      0.64028
     -1.10000      0.80279      0.16379      0.63900
     -1.09000      0.76094      0.15384      0.60709
     -1.08000      0.73708      0.14795      0.58913
     -1.07000      0.70038      0.13963      0.56075
     -1.06000      0.70103      0.13846      0.56257
     -1.05000      0.75767      0.14826      0.60941
     -1.04000      0.79752      0.15472      0.64280
     -1.03000      0.88504      0.17026      0.71477
     -1.02000      1.09305      0.20939      0.88366
     -1.01000      1.24214      0.23932      1.00283
     -1.00000      0.97636      0.19065      0.78571
     -0.99000      0.65862      0.12933      0.52929
     -0.98000      0.59692      0.11562      0.48130
     -0.97000      0.70133      0.13372      0.56761
     -0.96000      0.73239      0.13827      0.59411
     -0.95000      0.50090      0.09372      0.40718
     -0.94000      0.29180      0.05377      0.23803
     -0.93000      0.23651      0.04312      0.19339
     -0.92000      0.25226      0.04583      0.20643
     -0.91000      0.32309      0.05864      0.26446
     -0.90000      0.52570      0.09597      0.42973
     -0.89000      1.08514      0.20163      0.88351
     -0.88000      1.84277      0.34674      1.49603
     -0.87000      1.66566      0.31416      1.35150
     -0.86000      0.74204      0.13853      0.60351
     -0.85000      0.28577      0.05149      0.23428
     -0.84000      0.17695      0.03113      0.14582
     -0.83000      0.20198      0.03523      0.16675
     -0.82000      0.26283      0.04585      0.21698
     -0.81000      0.25868      0.04507      0.21361
     -0.80000      0.29545      0.05137      0.24408
     -0.79000      0.33218      0.05795      0.27423
     -0.78000      0.41420      0.07262      0.34158
     -0.77000      0.62691      0.11066      0.51624
     -0.76000      0.78552      0.13892      0.64660
     -0.75000      0.65525      0.11465      0.54060
     -0.74000      0.35019      0.06012      0.29008
     -0.73000      0.22316      0.03764      0.18552
     -0.72000      0.23567      0.03948      0.19619
     -0.71000      0.29165      0.04862      0.24303
     -0.70000      0.35366      0.05879      0.29487
     -0.69000      0.43387      0.07198      0.36189
     -0.68000      0.48485      0.08043      0.40442
     -0.67000      0.56508      0.09380      0.47127
     -0.66000      0.70297      0.11730      0.58567
     -0.65000      0.84272      0.14144      0.70128
     -0.64000      0.81183      0.13543      0.67640
     -0.63000      0.50705      0.08301      0.42403
     -0.62000      0.20240      0.03240      0.17001
     -0.61000      0.11847      0.01860      0.09987
     -0.60000      0.23761      0.03710      0.20051
     -0.59000      0.28906      0.04495      0.24411
     -0.58000      0.28708      0.04422      0.24286
     -0.57000      0.40335      0.06196      0.34139
     -0.56000      0.39423      0.06076      0.33347
     -0.55000      0.35448      0.05494      0.29954
     -0.54000      0.43882      0.06784      0.37097
     -0.53000      0.41308      0.06328      0.34980
     -0.52000      0.29921      0.04496      0.25425
     -0.51000      0.25424      0.03757      0.21667
     -0.50000      0.29519      0.04317      0.25203
     -0.49000      0.35590      0.05179      0.30411
     -0.48000      0.37653      0.05449      0.32204
     -0.47000      0.38398      0.05545      0.32854
     -0.46000      0.36555      0.05294      0.31261
     -0.45000      0.46922      0.06771      0.40151
     -0.44000      0.68275      0.09758      0.58517
     -0.43000      0.61545      0.08730      0.52815
     -0.42000      0.25202      0.03554      0.21648
     -0.41000      0.08467      0.01160      0.07307
     -0.40000      0.18037      0.02419      0.15618
     -0.39000      0.30113      0.04033      0.26080
     -0.38000      0.30189      0.04007      0.26182
     -0.37000      0.33345      0.04381      0.28964
     -0.36000      0.37695      0.04960      0.32735
     -0.35000      0.32829      0.04325      0.28504
     -0.34000      0.28669      0.03736      0.24933
     -0.33000      0.25758      0.03292      0.22466
     -0.32000      0.22582      0.02838      0.19744
     -0.31000      0.24143      0.03004      0.21139
     -0.30000      0.30781      0.03790      0.26991
     -0.29000      0.39398      0.04811      0.34587
     -0.28000      0.46908      0.05685      0.41222
     -0.27000      0.50202      0.06063      0.44139
     -0.26000      0.35691      0.04304      0.31386
     -0.25000      0.21341      0.02519      0.18822
     -0.24000      0.26526      0.03044      0.23482
     -0.23000      0.24548      0.02803      0.21744
     -0.22000      0.13316      0.01503      0.11813
     -0.21000      0.20796      0.02298      0.18498
     -0.20000      0.34817      0.03827      0.30990
     -0.19000      0.35337      0.03839      0.31498
     -0.18000      0.32226      0.03446      0.28780
     -0.17000      0.24445      0.02587      0.21858
     -0.16000      0.19984      0.02079      0.17905
     -0.15000      0.28102      0.02875      0.25227
     -0.14000      0.38400      0.03889      0.34511
     -0.13000      0.36524      0.03663      0.32860
     -0.12000      0.26835      0.02646      0.24189
     -0.11000      0.21813      0.02101      0.19712
     -0.10000      0.22434      0.02121      0.20313
     -0.09000      0.24668      0.02299      0.22369
     -0.08000      0.25342      0.02329      0.23013
     -0.07000      0.22527      0.02032      0.20495
     -0.06000      0.26084      0.02294      0.23789
     -0.05000      0.34375      0.02981      0.31395
     -0.04000      0.30031      0.02577      0.27454
     -0.03000      0.19974      0.01676      0.18299
     -0.02000      0.21191      0.01726      0.19466
     -0.01000      0.22434      0.01803      0.20631
      0.00000      0.13727      0.01096      0.12631
      0.01000      0.03888      0.00309      0.03578
      0.02000      0.00443      0.00035      0.00408
      0.03000      0.00019      0.00002      0.00018
      0.04000      0.00000      0.00000      0.00000
      0.05000      0.00000      0.00000      0.00000
      0.06000      0.00000      0.00000      0.00000
      0.07000      0.00000      0.00000      0.00000
      0.08000      0.00000      0.00000      0.00000
      0.09000      0.00000      0.00000      0.00000
      0.10000      0.00000      0.00000      0.00000
      0.11000      0.00000      0.00000      0.00000
      0.12000      0.00000      0.00000      0.00000
      0.13000      0.00000      0.00000      0.00000
      0.14000      0.00000      0.00000      0.00000
      0.15000      0.00000      0.00000      0.00000
      0.16000      0.00000      0.00000      0.00000
      0.17000      0.00000      0.00000      0.00000
      0.18000      0.00000      0.00000      0.00000
      0.19000      0.00000      0.00000      0.00000
      0.20000      0.00000      0.00000      0.00000
      0.21000      0.00000      0.00000      0.00000
      0.22000      0.00000      0.00000      0.00000
      0.23000      0.00000      0.00000      0.00000
      0.24000      0.00000      0.00000      0.00000
      0.25000      0.00000      0.00000      0.00000
      0.26000      0.00000      0.00000      0.00000
      0.27000      0.00000      0.00000      0.00000
      0.28000      0.00000      0.00000      0.00000
      0.29000      0.00000      0.00000      0.00000
      0.30000      0.00000      0.00000      0.00000
      0.31000      0.00000      0.00000      0.00000
      0.32000      0.00000      0.00000      0.00000
      0.33000      0.00000      0.00000      0.00000
      0.34000      0.00000      0.00000      0.00000
      0.35000      0.00000      0.00000      0.00000
      0.36000      0.00000      0.00000      0.00000
      0.37000      0.00000      0.00000      0.00000
      0.38000      0.00000      0.00000      0.00000
      0.39000      0.00000      0.00000      0.00000
      0.40000      0.00000      0.00000      0.00000
      0.41000      0.00000      0.00000      0.00000
      0.42000      0.00000      0.00000      0.00000
      0.43000      0.00000      0.00000      0.00000
      0.44000      0.00000      0.00000      0.00000
      0.45000      0.00000      0.00000      0.00000
      0.46000      0.00000      0.00000      0.00000
      0.47000      0.00000      0.00000      0.00000
      0.48000      0.00000      0.00000      0.00000
      0.49000      0.00000      0.00000      0.00000
      0.50000      0.00000      0.00000      0.00000
      0.51000      0.00000      0.00000      0.00000
      0.52000      0.00000      0.00000      0.00000
      0.53000      0.00000      0.00000      0.00000
      0.54000      0.00000      0.00000      0.00000
      0.55000      0.00000      0.00000      0.00000
      0.56000      0.00000      0.00000      0.00000
      0.57000      0.00000      0.00000      0.00000
      0.58000      0.00000      0.00000      0.00000
      0.59000      0.00000      0.00000      0.00000
      0.60000      0.00000      0.00000      0.00000
      0.61000      0.00000      0.00000      0.00000
      0.62000      0.00000      0.00000      0.00000
      0.63000      0.00000      0.00000      0.00000
      0.64000      0.00000      0.00000      0.00000
      0.65000      0.00000      0.00000      0.00000
      0.66000      0.00000      0.00000      0.00000
      0.67000      0.00000      0.00000      0.00000
      0.68000      0.00000      0.00000      0.00000
      0.69000      0.00000      0.00000      0.00000
      0.70000      0.00000      0.00000      0.00000
      0.71000      0.00000      0.00000      0.00000
      0.72000      0.00000      0.00000      0.00000
      0.73000      0.00000      0.00000      0.00000
      0.74000      0.00000      0.00000      0.00000
      0.75000      0.00000      0.00000      0.00000
      0.76000      0.00000      0.00000      0.00000
      0.77000      0.00000      0.00000      0.00000
      0.78000      0.00000      0.00000      0.00000
      0.79000      0.00000      0.00000      0.00000
      0.80000      0.00000      0.00000      0.00000
      0.81000      0.00000      0.00000      0.00000
      0.82000      0.00000      0.00000      0.00000
      0.83000      0.00000      0.00000      0.00000
      0.84000      0.00000      0.00000      0.00000
      0.85000      0.00000      0.00000      0.00000
      0.86000      0.00000      0.00000      0.00000
      0.87000      0.00000      0.00000      0.00000
      0.88000      0.00000      0.00000      0.00000
      0.89000      0.00000      0.00000      0.00000
      0.90000      0.00000      0.00000      0.00000
      0.91000      0.00000      0.00000      0.00000
      0.92000      0.00000      0.00000      0.00000
      0.93000      0.00000      0.00000      0.00000
      0.94000      0.00000      0.00000      0.00000
      0.95000      0.00000      0.00000      0.00000
      0.96000      0.00000      0.00000      0.00000
      0.97000      0.00000      0.00000      0.00000
      0.98000      0.00000      0.00000      0.00000
      0.99000      0.00000      0.00000      0.00000
      1.00000      0.00000      0.00000      0.00000
      1.01000      0.00000      0.00000      0.00000
      1.02000      0.00000      0.00000      0.00000
      1.03000      0.00000      0.00000      0.00000
      1.04000      0.00000      0.00000      0.00000
      1.05000      0.00000      0.00000      0.00000
      1.06000      0.00000      0.00000      0.00000
      1.07000      0.00000      0.00000      0.00000
      1.08000      0.00000      0.00000      0.00000
      1.09000      0.00000      0.00000      0.00000
      1.10000      0.00000      0.00000      0.00000
      1.11000      0.00000      0.00000      0.00000
      1.12000      0.00000      0.00000      0.00000
      1.13000      0.00000      0.00000      0.00000
      1.14000      0.00000      0.00000      0.00000
      1.15000      0.00000      0.00000      0.00000
      1.16000      0.00000      0.00000      0.00000
      1.17000      0.00000      0.00000      0.00000
      1.18000      0.00000      0.00000      0.00000
      1.19000      0.00000      0.00000      0.00000
      1.20000      0.00000      0.00000      0.00000
      1.21000      0.00000      0.00000      0.00000
      1.22000      0.00000      0.00000      0.00000
      1.23000      0.00000      0.00000      0.00000
      1.24000      0.00000      0.00000      0.00000
      1.25000      0.00000      0.00000      0.00000
      1.26000      0.00000      0.00000      0.00000
      1.27000      0.00000      0.00000      0.00000
      1.28000      0.00000      0.00000      0.00000
      1.29000      0.00000      0.00000      0.00000
      1.30000      0.00000      0.00000      0.00000
      1.31000      0.00000      0.00000      0.00000
      1.32000      0.00000      0.00000      0.00000
      1.33000      0.00000      0.00000      0.00000
      1.34000      0.00000      0.00000      0.00000
      1.35000      0.00000      0.00000      0.00000
      1.36000      0.00000      0.00000      0.00000
      1.37000      0.00000      0.00000      0.00000
      1.38000      0.00000      0.00000      0.00000
      1.39000      0.00000      0.00000      0.00000
      1.40000      0.00000      0.00000      0.00000
      1.41000      0.00000      0.00000      0.00000
      1.42000      0.00000      0.00000      0.00000
      1.43000      0.00000      0.00000      0.00000
      1.44000      0.00000      0.00000      0.00000
      1.45000      0.00000      0.00000      0.00000
      1.46000      0.00000      0.00000      0.00000
      1.47000      0.00000      0.00000      0.00000
      1.48000      0.00000      0.00000      0.00000
      1.49000      0.00000      0.00000      0.00000
      1.50000      0.00000      0.00000      0.00000
      1.51000      0.00000      0.00000      0.00000
      1.52000      0.00000      0.00000      0.00000
      1.53000      0.00000      0.00000      0.00000
      1.54000      0.00000      0.00000      0.00000
      1.55000      0.00000      0.00000      0.00000
      1.56000      0.00000      0.00000      0.00000
      1.57000      0.00000      0.00000      0.00000
      1.58000      0.00000      0.00000      0.00000
      1.59000      0.00000      0.00000      0.00000
      1.60000      0.00000      0.00000      0.00000
      1.61000      0.00000      0.00000      0.00000
      1.62000      0.00000      0.00000      0.00000
      1.63000      0.00000      0.00000      0.00000
      1.64000      0.00000      0.00000      0.00000
      1.65000      0.00000      0.00000      0.00000
      1.66000      0.00000      0.00000      0.00000
      1.67000      0.00000      0.00000      0.00000
      1.68000      0.00000      0.00000      0.00000
      1.69000      0.00000      0.00000      0.00000
      1.70000      0.00000      0.00000      0.00000
      1.71000      0.00000      0.00000      0.00000
      1.72000      0.00000      0.00000      0.00000
      1.73000      0.00000      0.00000      0.00000
      1.74000      0.00000      0.00000      0.00000
      1.75000      0.00000      0.00000      0.00000
      1.76000      0.00000      0.00000      0.00000
      1.77000      0.00000      0.00000      0.00000
      1.78000      0.00000      0.00000      0.00000
      1.79000      0.00000      0.00000      0.00000
      1.80000      0.00000      0.00000      0.00000
      1.81000      0.00000      0.00000      0.00000
      1.82000      0.00000      0.00000      0.00000
      1.83000      0.00000      0.00000      0.00000
      1.84000      0.00000      0.00000      0.00000
      1.85000      0.00000      0.00000      0.00000
      1.86000      0.00000      0.00000      0.00000
      1.87000      0.00000      0.00000      0.00000
      1.88000      0.00000      0.00000      0.00000
      1.89000      0.00000      0.00000      0.00000
      1.90000      0.00000      0.00000      0.00000
      1.91000      0.00000      0.00000      0.00000
      1.92000      0.00000      0.00000      0.00000
      1.93000      0.00000      0.00000      0.00000
      1.94000      0.00000      0.00000      0.00000
      1.95000      0.00000      0.00000      0.00000
      1.96000      0.00000      0.00000      0.00000
      1.97000      0.00000      0.00000      0.00000
      1.98000      0.00000      0.00000      0.00000
      1.99000      0.00000      0.00000      0.00000
      2.00000      0.00000      0.00000      0.00000
      2.01000      0.00000      0.00000      0.00000
      2.02000      0.00000      0.00000      0.00000
      2.03000      0.00000      0.00000      0.00000
      2.04000      0.00000      0.00000      0.00000
      2.05000      0.00000      0.00000      0.00000
      2.06000      0.00000      0.00000      0.00000
      2.07000      0.00000      0.00000      0.00000
      2.08000      0.00000      0.00000      0.00000
      2.09000      0.00000      0.00000      0.00000
      2.10000      0.00000      0.00000      0.00000
      2.11000      0.00000      0.00000      0.00000
      2.12000      0.00000      0.00000      0.00000
      2.13000      0.00000      0.00000      0.00000
      2.14000      0.00000      0.00000      0.00000
      2.15000      0.00000      0.00000      0.00000
      2.16000      0.00000      0.00000      0.00000
      2.17000      0.00000      0.00000      0.00000
      2.18000      0.00000      0.00000      0.00000
      2.19000      0.00000      0.00000      0.00000
      2.20000      0.00000      0.00000      0.00000
      2.21000      0.00000      0.00000      0.00000
      2.22000      0.00000      0.00000      0.00000
      2.23000      0.00000      0.00000      0.00000
      2.24000      0.00000      0.00000      0.00000
      2.25000      0.00000      0.00000      0.00000
      2.26000      0.00000      0.00000      0.00000
      2.27000      0.00000      0.00000      0.00000
      2.28000      0.00000      0.00000      0.00000
      2.29000      0.00000      0.00000      0.00000
      2.30000      0.00000      0.00000      0.00000
      2.31000      0.00000      0.00000      0.00000
      2.32000      0.00000      0.00000      0.00000
      2.33000      0.00000      0.00000      0.00000
      2.34000      0.00000      0.00000      0.00000
      2.35000      0.00000      0.00000      0.00000
      2.36000      0.00000      0.00000      0.00000
      2.37000      0.00000      0.00000      0.00000
      2.38000      0.00000      0.00000      0.00000
      2.39000      0.00000      0.00000      0.00000
      2.40000      0.00000      0.00000      0.00000
      2.41000      0.00000      0.00000      0.00000
      2.42000      0.00000      0.00000      0.00000
      2.43000      0.00000      0.00000      0.00000
      2.44000      0.00000      0.00000      0.00000
      2.45000      0.00000      0.00000      0.00000
      2.46000      0.00000      0.00000      0.00000
      2.47000      0.00000      0.00000      0.00000
      2.48000      0.00000      0.00000      0.00000
      2.49000      0.00000      0.00000      0.00000
      2.50000      0.00000      0.00000      0.00000
      2.51000      0.00000      0.00000      0.00000
      2.52000      0.00000      0.00000      0.00000
      2.53000      0.00000      0.00000      0.00000
      2.54000      0.00000      0.00000      0.00000
      2.55000      0.00000      0.00000      0.00000
      2.56000      0.00000      0.00000      0.00000
      2.57000      0.00000      0.00000      0.00000
      2.58000      0.00000      0.00000      0.00000
      2.59000      0.00000      0.00000      0.00000
      2.60000      0.00000      0.00000      0.00000
      2.61000      0.00000      0.00000      0.00000
      2.62000      0.00000      0.00000      0.00000
      2.63000      0.00000      0.00000      0.00000
      2.64000      0.00000      0.00000      0.00000
      2.65000      0.00000      0.00000      0.00000
      2.66000      0.00000      0.00000      0.00000
      2.67000      0.00000      0.00000      0.00000
      2.68000      0.00000      0.00000      0.00000
      2.69000      0.00000      0.00000      0.00000
      2.70000      0.00000      0.00000      0.00000
      2.71000      0.00000      0.00000      0.00000
      2.72000      0.00000      0.00000      0.00000
      2.73000      0.00000      0.00000      0.00000
      2.74000      0.00000      0.00000      0.00000
      2.75000      0.00000      0.00000      0.00000
      2.76000      0.00000      0.00000      0.00000
      2.77000      0.00000      0.00000      0.00000
      2.78000      0.00000      0.00000      0.00000
      2.79000      0.00000      0.00000      0.00000
      2.80000      0.00000      0.00000      0.00000
      2.81000      0.00000      0.00000      0.00000
      2.82000      0.00000      0.00000      0.00000
      2.83000      0.00000      0.00000      0.00000
      2.84000      0.00000      0.00000      0.00000
      2.85000      0.00000      0.00000      0.00000
      2.86000      0.00000      0.00000      0.00000
      2.87000      0.00000      0.00000      0.00000
      2.88000      0.00000      0.00000      0.00000
      2.89000      0.00000      0.00000      0.00000
      2.90000      0.00000      0.00000      0.00000
      2.91000      0.00000      0.00000      0.00000
      2.92000      0.00000      0.00000      0.00000
      2.93000      0.00000      0.00000      0.00000
      2.94000      0.00000      0.00000      0.00000
      2.95000      0.00000      0.00000      0.00000
      2.96000      0.00000      0.00000      0.00000
      2.97000      0.00000      0.00000      0.00000
      2.98000      0.00000      0.00000      0.00000
      2.99000      0.00000      0.00000      0.00000
      3.00000      0.00000      0.00000      0.00000
      3.01000      0.00000      0.00000      0.00000
      3.02000      0.00000      0.00000      0.00000
      3.03000      0.00000      0.00000      0.00000
      3.04000      0.00000      0.00000      0.00000
      3.05000      0.00000      0.00000      0.00000
      3.06000      0.00000      0.00000      0.00000
      3.07000      0.00000      0.00000      0.00000
      3.08000      0.00000      0.00000      0.00000
      3.09000      0.00000      0.00000      0.00000
      3.10000      0.00000      0.00000      0.00000
      3.11000      0.00000      0.00000      0.00000
      3.12000      0.00000      0.00000      0.00000
      3.13000      0.00000      0.00000      0.00000
      3.14000      0.00000      0.00000      0.00000
      3.15000      0.00000      0.00000      0.00000
      3.16000      0.00000      0.00000      0.00000
      3.17000      0.00000      0.00000      0.00000
      3.18000      0.00000      0.00000      0.00000
      3.19000      0.00000      0.00000      0.00000
      3.20000      0.00000      0.00000      0.00000
      3.21000      0.00000      0.00000      0.00000
      3.22000      0.00000      0.00000      0.00000
      3.23000      0.00000      0.00000      0.00000
      3.24000      0.00000      0.00000      0.00000
      3.25000      0.00000      0.00000      0.00000
      3.26000      0.00000      0.00000      0.00000
      3.27000      0.00000      0.00000      0.00000
      3.28000      0.00000      0.00000      0.00000
      3.29000      0.00000      0.00000      0.00000
      3.30000      0.00000      0.00000      0.00000
      3.31000      0.00000      0.00000      0.00000
      3.32000      0.00000      0.00000      0.00000
      3.33000      0.00000      0.00000      0.00000
      3.34000      0.00000      0.00000      0.00000
      3.35000      0.00000      0.00000      0.00000
      3.36000      0.00000      0.00000      0.00000
      3.37000      0.00000      0.00000      0.00000
      3.38000      0.00000      0.00000      0.00000
      3.39000      0.00000      0.00000      0.00000
      3.40000      0.00000      0.00000      0.00000
      3.41000      0.00000      0.00000      0.00000
      3.42000      0.00000      0.00000      0.00000
      3.43000      0.00000      0.00000      0.00000
      3.44000      0.00000      0.00000      0.00000
      3.45000      0.00000      0.00000      0.00000
      3.46000      0.00000      0.00000      0.00000
      3.47000      0.00000      0.00000      0.00000
      3.48000      0.00000      0.00000      0.00000
      3.49000      0.00000      0.00000      0.00000
      3.50000      0.00000      0.00000      0.00000
      3.51000      0.00000      0.00000      0.00000
      3.52000      0.00000      0.00000      0.00000
      3.53000      0.00000      0.00000      0.00000
      3.54000      0.00000      0.00000      0.00000
      3.55000      0.00000      0.00000      0.00000
      3.56000      0.00000      0.00000      0.00000
      3.57000      0.00000      0.00000      0.00000
      3.58000      0.00000      0.00000      0.00000
      3.59000      0.00000      0.00000      0.00000
      3.60000      0.00000      0.00000      0.00000
      3.61000      0.00000      0.00000      0.00000
      3.62000      0.00000      0.00000      0.00000
      3.63000      0.00000      0.00000      0.00000
      3.64000      0.00000      0.00000      0.00000
      3.65000      0.00000      0.00000      0.00000
      3.66000      0.00000      0.00000      0.00000
      3.67000      0.00000      0.00000      0.00000
      3.68000      0.00000      0.00000      0.00000
      3.69000      0.00000      0.00000      0.00000
      3.70000      0.00000      0.00000      0.00000
      3.71000      0.00000      0.00000      0.00000
      3.72000      0.00000      0.00000      0.00000
      3.73000      0.00000      0.00000      0.00000
      3.74000      0.00000      0.00000      0.00000
      3.75000      0.00000      0.00000      0.00000
      3.76000      0.00000      0.00000      0.00000
      3.77000      0.00000      0.00000      0.00000
      3.78000      0.00000      0.00000      0.00000
      3.79000      0.00000      0.00000      0.00000
      3.80000      0.00000      0.00000      0.00000
      3.81000      0.00000      0.00000      0.00000
      3.82000      0.00000      0.00000      0.00000
      3.83000      0.00000      0.00000      0.00000
      3.84000      0.00000      0.00000      0.00000
      3.85000      0.00000      0.00000      0.00000
      3.86000      0.00000      0.00000      0.00000
      3.87000      0.00000      0.00000      0.00000
      3.88000      0.00000      0.00000      0.00000
      3.89000      0.00000      0.00000      0.00000
      3.90000      0.00000      0.00000      0.00000
      3.91000      0.00000      0.00000      0.00000
      3.92000      0.00000      0.00000      0.00000
      3.93000      0.00000      0.00000      0.00000
      3.94000      0.00000      0.00000      0.00000
      3.95000      0.00000      0.00000      0.00000
      3.96000      0.00000      0.00000      0.00000
      3.97000      0.00000      0.00000      0.00000
      3.98000      0.00000      0.00000      0.00000
      3.99000      0.00000      0.00000      0.00000
      4.00000      0.00000      0.00000      0.00000
      4.01000      0.00000      0.00000      0.00000
      4.02000      0.00000      0.00000      0.00000
      4.03000      0.00000      0.00000      0.00000
      4.04000      0.00000      0.00000      0.00000
      4.05000      0.00000      0.00000      0.00000
      4.06000      0.00000      0.00000      0.00000
      4.07000      0.00000      0.00000      0.00000
      4.08000      0.00000      0.00000      0.00000
      4.09000      0.00000      0.00000      0.00000
      4.10000      0.00000      0.00000      0.00000
      4.11000      0.00000      0.00000      0.00000
      4.12000      0.00000      0.00000      0.00000
      4.13000      0.00000      0.00000      0.00000
      4.14000      0.00000      0.00000      0.00000
      4.15000      0.00000      0.00000      0.00000
      4.16000      0.00000      0.00000      0.00000
      4.17000      0.00000      0.00000      0.00000
      4.18000      0.00000      0.00000      0.00000
      4.19000      0.00000      0.00000      0.00000
      4.20000      0.00000      0.00000      0.00000
      4.21000      0.00000      0.00000      0.00000
      4.22000      0.00000      0.00000      0.00000
      4.23000      0.00000      0.00000      0.00000
      4.24000      0.00000      0.00000      0.00000
      4.25000      0.00000      0.00000      0.00000
      4.26000      0.00000      0.00000      0.00000
      4.27000      0.00000      0.00000      0.00000
      4.28000      0.00000      0.00000      0.00000
      4.29000      0.00000      0.00000      0.00000
      4.30000      0.00000      0.00000      0.00000
      4.31000      0.00000      0.00000      0.00000
      4.32000      0.00000      0.00000      0.00000
      4.33000      0.00000      0.00000      0.00000
      4.34000      0.00000      0.00000      0.00000
      4.35000      0.00000      0.00000      0.00000
      4.36000      0.00000      0.00000      0.00000
      4.37000      0.00000      0.00000      0.00000
      4.38000      0.00000      0.00000      0.00000
      4.39000      0.00000      0.00000      0.00000
      4.40000      0.00000      0.00000      0.00000
      4.41000      0.00000      0.00000      0.00000
      4.42000      0.00000      0.00000      0.00000
      4.43000      0.00000      0.00000      0.00000
      4.44000      0.00000      0.00000      0.00000
      4.45000      0.00000      0.00000      0.00000
      4.46000      0.00000      0.00000      0.00000
      4.47000      0.00000      0.00000      0.00000
      4.48000      0.00000      0.00000      0.00000
      4.49000      0.00000      0.00000      0.00000
      4.50000      0.00000      0.00000      0.00000
      4.51000      0.00000      0.00000      0.00000
      4.52000      0.00000      0.00000      0.00000
      4.53000      0.00000      0.00000      0.00000
      4.54000      0.00000      0.00000      0.00000
      4.55000      0.00000      0.00000      0.00000
      4.56000      0.00000      0.00000      0.00000
      4.57000      0.00000      0.00000      0.00000
      4.58000      0.00000      0.00000      0.00000
      4.59000      0.00000      0.00000      0.00000
      4.60000      0.00000      0.00000      0.00000
      4.61000      0.00000      0.00000      0.00000
      4.62000      0.00000      0.00000      0.00000
      4.63000      0.00000      0.00000      0.00000
      4.64000      0.00000      0.00000      0.00000
      4.65000      0.00000      0.00000      0.00000
      4.66000      0.00000      0.00000      0.00000
      4.67000      0.00000      0.00000      0.00000
      4.68000      0.00000      0.00000      0.00000
      4.69000      0.00000      0.00000      0.00000
      4.70000      0.00000      0.00000      0.00000
      4.71000      0.00000      0.00000      0.00000
      4.72000      0.00000      0.00000      0.00000
      4.73000      0.00000      0.00000      0.00000
      4.74000      0.00000      0.00000      0.00000
      4.75000      0.00000      0.00000      0.00000
      4.76000      0.00000      0.00000      0.00000
      4.77000      0.00000      0.00000      0.00000
      4.78000      0.00000      0.00000      0.00000
      4.79000      0.00000      0.00000      0.00000
      4.80000      0.00000      0.00000      0.00000
      4.81000      0.00000      0.00000      0.00000
      4.82000      0.00000      0.00000      0.00000
      4.83000      0.00000      0.00000      0.00000
      4.84000      0.00000      0.00000      0.00000
      4.85000      0.00000      0.00000      0.00000
      4.86000      0.00000      0.00000      0.00000
      4.87000      0.00000      0.00000      0.00000
      4.88000      0.00000      0.00000      0.00000
      4.89000      0.00000      0.00000      0.00000
      4.90000      0.00000      0.00000      0.00000
      4.91000      0.00000      0.00000      0.00000
      4.92000      0.00000      0.00000      0.00000
      4.93000      0.00000      0.00000      0.00000
      4.94000      0.00000      0.00000      0.00000
      4.95000      0.00000      0.00000      0.00000
      4.96000      0.00000      0.00000      0.00000
      4.97000      0.00000      0.00000      0.00000
      4.98000      0.00000      0.00000      0.00000
      4.99000      0.00000      0.00000      0.00000
      5.00000      0.00000      0.00000      0.00000
      5.01000      0.00000      0.00000      0.00000
      5.02000      0.00000      0.00000      0.00000
      5.03000      0.00000      0.00000      0.00000
      5.04000      0.00000      0.00000      0.00000
      5.05000      0.00000      0.00000      0.00000
      5.06000      0.00000      0.00000      0.00000
      5.07000      0.00000      0.00000      0.00000
      5.08000      0.00000      0.00000      0.00000
      5.09000      0.00000      0.00000      0.00000
      5.10000      0.00000      0.00000      0.00000
      5.11000      0.00000      0.00000      0.00000
      5.12000      0.00000      0.00000      0.00000
      5.13000      0.00000      0.00000      0.00000
      5.14000      0.00000      0.00000      0.00000
      5.15000      0.00000      0.00000      0.00000
      5.16000      0.00000      0.00000      0.00000
      5.17000      0.00000      0.00000      0.00000
      5.18000      0.00000      0.00000      0.00000
      5.19000      0.00000      0.00000      0.00000
      5.20000      0.00000      0.00000      0.00000
      5.21000      0.00000      0.00000      0.00000
      5.22000      0.00000      0.00000      0.00000
      5.23000      0.00000      0.00000      0.00000
      5.24000      0.00000      0.00000      0.00000
      5.25000      0.00000      0.00000      0.00000
      5.26000      0.00000      0.00000      0.00000
      5.27000      0.00000      0.00000      0.00000
      5.28000      0.00000      0.00000      0.00000
      5.29000      0.00000      0.00000      0.00000
      5.30000      0.00000      0.00000      0.00000
      5.31000      0.00000      0.00000      0.00000
      5.32000      0.00000      0.00000      0.00000
      5.33000      0.00000      0.00000      0.00000
      5.34000      0.00000      0.00000      0.00000
      5.35000      0.00000      0.00000      0.00000
      5.36000      0.00000      0.00000      0.00000
      5.37000      0.00000      0.00000      0.00000
      5.38000      0.00000      0.00000      0.00000
      5.39000      0.00000      0.00000      0.00000
      5.40000      0.00000      0.00000      0.00000
      5.41000      0.00000      0.00000      0.00000
      5.42000      0.00000      0.00000      0.00000
      5.43000      0.00000      0.00000      0.00000
      5.44000      0.00000      0.00000      0.00000
      5.45000      0.00000      0.00000      0.00000
      5.46000      0.00000      0.00000      0.00000
      5.47000      0.00000      0.00000      0.00000
      5.48000      0.00000      0.00000      0.00000
      5.49000      0.00000      0.00000      0.00000
      5.50000      0.00000      0.00000      0.00000
      5.51000      0.00000      0.00000      0.00000
      5.52000      0.00000      0.00000      0.00000
      5.53000      0.00000      0.00000      0.00000
      5.54000      0.00000      0.00000      0.00000
      5.55000      0.00000      0.00000      0.00000
      5.56000      0.00000      0.00000      0.00000
      5.57000      0.00000      0.00000      0.00000
      5.58000      0.00000      0.00000      0.00000
      5.59000      0.00000      0.00000      0.00000
      5.60000      0.00000      0.00000      0.00000
      5.61000      0.00000      0.00000      0.00000
      5.62000      0.00000      0.00000      0.00000
      5.63000      0.00000      0.00000      0.00000
      5.64000      0.00000      0.00000      0.00000
      5.65000      0.00000      0.00000      0.00000
      5.66000      0.00000      0.00000      0.00000
      5.67000      0.00000      0.00000      0.00000
      5.68000      0.00000      0.00000      0.00000
      5.69000      0.00000      0.00000      0.00000
      5.70000      0.00000      0.00000      0.00000
      5.71000      0.00000      0.00000      0.00000
      5.72000      0.00000      0.00000      0.00000
      5.73000      0.00000      0.00000      0.00000
      5.74000      0.00000      0.00000      0.00000
      5.75000      0.00000      0.00000      0.00000
      5.76000      0.00000      0.00000      0.00000
      5.77000      0.00000      0.00000      0.00000
      5.78000      0.00000      0.00000      0.00000
      5.79000      0.00000      0.00000      0.00000
      5.80000      0.00000      0.00000      0.00000
      5.81000      0.00000      0.00000      0.00000
      5.82000      0.00000      0.00000      0.00000
      5.83000      0.00000      0.00000      0.00000
      5.84000      0.00000      0.00000      0.00000
      5.85000      0.00000      0.00000      0.00000
      5.86000      0.00000      0.00000      0.00000
      5.87000      0.00000      0.00000      0.00000
      5.88000      0.00000      0.00000      0.00000
      5.89000      0.00000      0.00000      0.00000
      5.90000      0.00000      0.00000      0.00000
      5.91000      0.00000      0.00000      0.00000
      5.92000      0.00000      0.00000      0.00000
      5.93000      0.00000      0.00000      0.00000
      5.94000      0.00000      0.00000      0.00000
      5.95000      0.00000      0.00000      0.00000
      5.96000      0.00000      0.00000      0.00000
      5.97000      0.00000      0.00000      0.00000
      5.98000      0.00000      0.00000      0.00000
      5.99000      0.00000      0.00000      0.00000
      6.00000      0.00000      0.00000      0.00000
      6.01000      0.00000      0.00000      0.00000
      6.02000      0.00000      0.00000      0.00000
      6.03000      0.00000      0.00000      0.00000
      6.04000      0.00000      0.00000      0.00000
      6.05000      0.00000      0.00000      0.00000
      6.06000      0.00000      0.00000      0.00000
      6.07000      0.00000      0.00000      0.00000
      6.08000      0.00000      0.00000      0.00000
      6.09000      0.00000      0.00000      0.00000
      6.10000      0.00000      0.00000      0.00000
      6.11000      0.00000      0.00000      0.00000
      6.12000      0.00000      0.00000      0.00000
      6.13000      0.00000      0.00000      0.00000
      6.14000      0.00000      0.00000      0.00000
      6.15000      0.00000      0.00000      0.00000
      6.16000      0.00000      0.00000      0.00000
      6.17000      0.00000      0.00000      0.00000
      6.18000      0.00000      0.00000      0.00000
      6.19000      0.00000      0.00000      0.00000
      6.20000      0.00000      0.00000      0.00000
      6.21000      0.00000      0.00000      0.00000
      6.22000      0.00000      0.00000      0.00000
      6.23000      0.00000      0.00000      0.00000
      6.24000      0.00000      0.00000      0.00000
      6.25000      0.00000      0.00000      0.00000
      6.26000      0.00000      0.00000      0.00000
      6.27000      0.00000      0.00000      0.00000
      6.28000      0.00000      0.00000      0.00000
      6.29000      0.00000      0.00000      0.00000
      6.30000      0.00000      0.00000      0.00000
      6.31000      0.00000      0.00000      0.00000
      6.32000      0.00000      0.00000      0.00000
      6.33000      0.00000      0.00000      0.00000
      6.34000      0.00000      0.00000      0.00000
      6.35000      0.00000      0.00000      0.00000
      6.36000      0.00000      0.00000      0.00000
      6.37000      0.00000      0.00000      0.00000
      6.38000      0.00000      0.00000      0.00000
      6.39000      0.00000      0.00000      0.00000
      6.40000      0.00000      0.00000      0.00000
      6.41000      0.00000      0.00000      0.00000
      6.42000      0.00000      0.00000      0.00000
      6.43000      0.00000      0.00000      0.00000
      6.44000      0.00000      0.00000      0.00000
      6.45000      0.00000      0.00000      0.00000
      6.46000      0.00000      0.00000      0.00000
      6.47000      0.00000      0.00000      0.00000
      6.48000      0.00000      0.00000      0.00000
      6.49000      0.00000      0.00000      0.00000
      6.50000      0.00000      0.00000      0.00000
      6.51000      0.00000      0.00000      0.00000
      6.52000      0.00000      0.00000      0.00000
      6.53000      0.00000      0.00000      0.00000
      6.54000      0.00000      0.00000      0.00000
      6.55000      0.00000      0.00000      0.00000
      6.56000      0.00000      0.00000      0.00000
      6.57000      0.00000      0.00000      0.00000
      6.58000      0.00000      0.00000      0.00000
      6.59000      0.00000      0.00000      0.00000
      6.60000      0.00000      0.00000      0.00000
      6.61000      0.00000      0.00000      0.00000
      6.62000      0.00000      0.00000      0.00000
      6.63000      0.00000      0.00000      0.00000
      6.64000      0.00000      0.00000      0.00000
      6.65000      0.00000      0.00000      0.00000
      6.66000      0.00000      0.00000      0.00000
      6.67000      0.00000      0.00000      0.00000
      6.68000      0.00000      0.00000      0.00000
      6.69000      0.00000      0.00000      0.00000
      6.70000      0.00000      0.00000      0.00000
      6.71000      0.00000      0.00000      0.00000
      6.72000      0.00000      0.00000      0.00000
      6.73000      0.00000      0.00000      0.00000
      6.74000      0.00000      0.00000      0.00000
      6.75000      0.00000      0.00000      0.00000
      6.76000      0.00000      0.00000      0.00000
      6.77000      0.00000      0.00000      0.00000
      6.78000      0.00000      0.00000      0.00000
      6.79000      0.00000      0.00000      0.00000
      6.80000      0.00000      0.00000      0.00000
      6.81000      0.00000      0.00000      0.00000
      6.82000      0.00000      0.00000      0.00000
      6.83000      0.00000      0.00000      0.00000
      6.84000      0.00000      0.00000      0.00000
      6.85000      0.00000      0.00000      0.00000
      6.86000      0.00000      0.00000      0.00000
      6.87000      0.00000      0.00000      0.00000
      6.88000      0.00000      0.00000      0.00000
      6.89000      0.00000      0.00000      0.00000
      6.90000      0.00000      0.00000      0.00000
      6.91000      0.00000      0.00000      0.00000
      6.92000      0.00000      0.00000      0.00000
      6.93000      0.00000      0.00000      0.00000
      6.94000      0.00000      0.00000      0.00000
      6.95000      0.00000      0.00000      0.00000
      6.96000      0.00000      0.00000      0.00000
      6.97000      0.00000      0.00000      0.00000
      6.98000      0.00000      0.00000      0.00000
      6.99000      0.00000      0.00000      0.00000
      7.00000      0.00000      0.00000      0.00000
      7.01000      0.00000      0.00000      0.00000
      7.02000      0.00000      0.00000      0.00000
      7.03000      0.00000      0.00000      0.00000
      7.04000      0.00000      0.00000      0.00000
      7.05000      0.00000      0.00000      0.00000
      7.06000      0.00000      0.00000      0.00000
      7.07000      0.00000      0.00000      0.00000
      7.08000      0.00000      0.00000      0.00000
      7.09000      0.00000      0.00000      0.00000
      7.10000      0.00000      0.00000      0.00000
      7.11000      0.00000      0.00000      0.00000
      7.12000      0.00000      0.00000      0.00000
      7.13000      0.00000      0.00000      0.00000
      7.14000      0.00000      0.00000      0.00000
      7.15000      0.00000      0.00000      0.00000
      7.16000      0.00000      0.00000      0.00000
      7.17000      0.00000      0.00000      0.00000
      7.18000      0.00000      0.00000      0.00000
      7.19000      0.00000      0.00000      0.00000
      7.20000      0.00000      0.00000      0.00000
      7.21000      0.00000      0.00000      0.00000
      7.22000      0.00000      0.00000      0.00000
      7.23000      0.00000      0.00000      0.00000
      7.24000      0.00000      0.00000      0.00000
      7.25000      0.00000      0.00000      0.00000
      7.26000      0.00000      0.00000      0.00000
      7.27000      0.00000      0.00000      0.00000
      7.28000      0.00000      0.00000      0.00000
      7.29000      0.00000      0.00000      0.00000
      7.30000      0.00000      0.00000      0.00000
      7.31000      0.00000      0.00000      0.00000
      7.32000      0.00000      0.00000      0.00000
      7.33000      0.00000      0.00000      0.00000
      7.34000      0.00000      0.00000      0.00000
      7.35000      0.00000      0.00000      0.00000
      7.36000      0.00000      0.00000      0.00000
      7.37000      0.00000      0.00000      0.00000
      7.38000      0.00000      0.00000      0.00000
      7.39000      0.00000      0.00000      0.00000
      7.40000      0.00000      0.00000      0.00000
      7.41000      0.00000      0.00000      0.00000
      7.42000      0.00000      0.00000      0.00000
      7.43000      0.00000      0.00000      0.00000
      7.44000      0.00000      0.00000      0.00000
      7.45000      0.00000      0.00000      0.00000
      7.46000      0.00000      0.00000      0.00000
      7.47000      0.00000      0.00000      0.00000
      7.48000      0.00000      0.00000      0.00000
      7.49000      0.00000      0.00000      0.00000
      7.50000      0.00000      0.00000      0.00000
      7.51000      0.00000      0.00000      0.00000
      7.52000      0.00000      0.00000      0.00000
      7.53000      0.00000      0.00000      0.00000
      7.54000      0.00000      0.00000      0.00000
      7.55000      0.00004      0.00004      0.00000
      7.56000      0.00145      0.00130      0.00016
      7.57000      0.01941      0.01730      0.00211
      7.58000      0.10263      0.09144      0.01119
      7.59000      0.23617      0.21027      0.02590
      7.60000      0.29704      0.26400      0.03304
      7.61000      0.32939      0.29182      0.03757
      7.62000      0.40849      0.36094      0.04756
      7.63000      0.42426      0.37399      0.05027
      7.64000      0.38115      0.33480      0.04635
      7.65000      0.39320      0.34423      0.04897
      7.66000      0.38001      0.33184      0.04817
      7.67000      0.28600      0.24889      0.03711
      7.68000      0.30919      0.26766      0.04153
      7.69000      0.58906      0.50930      0.07976
      7.70000      0.75438      0.65117      0.10320
      7.71000      0.59288      0.50920      0.08368
      7.72000      0.40811      0.34696      0.06115
      7.73000      0.47343      0.39362      0.07981
      7.74000      0.93382      0.75966      0.17417
      7.75000      1.27564      1.01753      0.25812
      7.76000      1.30108      1.01831      0.28278
      7.77000      1.69682      1.32974      0.36708
      7.78000      2.24390      1.77042      0.47348
      7.79000      2.28170      1.81145      0.47025
      7.80000      2.08104      1.66193      0.41911
      7.81000      1.77902      1.42019      0.35883
      7.82000      1.27962      1.01358      0.26605
      7.83000      1.02942      0.80222      0.22721
      7.84000      1.11241      0.86129      0.25112
      7.85000      1.09440      0.85169      0.24271
      7.86000      1.11730      0.87596      0.24134
      7.87000      1.12509      0.88659      0.23850
      7.88000      0.89032      0.70143      0.18889
      7.89000      0.67990      0.53292      0.14697
      7.90000      0.66390      0.51912      0.14478
      7.91000      0.74375      0.58074      0.16302
      7.92000      0.87336      0.67407      0.19930
      7.93000      1.04127      0.79956      0.24171
      7.94000      1.12689      0.87088      0.25602
      7.95000      0.99469      0.77846      0.21623
      7.96000      0.80030      0.63667      0.16363
      7.97000      0.72570      0.57369      0.15200
      7.98000      0.59080      0.45427      0.13652
      7.99000      0.50923      0.38550      0.12373
      8.00000      0.48643      0.37287      0.11356
      8.01000      0.40412      0.31538      0.08874
      8.02000      0.45084      0.34819      0.10265
      8.03000      0.80854      0.61144      0.19710
      8.04000      1.20796      0.91308      0.29488
      8.05000      1.10812      0.84265      0.26547
      8.06000      0.60285      0.46307      0.13978
      8.07000      0.27326      0.21351      0.05975
      8.08000      0.20328      0.15764      0.04564
      8.09000      0.39753      0.30177      0.09576
      8.10000      0.69014      0.52099      0.16915
      8.11000      0.72791      0.55047      0.17744
      8.12000      0.50464      0.38610      0.11854
      8.13000      0.33366      0.25958      0.07407
      8.14000      0.40724      0.31751      0.08972
      8.15000      0.61029      0.46971      0.14058
      8.16000      0.96046      0.72149      0.23897
      8.17000      1.17951      0.87340      0.30611
      8.18000      0.91857      0.68235      0.23622
      8.19000      0.46740      0.35257      0.11483
      8.20000      0.15638      0.11942      0.03696
      8.21000      0.04546      0.03466      0.01080
      8.22000      0.15173      0.11435      0.03738
      8.23000      0.50551      0.37854      0.12697
      8.24000      0.74462      0.55275      0.19186
      8.25000      0.55790      0.41217      0.14573
      8.26000      0.39598      0.29815      0.09784
      8.27000      0.41387      0.31597      0.09790
      8.28000      0.30907      0.23524      0.07384
      8.29000      0.24793      0.18559      0.06233
      8.30000      0.45754      0.33679      0.12075
      8.31000      0.90693      0.65971      0.24722
      8.32000      1.00115      0.72363      0.27751
      8.33000      0.55148      0.40054      0.15093
      8.34000      0.28208      0.21066      0.07143
      8.35000      0.30816      0.23286      0.07561
      8.36000      0.42552      0.32724      0.10171
      8.37000      0.48173      0.38977      0.10622
      8.38000      0.53980      0.44412      0.11748
      8.39000      0.62834      0.48357      0.15703
      8.40000      0.59749      0.43629      0.16374
      8.41000      0.37828      0.27400      0.10447
      8.42000      0.16275      0.11916      0.04359
      8.43000      0.15449      0.11425      0.04025
      8.44000      0.28870      0.21378      0.07492
      8.45000      0.34141      0.25167      0.08973
      8.46000      0.45425      0.33014      0.12411
      8.47000      0.73529      0.52590      0.20939
      8.48000      0.92599      0.65749      0.26850
      8.49000      0.66917      0.47848      0.19068
      8.50000      0.35241      0.25788      0.09453
      8.51000      0.26258      0.19475      0.06783
      8.52000      0.19896      0.14655      0.05242
      8.53000      0.17832      0.12976      0.04870
      8.54000      0.21243      0.15880      0.05614
      8.55000      0.40813      0.32969      0.09748
      8.56000      0.75199      0.65630      0.16086
      8.57000      0.88062      0.84533      0.15656
      8.58000      0.78504      0.84387      0.09977
      8.59000      0.80167      0.92876      0.07427
      8.60000      0.90075      1.07713      0.07201
      8.61000      0.82653      0.95878      0.07860
      8.62000      0.78366      0.84330      0.10151
      8.63000      0.84491      0.85052      0.13531
      8.64000      0.89267      0.80310      0.18635
      8.65000      1.09328      0.89056      0.26983
      8.66000      1.18502      1.00036      0.27393
      8.67000      0.68376      0.62861      0.13278
      8.68000      0.17303      0.17292      0.02685
      8.69000      0.02758      0.03006      0.00306
      8.70000      0.11047      0.12256      0.01113
      8.71000      0.48547      0.53058      0.05244
      8.72000      0.89819      0.96650      0.10304
      8.73000      0.88816      0.93338      0.11166
      8.74000      0.80664      0.81330      0.11917
      8.75000      0.84562      0.82965      0.13485
      8.76000      0.80936      0.77404      0.13593
      8.77000      0.73068      0.70181      0.12108
      8.78000      0.64634      0.69075      0.07489
      8.79000      0.62553      0.70920      0.05344
      8.80000      0.58983      0.64589      0.06089
      8.81000      0.52580      0.50267      0.09024
      8.82000      0.57386      0.48988      0.12844
      8.83000      0.75186      0.63433      0.17368
      8.84000      0.91686      0.76997      0.21325
      8.85000      0.82948      0.74213      0.16677
      8.86000      0.71171      0.71220      0.10244
      8.87000      0.66051      0.66625      0.09240
      8.88000      0.58620      0.54925      0.10346
      8.89000      0.53187      0.50478      0.09021
      8.90000      0.57799      0.55984      0.09129
      8.91000      0.72708      0.70669      0.11330
      8.92000      0.83302      0.84412      0.11306
      8.93000      0.84128      0.82602      0.13031
      8.94000      0.59871      0.53572      0.12157
      8.95000      0.23799      0.19406      0.05859
      8.96000      0.15763      0.11238      0.04686
      8.97000      0.27112      0.18912      0.08233
      8.98000      0.29465      0.21240      0.08592
      8.99000      0.36852      0.29608      0.09220
      9.00000      0.48939      0.42747      0.10499
      9.01000      0.54106      0.49226      0.10620
      9.02000      0.79701      0.72226      0.15810
      9.03000      1.05355      0.92672      0.22356
      9.04000      0.90818      0.80484      0.18822
      9.05000      0.61463      0.57383      0.10982
      9.06000      0.37895      0.36713      0.05985
      9.07000      0.30768      0.30146      0.04750
      9.08000      0.37983      0.38436      0.05230
      9.09000      0.41957      0.41895      0.06034
      9.10000      0.48281      0.43961      0.09281
      9.11000      0.51500      0.44782      0.11165
      9.12000      0.44245      0.35748      0.11166
      9.13000      0.41472      0.29485      0.12663
      9.14000      0.37207      0.25645      0.11746
      9.15000      0.31176      0.23618      0.08616
      9.16000      0.38270      0.34654      0.07404
      9.17000      0.53012      0.51094      0.08598
      9.18000      0.66811      0.63652      0.11315
      9.19000      0.78216      0.74468      0.13288
      9.20000      0.79047      0.73814      0.14296
      9.21000      0.76316      0.63015      0.18470
      9.22000      0.80770      0.57781      0.24607
      9.23000      0.64748      0.46278      0.19846
      9.24000      0.35785      0.31439      0.07754
      9.25000      0.20218      0.23195      0.01354
      9.26000      0.17802      0.21541      0.00526
      9.27000      0.22902      0.23293      0.03112
      9.28000      0.33395      0.25915      0.09019
      9.29000      0.40945      0.30723      0.11655
      9.30000      0.40002      0.35480      0.08418
      9.31000      0.49372      0.49394      0.07403
      9.32000      0.72654      0.69881      0.12432
      9.33000      0.80745      0.70512      0.17666
      9.34000      0.55060      0.43113      0.14716
      9.35000      0.24975      0.18828      0.07053
      9.36000      0.23871      0.21182      0.04970
      9.37000      0.34873      0.33098      0.06042
      9.38000      0.39666      0.35257      0.08213
      9.39000      0.39113      0.30310      0.10645
      9.40000      0.32673      0.22673      0.10456
      9.41000      0.40980      0.27340      0.13806
      9.42000      0.59977      0.41672      0.19264
      9.43000      0.62154      0.47789      0.17332
      9.44000      0.50320      0.42340      0.11950
      9.45000      0.49055      0.41450      0.11551
      9.46000      0.47707      0.40878      0.10931
      9.47000      0.34804      0.28431      0.08727
      9.48000      0.35339      0.26667      0.10077
      9.49000      0.45016      0.36909      0.11288
      9.50000      0.47099      0.41450      0.10275
      9.51000      0.51028      0.45001      0.11011
      9.52000      0.54240      0.49973      0.10463
      9.53000      0.48078      0.49644      0.06253
      9.54000      0.51372      0.53921      0.06220
      9.55000      0.54749      0.52131      0.09700
      9.56000      0.44139      0.39817      0.09040
      9.57000      0.43341      0.37773      0.09582
      9.58000      0.38609      0.30546      0.10314
      9.59000      0.28889      0.20419      0.09142
      9.60000      0.41765      0.30308      0.12816
      9.61000      0.71474      0.56200      0.19528
      9.62000      0.80101      0.66823      0.19816
      9.63000      0.57601      0.50052      0.13185
      9.64000      0.31447      0.28371      0.06626
      9.65000      0.21971      0.19282      0.04935
      9.66000      0.21269      0.16517      0.05957
      9.67000      0.27379      0.22446      0.07013
      9.68000      0.43815      0.38731      0.09664
      9.69000      0.53786      0.49249      0.10819
      9.70000      0.64525      0.63173      0.10612
      9.71000      0.79809      0.80393      0.11943
      9.72000      0.68152      0.65783      0.11845
      9.73000      0.38094      0.31752      0.09424
      9.74000      0.25413      0.17437      0.08365
      9.75000      0.27148      0.17734      0.09436
      9.76000      0.36199      0.23736      0.12547
      9.77000      0.44821      0.30955      0.14670
      9.78000      0.54677      0.41947      0.15607
      9.79000      0.70395      0.54243      0.20015
      9.80000      0.76617      0.55880      0.23544
      9.81000      0.62341      0.51679      0.15555
      9.82000      0.46757      0.50590      0.04842
      9.83000      0.32572      0.39733      0.00738
      9.84000      0.24183      0.28051      0.01100
      9.85000      0.44272      0.44594      0.05469
      9.86000      0.83101      0.81356      0.11720
      9.87000      0.86769      0.84676      0.11950
      9.88000      0.68297      0.67523      0.08499
      9.89000      0.69120      0.66494      0.09923
      9.90000      0.81507      0.72117      0.15107
      9.91000      0.82391      0.70124      0.16565
      9.92000      0.64336      0.58746      0.10509
      9.93000      0.58142      0.59343      0.06046
      9.94000      0.65957      0.68078      0.06583
      9.95000      0.81165      0.81999      0.08893
      9.96000      0.86995      0.83253      0.12128
      9.97000      0.81169      0.75136      0.12959
      9.98000      0.85083      0.76411      0.15302
      9.99000      0.79228      0.68368      0.16167
     10.00000      0.74993      0.68398      0.12932
     10.01000      0.85396      0.82546      0.11363
     10.02000      0.86855      0.81714      0.12542
     10.03000      0.72308      0.66437      0.11318
     10.04000      0.72871      0.68078      0.11017
     10.05000      0.81141      0.72876      0.13947
     10.06000      0.70860      0.60260      0.13918
     10.07000      0.57212      0.46802      0.12625
     10.08000      0.57777      0.53548      0.08566
     10.09000      0.74141      0.78053      0.04350
     10.10000      0.87839      0.91316      0.07096
     10.11000      0.89354      0.89469      0.11007
     10.12000      0.75755      0.71194      0.11788
     10.13000      0.72180      0.62841      0.13102
     10.14000      0.81572      0.73927      0.13223
     10.15000      1.04340      1.00652      0.15218
     10.16000      1.07369      1.03552      0.16280
     10.17000      0.82482      0.76287      0.13320
     10.18000      0.83294      0.79030      0.10563
     10.19000      0.89076      0.88563      0.08333
     10.20000      0.76501      0.77157      0.06970
     10.21000      0.60084      0.58327      0.07285
     10.22000      0.65370      0.55895      0.12257
     10.23000      0.78198      0.65347      0.15170
     10.24000      0.70937      0.63833      0.11115
     10.25000      0.71087      0.68392      0.09314
     10.26000      0.76721      0.73642      0.10413
     10.27000      0.74913      0.70530      0.09744
     10.28000      0.84858      0.76932      0.11852
     10.29000      1.03322      0.94426      0.15934
     10.30000      1.30857      1.21233      0.21755
     10.31000      1.48550      1.35647      0.26211
     10.32000      1.30780      1.20942      0.21790
     10.33000      0.87128      0.85474      0.10258
     10.34000      0.52445      0.54474      0.02360
     10.35000      0.39877      0.39973      0.01563
     10.36000      0.40556      0.34880      0.06236
     10.37000      0.59737      0.47919      0.12365
     10.38000      0.86249      0.73477      0.14376
     10.39000      0.98437      0.88719      0.12651
     10.40000      0.87246      0.79760      0.10737
     10.41000      0.86302      0.77827      0.13399
     10.42000      0.92356      0.84187      0.15286
     10.43000      0.91582      0.84496      0.13315
     10.44000      0.99070      0.88373      0.14794
     10.45000      1.08325      0.93964      0.18640
     10.46000      0.82231      0.72801      0.13735
     10.47000      0.66982      0.63343      0.08369
     10.48000      0.79017      0.74287      0.11274
     10.49000      0.92193      0.85303      0.13862
     10.50000      1.21318      1.11341      0.16667
     10.51000      1.32585      1.18423      0.19887
     10.52000      1.14626      0.98319      0.20418
     10.53000      0.95567      0.83543      0.16915
     10.54000      0.81871      0.78138      0.10925
     10.55000      1.02615      1.02279      0.11400
     10.56000      1.38338      1.30251      0.19634
     10.57000      1.37900      1.19699      0.25471
     10.58000      0.94210      0.82498      0.17232
     10.59000      0.58844      0.54577      0.07970
     10.60000      0.75033      0.64542      0.11871
     10.61000      1.09582      0.90745      0.20281
     10.62000      1.18836      0.99772      0.21099
     10.63000      1.08175      0.90688      0.18927
     10.64000      0.97917      0.83185      0.17383
     10.65000      1.05185      0.95307      0.17067
     10.66000      1.30772      1.17294      0.22740
     10.67000      1.43150      1.25545      0.26343
     10.68000      1.37475      1.22497      0.23995
     10.69000      1.27912      1.09701      0.25024
     10.70000      1.26803      1.05285      0.26887
     10.71000      1.33076      1.12989      0.24568
     10.72000      1.23266      1.03998      0.21326
     10.73000      1.26036      1.03552      0.24350
     10.74000      1.56663      1.28084      0.32952
     10.75000      1.57310      1.30649      0.32467
     10.76000      1.39116      1.14586      0.28222
     10.77000      1.41187      1.12855      0.30212
     10.78000      1.58477      1.28819      0.33656
     10.79000      2.08140      1.72327      0.43510
     10.80000      2.66773      2.22606      0.54458
     10.81000      3.10270      2.61249      0.62421
     10.82000      3.27439      2.71300      0.68489
     10.83000      2.88536      2.28738      0.65061
     10.84000      2.39116      1.83466      0.56991
     10.85000      2.20574      1.71876      0.51752
     10.86000      1.81718      1.52628      0.38065
     10.87000      1.12855      1.11183      0.16661
     10.88000      0.64185      0.76704      0.03610
     10.89000      0.32288      0.41988      0.00342
     10.90000      0.11131      0.14714      0.00013
     10.91000      0.10239      0.13525      0.00000
     10.92000      0.13770      0.18182      0.00000
     10.93000      0.07593      0.10026      0.00000
     10.94000      0.01765      0.02336      0.00000
     10.95000      0.02837      0.03806      0.00000
     10.96000      0.14574      0.19527      0.00000
     10.97000      0.33814      0.45205      0.00000
     10.98000      0.34682      0.46285      0.00000
     10.99000      0.15985      0.21295      0.00000
     11.00000      0.07774      0.10231      0.00000
     11.01000      0.12953      0.16935      0.00000
     11.02000      0.13387      0.17553      0.00000
     11.03000      0.14885      0.19804      0.00000
     11.04000      0.31262      0.41696      0.00000
     11.05000      0.39200      0.52116      0.00000
     11.06000      0.27832      0.37023      0.00000
     11.07000      0.20035      0.26813      0.00000
     11.08000      0.18153      0.24311      0.00000
     11.09000      0.19545      0.26080      0.00000
     11.10000      0.19571      0.25978      0.00000
     11.11000      0.14457      0.19120      0.00000
     11.12000      0.05406      0.07143      0.00000
     11.13000      0.01756      0.02341      0.00000
     11.14000      0.06635      0.08903      0.00000
     11.15000      0.19172      0.25678      0.00000
     11.16000      0.27165      0.36245      0.00000
     11.17000      0.25124      0.33310      0.00000
     11.18000      0.25962      0.34233      0.00000
     11.19000      0.34402      0.45368      0.00000
     11.20000      0.37845      0.49946      0.00000
     11.21000      0.32209      0.42518      0.00000
     11.22000      0.30515      0.40523      0.00000
     11.23000      0.30230      0.40412      0.00000
     11.24000      0.21004      0.28093      0.00000
     11.25000      0.14545      0.19288      0.00000
     11.26000      0.14488      0.19105      0.00000
     11.27000      0.07834      0.10322      0.00000
     11.28000      0.01663      0.02192      0.00000
     11.29000      0.01019      0.01356      0.00000
     11.30000      0.07359      0.09795      0.00000
     11.31000      0.23941      0.31853      0.00000
     11.32000      0.34680      0.46155      0.00000
     11.33000      0.30184      0.40206      0.00000
     11.34000      0.23097      0.30736      0.00000
     11.35000      0.13957      0.18540      0.00000
     11.36000      0.05212      0.06920      0.00000
     11.37000      0.06423      0.08535      0.00000
     11.38000      0.13576      0.18043      0.00000
     11.39000      0.14066      0.18704      0.00000
     11.40000      0.14072      0.18737      0.00000
     11.41000      0.15075      0.20070      0.00000
     11.42000      0.17617      0.23366      0.00000
     11.43000      0.38453      0.50920      0.00000
     11.44000      0.50574      0.66991      0.00000
     11.45000      0.39176      0.51893      0.00000
     11.46000      0.31430      0.41635      0.00000
     11.47000      0.21793      0.28884      0.00000
     11.48000      0.10960      0.14527      0.00000
     11.49000      0.04746      0.06289      0.00000
     11.50000      0.07510      0.09948      0.00000
     11.51000      0.17169      0.22738      0.00000
     11.52000      0.21599      0.28590      0.00000
     11.53000      0.15842      0.20959      0.00000
     11.54000      0.05763      0.07623      0.00000
     11.55000      0.01066      0.01409      0.00000
     11.56000      0.03229      0.04258      0.00000
     11.57000      0.19169      0.25286      0.00000
     11.58000      0.49858      0.65800      0.00000
     11.59000      0.69109      0.91246      0.00000
     11.60000      0.61775      0.81553      0.00000
     11.61000      0.31585      0.41682      0.00000
     11.62000      0.07465      0.09849      0.00000
     11.63000      0.01476      0.01949      0.00000
     11.64000      0.05533      0.07314      0.00000
     11.65000      0.17431      0.23015      0.00000
     11.66000      0.31702      0.41765      0.00000
     11.67000      0.38774      0.50993      0.00000
     11.68000      0.29502      0.38781      0.00000
     11.69000      0.15299      0.20130      0.00000
     11.70000      0.12720      0.16791      0.00000
     11.71000      0.14088      0.18615      0.00000
     11.72000      0.09690      0.12792      0.00000
     11.73000      0.14276      0.18775      0.00000
     11.74000      0.28555      0.37415      0.00000
     11.75000      0.34507      0.45093      0.00000
     11.76000      0.24000      0.31307      0.00000
     11.77000      0.17713      0.23021      0.00000
     11.78000      0.22795      0.29724      0.00000
     11.79000      0.37077      0.48696      0.00000
     11.80000      0.42341      0.55718      0.00000
     11.81000      0.30512      0.39995      0.00000
     11.82000      0.32534      0.42407      0.00000
     11.83000      0.29621      0.38633      0.00000
     11.84000      0.11977      0.15647      0.00000
     11.85000      0.02003      0.02620      0.00000
     11.86000      0.01558      0.02025      0.00000
     11.87000      0.10116      0.13132      0.00000
     11.88000      0.27495      0.35637      0.00000
     11.89000      0.32855      0.42376      0.00000
     11.90000      0.21942      0.28057      0.00000
     11.91000      0.09205      0.11698      0.00000
     11.92000      0.06728      0.08559      0.00000
     11.93000      0.17744      0.22685      0.00000
     11.94000      0.28037      0.36108      0.00000
     11.95000      0.28742      0.37486      0.00000
     11.96000      0.29998      0.39543      0.00000
     11.97000      0.30721      0.40553      0.00000
     11.98000      0.33646      0.44080      0.00000
     11.99000      0.40979      0.53056      0.00000
     12.00000      0.40250      0.51786      0.00000
     12.01000      0.31952      0.41289      0.00000
     12.02000      0.21839      0.28499      0.00000
     12.03000      0.18822      0.24557      0.00000
     12.04000      0.25857      0.33260      0.00000
     12.05000      0.32237      0.41174      0.00000
     12.06000      0.33438      0.42991      0.00000
     12.07000      0.31620      0.40562      0.00000
     12.08000      0.29707      0.37695      0.00000
     12.09000      0.27269      0.34674      0.00000
     12.10000      0.25762      0.32795      0.00000
     12.11000      0.23402      0.29520      0.00000
     12.12000      0.15209      0.19041      0.00000
     12.13000      0.13618      0.17115      0.00000
     12.14000      0.18558      0.23455      0.00000
     12.15000      0.26811      0.34184      0.00000
     12.16000      0.37701      0.48306      0.00000
     12.17000      0.37259      0.47333      0.00000
     12.18000      0.36054      0.45343      0.00000
     12.19000      0.32864      0.41307      0.00000
     12.20000      0.23465      0.29500      0.00000
     12.21000      0.22281      0.28224      0.00000
     12.22000      0.25631      0.32091      0.00000
     12.23000      0.20693      0.25640      0.00000
     12.24000      0.19670      0.24609      0.00000
     12.25000      0.24304      0.30047      0.00000
     12.26000      0.23895      0.29088      0.00000
     12.27000      0.20578      0.25266      0.00000
     12.28000      0.16347      0.20023      0.00000
     12.29000      0.18633      0.22113      0.00000
     12.30000      0.25021      0.29614      0.00000
     12.31000      0.18705      0.22323      0.00000
     12.32000      0.09421      0.11307      0.00000
     12.33000      0.16926      0.20622      0.00000
     12.34000      0.37135      0.46018      0.00000
     12.35000      0.46923      0.59348      0.00000
     12.36000      0.37762      0.48821      0.00000
     12.37000      0.27213      0.35566      0.00000
     12.38000      0.35066      0.45420      0.00000
     12.39000      0.47962      0.60728      0.00000
     12.40000      0.55293      0.69060      0.00000
     12.41000      0.51355      0.64225      0.00000
     12.42000      0.57206      0.70866      0.00000
     12.43000      0.69943      0.84945      0.00000
     12.44000      0.63773      0.75439      0.00000
     12.45000      0.48111      0.55112      0.00000
     12.46000      0.31463      0.35255      0.00000
     12.47000      0.13724      0.15193      0.00000
     12.48000      0.10622      0.11523      0.00000
     12.49000      0.14192      0.15323      0.00000
     12.50000      0.09987      0.10746      0.00000
     12.51000      0.07547      0.08035      0.00000
     12.52000      0.07087      0.07560      0.00000
     12.53000      0.08308      0.09376      0.00000
     12.54000      0.24524      0.28971      0.00000
     12.55000      0.50482      0.60599      0.00000
     12.56000      0.69428      0.83349      0.00000
     12.57000      0.77203      0.92921      0.00000
     12.58000      0.58215      0.71088      0.00000
