Energy-E_F (eV)    DOS (1/eV)    PDOS (1/eV)  of atom type B  N  
     -6.03601      0.35864      0.13092      0.22772
     -6.02601      0.20968      0.07586      0.13381
     -6.01601      0.23888      0.08736      0.15151
     -6.00601      0.48280      0.17832      0.30447
     -5.99601      0.71766      0.26583      0.45183
     -5.98601      0.86466      0.31962      0.54505
     -5.97601      0.83415      0.30581      0.52834
     -5.96601      0.74148      0.26903      0.47245
     -5.95601      0.68601      0.24944      0.43657
     -5.94601      0.54501      0.19959      0.34542
     -5.93601      0.39950      0.14639      0.25311
     -5.92601      0.31990      0.11621      0.20369
     -5.91601      0.19789      0.07163      0.12627
     -5.90601      0.16603      0.06024      0.10579
     -5.89601      0.33984      0.12293      0.21690
     -5.88601      0.44062      0.15913      0.28149
     -5.87601      0.42743      0.15650      0.27093
     -5.86601      0.53042      0.19733      0.33309
     -5.85601      0.65331      0.24337      0.40994
     -5.84601      0.63001      0.23267      0.39734
     -5.83601      0.61532      0.22351      0.39181
     -5.82601      0.55440      0.20067      0.35373
     -5.81601      0.40761      0.14862      0.25899
     -5.80601      0.42779      0.15547      0.27232
     -5.79601      0.50197      0.18070      0.32127
     -5.78601      0.53447      0.19277      0.34170
     -5.77601      0.61712      0.22389      0.39323
     -5.76601      0.71493      0.26114      0.45378
     -5.75601      0.62564      0.23074      0.39490
     -5.74601      0.40157      0.14895      0.25262
     -5.73601      0.26014      0.09690      0.16323
     -5.72601      0.26581      0.09875      0.16707
     -5.71601      0.49455      0.18136      0.31319
     -5.70601      0.76537      0.27889      0.48649
     -5.69601      0.75995      0.27657      0.48338
     -5.68601      0.50546      0.18418      0.32128
     -5.67601      0.34097      0.12459      0.21638
     -5.66601      0.41315      0.15149      0.26166
     -5.65601      0.52492      0.19305      0.33187
     -5.64601      0.52756      0.19451      0.33305
     -5.63601      0.50927      0.18644      0.32283
     -5.62601      0.55192      0.20008      0.35184
     -5.61601      0.46799      0.16950      0.29849
     -5.60601      0.33206      0.12165      0.21040
     -5.59601      0.39140      0.14435      0.24705
     -5.58601      0.43749      0.16036      0.27713
     -5.57601      0.49310      0.18047      0.31263
     -5.56601      0.73645      0.26929      0.46716
     -5.55601      0.94773      0.34677      0.60096
     -5.54601      0.78940      0.28969      0.49971
     -5.53601      0.51758      0.19088      0.32670
     -5.52601      0.34824      0.12853      0.21970
     -5.51601      0.37450      0.13654      0.23796
     -5.50601      0.56328      0.20518      0.35809
     -5.49601      0.51993      0.19152      0.32841
     -5.48601      0.27611      0.10258      0.17353
     -5.47601      0.21311      0.07672      0.13639
     -5.46601      0.39873      0.14206      0.25667
     -5.45601      0.51131      0.18276      0.32855
     -5.44601      0.59376      0.21258      0.38117
     -5.43601      0.77492      0.27940      0.49552
     -5.42601      0.90011      0.32747      0.57264
     -5.41601      0.79377      0.29116      0.50260
     -5.40601      0.57640      0.21231      0.36409
     -5.39601      0.41970      0.15468      0.26502
     -5.38601      0.42210      0.15555      0.26655
     -5.37601      0.45873      0.16856      0.29016
     -5.36601      0.50497      0.18574      0.31923
     -5.35601      0.49550      0.18227      0.31323
     -5.34601      0.44843      0.16436      0.28407
     -5.33601      0.50781      0.18578      0.32203
     -5.32601      0.61773      0.22532      0.39241
     -5.31601      0.68928      0.25039      0.43889
     -5.30601      0.72268      0.26224      0.46044
     -5.29601      0.68036      0.24608      0.43427
     -5.28601      0.50697      0.18300      0.32397
     -5.27601      0.52154      0.19046      0.33107
     -5.26601      0.59723      0.21995      0.37728
     -5.25601      0.48752      0.17946      0.30806
     -5.24601      0.32328      0.11852      0.20476
     -5.23601      0.29547      0.10769      0.18778
     -5.22601      0.50821      0.18428      0.32394
     -5.21601      0.63577      0.22891      0.40686
     -5.20601      0.63740      0.22710      0.41030
     -5.19601      0.65932      0.23262      0.42670
     -5.18601      0.71935      0.25149      0.46786
     -5.17601      0.86098      0.30043      0.56055
     -5.16601      0.98214      0.34361      0.63853
     -5.15601      1.03355      0.36294      0.67060
     -5.14601      0.99433      0.35100      0.64333
     -5.13601      0.96985      0.34357      0.62628
     -5.12601      1.11317      0.39647      0.71670
     -5.11601      1.09096      0.38758      0.70338
     -5.10601      0.99095      0.34795      0.64300
     -5.09601      0.94006      0.33078      0.60928
     -5.08601      0.88105      0.31275      0.56830
     -5.07601      0.82086      0.29076      0.53010
     -5.06601      0.65464      0.23037      0.42427
     -5.05601      0.64314      0.22550      0.41764
     -5.04601      0.90788      0.31810      0.58979
     -5.03601      1.17671      0.41336      0.76335
     -5.02601      0.97174      0.34094      0.63080
     -5.01601      0.65538      0.23002      0.42537
     -5.00601      0.63709      0.22292      0.41417
     -4.99601      0.60807      0.21057      0.39750
     -4.98601      0.50834      0.17640      0.33194
     -4.97601      0.59780      0.21292      0.38488
     -4.96601      0.90988      0.32263      0.58725
     -4.95601      1.24791      0.43597      0.81195
     -4.94601      1.27686      0.44649      0.83036
     -4.93601      1.02156      0.35895      0.66261
     -4.92601      0.76401      0.26729      0.49672
     -4.91601      0.78067      0.27286      0.50780
     -4.90601      0.98205      0.34547      0.63658
     -4.89601      0.99817      0.35336      0.64481
     -4.88601      0.90275      0.31979      0.58296
     -4.87601      0.84529      0.29941      0.54589
     -4.86601      0.90658      0.32017      0.58641
     -4.85601      1.06099      0.37269      0.68830
     -4.84601      1.10264      0.38570      0.71693
     -4.83601      0.98837      0.34445      0.64392
     -4.82601      0.89574      0.31384      0.58189
     -4.81601      0.84877      0.29952      0.54925
     -4.80601      0.89577      0.31453      0.58124
     -4.79601      0.99027      0.34614      0.64413
     -4.78601      0.90080      0.31459      0.58622
     -4.77601      0.88458      0.30951      0.57507
     -4.76601      0.78947      0.27553      0.51394
     -4.75601      0.70669      0.24560      0.46109
     -4.74601      1.05659      0.37019      0.68639
     -4.73601      1.29131      0.45425      0.83705
     -4.72601      1.05794      0.37030      0.68764
     -4.71601      0.81326      0.28122      0.53204
     -4.70601      0.70299      0.24085      0.46214
     -4.69601      0.71199      0.24516      0.46683
     -4.68601      0.89570      0.31134      0.58436
     -4.67601      1.02079      0.35739      0.66341
     -4.66601      1.00878      0.35453      0.65425
     -4.65601      1.09033      0.38501      0.70532
     -4.64601      1.04065      0.37046      0.67019
     -4.63601      1.04267      0.37066      0.67201
     -4.62601      1.17203      0.41255      0.75948
     -4.61601      1.19903      0.41668      0.78235
     -4.60601      1.31191      0.45471      0.85720
     -4.59601      1.17552      0.40863      0.76689
     -4.58601      0.77044      0.26646      0.50399
     -4.57601      0.58258      0.20125      0.38133
     -4.56601      0.59626      0.20740      0.38886
     -4.55601      0.70541      0.24479      0.46062
     -4.54601      0.88354      0.30432      0.57922
     -4.53601      1.18145      0.40814      0.77332
     -4.52601      1.45046      0.50764      0.94282
     -4.51601      1.39029      0.49146      0.89883
     -4.50601      1.14392      0.40259      0.74133
     -4.49601      0.96924      0.33687      0.63237
     -4.48601      0.74514      0.25805      0.48709
     -4.47601      0.76697      0.26544      0.50154
     -4.46601      1.07159      0.36868      0.70292
     -4.45601      1.37872      0.47459      0.90413
     -4.44601      1.43660      0.49606      0.94054
     -4.43601      1.22114      0.42215      0.79899
     -4.42601      0.97233      0.33576      0.63657
     -4.41601      0.82223      0.28422      0.53801
     -4.40601      0.85218      0.29795      0.55423
     -4.39601      1.14347      0.40140      0.74207
     -4.38601      1.57480      0.54971      1.02509
     -4.37601      1.57621      0.54788      1.02832
     -4.36601      1.28306      0.44436      0.83870
     -4.35601      1.19722      0.41598      0.78123
     -4.34601      1.12118      0.39021      0.73097
     -4.33601      0.94391      0.32708      0.61683
     -4.32601      0.95664      0.32973      0.62691
     -4.31601      1.14997      0.39627      0.75369
     -4.30601      1.23327      0.42358      0.80969
     -4.29601      1.28941      0.44100      0.84841
     -4.28601      1.28555      0.44054      0.84501
     -4.27601      1.34666      0.46250      0.88416
     -4.26601      1.53658      0.52854      1.00804
     -4.25601      1.74737      0.60239      1.14498
     -4.24601      1.98804      0.68691      1.30113
     -4.23601      1.86719      0.64370      1.22348
     -4.22601      1.49401      0.51193      0.98209
     -4.21601      1.19026      0.40735      0.78292
     -4.20601      1.13467      0.38901      0.74566
     -4.19601      1.27077      0.43600      0.83477
     -4.18601      1.35254      0.46496      0.88758
     -4.17601      1.30073      0.44769      0.85304
     -4.16601      1.17088      0.40371      0.76718
     -4.15601      1.18063      0.40870      0.77193
     -4.14601      1.27442      0.44261      0.83182
     -4.13601      1.32761      0.45850      0.86910
     -4.12601      1.40194      0.47843      0.92350
     -4.11601      1.37025      0.46643      0.90382
     -4.10601      1.26754      0.43402      0.83352
     -4.09601      1.13290      0.38911      0.74379
     -4.08601      1.05548      0.36310      0.69239
     -4.07601      1.09701      0.37807      0.71894
     -4.06601      1.17290      0.40349      0.76942
     -4.05601      1.26318      0.43157      0.83161
     -4.04601      1.18793      0.40438      0.78355
     -4.03601      0.92239      0.31560      0.60678
     -4.02601      0.81050      0.27880      0.53170
     -4.01601      0.96283      0.32963      0.63319
     -4.00601      1.01944      0.34841      0.67103
     -3.99601      0.79704      0.27371      0.52334
     -3.98601      0.73360      0.25251      0.48109
     -3.97601      0.96995      0.33392      0.63604
     -3.96601      1.21030      0.41658      0.79373
     -3.95601      1.30682      0.44782      0.85899
     -3.94601      1.22159      0.41604      0.80554
     -3.93601      1.06731      0.36131      0.70600
     -3.92601      0.87259      0.29497      0.57762
     -3.91601      0.86320      0.29221      0.57099
     -3.90601      1.05643      0.35935      0.69708
     -3.89601      1.08751      0.37303      0.71448
     -3.88601      1.01733      0.35076      0.66657
     -3.87601      0.88416      0.30494      0.57922
     -3.86601      0.83944      0.28891      0.55053
     -3.85601      1.00411      0.34387      0.66023
     -3.84601      1.17099      0.39931      0.77169
     -3.83601      1.13068      0.38321      0.74748
     -3.82601      0.82960      0.27874      0.55087
     -3.81601      0.57348      0.19300      0.38048
     -3.80601      0.81879      0.27935      0.53944
     -3.79601      1.19740      0.40904      0.78837
     -3.78601      0.99303      0.33881      0.65422
     -3.77601      0.65353      0.22367      0.42986
     -3.76601      0.70968      0.24418      0.46550
     -3.75601      0.99716      0.34250      0.65466
     -3.74601      1.13370      0.38624      0.74747
     -3.73601      1.16832      0.39446      0.77387
     -3.72601      1.27351      0.42824      0.84527
     -3.71601      1.24159      0.41761      0.82399
     -3.70601      0.90480      0.30438      0.60042
     -3.69601      0.55735      0.18793      0.36942
     -3.68601      0.46329      0.15609      0.30720
     -3.67601      0.67379      0.22714      0.44665
     -3.66601      0.98569      0.33405      0.65164
     -3.65601      1.05574      0.35913      0.69662
     -3.64601      0.87636      0.29968      0.57667
     -3.63601      0.79624      0.27211      0.52412
     -3.62601      0.86931      0.29577      0.57354
     -3.61601      0.78474      0.26655      0.51819
     -3.60601      0.75552      0.25453      0.50099
     -3.59601      1.04303      0.35085      0.69218
     -3.58601      1.22312      0.41210      0.81102
     -3.57601      1.03056      0.34719      0.68337
     -3.56601      0.76599      0.25829      0.50770
     -3.55601      0.62189      0.20991      0.41197
     -3.54601      0.54883      0.18569      0.36314
     -3.53601      0.62257      0.21221      0.41036
     -3.52601      0.92927      0.31626      0.61301
     -3.51601      1.12238      0.37713      0.74525
     -3.50601      1.11913      0.37241      0.74672
     -3.49601      0.97326      0.32514      0.64812
     -3.48601      0.71919      0.24136      0.47783
     -3.47601      0.63983      0.21358      0.42625
     -3.46601      0.70811      0.23554      0.47257
     -3.45601      0.66461      0.22084      0.44377
     -3.44601      0.71121      0.23733      0.47388
     -3.43601      0.91930      0.30925      0.61005
     -3.42601      1.20302      0.40545      0.79758
     -3.41601      1.24837      0.42006      0.82830
     -3.40601      1.05872      0.35564      0.70308
     -3.39601      0.83600      0.28045      0.55555
     -3.38601      0.73791      0.24832      0.48959
     -3.37601      0.73074      0.24539      0.48536
     -3.36601      0.61630      0.20641      0.40989
     -3.35601      0.45484      0.15253      0.30232
     -3.34601      0.65508      0.21896      0.43612
     -3.33601      0.95620      0.31904      0.63716
     -3.32601      0.85470      0.28452      0.57018
     -3.31601      0.66374      0.22120      0.44254
     -3.30601      0.53235      0.17753      0.35482
     -3.29601      0.73803      0.24446      0.49357
     -3.28601      1.07979      0.35795      0.72184
     -3.27601      1.09113      0.36285      0.72828
     -3.26601      1.03751      0.34545      0.69206
     -3.25601      1.10873      0.36794      0.74079
     -3.24601      1.05386      0.34810      0.70577
     -3.23601      0.67093      0.22153      0.44940
     -3.22601      0.35792      0.11815      0.23977
     -3.21601      0.40232      0.13200      0.27032
     -3.20601      0.59192      0.19484      0.39708
     -3.19601      0.71410      0.23559      0.47851
     -3.18601      0.69103      0.22817      0.46285
     -3.17601      0.73648      0.24463      0.49185
     -3.16601      1.00550      0.33394      0.67156
     -3.15601      1.06087      0.35088      0.71000
     -3.14601      0.88257      0.29247      0.59009
     -3.13601      0.74121      0.24659      0.49463
     -3.12601      0.73929      0.24499      0.49430
     -3.11601      0.86193      0.28485      0.57708
     -3.10601      0.79000      0.26168      0.52832
     -3.09601      0.67771      0.22573      0.45198
     -3.08601      0.75935      0.25244      0.50691
     -3.07601      0.90701      0.29880      0.60820
     -3.06601      0.88120      0.28733      0.59387
     -3.05601      0.85817      0.27765      0.58052
     -3.04601      0.81936      0.26478      0.55458
     -3.03601      0.79137      0.25762      0.53375
     -3.02601      0.80689      0.26383      0.54306
     -3.01601      0.65471      0.21379      0.44093
     -3.00601      0.57990      0.18933      0.39057
     -2.99601      0.60169      0.19647      0.40522
     -2.98601      0.70249      0.22822      0.47427
     -2.97601      0.67013      0.21610      0.45403
     -2.96601      0.43739      0.14069      0.29670
     -2.95601      0.49190      0.16088      0.33102
     -2.94601      0.80264      0.26534      0.53729
     -2.93601      1.00177      0.33014      0.67163
     -2.92601      1.14661      0.37412      0.77249
     -2.91601      1.09589      0.35629      0.73960
     -2.90601      0.86772      0.28304      0.58468
     -2.89601      0.96477      0.31476      0.65001
     -2.88601      1.01111      0.32838      0.68273
     -2.87601      0.59727      0.19328      0.40399
     -2.86601      0.28414      0.09133      0.19281
     -2.85601      0.40044      0.12761      0.27283
     -2.84601      0.54872      0.17489      0.37383
     -2.83601      0.54739      0.17707      0.37032
     -2.82601      0.50629      0.16673      0.33955
     -2.81601      0.55050      0.18012      0.37038
     -2.80601      0.88886      0.28632      0.60254
     -2.79601      1.18730      0.37963      0.80767
     -2.78601      1.12602      0.35807      0.76795
     -2.77601      0.95010      0.30227      0.64783
     -2.76601      0.75385      0.24106      0.51279
     -2.75601      0.52394      0.16714      0.35680
     -2.74601      0.50536      0.16086      0.34450
     -2.73601      0.68406      0.22005      0.46401
     -2.72601      0.79819      0.25942      0.53877
     -2.71601      0.97361      0.31632      0.65729
     -2.70601      1.09666      0.35434      0.74233
     -2.69601      0.88991      0.28535      0.60456
     -2.68601      0.61524      0.19428      0.42095
     -2.67601      0.60245      0.18965      0.41280
     -2.66601      0.63505      0.20198      0.43308
     -2.65601      0.58135      0.18483      0.39652
     -2.64601      0.51400      0.16107      0.35293
     -2.63601      0.54341      0.16967      0.37374
     -2.62601      0.69542      0.21994      0.47548
     -2.61601      0.78415      0.25046      0.53369
     -2.60601      0.78231      0.24965      0.53266
     -2.59601      0.65439      0.20820      0.44620
     -2.58601      0.44021      0.14014      0.30007
     -2.57601      0.44443      0.13965      0.30478
     -2.56601      0.61749      0.19251      0.42498
     -2.55601      0.76694      0.23942      0.52752
     -2.54601      0.79287      0.24757      0.54531
     -2.53601      0.73423      0.23015      0.50408
     -2.52601      0.86910      0.27524      0.59387
     -2.51601      1.27491      0.40541      0.86950
     -2.50601      1.39153      0.43950      0.95203
     -2.49601      1.06625      0.33319      0.73307
     -2.48601      0.78507      0.24437      0.54069
     -2.47601      0.50209      0.15636      0.34573
     -2.46601      0.35160      0.10853      0.24307
     -2.45601      0.35678      0.10901      0.24777
     -2.44601      0.36245      0.11221      0.25024
     -2.43601      0.55207      0.17270      0.37937
     -2.42601      0.79537      0.24793      0.54745
     -2.41601      0.92505      0.28733      0.63772
     -2.40601      0.87910      0.27178      0.60731
     -2.39601      0.77041      0.23754      0.53287
     -2.38601      0.54821      0.16895      0.37926
     -2.37601      0.34159      0.10575      0.23584
     -2.36601      0.43584      0.13503      0.30081
     -2.35601      0.65851      0.20203      0.45648
     -2.34601      0.76003      0.23273      0.52730
     -2.33601      0.83473      0.25933      0.57539
     -2.32601      1.01474      0.31913      0.69561
     -2.31601      0.95317      0.29768      0.65549
     -2.30601      0.60060      0.18463      0.41596
     -2.29601      0.46570      0.13982      0.32588
     -2.28601      0.70366      0.20928      0.49438
     -2.27601      0.87596      0.26172      0.61424
     -2.26601      0.76683      0.23068      0.53615
     -2.25601      0.59804      0.18186      0.41618
     -2.24601      0.60823      0.18754      0.42069
     -2.23601      0.82212      0.25515      0.56697
     -2.22601      0.97626      0.30013      0.67613
     -2.21601      0.91325      0.27595      0.63730
     -2.20601      0.70812      0.21051      0.49761
     -2.19601      0.52551      0.15611      0.36941
     -2.18601      0.40349      0.12064      0.28286
     -2.17601      0.44617      0.13343      0.31274
     -2.16601      0.62903      0.18958      0.43946
     -2.15601      0.86740      0.26354      0.60386
     -2.14601      1.08680      0.33029      0.75651
     -2.13601      0.98778      0.29894      0.68884
     -2.12601      0.65225      0.19492      0.45733
     -2.11601      0.52516      0.15304      0.37212
     -2.10601      0.55598      0.16264      0.39334
     -2.09601      0.50502      0.15253      0.35249
     -2.08601      0.45356      0.13912      0.31443
     -2.07601      0.48958      0.14627      0.34331
     -2.06601      0.68881      0.20264      0.48617
     -2.05601      0.72613      0.21469      0.51144
     -2.04601      0.56908      0.16968      0.39941
     -2.03601      0.58015      0.17151      0.40864
     -2.02601      0.81355      0.23618      0.57737
     -2.01601      0.89525      0.25938      0.63586
     -2.00601      0.93677      0.27452      0.66225
     -1.99601      1.08126      0.31905      0.76222
     -1.98601      1.14132      0.33748      0.80384
     -1.97601      0.89011      0.26349      0.62663
     -1.96601      0.57497      0.17056      0.40441
     -1.95601      0.37012      0.10907      0.26105
     -1.94601      0.33346      0.09543      0.23803
     -1.93601      0.53640      0.15268      0.38372
     -1.92601      0.76751      0.21905      0.54847
     -1.91601      0.71172      0.20370      0.50801
     -1.90601      0.63047      0.18267      0.44780
     -1.89601      0.76695      0.22320      0.54375
     -1.88601      0.81188      0.23410      0.57778
     -1.87601      0.63203      0.18077      0.45126
     -1.86601      0.58900      0.16803      0.42097
     -1.85601      0.71078      0.20475      0.50603
     -1.84601      0.82009      0.23907      0.58102
     -1.83601      0.82933      0.23856      0.59077
     -1.82601      0.72619      0.20516      0.52103
     -1.81601      0.47040      0.13423      0.33617
     -1.80601      0.31766      0.09336      0.22430
     -1.79601      0.50279      0.14580      0.35698
     -1.78601      0.81570      0.23223      0.58347
     -1.77601      0.76681      0.21526      0.55155
     -1.76601      0.64902      0.17995      0.46907
     -1.75601      0.83128      0.22978      0.60150
     -1.74601      1.02475      0.28432      0.74043
     -1.73601      0.95821      0.26828      0.68994
     -1.72601      0.84654      0.23754      0.60900
     -1.71601      0.81484      0.22591      0.58893
     -1.70601      0.73602      0.20232      0.53370
     -1.69601      0.59794      0.16590      0.43203
     -1.68601      0.42721      0.11981      0.30740
     -1.67601      0.39432      0.11087      0.28345
     -1.66601      0.57411      0.15991      0.41421
     -1.65601      0.77990      0.21389      0.56601
     -1.64601      0.92647      0.25322      0.67325
     -1.63601      0.93690      0.25889      0.67801
     -1.62601      0.86546      0.23940      0.62606
     -1.61601      0.73730      0.19941      0.53788
     -1.60601      0.55417      0.14751      0.40666
     -1.59601      0.54960      0.14891      0.40069
     -1.58601      0.70343      0.19201      0.51142
     -1.57601      0.64737      0.17608      0.47129
     -1.56601      0.60913      0.16306      0.44607
     -1.55601      0.75509      0.20252      0.55257
     -1.54601      0.67765      0.18552      0.49213
     -1.53601      0.43678      0.12205      0.31473
     -1.52601      0.50701      0.13839      0.36862
     -1.51601      0.72258      0.19117      0.53141
     -1.50601      0.83773      0.21960      0.61813
     -1.49601      0.93072      0.24420      0.68652
     -1.48601      0.98240      0.25529      0.72711
     -1.47601      0.90740      0.23519      0.67221
     -1.46601      0.68726      0.17718      0.51008
     -1.45601      0.60645      0.15147      0.45499
     -1.44601      0.58307      0.14318      0.43989
     -1.43601      0.41841      0.10243      0.31597
     -1.42601      0.25873      0.06328      0.19545
     -1.41601      0.24099      0.05857      0.18242
     -1.40601      0.39561      0.09517      0.30045
     -1.39601      0.58679      0.14053      0.44626
     -1.38601      0.57027      0.13629      0.43398
     -1.37601      0.46584      0.11144      0.35440
     -1.36601      0.48097      0.11513      0.36583
     -1.35601      0.56365      0.13451      0.42914
     -1.34601      0.48173      0.11457      0.36716
     -1.33601      0.38490      0.09092      0.29397
     -1.32601      0.49305      0.11568      0.37738
     -1.31601      0.51589      0.12051      0.39539
     -1.30601      0.37022      0.08610      0.28412
     -1.29601      0.35834      0.08307      0.27527
     -1.28601      0.39455      0.09087      0.30368
     -1.27601      0.39767      0.09081      0.30685
     -1.26601      0.37434      0.08526      0.28908
     -1.25601      0.39868      0.09091      0.30778
     -1.24601      0.64811      0.14804      0.50007
     -1.23601      0.87269      0.19962      0.67307
     -1.22601      0.80708      0.18427      0.62280
     -1.21601      0.68113      0.15460      0.52653
     -1.20601      0.63022      0.14220      0.48802
     -1.19601      0.51071      0.11467      0.39604
     -1.18601      0.51409      0.11405      0.40004
     -1.17601      0.61966      0.13623      0.48343
     -1.16601      0.59905      0.13129      0.46775
     -1.15601      0.51783      0.11320      0.40463
     -1.14601      0.46943      0.10198      0.36745
     -1.13601      0.41231      0.08915      0.32316
     -1.12601      0.40255      0.08702      0.31553
     -1.11601      0.62073      0.13398      0.48675
     -1.10601      0.79193      0.17036      0.62157
     -1.09601      0.73601      0.15728      0.57873
     -1.08601      0.63931      0.13540      0.50390
     -1.07601      0.55340      0.11660      0.43680
     -1.06601      0.47678      0.09975      0.37703
     -1.05601      0.56928      0.11783      0.45145
     -1.04601      0.56433      0.11627      0.44806
     -1.03601      0.41502      0.08509      0.32993
     -1.02601      0.43035      0.08748      0.34288
     -1.01601      0.52947      0.10669      0.42278
     -1.00601      0.66787      0.13477      0.53309
     -0.99601      0.96865      0.19769      0.77097
     -0.98601      1.12218      0.22988      0.89230
     -0.97601      1.04465      0.21217      0.83249
     -0.96601      0.98393      0.19688      0.78704
     -0.95601      0.91847      0.18164      0.73684
     -0.94601      0.86149      0.16879      0.69270
     -0.93601      0.83011      0.16115      0.66896
     -0.92601      0.85149      0.16349      0.68800
     -0.91601      0.91176      0.17323      0.73853
     -0.90601      0.99453      0.18701      0.80752
     -0.89601      1.15765      0.21573      0.94192
     -0.88601      1.22327      0.22783      0.99545
     -0.87601      1.00021      0.18880      0.81141
     -0.86601      0.80257      0.15306      0.64951
     -0.85601      0.77702      0.14630      0.63072
     -0.84601      0.86165      0.15947      0.70218
     -0.83601      0.76096      0.13933      0.62164
     -0.82601      0.46110      0.08337      0.37772
     -0.81601      0.29274      0.05208      0.24066
     -0.80601      0.28554      0.05038      0.23516
     -0.79601      0.37094      0.06524      0.30570
     -0.78601      0.58078      0.10238      0.47840
     -0.77601      1.06604      0.19070      0.87533
     -0.76601      1.79562      0.32530      1.47032
     -0.75601      1.71264      0.31086      1.40178
     -0.74601      0.80497      0.14456      0.66041
     -0.73601      0.29311      0.05093      0.24218
     -0.72601      0.23395      0.03956      0.19439
     -0.71601      0.28063      0.04729      0.23334
     -0.70601      0.29501      0.04957      0.24544
     -0.69601      0.32866      0.05513      0.27354
     -0.68601      0.37298      0.06263      0.31035
     -0.67601      0.51108      0.08601      0.42507
     -0.66601      0.74839      0.12635      0.62205
     -0.65601      0.83762      0.14123      0.69639
     -0.64601      0.54306      0.09085      0.45222
     -0.63601      0.29738      0.04868      0.24870
     -0.62601      0.28379      0.04564      0.23814
     -0.61601      0.34716      0.05548      0.29168
     -0.60601      0.42862      0.06823      0.36039
     -0.59601      0.50255      0.07980      0.42275
     -0.58601      0.56783      0.09003      0.47780
     -0.57601      0.67053      0.10658      0.56396
     -0.56601      0.84678      0.13498      0.71180
     -0.55601      0.94974      0.15068      0.79907
     -0.54601      0.62271      0.09786      0.52485
     -0.53601      0.23377      0.03607      0.19770
     -0.52601      0.21016      0.03145      0.17870
     -0.51601      0.31464      0.04678      0.26786
     -0.50601      0.33593      0.04950      0.28642
     -0.49601      0.41405      0.06070      0.35334
     -0.48601      0.40537      0.05955      0.34583
     -0.47601      0.39503      0.05803      0.33700
     -0.46601      0.49189      0.07190      0.41998
     -0.45601      0.45272      0.06556      0.38716
     -0.44601      0.33870      0.04816      0.29053
     -0.43601      0.33080      0.04618      0.28462
     -0.42601      0.38972      0.05392      0.33579
     -0.41601      0.41727      0.05738      0.35989
     -0.40601      0.40210      0.05515      0.34694
     -0.39601      0.41874      0.05728      0.36146
     -0.38601      0.61974      0.08398      0.53576
     -0.37601      0.75717      0.10193      0.65524
     -0.36601      0.46137      0.06191      0.39946
     -0.35601      0.17240      0.02270      0.14970
     -0.34601      0.21933      0.02792      0.19141
     -0.33601      0.33539      0.04244      0.29295
     -0.32601      0.35644      0.04466      0.31178
     -0.31601      0.38169      0.04748      0.33420
     -0.30601      0.37943      0.04714      0.33229
     -0.29601      0.35061      0.04320      0.30742
     -0.28601      0.31975      0.03876      0.28100
     -0.27601      0.27084      0.03224      0.23860
     -0.26601      0.29352      0.03440      0.25912
     -0.25601      0.38492      0.04458      0.34034
     -0.24601      0.48058      0.05512      0.42546
     -0.23601      0.53776      0.06126      0.47650
     -0.22601      0.45277      0.05136      0.40141
     -0.21601      0.31169      0.03474      0.27695
     -0.20601      0.30496      0.03313      0.27183
     -0.19601      0.23931      0.02576      0.21355
     -0.18601      0.18852      0.01984      0.16868
     -0.17601      0.32532      0.03372      0.29159
     -0.16601      0.40986      0.04209      0.36777
     -0.15601      0.37499      0.03797      0.33702
     -0.14601      0.28355      0.02831      0.25524
     -0.13601      0.25651      0.02506      0.23146
     -0.12601      0.36167      0.03471      0.32695
     -0.11601      0.43133      0.04096      0.39037
     -0.10601      0.35921      0.03364      0.32557
     -0.09601      0.27438      0.02511      0.24926
     -0.08601      0.26140      0.02337      0.23803
     -0.07601      0.28405      0.02495      0.25910
     -0.06601      0.28391      0.02453      0.25938
     -0.05601      0.28336      0.02388      0.25947
     -0.04601      0.35767      0.02950      0.32817
     -0.03601      0.35527      0.02895      0.32632
     -0.02601      0.25937      0.02068      0.23870
     -0.01601      0.24912      0.01927      0.22984
     -0.00601      0.22386      0.01709      0.20676
      0.00399      0.10773      0.00818      0.09955
      0.01399      0.02269      0.00172      0.02097
      0.02399      0.00189      0.00014      0.00175
      0.03399      0.00006      0.00000      0.00006
      0.04399      0.00000      0.00000      0.00000
      0.05399      0.00000      0.00000      0.00000
      0.06399      0.00000      0.00000      0.00000
      0.07399      0.00000      0.00000      0.00000
      0.08399      0.00000      0.00000      0.00000
      0.09399      0.00000      0.00000      0.00000
      0.10399      0.00000      0.00000      0.00000
      0.11399      0.00000      0.00000      0.00000
      0.12399      0.00000      0.00000      0.00000
      0.13399      0.00000      0.00000      0.00000
      0.14399      0.00000      0.00000      0.00000
      0.15399      0.00000      0.00000      0.00000
      0.16399      0.00000      0.00000      0.00000
      0.17399      0.00000      0.00000      0.00000
      0.18399      0.00000      0.00000      0.00000
      0.19399      0.00000      0.00000      0.00000
      0.20399      0.00000      0.00000      0.00000
      0.21399      0.00000      0.00000      0.00000
      0.22399      0.00000      0.00000      0.00000
      0.23399      0.00000      0.00000      0.00000
      0.24399      0.00000      0.00000      0.00000
      0.25399      0.00000      0.00000      0.00000
      0.26399      0.00000      0.00000      0.00000
      0.27399      0.00000      0.00000      0.00000
      0.28399      0.00000      0.00000      0.00000
      0.29399      0.00000      0.00000      0.00000
      0.30399      0.00000      0.00000      0.00000
      0.31399      0.00000      0.00000      0.00000
      0.32399      0.00000      0.00000      0.00000
      0.33399      0.00000      0.00000      0.00000
      0.34399      0.00000      0.00000      0.00000
      0.35399      0.00000      0.00000      0.00000
      0.36399      0.00000      0.00000      0.00000
      0.37399      0.00000      0.00000      0.00000
      0.38399      0.00000      0.00000      0.00000
      0.39399      0.00000      0.00000      0.00000
      0.40399      0.00000      0.00000      0.00000
      0.41399      0.00000      0.00000      0.00000
      0.42399      0.00000      0.00000      0.00000
      0.43399      0.00000      0.00000      0.00000
      0.44399      0.00000      0.00000      0.00000
      0.45399      0.00000      0.00000      0.00000
      0.46399      0.00000      0.00000      0.00000
      0.47399      0.00000      0.00000      0.00000
      0.48399      0.00000      0.00000      0.00000
      0.49399      0.00000      0.00000      0.00000
      0.50399      0.00000      0.00000      0.00000
      0.51399      0.00000      0.00000      0.00000
      0.52399      0.00000      0.00000      0.00000
      0.53399      0.00000      0.00000      0.00000
      0.54399      0.00000      0.00000      0.00000
      0.55399      0.00000      0.00000      0.00000
      0.56399      0.00000      0.00000      0.00000
      0.57399      0.00000      0.00000      0.00000
      0.58399      0.00000      0.00000      0.00000
      0.59399      0.00000      0.00000      0.00000
      0.60399      0.00000      0.00000      0.00000
      0.61399      0.00000      0.00000      0.00000
      0.62399      0.00000      0.00000      0.00000
      0.63399      0.00000      0.00000      0.00000
      0.64399      0.00000      0.00000      0.00000
      0.65399      0.00000      0.00000      0.00000
      0.66399      0.00000      0.00000      0.00000
      0.67399      0.00000      0.00000      0.00000
      0.68399      0.00000      0.00000      0.00000
      0.69399      0.00000      0.00000      0.00000
      0.70399      0.00000      0.00000      0.00000
      0.71399      0.00000      0.00000      0.00000
      0.72399      0.00000      0.00000      0.00000
      0.73399      0.00000      0.00000      0.00000
      0.74399      0.00000      0.00000      0.00000
      0.75399      0.00000      0.00000      0.00000
      0.76399      0.00000      0.00000      0.00000
      0.77399      0.00000      0.00000      0.00000
      0.78399      0.00000      0.00000      0.00000
      0.79399      0.00000      0.00000      0.00000
      0.80399      0.00000      0.00000      0.00000
      0.81399      0.00000      0.00000      0.00000
      0.82399      0.00000      0.00000      0.00000
      0.83399      0.00000      0.00000      0.00000
      0.84399      0.00000      0.00000      0.00000
      0.85399      0.00000      0.00000      0.00000
      0.86399      0.00000      0.00000      0.00000
      0.87399      0.00000      0.00000      0.00000
      0.88399      0.00000      0.00000      0.00000
      0.89399      0.00000      0.00000      0.00000
      0.90399      0.00000      0.00000      0.00000
      0.91399      0.00000      0.00000      0.00000
      0.92399      0.00000      0.00000      0.00000
      0.93399      0.00000      0.00000      0.00000
      0.94399      0.00000      0.00000      0.00000
      0.95399      0.00000      0.00000      0.00000
      0.96399      0.00000      0.00000      0.00000
      0.97399      0.00000      0.00000      0.00000
      0.98399      0.00000      0.00000      0.00000
      0.99399      0.00000      0.00000      0.00000
      1.00399      0.00000      0.00000      0.00000
      1.01399      0.00000      0.00000      0.00000
      1.02399      0.00000      0.00000      0.00000
      1.03399      0.00000      0.00000      0.00000
      1.04399      0.00000      0.00000      0.00000
      1.05399      0.00000      0.00000      0.00000
      1.06399      0.00000      0.00000      0.00000
      1.07399      0.00000      0.00000      0.00000
      1.08399      0.00000      0.00000      0.00000
      1.09399      0.00000      0.00000      0.00000
      1.10399      0.00000      0.00000      0.00000
      1.11399      0.00000      0.00000      0.00000
      1.12399      0.00000      0.00000      0.00000
      1.13399      0.00000      0.00000      0.00000
      1.14399      0.00000      0.00000      0.00000
      1.15399      0.00000      0.00000      0.00000
      1.16399      0.00000      0.00000      0.00000
      1.17399      0.00000      0.00000      0.00000
      1.18399      0.00000      0.00000      0.00000
      1.19399      0.00000      0.00000      0.00000
      1.20399      0.00000      0.00000      0.00000
      1.21399      0.00000      0.00000      0.00000
      1.22399      0.00000      0.00000      0.00000
      1.23399      0.00000      0.00000      0.00000
      1.24399      0.00000      0.00000      0.00000
      1.25399      0.00000      0.00000      0.00000
      1.26399      0.00000      0.00000      0.00000
      1.27399      0.00000      0.00000      0.00000
      1.28399      0.00000      0.00000      0.00000
      1.29399      0.00000      0.00000      0.00000
      1.30399      0.00000      0.00000      0.00000
      1.31399      0.00000      0.00000      0.00000
      1.32399      0.00000      0.00000      0.00000
      1.33399      0.00000      0.00000      0.00000
      1.34399      0.00000      0.00000      0.00000
      1.35399      0.00000      0.00000      0.00000
      1.36399      0.00000      0.00000      0.00000
      1.37399      0.00000      0.00000      0.00000
      1.38399      0.00000      0.00000      0.00000
      1.39399      0.00000      0.00000      0.00000
      1.40399      0.00000      0.00000      0.00000
      1.41399      0.00000      0.00000      0.00000
      1.42399      0.00000      0.00000      0.00000
      1.43399      0.00000      0.00000      0.00000
      1.44399      0.00000      0.00000      0.00000
      1.45399      0.00000      0.00000      0.00000
      1.46399      0.00000      0.00000      0.00000
      1.47399      0.00000      0.00000      0.00000
      1.48399      0.00000      0.00000      0.00000
      1.49399      0.00000      0.00000      0.00000
      1.50399      0.00000      0.00000      0.00000
      1.51399      0.00000      0.00000      0.00000
      1.52399      0.00000      0.00000      0.00000
      1.53399      0.00000      0.00000      0.00000
      1.54399      0.00000      0.00000      0.00000
      1.55399      0.00000      0.00000      0.00000
      1.56399      0.00000      0.00000      0.00000
      1.57399      0.00000      0.00000      0.00000
      1.58399      0.00000      0.00000      0.00000
      1.59399      0.00000      0.00000      0.00000
      1.60399      0.00000      0.00000      0.00000
      1.61399      0.00000      0.00000      0.00000
      1.62399      0.00000      0.00000      0.00000
      1.63399      0.00000      0.00000      0.00000
      1.64399      0.00000      0.00000      0.00000
      1.65399      0.00000      0.00000      0.00000
      1.66399      0.00000      0.00000      0.00000
      1.67399      0.00000      0.00000      0.00000
      1.68399      0.00000      0.00000      0.00000
      1.69399      0.00000      0.00000      0.00000
      1.70399      0.00000      0.00000      0.00000
      1.71399      0.00000      0.00000      0.00000
      1.72399      0.00000      0.00000      0.00000
      1.73399      0.00000      0.00000      0.00000
      1.74399      0.00000      0.00000      0.00000
      1.75399      0.00000      0.00000      0.00000
      1.76399      0.00000      0.00000      0.00000
      1.77399      0.00000      0.00000      0.00000
      1.78399      0.00000      0.00000      0.00000
      1.79399      0.00000      0.00000      0.00000
      1.80399      0.00000      0.00000      0.00000
      1.81399      0.00000      0.00000      0.00000
      1.82399      0.00000      0.00000      0.00000
      1.83399      0.00000      0.00000      0.00000
      1.84399      0.00000      0.00000      0.00000
      1.85399      0.00000      0.00000      0.00000
      1.86399      0.00000      0.00000      0.00000
      1.87399      0.00000      0.00000      0.00000
      1.88399      0.00000      0.00000      0.00000
      1.89399      0.00000      0.00000      0.00000
      1.90399      0.00000      0.00000      0.00000
      1.91399      0.00000      0.00000      0.00000
      1.92399      0.00000      0.00000      0.00000
      1.93399      0.00000      0.00000      0.00000
      1.94399      0.00000      0.00000      0.00000
      1.95399      0.00000      0.00000      0.00000
      1.96399      0.00000      0.00000      0.00000
      1.97399      0.00000      0.00000      0.00000
      1.98399      0.00000      0.00000      0.00000
      1.99399      0.00000      0.00000      0.00000
      2.00399      0.00000      0.00000      0.00000
      2.01399      0.00000      0.00000      0.00000
      2.02399      0.00000      0.00000      0.00000
      2.03399      0.00000      0.00000      0.00000
      2.04399      0.00000      0.00000      0.00000
      2.05399      0.00000      0.00000      0.00000
      2.06399      0.00000      0.00000      0.00000
      2.07399      0.00000      0.00000      0.00000
      2.08399      0.00000      0.00000      0.00000
      2.09399      0.00000      0.00000      0.00000
      2.10399      0.00000      0.00000      0.00000
      2.11399      0.00000      0.00000      0.00000
      2.12399      0.00000      0.00000      0.00000
      2.13399      0.00000      0.00000      0.00000
      2.14399      0.00000      0.00000      0.00000
      2.15399      0.00000      0.00000      0.00000
      2.16399      0.00000      0.00000      0.00000
      2.17399      0.00000      0.00000      0.00000
      2.18399      0.00000      0.00000      0.00000
      2.19399      0.00000      0.00000      0.00000
      2.20399      0.00000      0.00000      0.00000
      2.21399      0.00000      0.00000      0.00000
      2.22399      0.00000      0.00000      0.00000
      2.23399      0.00000      0.00000      0.00000
      2.24399      0.00000      0.00000      0.00000
      2.25399      0.00000      0.00000      0.00000
      2.26399      0.00000      0.00000      0.00000
      2.27399      0.00000      0.00000      0.00000
      2.28399      0.00000      0.00000      0.00000
      2.29399      0.00000      0.00000      0.00000
      2.30399      0.00000      0.00000      0.00000
      2.31399      0.00000      0.00000      0.00000
      2.32399      0.00000      0.00000      0.00000
      2.33399      0.00000      0.00000      0.00000
      2.34399      0.00000      0.00000      0.00000
      2.35399      0.00000      0.00000      0.00000
      2.36399      0.00000      0.00000      0.00000
      2.37399      0.00000      0.00000      0.00000
      2.38399      0.00000      0.00000      0.00000
      2.39399      0.00000      0.00000      0.00000
      2.40399      0.00000      0.00000      0.00000
      2.41399      0.00000      0.00000      0.00000
      2.42399      0.00000      0.00000      0.00000
      2.43399      0.00000      0.00000      0.00000
      2.44399      0.00000      0.00000      0.00000
      2.45399      0.00000      0.00000      0.00000
      2.46399      0.00000      0.00000      0.00000
      2.47399      0.00000      0.00000      0.00000
      2.48399      0.00000      0.00000      0.00000
      2.49399      0.00000      0.00000      0.00000
      2.50399      0.00000      0.00000      0.00000
      2.51399      0.00000      0.00000      0.00000
      2.52399      0.00000      0.00000      0.00000
      2.53399      0.00000      0.00000      0.00000
      2.54399      0.00000      0.00000      0.00000
      2.55399      0.00000      0.00000      0.00000
      2.56399      0.00000      0.00000      0.00000
      2.57399      0.00000      0.00000      0.00000
      2.58399      0.00000      0.00000      0.00000
      2.59399      0.00000      0.00000      0.00000
      2.60399      0.00000      0.00000      0.00000
      2.61399      0.00000      0.00000      0.00000
      2.62399      0.00000      0.00000      0.00000
      2.63399      0.00000      0.00000      0.00000
      2.64399      0.00000      0.00000      0.00000
      2.65399      0.00000      0.00000      0.00000
      2.66399      0.00000      0.00000      0.00000
      2.67399      0.00000      0.00000      0.00000
      2.68399      0.00000      0.00000      0.00000
      2.69399      0.00000      0.00000      0.00000
      2.70399      0.00000      0.00000      0.00000
      2.71399      0.00000      0.00000      0.00000
      2.72399      0.00000      0.00000      0.00000
      2.73399      0.00000      0.00000      0.00000
      2.74399      0.00000      0.00000      0.00000
      2.75399      0.00000      0.00000      0.00000
      2.76399      0.00000      0.00000      0.00000
      2.77399      0.00000      0.00000      0.00000
      2.78399      0.00000      0.00000      0.00000
      2.79399      0.00000      0.00000      0.00000
      2.80399      0.00000      0.00000      0.00000
      2.81399      0.00000      0.00000      0.00000
      2.82399      0.00000      0.00000      0.00000
      2.83399      0.00000      0.00000      0.00000
      2.84399      0.00000      0.00000      0.00000
      2.85399      0.00000      0.00000      0.00000
      2.86399      0.00000      0.00000      0.00000
      2.87399      0.00000      0.00000      0.00000
      2.88399      0.00000      0.00000      0.00000
      2.89399      0.00000      0.00000      0.00000
      2.90399      0.00000      0.00000      0.00000
      2.91399      0.00000      0.00000      0.00000
      2.92399      0.00000      0.00000      0.00000
      2.93399      0.00000      0.00000      0.00000
      2.94399      0.00000      0.00000      0.00000
      2.95399      0.00000      0.00000      0.00000
      2.96399      0.00000      0.00000      0.00000
      2.97399      0.00000      0.00000      0.00000
      2.98399      0.00000      0.00000      0.00000
      2.99399      0.00000      0.00000      0.00000
      3.00399      0.00000      0.00000      0.00000
      3.01399      0.00000      0.00000      0.00000
      3.02399      0.00000      0.00000      0.00000
      3.03399      0.00000      0.00000      0.00000
      3.04399      0.00000      0.00000      0.00000
      3.05399      0.00000      0.00000      0.00000
      3.06399      0.00000      0.00000      0.00000
      3.07399      0.00000      0.00000      0.00000
      3.08399      0.00000      0.00000      0.00000
      3.09399      0.00000      0.00000      0.00000
      3.10399      0.00000      0.00000      0.00000
      3.11399      0.00000      0.00000      0.00000
      3.12399      0.00000      0.00000      0.00000
      3.13399      0.00000      0.00000      0.00000
      3.14399      0.00000      0.00000      0.00000
      3.15399      0.00000      0.00000      0.00000
      3.16399      0.00000      0.00000      0.00000
      3.17399      0.00000      0.00000      0.00000
      3.18399      0.00000      0.00000      0.00000
      3.19399      0.00000      0.00000      0.00000
      3.20399      0.00000      0.00000      0.00000
      3.21399      0.00000      0.00000      0.00000
      3.22399      0.00000      0.00000      0.00000
      3.23399      0.00000      0.00000      0.00000
      3.24399      0.00000      0.00000      0.00000
      3.25399      0.00000      0.00000      0.00000
      3.26399      0.00000      0.00000      0.00000
      3.27399      0.00000      0.00000      0.00000
      3.28399      0.00000      0.00000      0.00000
      3.29399      0.00000      0.00000      0.00000
      3.30399      0.00000      0.00000      0.00000
      3.31399      0.00000      0.00000      0.00000
      3.32399      0.00000      0.00000      0.00000
      3.33399      0.00000      0.00000      0.00000
      3.34399      0.00000      0.00000      0.00000
      3.35399      0.00000      0.00000      0.00000
      3.36399      0.00000      0.00000      0.00000
      3.37399      0.00000      0.00000      0.00000
      3.38399      0.00000      0.00000      0.00000
      3.39399      0.00000      0.00000      0.00000
      3.40399      0.00000      0.00000      0.00000
      3.41399      0.00000      0.00000      0.00000
      3.42399      0.00000      0.00000      0.00000
      3.43399      0.00000      0.00000      0.00000
      3.44399      0.00000      0.00000      0.00000
      3.45399      0.00000      0.00000      0.00000
      3.46399      0.00000      0.00000      0.00000
      3.47399      0.00000      0.00000      0.00000
      3.48399      0.00000      0.00000      0.00000
      3.49399      0.00000      0.00000      0.00000
      3.50399      0.00000      0.00000      0.00000
      3.51399      0.00000      0.00000      0.00000
      3.52399      0.00000      0.00000      0.00000
      3.53399      0.00000      0.00000      0.00000
      3.54399      0.00000      0.00000      0.00000
      3.55399      0.00000      0.00000      0.00000
      3.56399      0.00000      0.00000      0.00000
      3.57399      0.00000      0.00000      0.00000
      3.58399      0.00000      0.00000      0.00000
      3.59399      0.00000      0.00000      0.00000
      3.60399      0.00000      0.00000      0.00000
      3.61399      0.00000      0.00000      0.00000
      3.62399      0.00000      0.00000      0.00000
      3.63399      0.00000      0.00000      0.00000
      3.64399      0.00000      0.00000      0.00000
      3.65399      0.00000      0.00000      0.00000
      3.66399      0.00000      0.00000      0.00000
      3.67399      0.00000      0.00000      0.00000
      3.68399      0.00000      0.00000      0.00000
      3.69399      0.00000      0.00000      0.00000
      3.70399      0.00000      0.00000      0.00000
      3.71399      0.00000      0.00000      0.00000
      3.72399      0.00000      0.00000      0.00000
      3.73399      0.00000      0.00000      0.00000
      3.74399      0.00000      0.00000      0.00000
      3.75399      0.00000      0.00000      0.00000
      3.76399      0.00000      0.00000      0.00000
      3.77399      0.00000      0.00000      0.00000
      3.78399      0.00000      0.00000      0.00000
      3.79399      0.00000      0.00000      0.00000
      3.80399      0.00000      0.00000      0.00000
      3.81399      0.00000      0.00000      0.00000
      3.82399      0.00000      0.00000      0.00000
      3.83399      0.00000      0.00000      0.00000
      3.84399      0.00000      0.00000      0.00000
      3.85399      0.00000      0.00000      0.00000
      3.86399      0.00000      0.00000      0.00000
      3.87399      0.00000      0.00000      0.00000
      3.88399      0.00000      0.00000      0.00000
      3.89399      0.00000      0.00000      0.00000
      3.90399      0.00000      0.00000      0.00000
      3.91399      0.00000      0.00000      0.00000
      3.92399      0.00000      0.00000      0.00000
      3.93399      0.00000      0.00000      0.00000
      3.94399      0.00000      0.00000      0.00000
      3.95399      0.00000      0.00000      0.00000
      3.96399      0.00000      0.00000      0.00000
      3.97399      0.00000      0.00000      0.00000
      3.98399      0.00000      0.00000      0.00000
      3.99399      0.00000      0.00000      0.00000
      4.00399      0.00000      0.00000      0.00000
      4.01399      0.00000      0.00000      0.00000
      4.02399      0.00000      0.00000      0.00000
      4.03399      0.00000      0.00000      0.00000
      4.04399      0.00000      0.00000      0.00000
      4.05399      0.00000      0.00000      0.00000
      4.06399      0.00000      0.00000      0.00000
      4.07399      0.00000      0.00000      0.00000
      4.08399      0.00000      0.00000      0.00000
      4.09399      0.00000      0.00000      0.00000
      4.10399      0.00000      0.00000      0.00000
      4.11399      0.00000      0.00000      0.00000
      4.12399      0.00000      0.00000      0.00000
      4.13399      0.00000      0.00000      0.00000
      4.14399      0.00000      0.00000      0.00000
      4.15399      0.00000      0.00000      0.00000
      4.16399      0.00000      0.00000      0.00000
      4.17399      0.00000      0.00000      0.00000
      4.18399      0.00000      0.00000      0.00000
      4.19399      0.00000      0.00000      0.00000
      4.20399      0.00000      0.00000      0.00000
      4.21399      0.00000      0.00000      0.00000
      4.22399      0.00000      0.00000      0.00000
      4.23399      0.00000      0.00000      0.00000
      4.24399      0.00000      0.00000      0.00000
      4.25399      0.00000      0.00000      0.00000
      4.26399      0.00000      0.00000      0.00000
      4.27399      0.00000      0.00000      0.00000
      4.28399      0.00000      0.00000      0.00000
      4.29399      0.00000      0.00000      0.00000
      4.30399      0.00000      0.00000      0.00000
      4.31399      0.00000      0.00000      0.00000
      4.32399      0.00000      0.00000      0.00000
      4.33399      0.00000      0.00000      0.00000
      4.34399      0.00000      0.00000      0.00000
      4.35399      0.00000      0.00000      0.00000
      4.36399      0.00000      0.00000      0.00000
      4.37399      0.00000      0.00000      0.00000
      4.38399      0.00000      0.00000      0.00000
      4.39399      0.00000      0.00000      0.00000
      4.40399      0.00000      0.00000      0.00000
      4.41399      0.00000      0.00000      0.00000
      4.42399      0.00000      0.00000      0.00000
      4.43399      0.00000      0.00000      0.00000
      4.44399      0.00000      0.00000      0.00000
      4.45399      0.00000      0.00000      0.00000
      4.46399      0.00000      0.00000      0.00000
      4.47399      0.00000      0.00000      0.00000
      4.48399      0.00000      0.00000      0.00000
      4.49399      0.00000      0.00000      0.00000
      4.50399      0.00000      0.00000      0.00000
      4.51399      0.00000      0.00000      0.00000
      4.52399      0.00000      0.00000      0.00000
      4.53399      0.00000      0.00000      0.00000
      4.54399      0.00000      0.00000      0.00000
      4.55399      0.00000      0.00000      0.00000
      4.56399      0.00000      0.00000      0.00000
      4.57399      0.00000      0.00000      0.00000
      4.58399      0.00000      0.00000      0.00000
      4.59399      0.00000      0.00000      0.00000
      4.60399      0.00000      0.00000      0.00000
      4.61399      0.00000      0.00000      0.00000
      4.62399      0.00029      0.00028      0.00001
      4.63399      0.00639      0.00607      0.00033
      4.64399      0.05406      0.05129      0.00277
      4.65399      0.18935      0.17958      0.00978
      4.66399      0.32289      0.30589      0.01701
      4.67399      0.39467      0.37303      0.02164
      4.68399      0.47178      0.44488      0.02690
      4.69399      0.47937      0.45106      0.02831
      4.70399      0.45592      0.42777      0.02815
      4.71399      0.44546      0.41693      0.02852
      4.72399      0.37216      0.34747      0.02470
      4.73399      0.41215      0.38332      0.02883
      4.74399      0.68429      0.63525      0.04905
      4.75399      0.74496      0.69047      0.05449
      4.76399      0.54531      0.50358      0.04173
      4.77399      0.46833      0.43051      0.03783
      4.78399      0.60284      0.55309      0.04975
      4.79399      0.63543      0.58166      0.05377
      4.80399      0.49550      0.44836      0.04714
      4.81399      0.81669      0.72462      0.09207
      4.82399      1.78442      1.57937      0.20505
      4.83399      2.56839      2.27232      0.29607
      4.84399      2.71446      2.39165      0.32280
      4.85399      2.30023      2.01498      0.28525
      4.86399      1.79722      1.57028      0.22694
      4.87399      1.46539      1.28106      0.18433
      4.88399      1.23354      1.08012      0.15342
      4.89399      1.32306      1.15742      0.16564
      4.90399      1.50846      1.31564      0.19282
      4.91399      1.35703      1.18106      0.17597
      4.92399      0.95204      0.82861      0.12342
      4.93399      0.81223      0.70711      0.10512
      4.94399      0.96318      0.83888      0.12430
      4.95399      0.92189      0.80516      0.11673
      4.96399      0.94987      0.82994      0.11992
      4.97399      1.30983      1.13625      0.17358
      4.98399      1.44006      1.24253      0.19753
      4.99399      0.97665      0.84228      0.13437
      5.00399      0.42135      0.36415      0.05720
      5.01399      0.38929      0.33533      0.05396
      5.02399      0.73986      0.63553      0.10433
      5.03399      0.77083      0.66199      0.10884
      5.04399      0.61674      0.53314      0.08360
      5.05399      0.62347      0.54059      0.08289
      5.06399      0.78721      0.67399      0.11322
      5.07399      1.14967      0.97560      0.17408
      5.08399      1.00539      0.85234      0.15306
      5.09399      0.51250      0.43703      0.07547
      5.10399      0.39681      0.34178      0.05503
      5.11399      0.51495      0.44312      0.07183
      5.12399      0.67963      0.58076      0.09886
      5.13399      0.87341      0.74324      0.13016
      5.14399      0.80085      0.68383      0.11702
      5.15399      0.47880      0.41059      0.06821
      5.16399      0.31567      0.26965      0.04603
      5.17399      0.50471      0.42757      0.07713
      5.18399      0.92916      0.78092      0.14824
      5.19399      1.09802      0.91858      0.17944
      5.20399      0.63156      0.52813      0.10343
      5.21399      0.30493      0.25799      0.04695
      5.22399      0.33643      0.28661      0.04982
      5.23399      0.38331      0.32538      0.05792
      5.24399      0.47136      0.39774      0.07362
      5.25399      0.67905      0.56898      0.11007
      5.26399      0.69053      0.57730      0.11323
      5.27399      0.37338      0.31267      0.06071
      5.28399      0.28279      0.23798      0.04481
      5.29399      0.32989      0.27747      0.05242
      5.30399      0.38283      0.32037      0.06246
      5.31399      0.66363      0.55185      0.11178
      5.32399      1.02890      0.85223      0.17667
      5.33399      1.04376      0.86638      0.17738
      5.34399      0.78793      0.65898      0.12895
      5.35399      0.47386      0.39853      0.07533
      5.36399      0.18170      0.15289      0.02881
      5.37399      0.13788      0.11451      0.02337
      5.38399      0.31111      0.25723      0.05388
      5.39399      0.49307      0.40651      0.08656
      5.40399      0.55193      0.45448      0.09745
      5.41399      0.43110      0.35603      0.07507
      5.42399      0.30968      0.25651      0.05317
      5.43399      0.30825      0.25538      0.05287
      5.44399      0.38338      0.31735      0.06603
      5.45399      0.47050      0.38855      0.08195
      5.46399      0.65487      0.53778      0.11709
      5.47399      0.89618      0.73273      0.16345
      5.48399      0.70365      0.57409      0.12955
      5.49399      0.29360      0.23967      0.05393
      5.50399      0.24335      0.19998      0.04337
      5.51399      0.32157      0.26472      0.05685
      5.52399      0.29625      0.24379      0.05246
      5.53399      0.31824      0.26133      0.05691
      5.54399      0.40117      0.32811      0.07306
      5.55399      0.51451      0.41920      0.09531
      5.56399      0.61007      0.49733      0.11274
      5.57399      0.51325      0.41994      0.09331
      5.58399      0.40442      0.33183      0.07259
      5.59399      0.33674      0.27564      0.06110
      5.60399      0.30431      0.24806      0.05625
      5.61399      0.42807      0.34811      0.07996
      5.62399      0.56901      0.46133      0.10768
      5.63399      0.65519      0.52872      0.12647
      5.64399      0.61312      0.49328      0.11985
      5.65399      0.32983      0.26525      0.06457
      5.66399      0.18961      0.15354      0.03607
      5.67399      0.30942      0.25142      0.05800
      5.68399      0.34067      0.27638      0.06429
      5.69399      0.23692      0.19181      0.04510
      5.70399      0.25809      0.20892      0.04917
      5.71399      0.48188      0.38920      0.09268
      5.72399      0.60564      0.48784      0.11781
      5.73399      0.42296      0.33977      0.08319
      5.74399      0.22502      0.18061      0.04440
      5.75399      0.25302      0.20369      0.04932
      5.76399      0.27989      0.22548      0.05440
      5.77399      0.22698      0.18247      0.04451
      5.78399      0.27023      0.21682      0.05342
      5.79399      0.38591      0.30940      0.07651
      5.80399      0.53202      0.42551      0.10650
      5.81399      0.78379      0.62613      0.15766
      5.82399      0.87746      0.70166      0.17580
      5.83399      0.62135      0.49803      0.12333
      5.84399      0.35900      0.28850      0.07050
      5.85399      0.16855      0.13553      0.03301
      5.86399      0.09649      0.07716      0.01932
      5.87399      0.20205      0.16102      0.04103
      5.88399      0.28146      0.22431      0.05716
      5.89399      0.25151      0.20018      0.05133
      5.90399      0.34959      0.27785      0.07175
      5.91399      0.45085      0.35841      0.09244
      5.92399      0.35861      0.28518      0.07343
      5.93399      0.24977      0.19870      0.05107
      5.94399      0.24516      0.19495      0.05021
      5.95399      0.28294      0.22482      0.05812
      5.96399      0.32553      0.25863      0.06690
      5.97399      0.37615      0.29851      0.07764
      5.98399      0.48416      0.38364      0.10051
      5.99399      0.59001      0.46673      0.12327
      6.00399      0.53196      0.42012      0.11185
      6.01399      0.32398      0.25572      0.06826
      6.02399      0.25504      0.20162      0.05342
      6.03399      0.30287      0.23966      0.06321
      6.04399      0.25589      0.20247      0.05342
      6.05399      0.21335      0.16870      0.04465
      6.06399      0.23904      0.18887      0.05017
      6.07399      0.29092      0.22959      0.06133
      6.08399      0.31725      0.25007      0.06718
      6.09399      0.46787      0.36860      0.09927
      6.10399      0.51748      0.40768      0.10980
      6.11399      0.39823      0.31391      0.08432
      6.12399      0.34585      0.27262      0.07323
      6.13399      0.28475      0.22421      0.06054
      6.14399      0.24107      0.18957      0.05149
      6.15399      0.35018      0.27517      0.07501
      6.16399      0.42155      0.33107      0.09048
      6.17399      0.36717      0.28808      0.07909
      6.18399      0.37865      0.29674      0.08191
      6.19399      0.42137      0.33005      0.09132
      6.20399      0.30406      0.23813      0.06592
      6.21399      0.21578      0.16908      0.04671
      6.22399      0.30069      0.23566      0.06503
      6.23399      0.30303      0.23741      0.06562
      6.24399      0.21128      0.16540      0.04588
      6.25399      0.16644      0.13024      0.03619
      6.26399      0.28281      0.22122      0.06159
      6.27399      0.46683      0.36497      0.10186
      6.28399      0.45130      0.35269      0.09861
      6.29399      0.28453      0.22225      0.06228
      6.30399      0.19806      0.15462      0.04344
      6.31399      0.24834      0.19380      0.05454
      6.32399      0.27226      0.21245      0.05981
      6.33399      0.17536      0.13680      0.03857
      6.34399      0.18549      0.14459      0.04090
      6.35399      0.27187      0.21187      0.06000
      6.36399      0.32233      0.25114      0.07119
      6.37399      0.38966      0.30349      0.08617
      6.38399      0.62961      0.49021      0.13940
      6.39399      0.79907      0.62202      0.17705
      6.40399      0.60860      0.47359      0.13501
      6.41399      0.35561      0.27657      0.07904
      6.42399      0.17108      0.13300      0.03808
      6.43399      0.05894      0.04581      0.01313
      6.44399      0.09923      0.07709      0.02213
      6.45399      0.24696      0.19186      0.05510
      6.46399      0.25094      0.19494      0.05601
      6.47399      0.17316      0.13448      0.03868
      6.48399      0.28657      0.22249      0.06408
      6.49399      0.39234      0.30456      0.08778
      6.50399      0.32277      0.25048      0.07229
      6.51399      0.23514      0.18236      0.05279
      6.52399      0.20810      0.16130      0.04680
      6.53399      0.23349      0.18095      0.05254
      6.54399      0.28755      0.22275      0.06481
      6.55399      0.29842      0.23111      0.06730
      6.56399      0.35977      0.27865      0.08112
      6.57399      0.44233      0.34266      0.09967
      6.58399      0.44980      0.34871      0.10109
      6.59399      0.36397      0.28235      0.08162
      6.60399      0.22987      0.17822      0.05165
      6.61399      0.24701      0.19111      0.05590
      6.62399      0.29850      0.23079      0.06771
      6.63399      0.23469      0.18140      0.05330
      6.64399      0.19523      0.15083      0.04440
      6.65399      0.20204      0.15602      0.04602
      6.66399      0.24298      0.18775      0.05523
      6.67399      0.26818      0.20738      0.06080
      6.68399      0.36613      0.28299      0.08314
      6.69399      0.46686      0.36075      0.10611
      6.70399      0.39190      0.30254      0.08936
      6.71399      0.32173      0.24801      0.07373
      6.72399      0.28407      0.21907      0.06501
      6.73399      0.23041      0.17787      0.05254
      6.74399      0.24389      0.18823      0.05566
      6.75399      0.36025      0.27810      0.08215
      6.76399      0.37839      0.29231      0.08608
      6.77399      0.31033      0.24004      0.07029
      6.78399      0.32366      0.25067      0.07299
      6.79399      0.31112      0.24105      0.07007
      6.80399      0.18653      0.14442      0.04211
      6.81399      0.17405      0.13418      0.03987
      6.82399      0.28846      0.22210      0.06635
      6.83399      0.27716      0.21356      0.06359
      6.84399      0.20422      0.15761      0.04661
      6.85399      0.16823      0.12969      0.03854
      6.86399      0.24613      0.18943      0.05670
      6.87399      0.41526      0.32001      0.09525
      6.88399      0.45241      0.34920      0.10321
      6.89399      0.27192      0.21022      0.06171
      6.90399      0.12993      0.10050      0.02943
      6.91399      0.17695      0.13650      0.04045
      6.92399      0.27769      0.21402      0.06367
      6.93399      0.20051      0.15454      0.04597
      6.94399      0.14636      0.11299      0.03337
      6.95399      0.23557      0.18182      0.05375
      6.96399      0.30406      0.23457      0.06949
      6.97399      0.33871      0.26169      0.07702
      6.98399      0.47980      0.37090      0.10890
      6.99399      0.65641      0.50690      0.14951
      7.00399      0.58325      0.44966      0.13359
      7.01399      0.39769      0.30586      0.09183
      7.02399      0.24365      0.18709      0.05656
      7.03399      0.09770      0.07501      0.02270
      7.04399      0.05023      0.03876      0.01148
      7.05399      0.15794      0.12216      0.03579
      7.06399      0.27847      0.21534      0.06313
      7.07399      0.21842      0.16893      0.04949
      7.08399      0.21019      0.16263      0.04756
      7.09399      0.30218      0.23360      0.06858
      7.10399      0.28453      0.21981      0.06472
      7.11399      0.23291      0.17994      0.05297
      7.12399      0.21209      0.16378      0.04831
      7.13399      0.21151      0.16341      0.04810
      7.14399      0.26092      0.20162      0.05930
      7.15399      0.30221      0.23336      0.06884
      7.16399      0.33556      0.25943      0.07613
      7.17399      0.44355      0.34342      0.10013
      7.18399      0.47189      0.36588      0.10601
      7.19399      0.28930      0.22469      0.06461
      7.20399      0.10969      0.08522      0.02447
      7.21399      0.14568      0.11281      0.03287
      7.22399      0.28066      0.21714      0.06352
      7.23399      0.26960      0.20851      0.06109
      7.24399      0.21042      0.16274      0.04767
      7.25399      0.20568      0.15906      0.04662
      7.26399      0.25972      0.20114      0.05857
      7.27399      0.28857      0.22406      0.06452
      7.28399      0.32093      0.24919      0.07174
      7.29399      0.37875      0.29355      0.08519
      7.30399      0.32898      0.25447      0.07451
      7.31399      0.30986      0.23930      0.07056
      7.32399      0.31502      0.24373      0.07129
      7.33399      0.25732      0.19974      0.05758
      7.34399      0.26078      0.20275      0.05803
      7.35399      0.39701      0.30900      0.08801
      7.36399      0.44596      0.34780      0.09817
      7.37399      0.37371      0.29226      0.08145
      7.38399      0.23040      0.18052      0.04988
      7.39399      0.07958      0.06237      0.01721
      7.40399      0.05174      0.04029      0.01145
      7.41399      0.17761      0.13805      0.03956
      7.42399      0.32005      0.24892      0.07113
      7.43399      0.29272      0.22820      0.06452
      7.44399      0.18541      0.14487      0.04054
      7.45399      0.20166      0.15730      0.04436
      7.46399      0.41447      0.32362      0.09085
      7.47399      0.48971      0.38288      0.10683
      7.48399      0.25255      0.19755      0.05500
      7.49399      0.08237      0.06450      0.01786
      7.50399      0.14944      0.11717      0.03228
      7.51399      0.27023      0.21169      0.05854
      7.52399      0.23786      0.18641      0.05144
      7.53399      0.20841      0.16397      0.04444
      7.54399      0.29772      0.23448      0.06324
      7.55399      0.41249      0.32496      0.08753
      7.56399      0.39281      0.30970      0.08311
      7.57399      0.37806      0.29744      0.08062
      7.58399      0.45650      0.35837      0.09813
      7.59399      0.42031      0.32946      0.09085
      7.60399      0.32255      0.25238      0.07017
      7.61399      0.19409      0.15188      0.04220
      7.62399      0.13097      0.10339      0.02759
      7.63399      0.22964      0.18228      0.04735
      7.64399      0.29273      0.23238      0.06035
      7.65399      0.20642      0.16390      0.04252
      7.66399      0.15836      0.12544      0.03292
      7.67399      0.23715      0.18767      0.04948
      7.68399      0.26873      0.21308      0.05565
      7.69399      0.24551      0.19506      0.05045
      7.70399      0.27147      0.21614      0.05534
      7.71399      0.30732      0.24509      0.06223
      7.72399      0.40069      0.31971      0.08098
      7.73399      0.45756      0.36528      0.09228
      7.74399      0.37738      0.30092      0.07646
      7.75399      0.21663      0.17240      0.04423
      7.76399      0.09441      0.07533      0.01908
      7.77399      0.14440      0.11586      0.02854
      7.78399      0.26455      0.21202      0.05252
      7.79399      0.29144      0.23344      0.05801
      7.80399      0.28809      0.23141      0.05670
      7.81399      0.31720      0.25591      0.06168
      7.82399      0.29792      0.24731      0.05620
      7.83399      0.30177      0.29075      0.04609
      7.84399      0.56273      0.65176      0.05777
      7.85399      1.28311      1.76489      0.06398
      7.86399      2.55532      3.73460      0.07514
      7.87399      3.10297      4.56319      0.08508
      7.88399      2.57257      3.73360      0.08192
      7.89399      2.13775      2.98491      0.09584
      7.90399      1.97478      2.80001      0.07815
      7.91399      1.63715      2.46960      0.02932
      7.92399      1.29406      2.03022      0.00499
      7.93399      1.14492      1.79217      0.00601
      7.94399      1.15094      1.69374      0.03086
      7.95399      1.34249      1.82817      0.06861
      7.96399      1.54743      2.16108      0.06695
      7.97399      1.46947      2.15671      0.04285
      7.98399      1.30406      1.84418      0.05438
      7.99399      1.26923      1.68697      0.07532
      8.00399      1.13424      1.57385      0.05320
      8.01399      1.14462      1.67134      0.03500
      8.02399      1.19396      1.67002      0.04858
      8.03399      1.23352      1.63543      0.06658
      8.04399      1.14916      1.53627      0.05985
      8.05399      0.95512      1.33800      0.04044
      8.06399      1.09412      1.58130      0.04077
      8.07399      1.24841      1.75602      0.05564
      8.08399      1.17359      1.55083      0.07125
      8.09399      0.96901      1.21824      0.07258
      8.10399      0.92031      1.13429      0.07279
      8.11399      1.11142      1.46823      0.06120
      8.12399      1.17955      1.67368      0.03883
      8.13399      0.95513      1.39786      0.02433
      8.14399      0.74544      1.03455      0.02942
      8.15399      0.80894      1.00611      0.05290
      8.16399      1.09322      1.38169      0.06785
      8.17399      1.21428      1.60990      0.06297
      8.18399      1.03604      1.46580      0.03949
      8.19399      0.96776      1.38943      0.03455
      8.20399      1.04466      1.44292      0.04579
      8.21399      1.11584      1.51291      0.04617
      8.22399      1.08787      1.46260      0.03960
      8.23399      1.04306      1.37104      0.04414
      8.24399      0.96761      1.27256      0.04590
      8.25399      0.89592      1.22013      0.03623
      8.26399      1.04199      1.39674      0.04180
      8.27399      1.16695      1.51759      0.05318
      8.28399      1.20043      1.50020      0.06486
      8.29399      1.09378      1.29218      0.06853
      8.30399      1.02453      1.19309      0.06205
      8.31399      1.16066      1.52002      0.04296
      8.32399      1.24623      1.81655      0.02208
      8.33399      1.17913      1.69862      0.02294
      8.34399      1.11085      1.50863      0.03110
      8.35399      1.11252      1.48316      0.03425
      8.36399      1.24389      1.61609      0.04172
      8.37399      1.36601      1.70300      0.05193
      8.38399      1.15636      1.43314      0.04353
      8.39399      0.91474      1.18491      0.02600
      8.40399      1.14997      1.53595      0.02259
      8.41399      1.44896      1.88166      0.03012
      8.42399      1.43951      1.80541      0.03627
      8.43399      1.38881      1.70984      0.03791
      8.44399      1.50956      1.84108      0.03710
      8.45399      1.53394      1.90065      0.02855
      8.46399      1.30079      1.61765      0.01944
      8.47399      1.06670      1.28029      0.01356
      8.48399      1.32021      1.58542      0.01220
      8.49399      2.05212      2.61163      0.01131
      8.50399      2.31871      3.01378      0.00669
      8.51399      2.06645      2.59946      0.00255
      8.52399      2.26551      2.71342      0.00070
      8.53399      2.78331      3.28446      0.00013
      8.54399      3.35624      3.93629      0.00001
      8.55399      3.44175      4.02827      0.00000
      8.56399      2.31191      2.74101      0.00000
      8.57399      0.98930      1.25562      0.00000
      8.58399      0.42749      0.66068      0.00000
      8.59399      0.38192      0.66489      0.00000
      8.60399      0.34146      0.60246      0.00000
      8.61399      0.28018      0.49146      0.00000
      8.62399      0.35735      0.61738      0.00000
      8.63399      0.33864      0.57694      0.00000
      8.64399      0.25474      0.43258      0.00000
      8.65399      0.28884      0.49424      0.00000
      8.66399      0.23137      0.39631      0.00000
      8.67399      0.11301      0.19450      0.00000
      8.68399      0.23915      0.41860      0.00000
      8.69399      0.56126      0.99001      0.00000
      8.70399      0.63958      1.13584      0.00000
      8.71399      0.45429      0.81037      0.00000
      8.72399      0.37102      0.65357      0.00000
      8.73399      0.37804      0.65515      0.00000
      8.74399      0.33908      0.58577      0.00000
      8.75399      0.33489      0.57550      0.00000
      8.76399      0.32683      0.55875      0.00000
      8.77399      0.27128      0.46198      0.00000
      8.78399      0.25348      0.43213      0.00000
      8.79399      0.25450      0.44311      0.00000
      8.80399      0.34000      0.60209      0.00000
      8.81399      0.37801      0.66908      0.00000
      8.82399      0.37896      0.65577      0.00000
      8.83399      0.41834      0.70985      0.00000
      8.84399      0.33747      0.57626      0.00000
      8.85399      0.22961      0.39048      0.00000
      8.86399      0.22227      0.37377      0.00000
      8.87399      0.21891      0.37210      0.00000
      8.88399      0.18949      0.31949      0.00000
      8.89399      0.18710      0.30876      0.00000
      8.90399      0.23532      0.40049      0.00000
      8.91399      0.43210      0.76584      0.00000
      8.92399      0.62216      1.11133      0.00000
      8.93399      0.59104      1.04829      0.00000
      8.94399      0.43947      0.77759      0.00000
      8.95399      0.38024      0.66658      0.00000
      8.96399      0.41817      0.71753      0.00000
      8.97399      0.39731      0.67481      0.00000
      8.98399      0.31953      0.54242      0.00000
      8.99399      0.24917      0.42416      0.00000
      9.00399      0.21828      0.36945      0.00000
      9.01399      0.22761      0.37911      0.00000
      9.02399      0.31184      0.51327      0.00000
      9.03399      0.43051      0.72123      0.00000
      9.04399      0.46716      0.80601      0.00000
      9.05399      0.39484      0.68939      0.00000
      9.06399      0.34543      0.59442      0.00000
      9.07399      0.28691      0.48801      0.00000
      9.08399      0.27187      0.45866      0.00000
      9.09399      0.28372      0.46779      0.00000
      9.10399      0.24998      0.41146      0.00000
      9.11399      0.20902      0.34195      0.00000
      9.12399      0.25563      0.40506      0.00000
      9.13399      0.26324      0.41542      0.00000
      9.14399      0.14025      0.22420      0.00000
      9.15399      0.17905      0.30201      0.00000
      9.16399      0.48491      0.84232      0.00000
      9.17399      0.67357      1.19967      0.00000
      9.18399      0.56102      1.01885      0.00000
      9.19399      0.44806      0.81031      0.00000
      9.20399      0.45909      0.80328      0.00000
      9.21399      0.55714      0.93333      0.00000
      9.22399      0.58869      0.96118      0.00000
      9.23399      0.49114      0.79031      0.00000
      9.24399      0.37830      0.59583      0.00000
      9.25399      0.29132      0.44731      0.00000
      9.26399      0.22557      0.33911      0.00000
      9.27399      0.18988      0.28103      0.00000
      9.28399      0.17332      0.26136      0.00000
      9.29399      0.22731      0.37356      0.00000
      9.30399      0.38992      0.66711      0.00000
      9.31399      0.41653      0.72807      0.00000
      9.32399      0.41009      0.71090      0.00000
      9.33399      0.55245      0.90851      0.00000
      9.34399      0.56378      0.88914      0.00000
      9.35399      0.31608      0.48209      0.00000
      9.36399      0.10814      0.15889      0.00000
      9.37399      0.09158      0.12716      0.00000
      9.38399      0.13900      0.19138      0.00000
      9.39399      0.08927      0.12287      0.00000
      9.40399      0.02435      0.03368      0.00000
      9.41399      0.04861      0.07004      0.00000
      9.42399      0.28512      0.42231      0.00000
      9.43399      0.81713      1.26857      0.00000
      9.44399      1.33999      2.19667      0.00000
      9.45399      1.50005      2.53526      0.00000
      9.46399      1.09837      1.86927      0.00000
      9.47399      0.46039      0.76913      0.00000
      9.48399      0.14093      0.21214      0.00000
      9.49399      0.08397      0.11247      0.00000
      9.50399      0.17109      0.22649      0.00000
      9.51399      0.28389      0.37555      0.00000
      9.52399      0.29079      0.39147      0.00000
      9.53399      0.18585      0.25774      0.00000
      9.54399      0.09278      0.13365      0.00000
      9.55399      0.17352      0.24836      0.00000
      9.56399      0.40352      0.54959      0.00000
      9.57399      0.60698      0.82921      0.00000
      9.58399      0.76641      1.15529      0.00000
      9.59399      0.84589      1.38164      0.00000
      9.60399      0.62889      1.03316      0.00000
      9.61399      0.39975      0.58588      0.00000
      9.62399      0.35708      0.46277      0.00000
      9.63399      0.36200      0.46943      0.00000
      9.64399      0.27086      0.35702      0.00000
      9.65399      0.29510      0.37839      0.00000
      9.66399      0.48540      0.60696      0.00000
      9.67399      0.53552      0.67084      0.00000
      9.68399      0.56470      0.72926      0.00000
      9.69399      0.52626      0.68570      0.00000
      9.70399      0.44299      0.58877      0.00000
      9.71399      0.51894      0.69686      0.00000
      9.72399      0.75572      1.02152      0.00000
      9.73399      1.11994      1.66463      0.00000
      9.74399      1.45786      2.33398      0.00000
      9.75399      1.27215      1.97050      0.00002
      9.76399      0.78711      1.04401      0.00020
      9.77399      0.54250      0.59728      0.00129
      9.78399      0.64093      0.67342      0.00472
      9.79399      0.92564      0.98573      0.01146
      9.80399      1.13810      1.20132      0.02329
      9.81399      1.27706      1.32657      0.03739
      9.82399      1.17056      1.23427      0.03778
      9.83399      0.87068      0.94305      0.02476
      9.84399      0.77221      0.83133      0.01880
      9.85399      0.74172      0.78854      0.01647
      9.86399      0.69285      0.76589      0.01146
      9.87399      0.70840      0.82815      0.01259
      9.88399      0.86383      1.03115      0.02231
      9.89399      1.18108      1.48335      0.03213
      9.90399      1.18493      1.57242      0.02514
      9.91399      0.84298      1.10943      0.00888
      9.92399      0.58545      0.72689      0.00247
      9.93399      0.49483      0.59163      0.00453
      9.94399      0.41479      0.46324      0.00887
      9.95399      0.43173      0.44410      0.01449
      9.96399      0.50704      0.54486      0.01608
      9.97399      0.49584      0.58814      0.00854
      9.98399      0.45423      0.54583      0.00221
      9.99399      0.42911      0.50487      0.00166
     10.00399      0.51361      0.61583      0.00376
     10.01399      0.51802      0.61897      0.00761
     10.02399      0.60333      0.72629      0.01435
     10.03399      0.91005      1.10413      0.02578
     10.04399      1.10777      1.35679      0.03452
     10.05399      1.08322      1.48832      0.02459
     10.06399      1.01665      1.63159      0.00765
     10.07399      0.73640      1.24980      0.00097
     10.08399      0.35804      0.55323      0.00026
     10.09399      0.21470      0.25489      0.00132
     10.10399      0.20423      0.21494      0.00311
     10.11399      0.27517      0.31260      0.00393
     10.12399      0.48645      0.58832      0.00707
     10.13399      0.58793      0.70071      0.01363
     10.14399      0.44402      0.48923      0.01782
     10.15399      0.30830      0.31308      0.01292
     10.16399      0.24659      0.25873      0.00414
     10.17399      0.27544      0.31687      0.00053
     10.18399      0.42323      0.53113      0.00006
     10.19399      0.54362      0.72779      0.00035
     10.20399      0.49548      0.65730      0.00140
     10.21399      0.37722      0.47558      0.00312
     10.22399      0.40820      0.56075      0.00605
     10.23399      0.57318      0.83710      0.01065
     10.24399      0.68740      0.94899      0.01829
     10.25399      0.76267      0.90130      0.03053
     10.26399      0.79507      0.83851      0.03644
     10.27399      0.55534      0.58096      0.02229
     10.28399      0.21235      0.24070      0.00585
     10.29399      0.12115      0.18005      0.00061
     10.30399      0.15113      0.23488      0.00002
     10.31399      0.16124      0.21285      0.00000
     10.32399      0.26868      0.30904      0.00000
     10.33399      0.34239      0.42737      0.00003
     10.34399      0.29979      0.42509      0.00051
     10.35399      0.36056      0.49822      0.00289
     10.36399      0.54695      0.71993      0.00638
     10.37399      0.58357      0.76364      0.00813
     10.38399      0.53299      0.68388      0.01347
     10.39399      0.54275      0.73014      0.01909
     10.40399      0.58204      0.89777      0.01417
     10.41399      0.66265      1.12213      0.00475
     10.42399      0.52919      0.89765      0.00065
     10.43399      0.22200      0.35503      0.00003
     10.44399      0.16975      0.21106      0.00000
     10.45399      0.27851      0.33229      0.00003
     10.46399      0.25659      0.31579      0.00027
     10.47399      0.27554      0.35213      0.00098
     10.48399      0.35930      0.45151      0.00200
     10.49399      0.36223      0.41899      0.00418
     10.50399      0.31387      0.33042      0.00741
     10.51399      0.26772      0.26499      0.01149
     10.52399      0.36467      0.37427      0.01864
     10.53399      0.62916      0.69017      0.03038
     10.54399      0.77869      0.88382      0.03849
     10.55399      0.54824      0.66691      0.02641
     10.56399      0.22349      0.30690      0.00797
     10.57399      0.12532      0.17720      0.00097
     10.58399      0.25660      0.37526      0.00005
     10.59399      0.38064      0.60758      0.00000
     10.60399      0.42949      0.69845      0.00000
     10.61399      0.37414      0.56819      0.00001
     10.62399      0.17762      0.24844      0.00016
     10.63399      0.08620      0.09680      0.00107
     10.64399      0.13713      0.13858      0.00257
     10.65399      0.16775      0.19240      0.00235
     10.66399      0.23778      0.32046      0.00172
     10.67399      0.34326      0.43907      0.00505
     10.68399      0.30429      0.34153      0.01042
     10.69399      0.22967      0.23483      0.01406
     10.70399      0.31169      0.35188      0.01895
     10.71399      0.46181      0.58674      0.01544
     10.72399      0.54373      0.71742      0.00546
     10.73399      0.42862      0.58546      0.00079
     10.74399      0.25632      0.39873      0.00005
     10.75399      0.21698      0.34910      0.00000
     10.76399      0.29798      0.45030      0.00000
     10.77399      0.37276      0.60189      0.00000
     10.78399      0.42522      0.75564      0.00000
     10.79399      0.47611      0.82357      0.00001
     10.80399      0.33853      0.52366      0.00020
     10.81399      0.17450      0.22120      0.00146
     10.82399      0.22536      0.25483      0.00416
     10.83399      0.30396      0.34968      0.00620
     10.84399      0.28639      0.31800      0.00922
     10.85399      0.36388      0.40690      0.01395
     10.86399      0.54633      0.63162      0.02154
     10.87399      0.58472      0.63490      0.03374
     10.88399      0.45934      0.44520      0.03854
     10.89399      0.23723      0.21737      0.02287
     10.90399      0.07735      0.07828      0.00585
     10.91399      0.12184      0.16321      0.00060
     10.92399      0.27040      0.37524      0.00002
     10.93399      0.28345      0.41706      0.00000
     10.94399      0.23709      0.37476      0.00000
     10.95399      0.23014      0.32796      0.00000
     10.96399      0.18671      0.23887      0.00000
     10.97399      0.16398      0.26389      0.00000
     10.98399      0.21992      0.40049      0.00001
     10.99399      0.28290      0.46497      0.00014
     11.00399      0.34698      0.49548      0.00134
     11.01399      0.31794      0.40742      0.00457
     11.02399      0.19596      0.21911      0.00579
     11.03399      0.07933      0.07948      0.00352
     11.04399      0.08141      0.07828      0.00584
     11.05399      0.22623      0.23609      0.01378
     11.06399      0.41853      0.48217      0.01887
     11.07399      0.42876      0.51910      0.01755
     11.08399      0.19652      0.24061      0.00871
     11.09399      0.04270      0.05408      0.00177
     11.10399      0.06793      0.09935      0.00014
     11.11399      0.24043      0.34406      0.00000
     11.12399      0.40570      0.56501      0.00000
     11.13399      0.41035      0.57350      0.00000
     11.14399      0.31840      0.47679      0.00000
     11.15399      0.27987      0.43243      0.00000
     11.16399      0.29974      0.44091      0.00001
     11.17399      0.31412      0.50807      0.00011
     11.18399      0.36380      0.63950      0.00090
     11.19399      0.40975      0.67835      0.00263
     11.20399      0.28010      0.41183      0.00338
     11.21399      0.14485      0.16876      0.00466
     11.22399      0.15821      0.15302      0.00841
     11.23399      0.19635      0.19425      0.01116
     11.24399      0.29847      0.31806      0.01623
     11.25399      0.41471      0.44300      0.02518
     11.26399      0.47426      0.47878      0.03667
     11.27399      0.51494      0.54699      0.03521
     11.28399      0.42047      0.51572      0.01635
     11.29399      0.19031      0.26246      0.00318
     11.30399      0.03904      0.05786      0.00024
     11.31399      0.00338      0.00521      0.00001
     11.32399      0.00368      0.00495      0.00000
     11.33399      0.04041      0.05490      0.00000
     11.34399      0.17872      0.24925      0.00000
