cpu-bind=MASK - n2lcn0141, task  0  0 [935584]: mask |BBBBBBBB|BBBBBBBB||BBBBBBBB|BBBBBBBB||BBBBBBBB|BBBBBBBB||BBBBBBBB|BBBBBBBB||||BBBBBBBB|BBBBBBBB||BBBBBBBB|BBBBBBBB||BBBBBBBB|BBBBBBBB||BBBBBBBB|BBBBBBBB|  set
The following modules were not unloaded:
  (Use "module --force purge" to unload all):

  1) pc2fs   2) slurm/24.11.5-1   3) DefaultModules
cpu-bind=MASK - n2lcn0158, task 64  0 [3475642]: mask |BB------|--------||--------|--------||--------|--------||--------|--------||||--------|--------||--------|--------||--------|--------||--------|--------|  set
cpu-bind=MASK - n2lcn0158, task 65  1 [3475643]: mask |--BB----|--------||--------|--------||--------|--------||--------|--------||||--------|--------||--------|--------||--------|--------||--------|--------|  set
cpu-bind=MASK - n2lcn0164, task 128  0 [14130]: mask |BB------|--------||--------|--------||--------|--------||--------|--------||||--------|--------||--------|--------||--------|--------||--------|--------|  set
cpu-bind=MASK - n2lcn0158, task 66  2 [3475644]: mask |----BB--|--------||--------|--------||--------|--------||--------|--------||||--------|--------||--------|--------||--------|--------||--------|--------|  set
cpu-bind=MASK - n2lcn0164, task 129  1 [14131]: mask |--BB----|--------||--------|--------||--------|--------||--------|--------||||--------|--------||--------|--------||--------|--------||--------|--------|  set
cpu-bind=MASK - n2lcn0158, task 67  3 [3475645]: mask |------BB|--------||--------|--------||--------|--------||--------|--------||||--------|--------||--------|--------||--------|--------||--------|--------|  set
cpu-bind=MASK - n2lcn0164, task 130  2 [14132]: mask |----BB--|--------||--------|--------||--------|--------||--------|--------||||--------|--------||--------|--------||--------|--------||--------|--------|  set
cpu-bind=MASK - n2lcn0158, task 68  4 [3475646]: mask |--------|BB------||--------|--------||--------|--------||--------|--------||||--------|--------||--------|--------||--------|--------||--------|--------|  set
cpu-bind=MASK - n2lcn0164, task 131  3 [14133]: mask |------BB|--------||--------|--------||--------|--------||--------|--------||||--------|--------||--------|--------||--------|--------||--------|--------|  set
cpu-bind=MASK - n2lcn0158, task 69  5 [3475647]: mask |--------|--BB----||--------|--------||--------|--------||--------|--------||||--------|--------||--------|--------||--------|--------||--------|--------|  set
cpu-bind=MASK - n2lcn0164, task 132  4 [14134]: mask |--------|BB------||--------|--------||--------|--------||--------|--------||||--------|--------||--------|--------||--------|--------||--------|--------|  set
cpu-bind=MASK - n2lcn0158, task 70  6 [3475648]: mask |--------|----BB--||--------|--------||--------|--------||--------|--------||||--------|--------||--------|--------||--------|--------||--------|--------|  set
cpu-bind=MASK - n2lcn0164, task 133  5 [14135]: mask |--------|--BB----||--------|--------||--------|--------||--------|--------||||--------|--------||--------|--------||--------|--------||--------|--------|  set
cpu-bind=MASK - n2lcn0158, task 71  7 [3475649]: mask |--------|------BB||--------|--------||--------|--------||--------|--------||||--------|--------||--------|--------||--------|--------||--------|--------|  set
cpu-bind=MASK - n2lcn0164, task 134  6 [14136]: mask |--------|----BB--||--------|--------||--------|--------||--------|--------||||--------|--------||--------|--------||--------|--------||--------|--------|  set
cpu-bind=MASK - n2lcn0158, task 72  8 [3475650]: mask |--------|--------||BB------|--------||--------|--------||--------|--------||||--------|--------||--------|--------||--------|--------||--------|--------|  set
cpu-bind=MASK - n2lcn0164, task 135  7 [14137]: mask |--------|------BB||--------|--------||--------|--------||--------|--------||||--------|--------||--------|--------||--------|--------||--------|--------|  set
cpu-bind=MASK - n2lcn0141, task  0  0 [936050]: mask |BB------|--------||--------|--------||--------|--------||--------|--------||||--------|--------||--------|--------||--------|--------||--------|--------|  set
cpu-bind=MASK - n2lcn0164, task 136  8 [14138]: mask |--------|--------||BB------|--------||--------|--------||--------|--------||||--------|--------||--------|--------||--------|--------||--------|--------|  set
cpu-bind=MASK - n2lcn0158, task 73  9 [3475651]: mask |--------|--------||--BB----|--------||--------|--------||--------|--------||||--------|--------||--------|--------||--------|--------||--------|--------|  set
cpu-bind=MASK - n2lcn0141, task  1  1 [936051]: mask |--BB----|--------||--------|--------||--------|--------||--------|--------||||--------|--------||--------|--------||--------|--------||--------|--------|  set
cpu-bind=MASK - n2lcn0164, task 137  9 [14139]: mask |--------|--------||--BB----|--------||--------|--------||--------|--------||||--------|--------||--------|--------||--------|--------||--------|--------|  set
cpu-bind=MASK - n2lcn0158, task 74 10 [3475652]: mask |--------|--------||----BB--|--------||--------|--------||--------|--------||||--------|--------||--------|--------||--------|--------||--------|--------|  set
cpu-bind=MASK - n2lcn0141, task  2  2 [936052]: mask |----BB--|--------||--------|--------||--------|--------||--------|--------||||--------|--------||--------|--------||--------|--------||--------|--------|  set
cpu-bind=MASK - n2lcn0164, task 138 10 [14140]: mask |--------|--------||----BB--|--------||--------|--------||--------|--------||||--------|--------||--------|--------||--------|--------||--------|--------|  set
cpu-bind=MASK - n2lcn0158, task 75 11 [3475653]: mask |--------|--------||------BB|--------||--------|--------||--------|--------||||--------|--------||--------|--------||--------|--------||--------|--------|  set
cpu-bind=MASK - n2lcn0141, task  3  3 [936053]: mask |------BB|--------||--------|--------||--------|--------||--------|--------||||--------|--------||--------|--------||--------|--------||--------|--------|  set
cpu-bind=MASK - n2lcn0164, task 139 11 [14141]: mask |--------|--------||------BB|--------||--------|--------||--------|--------||||--------|--------||--------|--------||--------|--------||--------|--------|  set
cpu-bind=MASK - n2lcn0158, task 76 12 [3475654]: mask |--------|--------||--------|BB------||--------|--------||--------|--------||||--------|--------||--------|--------||--------|--------||--------|--------|  set
cpu-bind=MASK - n2lcn0141, task  4  4 [936054]: mask |--------|BB------||--------|--------||--------|--------||--------|--------||||--------|--------||--------|--------||--------|--------||--------|--------|  set
cpu-bind=MASK - n2lcn0164, task 140 12 [14142]: mask |--------|--------||--------|BB------||--------|--------||--------|--------||||--------|--------||--------|--------||--------|--------||--------|--------|  set
cpu-bind=MASK - n2lcn0158, task 77 13 [3475655]: mask |--------|--------||--------|--BB----||--------|--------||--------|--------||||--------|--------||--------|--------||--------|--------||--------|--------|  set
cpu-bind=MASK - n2lcn0141, task  5  5 [936055]: mask |--------|--BB----||--------|--------||--------|--------||--------|--------||||--------|--------||--------|--------||--------|--------||--------|--------|  set
cpu-bind=MASK - n2lcn0164, task 141 13 [14143]: mask |--------|--------||--------|--BB----||--------|--------||--------|--------||||--------|--------||--------|--------||--------|--------||--------|--------|  set
cpu-bind=MASK - n2lcn0158, task 78 14 [3475656]: mask |--------|--------||--------|----BB--||--------|--------||--------|--------||||--------|--------||--------|--------||--------|--------||--------|--------|  set
cpu-bind=MASK - n2lcn0141, task  6  6 [936056]: mask |--------|----BB--||--------|--------||--------|--------||--------|--------||||--------|--------||--------|--------||--------|--------||--------|--------|  set
cpu-bind=MASK - n2lcn0164, task 142 14 [14144]: mask |--------|--------||--------|----BB--||--------|--------||--------|--------||||--------|--------||--------|--------||--------|--------||--------|--------|  set
cpu-bind=MASK - n2lcn0158, task 79 15 [3475657]: mask |--------|--------||--------|------BB||--------|--------||--------|--------||||--------|--------||--------|--------||--------|--------||--------|--------|  set
cpu-bind=MASK - n2lcn0141, task  7  7 [936057]: mask |--------|------BB||--------|--------||--------|--------||--------|--------||||--------|--------||--------|--------||--------|--------||--------|--------|  set
cpu-bind=MASK - n2lcn0164, task 143 15 [14145]: mask |--------|--------||--------|------BB||--------|--------||--------|--------||||--------|--------||--------|--------||--------|--------||--------|--------|  set
cpu-bind=MASK - n2lcn0158, task 80 16 [3475658]: mask |--------|--------||--------|--------||BB------|--------||--------|--------||||--------|--------||--------|--------||--------|--------||--------|--------|  set
cpu-bind=MASK - n2lcn0141, task  8  8 [936058]: mask |--------|--------||BB------|--------||--------|--------||--------|--------||||--------|--------||--------|--------||--------|--------||--------|--------|  set
cpu-bind=MASK - n2lcn0164, task 144 16 [14146]: mask |--------|--------||--------|--------||BB------|--------||--------|--------||||--------|--------||--------|--------||--------|--------||--------|--------|  set
cpu-bind=MASK - n2lcn0158, task 81 17 [3475659]: mask |--------|--------||--------|--------||--BB----|--------||--------|--------||||--------|--------||--------|--------||--------|--------||--------|--------|  set
cpu-bind=MASK - n2lcn0141, task  9  9 [936059]: mask |--------|--------||--BB----|--------||--------|--------||--------|--------||||--------|--------||--------|--------||--------|--------||--------|--------|  set
cpu-bind=MASK - n2lcn0164, task 145 17 [14147]: mask |--------|--------||--------|--------||--BB----|--------||--------|--------||||--------|--------||--------|--------||--------|--------||--------|--------|  set
cpu-bind=MASK - n2lcn0166, task 192  0 [2001246]: mask |BB------|--------||--------|--------||--------|--------||--------|--------||||--------|--------||--------|--------||--------|--------||--------|--------|  set
cpu-bind=MASK - n2lcn0158, task 82 18 [3475660]: mask |--------|--------||--------|--------||----BB--|--------||--------|--------||||--------|--------||--------|--------||--------|--------||--------|--------|  set
cpu-bind=MASK - n2lcn0141, task 10 10 [936060]: mask |--------|--------||----BB--|--------||--------|--------||--------|--------||||--------|--------||--------|--------||--------|--------||--------|--------|  set
cpu-bind=MASK - n2lcn0166, task 193  1 [2001247]: mask |--BB----|--------||--------|--------||--------|--------||--------|--------||||--------|--------||--------|--------||--------|--------||--------|--------|  set
cpu-bind=MASK - n2lcn0164, task 146 18 [14148]: mask |--------|--------||--------|--------||----BB--|--------||--------|--------||||--------|--------||--------|--------||--------|--------||--------|--------|  set
cpu-bind=MASK - n2lcn0158, task 83 19 [3475661]: mask |--------|--------||--------|--------||------BB|--------||--------|--------||||--------|--------||--------|--------||--------|--------||--------|--------|  set
cpu-bind=MASK - n2lcn0141, task 11 11 [936061]: mask |--------|--------||------BB|--------||--------|--------||--------|--------||||--------|--------||--------|--------||--------|--------||--------|--------|  set
cpu-bind=MASK - n2lcn0164, task 147 19 [14149]: mask |--------|--------||--------|--------||------BB|--------||--------|--------||||--------|--------||--------|--------||--------|--------||--------|--------|  set
cpu-bind=MASK - n2lcn0166, task 194  2 [2001248]: mask |----BB--|--------||--------|--------||--------|--------||--------|--------||||--------|--------||--------|--------||--------|--------||--------|--------|  set
cpu-bind=MASK - n2lcn0158, task 84 20 [3475662]: mask |--------|--------||--------|--------||--------|BB------||--------|--------||||--------|--------||--------|--------||--------|--------||--------|--------|  set
cpu-bind=MASK - n2lcn0141, task 12 12 [936062]: mask |--------|--------||--------|BB------||--------|--------||--------|--------||||--------|--------||--------|--------||--------|--------||--------|--------|  set
cpu-bind=MASK - n2lcn0164, task 148 20 [14150]: mask |--------|--------||--------|--------||--------|BB------||--------|--------||||--------|--------||--------|--------||--------|--------||--------|--------|  set
cpu-bind=MASK - n2lcn0166, task 195  3 [2001249]: mask |------BB|--------||--------|--------||--------|--------||--------|--------||||--------|--------||--------|--------||--------|--------||--------|--------|  set
cpu-bind=MASK - n2lcn0158, task 85 21 [3475663]: mask |--------|--------||--------|--------||--------|--BB----||--------|--------||||--------|--------||--------|--------||--------|--------||--------|--------|  set
cpu-bind=MASK - n2lcn0141, task 13 13 [936063]: mask |--------|--------||--------|--BB----||--------|--------||--------|--------||||--------|--------||--------|--------||--------|--------||--------|--------|  set
cpu-bind=MASK - n2lcn0164, task 149 21 [14151]: mask |--------|--------||--------|--------||--------|--BB----||--------|--------||||--------|--------||--------|--------||--------|--------||--------|--------|  set
cpu-bind=MASK - n2lcn0158, task 86 22 [3475664]: mask |--------|--------||--------|--------||--------|----BB--||--------|--------||||--------|--------||--------|--------||--------|--------||--------|--------|  set
cpu-bind=MASK - n2lcn0166, task 196  4 [2001250]: mask |--------|BB------||--------|--------||--------|--------||--------|--------||||--------|--------||--------|--------||--------|--------||--------|--------|  set
cpu-bind=MASK - n2lcn0141, task 14 14 [936064]: mask |--------|--------||--------|----BB--||--------|--------||--------|--------||||--------|--------||--------|--------||--------|--------||--------|--------|  set
cpu-bind=MASK - n2lcn0164, task 150 22 [14152]: mask |--------|--------||--------|--------||--------|----BB--||--------|--------||||--------|--------||--------|--------||--------|--------||--------|--------|  set
cpu-bind=MASK - n2lcn0158, task 87 23 [3475665]: mask |--------|--------||--------|--------||--------|------BB||--------|--------||||--------|--------||--------|--------||--------|--------||--------|--------|  set
cpu-bind=MASK - n2lcn0166, task 197  5 [2001251]: mask |--------|--BB----||--------|--------||--------|--------||--------|--------||||--------|--------||--------|--------||--------|--------||--------|--------|  set
cpu-bind=MASK - n2lcn0141, task 15 15 [936065]: mask |--------|--------||--------|------BB||--------|--------||--------|--------||||--------|--------||--------|--------||--------|--------||--------|--------|  set
cpu-bind=MASK - n2lcn0164, task 151 23 [14153]: mask |--------|--------||--------|--------||--------|------BB||--------|--------||||--------|--------||--------|--------||--------|--------||--------|--------|  set
cpu-bind=MASK - n2lcn0166, task 198  6 [2001252]: mask |--------|----BB--||--------|--------||--------|--------||--------|--------||||--------|--------||--------|--------||--------|--------||--------|--------|  set
cpu-bind=MASK - n2lcn0141, task 16 16 [936066]: mask |--------|--------||--------|--------||BB------|--------||--------|--------||||--------|--------||--------|--------||--------|--------||--------|--------|  set
cpu-bind=MASK - n2lcn0158, task 88 24 [3475666]: mask |--------|--------||--------|--------||--------|--------||BB------|--------||||--------|--------||--------|--------||--------|--------||--------|--------|  set
cpu-bind=MASK - n2lcn0164, task 152 24 [14154]: mask |--------|--------||--------|--------||--------|--------||BB------|--------||||--------|--------||--------|--------||--------|--------||--------|--------|  set
cpu-bind=MASK - n2lcn0166, task 199  7 [2001253]: mask |--------|------BB||--------|--------||--------|--------||--------|--------||||--------|--------||--------|--------||--------|--------||--------|--------|  set
cpu-bind=MASK - n2lcn0141, task 17 17 [936067]: mask |--------|--------||--------|--------||--BB----|--------||--------|--------||||--------|--------||--------|--------||--------|--------||--------|--------|  set
cpu-bind=MASK - n2lcn0164, task 153 25 [14155]: mask |--------|--------||--------|--------||--------|--------||--BB----|--------||||--------|--------||--------|--------||--------|--------||--------|--------|  set
cpu-bind=MASK - n2lcn0158, task 89 25 [3475667]: mask |--------|--------||--------|--------||--------|--------||--BB----|--------||||--------|--------||--------|--------||--------|--------||--------|--------|  set
cpu-bind=MASK - n2lcn0166, task 200  8 [2001254]: mask |--------|--------||BB------|--------||--------|--------||--------|--------||||--------|--------||--------|--------||--------|--------||--------|--------|  set
cpu-bind=MASK - n2lcn0141, task 18 18 [936068]: mask |--------|--------||--------|--------||----BB--|--------||--------|--------||||--------|--------||--------|--------||--------|--------||--------|--------|  set
cpu-bind=MASK - n2lcn0164, task 154 26 [14156]: mask |--------|--------||--------|--------||--------|--------||----BB--|--------||||--------|--------||--------|--------||--------|--------||--------|--------|  set
cpu-bind=MASK - n2lcn0158, task 90 26 [3475668]: mask |--------|--------||--------|--------||--------|--------||----BB--|--------||||--------|--------||--------|--------||--------|--------||--------|--------|  set
cpu-bind=MASK - n2lcn0166, task 201  9 [2001255]: mask |--------|--------||--BB----|--------||--------|--------||--------|--------||||--------|--------||--------|--------||--------|--------||--------|--------|  set
cpu-bind=MASK - n2lcn0141, task 19 19 [936069]: mask |--------|--------||--------|--------||------BB|--------||--------|--------||||--------|--------||--------|--------||--------|--------||--------|--------|  set
cpu-bind=MASK - n2lcn0164, task 155 27 [14157]: mask |--------|--------||--------|--------||--------|--------||------BB|--------||||--------|--------||--------|--------||--------|--------||--------|--------|  set
cpu-bind=MASK - n2lcn0166, task 202 10 [2001256]: mask |--------|--------||----BB--|--------||--------|--------||--------|--------||||--------|--------||--------|--------||--------|--------||--------|--------|  set
cpu-bind=MASK - n2lcn0158, task 91 27 [3475669]: mask |--------|--------||--------|--------||--------|--------||------BB|--------||||--------|--------||--------|--------||--------|--------||--------|--------|  set
cpu-bind=MASK - n2lcn0141, task 20 20 [936070]: mask |--------|--------||--------|--------||--------|BB------||--------|--------||||--------|--------||--------|--------||--------|--------||--------|--------|  set
cpu-bind=MASK - n2lcn0164, task 156 28 [14158]: mask |--------|--------||--------|--------||--------|--------||--------|BB------||||--------|--------||--------|--------||--------|--------||--------|--------|  set
cpu-bind=MASK - n2lcn0166, task 203 11 [2001257]: mask |--------|--------||------BB|--------||--------|--------||--------|--------||||--------|--------||--------|--------||--------|--------||--------|--------|  set
cpu-bind=MASK - n2lcn0158, task 92 28 [3475670]: mask |--------|--------||--------|--------||--------|--------||--------|BB------||||--------|--------||--------|--------||--------|--------||--------|--------|  set
cpu-bind=MASK - n2lcn0141, task 21 21 [936071]: mask |--------|--------||--------|--------||--------|--BB----||--------|--------||||--------|--------||--------|--------||--------|--------||--------|--------|  set
cpu-bind=MASK - n2lcn0164, task 157 29 [14159]: mask |--------|--------||--------|--------||--------|--------||--------|--BB----||||--------|--------||--------|--------||--------|--------||--------|--------|  set
cpu-bind=MASK - n2lcn0166, task 204 12 [2001258]: mask |--------|--------||--------|BB------||--------|--------||--------|--------||||--------|--------||--------|--------||--------|--------||--------|--------|  set
cpu-bind=MASK - n2lcn0158, task 93 29 [3475671]: mask |--------|--------||--------|--------||--------|--------||--------|--BB----||||--------|--------||--------|--------||--------|--------||--------|--------|  set
cpu-bind=MASK - n2lcn0141, task 22 22 [936072]: mask |--------|--------||--------|--------||--------|----BB--||--------|--------||||--------|--------||--------|--------||--------|--------||--------|--------|  set
cpu-bind=MASK - n2lcn0164, task 158 30 [14160]: mask |--------|--------||--------|--------||--------|--------||--------|----BB--||||--------|--------||--------|--------||--------|--------||--------|--------|  set
cpu-bind=MASK - n2lcn0158, task 94 30 [3475672]: mask |--------|--------||--------|--------||--------|--------||--------|----BB--||||--------|--------||--------|--------||--------|--------||--------|--------|  set
cpu-bind=MASK - n2lcn0166, task 205 13 [2001259]: mask |--------|--------||--------|--BB----||--------|--------||--------|--------||||--------|--------||--------|--------||--------|--------||--------|--------|  set
cpu-bind=MASK - n2lcn0141, task 23 23 [936073]: mask |--------|--------||--------|--------||--------|------BB||--------|--------||||--------|--------||--------|--------||--------|--------||--------|--------|  set
cpu-bind=MASK - n2lcn0164, task 159 31 [14161]: mask |--------|--------||--------|--------||--------|--------||--------|------BB||||--------|--------||--------|--------||--------|--------||--------|--------|  set
cpu-bind=MASK - n2lcn0158, task 95 31 [3475673]: mask |--------|--------||--------|--------||--------|--------||--------|------BB||||--------|--------||--------|--------||--------|--------||--------|--------|  set
cpu-bind=MASK - n2lcn0166, task 206 14 [2001260]: mask |--------|--------||--------|----BB--||--------|--------||--------|--------||||--------|--------||--------|--------||--------|--------||--------|--------|  set
cpu-bind=MASK - n2lcn0141, task 24 24 [936074]: mask |--------|--------||--------|--------||--------|--------||BB------|--------||||--------|--------||--------|--------||--------|--------||--------|--------|  set
cpu-bind=MASK - n2lcn0164, task 160 32 [14162]: mask |--------|--------||--------|--------||--------|--------||--------|--------||||BB------|--------||--------|--------||--------|--------||--------|--------|  set
cpu-bind=MASK - n2lcn0158, task 96 32 [3475674]: mask |--------|--------||--------|--------||--------|--------||--------|--------||||BB------|--------||--------|--------||--------|--------||--------|--------|  set
cpu-bind=MASK - n2lcn0141, task 25 25 [936075]: mask |--------|--------||--------|--------||--------|--------||--BB----|--------||||--------|--------||--------|--------||--------|--------||--------|--------|  set
cpu-bind=MASK - n2lcn0166, task 207 15 [2001261]: mask |--------|--------||--------|------BB||--------|--------||--------|--------||||--------|--------||--------|--------||--------|--------||--------|--------|  set
cpu-bind=MASK - n2lcn0164, task 161 33 [14163]: mask |--------|--------||--------|--------||--------|--------||--------|--------||||--BB----|--------||--------|--------||--------|--------||--------|--------|  set
cpu-bind=MASK - n2lcn0158, task 97 33 [3475675]: mask |--------|--------||--------|--------||--------|--------||--------|--------||||--BB----|--------||--------|--------||--------|--------||--------|--------|  set
cpu-bind=MASK - n2lcn0141, task 26 26 [936076]: mask |--------|--------||--------|--------||--------|--------||----BB--|--------||||--------|--------||--------|--------||--------|--------||--------|--------|  set
cpu-bind=MASK - n2lcn0166, task 208 16 [2001262]: mask |--------|--------||--------|--------||BB------|--------||--------|--------||||--------|--------||--------|--------||--------|--------||--------|--------|  set
cpu-bind=MASK - n2lcn0164, task 162 34 [14164]: mask |--------|--------||--------|--------||--------|--------||--------|--------||||----BB--|--------||--------|--------||--------|--------||--------|--------|  set
cpu-bind=MASK - n2lcn0158, task 98 34 [3475676]: mask |--------|--------||--------|--------||--------|--------||--------|--------||||----BB--|--------||--------|--------||--------|--------||--------|--------|  set
cpu-bind=MASK - n2lcn0141, task 27 27 [936077]: mask |--------|--------||--------|--------||--------|--------||------BB|--------||||--------|--------||--------|--------||--------|--------||--------|--------|  set
cpu-bind=MASK - n2lcn0166, task 209 17 [2001263]: mask |--------|--------||--------|--------||--BB----|--------||--------|--------||||--------|--------||--------|--------||--------|--------||--------|--------|  set
cpu-bind=MASK - n2lcn0164, task 163 35 [14165]: mask |--------|--------||--------|--------||--------|--------||--------|--------||||------BB|--------||--------|--------||--------|--------||--------|--------|  set
cpu-bind=MASK - n2lcn0141, task 28 28 [936078]: mask |--------|--------||--------|--------||--------|--------||--------|BB------||||--------|--------||--------|--------||--------|--------||--------|--------|  set
cpu-bind=MASK - n2lcn0158, task 99 35 [3475677]: mask |--------|--------||--------|--------||--------|--------||--------|--------||||------BB|--------||--------|--------||--------|--------||--------|--------|  set
cpu-bind=MASK - n2lcn0164, task 164 36 [14166]: mask |--------|--------||--------|--------||--------|--------||--------|--------||||--------|BB------||--------|--------||--------|--------||--------|--------|  set
cpu-bind=MASK - n2lcn0166, task 210 18 [2001264]: mask |--------|--------||--------|--------||----BB--|--------||--------|--------||||--------|--------||--------|--------||--------|--------||--------|--------|  set
cpu-bind=MASK - n2lcn0141, task 29 29 [936079]: mask |--------|--------||--------|--------||--------|--------||--------|--BB----||||--------|--------||--------|--------||--------|--------||--------|--------|  set
cpu-bind=MASK - n2lcn0158, task 100 36 [3475678]: mask |--------|--------||--------|--------||--------|--------||--------|--------||||--------|BB------||--------|--------||--------|--------||--------|--------|  set
cpu-bind=MASK - n2lcn0164, task 165 37 [14167]: mask |--------|--------||--------|--------||--------|--------||--------|--------||||--------|--BB----||--------|--------||--------|--------||--------|--------|  set
cpu-bind=MASK - n2lcn0166, task 211 19 [2001265]: mask |--------|--------||--------|--------||------BB|--------||--------|--------||||--------|--------||--------|--------||--------|--------||--------|--------|  set
cpu-bind=MASK - n2lcn0141, task 30 30 [936080]: mask |--------|--------||--------|--------||--------|--------||--------|----BB--||||--------|--------||--------|--------||--------|--------||--------|--------|  set
cpu-bind=MASK - n2lcn0158, task 101 37 [3475679]: mask |--------|--------||--------|--------||--------|--------||--------|--------||||--------|--BB----||--------|--------||--------|--------||--------|--------|  set
cpu-bind=MASK - n2lcn0164, task 166 38 [14168]: mask |--------|--------||--------|--------||--------|--------||--------|--------||||--------|----BB--||--------|--------||--------|--------||--------|--------|  set
cpu-bind=MASK - n2lcn0166, task 212 20 [2001266]: mask |--------|--------||--------|--------||--------|BB------||--------|--------||||--------|--------||--------|--------||--------|--------||--------|--------|  set
cpu-bind=MASK - n2lcn0141, task 31 31 [936081]: mask |--------|--------||--------|--------||--------|--------||--------|------BB||||--------|--------||--------|--------||--------|--------||--------|--------|  set
cpu-bind=MASK - n2lcn0164, task 167 39 [14169]: mask |--------|--------||--------|--------||--------|--------||--------|--------||||--------|------BB||--------|--------||--------|--------||--------|--------|  set
cpu-bind=MASK - n2lcn0158, task 102 38 [3475680]: mask |--------|--------||--------|--------||--------|--------||--------|--------||||--------|----BB--||--------|--------||--------|--------||--------|--------|  set
cpu-bind=MASK - n2lcn0166, task 213 21 [2001267]: mask |--------|--------||--------|--------||--------|--BB----||--------|--------||||--------|--------||--------|--------||--------|--------||--------|--------|  set
cpu-bind=MASK - n2lcn0141, task 32 32 [936082]: mask |--------|--------||--------|--------||--------|--------||--------|--------||||BB------|--------||--------|--------||--------|--------||--------|--------|  set
cpu-bind=MASK - n2lcn0158, task 103 39 [3475681]: mask |--------|--------||--------|--------||--------|--------||--------|--------||||--------|------BB||--------|--------||--------|--------||--------|--------|  set
cpu-bind=MASK - n2lcn0164, task 168 40 [14170]: mask |--------|--------||--------|--------||--------|--------||--------|--------||||--------|--------||BB------|--------||--------|--------||--------|--------|  set
cpu-bind=MASK - n2lcn0166, task 214 22 [2001268]: mask |--------|--------||--------|--------||--------|----BB--||--------|--------||||--------|--------||--------|--------||--------|--------||--------|--------|  set
cpu-bind=MASK - n2lcn0141, task 33 33 [936083]: mask |--------|--------||--------|--------||--------|--------||--------|--------||||--BB----|--------||--------|--------||--------|--------||--------|--------|  set
cpu-bind=MASK - n2lcn0158, task 104 40 [3475682]: mask |--------|--------||--------|--------||--------|--------||--------|--------||||--------|--------||BB------|--------||--------|--------||--------|--------|  set
cpu-bind=MASK - n2lcn0164, task 169 41 [14171]: mask |--------|--------||--------|--------||--------|--------||--------|--------||||--------|--------||--BB----|--------||--------|--------||--------|--------|  set
cpu-bind=MASK - n2lcn0166, task 215 23 [2001269]: mask |--------|--------||--------|--------||--------|------BB||--------|--------||||--------|--------||--------|--------||--------|--------||--------|--------|  set
cpu-bind=MASK - n2lcn0141, task 34 34 [936084]: mask |--------|--------||--------|--------||--------|--------||--------|--------||||----BB--|--------||--------|--------||--------|--------||--------|--------|  set
cpu-bind=MASK - n2lcn0158, task 105 41 [3475683]: mask |--------|--------||--------|--------||--------|--------||--------|--------||||--------|--------||--BB----|--------||--------|--------||--------|--------|  set
cpu-bind=MASK - n2lcn0164, task 170 42 [14172]: mask |--------|--------||--------|--------||--------|--------||--------|--------||||--------|--------||----BB--|--------||--------|--------||--------|--------|  set
cpu-bind=MASK - n2lcn0166, task 216 24 [2001270]: mask |--------|--------||--------|--------||--------|--------||BB------|--------||||--------|--------||--------|--------||--------|--------||--------|--------|  set
cpu-bind=MASK - n2lcn0141, task 35 35 [936085]: mask |--------|--------||--------|--------||--------|--------||--------|--------||||------BB|--------||--------|--------||--------|--------||--------|--------|  set
cpu-bind=MASK - n2lcn0164, task 171 43 [14173]: mask |--------|--------||--------|--------||--------|--------||--------|--------||||--------|--------||------BB|--------||--------|--------||--------|--------|  set
cpu-bind=MASK - n2lcn0158, task 106 42 [3475684]: mask |--------|--------||--------|--------||--------|--------||--------|--------||||--------|--------||----BB--|--------||--------|--------||--------|--------|  set
cpu-bind=MASK - n2lcn0166, task 217 25 [2001271]: mask |--------|--------||--------|--------||--------|--------||--BB----|--------||||--------|--------||--------|--------||--------|--------||--------|--------|  set
cpu-bind=MASK - n2lcn0164, task 172 44 [14174]: mask |--------|--------||--------|--------||--------|--------||--------|--------||||--------|--------||--------|BB------||--------|--------||--------|--------|  set
cpu-bind=MASK - n2lcn0141, task 36 36 [936086]: mask |--------|--------||--------|--------||--------|--------||--------|--------||||--------|BB------||--------|--------||--------|--------||--------|--------|  set
cpu-bind=MASK - n2lcn0158, task 107 43 [3475685]: mask |--------|--------||--------|--------||--------|--------||--------|--------||||--------|--------||------BB|--------||--------|--------||--------|--------|  set
cpu-bind=MASK - n2lcn0166, task 218 26 [2001272]: mask |--------|--------||--------|--------||--------|--------||----BB--|--------||||--------|--------||--------|--------||--------|--------||--------|--------|  set
cpu-bind=MASK - n2lcn0164, task 173 45 [14175]: mask |--------|--------||--------|--------||--------|--------||--------|--------||||--------|--------||--------|--BB----||--------|--------||--------|--------|  set
cpu-bind=MASK - n2lcn0141, task 37 37 [936087]: mask |--------|--------||--------|--------||--------|--------||--------|--------||||--------|--BB----||--------|--------||--------|--------||--------|--------|  set
cpu-bind=MASK - n2lcn0158, task 108 44 [3475686]: mask |--------|--------||--------|--------||--------|--------||--------|--------||||--------|--------||--------|BB------||--------|--------||--------|--------|  set
cpu-bind=MASK - n2lcn0166, task 219 27 [2001273]: mask |--------|--------||--------|--------||--------|--------||------BB|--------||||--------|--------||--------|--------||--------|--------||--------|--------|  set
cpu-bind=MASK - n2lcn0164, task 174 46 [14176]: mask |--------|--------||--------|--------||--------|--------||--------|--------||||--------|--------||--------|----BB--||--------|--------||--------|--------|  set
cpu-bind=MASK - n2lcn0141, task 38 38 [936088]: mask |--------|--------||--------|--------||--------|--------||--------|--------||||--------|----BB--||--------|--------||--------|--------||--------|--------|  set
cpu-bind=MASK - n2lcn0164, task 175 47 [14177]: mask |--------|--------||--------|--------||--------|--------||--------|--------||||--------|--------||--------|------BB||--------|--------||--------|--------|  set
cpu-bind=MASK - n2lcn0158, task 109 45 [3475687]: mask |--------|--------||--------|--------||--------|--------||--------|--------||||--------|--------||--------|--BB----||--------|--------||--------|--------|  set
cpu-bind=MASK - n2lcn0141, task 39 39 [936089]: mask |--------|--------||--------|--------||--------|--------||--------|--------||||--------|------BB||--------|--------||--------|--------||--------|--------|  set
cpu-bind=MASK - n2lcn0166, task 220 28 [2001274]: mask |--------|--------||--------|--------||--------|--------||--------|BB------||||--------|--------||--------|--------||--------|--------||--------|--------|  set
cpu-bind=MASK - n2lcn0164, task 176 48 [14178]: mask |--------|--------||--------|--------||--------|--------||--------|--------||||--------|--------||--------|--------||BB------|--------||--------|--------|  set
cpu-bind=MASK - n2lcn0141, task 40 40 [936090]: mask |--------|--------||--------|--------||--------|--------||--------|--------||||--------|--------||BB------|--------||--------|--------||--------|--------|  set
cpu-bind=MASK - n2lcn0166, task 221 29 [2001275]: mask |--------|--------||--------|--------||--------|--------||--------|--BB----||||--------|--------||--------|--------||--------|--------||--------|--------|  set
cpu-bind=MASK - n2lcn0158, task 110 46 [3475688]: mask |--------|--------||--------|--------||--------|--------||--------|--------||||--------|--------||--------|----BB--||--------|--------||--------|--------|  set
cpu-bind=MASK - n2lcn0164, task 177 49 [14179]: mask |--------|--------||--------|--------||--------|--------||--------|--------||||--------|--------||--------|--------||--BB----|--------||--------|--------|  set
cpu-bind=MASK - n2lcn0141, task 41 41 [936091]: mask |--------|--------||--------|--------||--------|--------||--------|--------||||--------|--------||--BB----|--------||--------|--------||--------|--------|  set
cpu-bind=MASK - n2lcn0166, task 222 30 [2001276]: mask |--------|--------||--------|--------||--------|--------||--------|----BB--||||--------|--------||--------|--------||--------|--------||--------|--------|  set
cpu-bind=MASK - n2lcn0158, task 111 47 [3475689]: mask |--------|--------||--------|--------||--------|--------||--------|--------||||--------|--------||--------|------BB||--------|--------||--------|--------|  set
cpu-bind=MASK - n2lcn0164, task 178 50 [14180]: mask |--------|--------||--------|--------||--------|--------||--------|--------||||--------|--------||--------|--------||----BB--|--------||--------|--------|  set
cpu-bind=MASK - n2lcn0141, task 42 42 [936092]: mask |--------|--------||--------|--------||--------|--------||--------|--------||||--------|--------||----BB--|--------||--------|--------||--------|--------|  set
cpu-bind=MASK - n2lcn0166, task 223 31 [2001277]: mask |--------|--------||--------|--------||--------|--------||--------|------BB||||--------|--------||--------|--------||--------|--------||--------|--------|  set
cpu-bind=MASK - n2lcn0158, task 112 48 [3475690]: mask |--------|--------||--------|--------||--------|--------||--------|--------||||--------|--------||--------|--------||BB------|--------||--------|--------|  set
cpu-bind=MASK - n2lcn0164, task 179 51 [14181]: mask |--------|--------||--------|--------||--------|--------||--------|--------||||--------|--------||--------|--------||------BB|--------||--------|--------|  set
cpu-bind=MASK - n2lcn0141, task 43 43 [936093]: mask |--------|--------||--------|--------||--------|--------||--------|--------||||--------|--------||------BB|--------||--------|--------||--------|--------|  set
cpu-bind=MASK - n2lcn0166, task 224 32 [2001278]: mask |--------|--------||--------|--------||--------|--------||--------|--------||||BB------|--------||--------|--------||--------|--------||--------|--------|  set
cpu-bind=MASK - n2lcn0158, task 113 49 [3475691]: mask |--------|--------||--------|--------||--------|--------||--------|--------||||--------|--------||--------|--------||--BB----|--------||--------|--------|  set
cpu-bind=MASK - n2lcn0164, task 180 52 [14182]: mask |--------|--------||--------|--------||--------|--------||--------|--------||||--------|--------||--------|--------||--------|BB------||--------|--------|  set
cpu-bind=MASK - n2lcn0141, task 44 44 [936094]: mask |--------|--------||--------|--------||--------|--------||--------|--------||||--------|--------||--------|BB------||--------|--------||--------|--------|  set
cpu-bind=MASK - n2lcn0166, task 225 33 [2001279]: mask |--------|--------||--------|--------||--------|--------||--------|--------||||--BB----|--------||--------|--------||--------|--------||--------|--------|  set
cpu-bind=MASK - n2lcn0158, task 114 50 [3475692]: mask |--------|--------||--------|--------||--------|--------||--------|--------||||--------|--------||--------|--------||----BB--|--------||--------|--------|  set
cpu-bind=MASK - n2lcn0164, task 181 53 [14183]: mask |--------|--------||--------|--------||--------|--------||--------|--------||||--------|--------||--------|--------||--------|--BB----||--------|--------|  set
cpu-bind=MASK - n2lcn0166, task 226 34 [2001280]: mask |--------|--------||--------|--------||--------|--------||--------|--------||||----BB--|--------||--------|--------||--------|--------||--------|--------|  set
cpu-bind=MASK - n2lcn0141, task 45 45 [936095]: mask |--------|--------||--------|--------||--------|--------||--------|--------||||--------|--------||--------|--BB----||--------|--------||--------|--------|  set
cpu-bind=MASK - n2lcn0158, task 115 51 [3475693]: mask |--------|--------||--------|--------||--------|--------||--------|--------||||--------|--------||--------|--------||------BB|--------||--------|--------|  set
cpu-bind=MASK - n2lcn0164, task 182 54 [14184]: mask |--------|--------||--------|--------||--------|--------||--------|--------||||--------|--------||--------|--------||--------|----BB--||--------|--------|  set
cpu-bind=MASK - n2lcn0166, task 227 35 [2001281]: mask |--------|--------||--------|--------||--------|--------||--------|--------||||------BB|--------||--------|--------||--------|--------||--------|--------|  set
cpu-bind=MASK - n2lcn0141, task 46 46 [936096]: mask |--------|--------||--------|--------||--------|--------||--------|--------||||--------|--------||--------|----BB--||--------|--------||--------|--------|  set
cpu-bind=MASK - n2lcn0158, task 116 52 [3475694]: mask |--------|--------||--------|--------||--------|--------||--------|--------||||--------|--------||--------|--------||--------|BB------||--------|--------|  set
cpu-bind=MASK - n2lcn0164, task 183 55 [14185]: mask |--------|--------||--------|--------||--------|--------||--------|--------||||--------|--------||--------|--------||--------|------BB||--------|--------|  set
cpu-bind=MASK - n2lcn0166, task 228 36 [2001282]: mask |--------|--------||--------|--------||--------|--------||--------|--------||||--------|BB------||--------|--------||--------|--------||--------|--------|  set
cpu-bind=MASK - n2lcn0141, task 47 47 [936097]: mask |--------|--------||--------|--------||--------|--------||--------|--------||||--------|--------||--------|------BB||--------|--------||--------|--------|  set
cpu-bind=MASK - n2lcn0164, task 184 56 [14186]: mask |--------|--------||--------|--------||--------|--------||--------|--------||||--------|--------||--------|--------||--------|--------||BB------|--------|  set
cpu-bind=MASK - n2lcn0158, task 117 53 [3475695]: mask |--------|--------||--------|--------||--------|--------||--------|--------||||--------|--------||--------|--------||--------|--BB----||--------|--------|  set
cpu-bind=MASK - n2lcn0166, task 229 37 [2001283]: mask |--------|--------||--------|--------||--------|--------||--------|--------||||--------|--BB----||--------|--------||--------|--------||--------|--------|  set
cpu-bind=MASK - n2lcn0141, task 48 48 [936098]: mask |--------|--------||--------|--------||--------|--------||--------|--------||||--------|--------||--------|--------||BB------|--------||--------|--------|  set
cpu-bind=MASK - n2lcn0164, task 185 57 [14187]: mask |--------|--------||--------|--------||--------|--------||--------|--------||||--------|--------||--------|--------||--------|--------||--BB----|--------|  set
cpu-bind=MASK - n2lcn0158, task 118 54 [3475696]: mask |--------|--------||--------|--------||--------|--------||--------|--------||||--------|--------||--------|--------||--------|----BB--||--------|--------|  set
cpu-bind=MASK - n2lcn0166, task 230 38 [2001284]: mask |--------|--------||--------|--------||--------|--------||--------|--------||||--------|----BB--||--------|--------||--------|--------||--------|--------|  set
cpu-bind=MASK - n2lcn0141, task 49 49 [936099]: mask |--------|--------||--------|--------||--------|--------||--------|--------||||--------|--------||--------|--------||--BB----|--------||--------|--------|  set
cpu-bind=MASK - n2lcn0164, task 186 58 [14188]: mask |--------|--------||--------|--------||--------|--------||--------|--------||||--------|--------||--------|--------||--------|--------||----BB--|--------|  set
cpu-bind=MASK - n2lcn0158, task 119 55 [3475697]: mask |--------|--------||--------|--------||--------|--------||--------|--------||||--------|--------||--------|--------||--------|------BB||--------|--------|  set
cpu-bind=MASK - n2lcn0141, task 50 50 [936100]: mask |--------|--------||--------|--------||--------|--------||--------|--------||||--------|--------||--------|--------||----BB--|--------||--------|--------|  set
cpu-bind=MASK - n2lcn0166, task 231 39 [2001285]: mask |--------|--------||--------|--------||--------|--------||--------|--------||||--------|------BB||--------|--------||--------|--------||--------|--------|  set
cpu-bind=MASK - n2lcn0164, task 187 59 [14189]: mask |--------|--------||--------|--------||--------|--------||--------|--------||||--------|--------||--------|--------||--------|--------||------BB|--------|  set
cpu-bind=MASK - n2lcn0158, task 120 56 [3475698]: mask |--------|--------||--------|--------||--------|--------||--------|--------||||--------|--------||--------|--------||--------|--------||BB------|--------|  set
cpu-bind=MASK - n2lcn0141, task 51 51 [936101]: mask |--------|--------||--------|--------||--------|--------||--------|--------||||--------|--------||--------|--------||------BB|--------||--------|--------|  set
cpu-bind=MASK - n2lcn0166, task 232 40 [2001286]: mask |--------|--------||--------|--------||--------|--------||--------|--------||||--------|--------||BB------|--------||--------|--------||--------|--------|  set
cpu-bind=MASK - n2lcn0158, task 121 57 [3475699]: mask |--------|--------||--------|--------||--------|--------||--------|--------||||--------|--------||--------|--------||--------|--------||--BB----|--------|  set
cpu-bind=MASK - n2lcn0164, task 188 60 [14190]: mask |--------|--------||--------|--------||--------|--------||--------|--------||||--------|--------||--------|--------||--------|--------||--------|BB------|  set
cpu-bind=MASK - n2lcn0166, task 233 41 [2001287]: mask |--------|--------||--------|--------||--------|--------||--------|--------||||--------|--------||--BB----|--------||--------|--------||--------|--------|  set
cpu-bind=MASK - n2lcn0141, task 52 52 [936102]: mask |--------|--------||--------|--------||--------|--------||--------|--------||||--------|--------||--------|--------||--------|BB------||--------|--------|  set
cpu-bind=MASK - n2lcn0158, task 122 58 [3475700]: mask |--------|--------||--------|--------||--------|--------||--------|--------||||--------|--------||--------|--------||--------|--------||----BB--|--------|  set
cpu-bind=MASK - n2lcn0164, task 189 61 [14191]: mask |--------|--------||--------|--------||--------|--------||--------|--------||||--------|--------||--------|--------||--------|--------||--------|--BB----|  set
cpu-bind=MASK - n2lcn0166, task 234 42 [2001288]: mask |--------|--------||--------|--------||--------|--------||--------|--------||||--------|--------||----BB--|--------||--------|--------||--------|--------|  set
cpu-bind=MASK - n2lcn0141, task 53 53 [936103]: mask |--------|--------||--------|--------||--------|--------||--------|--------||||--------|--------||--------|--------||--------|--BB----||--------|--------|  set
cpu-bind=MASK - n2lcn0158, task 123 59 [3475701]: mask |--------|--------||--------|--------||--------|--------||--------|--------||||--------|--------||--------|--------||--------|--------||------BB|--------|  set
cpu-bind=MASK - n2lcn0164, task 190 62 [14192]: mask |--------|--------||--------|--------||--------|--------||--------|--------||||--------|--------||--------|--------||--------|--------||--------|----BB--|  set
cpu-bind=MASK - n2lcn0166, task 235 43 [2001289]: mask |--------|--------||--------|--------||--------|--------||--------|--------||||--------|--------||------BB|--------||--------|--------||--------|--------|  set
cpu-bind=MASK - n2lcn0141, task 54 54 [936104]: mask |--------|--------||--------|--------||--------|--------||--------|--------||||--------|--------||--------|--------||--------|----BB--||--------|--------|  set
cpu-bind=MASK - n2lcn0158, task 124 60 [3475702]: mask |--------|--------||--------|--------||--------|--------||--------|--------||||--------|--------||--------|--------||--------|--------||--------|BB------|  set
cpu-bind=MASK - n2lcn0166, task 236 44 [2001290]: mask |--------|--------||--------|--------||--------|--------||--------|--------||||--------|--------||--------|BB------||--------|--------||--------|--------|  set
cpu-bind=MASK - n2lcn0141, task 55 55 [936105]: mask |--------|--------||--------|--------||--------|--------||--------|--------||||--------|--------||--------|--------||--------|------BB||--------|--------|  set
cpu-bind=MASK - n2lcn0158, task 125 61 [3475703]: mask |--------|--------||--------|--------||--------|--------||--------|--------||||--------|--------||--------|--------||--------|--------||--------|--BB----|  set
cpu-bind=MASK - n2lcn0166, task 237 45 [2001291]: mask |--------|--------||--------|--------||--------|--------||--------|--------||||--------|--------||--------|--BB----||--------|--------||--------|--------|  set
cpu-bind=MASK - n2lcn0141, task 56 56 [936106]: mask |--------|--------||--------|--------||--------|--------||--------|--------||||--------|--------||--------|--------||--------|--------||BB------|--------|  set
cpu-bind=MASK - n2lcn0158, task 126 62 [3475704]: mask |--------|--------||--------|--------||--------|--------||--------|--------||||--------|--------||--------|--------||--------|--------||--------|----BB--|  set
cpu-bind=MASK - n2lcn0166, task 238 46 [2001292]: mask |--------|--------||--------|--------||--------|--------||--------|--------||||--------|--------||--------|----BB--||--------|--------||--------|--------|  set
cpu-bind=MASK - n2lcn0141, task 57 57 [936107]: mask |--------|--------||--------|--------||--------|--------||--------|--------||||--------|--------||--------|--------||--------|--------||--BB----|--------|  set
cpu-bind=MASK - n2lcn0141, task 58 58 [936108]: mask |--------|--------||--------|--------||--------|--------||--------|--------||||--------|--------||--------|--------||--------|--------||----BB--|--------|  set
cpu-bind=MASK - n2lcn0166, task 239 47 [2001293]: mask |--------|--------||--------|--------||--------|--------||--------|--------||||--------|--------||--------|------BB||--------|--------||--------|--------|  set
cpu-bind=MASK - n2lcn0141, task 59 59 [936109]: mask |--------|--------||--------|--------||--------|--------||--------|--------||||--------|--------||--------|--------||--------|--------||------BB|--------|  set
cpu-bind=MASK - n2lcn0166, task 240 48 [2001294]: mask |--------|--------||--------|--------||--------|--------||--------|--------||||--------|--------||--------|--------||BB------|--------||--------|--------|  set
cpu-bind=MASK - n2lcn0141, task 60 60 [936110]: mask |--------|--------||--------|--------||--------|--------||--------|--------||||--------|--------||--------|--------||--------|--------||--------|BB------|  set
cpu-bind=MASK - n2lcn0166, task 241 49 [2001295]: mask |--------|--------||--------|--------||--------|--------||--------|--------||||--------|--------||--------|--------||--BB----|--------||--------|--------|  set
cpu-bind=MASK - n2lcn0141, task 61 61 [936111]: mask |--------|--------||--------|--------||--------|--------||--------|--------||||--------|--------||--------|--------||--------|--------||--------|--BB----|  set
cpu-bind=MASK - n2lcn0166, task 242 50 [2001296]: mask |--------|--------||--------|--------||--------|--------||--------|--------||||--------|--------||--------|--------||----BB--|--------||--------|--------|  set
cpu-bind=MASK - n2lcn0141, task 62 62 [936112]: mask |--------|--------||--------|--------||--------|--------||--------|--------||||--------|--------||--------|--------||--------|--------||--------|----BB--|  set
cpu-bind=MASK - n2lcn0166, task 243 51 [2001297]: mask |--------|--------||--------|--------||--------|--------||--------|--------||||--------|--------||--------|--------||------BB|--------||--------|--------|  set
cpu-bind=MASK - n2lcn0166, task 244 52 [2001298]: mask |--------|--------||--------|--------||--------|--------||--------|--------||||--------|--------||--------|--------||--------|BB------||--------|--------|  set
cpu-bind=MASK - n2lcn0166, task 245 53 [2001299]: mask |--------|--------||--------|--------||--------|--------||--------|--------||||--------|--------||--------|--------||--------|--BB----||--------|--------|  set
cpu-bind=MASK - n2lcn0166, task 246 54 [2001300]: mask |--------|--------||--------|--------||--------|--------||--------|--------||||--------|--------||--------|--------||--------|----BB--||--------|--------|  set
cpu-bind=MASK - n2lcn0166, task 247 55 [2001301]: mask |--------|--------||--------|--------||--------|--------||--------|--------||||--------|--------||--------|--------||--------|------BB||--------|--------|  set
cpu-bind=MASK - n2lcn0166, task 248 56 [2001302]: mask |--------|--------||--------|--------||--------|--------||--------|--------||||--------|--------||--------|--------||--------|--------||BB------|--------|  set
cpu-bind=MASK - n2lcn0166, task 249 57 [2001303]: mask |--------|--------||--------|--------||--------|--------||--------|--------||||--------|--------||--------|--------||--------|--------||--BB----|--------|  set
cpu-bind=MASK - n2lcn0166, task 250 58 [2001304]: mask |--------|--------||--------|--------||--------|--------||--------|--------||||--------|--------||--------|--------||--------|--------||----BB--|--------|  set
cpu-bind=MASK - n2lcn0166, task 251 59 [2001305]: mask |--------|--------||--------|--------||--------|--------||--------|--------||||--------|--------||--------|--------||--------|--------||------BB|--------|  set
cpu-bind=MASK - n2lcn0164, task 191 63 [14193]: mask |--------|--------||--------|--------||--------|--------||--------|--------||||--------|--------||--------|--------||--------|--------||--------|------BB|  set
cpu-bind=MASK - n2lcn0166, task 252 60 [2001306]: mask |--------|--------||--------|--------||--------|--------||--------|--------||||--------|--------||--------|--------||--------|--------||--------|BB------|  set
cpu-bind=MASK - n2lcn0166, task 253 61 [2001307]: mask |--------|--------||--------|--------||--------|--------||--------|--------||||--------|--------||--------|--------||--------|--------||--------|--BB----|  set
cpu-bind=MASK - n2lcn0158, task 127 63 [3475705]: mask |--------|--------||--------|--------||--------|--------||--------|--------||||--------|--------||--------|--------||--------|--------||--------|------BB|  set
cpu-bind=MASK - n2lcn0166, task 254 62 [2001308]: mask |--------|--------||--------|--------||--------|--------||--------|--------||||--------|--------||--------|--------||--------|--------||--------|----BB--|  set
cpu-bind=MASK - n2lcn0141, task 63 63 [936113]: mask |--------|--------||--------|--------||--------|--------||--------|--------||||--------|--------||--------|--------||--------|--------||--------|------BB|  set
cpu-bind=MASK - n2lcn0166, task 255 63 [2001309]: mask |--------|--------||--------|--------||--------|--------||--------|--------||||--------|--------||--------|--------||--------|--------||--------|------BB|  set
