Energy-E_F (eV)    DOS (1/eV)    PDOS (1/eV)  of atom type B  N  
     -6.32232      0.87170      0.33611      0.53559
     -6.31232      1.15671      0.44608      0.71063
     -6.30232      1.03151      0.39983      0.63169
     -6.29232      0.98125      0.38692      0.59433
     -6.28232      1.11425      0.44586      0.66839
     -6.27232      0.97225      0.38673      0.58552
     -6.26232      0.72658      0.27989      0.44669
     -6.25232      0.57976      0.21825      0.36152
     -6.24232      0.45531      0.17025      0.28506
     -6.23232      0.42547      0.16021      0.26526
     -6.22232      0.60358      0.23404      0.36954
     -6.21232      0.79546      0.30790      0.48756
     -6.20232      0.76987      0.29086      0.47901
     -6.19232      0.69104      0.25827      0.43277
     -6.18232      0.65197      0.24777      0.40420
     -6.17232      0.51640      0.19999      0.31641
     -6.16232      0.47554      0.19038      0.28516
     -6.15232      0.73175      0.29520      0.43655
     -6.14232      1.16039      0.45924      0.70115
     -6.13232      1.17371      0.45867      0.71505
     -6.12232      0.75423      0.29363      0.46060
     -6.11232      0.50190      0.19325      0.30865
     -6.10232      0.60991      0.23269      0.37722
     -6.09232      0.77232      0.29532      0.47700
     -6.08232      0.65286      0.24547      0.40740
     -6.07232      0.48952      0.17620      0.31333
     -6.06232      0.41026      0.14655      0.26371
     -6.05232      0.54280      0.20505      0.33775
     -6.04232      0.87527      0.34056      0.53472
     -6.03232      0.84434      0.32747      0.51688
     -6.02232      0.50411      0.19368      0.31042
     -6.01232      0.40590      0.15557      0.25033
     -6.00232      0.44376      0.16708      0.27668
     -5.99232      0.61921      0.23270      0.38650
     -5.98232      0.95480      0.36317      0.59163
     -5.97232      1.15314      0.44698      0.70616
     -5.96232      1.01921      0.39978      0.61943
     -5.95232      0.80599      0.31202      0.49397
     -5.94232      0.67711      0.25720      0.41991
     -5.93232      0.79212      0.30142      0.49071
     -5.92232      1.06176      0.40482      0.65694
     -5.91232      1.03207      0.39362      0.63846
     -5.90232      0.90907      0.35218      0.55689
     -5.89232      0.75808      0.29984      0.45824
     -5.88232      0.59560      0.23892      0.35668
     -5.87232      0.51913      0.20467      0.31445
     -5.86232      0.58220      0.21939      0.36281
     -5.85232      0.70554      0.26176      0.44377
     -5.84232      0.85386      0.31700      0.53686
     -5.83232      0.96482      0.36006      0.60475
     -5.82232      0.77505      0.29518      0.47987
     -5.81232      0.53514      0.21073      0.32441
     -5.80232      0.47719      0.18410      0.29309
     -5.79232      0.48791      0.17944      0.30847
     -5.78232      0.45191      0.16741      0.28451
     -5.77232      0.52487      0.20111      0.32376
     -5.76232      0.74085      0.28295      0.45790
     -5.75232      0.88439      0.33040      0.55399
     -5.74232      0.92425      0.34268      0.58157
     -5.73232      0.91058      0.34064      0.56994
     -5.72232      0.75806      0.28816      0.46990
     -5.71232      0.60169      0.23186      0.36983
     -5.70232      0.65740      0.24968      0.40772
     -5.69232      0.81046      0.30451      0.50595
     -5.68232      0.93643      0.35730      0.57912
     -5.67232      1.00515      0.38566      0.61949
     -5.66232      0.83442      0.31254      0.52188
     -5.65232      0.65081      0.24085      0.40996
     -5.64232      0.78154      0.29691      0.48463
     -5.63232      0.92896      0.35700      0.57196
     -5.62232      0.90568      0.35196      0.55372
     -5.61232      0.81372      0.32123      0.49248
     -5.60232      0.54384      0.21315      0.33068
     -5.59232      0.50911      0.18977      0.31934
     -5.58232      0.81494      0.30226      0.51268
     -5.57232      0.94814      0.35401      0.59413
     -5.56232      0.82675      0.30544      0.52131
     -5.55232      0.77164      0.28350      0.48813
     -5.54232      0.81191      0.29987      0.51204
     -5.53232      0.80723      0.30109      0.50613
     -5.52232      0.79373      0.30161      0.49212
     -5.51232      0.88771      0.33622      0.55149
     -5.50232      0.94099      0.35863      0.58236
     -5.49232      0.80390      0.31219      0.49171
     -5.48232      0.80240      0.31210      0.49030
     -5.47232      0.78110      0.29653      0.48457
     -5.46232      0.58453      0.21421      0.37032
     -5.45232      0.47211      0.17006      0.30204
     -5.44232      0.41055      0.14724      0.26331
     -5.43232      0.44849      0.16219      0.28630
     -5.42232      0.71546      0.26419      0.45127
     -5.41232      0.92896      0.34656      0.58240
     -5.40232      1.01372      0.38088      0.63284
     -5.39232      1.10419      0.41809      0.68610
     -5.38232      1.06067      0.40738      0.65329
     -5.37232      0.98504      0.37551      0.60953
     -5.36232      0.96592      0.35710      0.60882
     -5.35232      1.08235      0.40282      0.67953
     -5.34232      1.09221      0.41359      0.67863
     -5.33232      0.85378      0.32403      0.52976
     -5.32232      0.68358      0.26047      0.42311
     -5.31232      0.70038      0.26645      0.43393
     -5.30232      0.70256      0.26129      0.44127
     -5.29232      0.69709      0.25481      0.44228
     -5.28232      0.82757      0.30181      0.52576
     -5.27232      0.85941      0.31139      0.54802
     -5.26232      0.58706      0.21004      0.37702
     -5.25232      0.46602      0.16852      0.29750
     -5.24232      0.79109      0.29680      0.49429
     -5.23232      1.09720      0.41399      0.68322
     -5.22232      0.91280      0.34459      0.56821
     -5.21232      0.64929      0.24853      0.40076
     -5.20232      0.72210      0.27380      0.44830
     -5.19232      0.91465      0.33810      0.57656
     -5.18232      1.01061      0.37319      0.63742
     -5.17232      1.04541      0.39496      0.65044
     -5.16232      0.93616      0.35619      0.57996
     -5.15232      0.74690      0.27423      0.47267
     -5.14232      0.81511      0.28918      0.52593
     -5.13232      1.01019      0.36802      0.64218
     -5.12232      1.07071      0.40311      0.66760
     -5.11232      0.96599      0.36336      0.60263
     -5.10232      1.06292      0.39701      0.66591
     -5.09232      1.23869      0.46632      0.77237
     -5.08232      1.13130      0.42733      0.70396
     -5.07232      0.79607      0.30282      0.49325
     -5.06232      0.55373      0.20794      0.34579
     -5.05232      0.65088      0.24005      0.41084
     -5.04232      0.80492      0.29910      0.50581
     -5.03232      0.89217      0.32879      0.56339
     -5.02232      1.19187      0.43211      0.75975
     -5.01232      1.52603      0.55711      0.96892
     -5.00232      1.28672      0.47859      0.80813
     -4.99232      0.83913      0.31598      0.52316
     -4.98232      0.68354      0.25035      0.43319
     -4.97232      0.71318      0.25401      0.45917
     -4.96232      0.79938      0.29083      0.50855
     -4.95232      0.86772      0.32722      0.54050
     -4.94232      0.86675      0.33015      0.53660
     -4.93232      0.76967      0.28740      0.48226
     -4.92232      0.92918      0.34371      0.58548
     -4.91232      1.19845      0.44672      0.75173
     -4.90232      1.17401      0.43062      0.74339
     -4.89232      1.14299      0.40741      0.73558
     -4.88232      1.30195      0.46575      0.83620
     -4.87232      1.45264      0.52827      0.92438
     -4.86232      1.38423      0.51023      0.87400
     -4.85232      1.20967      0.44899      0.76068
     -4.84232      1.22049      0.45064      0.76985
     -4.83232      1.40404      0.52228      0.88176
     -4.82232      1.51401      0.56554      0.94847
     -4.81232      1.42120      0.52681      0.89439
     -4.80232      1.24999      0.46236      0.78763
     -4.79232      1.13202      0.42014      0.71188
     -4.78232      1.12874      0.41503      0.71371
     -4.77232      1.10375      0.40491      0.69884
     -4.76232      0.94033      0.34673      0.59360
     -4.75232      0.92440      0.33504      0.58936
     -4.74232      1.11109      0.39865      0.71244
     -4.73232      1.26250      0.45699      0.80551
     -4.72232      1.24123      0.45902      0.78221
     -4.71232      1.12086      0.42273      0.69813
     -4.70232      1.08288      0.40811      0.67477
     -4.69232      1.07928      0.40361      0.67567
     -4.68232      0.96658      0.36142      0.60516
     -4.67232      0.82233      0.31134      0.51099
     -4.66232      0.69613      0.26077      0.43536
     -4.65232      0.73708      0.26506      0.47201
     -4.64232      1.02869      0.36283      0.66586
     -4.63232      1.22177      0.43004      0.79172
     -4.62232      1.08248      0.38364      0.69884
     -4.61232      0.95832      0.34787      0.61045
     -4.60232      0.91176      0.33470      0.57705
     -4.59232      0.75795      0.27102      0.48694
     -4.58232      0.73140      0.26001      0.47139
     -4.57232      0.92649      0.34144      0.58505
     -4.56232      1.09202      0.40705      0.68497
     -4.55232      1.00223      0.37607      0.62616
     -4.54232      0.79123      0.29922      0.49201
     -4.53232      0.66014      0.24218      0.41796
     -4.52232      0.70409      0.25081      0.45328
     -4.51232      0.95968      0.34572      0.61396
     -4.50232      1.21769      0.44368      0.77400
     -4.49232      1.14263      0.42002      0.72261
     -4.48232      0.83444      0.30523      0.52921
     -4.47232      0.61442      0.22056      0.39386
     -4.46232      0.53276      0.19216      0.34059
     -4.45232      0.57482      0.21230      0.36252
     -4.44232      0.81712      0.30137      0.51575
     -4.43232      1.03177      0.37917      0.65260
     -4.42232      0.95784      0.35296      0.60488
     -4.41232      0.79837      0.28818      0.51019
     -4.40232      0.63676      0.22772      0.40904
     -4.39232      0.55019      0.19807      0.35212
     -4.38232      0.73982      0.26050      0.47933
     -4.37232      1.01725      0.35763      0.65962
     -4.36232      1.13795      0.41168      0.72627
     -4.35232      1.01823      0.37515      0.64308
     -4.34232      0.83943      0.30659      0.53284
     -4.33232      0.79709      0.28505      0.51203
     -4.32232      0.89778      0.32063      0.57715
     -4.31232      0.96795      0.35686      0.61109
     -4.30232      0.92919      0.35372      0.57547
     -4.29232      0.94343      0.35956      0.58387
     -4.28232      0.71747      0.26539      0.45208
     -4.27232      0.41453      0.14356      0.27097
     -4.26232      0.42336      0.14246      0.28090
     -4.25232      0.64193      0.22140      0.42053
     -4.24232      0.82099      0.29293      0.52806
     -4.23232      0.92981      0.33483      0.59497
     -4.22232      0.94175      0.33303      0.60871
     -4.21232      0.91810      0.32205      0.59605
     -4.20232      0.82473      0.30004      0.52468
     -4.19232      0.73722      0.27774      0.45948
     -4.18232      0.62108      0.22931      0.39177
     -4.17232      0.57195      0.20372      0.36823
     -4.16232      0.71463      0.25302      0.46161
     -4.15232      0.73705      0.26762      0.46943
     -4.14232      0.59667      0.22268      0.37399
     -4.13232      0.46865      0.17592      0.29273
     -4.12232      0.48061      0.17802      0.30260
     -4.11232      0.80349      0.29425      0.50924
     -4.10232      0.94894      0.34111      0.60783
     -4.09232      0.83380      0.28253      0.55127
     -4.08232      0.84821      0.28244      0.56577
     -4.07232      0.91921      0.32194      0.59727
     -4.06232      0.97637      0.35161      0.62476
     -4.05232      1.04569      0.37659      0.66910
     -4.04232      0.98822      0.36241      0.62581
     -4.03232      0.86618      0.32287      0.54331
     -4.02232      0.61367      0.22622      0.38746
     -4.01232      0.34050      0.11871      0.22180
     -4.00232      0.42536      0.13956      0.28580
     -3.99232      0.71130      0.24367      0.46763
     -3.98232      0.78430      0.27996      0.50435
     -3.97232      0.60454      0.21918      0.38536
     -3.96232      0.49352      0.18039      0.31314
     -3.95232      0.43095      0.15616      0.27479
     -3.94232      0.53191      0.18299      0.34892
     -3.93232      0.74088      0.24996      0.49092
     -3.92232      0.88230      0.30933      0.57297
     -3.91232      0.88184      0.32439      0.55745
     -3.90232      0.85260      0.31685      0.53575
     -3.89232      0.98651      0.35897      0.62754
     -3.88232      1.09276      0.39234      0.70042
     -3.87232      0.98131      0.35874      0.62257
     -3.86232      0.66961      0.24991      0.41970
     -3.85232      0.41831      0.14964      0.26867
     -3.84232      0.50283      0.16921      0.33362
     -3.83232      0.64077      0.21889      0.42189
     -3.82232      0.50386      0.17958      0.32428
     -3.81232      0.37645      0.14281      0.23364
     -3.80232      0.41866      0.15850      0.26015
     -3.79232      0.60657      0.22034      0.38623
     -3.78232      0.80886      0.27953      0.52933
     -3.77232      0.91970      0.30625      0.61344
     -3.76232      0.98299      0.32610      0.65689
     -3.75232      0.91331      0.30795      0.60536
     -3.74232      0.73031      0.25347      0.47684
     -3.73232      0.64635      0.23114      0.41521
     -3.72232      0.65691      0.23907      0.41784
     -3.71232      0.67172      0.24043      0.43129
     -3.70232      0.66035      0.23188      0.42847
     -3.69232      0.57242      0.20482      0.36760
     -3.68232      0.67691      0.24497      0.43194
     -3.67232      0.84169      0.30109      0.54060
     -3.66232      0.68334      0.23933      0.44401
     -3.65232      0.45198      0.15318      0.29880
     -3.64232      0.45082      0.15170      0.29913
     -3.63232      0.52898      0.17600      0.35298
     -3.62232      0.56206      0.19018      0.37189
     -3.61232      0.64742      0.22915      0.41828
     -3.60232      0.62522      0.22182      0.40340
     -3.59232      0.59731      0.20782      0.38949
     -3.58232      0.83861      0.29702      0.54159
     -3.57232      1.02413      0.36939      0.65474
     -3.56232      0.87017      0.31068      0.55949
     -3.55232      0.61654      0.22267      0.39387
     -3.54232      0.54029      0.19466      0.34562
     -3.53232      0.61959      0.21811      0.40148
     -3.52232      0.53202      0.19164      0.34038
     -3.51232      0.46536      0.17323      0.29212
     -3.50232      0.58312      0.21070      0.37242
     -3.49232      0.68468      0.23360      0.45108
     -3.48232      0.79938      0.26805      0.53133
     -3.47232      0.95687      0.32437      0.63249
     -3.46232      0.98809      0.34047      0.64762
     -3.45232      0.67835      0.23408      0.44427
     -3.44232      0.47495      0.16560      0.30935
     -3.43232      0.51948      0.18333      0.33615
     -3.42232      0.65515      0.22371      0.43145
     -3.41232      0.78886      0.26113      0.52773
     -3.40232      0.68097      0.22039      0.46059
     -3.39232      0.54180      0.17308      0.36872
     -3.38232      0.41759      0.13554      0.28205
     -3.37232      0.28220      0.09445      0.18774
     -3.36232      0.48186      0.16450      0.31736
     -3.35232      0.70338      0.24478      0.45859
     -3.34232      0.56909      0.20653      0.36256
     -3.33232      0.54493      0.20314      0.34179
     -3.32232      0.75709      0.27375      0.48334
     -3.31232      0.87203      0.30612      0.56591
     -3.30232      0.84685      0.28921      0.55764
     -3.29232      0.70038      0.23317      0.46721
     -3.28232      0.66578      0.21967      0.44611
     -3.27232      0.77807      0.26468      0.51340
     -3.26232      0.76072      0.27215      0.48857
     -3.25232      0.66527      0.24604      0.41923
     -3.24232      0.56108      0.20406      0.35703
     -3.23232      0.44689      0.14748      0.29941
     -3.22232      0.43400      0.13052      0.30348
     -3.21232      0.46726      0.14573      0.32154
     -3.20232      0.54731      0.18989      0.35741
     -3.19232      0.55881      0.20476      0.35405
     -3.18232      0.50480      0.17736      0.32743
     -3.17232      0.46178      0.15153      0.31026
     -3.16232      0.43030      0.14511      0.28518
     -3.15232      0.65858      0.22707      0.43151
     -3.14232      1.01776      0.34289      0.67487
     -3.13232      1.15069      0.38805      0.76265
     -3.12232      0.94668      0.31512      0.63156
     -3.11232      0.55165      0.17546      0.37620
     -3.10232      0.32384      0.10279      0.22106
     -3.09232      0.39432      0.13598      0.25834
     -3.08232      0.40764      0.14483      0.26281
     -3.07232      0.40363      0.13809      0.26554
     -3.06232      0.65513      0.22221      0.43292
     -3.05232      0.90312      0.30445      0.59866
     -3.04232      0.95151      0.31575      0.63576
     -3.03232      0.95140      0.32212      0.62928
     -3.02232      0.85019      0.29573      0.55446
     -3.01232      0.57738      0.20078      0.37660
     -3.00232      0.47135      0.16295      0.30841
     -2.99232      0.55949      0.19392      0.36557
     -2.98232      0.56647      0.19050      0.37597
     -2.97232      0.46597      0.14898      0.31700
     -2.96232      0.43034      0.13086      0.29947
     -2.95232      0.41904      0.12784      0.29120
     -2.94232      0.35518      0.11176      0.24342
     -2.93232      0.50265      0.16539      0.33726
     -2.92232      0.87648      0.29380      0.58267
     -2.91232      0.99826      0.33813      0.66013
     -2.90232      0.58042      0.20171      0.37871
     -2.89232      0.19101      0.06909      0.12192
     -2.88232      0.17319      0.06339      0.10980
     -2.87232      0.42376      0.14662      0.27714
     -2.86232      0.60760      0.19645      0.41115
     -2.85232      0.58054      0.18430      0.39623
     -2.84232      0.49640      0.16429      0.33211
     -2.83232      0.38822      0.12979      0.25843
     -2.82232      0.44944      0.14725      0.30218
     -2.81232      1.04348      0.34551      0.69797
     -2.80232      1.54271      0.52227      1.02044
     -2.79232      1.29063      0.44179      0.84884
     -2.78232      0.83494      0.27933      0.55561
     -2.77232      0.61325      0.19784      0.41541
     -2.76232      0.62919      0.19884      0.43036
     -2.75232      0.58428      0.17947      0.40481
     -2.74232      0.36062      0.10546      0.25516
     -2.73232      0.19514      0.05644      0.13870
     -2.72232      0.19214      0.06321      0.12893
     -2.71232      0.35870      0.12296      0.23573
     -2.70232      0.48474      0.16564      0.31911
     -2.69232      0.62872      0.20820      0.42052
     -2.68232      0.87322      0.28273      0.59049
     -2.67232      0.83939      0.27220      0.56719
     -2.66232      0.56198      0.18257      0.37941
     -2.65232      0.46151      0.14563      0.31588
     -2.64232      0.49517      0.14983      0.34534
     -2.63232      0.54478      0.16674      0.37804
     -2.62232      0.56379      0.18144      0.38235
     -2.61232      0.48440      0.15465      0.32975
     -2.60232      0.46002      0.14208      0.31794
     -2.59232      0.58089      0.19139      0.38950
     -2.58232      0.76809      0.26913      0.49896
     -2.57232      0.96973      0.33942      0.63031
     -2.56232      0.90142      0.29920      0.60222
     -2.55232      0.66909      0.20446      0.46463
     -2.54232      0.46217      0.14246      0.31970
     -2.53232      0.26432      0.09120      0.17312
     -2.52232      0.18153      0.06828      0.11325
     -2.51232      0.17074      0.05630      0.11443
     -2.50232      0.33668      0.09632      0.24035
     -2.49232      0.62396      0.19002      0.43393
     -2.48232      0.84553      0.27781      0.56771
     -2.47232      0.95223      0.31101      0.64122
     -2.46232      0.98194      0.31569      0.66625
     -2.45232      0.92313      0.29388      0.62925
     -2.44232      0.77425      0.23483      0.53942
     -2.43232      0.56879      0.16702      0.40177
     -2.42232      0.40946      0.11658      0.29288
     -2.41232      0.43273      0.12497      0.30777
     -2.40232      0.50757      0.14917      0.35840
     -2.39232      0.53194      0.15547      0.37647
     -2.38232      0.57688      0.17770      0.39918
     -2.37232      0.57006      0.19079      0.37927
     -2.36232      0.64793      0.23126      0.41668
     -2.35232      0.77231      0.27505      0.49726
     -2.34232      0.59014      0.20282      0.38731
     -2.33232      0.44987      0.14113      0.30873
     -2.32232      0.54503      0.15437      0.39066
     -2.31232      0.64314      0.18290      0.46024
     -2.30232      0.64476      0.19286      0.45190
     -2.29232      0.60566      0.18096      0.42469
     -2.28232      0.60319      0.18007      0.42311
     -2.27232      0.55195      0.16638      0.38558
     -2.26232      0.45533      0.13837      0.31697
     -2.25232      0.51501      0.16169      0.35333
     -2.24232      0.60785      0.19456      0.41329
     -2.23232      0.58387      0.18782      0.39605
     -2.22232      0.38618      0.12024      0.26594
     -2.21232      0.37244      0.11022      0.26222
     -2.20232      0.60666      0.18054      0.42611
     -2.19232      0.71739      0.21664      0.50075
     -2.18232      0.57779      0.18721      0.39059
     -2.17232      0.51538      0.18597      0.32941
     -2.16232      0.56085      0.20619      0.35467
     -2.15232      0.59546      0.20373      0.39172
     -2.14232      0.77995      0.24016      0.53979
     -2.13232      0.89062      0.25623      0.63438
     -2.12232      0.75385      0.20101      0.55283
     -2.11232      0.53719      0.13708      0.40011
     -2.10232      0.47627      0.12476      0.35151
     -2.09232      0.64964      0.18075      0.46888
     -2.08232      0.65267      0.18952      0.46315
     -2.07232      0.53149      0.15937      0.37212
     -2.06232      0.65705      0.20140      0.45565
     -2.05232      0.82599      0.25297      0.57302
     -2.04232      0.70565      0.21000      0.49565
     -2.03232      0.43753      0.12575      0.31178
     -2.02232      0.35046      0.10447      0.24598
     -2.01232      0.31676      0.10114      0.21563
     -2.00232      0.42934      0.14407      0.28528
     -1.99232      0.70985      0.23295      0.47689
     -1.98232      0.78346      0.24084      0.54262
     -1.97232      0.71031      0.19876      0.51156
     -1.96232      0.74147      0.20410      0.53737
     -1.95232      0.73118      0.20853      0.52265
     -1.94232      0.54722      0.15970      0.38751
     -1.93232      0.57128      0.16500      0.40629
     -1.92232      0.71392      0.21100      0.50292
     -1.91232      0.55384      0.17244      0.38140
     -1.90232      0.41217      0.12304      0.28913
     -1.89232      0.46525      0.12668      0.33856
     -1.88232      0.52159      0.14809      0.37350
     -1.87232      0.58401      0.17492      0.40909
     -1.86232      0.62196      0.18707      0.43489
     -1.85232      0.62221      0.18415      0.43806
     -1.84232      0.58018      0.17747      0.40272
     -1.83232      0.43306      0.14014      0.29292
     -1.82232      0.37376      0.11309      0.26068
     -1.81232      0.49708      0.14015      0.35693
     -1.80232      0.62343      0.17389      0.44954
     -1.79232      0.63545      0.16793      0.46751
     -1.78232      0.74930      0.19347      0.55582
     -1.77232      0.93869      0.25264      0.68604
     -1.76232      0.90457      0.24929      0.65528
     -1.75232      0.69765      0.19514      0.50250
     -1.74232      0.71102      0.20470      0.50633
     -1.73232      0.83188      0.24322      0.58866
     -1.72232      0.83360      0.23921      0.59439
     -1.71232      0.60929      0.17148      0.43781
     -1.70232      0.33361      0.08975      0.24386
     -1.69232      0.29739      0.08007      0.21732
     -1.68232      0.57187      0.15933      0.41254
     -1.67232      0.78038      0.21657      0.56381
     -1.66232      0.72949      0.19707      0.53242
     -1.65232      0.59432      0.15552      0.43880
     -1.64232      0.44331      0.12207      0.32123
     -1.63232      0.59479      0.17374      0.42105
     -1.62232      0.75231      0.21385      0.53845
     -1.61232      0.70604      0.19120      0.51484
     -1.60232      0.66506      0.18061      0.48445
     -1.59232      0.62860      0.17180      0.45680
     -1.58232      0.69173      0.17881      0.51292
     -1.57232      0.69795      0.18263      0.51532
     -1.56232      0.62477      0.17364      0.45113
     -1.55232      0.60976      0.16200      0.44775
     -1.54232      0.60839      0.15920      0.44919
     -1.53232      0.53300      0.14441      0.38860
     -1.52232      0.41185      0.10355      0.30829
     -1.51232      0.37263      0.08248      0.29015
     -1.50232      0.35086      0.07411      0.27676
     -1.49232      0.37353      0.07802      0.29551
     -1.48232      0.39693      0.08309      0.31384
     -1.47232      0.29951      0.06304      0.23647
     -1.46232      0.31105      0.06578      0.24528
     -1.45232      0.65167      0.13791      0.51376
     -1.44232      0.91986      0.19419      0.72567
     -1.43232      0.92250      0.19339      0.72911
     -1.42232      0.76458      0.15936      0.60522
     -1.41232      0.54000      0.11233      0.42767
     -1.40232      0.50821      0.10481      0.40339
     -1.39232      0.57034      0.11683      0.45352
     -1.38232      0.52442      0.10708      0.41734
     -1.37232      0.49876      0.10097      0.39780
     -1.36232      0.54446      0.10927      0.43518
     -1.35232      0.57241      0.11427      0.45815
     -1.34232      0.55322      0.11003      0.44320
     -1.33232      0.47611      0.09434      0.38177
     -1.32232      0.48716      0.09579      0.39138
     -1.31232      0.55375      0.10816      0.44559
     -1.30232      0.62318      0.12154      0.50164
     -1.29232      0.77540      0.15185      0.62355
     -1.28232      0.96585      0.18924      0.77661
     -1.27232      1.04665      0.20335      0.84330
     -1.26232      1.09874      0.21111      0.88763
     -1.25232      0.90957      0.17405      0.73552
     -1.24232      0.50402      0.09687      0.40716
     -1.23232      0.35314      0.06781      0.28533
     -1.22232      0.40983      0.07793      0.33190
     -1.21232      0.51080      0.09631      0.41449
     -1.20232      0.56685      0.10621      0.46064
     -1.19232      0.37701      0.07030      0.30671
     -1.18232      0.20744      0.03825      0.16919
     -1.17232      0.19076      0.03485      0.15591
     -1.16232      0.20087      0.03661      0.16426
     -1.15232      0.24816      0.04550      0.20267
     -1.14232      0.49951      0.09345      0.40606
     -1.13232      1.08920      0.20576      0.88344
     -1.12232      1.65741      0.31165      1.34576
     -1.11232      1.67328      0.31179      1.36149
     -1.10232      0.95820      0.17758      0.78061
     -1.09232      0.26440      0.04881      0.21559
     -1.08232      0.09118      0.01630      0.07488
     -1.07232      0.16016      0.02823      0.13193
     -1.06232      0.18293      0.03224      0.15069
     -1.05232      0.12037      0.02114      0.09922
     -1.04232      0.16213      0.02828      0.13386
     -1.03232      0.26463      0.04617      0.21845
     -1.02232      0.23343      0.04078      0.19266
     -1.01232      0.24667      0.04302      0.20364
     -1.00232      0.38291      0.06699      0.31593
     -0.99232      0.53731      0.09519      0.44212
     -0.98232      0.73413      0.13105      0.60308
     -0.97232      0.62015      0.11034      0.50982
     -0.96232      0.29789      0.05212      0.24578
     -0.95232      0.24608      0.04168      0.20441
     -0.94232      0.29044      0.04885      0.24159
     -0.93232      0.22685      0.03812      0.18873
     -0.92232      0.19493      0.03276      0.16217
     -0.91232      0.19774      0.03319      0.16455
     -0.90232      0.23568      0.03940      0.19627
     -0.89232      0.29970      0.04993      0.24977
     -0.88232      0.36612      0.06092      0.30520
     -0.87232      0.45305      0.07530      0.37775
     -0.86232      0.53338      0.08890      0.44448
     -0.85232      0.67452      0.11292      0.56159
     -0.84232      0.90108      0.15105      0.75004
     -0.83232      0.75896      0.12737      0.63158
     -0.82232      0.34344      0.05731      0.28613
     -0.81232      0.20583      0.03318      0.17265
     -0.80232      0.22534      0.03570      0.18965
     -0.79232      0.17315      0.02726      0.14589
     -0.78232      0.09295      0.01461      0.07834
     -0.77232      0.13285      0.02088      0.11197
     -0.76232      0.23477      0.03671      0.19806
     -0.75232      0.23040      0.03581      0.19459
     -0.74232      0.21346      0.03308      0.18038
     -0.73232      0.33494      0.05164      0.28330
     -0.72232      0.43424      0.06676      0.36748
     -0.71232      0.41068      0.06355      0.34713
     -0.70232      0.36570      0.05694      0.30876
     -0.69232      0.31493      0.04862      0.26631
     -0.68232      0.21220      0.03220      0.18000
     -0.67232      0.16843      0.02504      0.14339
     -0.66232      0.21507      0.03178      0.18330
     -0.65232      0.19645      0.02897      0.16749
     -0.64232      0.23523      0.03441      0.20081
     -0.63232      0.31703      0.04621      0.27082
     -0.62232      0.30143      0.04384      0.25760
     -0.61232      0.33191      0.04797      0.28394
     -0.60232      0.37989      0.05476      0.32512
     -0.59232      0.37950      0.05491      0.32460
     -0.58232      0.44093      0.06386      0.37707
     -0.57232      0.51459      0.07404      0.44055
     -0.56232      0.46639      0.06605      0.40035
     -0.55232      0.30723      0.04277      0.26445
     -0.54232      0.11410      0.01575      0.09835
     -0.53232      0.02724      0.00372      0.02353
     -0.52232      0.07421      0.00997      0.06425
     -0.51232      0.22687      0.03048      0.19639
     -0.50232      0.27085      0.03636      0.23449
     -0.49232      0.19095      0.02537      0.16558
     -0.48232      0.26461      0.03474      0.22987
     -0.47232      0.38483      0.05059      0.33424
     -0.46232      0.34727      0.04574      0.30152
     -0.45232      0.23242      0.03062      0.20180
     -0.44232      0.16787      0.02180      0.14607
     -0.43232      0.17139      0.02185      0.14954
     -0.42232      0.16565      0.02087      0.14478
     -0.41232      0.18700      0.02337      0.16363
     -0.40232      0.19910      0.02481      0.17429
     -0.39232      0.22453      0.02768      0.19684
     -0.38232      0.32031      0.03922      0.28109
     -0.37232      0.34940      0.04259      0.30681
     -0.36232      0.42433      0.05131      0.37302
     -0.35232      0.46499      0.05604      0.40895
     -0.34232      0.27778      0.03348      0.24429
     -0.33232      0.09052      0.01083      0.07969
     -0.32232      0.10856      0.01249      0.09607
     -0.31232      0.24509      0.02803      0.21706
     -0.30232      0.23351      0.02666      0.20685
     -0.29232      0.09464      0.01076      0.08388
     -0.28232      0.07900      0.00879      0.07022
     -0.27232      0.21986      0.02429      0.19557
     -0.26232      0.31227      0.03439      0.27789
     -0.25232      0.25088      0.02739      0.22349
     -0.24232      0.23779      0.02547      0.21232
     -0.23232      0.25962      0.02756      0.23206
     -0.22232      0.17784      0.01880      0.15904
     -0.21232      0.13044      0.01359      0.11685
     -0.20232      0.18621      0.01917      0.16704
     -0.19232      0.26680      0.02717      0.23963
     -0.18232      0.34216      0.03458      0.30758
     -0.17232      0.28089      0.02820      0.25270
     -0.16232      0.19657      0.01942      0.17716
     -0.15232      0.16083      0.01565      0.14518
     -0.14232      0.15062      0.01440      0.13623
     -0.13232      0.17937      0.01695      0.16243
     -0.12232      0.19167      0.01794      0.17372
     -0.11232      0.20056      0.01857      0.18199
     -0.10232      0.19110      0.01746      0.17363
     -0.09232      0.15248      0.01376      0.13872
     -0.08232      0.16410      0.01449      0.14961
     -0.07232      0.25310      0.02207      0.23103
     -0.06232      0.29855      0.02579      0.27276
     -0.05232      0.22995      0.01971      0.21025
     -0.04232      0.12146      0.01025      0.11121
     -0.03232      0.13012      0.01066      0.11946
     -0.02232      0.18545      0.01502      0.17043
     -0.01232      0.18908      0.01515      0.17392
     -0.00232      0.12534      0.00998      0.11536
      0.00768      0.03847      0.00306      0.03541
      0.01768      0.00459      0.00036      0.00423
      0.02768      0.00020      0.00002      0.00019
      0.03768      0.00000      0.00000      0.00000
      0.04768      0.00000      0.00000      0.00000
      0.05768      0.00000      0.00000      0.00000
      0.06768      0.00000      0.00000      0.00000
      0.07768      0.00000      0.00000      0.00000
      0.08768      0.00000      0.00000      0.00000
      0.09768      0.00000      0.00000      0.00000
      0.10768      0.00000      0.00000      0.00000
      0.11768      0.00000      0.00000      0.00000
      0.12768      0.00000      0.00000      0.00000
      0.13768      0.00000      0.00000      0.00000
      0.14768      0.00000      0.00000      0.00000
      0.15768      0.00000      0.00000      0.00000
      0.16768      0.00000      0.00000      0.00000
      0.17768      0.00000      0.00000      0.00000
      0.18768      0.00000      0.00000      0.00000
      0.19768      0.00000      0.00000      0.00000
      0.20768      0.00000      0.00000      0.00000
      0.21768      0.00000      0.00000      0.00000
      0.22768      0.00000      0.00000      0.00000
      0.23768      0.00000      0.00000      0.00000
      0.24768      0.00000      0.00000      0.00000
      0.25768      0.00000      0.00000      0.00000
      0.26768      0.00000      0.00000      0.00000
      0.27768      0.00000      0.00000      0.00000
      0.28768      0.00000      0.00000      0.00000
      0.29768      0.00000      0.00000      0.00000
      0.30768      0.00000      0.00000      0.00000
      0.31768      0.00000      0.00000      0.00000
      0.32768      0.00000      0.00000      0.00000
      0.33768      0.00000      0.00000      0.00000
      0.34768      0.00000      0.00000      0.00000
      0.35768      0.00000      0.00000      0.00000
      0.36768      0.00000      0.00000      0.00000
      0.37768      0.00000      0.00000      0.00000
      0.38768      0.00000      0.00000      0.00000
      0.39768      0.00000      0.00000      0.00000
      0.40768      0.00000      0.00000      0.00000
      0.41768      0.00000      0.00000      0.00000
      0.42768      0.00000      0.00000      0.00000
      0.43768      0.00000      0.00000      0.00000
      0.44768      0.00000      0.00000      0.00000
      0.45768      0.00000      0.00000      0.00000
      0.46768      0.00000      0.00000      0.00000
      0.47768      0.00000      0.00000      0.00000
      0.48768      0.00000      0.00000      0.00000
      0.49768      0.00000      0.00000      0.00000
      0.50768      0.00000      0.00000      0.00000
      0.51768      0.00000      0.00000      0.00000
      0.52768      0.00000      0.00000      0.00000
      0.53768      0.00000      0.00000      0.00000
      0.54768      0.00000      0.00000      0.00000
      0.55768      0.00000      0.00000      0.00000
      0.56768      0.00000      0.00000      0.00000
      0.57768      0.00000      0.00000      0.00000
      0.58768      0.00000      0.00000      0.00000
      0.59768      0.00000      0.00000      0.00000
      0.60768      0.00000      0.00000      0.00000
      0.61768      0.00000      0.00000      0.00000
      0.62768      0.00000      0.00000      0.00000
      0.63768      0.00000      0.00000      0.00000
      0.64768      0.00000      0.00000      0.00000
      0.65768      0.00000      0.00000      0.00000
      0.66768      0.00000      0.00000      0.00000
      0.67768      0.00000      0.00000      0.00000
      0.68768      0.00000      0.00000      0.00000
      0.69768      0.00000      0.00000      0.00000
      0.70768      0.00000      0.00000      0.00000
      0.71768      0.00000      0.00000      0.00000
      0.72768      0.00000      0.00000      0.00000
      0.73768      0.00000      0.00000      0.00000
      0.74768      0.00000      0.00000      0.00000
      0.75768      0.00000      0.00000      0.00000
      0.76768      0.00000      0.00000      0.00000
      0.77768      0.00000      0.00000      0.00000
      0.78768      0.00000      0.00000      0.00000
      0.79768      0.00000      0.00000      0.00000
      0.80768      0.00000      0.00000      0.00000
      0.81768      0.00000      0.00000      0.00000
      0.82768      0.00000      0.00000      0.00000
      0.83768      0.00000      0.00000      0.00000
      0.84768      0.00000      0.00000      0.00000
      0.85768      0.00000      0.00000      0.00000
      0.86768      0.00000      0.00000      0.00000
      0.87768      0.00000      0.00000      0.00000
      0.88768      0.00000      0.00000      0.00000
      0.89768      0.00000      0.00000      0.00000
      0.90768      0.00000      0.00000      0.00000
      0.91768      0.00000      0.00000      0.00000
      0.92768      0.00000      0.00000      0.00000
      0.93768      0.00000      0.00000      0.00000
      0.94768      0.00000      0.00000      0.00000
      0.95768      0.00000      0.00000      0.00000
      0.96768      0.00000      0.00000      0.00000
      0.97768      0.00000      0.00000      0.00000
      0.98768      0.00000      0.00000      0.00000
      0.99768      0.00000      0.00000      0.00000
      1.00768      0.00000      0.00000      0.00000
      1.01768      0.00000      0.00000      0.00000
      1.02768      0.00000      0.00000      0.00000
      1.03768      0.00000      0.00000      0.00000
      1.04768      0.00000      0.00000      0.00000
      1.05768      0.00000      0.00000      0.00000
      1.06768      0.00000      0.00000      0.00000
      1.07768      0.00000      0.00000      0.00000
      1.08768      0.00000      0.00000      0.00000
      1.09768      0.00000      0.00000      0.00000
      1.10768      0.00000      0.00000      0.00000
      1.11768      0.00000      0.00000      0.00000
      1.12768      0.00000      0.00000      0.00000
      1.13768      0.00000      0.00000      0.00000
      1.14768      0.00000      0.00000      0.00000
      1.15768      0.00000      0.00000      0.00000
      1.16768      0.00000      0.00000      0.00000
      1.17768      0.00000      0.00000      0.00000
      1.18768      0.00000      0.00000      0.00000
      1.19768      0.00000      0.00000      0.00000
      1.20768      0.00000      0.00000      0.00000
      1.21768      0.00000      0.00000      0.00000
      1.22768      0.00000      0.00000      0.00000
      1.23768      0.00000      0.00000      0.00000
      1.24768      0.00000      0.00000      0.00000
      1.25768      0.00000      0.00000      0.00000
      1.26768      0.00000      0.00000      0.00000
      1.27768      0.00000      0.00000      0.00000
      1.28768      0.00000      0.00000      0.00000
      1.29768      0.00000      0.00000      0.00000
      1.30768      0.00000      0.00000      0.00000
      1.31768      0.00000      0.00000      0.00000
      1.32768      0.00000      0.00000      0.00000
      1.33768      0.00000      0.00000      0.00000
      1.34768      0.00000      0.00000      0.00000
      1.35768      0.00000      0.00000      0.00000
      1.36768      0.00000      0.00000      0.00000
      1.37768      0.00000      0.00000      0.00000
      1.38768      0.00000      0.00000      0.00000
      1.39768      0.00000      0.00000      0.00000
      1.40768      0.00000      0.00000      0.00000
      1.41768      0.00000      0.00000      0.00000
      1.42768      0.00000      0.00000      0.00000
      1.43768      0.00000      0.00000      0.00000
      1.44768      0.00000      0.00000      0.00000
      1.45768      0.00000      0.00000      0.00000
      1.46768      0.00000      0.00000      0.00000
      1.47768      0.00000      0.00000      0.00000
      1.48768      0.00000      0.00000      0.00000
      1.49768      0.00000      0.00000      0.00000
      1.50768      0.00000      0.00000      0.00000
      1.51768      0.00000      0.00000      0.00000
      1.52768      0.00000      0.00000      0.00000
      1.53768      0.00000      0.00000      0.00000
      1.54768      0.00000      0.00000      0.00000
      1.55768      0.00000      0.00000      0.00000
      1.56768      0.00000      0.00000      0.00000
      1.57768      0.00000      0.00000      0.00000
      1.58768      0.00000      0.00000      0.00000
      1.59768      0.00000      0.00000      0.00000
      1.60768      0.00000      0.00000      0.00000
      1.61768      0.00000      0.00000      0.00000
      1.62768      0.00000      0.00000      0.00000
      1.63768      0.00000      0.00000      0.00000
      1.64768      0.00000      0.00000      0.00000
      1.65768      0.00000      0.00000      0.00000
      1.66768      0.00000      0.00000      0.00000
      1.67768      0.00000      0.00000      0.00000
      1.68768      0.00000      0.00000      0.00000
      1.69768      0.00000      0.00000      0.00000
      1.70768      0.00000      0.00000      0.00000
      1.71768      0.00000      0.00000      0.00000
      1.72768      0.00000      0.00000      0.00000
      1.73768      0.00000      0.00000      0.00000
      1.74768      0.00000      0.00000      0.00000
      1.75768      0.00000      0.00000      0.00000
      1.76768      0.00000      0.00000      0.00000
      1.77768      0.00000      0.00000      0.00000
      1.78768      0.00000      0.00000      0.00000
      1.79768      0.00000      0.00000      0.00000
      1.80768      0.00000      0.00000      0.00000
      1.81768      0.00000      0.00000      0.00000
      1.82768      0.00000      0.00000      0.00000
      1.83768      0.00000      0.00000      0.00000
      1.84768      0.00000      0.00000      0.00000
      1.85768      0.00000      0.00000      0.00000
      1.86768      0.00000      0.00000      0.00000
      1.87768      0.00000      0.00000      0.00000
      1.88768      0.00000      0.00000      0.00000
      1.89768      0.00000      0.00000      0.00000
      1.90768      0.00000      0.00000      0.00000
      1.91768      0.00000      0.00000      0.00000
      1.92768      0.00000      0.00000      0.00000
      1.93768      0.00000      0.00000      0.00000
      1.94768      0.00000      0.00000      0.00000
      1.95768      0.00000      0.00000      0.00000
      1.96768      0.00000      0.00000      0.00000
      1.97768      0.00000      0.00000      0.00000
      1.98768      0.00000      0.00000      0.00000
      1.99768      0.00000      0.00000      0.00000
      2.00768      0.00000      0.00000      0.00000
      2.01768      0.00000      0.00000      0.00000
      2.02768      0.00000      0.00000      0.00000
      2.03768      0.00000      0.00000      0.00000
      2.04768      0.00000      0.00000      0.00000
      2.05768      0.00000      0.00000      0.00000
      2.06768      0.00000      0.00000      0.00000
      2.07768      0.00000      0.00000      0.00000
      2.08768      0.00000      0.00000      0.00000
      2.09768      0.00000      0.00000      0.00000
      2.10768      0.00000      0.00000      0.00000
      2.11768      0.00000      0.00000      0.00000
      2.12768      0.00000      0.00000      0.00000
      2.13768      0.00000      0.00000      0.00000
      2.14768      0.00000      0.00000      0.00000
      2.15768      0.00000      0.00000      0.00000
      2.16768      0.00000      0.00000      0.00000
      2.17768      0.00000      0.00000      0.00000
      2.18768      0.00000      0.00000      0.00000
      2.19768      0.00000      0.00000      0.00000
      2.20768      0.00000      0.00000      0.00000
      2.21768      0.00000      0.00000      0.00000
      2.22768      0.00000      0.00000      0.00000
      2.23768      0.00000      0.00000      0.00000
      2.24768      0.00000      0.00000      0.00000
      2.25768      0.00000      0.00000      0.00000
      2.26768      0.00000      0.00000      0.00000
      2.27768      0.00000      0.00000      0.00000
      2.28768      0.00000      0.00000      0.00000
      2.29768      0.00000      0.00000      0.00000
      2.30768      0.00000      0.00000      0.00000
      2.31768      0.00000      0.00000      0.00000
      2.32768      0.00000      0.00000      0.00000
      2.33768      0.00000      0.00000      0.00000
      2.34768      0.00000      0.00000      0.00000
      2.35768      0.00000      0.00000      0.00000
      2.36768      0.00000      0.00000      0.00000
      2.37768      0.00000      0.00000      0.00000
      2.38768      0.00000      0.00000      0.00000
      2.39768      0.00000      0.00000      0.00000
      2.40768      0.00000      0.00000      0.00000
      2.41768      0.00000      0.00000      0.00000
      2.42768      0.00000      0.00000      0.00000
      2.43768      0.00000      0.00000      0.00000
      2.44768      0.00000      0.00000      0.00000
      2.45768      0.00000      0.00000      0.00000
      2.46768      0.00000      0.00000      0.00000
      2.47768      0.00000      0.00000      0.00000
      2.48768      0.00000      0.00000      0.00000
      2.49768      0.00000      0.00000      0.00000
      2.50768      0.00000      0.00000      0.00000
      2.51768      0.00000      0.00000      0.00000
      2.52768      0.00000      0.00000      0.00000
      2.53768      0.00000      0.00000      0.00000
      2.54768      0.00000      0.00000      0.00000
      2.55768      0.00000      0.00000      0.00000
      2.56768      0.00000      0.00000      0.00000
      2.57768      0.00000      0.00000      0.00000
      2.58768      0.00000      0.00000      0.00000
      2.59768      0.00000      0.00000      0.00000
      2.60768      0.00000      0.00000      0.00000
      2.61768      0.00000      0.00000      0.00000
      2.62768      0.00000      0.00000      0.00000
      2.63768      0.00000      0.00000      0.00000
      2.64768      0.00000      0.00000      0.00000
      2.65768      0.00000      0.00000      0.00000
      2.66768      0.00000      0.00000      0.00000
      2.67768      0.00000      0.00000      0.00000
      2.68768      0.00000      0.00000      0.00000
      2.69768      0.00000      0.00000      0.00000
      2.70768      0.00000      0.00000      0.00000
      2.71768      0.00000      0.00000      0.00000
      2.72768      0.00000      0.00000      0.00000
      2.73768      0.00000      0.00000      0.00000
      2.74768      0.00000      0.00000      0.00000
      2.75768      0.00000      0.00000      0.00000
      2.76768      0.00000      0.00000      0.00000
      2.77768      0.00000      0.00000      0.00000
      2.78768      0.00000      0.00000      0.00000
      2.79768      0.00000      0.00000      0.00000
      2.80768      0.00000      0.00000      0.00000
      2.81768      0.00000      0.00000      0.00000
      2.82768      0.00000      0.00000      0.00000
      2.83768      0.00000      0.00000      0.00000
      2.84768      0.00000      0.00000      0.00000
      2.85768      0.00000      0.00000      0.00000
      2.86768      0.00000      0.00000      0.00000
      2.87768      0.00000      0.00000      0.00000
      2.88768      0.00000      0.00000      0.00000
      2.89768      0.00000      0.00000      0.00000
      2.90768      0.00000      0.00000      0.00000
      2.91768      0.00000      0.00000      0.00000
      2.92768      0.00000      0.00000      0.00000
      2.93768      0.00000      0.00000      0.00000
      2.94768      0.00000      0.00000      0.00000
      2.95768      0.00000      0.00000      0.00000
      2.96768      0.00000      0.00000      0.00000
      2.97768      0.00000      0.00000      0.00000
      2.98768      0.00000      0.00000      0.00000
      2.99768      0.00000      0.00000      0.00000
      3.00768      0.00000      0.00000      0.00000
      3.01768      0.00000      0.00000      0.00000
      3.02768      0.00000      0.00000      0.00000
      3.03768      0.00000      0.00000      0.00000
      3.04768      0.00000      0.00000      0.00000
      3.05768      0.00000      0.00000      0.00000
      3.06768      0.00000      0.00000      0.00000
      3.07768      0.00000      0.00000      0.00000
      3.08768      0.00000      0.00000      0.00000
      3.09768      0.00000      0.00000      0.00000
      3.10768      0.00000      0.00000      0.00000
      3.11768      0.00000      0.00000      0.00000
      3.12768      0.00000      0.00000      0.00000
      3.13768      0.00000      0.00000      0.00000
      3.14768      0.00000      0.00000      0.00000
      3.15768      0.00000      0.00000      0.00000
      3.16768      0.00000      0.00000      0.00000
      3.17768      0.00000      0.00000      0.00000
      3.18768      0.00000      0.00000      0.00000
      3.19768      0.00000      0.00000      0.00000
      3.20768      0.00000      0.00000      0.00000
      3.21768      0.00000      0.00000      0.00000
      3.22768      0.00000      0.00000      0.00000
      3.23768      0.00000      0.00000      0.00000
      3.24768      0.00000      0.00000      0.00000
      3.25768      0.00000      0.00000      0.00000
      3.26768      0.00000      0.00000      0.00000
      3.27768      0.00000      0.00000      0.00000
      3.28768      0.00000      0.00000      0.00000
      3.29768      0.00000      0.00000      0.00000
      3.30768      0.00000      0.00000      0.00000
      3.31768      0.00000      0.00000      0.00000
      3.32768      0.00000      0.00000      0.00000
      3.33768      0.00000      0.00000      0.00000
      3.34768      0.00000      0.00000      0.00000
      3.35768      0.00000      0.00000      0.00000
      3.36768      0.00000      0.00000      0.00000
      3.37768      0.00000      0.00000      0.00000
      3.38768      0.00000      0.00000      0.00000
      3.39768      0.00000      0.00000      0.00000
      3.40768      0.00000      0.00000      0.00000
      3.41768      0.00000      0.00000      0.00000
      3.42768      0.00000      0.00000      0.00000
      3.43768      0.00000      0.00000      0.00000
      3.44768      0.00000      0.00000      0.00000
      3.45768      0.00000      0.00000      0.00000
      3.46768      0.00000      0.00000      0.00000
      3.47768      0.00000      0.00000      0.00000
      3.48768      0.00000      0.00000      0.00000
      3.49768      0.00000      0.00000      0.00000
      3.50768      0.00000      0.00000      0.00000
      3.51768      0.00000      0.00000      0.00000
      3.52768      0.00000      0.00000      0.00000
      3.53768      0.00000      0.00000      0.00000
      3.54768      0.00000      0.00000      0.00000
      3.55768      0.00000      0.00000      0.00000
      3.56768      0.00000      0.00000      0.00000
      3.57768      0.00000      0.00000      0.00000
      3.58768      0.00000      0.00000      0.00000
      3.59768      0.00000      0.00000      0.00000
      3.60768      0.00000      0.00000      0.00000
      3.61768      0.00000      0.00000      0.00000
      3.62768      0.00000      0.00000      0.00000
      3.63768      0.00000      0.00000      0.00000
      3.64768      0.00000      0.00000      0.00000
      3.65768      0.00000      0.00000      0.00000
      3.66768      0.00000      0.00000      0.00000
      3.67768      0.00000      0.00000      0.00000
      3.68768      0.00000      0.00000      0.00000
      3.69768      0.00000      0.00000      0.00000
      3.70768      0.00000      0.00000      0.00000
      3.71768      0.00000      0.00000      0.00000
      3.72768      0.00000      0.00000      0.00000
      3.73768      0.00000      0.00000      0.00000
      3.74768      0.00000      0.00000      0.00000
      3.75768      0.00000      0.00000      0.00000
      3.76768      0.00000      0.00000      0.00000
      3.77768      0.00000      0.00000      0.00000
      3.78768      0.00000      0.00000      0.00000
      3.79768      0.00000      0.00000      0.00000
      3.80768      0.00000      0.00000      0.00000
      3.81768      0.00000      0.00000      0.00000
      3.82768      0.00000      0.00000      0.00000
      3.83768      0.00000      0.00000      0.00000
      3.84768      0.00000      0.00000      0.00000
      3.85768      0.00000      0.00000      0.00000
      3.86768      0.00000      0.00000      0.00000
      3.87768      0.00000      0.00000      0.00000
      3.88768      0.00000      0.00000      0.00000
      3.89768      0.00000      0.00000      0.00000
      3.90768      0.00000      0.00000      0.00000
      3.91768      0.00000      0.00000      0.00000
      3.92768      0.00000      0.00000      0.00000
      3.93768      0.00000      0.00000      0.00000
      3.94768      0.00000      0.00000      0.00000
      3.95768      0.00000      0.00000      0.00000
      3.96768      0.00000      0.00000      0.00000
      3.97768      0.00000      0.00000      0.00000
      3.98768      0.00000      0.00000      0.00000
      3.99768      0.00000      0.00000      0.00000
      4.00768      0.00000      0.00000      0.00000
      4.01768      0.00000      0.00000      0.00000
      4.02768      0.00000      0.00000      0.00000
      4.03768      0.00000      0.00000      0.00000
      4.04768      0.00000      0.00000      0.00000
      4.05768      0.00000      0.00000      0.00000
      4.06768      0.00000      0.00000      0.00000
      4.07768      0.00000      0.00000      0.00000
      4.08768      0.00000      0.00000      0.00000
      4.09768      0.00000      0.00000      0.00000
      4.10768      0.00000      0.00000      0.00000
      4.11768      0.00000      0.00000      0.00000
      4.12768      0.00000      0.00000      0.00000
      4.13768      0.00000      0.00000      0.00000
      4.14768      0.00000      0.00000      0.00000
      4.15768      0.00000      0.00000      0.00000
      4.16768      0.00000      0.00000      0.00000
      4.17768      0.00000      0.00000      0.00000
      4.18768      0.00000      0.00000      0.00000
      4.19768      0.00000      0.00000      0.00000
      4.20768      0.00000      0.00000      0.00000
      4.21768      0.00000      0.00000      0.00000
      4.22768      0.00000      0.00000      0.00000
      4.23768      0.00000      0.00000      0.00000
      4.24768      0.00000      0.00000      0.00000
      4.25768      0.00000      0.00000      0.00000
      4.26768      0.00000      0.00000      0.00000
      4.27768      0.00000      0.00000      0.00000
      4.28768      0.00000      0.00000      0.00000
      4.29768      0.00000      0.00000      0.00000
      4.30768      0.00000      0.00000      0.00000
      4.31768      0.00000      0.00000      0.00000
      4.32768      0.00000      0.00000      0.00000
      4.33768      0.00000      0.00000      0.00000
      4.34768      0.00000      0.00000      0.00000
      4.35768      0.00000      0.00000      0.00000
      4.36768      0.00000      0.00000      0.00000
      4.37768      0.00000      0.00000      0.00000
      4.38768      0.00000      0.00000      0.00000
      4.39768      0.00000      0.00000      0.00000
      4.40768      0.00000      0.00000      0.00000
      4.41768      0.00000      0.00000      0.00000
      4.42768      0.00000      0.00000      0.00000
      4.43768      0.00000      0.00000      0.00000
      4.44768      0.00000      0.00000      0.00000
      4.45768      0.00000      0.00000      0.00000
      4.46768      0.00000      0.00000      0.00000
      4.47768      0.00000      0.00000      0.00000
      4.48768      0.00000      0.00000      0.00000
      4.49768      0.00000      0.00000      0.00000
      4.50768      0.00000      0.00000      0.00000
      4.51768      0.00000      0.00000      0.00000
      4.52768      0.00000      0.00000      0.00000
      4.53768      0.00000      0.00000      0.00000
      4.54768      0.00000      0.00000      0.00000
      4.55768      0.00000      0.00000      0.00000
      4.56768      0.00000      0.00000      0.00000
      4.57768      0.00000      0.00000      0.00000
      4.58768      0.00000      0.00000      0.00000
      4.59768      0.00000      0.00000      0.00000
      4.60768      0.00000      0.00000      0.00000
      4.61768      0.00000      0.00000      0.00000
      4.62768      0.00000      0.00000      0.00000
      4.63768      0.00000      0.00000      0.00000
      4.64768      0.00000      0.00000      0.00000
      4.65768      0.00000      0.00000      0.00000
      4.66768      0.00000      0.00000      0.00000
      4.67768      0.00000      0.00000      0.00000
      4.68768      0.00000      0.00000      0.00000
      4.69768      0.00000      0.00000      0.00000
      4.70768      0.00000      0.00000      0.00000
      4.71768      0.00000      0.00000      0.00000
      4.72768      0.00000      0.00000      0.00000
      4.73768      0.00000      0.00000      0.00000
      4.74768      0.00000      0.00000      0.00000
      4.75768      0.00000      0.00000      0.00000
      4.76768      0.00000      0.00000      0.00000
      4.77768      0.00000      0.00000      0.00000
      4.78768      0.00000      0.00000      0.00000
      4.79768      0.00000      0.00000      0.00000
      4.80768      0.00000      0.00000      0.00000
      4.81768      0.00000      0.00000      0.00000
      4.82768      0.00000      0.00000      0.00000
      4.83768      0.00000      0.00000      0.00000
      4.84768      0.00000      0.00000      0.00000
      4.85768      0.00000      0.00000      0.00000
      4.86768      0.00000      0.00000      0.00000
      4.87768      0.00000      0.00000      0.00000
      4.88768      0.00000      0.00000      0.00000
      4.89768      0.00000      0.00000      0.00000
      4.90768      0.00000      0.00000      0.00000
      4.91768      0.00000      0.00000      0.00000
      4.92768      0.00000      0.00000      0.00000
      4.93768      0.00000      0.00000      0.00000
      4.94768      0.00000      0.00000      0.00000
      4.95768      0.00000      0.00000      0.00000
      4.96768      0.00000      0.00000      0.00000
      4.97768      0.00000      0.00000      0.00000
      4.98768      0.00000      0.00000      0.00000
      4.99768      0.00000      0.00000      0.00000
      5.00768      0.00000      0.00000      0.00000
      5.01768      0.00000      0.00000      0.00000
      5.02768      0.00000      0.00000      0.00000
      5.03768      0.00000      0.00000      0.00000
      5.04768      0.00000      0.00000      0.00000
      5.05768      0.00000      0.00000      0.00000
      5.06768      0.00000      0.00000      0.00000
      5.07768      0.00000      0.00000      0.00000
      5.08768      0.00000      0.00000      0.00000
      5.09768      0.00000      0.00000      0.00000
      5.10768      0.00000      0.00000      0.00000
      5.11768      0.00000      0.00000      0.00000
      5.12768      0.00000      0.00000      0.00000
      5.13768      0.00000      0.00000      0.00000
      5.14768      0.00000      0.00000      0.00000
      5.15768      0.00000      0.00000      0.00000
      5.16768      0.00000      0.00000      0.00000
      5.17768      0.00000      0.00000      0.00000
      5.18768      0.00000      0.00000      0.00000
      5.19768      0.00000      0.00000      0.00000
      5.20768      0.00000      0.00000      0.00000
      5.21768      0.00000      0.00000      0.00000
      5.22768      0.00000      0.00000      0.00000
      5.23768      0.00000      0.00000      0.00000
      5.24768      0.00000      0.00000      0.00000
      5.25768      0.00000      0.00000      0.00000
      5.26768      0.00000      0.00000      0.00000
      5.27768      0.00000      0.00000      0.00000
      5.28768      0.00000      0.00000      0.00000
      5.29768      0.00000      0.00000      0.00000
      5.30768      0.00000      0.00000      0.00000
      5.31768      0.00000      0.00000      0.00000
      5.32768      0.00000      0.00000      0.00000
      5.33768      0.00000      0.00000      0.00000
      5.34768      0.00000      0.00000      0.00000
      5.35768      0.00000      0.00000      0.00000
      5.36768      0.00000      0.00000      0.00000
      5.37768      0.00000      0.00000      0.00000
      5.38768      0.00000      0.00000      0.00000
      5.39768      0.00000      0.00000      0.00000
      5.40768      0.00000      0.00000      0.00000
      5.41768      0.00000      0.00000      0.00000
      5.42768      0.00000      0.00000      0.00000
      5.43768      0.00000      0.00000      0.00000
      5.44768      0.00000      0.00000      0.00000
      5.45768      0.00000      0.00000      0.00000
      5.46768      0.00000      0.00000      0.00000
      5.47768      0.00000      0.00000      0.00000
      5.48768      0.00000      0.00000      0.00000
      5.49768      0.00000      0.00000      0.00000
      5.50768      0.00000      0.00000      0.00000
      5.51768      0.00000      0.00000      0.00000
      5.52768      0.00000      0.00000      0.00000
      5.53768      0.00000      0.00000      0.00000
      5.54768      0.00000      0.00000      0.00000
      5.55768      0.00000      0.00000      0.00000
      5.56768      0.00000      0.00000      0.00000
      5.57768      0.00000      0.00000      0.00000
      5.58768      0.00000      0.00000      0.00000
      5.59768      0.00000      0.00000      0.00000
      5.60768      0.00000      0.00000      0.00000
      5.61768      0.00000      0.00000      0.00000
      5.62768      0.00000      0.00000      0.00000
      5.63768      0.00000      0.00000      0.00000
      5.64768      0.00000      0.00000      0.00000
      5.65768      0.00000      0.00000      0.00000
      5.66768      0.00000      0.00000      0.00000
      5.67768      0.00000      0.00000      0.00000
      5.68768      0.00000      0.00000      0.00000
      5.69768      0.00000      0.00000      0.00000
      5.70768      0.00000      0.00000      0.00000
      5.71768      0.00000      0.00000      0.00000
      5.72768      0.00000      0.00000      0.00000
      5.73768      0.00000      0.00000      0.00000
      5.74768      0.00000      0.00000      0.00000
      5.75768      0.00000      0.00000      0.00000
      5.76768      0.00000      0.00000      0.00000
      5.77768      0.00000      0.00000      0.00000
      5.78768      0.00000      0.00000      0.00000
      5.79768      0.00000      0.00000      0.00000
      5.80768      0.00000      0.00000      0.00000
      5.81768      0.00000      0.00000      0.00000
      5.82768      0.00000      0.00000      0.00000
      5.83768      0.00000      0.00000      0.00000
      5.84768      0.00000      0.00000      0.00000
      5.85768      0.00000      0.00000      0.00000
      5.86768      0.00000      0.00000      0.00000
      5.87768      0.00000      0.00000      0.00000
      5.88768      0.00000      0.00000      0.00000
      5.89768      0.00000      0.00000      0.00000
      5.90768      0.00000      0.00000      0.00000
      5.91768      0.00000      0.00000      0.00000
      5.92768      0.00000      0.00000      0.00000
      5.93768      0.00000      0.00000      0.00000
      5.94768      0.00000      0.00000      0.00000
      5.95768      0.00000      0.00000      0.00000
      5.96768      0.00000      0.00000      0.00000
      5.97768      0.00000      0.00000      0.00000
      5.98768      0.00000      0.00000      0.00000
      5.99768      0.00000      0.00000      0.00000
      6.00768      0.00000      0.00000      0.00000
      6.01768      0.00000      0.00000      0.00000
      6.02768      0.00000      0.00000      0.00000
      6.03768      0.00000      0.00000      0.00000
      6.04768      0.00000      0.00000      0.00000
      6.05768      0.00000      0.00000      0.00000
      6.06768      0.00000      0.00000      0.00000
      6.07768      0.00000      0.00000      0.00000
      6.08768      0.00000      0.00000      0.00000
      6.09768      0.00000      0.00000      0.00000
      6.10768      0.00000      0.00000      0.00000
      6.11768      0.00000      0.00000      0.00000
      6.12768      0.00000      0.00000      0.00000
      6.13768      0.00000      0.00000      0.00000
      6.14768      0.00000      0.00000      0.00000
      6.15768      0.00000      0.00000      0.00000
      6.16768      0.00000      0.00000      0.00000
      6.17768      0.00000      0.00000      0.00000
      6.18768      0.00000      0.00000      0.00000
      6.19768      0.00000      0.00000      0.00000
      6.20768      0.00000      0.00000      0.00000
      6.21768      0.00000      0.00000      0.00000
      6.22768      0.00000      0.00000      0.00000
      6.23768      0.00000      0.00000      0.00000
      6.24768      0.00000      0.00000      0.00000
      6.25768      0.00000      0.00000      0.00000
      6.26768      0.00000      0.00000      0.00000
      6.27768      0.00000      0.00000      0.00000
      6.28768      0.00000      0.00000      0.00000
      6.29768      0.00000      0.00000      0.00000
      6.30768      0.00000      0.00000      0.00000
      6.31768      0.00000      0.00000      0.00000
      6.32768      0.00000      0.00000      0.00000
      6.33768      0.00001      0.00001      0.00000
      6.34768      0.00039      0.00034      0.00004
      6.35768      0.00740      0.00660      0.00080
      6.36768      0.05448      0.04856      0.00592
      6.37768      0.16454      0.14659      0.01794
      6.38768      0.23829      0.21212      0.02617
      6.39768      0.22613      0.20091      0.02521
      6.40768      0.24211      0.21447      0.02764
      6.41768      0.32184      0.28451      0.03733
      6.42768      0.36519      0.32232      0.04287
      6.43768      0.30884      0.27199      0.03685
      6.44768      0.26003      0.22823      0.03180
      6.45768      0.30553      0.26751      0.03801
      6.46768      0.32548      0.28451      0.04097
      6.47768      0.28074      0.24478      0.03597
      6.48768      0.17458      0.15186      0.02272
      6.49768      0.17725      0.15344      0.02382
      6.50768      0.44482      0.38479      0.06003
      6.51768      0.65665      0.56785      0.08879
      6.52768      0.55025      0.47459      0.07566
      6.53768      0.37282      0.31978      0.05304
      6.54768      0.26381      0.22492      0.03889
      6.55768      0.24318      0.20639      0.03679
      6.56768      0.36138      0.30694      0.05444
      6.57768      0.54809      0.46595      0.08214
      6.58768      0.47717      0.40454      0.07264
      6.59768      0.28767      0.24074      0.04693
      6.60768      0.30484      0.24619      0.05865
      6.61768      0.79257      0.62716      0.16541
      6.62768      1.65225      1.30461      0.34764
      6.63768      2.10983      1.67030      0.43953
      6.64768      2.19296      1.74704      0.44592
      6.65768      2.07629      1.64908      0.42721
      6.66768      1.57304      1.23159      0.34146
      6.67768      1.32237      1.02864      0.29373
      6.68768      1.29543      1.00939      0.28604
      6.69768      0.93898      0.73308      0.20590
      6.70768      0.64478      0.50889      0.13588
      6.71768      0.62716      0.49552      0.13164
      6.72768      0.99207      0.77373      0.21834
      6.73768      1.31486      1.02343      0.29143
      6.74768      1.13530      0.88624      0.24906
      6.75768      0.80479      0.62763      0.17716
      6.76768      0.73022      0.56565      0.16457
      6.77768      0.74563      0.57791      0.16772
      6.78768      0.54659      0.42730      0.11929
      6.79768      0.38140      0.30398      0.07742
      6.80768      0.37842      0.30386      0.07457
      6.81768      0.59053      0.46173      0.12881
      6.82768      1.14038      0.87620      0.26418
      6.83768      1.42461      1.09851      0.32610
      6.84768      1.07898      0.84314      0.23585
      6.85768      0.63227      0.49968      0.13259
      6.86768      0.42165      0.32785      0.09380
      6.87768      0.48134      0.36219      0.11915
      6.88768      0.51824      0.38848      0.12975
      6.89768      0.35206      0.26836      0.08370
      6.90768      0.30383      0.23957      0.06425
      6.91768      0.27944      0.22219      0.05725
      6.92768      0.27014      0.21249      0.05765
      6.93768      0.51235      0.39679      0.11567
      6.94768      1.01591      0.77612      0.24239
      6.95768      1.34178      1.04546      0.31825
      6.96768      0.99821      0.87598      0.19743
      6.97768      0.68221      0.74684      0.07238
      6.98768      0.75398      0.89227      0.05132
      6.99768      0.88956      1.02636      0.07244
      7.00768      1.07128      1.14869      0.12529
      7.01768      1.15660      1.17173      0.16622
      7.02768      1.04185      1.09358      0.13199
      7.03768      0.94578      1.08244      0.07751
      7.04768      0.84739      1.01232      0.05177
      7.05768      0.73955      0.86479      0.05568
      7.06768      0.76436      0.81795      0.08677
      7.07768      0.87725      0.86619      0.12556
      7.08768      0.91462      0.81856      0.16948
      7.09768      1.24339      1.05525      0.26273
      7.10768      1.52905      1.37577      0.28647
      7.11768      1.08490      1.06500      0.15954
      7.12768      0.44611      0.48291      0.04438
      7.13768      0.22782      0.27049      0.01189
      7.14768      0.32934      0.36766      0.02790
      7.15768      0.57589      0.60165      0.06781
      7.16768      0.87249      0.83429      0.13857
      7.17768      0.92867      0.82552      0.17593
      7.18768      0.63901      0.60408      0.10327
      7.19768      0.47549      0.49105      0.05525
      7.20768      0.62898      0.62326      0.08336
      7.21768      0.86677      0.92847      0.08297
      7.22768      0.91886      1.08353      0.04257
      7.23768      0.70521      0.79876      0.04948
      7.24768      0.57275      0.51010      0.10812
      7.25768      0.76571      0.60124      0.18571
      7.26768      1.14663      0.95228      0.25470
      7.27768      1.12855      1.03953      0.20003
      7.28768      0.75853      0.74796      0.10705
      7.29768      0.44726      0.41088      0.07564
      7.30768      0.26485      0.22927      0.05123
      7.31768      0.45032      0.41978      0.07263
      7.32768      0.82477      0.79005      0.12321
      7.33768      0.89904      0.85051      0.14068
      7.34768      0.81280      0.71603      0.15606
      7.35768      0.62671      0.54340      0.12647
      7.36768      0.31367      0.28252      0.05802
      7.37768      0.21197      0.18796      0.04001
      7.38768      0.25304      0.23082      0.04458
      7.39768      0.34305      0.32981      0.05226
      7.40768      0.58294      0.59891      0.06920
      7.41768      0.78026      0.79955      0.09370
      7.42768      0.80408      0.75770      0.13092
      7.43768      0.71529      0.60688      0.15287
      7.44768      0.70200      0.52682      0.18904
      7.45768      0.68264      0.48771      0.19736
      7.46768      0.46368      0.34507      0.12469
      7.47768      0.37641      0.32485      0.07567
      7.48768      0.46559      0.41461      0.08683
      7.49768      0.38448      0.32240      0.08174
      7.50768      0.16993      0.13380      0.04064
      7.51768      0.16584      0.13346      0.03928
      7.52768      0.45443      0.39455      0.09292
      7.53768      0.81796      0.74505      0.14917
      7.54768      0.84746      0.80062      0.14013
      7.55768      0.50551      0.51367      0.06518
      7.56768      0.28103      0.30694      0.02508
      7.57768      0.28966      0.27447      0.04645
      7.58768      0.47344      0.42954      0.08584
      7.59768      0.66606      0.63000      0.10821
      7.60768      0.53789      0.49943      0.09200
      7.61768      0.39688      0.34301      0.08137
      7.62768      0.65717      0.54385      0.14823
      7.63768      0.92976      0.72590      0.23376
      7.64768      0.96258      0.70030      0.27204
      7.65768      0.71058      0.50172      0.21008
      7.66768      0.28599      0.20369      0.08333
      7.67768      0.09427      0.08306      0.01906
      7.68768      0.18448      0.18961      0.02325
      7.69768      0.34768      0.36192      0.04105
      7.70768      0.33184      0.36255      0.02988
      7.71768      0.25597      0.27540      0.02479
      7.72768      0.39780      0.36753      0.06999
      7.73768      0.56720      0.45890      0.13535
      7.74768      0.54931      0.41196      0.15012
      7.75768      0.48474      0.39255      0.11790
      7.76768      0.50640      0.45998      0.09570
      7.77768      0.51477      0.48052      0.08913
      7.78768      0.37700      0.35135      0.06517
      7.79768      0.24064      0.20604      0.05176
      7.80768      0.33914      0.27956      0.07957
      7.81768      0.39249      0.35812      0.07369
      7.82768      0.35645      0.34633      0.05518
      7.83768      0.58530      0.51826      0.11766
      7.84768      0.89974      0.75047      0.20767
      7.85768      0.97779      0.80923      0.23096
      7.86768      0.73887      0.63115      0.16377
      7.87768      0.41434      0.37873      0.07732
      7.88768      0.27368      0.27813      0.03533
      7.89768      0.27098      0.25320      0.04669
      7.90768      0.30278      0.23717      0.07655
      7.91768      0.38701      0.30515      0.09733
      7.92768      0.48614      0.41422      0.10620
      7.93768      0.42998      0.36620      0.09361
      7.94768      0.34548      0.26538      0.09121
      7.95768      0.45505      0.34813      0.12355
      7.96768      0.61278      0.53984      0.12961
      7.97768      0.53619      0.52956      0.08291
      7.98768      0.33090      0.31130      0.05903
      7.99768      0.27345      0.23598      0.05910
      8.00768      0.46740      0.43808      0.08160
      8.01768      0.57099      0.54816      0.09297
      8.02768      0.44361      0.38501      0.09522
      8.03768      0.32076      0.23864      0.09122
      8.04768      0.30445      0.24126      0.07949
      8.05768      0.65075      0.56605      0.14317
      8.06768      0.95416      0.84321      0.20175
      8.07768      0.65920      0.57236      0.14365
      8.08768      0.35685      0.27530      0.09535
      8.09768      0.36390      0.25375      0.11142
      8.10768      0.24574      0.16959      0.07619
      8.11768      0.08316      0.05738      0.02578
      8.12768      0.11479      0.07920      0.03560
      8.13768      0.25613      0.17668      0.07963
      8.14768      0.30375      0.21559      0.09172
      8.15768      0.32657      0.27890      0.07411
      8.16768      0.48340      0.50205      0.06210
      8.17768      0.68582      0.72579      0.08105
      8.18768      0.73806      0.74744      0.10501
      8.19768      0.63954      0.61263      0.10927
      8.20768      0.54575      0.49554      0.10749
      8.21768      0.50955      0.44993      0.10661
      8.22768      0.33973      0.29668      0.07260
      8.23768      0.23777      0.19176      0.05942
      8.24768      0.57244      0.46307      0.14210
      8.25768      1.05632      0.90068      0.23408
      8.26768      1.14468      0.98809      0.24123
      8.27768      0.94828      0.79292      0.20683
      8.28768      0.62203      0.53664      0.11768
      8.29768      0.32709      0.32300      0.03062
      8.30768      0.25080      0.27971      0.00319
      8.31768      0.37263      0.43173      0.00118
      8.32768      0.51163      0.58003      0.01189
      8.33768      0.55213      0.55922      0.05517
      8.34768      0.66074      0.59776      0.11253
      8.35768      0.72228      0.68704      0.10718
      8.36768      0.69885      0.74505      0.06214
      8.37768      0.81406      0.85352      0.07948
      8.38768      0.92892      0.86422      0.14666
      8.39768      0.91769      0.80023      0.17661
      8.40768      0.73614      0.67765      0.12115
      8.41768      0.46709      0.46730      0.04717
      8.42768      0.33115      0.31237      0.04183
      8.43768      0.36600      0.31443      0.06742
      8.44768      0.49174      0.44759      0.07441
      8.45768      0.67318      0.66737      0.07324
      8.46768      0.84996      0.85246      0.09675
      8.47768      0.90709      0.85537      0.14302
      8.48768      0.91643      0.79690      0.18468
      8.49768      0.82646      0.69043      0.17499
      8.50768      0.67720      0.58707      0.12473
      8.51768      0.65547      0.60682      0.10086
      8.52768      0.55199      0.53306      0.07732
      8.53768      0.46969      0.46291      0.06222
      8.54768      0.60069      0.59048      0.06745
      8.55768      0.76264      0.75433      0.07318
      8.56768      0.83438      0.84582      0.08102
      8.57768      0.81880      0.83491      0.09409
      8.58768      0.73188      0.72478      0.10096
      8.59768      0.65292      0.63358      0.08930
      8.60768      0.75862      0.74087      0.09683
      8.61768      0.96538      0.91320      0.14572
      8.62768      0.77632      0.70406      0.13382
      8.63768      0.39928      0.36534      0.05846
      8.64768      0.25514      0.23097      0.03511
      8.65768      0.42410      0.35563      0.08433
      8.66768      0.73764      0.66663      0.12195
      8.67768      0.97962      0.95875      0.11978
      8.68768      0.99149      0.95011      0.13035
      8.69768      0.87343      0.75229      0.16430
      8.70768      0.75265      0.62337      0.16192
      8.71768      0.55803      0.50506      0.09805
      8.72768      0.46811      0.44607      0.06163
      8.73768      0.49985      0.49874      0.03975
      8.74768      0.46918      0.50605      0.01675
      8.75768      0.42824      0.44211      0.03361
      8.76768      0.56614      0.51475      0.09255
      8.77768      0.72237      0.65830      0.12451
      8.78768      0.66160      0.66253      0.08079
      8.79768      0.59966      0.66670      0.02820
      8.80768      0.66366      0.70745      0.03255
      8.81768      0.69639      0.65381      0.08556
      8.82768      0.74706      0.65271      0.13774
      8.83768      0.78376      0.69263      0.14097
      8.84768      0.66795      0.59236      0.10484
      8.85768      0.56594      0.47243      0.10434
      8.86768      0.53097      0.44034      0.09864
      8.87768      0.50436      0.44056      0.08254
      8.88768      0.68214      0.61624      0.11807
      8.89768      0.94641      0.88966      0.14535
      8.90768      0.94286      0.90177      0.13601
      8.91768      0.83290      0.79117      0.13732
      8.92768      0.90342      0.83169      0.16512
      8.93768      0.81795      0.72604      0.14824
      8.94768      0.67015      0.65208      0.06142
      8.95768      0.60906      0.64271      0.01026
      8.96768      0.42939      0.44642      0.00417
      8.97768      0.36960      0.35512      0.02135
      8.98768      0.43635      0.40369      0.04838
      8.99768      0.44787      0.44255      0.05057
      9.00768      0.52845      0.55069      0.05128
      9.01768      0.66838      0.70692      0.04876
      9.02768      0.62540      0.67671      0.02335
      9.03768      0.56693      0.59698      0.01968
      9.04768      0.65752      0.67493      0.05096
      9.05768      0.64801      0.64710      0.08651
      9.06768      0.57752      0.50268      0.11835
      9.07768      0.61740      0.49911      0.12663
      9.08768      0.54029      0.43671      0.10571
      9.09768      0.46163      0.36583      0.10675
      9.10768      0.62000      0.55412      0.10369
      9.11768      0.89612      0.89533      0.08076
      9.12768      0.94072      1.00353      0.04806
      9.13768      0.78802      0.83662      0.04274
      9.14768      0.56751      0.54826      0.05809
      9.15768      0.34149      0.30471      0.04424
      9.16768      0.32709      0.28229      0.04609
      9.17768      0.52911      0.42098      0.11581
      9.18768      0.73192      0.57716      0.18535
      9.19768      0.86679      0.72888      0.18626
      9.20768      0.88975      0.77819      0.15730
      9.21768      0.74974      0.70270      0.09767
      9.22768      0.59420      0.60648      0.04172
      9.23768      0.54305      0.57125      0.03897
      9.24768      0.56772      0.55500      0.08811
      9.25768      0.60381      0.52080      0.13807
      9.26768      0.56660      0.48744      0.11179
      9.27768      0.62276      0.59255      0.07244
      9.28768      0.69357      0.65393      0.08106
      9.29768      0.62284      0.55456      0.08744
      9.30768      0.59000      0.53036      0.08348
      9.31768      0.68663      0.67081      0.07381
      9.32768      0.76222      0.76967      0.07476
      9.33768      0.74354      0.76179      0.07146
      9.34768      0.58666      0.63487      0.03956
      9.35768      0.42613      0.48660      0.01820
      9.36768      0.53581      0.58867      0.03375
      9.37768      0.62845      0.63397      0.06649
      9.38768      0.54652      0.52745      0.06703
      9.39768      0.45620      0.46277      0.03957
      9.40768      0.36612      0.36612      0.02822
      9.41768      0.39324      0.35121      0.04890
      9.42768      0.55465      0.45102      0.10596
      9.43768      0.67291      0.52634      0.16086
      9.44768      0.69796      0.58379      0.16354
      9.45768      0.80084      0.72031      0.16571
      9.46768      1.01511      0.92917      0.17958
      9.47768      1.03366      0.95142      0.15348
      9.48768      0.91814      0.80268      0.15715
      9.49768      0.95808      0.81997      0.19730
      9.50768      1.08045      0.94266      0.22691
      9.51768      1.01155      0.84698      0.22501
      9.52768      0.74985      0.62880      0.15684
      9.53768      0.58200      0.53447      0.09095
      9.54768      0.60221      0.52376      0.11037
      9.55768      0.73852      0.60075      0.16616
      9.56768      0.94160      0.83852      0.17804
      9.57768      0.95693      0.93061      0.14159
      9.58768      0.73259      0.70701      0.11337
      9.59768      0.49080      0.42065      0.10476
      9.60768      0.58715      0.44624      0.14733
      9.61768      0.89004      0.65841      0.23284
      9.62768      1.04111      0.75472      0.29426
      9.63768      1.09335      0.81179      0.31281
      9.64768      1.08040      0.84159      0.28506
      9.65768      0.95826      0.77425      0.21560
      9.66768      0.83536      0.73014      0.14556
      9.67768      0.78779      0.75357      0.11336
      9.68768      0.84065      0.79139      0.13994
      9.69768      0.96959      0.85102      0.19349
      9.70768      0.97188      0.80114      0.22051
      9.71768      1.08890      0.83509      0.29120
      9.72768      1.64519      1.27012      0.44738
      9.73768      1.90295      1.50498      0.49357
      9.74768      1.55374      1.24126      0.38988
      9.75768      1.02189      0.83787      0.24419
      9.76768      0.75630      0.63876      0.17239
      9.77768      0.74392      0.63536      0.15990
      9.78768      1.00810      0.83332      0.22909
      9.79768      1.36950      1.10968      0.33997
      9.80768      1.59968      1.28950      0.40791
      9.81768      1.63805      1.34438      0.38993
      9.82768      1.34435      1.10487      0.30351
      9.83768      1.17067      0.92915      0.27801
      9.84768      1.35922      1.05735      0.34594
      9.85768      1.67657      1.24744      0.46539
      9.86768      2.10265      1.49309      0.62118
      9.87768      2.35583      1.65129      0.70801
      9.88768      2.22378      1.57931      0.66363
      9.89768      1.94464      1.46765      0.54481
      9.90768      1.73082      1.38405      0.44963
      9.91768      1.67568      1.32606      0.43626
      9.92768      1.72890      1.31478      0.46682
      9.93768      1.64695      1.21712      0.46074
      9.94768      1.50484      1.17351      0.39750
      9.95768      1.28606      1.11552      0.28916
      9.96768      0.79271      0.75074      0.14789
      9.97768      0.31637      0.34103      0.03827
      9.98768      0.08917      0.10934      0.00413
      9.99768      0.02576      0.03379      0.00017
     10.00768      0.09169      0.12218      0.00000
     10.01768      0.26813      0.35713      0.00000
     10.02768      0.34256      0.45551      0.00000
     10.03768      0.22849      0.30299      0.00000
     10.04768      0.08391      0.11103      0.00000
     10.05768      0.01438      0.01901      0.00000
     10.06768      0.00292      0.00387      0.00000
     10.07768      0.02190      0.02910      0.00000
     10.08768      0.09070      0.12054      0.00000
     10.09768      0.14104      0.18745      0.00000
     10.10768      0.11374      0.15118      0.00000
     10.11768      0.18418      0.24475      0.00000
     10.12768      0.31172      0.41421      0.00000
     10.13768      0.29173      0.38766      0.00000
     10.14768      0.24081      0.31958      0.00000
     10.15768      0.26409      0.34935      0.00000
     10.16768      0.31703      0.41909      0.00000
     10.17768      0.31267      0.41379      0.00000
     10.18768      0.25746      0.34076      0.00000
     10.19768      0.17295      0.22868      0.00000
     10.20768      0.11683      0.15442      0.00000
     10.21768      0.16169      0.21380      0.00000
     10.22768      0.18045      0.23874      0.00000
     10.23768      0.16093      0.21305      0.00000
     10.24768      0.23493      0.31095      0.00000
     10.25768      0.32863      0.43481      0.00000
     10.26768      0.28008      0.37049      0.00000
     10.27768      0.13820      0.18278      0.00000
     10.28768      0.09095      0.12028      0.00000
     10.29768      0.13698      0.18115      0.00000
     10.30768      0.10400      0.13752      0.00000
     10.31768      0.03846      0.05081      0.00000
     10.32768      0.06805      0.08965      0.00000
     10.33768      0.19453      0.25636      0.00000
     10.34768      0.29494      0.38888      0.00000
     10.35768      0.28862      0.38050      0.00000
     10.36768      0.23088      0.30447      0.00000
     10.37768      0.18933      0.25004      0.00000
     10.38768      0.17025      0.22470      0.00000
     10.39768      0.28066      0.36986      0.00000
     10.40768      0.38178      0.50337      0.00000
     10.41768      0.24521      0.32360      0.00000
     10.42768      0.07364      0.09722      0.00000
     10.43768      0.03840      0.05029      0.00000
     10.44768      0.11252      0.14702      0.00000
     10.45768      0.19824      0.25947      0.00000
     10.46768      0.25531      0.33535      0.00000
     10.47768      0.25996      0.34236      0.00000
     10.48768      0.14423      0.19020      0.00000
     10.49768      0.03539      0.04670      0.00000
     10.50768      0.00390      0.00514      0.00000
     10.51768      0.00780      0.01019      0.00000
     10.52768      0.05876      0.07665      0.00000
     10.53768      0.18448      0.24031      0.00000
     10.54768      0.25990      0.33791      0.00000
     10.55768      0.23214      0.30173      0.00000
     10.56768      0.30582      0.39913      0.00000
     10.57768      0.40517      0.53129      0.00000
     10.58768      0.36365      0.47919      0.00000
     10.59768      0.27384      0.36153      0.00000
     10.60768      0.26384      0.34704      0.00000
     10.61768      0.27924      0.36559      0.00000
     10.62768      0.23675      0.30997      0.00000
     10.63768      0.20712      0.27142      0.00000
     10.64768      0.17152      0.22365      0.00000
     10.65768      0.16222      0.21206      0.00000
     10.66768      0.15523      0.20403      0.00000
     10.67768      0.12479      0.16316      0.00000
     10.68768      0.23149      0.30010      0.00000
     10.69768      0.37028      0.48039      0.00000
     10.70768      0.28055      0.36516      0.00000
     10.71768      0.10093      0.13185      0.00000
     10.72768      0.05432      0.07071      0.00000
     10.73768      0.16439      0.21271      0.00000
     10.74768      0.26750      0.34454      0.00000
     10.75768      0.18844      0.24144      0.00000
     10.76768      0.12396      0.15776      0.00000
     10.77768      0.17212      0.21962      0.00000
     10.78768      0.22718      0.29380      0.00000
     10.79768      0.28489      0.37245      0.00000
     10.80768      0.26737      0.35080      0.00000
     10.81768      0.20515      0.26743      0.00000
     10.82768      0.18945      0.24322      0.00000
     10.83768      0.22132      0.28409      0.00000
     10.84768      0.34402      0.44328      0.00000
     10.85768      0.37422      0.48096      0.00000
     10.86768      0.18504      0.23670      0.00000
     10.87768      0.03821      0.04865      0.00000
     10.88768      0.01099      0.01401      0.00000
     10.89768      0.05504      0.07037      0.00000
     10.90768      0.15580      0.19974      0.00000
     10.91768      0.22311      0.28742      0.00000
     10.92768      0.22305      0.28649      0.00000
     10.93768      0.19846      0.24992      0.00000
     10.94768      0.14547      0.18067      0.00000
     10.95768      0.14100      0.17564      0.00000
     10.96768      0.25711      0.32116      0.00000
     10.97768      0.23725      0.29636      0.00000
     10.98768      0.09668      0.12170      0.00000
     10.99768      0.11446      0.14949      0.00000
     11.00768      0.32185      0.42033      0.00000
     11.01768      0.51120      0.66253      0.00000
     11.02768      0.51764      0.66381      0.00000
     11.03768      0.37465      0.47802      0.00000
     11.04768      0.23143      0.29856      0.00000
     11.05768      0.14851      0.19402      0.00000
     11.06768      0.11992      0.15669      0.00000
     11.07768      0.17093      0.22114      0.00000
     11.08768      0.20644      0.26120      0.00000
     11.09768      0.24232      0.30324      0.00000
     11.10768      0.31532      0.39602      0.00000
     11.11768      0.37472      0.46634      0.00000
     11.12768      0.26773      0.33084      0.00000
     11.13768      0.15928      0.19914      0.00000
     11.14768      0.22959      0.28791      0.00000
     11.15768      0.24376      0.30210      0.00000
     11.16768      0.12520      0.15407      0.00000
     11.17768      0.09294      0.11731      0.00000
     11.18768      0.13968      0.17804      0.00000
     11.19768      0.11423      0.14461      0.00000
     11.20768      0.15234      0.18767      0.00000
     11.21768      0.36800      0.45400      0.00000
     11.22768      0.47232      0.58757      0.00000
     11.23768      0.36024      0.45418      0.00000
     11.24768      0.23905      0.30725      0.00000
     11.25768      0.13313      0.17220      0.00000
     11.26768      0.11878      0.14719      0.00000
     11.27768      0.24625      0.29821      0.00000
     11.28768      0.30584      0.37170      0.00000
     11.29768      0.23841      0.29716      0.00000
     11.30768      0.16504      0.20724      0.00000
     11.31768      0.21275      0.25663      0.00000
     11.32768      0.28000      0.33369      0.00000
     11.33768      0.16700      0.19821      0.00000
     11.34768      0.10602      0.12482      0.00000
     11.35768      0.22032      0.26397      0.00000
     11.36768      0.31268      0.38129      0.00000
