Energy-E_F (eV)    DOS (1/eV)    PDOS (1/eV)  of atom type B  N  
     -5.95083      0.24086      0.07168      0.16917
     -5.94083      0.48925      0.15035      0.33890
     -5.93083      0.73719      0.22696      0.51024
     -5.92083      0.87493      0.26761      0.60731
     -5.91083      0.82000      0.25159      0.56841
     -5.90083      0.72759      0.22458      0.50300
     -5.89083      0.67775      0.21166      0.46609
     -5.88083      0.53960      0.17171      0.36789
     -5.87083      0.39940      0.12821      0.27120
     -5.86083      0.32172      0.10228      0.21944
     -5.85083      0.19743      0.06258      0.13485
     -5.84083      0.17163      0.05284      0.11879
     -5.83083      0.34848      0.10487      0.24361
     -5.82083      0.44255      0.13140      0.31115
     -5.81083      0.42350      0.12729      0.29622
     -5.80083      0.51848      0.16615      0.35233
     -5.79083      0.64866      0.21828      0.43038
     -5.78083      0.63980      0.21536      0.42444
     -5.77083      0.62127      0.20009      0.42118
     -5.76083      0.54675      0.17436      0.37238
     -5.75083      0.40651      0.13245      0.27406
     -5.74083      0.43689      0.13925      0.29764
     -5.73083      0.50497      0.15546      0.34951
     -5.72083      0.53616      0.16511      0.37104
     -5.71083      0.62812      0.19258      0.43554
     -5.70083      0.72001      0.21891      0.50110
     -5.69083      0.61104      0.18908      0.42196
     -5.68083      0.38395      0.12524      0.25870
     -5.67083      0.25401      0.08869      0.16533
     -5.66083      0.26944      0.09472      0.17472
     -5.65083      0.50569      0.17001      0.33568
     -5.64083      0.76964      0.25381      0.51583
     -5.63083      0.75426      0.24990      0.50436
     -5.62083      0.50064      0.16818      0.33246
     -5.61083      0.34292      0.11509      0.22783
     -5.60083      0.41883      0.13748      0.28134
     -5.59083      0.52722      0.17279      0.35443
     -5.58083      0.52674      0.17369      0.35305
     -5.57083      0.50809      0.16589      0.34221
     -5.56083      0.54782      0.17801      0.36980
     -5.55083      0.46086      0.15178      0.30908
     -5.54083      0.32824      0.11218      0.21606
     -5.53083      0.39684      0.13647      0.26037
     -5.52083      0.44080      0.14844      0.29235
     -5.51083      0.49508      0.16781      0.32727
     -5.50083      0.74348      0.25050      0.49298
     -5.49083      0.95181      0.31932      0.63248
     -5.48083      0.79831      0.26431      0.53400
     -5.47083      0.51792      0.16450      0.35342
     -5.46083      0.33292      0.10417      0.22875
     -5.45083      0.36514      0.11945      0.24569
     -5.44083      0.55652      0.18805      0.36848
     -5.43083      0.51355      0.18077      0.33278
     -5.42083      0.28310      0.10203      0.18107
     -5.41083      0.22737      0.07337      0.15400
     -5.40083      0.40427      0.12619      0.27809
     -5.39083      0.50721      0.16243      0.34477
     -5.38083      0.59665      0.19515      0.40150
     -5.37083      0.78235      0.25981      0.52254
     -5.36083      0.89606      0.30130      0.59476
     -5.35083      0.77772      0.26801      0.50971
     -5.34083      0.56733      0.20134      0.36600
     -5.33083      0.41911      0.15055      0.26857
     -5.32083      0.42696      0.15137      0.27559
     -5.31083      0.45931      0.16004      0.29927
     -5.30083      0.49803      0.17626      0.32177
     -5.29083      0.50017      0.17813      0.32203
     -5.28083      0.45512      0.15798      0.29715
     -5.27083      0.51052      0.17482      0.33569
     -5.26083      0.63225      0.21269      0.41956
     -5.25083      0.70433      0.23045      0.47388
     -5.24083      0.72103      0.23420      0.48683
     -5.23083      0.66655      0.21858      0.44797
     -5.22083      0.51166      0.17196      0.33970
     -5.21083      0.60135      0.21470      0.38664
     -5.20083      0.79257      0.29105      0.50151
     -5.19083      0.76597      0.28267      0.48330
     -5.18083      0.61844      0.22700      0.39145
     -5.17083      0.56274      0.20130      0.36144
     -5.16083      0.77626      0.27186      0.50440
     -5.15083      0.88933      0.31359      0.57575
     -5.14083      0.75941      0.27273      0.48668
     -5.13083      0.66515      0.23849      0.42666
     -5.12083      0.67973      0.23861      0.44112
     -5.11083      0.87320      0.30221      0.57099
     -5.10083      1.05472      0.36649      0.68823
     -5.09083      1.02204      0.36358      0.65846
     -5.08083      0.95707      0.34556      0.61151
     -5.07083      0.97774      0.34837      0.62936
     -5.06083      1.07723      0.38076      0.69647
     -5.05083      1.07696      0.38106      0.69590
     -5.04083      1.01198      0.35764      0.65434
     -5.03083      0.96991      0.34430      0.62561
     -5.02083      0.89851      0.31771      0.58079
     -5.01083      0.80663      0.28298      0.52365
     -5.00083      0.70236      0.25035      0.45201
     -4.99083      0.71005      0.25751      0.45254
     -4.98083      0.81268      0.29284      0.51984
     -4.97083      0.96588      0.34242      0.62346
     -4.96083      0.94690      0.33590      0.61100
     -4.95083      0.83949      0.30547      0.53403
     -4.94083      0.73339      0.27008      0.46331
     -4.93083      0.57132      0.20849      0.36283
     -4.92083      0.49152      0.17674      0.31478
     -4.91083      0.70306      0.25206      0.45100
     -4.90083      0.98710      0.35217      0.63494
     -4.89083      1.08058      0.38002      0.70057
     -4.88083      1.06811      0.37983      0.68828
     -4.87083      0.93974      0.34052      0.59922
     -4.86083      0.80320      0.29140      0.51180
     -4.85083      0.92818      0.33505      0.59313
     -4.84083      1.10984      0.40086      0.70898
     -4.83083      1.05923      0.38337      0.67586
     -4.82083      0.91052      0.32574      0.58478
     -4.81083      0.85039      0.30255      0.54784
     -4.80083      0.96585      0.34598      0.61987
     -4.79083      1.00617      0.35962      0.64655
     -4.78083      0.89297      0.31838      0.57459
     -4.77083      0.81973      0.29226      0.52748
     -4.76083      0.84629      0.30473      0.54156
     -4.75083      0.91763      0.33606      0.58157
     -4.74083      1.01986      0.37346      0.64640
     -4.73083      1.08934      0.39330      0.69604
     -4.72083      0.96529      0.34176      0.62352
     -4.71083      0.95697      0.33723      0.61974
     -4.70083      0.87858      0.31331      0.56527
     -4.69083      0.72026      0.25798      0.46228
     -4.68083      0.94980      0.34212      0.60768
     -4.67083      1.14075      0.41480      0.72595
     -4.66083      1.02863      0.37527      0.65336
     -4.65083      0.80300      0.29228      0.51072
     -4.64083      0.55161      0.19956      0.35205
     -4.63083      0.58680      0.21087      0.37593
     -4.62083      0.88231      0.32041      0.56190
     -4.61083      1.17782      0.43343      0.74438
     -4.60083      1.21362      0.44695      0.76667
     -4.59083      1.18808      0.43441      0.75367
     -4.58083      1.15706      0.41935      0.73771
     -4.57083      1.10943      0.39813      0.71130
     -4.56083      1.12708      0.40330      0.72379
     -4.55083      1.06715      0.38123      0.68591
     -4.54083      1.15262      0.41640      0.73622
     -4.53083      1.15415      0.42269      0.73145
     -4.52083      0.76129      0.28091      0.48038
     -4.51083      0.51741      0.19248      0.32494
     -4.50083      0.63707      0.23667      0.40040
     -4.49083      0.72520      0.26735      0.45785
     -4.48083      0.70141      0.25565      0.44577
     -4.47083      0.97070      0.35447      0.61623
     -4.46083      1.53128      0.56443      0.96685
     -4.45083      1.75298      0.64987      1.10311
     -4.44083      1.41593      0.52369      0.89225
     -4.43083      1.03838      0.37936      0.65902
     -4.42083      0.82364      0.29496      0.52868
     -4.41083      0.81054      0.29169      0.51886
     -4.40083      0.84050      0.30958      0.53092
     -4.39083      1.04195      0.38492      0.65703
     -4.38083      1.31151      0.47948      0.83203
     -4.37083      1.26794      0.45809      0.80985
     -4.36083      1.09656      0.39489      0.70168
     -4.35083      0.88723      0.32146      0.56577
     -4.34083      0.79932      0.29176      0.50756
     -4.33083      1.01115      0.37668      0.63447
     -4.32083      1.44715      0.54486      0.90229
     -4.31083      1.59589      0.59987      0.99602
     -4.30083      1.34519      0.50264      0.84255
     -4.29083      1.27153      0.47107      0.80046
     -4.28083      1.30328      0.47791      0.82538
     -4.27083      1.20716      0.44368      0.76348
     -4.26083      1.10762      0.41361      0.69401
     -4.25083      1.11617      0.41917      0.69699
     -4.24083      1.06155      0.40058      0.66097
     -4.23083      1.10359      0.41868      0.68491
     -4.22083      1.25357      0.47135      0.78222
     -4.21083      1.30965      0.48708      0.82257
     -4.20083      1.40172      0.52019      0.88152
     -4.19083      1.57283      0.59250      0.98034
     -4.18083      1.95989      0.74830      1.21159
     -4.17083      2.04026      0.78225      1.25801
     -4.16083      1.56306      0.59737      0.96569
     -4.15083      1.08627      0.40940      0.67687
     -4.14083      1.00271      0.37459      0.62811
     -4.13083      1.29478      0.47972      0.81506
     -4.12083      1.61889      0.59587      1.02301
     -4.11083      1.55584      0.57219      0.98365
     -4.10083      1.24791      0.46125      0.78666
     -4.09083      1.17343      0.43706      0.73637
     -4.08083      1.30110      0.48406      0.81704
     -4.07083      1.33859      0.49866      0.83993
     -4.06083      1.22947      0.45935      0.77012
     -4.05083      1.14789      0.42400      0.72389
     -4.04083      1.20696      0.43972      0.76724
     -4.03083      1.18756      0.42990      0.75766
     -4.02083      1.16750      0.42127      0.74623
     -4.01083      1.20792      0.43898      0.76895
     -4.00083      1.14400      0.41792      0.72608
     -3.99083      1.04338      0.38358      0.65981
     -3.98083      0.99656      0.36920      0.62736
     -3.97083      0.88937      0.32820      0.56117
     -3.96083      0.77424      0.28447      0.48977
     -3.95083      0.85997      0.31536      0.54461
     -3.94083      1.12376      0.40906      0.71470
     -3.93083      1.15841      0.41887      0.73954
     -3.92083      0.98661      0.35719      0.62942
     -3.91083      1.07394      0.38946      0.68448
     -3.90083      1.34021      0.48436      0.85585
     -3.89083      1.42955      0.51488      0.91468
     -3.88083      1.16126      0.41786      0.74340
     -3.87083      0.76791      0.27705      0.49085
     -3.86083      0.61164      0.21792      0.39371
     -3.85083      0.66136      0.23520      0.42616
     -3.84083      0.91459      0.33132      0.58327
     -3.83083      1.17963      0.42882      0.75081
     -3.82083      1.20270      0.43690      0.76580
     -3.81083      0.99586      0.36304      0.63283
     -3.80083      0.92308      0.33447      0.58861
     -3.79083      1.12243      0.40224      0.72018
     -3.78083      1.14235      0.41068      0.73167
     -3.77083      0.80823      0.29390      0.51434
     -3.76083      0.44525      0.16228      0.28297
     -3.75083      0.48686      0.17331      0.31356
     -3.74083      0.94768      0.33586      0.61182
     -3.73083      1.34421      0.47798      0.86624
     -3.72083      1.26076      0.44893      0.81182
     -3.71083      1.02377      0.36363      0.66015
     -3.70083      1.02337      0.36196      0.66141
     -3.69083      1.07867      0.38174      0.69693
     -3.68083      1.04002      0.36714      0.67288
     -3.67083      0.98464      0.34772      0.63692
     -3.66083      1.02405      0.36539      0.65865
     -3.65083      1.06612      0.38301      0.68311
     -3.64083      0.75573      0.27216      0.48357
     -3.63083      0.50054      0.17920      0.32134
     -3.62083      0.51154      0.18109      0.33044
     -3.61083      0.64171      0.22646      0.41525
     -3.60083      1.00007      0.35223      0.64784
     -3.59083      1.13955      0.40228      0.73727
     -3.58083      0.98805      0.35219      0.63586
     -3.57083      0.84800      0.30397      0.54403
     -3.56083      0.80460      0.28777      0.51682
     -3.55083      0.75440      0.26944      0.48496
     -3.54083      0.64164      0.22851      0.41313
     -3.53083      0.78033      0.27637      0.50396
     -3.52083      1.09242      0.38446      0.70796
     -3.51083      1.25551      0.44067      0.81484
     -3.50083      1.17059      0.41083      0.75976
     -3.49083      0.87007      0.30525      0.56482
     -3.48083      0.65448      0.22843      0.42605
     -3.47083      0.74166      0.25885      0.48282
     -3.46083      1.03751      0.36368      0.67383
     -3.45083      0.98635      0.34558      0.64077
     -3.44083      0.74747      0.26256      0.48491
     -3.43083      0.70634      0.25028      0.45606
     -3.42083      0.70295      0.24858      0.45437
     -3.41083      0.69871      0.24361      0.45511
     -3.40083      0.75756      0.26183      0.49573
     -3.39083      0.69757      0.24155      0.45602
     -3.38083      0.68753      0.23998      0.44755
     -3.37083      0.92536      0.32337      0.60200
     -3.36083      1.15728      0.40460      0.75268
     -3.35083      1.10081      0.38625      0.71457
     -3.34083      0.95173      0.33405      0.61768
     -3.33083      0.83331      0.29084      0.54248
     -3.32083      0.78740      0.27419      0.51320
     -3.31083      0.73650      0.25786      0.47864
     -3.30083      0.64000      0.22455      0.41545
     -3.29083      0.68666      0.23796      0.44869
     -3.28083      0.87944      0.30272      0.57672
     -3.27083      1.01319      0.35046      0.66273
     -3.26083      0.87425      0.30256      0.57169
     -3.25083      0.77992      0.26805      0.51187
     -3.24083      0.75205      0.25774      0.49432
     -3.23083      0.65407      0.22574      0.42833
     -3.22083      0.74949      0.26104      0.48844
     -3.21083      0.88696      0.30893      0.57803
     -3.20083      0.97708      0.33929      0.63779
     -3.19083      1.06581      0.36827      0.69754
     -3.18083      0.96568      0.33303      0.63264
     -3.17083      0.67805      0.23353      0.44451
     -3.16083      0.57006      0.19419      0.37587
     -3.15083      0.60950      0.20574      0.40377
     -3.14083      0.62849      0.21326      0.41523
     -3.13083      0.62352      0.21321      0.41030
     -3.12083      0.60206      0.20646      0.39560
     -3.11083      0.68709      0.23713      0.44996
     -3.10083      0.81161      0.28351      0.52810
     -3.09083      0.73349      0.25759      0.47590
     -3.08083      0.67522      0.23437      0.44084
     -3.07083      0.78329      0.26786      0.51543
     -3.06083      0.93480      0.31754      0.61726
     -3.05083      1.16623      0.39471      0.77152
     -3.04083      1.14467      0.38703      0.75764
     -3.03083      1.01116      0.34305      0.66811
     -3.02083      1.03726      0.35301      0.68425
     -3.01083      0.97931      0.33433      0.64498
     -3.00083      0.74972      0.25603      0.49369
     -2.99083      0.51617      0.17602      0.34014
     -2.98083      0.54655      0.18486      0.36169
     -2.97083      0.72398      0.24422      0.47977
     -2.96083      0.72144      0.24486      0.47658
     -2.95083      0.54866      0.18583      0.36283
     -2.94083      0.46896      0.15840      0.31056
     -2.93083      0.61825      0.20827      0.40999
     -2.92083      0.88850      0.29739      0.59111
     -2.91083      0.80379      0.26821      0.53558
     -2.90083      0.45613      0.15177      0.30436
     -2.89083      0.54643      0.18234      0.36410
     -2.88083      0.94751      0.31970      0.62781
     -2.87083      0.97944      0.33446      0.64498
     -2.86083      0.81719      0.28029      0.53690
     -2.85083      0.86675      0.29418      0.57257
     -2.84083      0.90238      0.30419      0.59819
     -2.83083      0.88355      0.29990      0.58364
     -2.82083      0.77228      0.26399      0.50828
     -2.81083      0.53868      0.18196      0.35672
     -2.80083      0.54829      0.17912      0.36917
     -2.79083      0.80774      0.26194      0.54581
     -2.78083      0.90702      0.29479      0.61223
     -2.77083      0.83979      0.27541      0.56438
     -2.76083      0.75084      0.25007      0.50077
     -2.75083      0.67630      0.22640      0.44990
     -2.74083      0.77345      0.25840      0.51505
     -2.73083      0.83928      0.28076      0.55852
     -2.72083      0.65582      0.21913      0.43669
     -2.71083      0.60323      0.19967      0.40356
     -2.70083      0.68440      0.22503      0.45938
     -2.69083      0.61641      0.20124      0.41516
     -2.68083      0.57645      0.18714      0.38931
     -2.67083      0.71349      0.23416      0.47933
     -2.66083      0.81941      0.27341      0.54600
     -2.65083      0.99703      0.33457      0.66246
     -2.64083      1.18359      0.39532      0.78827
     -2.63083      1.03989      0.34501      0.69488
     -2.62083      0.64095      0.20982      0.43113
     -2.61083      0.48146      0.15622      0.32524
     -2.60083      0.63596      0.20733      0.42863
     -2.59083      0.57399      0.18769      0.38630
     -2.58083      0.30920      0.10076      0.20843
     -2.57083      0.36426      0.11655      0.24771
     -2.56083      0.68508      0.22080      0.46428
     -2.55083      0.93423      0.30417      0.63006
     -2.54083      0.97605      0.31869      0.65736
     -2.53083      0.81332      0.26514      0.54818
     -2.52083      0.62697      0.20272      0.42425
     -2.51083      0.63903      0.20360      0.43543
     -2.50083      0.78368      0.24794      0.53574
     -2.49083      0.82307      0.26158      0.56149
     -2.48083      0.72880      0.23338      0.49543
     -2.47083      0.58156      0.18804      0.39352
     -2.46083      0.70232      0.22906      0.47326
     -2.45083      1.09199      0.36002      0.73197
     -2.44083      1.12285      0.37318      0.74967
     -2.43083      0.82929      0.27212      0.55717
     -2.42083      0.75552      0.24181      0.51372
     -2.41083      0.73899      0.23309      0.50590
     -2.40083      0.62174      0.19358      0.42815
     -2.39083      0.48703      0.15034      0.33668
     -2.38083      0.40203      0.12550      0.27654
     -2.37083      0.45306      0.14591      0.30716
     -2.36083      0.62836      0.20277      0.42559
     -2.35083      0.84001      0.26841      0.57160
     -2.34083      0.84831      0.26994      0.57836
     -2.33083      0.64555      0.20591      0.43965
     -2.32083      0.48443      0.15407      0.33035
     -2.31083      0.46101      0.14387      0.31714
     -2.30083      0.49616      0.15592      0.34024
     -2.29083      0.64538      0.20218      0.44320
     -2.28083      0.93848      0.28983      0.64865
     -2.27083      1.14416      0.35574      0.78842
     -2.26083      1.24537      0.39625      0.84912
     -2.25083      1.05992      0.34157      0.71835
     -2.24083      0.63291      0.20201      0.43090
     -2.23083      0.40132      0.12408      0.27724
     -2.22083      0.48224      0.14569      0.33654
     -2.21083      0.67603      0.20509      0.47094
     -2.20083      0.71431      0.21795      0.49636
     -2.19083      0.61159      0.18872      0.42286
     -2.18083      0.59470      0.18704      0.40766
     -2.17083      0.82574      0.26204      0.56370
     -2.16083      0.94774      0.30069      0.64706
     -2.15083      0.82463      0.25815      0.56648
     -2.14083      0.66632      0.20257      0.46375
     -2.13083      0.56068      0.16799      0.39269
     -2.12083      0.52707      0.15828      0.36879
     -2.11083      0.60290      0.18027      0.42262
     -2.10083      0.65930      0.20004      0.45926
     -2.09083      0.62086      0.19569      0.42517
     -2.08083      0.73753      0.23618      0.50135
     -2.07083      0.90657      0.28458      0.62199
     -2.06083      0.83338      0.25406      0.57932
     -2.05083      0.51156      0.15203      0.35953
     -2.04083      0.33168      0.09895      0.23273
     -2.03083      0.57569      0.17429      0.40139
     -2.02083      0.95431      0.28646      0.66786
     -2.01083      0.91936      0.27303      0.64633
     -2.00083      0.79821      0.23596      0.56225
     -1.99083      0.86918      0.25817      0.61101
     -1.98083      0.84436      0.25172      0.59263
     -1.97083      0.63899      0.19215      0.44684
     -1.96083      0.45581      0.13807      0.31774
     -1.95083      0.41313      0.12513      0.28800
     -1.94083      0.60722      0.18360      0.42363
     -1.93083      0.93638      0.28210      0.65428
     -1.92083      1.15342      0.34714      0.80628
     -1.91083      0.99650      0.30083      0.69567
     -1.90083      0.70562      0.21271      0.49291
     -1.89083      0.62566      0.18458      0.44108
     -1.88083      0.57081      0.16331      0.40751
     -1.87083      0.48412      0.13810      0.34601
     -1.86083      0.58102      0.16826      0.41275
     -1.85083      0.60903      0.17716      0.43187
     -1.84083      0.59694      0.17476      0.42218
     -1.83083      0.80691      0.23689      0.57002
     -1.82083      0.83061      0.24429      0.58631
     -1.81083      0.47583      0.14143      0.33439
     -1.80083      0.30322      0.09118      0.21204
     -1.79083      0.52111      0.15300      0.36811
     -1.78083      0.91186      0.26673      0.64513
     -1.77083      0.92563      0.27110      0.65453
     -1.76083      0.74559      0.21437      0.53122
     -1.75083      0.85013      0.23857      0.61155
     -1.74083      0.92273      0.25830      0.66443
     -1.73083      0.81867      0.23265      0.58602
     -1.72083      0.87226      0.25087      0.62138
     -1.71083      0.88918      0.25282      0.63636
     -1.70083      0.68850      0.19243      0.49608
     -1.69083      0.51465      0.14535      0.36930
     -1.68083      0.48354      0.14100      0.34254
     -1.67083      0.57462      0.16895      0.40566
     -1.66083      0.73434      0.21083      0.52351
     -1.65083      0.85946      0.24078      0.61868
     -1.64083      0.80892      0.22348      0.58544
     -1.63083      0.68778      0.19104      0.49674
     -1.62083      0.66643      0.18474      0.48170
     -1.61083      0.70474      0.19289      0.51185
     -1.60083      0.66052      0.18359      0.47693
     -1.59083      0.64690      0.18216      0.46474
     -1.58083      0.72582      0.20370      0.52212
     -1.57083      0.77481      0.21976      0.55505
     -1.56083      0.85959      0.24282      0.61677
     -1.55083      0.76207      0.21076      0.55131
     -1.54083      0.41693      0.11389      0.30304
     -1.53083      0.30478      0.08559      0.21919
     -1.52083      0.57735      0.16114      0.41622
     -1.51083      0.80276      0.21956      0.58319
     -1.50083      0.78985      0.21188      0.57797
     -1.49083      0.89021      0.23733      0.65289
     -1.48083      1.10194      0.29567      0.80627
     -1.47083      0.96686      0.26034      0.70652
     -1.46083      0.80398      0.21686      0.58712
     -1.45083      0.86432      0.23075      0.63357
     -1.44083      0.79739      0.21203      0.58536
     -1.43083      0.63687      0.17378      0.46310
     -1.42083      0.50696      0.14120      0.36576
     -1.41083      0.51875      0.14194      0.37681
     -1.40083      0.68781      0.18085      0.50696
     -1.39083      0.70348      0.17690      0.52657
     -1.38083      0.53756      0.13124      0.40632
     -1.37083      0.42624      0.10311      0.32313
     -1.36083      0.49995      0.12065      0.37931
     -1.35083      0.56738      0.13659      0.43079
     -1.34083      0.45436      0.10906      0.34530
     -1.33083      0.40766      0.09713      0.31053
     -1.32083      0.53790      0.12745      0.41045
     -1.31083      0.48061      0.11357      0.36703
     -1.30083      0.34219      0.08049      0.26171
     -1.29083      0.37970      0.08896      0.29074
     -1.28083      0.41478      0.09679      0.31799
     -1.27083      0.39635      0.09200      0.30435
     -1.26083      0.34845      0.08059      0.26787
     -1.25083      0.42888      0.09895      0.32994
     -1.24083      0.69869      0.16135      0.53734
     -1.23083      0.86738      0.20056      0.66682
     -1.22083      0.77780      0.17944      0.59836
     -1.21083      0.68339      0.15657      0.52682
     -1.20083      0.60994      0.13897      0.47096
     -1.19083      0.51000      0.11556      0.39443
     -1.18083      0.57660      0.12958      0.44702
     -1.17083      0.63051      0.14097      0.48954
     -1.16083      0.56273      0.12533      0.43740
     -1.15083      0.50379      0.11166      0.39213
     -1.14083      0.45857      0.10116      0.35741
     -1.13083      0.38022      0.08361      0.29661
     -1.12083      0.43526      0.09538      0.33987
     -1.11083      0.69461      0.15197      0.54264
     -1.10083      0.80180      0.17500      0.62680
     -1.09083      0.72152      0.15660      0.56491
     -1.08083      0.61788      0.13322      0.48466
     -1.07083      0.51810      0.11111      0.40699
     -1.06083      0.51079      0.10856      0.40222
     -1.05083      0.60502      0.12783      0.47719
     -1.04083      0.50226      0.10577      0.39649
     -1.03083      0.39858      0.08334      0.31524
     -1.02083      0.48556      0.10082      0.38474
     -1.01083      0.55880      0.11549      0.44331
     -1.00083      0.70447      0.14581      0.55867
     -0.99083      0.99489      0.20718      0.78771
     -0.98083      1.12185      0.23350      0.88835
     -0.97083      1.06907      0.22043      0.84865
     -0.96083      0.99824      0.20360      0.79464
     -0.95083      0.90807      0.18361      0.72446
     -0.94083      0.86075      0.17262      0.68814
     -0.93083      0.84788      0.16863      0.67925
     -0.92083      0.89545      0.17658      0.71887
     -0.91083      0.95793      0.18738      0.77055
     -0.90083      1.07777      0.20906      0.86871
     -0.89083      1.21431      0.23415      0.98017
     -0.88083      1.07527      0.20771      0.86755
     -0.87083      0.83722      0.16338      0.67384
     -0.86083      0.78725      0.15341      0.63385
     -0.85083      0.84260      0.16168      0.68092
     -0.84083      0.88282      0.16724      0.71558
     -0.83083      0.65538      0.12310      0.53228
     -0.82083      0.37014      0.06874      0.30140
     -0.81083      0.27520      0.05050      0.22470
     -0.80083      0.30852      0.05623      0.25229
     -0.79083      0.43182      0.07837      0.35345
     -0.78083      0.68218      0.12409      0.55809
     -0.77083      1.23342      0.22692      1.00650
     -0.76083      1.87304      0.34706      1.52598
     -0.75083      1.49236      0.27629      1.21607
     -0.74083      0.60537      0.11069      0.49468
     -0.73083      0.24950      0.04420      0.20529
     -0.72083      0.25412      0.04430      0.20982
     -0.71083      0.28466      0.04947      0.23519
     -0.70083      0.30239      0.05234      0.25004
     -0.69083      0.33518      0.05793      0.27724
     -0.68083      0.39818      0.06879      0.32939
     -0.67083      0.57167      0.09891      0.47276
     -0.66083      0.80727      0.13992      0.66735
     -0.65083      0.77882      0.13480      0.64403
     -0.64083      0.44351      0.07606      0.36745
     -0.63083      0.27944      0.04686      0.23258
     -0.62083      0.30450      0.05043      0.25407
     -0.61083      0.37236      0.06137      0.31099
     -0.60083      0.45585      0.07486      0.38099
     -0.59083      0.51719      0.08474      0.43246
     -0.58083      0.58829      0.09630      0.49198
     -0.57083      0.70000      0.11495      0.58504
     -0.56083      0.90504      0.14865      0.75639
     -0.55083      0.90464      0.14776      0.75687
     -0.54083      0.47764      0.07737      0.40027
     -0.53083      0.19016      0.03009      0.16007
     -0.52083      0.25696      0.03981      0.21715
     -0.51083      0.32561      0.05018      0.27543
     -0.50083      0.35814      0.05473      0.30342
     -0.49083      0.42441      0.06476      0.35965
     -0.48083      0.37926      0.05798      0.32128
     -0.47083      0.42511      0.06485      0.36026
     -0.46083      0.50286      0.07631      0.42655
     -0.45083      0.41467      0.06227      0.35240
     -0.44083      0.32472      0.04789      0.27683
     -0.43083      0.35332      0.05139      0.30193
     -0.42083      0.40401      0.05839      0.34563
     -0.41083      0.41509      0.05971      0.35537
     -0.40083      0.39005      0.05605      0.33400
     -0.39083      0.46821      0.06695      0.40127
     -0.38083      0.70827      0.10045      0.60783
     -0.37083      0.69567      0.09827      0.59740
     -0.36083      0.32380      0.04557      0.27822
     -0.35083      0.16206      0.02213      0.13993
     -0.34083      0.27438      0.03684      0.23753
     -0.33083      0.35136      0.04692      0.30444
     -0.32083      0.36319      0.04805      0.31514
     -0.31083      0.38625      0.05094      0.33530
     -0.30083      0.36629      0.04820      0.31809
     -0.29083      0.34518      0.04494      0.30024
     -0.28083      0.30052      0.03854      0.26198
     -0.27083      0.26942      0.03402      0.23539
     -0.26083      0.32693      0.04079      0.28615
     -0.25083      0.42642      0.05271      0.37371
     -0.24083      0.51319      0.06296      0.45023
     -0.23083      0.52392      0.06401      0.45991
     -0.22083      0.38659      0.04696      0.33964
     -0.21083      0.30118      0.03577      0.26540
     -0.20083      0.29512      0.03454      0.26058
     -0.19083      0.19635      0.02276      0.17359
     -0.18083      0.23524      0.02670      0.20855
     -0.17083      0.38208      0.04302      0.33905
     -0.16083      0.40610      0.04527      0.36083
     -0.15083      0.33894      0.03734      0.30160
     -0.14083      0.25463      0.02766      0.22697
     -0.13083      0.29570      0.03153      0.26417
     -0.12083      0.41140      0.04339      0.36801
     -0.11083      0.41272      0.04314      0.36959
     -0.10083      0.31420      0.03235      0.28184
     -0.09083      0.26194      0.02642      0.23551
     -0.08083      0.27238      0.02702      0.24536
     -0.07083      0.29072      0.02846      0.26227
     -0.06083      0.27754      0.02674      0.25081
     -0.05083      0.31694      0.02989      0.28705
     -0.04083      0.37822      0.03523      0.34299
     -0.03083      0.30630      0.02820      0.27811
     -0.02083      0.24501      0.02202      0.22299
     -0.01083      0.25032      0.02212      0.22820
     -0.00083      0.16926      0.01486      0.15440
      0.00917      0.05408      0.00473      0.04935
      0.01917      0.00713      0.00062      0.00651
      0.02917      0.00036      0.00003      0.00033
      0.03917      0.00001      0.00000      0.00001
      0.04917      0.00000      0.00000      0.00000
      0.05917      0.00000      0.00000      0.00000
      0.06917      0.00000      0.00000      0.00000
      0.07917      0.00000      0.00000      0.00000
      0.08917      0.00000      0.00000      0.00000
      0.09917      0.00000      0.00000      0.00000
      0.10917      0.00000      0.00000      0.00000
      0.11917      0.00000      0.00000      0.00000
      0.12917      0.00000      0.00000      0.00000
      0.13917      0.00000      0.00000      0.00000
      0.14917      0.00000      0.00000      0.00000
      0.15917      0.00000      0.00000      0.00000
      0.16917      0.00000      0.00000      0.00000
      0.17917      0.00000      0.00000      0.00000
      0.18917      0.00000      0.00000      0.00000
      0.19917      0.00000      0.00000      0.00000
      0.20917      0.00000      0.00000      0.00000
      0.21917      0.00000      0.00000      0.00000
      0.22917      0.00000      0.00000      0.00000
      0.23917      0.00000      0.00000      0.00000
      0.24917      0.00000      0.00000      0.00000
      0.25917      0.00000      0.00000      0.00000
      0.26917      0.00000      0.00000      0.00000
      0.27917      0.00000      0.00000      0.00000
      0.28917      0.00000      0.00000      0.00000
      0.29917      0.00000      0.00000      0.00000
      0.30917      0.00000      0.00000      0.00000
      0.31917      0.00000      0.00000      0.00000
      0.32917      0.00000      0.00000      0.00000
      0.33917      0.00000      0.00000      0.00000
      0.34917      0.00000      0.00000      0.00000
      0.35917      0.00000      0.00000      0.00000
      0.36917      0.00000      0.00000      0.00000
      0.37917      0.00000      0.00000      0.00000
      0.38917      0.00000      0.00000      0.00000
      0.39917      0.00000      0.00000      0.00000
      0.40917      0.00000      0.00000      0.00000
      0.41917      0.00000      0.00000      0.00000
      0.42917      0.00000      0.00000      0.00000
      0.43917      0.00000      0.00000      0.00000
      0.44917      0.00000      0.00000      0.00000
      0.45917      0.00000      0.00000      0.00000
      0.46917      0.00000      0.00000      0.00000
      0.47917      0.00000      0.00000      0.00000
      0.48917      0.00000      0.00000      0.00000
      0.49917      0.00000      0.00000      0.00000
      0.50917      0.00000      0.00000      0.00000
      0.51917      0.00000      0.00000      0.00000
      0.52917      0.00000      0.00000      0.00000
      0.53917      0.00000      0.00000      0.00000
      0.54917      0.00000      0.00000      0.00000
      0.55917      0.00000      0.00000      0.00000
      0.56917      0.00000      0.00000      0.00000
      0.57917      0.00000      0.00000      0.00000
      0.58917      0.00000      0.00000      0.00000
      0.59917      0.00000      0.00000      0.00000
      0.60917      0.00000      0.00000      0.00000
      0.61917      0.00000      0.00000      0.00000
      0.62917      0.00000      0.00000      0.00000
      0.63917      0.00000      0.00000      0.00000
      0.64917      0.00000      0.00000      0.00000
      0.65917      0.00000      0.00000      0.00000
      0.66917      0.00000      0.00000      0.00000
      0.67917      0.00000      0.00000      0.00000
      0.68917      0.00000      0.00000      0.00000
      0.69917      0.00000      0.00000      0.00000
      0.70917      0.00000      0.00000      0.00000
      0.71917      0.00000      0.00000      0.00000
      0.72917      0.00000      0.00000      0.00000
      0.73917      0.00000      0.00000      0.00000
      0.74917      0.00000      0.00000      0.00000
      0.75917      0.00000      0.00000      0.00000
      0.76917      0.00000      0.00000      0.00000
      0.77917      0.00000      0.00000      0.00000
      0.78917      0.00000      0.00000      0.00000
      0.79917      0.00000      0.00000      0.00000
      0.80917      0.00000      0.00000      0.00000
      0.81917      0.00000      0.00000      0.00000
      0.82917      0.00000      0.00000      0.00000
      0.83917      0.00000      0.00000      0.00000
      0.84917      0.00000      0.00000      0.00000
      0.85917      0.00000      0.00000      0.00000
      0.86917      0.00000      0.00000      0.00000
      0.87917      0.00000      0.00000      0.00000
      0.88917      0.00000      0.00000      0.00000
      0.89917      0.00000      0.00000      0.00000
      0.90917      0.00000      0.00000      0.00000
      0.91917      0.00000      0.00000      0.00000
      0.92917      0.00000      0.00000      0.00000
      0.93917      0.00000      0.00000      0.00000
      0.94917      0.00000      0.00000      0.00000
      0.95917      0.00000      0.00000      0.00000
      0.96917      0.00000      0.00000      0.00000
      0.97917      0.00000      0.00000      0.00000
      0.98917      0.00000      0.00000      0.00000
      0.99917      0.00000      0.00000      0.00000
      1.00917      0.00000      0.00000      0.00000
      1.01917      0.00000      0.00000      0.00000
      1.02917      0.00000      0.00000      0.00000
      1.03917      0.00000      0.00000      0.00000
      1.04917      0.00000      0.00000      0.00000
      1.05917      0.00000      0.00000      0.00000
      1.06917      0.00000      0.00000      0.00000
      1.07917      0.00000      0.00000      0.00000
      1.08917      0.00000      0.00000      0.00000
      1.09917      0.00000      0.00000      0.00000
      1.10917      0.00000      0.00000      0.00000
      1.11917      0.00000      0.00000      0.00000
      1.12917      0.00000      0.00000      0.00000
      1.13917      0.00000      0.00000      0.00000
      1.14917      0.00000      0.00000      0.00000
      1.15917      0.00000      0.00000      0.00000
      1.16917      0.00000      0.00000      0.00000
      1.17917      0.00000      0.00000      0.00000
      1.18917      0.00000      0.00000      0.00000
      1.19917      0.00000      0.00000      0.00000
      1.20917      0.00000      0.00000      0.00000
      1.21917      0.00000      0.00000      0.00000
      1.22917      0.00000      0.00000      0.00000
      1.23917      0.00000      0.00000      0.00000
      1.24917      0.00000      0.00000      0.00000
      1.25917      0.00000      0.00000      0.00000
      1.26917      0.00000      0.00000      0.00000
      1.27917      0.00000      0.00000      0.00000
      1.28917      0.00000      0.00000      0.00000
      1.29917      0.00000      0.00000      0.00000
      1.30917      0.00000      0.00000      0.00000
      1.31917      0.00000      0.00000      0.00000
      1.32917      0.00000      0.00000      0.00000
      1.33917      0.00000      0.00000      0.00000
      1.34917      0.00000      0.00000      0.00000
      1.35917      0.00000      0.00000      0.00000
      1.36917      0.00000      0.00000      0.00000
      1.37917      0.00000      0.00000      0.00000
      1.38917      0.00000      0.00000      0.00000
      1.39917      0.00000      0.00000      0.00000
      1.40917      0.00000      0.00000      0.00000
      1.41917      0.00000      0.00000      0.00000
      1.42917      0.00000      0.00000      0.00000
      1.43917      0.00000      0.00000      0.00000
      1.44917      0.00000      0.00000      0.00000
      1.45917      0.00000      0.00000      0.00000
      1.46917      0.00000      0.00000      0.00000
      1.47917      0.00000      0.00000      0.00000
      1.48917      0.00000      0.00000      0.00000
      1.49917      0.00000      0.00000      0.00000
      1.50917      0.00000      0.00000      0.00000
      1.51917      0.00000      0.00000      0.00000
      1.52917      0.00000      0.00000      0.00000
      1.53917      0.00000      0.00000      0.00000
      1.54917      0.00000      0.00000      0.00000
      1.55917      0.00000      0.00000      0.00000
      1.56917      0.00000      0.00000      0.00000
      1.57917      0.00000      0.00000      0.00000
      1.58917      0.00000      0.00000      0.00000
      1.59917      0.00000      0.00000      0.00000
      1.60917      0.00000      0.00000      0.00000
      1.61917      0.00000      0.00000      0.00000
      1.62917      0.00000      0.00000      0.00000
      1.63917      0.00000      0.00000      0.00000
      1.64917      0.00000      0.00000      0.00000
      1.65917      0.00000      0.00000      0.00000
      1.66917      0.00000      0.00000      0.00000
      1.67917      0.00000      0.00000      0.00000
      1.68917      0.00000      0.00000      0.00000
      1.69917      0.00000      0.00000      0.00000
      1.70917      0.00000      0.00000      0.00000
      1.71917      0.00000      0.00000      0.00000
      1.72917      0.00000      0.00000      0.00000
      1.73917      0.00000      0.00000      0.00000
      1.74917      0.00000      0.00000      0.00000
      1.75917      0.00000      0.00000      0.00000
      1.76917      0.00000      0.00000      0.00000
      1.77917      0.00000      0.00000      0.00000
      1.78917      0.00000      0.00000      0.00000
      1.79917      0.00000      0.00000      0.00000
      1.80917      0.00000      0.00000      0.00000
      1.81917      0.00000      0.00000      0.00000
      1.82917      0.00000      0.00000      0.00000
      1.83917      0.00000      0.00000      0.00000
      1.84917      0.00000      0.00000      0.00000
      1.85917      0.00000      0.00000      0.00000
      1.86917      0.00000      0.00000      0.00000
      1.87917      0.00000      0.00000      0.00000
      1.88917      0.00000      0.00000      0.00000
      1.89917      0.00000      0.00000      0.00000
      1.90917      0.00000      0.00000      0.00000
      1.91917      0.00000      0.00000      0.00000
      1.92917      0.00000      0.00000      0.00000
      1.93917      0.00000      0.00000      0.00000
      1.94917      0.00000      0.00000      0.00000
      1.95917      0.00000      0.00000      0.00000
      1.96917      0.00000      0.00000      0.00000
      1.97917      0.00000      0.00000      0.00000
      1.98917      0.00000      0.00000      0.00000
      1.99917      0.00000      0.00000      0.00000
      2.00917      0.00000      0.00000      0.00000
      2.01917      0.00000      0.00000      0.00000
      2.02917      0.00000      0.00000      0.00000
      2.03917      0.00000      0.00000      0.00000
      2.04917      0.00000      0.00000      0.00000
      2.05917      0.00000      0.00000      0.00000
      2.06917      0.00000      0.00000      0.00000
      2.07917      0.00000      0.00000      0.00000
      2.08917      0.00000      0.00000      0.00000
      2.09917      0.00000      0.00000      0.00000
      2.10917      0.00000      0.00000      0.00000
      2.11917      0.00000      0.00000      0.00000
      2.12917      0.00000      0.00000      0.00000
      2.13917      0.00000      0.00000      0.00000
      2.14917      0.00000      0.00000      0.00000
      2.15917      0.00000      0.00000      0.00000
      2.16917      0.00000      0.00000      0.00000
      2.17917      0.00000      0.00000      0.00000
      2.18917      0.00000      0.00000      0.00000
      2.19917      0.00000      0.00000      0.00000
      2.20917      0.00000      0.00000      0.00000
      2.21917      0.00000      0.00000      0.00000
      2.22917      0.00000      0.00000      0.00000
      2.23917      0.00000      0.00000      0.00000
      2.24917      0.00000      0.00000      0.00000
      2.25917      0.00000      0.00000      0.00000
      2.26917      0.00000      0.00000      0.00000
      2.27917      0.00000      0.00000      0.00000
      2.28917      0.00000      0.00000      0.00000
      2.29917      0.00000      0.00000      0.00000
      2.30917      0.00000      0.00000      0.00000
      2.31917      0.00000      0.00000      0.00000
      2.32917      0.00000      0.00000      0.00000
      2.33917      0.00000      0.00000      0.00000
      2.34917      0.00000      0.00000      0.00000
      2.35917      0.00000      0.00000      0.00000
      2.36917      0.00000      0.00000      0.00000
      2.37917      0.00000      0.00000      0.00000
      2.38917      0.00000      0.00000      0.00000
      2.39917      0.00000      0.00000      0.00000
      2.40917      0.00000      0.00000      0.00000
      2.41917      0.00000      0.00000      0.00000
      2.42917      0.00000      0.00000      0.00000
      2.43917      0.00000      0.00000      0.00000
      2.44917      0.00000      0.00000      0.00000
      2.45917      0.00000      0.00000      0.00000
      2.46917      0.00000      0.00000      0.00000
      2.47917      0.00000      0.00000      0.00000
      2.48917      0.00000      0.00000      0.00000
      2.49917      0.00000      0.00000      0.00000
      2.50917      0.00000      0.00000      0.00000
      2.51917      0.00000      0.00000      0.00000
      2.52917      0.00000      0.00000      0.00000
      2.53917      0.00000      0.00000      0.00000
      2.54917      0.00000      0.00000      0.00000
      2.55917      0.00000      0.00000      0.00000
      2.56917      0.00000      0.00000      0.00000
      2.57917      0.00000      0.00000      0.00000
      2.58917      0.00000      0.00000      0.00000
      2.59917      0.00000      0.00000      0.00000
      2.60917      0.00000      0.00000      0.00000
      2.61917      0.00000      0.00000      0.00000
      2.62917      0.00000      0.00000      0.00000
      2.63917      0.00000      0.00000      0.00000
      2.64917      0.00000      0.00000      0.00000
      2.65917      0.00000      0.00000      0.00000
      2.66917      0.00000      0.00000      0.00000
      2.67917      0.00000      0.00000      0.00000
      2.68917      0.00000      0.00000      0.00000
      2.69917      0.00000      0.00000      0.00000
      2.70917      0.00000      0.00000      0.00000
      2.71917      0.00000      0.00000      0.00000
      2.72917      0.00000      0.00000      0.00000
      2.73917      0.00000      0.00000      0.00000
      2.74917      0.00000      0.00000      0.00000
      2.75917      0.00000      0.00000      0.00000
      2.76917      0.00000      0.00000      0.00000
      2.77917      0.00000      0.00000      0.00000
      2.78917      0.00000      0.00000      0.00000
      2.79917      0.00000      0.00000      0.00000
      2.80917      0.00000      0.00000      0.00000
      2.81917      0.00000      0.00000      0.00000
      2.82917      0.00000      0.00000      0.00000
      2.83917      0.00000      0.00000      0.00000
      2.84917      0.00000      0.00000      0.00000
      2.85917      0.00000      0.00000      0.00000
      2.86917      0.00000      0.00000      0.00000
      2.87917      0.00000      0.00000      0.00000
      2.88917      0.00000      0.00000      0.00000
      2.89917      0.00000      0.00000      0.00000
      2.90917      0.00000      0.00000      0.00000
      2.91917      0.00000      0.00000      0.00000
      2.92917      0.00000      0.00000      0.00000
      2.93917      0.00000      0.00000      0.00000
      2.94917      0.00000      0.00000      0.00000
      2.95917      0.00000      0.00000      0.00000
      2.96917      0.00000      0.00000      0.00000
      2.97917      0.00000      0.00000      0.00000
      2.98917      0.00000      0.00000      0.00000
      2.99917      0.00000      0.00000      0.00000
      3.00917      0.00000      0.00000      0.00000
      3.01917      0.00000      0.00000      0.00000
      3.02917      0.00000      0.00000      0.00000
      3.03917      0.00000      0.00000      0.00000
      3.04917      0.00000      0.00000      0.00000
      3.05917      0.00000      0.00000      0.00000
      3.06917      0.00000      0.00000      0.00000
      3.07917      0.00000      0.00000      0.00000
      3.08917      0.00000      0.00000      0.00000
      3.09917      0.00000      0.00000      0.00000
      3.10917      0.00000      0.00000      0.00000
      3.11917      0.00000      0.00000      0.00000
      3.12917      0.00000      0.00000      0.00000
      3.13917      0.00000      0.00000      0.00000
      3.14917      0.00000      0.00000      0.00000
      3.15917      0.00000      0.00000      0.00000
      3.16917      0.00000      0.00000      0.00000
      3.17917      0.00000      0.00000      0.00000
      3.18917      0.00000      0.00000      0.00000
      3.19917      0.00000      0.00000      0.00000
      3.20917      0.00000      0.00000      0.00000
      3.21917      0.00000      0.00000      0.00000
      3.22917      0.00000      0.00000      0.00000
      3.23917      0.00000      0.00000      0.00000
      3.24917      0.00000      0.00000      0.00000
      3.25917      0.00000      0.00000      0.00000
      3.26917      0.00000      0.00000      0.00000
      3.27917      0.00000      0.00000      0.00000
      3.28917      0.00000      0.00000      0.00000
      3.29917      0.00000      0.00000      0.00000
      3.30917      0.00000      0.00000      0.00000
      3.31917      0.00000      0.00000      0.00000
      3.32917      0.00000      0.00000      0.00000
      3.33917      0.00000      0.00000      0.00000
      3.34917      0.00000      0.00000      0.00000
      3.35917      0.00000      0.00000      0.00000
      3.36917      0.00000      0.00000      0.00000
      3.37917      0.00000      0.00000      0.00000
      3.38917      0.00000      0.00000      0.00000
      3.39917      0.00000      0.00000      0.00000
      3.40917      0.00000      0.00000      0.00000
      3.41917      0.00000      0.00000      0.00000
      3.42917      0.00000      0.00000      0.00000
      3.43917      0.00000      0.00000      0.00000
      3.44917      0.00000      0.00000      0.00000
      3.45917      0.00000      0.00000      0.00000
      3.46917      0.00000      0.00000      0.00000
      3.47917      0.00000      0.00000      0.00000
      3.48917      0.00000      0.00000      0.00000
      3.49917      0.00000      0.00000      0.00000
      3.50917      0.00000      0.00000      0.00000
      3.51917      0.00000      0.00000      0.00000
      3.52917      0.00000      0.00000      0.00000
      3.53917      0.00000      0.00000      0.00000
      3.54917      0.00000      0.00000      0.00000
      3.55917      0.00000      0.00000      0.00000
      3.56917      0.00000      0.00000      0.00000
      3.57917      0.00000      0.00000      0.00000
      3.58917      0.00000      0.00000      0.00000
      3.59917      0.00000      0.00000      0.00000
      3.60917      0.00000      0.00000      0.00000
      3.61917      0.00000      0.00000      0.00000
      3.62917      0.00000      0.00000      0.00000
      3.63917      0.00000      0.00000      0.00000
      3.64917      0.00000      0.00000      0.00000
      3.65917      0.00000      0.00000      0.00000
      3.66917      0.00000      0.00000      0.00000
      3.67917      0.00000      0.00000      0.00000
      3.68917      0.00000      0.00000      0.00000
      3.69917      0.00000      0.00000      0.00000
      3.70917      0.00000      0.00000      0.00000
      3.71917      0.00000      0.00000      0.00000
      3.72917      0.00000      0.00000      0.00000
      3.73917      0.00000      0.00000      0.00000
      3.74917      0.00000      0.00000      0.00000
      3.75917      0.00000      0.00000      0.00000
      3.76917      0.00000      0.00000      0.00000
      3.77917      0.00000      0.00000      0.00000
      3.78917      0.00000      0.00000      0.00000
      3.79917      0.00000      0.00000      0.00000
      3.80917      0.00000      0.00000      0.00000
      3.81917      0.00000      0.00000      0.00000
      3.82917      0.00000      0.00000      0.00000
      3.83917      0.00000      0.00000      0.00000
      3.84917      0.00000      0.00000      0.00000
      3.85917      0.00000      0.00000      0.00000
      3.86917      0.00000      0.00000      0.00000
      3.87917      0.00000      0.00000      0.00000
      3.88917      0.00000      0.00000      0.00000
      3.89917      0.00000      0.00000      0.00000
      3.90917      0.00000      0.00000      0.00000
      3.91917      0.00000      0.00000      0.00000
      3.92917      0.00000      0.00000      0.00000
      3.93917      0.00000      0.00000      0.00000
      3.94917      0.00000      0.00000      0.00000
      3.95917      0.00000      0.00000      0.00000
      3.96917      0.00000      0.00000      0.00000
      3.97917      0.00000      0.00000      0.00000
      3.98917      0.00000      0.00000      0.00000
      3.99917      0.00000      0.00000      0.00000
      4.00917      0.00000      0.00000      0.00000
      4.01917      0.00000      0.00000      0.00000
      4.02917      0.00000      0.00000      0.00000
      4.03917      0.00000      0.00000      0.00000
      4.04917      0.00000      0.00000      0.00000
      4.05917      0.00000      0.00000      0.00000
      4.06917      0.00000      0.00000      0.00000
      4.07917      0.00000      0.00000      0.00000
      4.08917      0.00000      0.00000      0.00000
      4.09917      0.00000      0.00000      0.00000
      4.10917      0.00000      0.00000      0.00000
      4.11917      0.00000      0.00000      0.00000
      4.12917      0.00000      0.00000      0.00000
      4.13917      0.00000      0.00000      0.00000
      4.14917      0.00000      0.00000      0.00000
      4.15917      0.00000      0.00000      0.00000
      4.16917      0.00000      0.00000      0.00000
      4.17917      0.00000      0.00000      0.00000
      4.18917      0.00000      0.00000      0.00000
      4.19917      0.00000      0.00000      0.00000
      4.20917      0.00000      0.00000      0.00000
      4.21917      0.00000      0.00000      0.00000
      4.22917      0.00000      0.00000      0.00000
      4.23917      0.00000      0.00000      0.00000
      4.24917      0.00000      0.00000      0.00000
      4.25917      0.00000      0.00000      0.00000
      4.26917      0.00000      0.00000      0.00000
      4.27917      0.00000      0.00000      0.00000
      4.28917      0.00000      0.00000      0.00000
      4.29917      0.00000      0.00000      0.00000
      4.30917      0.00000      0.00000      0.00000
      4.31917      0.00000      0.00000      0.00000
      4.32917      0.00000      0.00000      0.00000
      4.33917      0.00000      0.00000      0.00000
      4.34917      0.00000      0.00000      0.00000
      4.35917      0.00000      0.00000      0.00000
      4.36917      0.00000      0.00000      0.00000
      4.37917      0.00000      0.00000      0.00000
      4.38917      0.00000      0.00000      0.00000
      4.39917      0.00000      0.00000      0.00000
      4.40917      0.00000      0.00000      0.00000
      4.41917      0.00000      0.00000      0.00000
      4.42917      0.00000      0.00000      0.00000
      4.43917      0.00000      0.00000      0.00000
      4.44917      0.00000      0.00000      0.00000
      4.45917      0.00000      0.00000      0.00000
      4.46917      0.00000      0.00000      0.00000
      4.47917      0.00000      0.00000      0.00000
      4.48917      0.00000      0.00000      0.00000
      4.49917      0.00000      0.00000      0.00000
      4.50917      0.00000      0.00000      0.00000
      4.51917      0.00000      0.00000      0.00000
      4.52917      0.00000      0.00000      0.00000
      4.53917      0.00000      0.00000      0.00000
      4.54917      0.00000      0.00000      0.00000
      4.55917      0.00000      0.00000      0.00000
      4.56917      0.00000      0.00000      0.00000
      4.57917      0.00000      0.00000      0.00000
      4.58917      0.00000      0.00000      0.00000
      4.59917      0.00000      0.00000      0.00000
      4.60917      0.00000      0.00000      0.00000
      4.61917      0.00000      0.00000      0.00000
      4.62917      0.00000      0.00000      0.00000
      4.63917      0.00000      0.00000      0.00000
      4.64917      0.00002      0.00002      0.00000
      4.65917      0.00086      0.00077      0.00009
      4.66917      0.01391      0.01246      0.00145
      4.67917      0.08917      0.07988      0.00929
      4.68917      0.24603      0.22026      0.02577
      4.69917      0.36602      0.32720      0.03882
      4.70917      0.44670      0.39835      0.04834
      4.71917      0.51191      0.45551      0.05640
      4.72917      0.49709      0.44121      0.05587
      4.73917      0.48206      0.42668      0.05538
      4.74917      0.43212      0.38157      0.05055
      4.75917      0.39976      0.35170      0.04806
      4.76917      0.62993      0.55273      0.07720
      4.77917      0.84209      0.73755      0.10454
      4.78917      0.73476      0.63898      0.09578
      4.79917      0.78395      0.66858      0.11538
      4.80917      1.27787      1.07880      0.19907
      4.81917      1.64982      1.38730      0.26252
      4.82917      1.85475      1.55077      0.30398
      4.83917      2.32552      1.94446      0.38107
      4.84917      2.51398      2.10804      0.40594
      4.85917      2.34470      1.97076      0.37394
      4.86917      1.96884      1.65519      0.31365
      4.87917      1.50863      1.26102      0.24761
      4.88917      1.30066      1.07945      0.22122
      4.89917      1.22872      1.01986      0.20886
      4.90917      1.25258      1.04172      0.21086
      4.91917      1.22507      1.02033      0.20474
      4.92917      0.96720      0.80613      0.16107
      4.93917      0.79337      0.65961      0.13376
      4.94917      0.86328      0.71493      0.14834
      4.95917      1.04212      0.85984      0.18228
      4.96917      1.17936      0.97159      0.20777
      4.97917      1.19692      0.98811      0.20881
      4.98917      1.02079      0.84720      0.17359
      4.99917      0.89937      0.74872      0.15065
      5.00917      0.80362      0.66462      0.13900
      5.01917      0.62333      0.51087      0.11246
      5.02917      0.52665      0.43148      0.09517
      5.03917      0.48794      0.39935      0.08859
      5.04917      0.70153      0.55557      0.14596
      5.05917      1.21737      0.92816      0.28921
      5.06917      1.46089      1.08121      0.37969
      5.07917      1.08487      0.74445      0.34042
      5.08917      0.64028      0.36725      0.27303
      5.09917      0.49630      0.26328      0.23302
      5.10917      0.68649      0.43422      0.25227
      5.11917      0.98523      0.66373      0.32150
      5.12917      1.00551      0.63169      0.37383
      5.13917      0.73319      0.42675      0.30644
      5.14917      0.63504      0.38325      0.25179
      5.15917      0.84515      0.55875      0.28640
      5.16917      1.23406      0.87124      0.36283
      5.17917      1.45212      1.03988      0.41224
      5.18917      1.20367      0.78709      0.41658
      5.19917      0.73153      0.38962      0.34191
      5.20917      0.37532      0.13969      0.23563
      5.21917      0.32618      0.12273      0.20345
      5.22917      0.64140      0.36756      0.27384
      5.23917      0.92310      0.63045      0.29266
      5.24917      0.81273      0.56642      0.24631
      5.25917      0.70575      0.44204      0.26370
      5.26917      0.74123      0.42718      0.31405
      5.27917      0.63944      0.33766      0.30178
      5.28917      0.60099      0.34102      0.25997
      5.29917      0.90449      0.61534      0.28916
      5.30917      1.27651      0.90038      0.37613
      5.31917      1.04937      0.69982      0.34955
      5.32917      0.64538      0.37817      0.26721
      5.33917      0.55685      0.32921      0.22764
      5.34917      0.55923      0.38954      0.16969
      5.35917      0.58584      0.41199      0.17385
      5.36917      0.81557      0.48614      0.32943
      5.37917      1.04622      0.59014      0.45608
      5.38917      0.89753      0.52288      0.37465
      5.39917      0.52451      0.29426      0.23024
      5.40917      0.34763      0.17823      0.16940
      5.41917      0.45396      0.25939      0.19456
      5.42917      0.56985      0.33220      0.23765
      5.43917      0.74306      0.42908      0.31399
      5.44917      0.97447      0.63420      0.34027
      5.45917      1.14475      0.79509      0.34966
      5.46917      0.90318      0.60933      0.29385
      5.47917      0.53157      0.33926      0.19231
      5.48917      0.41806      0.23420      0.18386
      5.49917      0.48265      0.20860      0.27405
      5.50917      0.59122      0.24091      0.35031
      5.51917      0.68245      0.31969      0.36275
      5.52917      0.76839      0.45059      0.31780
      5.53917      0.76589      0.49444      0.27145
      5.54917      0.58871      0.38323      0.20547
      5.55917      0.50403      0.28892      0.21510
      5.56917      0.56821      0.28354      0.28467
      5.57917      0.58299      0.30669      0.27630
      5.58917      0.61751      0.37234      0.24517
      5.59917      0.71842      0.46109      0.25733
      5.60917      0.88250      0.59393      0.28857
      5.61917      1.15590      0.80044      0.35546
      5.62917      1.01854      0.67056      0.34798
      5.63917      0.60026      0.27745      0.32281
      5.64917      0.40438      0.09262      0.31175
      5.65917      0.31218      0.07154      0.24064
      5.66917      0.37628      0.16443      0.21185
      5.67917      0.60985      0.32572      0.28413
      5.68917      0.66154      0.35251      0.30903
      5.69917      0.57755      0.32712      0.25042
      5.70917      0.69033      0.41415      0.27618
      5.71917      0.77767      0.46937      0.30830
      5.72917      0.63203      0.36365      0.26838
      5.73917      0.46727      0.21710      0.25017
      5.74917      0.45227      0.19213      0.26015
      5.75917      0.40219      0.22029      0.18190
      5.76917      0.43557      0.29098      0.14459
      5.77917      0.56933      0.36328      0.20605
      5.78917      0.80641      0.50449      0.30192
      5.79917      1.03877      0.60186      0.43691
      5.80917      0.94851      0.46182      0.48668
      5.81917      0.73740      0.33757      0.39983
      5.82917      0.66883      0.33876      0.33007
      5.83917      0.56340      0.29693      0.26647
      5.84917      0.48647      0.27429      0.21218
      5.85917      0.48006      0.29663      0.18343
      5.86917      0.52421      0.29488      0.22933
      5.87917      0.63843      0.33969      0.29874
      5.88917      0.67425      0.34893      0.32532
      5.89917      0.56813      0.23531      0.33282
      5.90917      0.51313      0.20853      0.30460
      5.91917      0.43360      0.24862      0.18497
      5.92917      0.36386      0.22830      0.13556
      5.93917      0.52349      0.27369      0.24981
      5.94917      0.57950      0.28653      0.29297
      5.95917      0.45913      0.27940      0.17973
      5.96917      0.59460      0.42572      0.16888
      5.97917      0.91134      0.58616      0.32518
      5.98917      1.01654      0.51986      0.49669
      5.99917      0.77681      0.30050      0.47631
      6.00917      0.54465      0.16835      0.37630
      6.01917      0.46682      0.16942      0.29740
      6.02917      0.41896      0.18593      0.23303
      6.03917      0.44475      0.23054      0.21421
      6.04917      0.50802      0.26851      0.23951
      6.05917      0.46658      0.26361      0.20296
      6.06917      0.46630      0.30079      0.16551
      6.07917      0.61203      0.35145      0.26057
      6.08917      0.65938      0.30745      0.35193
      6.09917      0.58235      0.25674      0.32562
      6.10917      0.57441      0.25480      0.31961
      6.11917      0.65171      0.31847      0.33324
      6.12917      0.61365      0.35027      0.26338
      6.13917      0.46791      0.31565      0.15226
      6.14917      0.52645      0.37871      0.14774
      6.15917      0.79871      0.52377      0.27494
      6.16917      0.90721      0.53120      0.37601
      6.17917      0.65111      0.32966      0.32145
      6.18917      0.40982      0.11359      0.29623
      6.19917      0.35094      0.04497      0.30596
      6.20917      0.38808      0.10141      0.28667
      6.21917      0.58982      0.25847      0.33135
      6.22917      0.70019      0.33726      0.36292
      6.23917      0.52468      0.22859      0.29609
      6.24917      0.43583      0.16921      0.26662
      6.25917      0.55081      0.30331      0.24750
      6.26917      0.70660      0.47647      0.23012
      6.27917      0.65870      0.40285      0.25585
      6.28917      0.45081      0.19008      0.26073
      6.29917      0.36820      0.12895      0.23925
      6.30917      0.41602      0.16688      0.24915
      6.31917      0.47074      0.21847      0.25227
      6.32917      0.47534      0.24864      0.22670
      6.33917      0.46539      0.23093      0.23446
      6.34917      0.62438      0.30674      0.31764
      6.35917      0.77531      0.45419      0.32111
      6.36917      0.76610      0.49103      0.27507
      6.37917      0.58524      0.39003      0.19521
      6.38917      0.46317      0.32713      0.13604
      6.39917      0.46737      0.27106      0.19631
      6.40917      0.66585      0.24935      0.41649
      6.41917      0.83490      0.27691      0.55799
      6.42917      0.68777      0.24872      0.43904
      6.43917      0.50586      0.22330      0.28256
      6.44917      0.44911      0.22356      0.22555
      6.45917      0.41289      0.22352      0.18937
      6.46917      0.43673      0.22010      0.21662
      6.47917      0.51012      0.23584      0.27428
      6.48917      0.54069      0.28198      0.25871
      6.49917      0.52170      0.25189      0.26980
      6.50917      0.49801      0.22882      0.26919
      6.51917      0.44026      0.23393      0.20633
      6.52917      0.42531      0.19608      0.22923
      6.53917      0.57348      0.25223      0.32126
      6.54917      0.75893      0.38443      0.37451
      6.55917      0.80725      0.47392      0.33333
      6.56917      0.68084      0.45674      0.22409
      6.57917      0.40692      0.26145      0.14547
      6.58917      0.27930      0.12583      0.15347
      6.59917      0.34734      0.15235      0.19499
      6.60917      0.45194      0.21208      0.23986
      6.61917      0.47451      0.24552      0.22899
      6.62917      0.42524      0.23717      0.18807
      6.63917      0.44675      0.22184      0.22491
      6.64917      0.59145      0.25303      0.33842
      6.65917      0.69448      0.28550      0.40899
      6.66917      0.67762      0.29010      0.38752
      6.67917      0.67333      0.29238      0.38095
      6.68917      0.64738      0.27023      0.37715
      6.69917      0.57282      0.25996      0.31286
      6.70917      0.59348      0.32475      0.26874
      6.71917      0.53053      0.31136      0.21917
      6.72917      0.40442      0.25678      0.14763
      6.73917      0.54527      0.34976      0.19551
      6.74917      0.72263      0.45666      0.26598
      6.75917      0.69786      0.44045      0.25741
      6.76917      0.57966      0.31956      0.26011
      6.77917      0.52161      0.17341      0.34819
      6.78917      0.45690      0.09272      0.36418
      6.79917      0.29719      0.08392      0.21327
      6.80917      0.33064      0.19412      0.13652
      6.81917      0.57276      0.32718      0.24558
      6.82917      0.60838      0.28173      0.32664
      6.83917      0.34232      0.14321      0.19911
      6.84917      0.28259      0.18946      0.09312
      6.85917      0.54173      0.40875      0.13298
      6.86917      0.63829      0.44419      0.19410
      6.87917      0.44641      0.24099      0.20542
      6.88917      0.32315      0.12868      0.19446
      6.89917      0.38846      0.17363      0.21483
      6.90917      0.59190      0.24272      0.34919
      6.91917      0.73380      0.27006      0.46374
      6.92917      0.68855      0.25771      0.43084
      6.93917      0.58853      0.25226      0.33627
      6.94917      0.62056      0.34216      0.27840
      6.95917      0.67421      0.41850      0.25571
      6.96917      0.67034      0.38023      0.29011
      6.97917      0.69343      0.37775      0.31568
      6.98917      0.64392      0.37409      0.26984
      6.99917      0.56666      0.30734      0.25932
      7.00917      0.46575      0.25951      0.20624
      7.01917      0.32276      0.21050      0.11226
      7.02917      0.31154      0.19892      0.11262
      7.03917      0.45013      0.24619      0.20394
      7.04917      0.52473      0.25601      0.26874
      7.05917      0.50758      0.23499      0.27336
      7.06917      0.52319      0.24086      0.29276
      7.07917      0.72918      0.41962      0.36706
      7.08917      0.79763      0.63745      0.30595
      7.09917      0.62576      0.70622      0.14125
      7.10917      0.62141      0.76868      0.10351
      7.11917      0.70425      0.74436      0.19058
      7.12917      0.81282      0.77304      0.26587
      7.13917      0.95037      0.99220      0.23152
      7.14917      0.92420      1.03611      0.15583
      7.15917      0.74393      0.86679      0.10091
      7.16917      0.54469      0.67781      0.07706
      7.17917      0.55822      0.62622      0.15790
      7.18917      0.90537      0.81473      0.37575
      7.19917      1.07946      0.87482      0.49395
      7.20917      0.95013      0.78957      0.40536
      7.21917      0.88241      0.78518      0.32649
      7.22917      0.82354      0.71496      0.29727
      7.23917      0.83757      0.76758      0.26780
      7.24917      0.94562      0.96211      0.26953
      7.25917      0.84280      0.96216      0.20020
      7.26917      0.69952      0.81806      0.14477
      7.27917      0.72282      0.74861      0.19868
      7.28917      0.85697      0.86872      0.23524
      7.29917      0.91522      0.95477      0.20988
      7.30917      0.86513      0.82372      0.22804
      7.31917      0.90150      0.79210      0.25481
      7.32917      1.08726      1.15148      0.21534
      7.33917      1.08074      1.25350      0.21608
      7.34917      0.79498      0.83282      0.26336
      7.35917      0.54870      0.52888      0.22899
      7.36917      0.42315      0.50137      0.12604
      7.37917      0.61287      0.70104      0.16080
      7.38917      0.93676      0.93094      0.26441
      7.39917      0.96493      0.91282      0.26690
      7.40917      0.76560      0.74071      0.20914
      7.41917      0.64010      0.71015      0.12794
      7.42917      0.82971      1.01803      0.11243
      7.43917      1.05456      1.25081      0.17982
      7.44917      0.90371      1.02730      0.20087
      7.45917      0.65011      0.71444      0.15645
      7.46917      0.58167      0.65977      0.10968
      7.47917      0.70084      0.82962      0.11938
      7.48917      0.88813      0.90128      0.24504
      7.49917      0.98631      0.81752      0.37451
      7.50917      1.04644      0.83186      0.40579
      7.51917      1.05976      0.88056      0.39499
      7.52917      1.03372      1.00878      0.31897
      7.53917      1.03106      1.15756      0.22621
      7.54917      0.99826      1.06869      0.22581
      7.55917      0.91825      0.96830      0.20656
      7.56917      0.96922      1.03912      0.19925
      7.57917      1.00715      1.03345      0.22657
      7.58917      0.82983      0.92216      0.15347
      7.59917      0.61103      0.76262      0.09142
      7.60917      0.59311      0.71843      0.12533
      7.61917      0.65796      0.68704      0.15585
      7.62917      0.71298      0.70929      0.14755
      7.63917      0.93740      1.00362      0.18418
      7.64917      1.33086      1.42220      0.30325
      7.65917      1.28614      1.40114      0.28703
      7.66917      0.94815      1.05304      0.19956
      7.67917      0.75790      0.79942      0.17419
      7.68917      0.71502      0.75203      0.14852
      7.69917      0.76166      0.89202      0.12460
      7.70917      0.81601      1.02838      0.12008
      7.71917      0.89831      1.04148      0.16372
      7.72917      0.93240      0.96467      0.16576
      7.73917      0.88855      0.94092      0.14546
      7.74917      0.80273      0.87524      0.14185
      7.75917      0.73930      0.83870      0.09807
      7.76917      0.87291      1.14717      0.06343
      7.77917      1.14392      1.49045      0.10274
      7.78917      1.28563      1.52170      0.14426
      7.79917      1.31342      1.40027      0.18280
      7.80917      1.28171      1.21114      0.28789
      7.81917      1.07859      0.93476      0.35023
      7.82917      0.84684      0.83639      0.28284
      7.83917      0.83820      0.97302      0.20656
      7.84917      0.97549      1.10780      0.18540
      7.85917      1.02490      1.01651      0.21949
      7.86917      1.01220      0.95325      0.24702
      7.87917      1.05461      1.19308      0.16977
      7.88917      1.24105      1.49903      0.13550
      7.89917      1.40016      1.66835      0.13620
      7.90917      1.30854      1.61164      0.10084
      7.91917      1.11778      1.35232      0.12112
      7.92917      0.95998      1.10366      0.14295
      7.93917      0.93609      1.16298      0.07798
      7.94917      1.06135      1.35670      0.04875
      7.95917      1.21216      1.47250      0.09797
      7.96917      1.31736      1.52226      0.15214
      7.97917      1.39278      1.51584      0.20733
      7.98917      1.58541      1.77202      0.23866
      7.99917      1.78381      2.12613      0.21751
      8.00917      1.52575      1.85635      0.17466
      8.01917      1.32600      1.64187      0.14812
      8.02917      1.42943      1.82278      0.10237
      8.03917      1.61793      2.11072      0.06083
      8.04917      1.83083      2.37369      0.07439
      8.05917      1.91030      2.48173      0.08621
      8.06917      2.51863      3.27300      0.11698
      8.07917      3.35088      4.39623      0.12415
      8.08917      3.03579      4.01605      0.08434
      8.09917      2.26892      2.92792      0.08987
      8.10917      1.60825      2.01899      0.08527
      8.11917      0.74321      0.93458      0.03788
      8.12917      0.21443      0.23216      0.03624
      8.13917      0.22445      0.09168      0.13831
      8.14917      0.46460      0.15242      0.31240
      8.15917      0.59334      0.20470      0.38864
      8.16917      0.46306      0.16035      0.30270
      8.17917      0.28199      0.07844      0.20355
      8.18917      0.19253      0.04197      0.15056
      8.19917      0.18372      0.04766      0.13606
      8.20917      0.22612      0.09134      0.13477
      8.21917      0.30915      0.15887      0.15028
      8.22917      0.36277      0.17983      0.18294
      8.23917      0.27372      0.13607      0.13765
      8.24917      0.24288      0.13724      0.10564
      8.25917      0.28885      0.17033      0.11852
      8.26917      0.20108      0.12300      0.07807
      8.27917      0.19345      0.12637      0.06708
      8.28917      0.26524      0.16090      0.10434
      8.29917      0.17868      0.09699      0.08170
      8.30917      0.07137      0.03178      0.03959
      8.31917      0.14589      0.05338      0.09251
      8.32917      0.35082      0.14070      0.21011
      8.33917      0.43138      0.19839      0.23298
      8.34917      0.39353      0.20236      0.19117
      8.35917      0.32614      0.18802      0.13811
      8.36917      0.24591      0.14495      0.10096
      8.37917      0.20544      0.09867      0.10678
      8.38917      0.17993      0.06313      0.11681
      8.39917      0.12157      0.04193      0.07964
      8.40917      0.11166      0.06311      0.04855
      8.41917      0.18287      0.12589      0.05699
      8.42917      0.22989      0.17236      0.05753
      8.43917      0.24989      0.17221      0.07768
      8.44917      0.24929      0.15103      0.09826
      8.45917      0.28166      0.19850      0.08316
      8.46917      0.27853      0.21460      0.06394
      8.47917      0.13580      0.10423      0.03157
      8.48917      0.04254      0.02454      0.01800
      8.49917      0.13175      0.04594      0.08581
      8.50917      0.44754      0.18305      0.26448
      8.51917      0.69875      0.31865      0.38010
      8.52917      0.54303      0.24154      0.30149
      8.53917      0.29570      0.10343      0.19227
      8.54917      0.19767      0.05668      0.14098
      8.55917      0.19130      0.06560      0.12570
      8.56917      0.22777      0.11660      0.11117
      8.57917      0.29664      0.17626      0.12038
      8.58917      0.27499      0.16761      0.10738
      8.59917      0.33918      0.23021      0.10897
      8.60917      0.41428      0.28571      0.12857
      8.61917      0.24961      0.16908      0.08053
      8.62917      0.19320      0.13346      0.05974
      8.63917      0.27884      0.19487      0.08397
      8.64917      0.19378      0.13426      0.05952
      8.65917      0.09108      0.05657      0.03451
      8.66917      0.12759      0.06963      0.05796
      8.67917      0.15318      0.08345      0.06973
      8.68917      0.22952      0.13763      0.09188
      8.69917      0.49044      0.31306      0.17739
      8.70917      0.55245      0.34985      0.20260
      8.71917      0.30407      0.17547      0.12859
      8.72917      0.18661      0.07909      0.10753
      8.73917      0.20630      0.09529      0.11101
      8.74917      0.19239      0.11677      0.07572
      8.75917      0.15578      0.11187      0.04476
      8.76917      0.23711      0.17726      0.06254
      8.77917      0.34009      0.24588      0.09732
      8.78917      0.28430      0.20926      0.07636
      8.79917      0.19728      0.16523      0.03226
      8.80917      0.17660      0.16587      0.01074
      8.81917      0.18246      0.15806      0.02441
      8.82917      0.26712      0.19835      0.06907
      8.83917      0.28392      0.20876      0.07684
      8.84917      0.16742      0.13896      0.03200
      8.85917      0.09148      0.08651      0.00770
      8.86917      0.13289      0.11017      0.02350
      8.87917      0.27863      0.17231      0.10641
      8.88917      0.44712      0.19881      0.24831
      8.89917      0.52537      0.22088      0.30451
      8.90917      0.45963      0.22134      0.23869
      8.91917      0.43019      0.26912      0.16412
      8.92917      0.44450      0.32408      0.12889
      8.93917      0.34179      0.24346      0.10702
      8.94917      0.23341      0.13880      0.09821
      8.95917      0.26271      0.17216      0.09321
      8.96917      0.39539      0.30736      0.09327
      8.97917      0.37968      0.28928      0.09494
      8.98917      0.19437      0.13145      0.06438
      8.99917      0.15009      0.08767      0.06302
      9.00917      0.17668      0.11977      0.06021
      9.01917      0.22430      0.19148      0.04216
      9.02917      0.29205      0.24886      0.05292
      9.03917      0.27796      0.23356      0.04815
      9.04917      0.23614      0.20288      0.03388
      9.05917      0.21347      0.17001      0.04476
      9.06917      0.22429      0.17728      0.05399
      9.07917      0.33334      0.25365      0.09376
      9.08917      0.41784      0.27740      0.15090
      9.09917      0.34603      0.19934      0.15010
      9.10917      0.28863      0.18716      0.10567
      9.11917      0.34693      0.28880      0.06845
      9.12917      0.37549      0.30755      0.08014
      9.13917      0.34182      0.26764      0.08482
      9.14917      0.26923      0.22980      0.04669
      9.15917      0.16420      0.14570      0.02083
      9.16917      0.19715      0.16022      0.03722
      9.17917      0.28311      0.21972      0.06363
      9.18917      0.21611      0.17582      0.04260
      9.19917      0.21203      0.21146      0.01089
      9.20917      0.28475      0.29961      0.00564
      9.21917      0.30546      0.30264      0.02306
      9.22917      0.31886      0.29180      0.04172
      9.23917      0.21543      0.19722      0.02782
      9.24917      0.13308      0.13601      0.00721
      9.25917      0.16977      0.17743      0.00659
      9.26917      0.23676      0.20490      0.04228
      9.27917      0.42804      0.29541      0.14300
      9.28917      0.59328      0.37078      0.23875
      9.29917      0.51351      0.29945      0.22580
      9.30917      0.43230      0.27045      0.16805
      9.31917      0.47670      0.35777      0.13148
      9.32917      0.44146      0.35141      0.10816
      9.33917      0.36329      0.28382      0.09346
      9.34917      0.33868      0.26853      0.08142
      9.35917      0.31423      0.25152      0.07453
      9.36917      0.34044      0.29295      0.06644
      9.37917      0.35376      0.31359      0.06100
      9.38917      0.25670      0.21025      0.05652
      9.39917      0.18842      0.14064      0.05048
      9.40917      0.22022      0.17797      0.04779
      9.41917      0.29805      0.27013      0.04194
      9.42917      0.30898      0.28295      0.03942
      9.43917      0.24870      0.21908      0.03436
      9.44917      0.26168      0.23359      0.02962
      9.45917      0.42196      0.40863      0.02256
      9.46917      0.77451      0.79308      0.01700
      9.47917      0.93178      0.95350      0.03393
      9.48917      0.69196      0.64710      0.08594
      9.49917      0.45988      0.37309      0.10923
      9.50917      0.30548      0.23121      0.08648
      9.51917      0.24062      0.17148      0.07614
      9.52917      0.17684      0.13338      0.04921
      9.53917      0.13435      0.10378      0.03451
      9.54917      0.25065      0.20633      0.05271
      9.55917      0.37094      0.34680      0.04268
      9.56917      0.31667      0.31531      0.01959
      9.57917      0.28608      0.27102      0.02821
      9.58917      0.30273      0.27579      0.03805
      9.59917      0.31420      0.30051      0.02398
      9.60917      0.58101      0.57816      0.02043
      9.61917      0.75923      0.75647      0.02398
      9.62917      0.56252      0.56282      0.01460
      9.63917      0.36351      0.36967      0.00436
      9.64917      0.31748      0.32680      0.00071
      9.65917      0.27000      0.27676      0.00075
      9.66917      0.43303      0.43938      0.00306
      9.67917      0.63753      0.63486      0.01365
      9.68917      0.71506      0.65565      0.06607
      9.69917      0.95308      0.78929      0.17021
      9.70917      1.08707      0.87822      0.21613
      9.71917      0.89193      0.72251      0.17404
      9.72917      0.75446      0.62955      0.13057
      9.73917      0.80662      0.70871      0.10687
      9.74917      0.84166      0.75869      0.09159
      9.75917      0.81245      0.73484      0.08393
      9.76917      0.78483      0.70481      0.08359
      9.77917      0.82171      0.73848      0.08430
      9.78917      0.83994      0.76147      0.07873
      9.79917      0.74370      0.68556      0.05852
      9.80917      0.49123      0.46309      0.02858
      9.81917      0.25124      0.24118      0.01080
      9.82917      0.23901      0.23362      0.00808
      9.83917      0.39495      0.38734      0.01220
      9.84917      0.38707      0.38036      0.00994
      9.85917      0.26931      0.26646      0.00433
      9.86917      0.20705      0.20291      0.00482
      9.87917      0.18152      0.17397      0.00772
      9.88917      0.16807      0.15718      0.01092
      9.89917      0.27049      0.24117      0.02957
      9.90917      0.54436      0.47024      0.07566
      9.91917      0.77449      0.66723      0.11064
      9.92917      0.58017      0.49149      0.09140
      9.93917      0.31781      0.25676      0.06186
      9.94917      0.31294      0.25631      0.05672
      9.95917      0.33427      0.28738      0.04699
      9.96917      0.44138      0.39608      0.04595
      9.97917      0.58292      0.53967      0.04484
      9.98917      0.52221      0.49082      0.03281
      9.99917      0.32371      0.30157      0.02260
     10.00917      0.18094      0.16547      0.01553
     10.01917      0.12955      0.11996      0.00978
     10.02917      0.20218      0.19551      0.00759
     10.03917      0.27563      0.27049      0.00688
     10.04917      0.16744      0.16494      0.00370
     10.05917      0.08911      0.08499      0.00444
     10.06917      0.14942      0.13982      0.00975
     10.07917      0.21603      0.20595      0.01068
     10.08917      0.27270      0.26166      0.01210
     10.09917      0.29169      0.27253      0.01985
     10.10917      0.35454      0.32002      0.03469
     10.11917      0.61696      0.54270      0.07427
     10.12917      0.87669      0.74083      0.13586
     10.13917      0.84980      0.69031      0.15949
     10.14917      0.68268      0.55215      0.13052
     10.15917      0.63757      0.53244      0.10513
     10.16917      0.68769      0.59151      0.09618
     10.17917      0.59224      0.51855      0.07369
     10.18917      0.30226      0.26765      0.03461
     10.19917      0.19700      0.17878      0.01822
     10.20917      0.24234      0.22520      0.01714
     10.21917      0.19471      0.18412      0.01059
     10.22917      0.12295      0.11661      0.00634
     10.23917      0.14329      0.13490      0.00840
     10.24917      0.14377      0.13666      0.00718
     10.25917      0.17040      0.16609      0.00455
     10.26917      0.25194      0.24444      0.00783
     10.27917      0.20626      0.19736      0.00907
     10.28917      0.12010      0.11496      0.00517
     10.29917      0.15264      0.14734      0.00530
     10.30917      0.19713      0.18651      0.01062
     10.31917      0.18144      0.16676      0.01468
     10.32917      0.13246      0.12110      0.01136
     10.33917      0.22777      0.20848      0.01929
     10.34917      0.47441      0.42464      0.04977
     10.35917      0.57544      0.50543      0.07001
     10.36917      0.65809      0.58821      0.06988
     10.37917      0.73679      0.67747      0.05932
     10.38917      0.46632      0.43512      0.03120
     10.39917      0.12771      0.12021      0.00750
     10.40917      0.01487      0.01419      0.00072
     10.41917      0.01514      0.01563      0.00003
     10.42917      0.08112      0.08379      0.00000
     10.43917      0.19269      0.19775      0.00002
     10.44917      0.22738      0.23081      0.00010
     10.45917      0.15627      0.15636      0.00081
     10.46917      0.12357      0.12019      0.00346
     10.47917      0.14718      0.14152      0.00568
     10.48917      0.13038      0.12619      0.00433
     10.49917      0.20718      0.20282      0.00491
     10.50917      0.28571      0.27945      0.00704
     10.51917      0.19295      0.18676      0.00661
     10.52917      0.12975      0.12430      0.00580
     10.53917      0.16999      0.16904      0.00317
     10.54917      0.25075      0.25713      0.00179
     10.55917      0.34366      0.34454      0.01114
     10.56917      0.60068      0.56205      0.04535
     10.57917      0.94206      0.86133      0.08214
     10.58917      0.93300      0.85983      0.07350
     10.59917      0.54197      0.50941      0.03393
     10.60917      0.24785      0.24341      0.00748
     10.61917      0.12106      0.12282      0.00074
     10.62917      0.05022      0.05089      0.00043
     10.63917      0.09725      0.10025      0.00197
     10.64917      0.23413      0.25645      0.00387
     10.65917      0.36174      0.41384      0.00530
     10.66917      0.52010      0.58572      0.01039
     10.67917      0.99054      1.14860      0.01544
     10.68917      2.02917      2.45523      0.01377
     10.69917      3.04447      3.70818      0.01717
     10.70917      3.41826      4.08155      0.04187
     10.71917      3.24377      3.80464      0.06366
     10.72917      2.75198      3.18964      0.06163
     10.73917      2.44267      2.77604      0.06420
     10.74917      2.37257      2.69541      0.06557
     10.75917      2.19569      2.53918      0.05361
     10.76917      2.13525      2.48192      0.05159
     10.77917      2.29214      2.57594      0.06132
     10.78917      2.24373      2.40080      0.06530
     10.79917      2.17674      2.38048      0.07272
     10.80917      2.30178      2.68117      0.09012
     10.81917      2.14760      2.58035      0.08373
     10.82917      2.01091      2.38001      0.08693
     10.83917      2.17376      2.55355      0.09230
     10.84917      2.33984      2.90429      0.07367
     10.85917      2.39955      3.01785      0.07975
     10.86917      2.03075      2.41845      0.10245
     10.87917      1.44513      1.69820      0.07504
     10.88917      1.28004      1.54724      0.04670
     10.89917      1.49141      1.80053      0.05590
