Energy-E_F (eV)    DOS (1/eV)    PDOS (1/eV)  of atom type B  N  
     -6.04896      0.50283      0.20844      0.29439
     -6.03896      0.69128      0.28837      0.40290
     -6.02896      0.86515      0.36411      0.50103
     -6.01896      0.88513      0.37134      0.51379
     -6.00896      0.77612      0.32099      0.45513
     -5.99896      0.69367      0.28439      0.40928
     -5.98896      0.54541      0.22252      0.32289
     -5.97896      0.38614      0.15629      0.22985
     -5.96896      0.29303      0.11868      0.17435
     -5.95896      0.17073      0.06959      0.10115
     -5.94896      0.15561      0.06380      0.09181
     -5.93896      0.30777      0.12830      0.17947
     -5.92896      0.40474      0.17166      0.23307
     -5.91896      0.48016      0.20306      0.27710
     -5.90896      0.67608      0.27878      0.39730
     -5.89896      0.71766      0.28967      0.42799
     -5.88896      0.55320      0.22179      0.33141
     -5.87896      0.52428      0.21436      0.30992
     -5.86896      0.55662      0.23035      0.32626
     -5.85896      0.45337      0.18537      0.26799
     -5.84896      0.38472      0.15671      0.22802
     -5.83896      0.43331      0.18061      0.25270
     -5.82896      0.51219      0.21544      0.29675
     -5.81896      0.58616      0.24786      0.33830
     -5.80896      0.71404      0.30361      0.41044
     -5.79896      0.69805      0.29664      0.40141
     -5.78896      0.47724      0.19947      0.27778
     -5.77896      0.27507      0.11138      0.16368
     -5.76896      0.31529      0.12526      0.19003
     -5.75896      0.56802      0.22663      0.34139
     -5.74896      0.76743      0.30891      0.45853
     -5.73896      0.70009      0.28374      0.41635
     -5.72896      0.47505      0.19236      0.28270
     -5.71896      0.34058      0.13633      0.20426
     -5.70896      0.40896      0.16478      0.24419
     -5.69896      0.50164      0.20499      0.29664
     -5.68896      0.49128      0.20281      0.28847
     -5.67896      0.50531      0.20890      0.29640
     -5.66896      0.54064      0.22310      0.31754
     -5.65896      0.46283      0.19128      0.27155
     -5.64896      0.39224      0.15965      0.23259
     -5.63896      0.39840      0.16041      0.23799
     -5.62896      0.44795      0.18155      0.26640
     -5.61896      0.55408      0.22326      0.33082
     -5.60896      0.76363      0.30792      0.45571
     -5.59896      0.89739      0.36560      0.53180
     -5.58896      0.62898      0.26181      0.36717
     -5.57896      0.44817      0.19272      0.25545
     -5.56896      0.45017      0.19126      0.25891
     -5.55896      0.50014      0.20373      0.29642
     -5.54896      0.56810      0.22870      0.33940
     -5.53896      0.46147      0.18662      0.27485
     -5.52896      0.20655      0.08369      0.12285
     -5.51896      0.17368      0.07152      0.10216
     -5.50896      0.41705      0.17268      0.24437
     -5.49896      0.61292      0.25126      0.36166
     -5.48896      0.70616      0.28449      0.42167
     -5.47896      0.78500      0.31555      0.46944
     -5.46896      0.86083      0.34972      0.51112
     -5.45896      0.80949      0.32942      0.48007
     -5.44896      0.56982      0.22896      0.34086
     -5.43896      0.39671      0.15683      0.23988
     -5.42896      0.37408      0.14852      0.22556
     -5.41896      0.47148      0.18964      0.28184
     -5.40896      0.57030      0.22823      0.34207
     -5.39896      0.43621      0.17353      0.26268
     -5.38896      0.41240      0.16573      0.24667
     -5.37896      0.50747      0.20559      0.30189
     -5.36896      0.54230      0.22210      0.32020
     -5.35896      0.66339      0.27540      0.38799
     -5.34896      0.78182      0.32456      0.45725
     -5.33896      0.68560      0.28421      0.40139
     -5.32896      0.56418      0.23067      0.33351
     -5.31896      0.64327      0.25657      0.38670
     -5.30896      0.60500      0.23855      0.36645
     -5.29896      0.41073      0.16074      0.25000
     -5.28896      0.22837      0.08943      0.13894
     -5.27896      0.28628      0.11404      0.17225
     -5.26896      0.57226      0.22953      0.34272
     -5.25896      0.75410      0.30061      0.45350
     -5.24896      0.72094      0.28173      0.43921
     -5.23896      0.68326      0.26375      0.41950
     -5.22896      0.77381      0.30024      0.47357
     -5.21896      0.87198      0.33948      0.53250
     -5.20896      1.06252      0.41475      0.64777
     -5.19896      1.10274      0.42831      0.67443
     -5.18896      0.88695      0.34169      0.54526
     -5.17896      0.89730      0.34835      0.54895
     -5.16896      1.09428      0.43045      0.66383
     -5.15896      1.11351      0.43719      0.67632
     -5.14896      0.98835      0.38577      0.60257
     -5.13896      0.86715      0.33975      0.52740
     -5.12896      0.84919      0.33435      0.51484
     -5.11896      0.81122      0.32140      0.48982
     -5.10896      0.75531      0.29520      0.46010
     -5.09896      0.80989      0.30698      0.50291
     -5.08896      0.97223      0.36716      0.60506
     -5.07896      0.97634      0.37571      0.60062
     -5.06896      0.82504      0.32372      0.50132
     -5.05896      0.77522      0.29962      0.47560
     -5.04896      0.69942      0.26322      0.43620
     -5.03896      0.47850      0.17730      0.30120
     -5.02896      0.38695      0.14685      0.24010
     -5.01896      0.69886      0.27063      0.42823
     -5.00896      1.09560      0.42127      0.67433
     -4.99896      1.31546      0.50861      0.80685
     -4.98896      1.32647      0.51552      0.81095
     -4.97896      0.96565      0.36986      0.59580
     -4.96896      0.70425      0.26375      0.44050
     -4.95896      0.79554      0.29857      0.49696
     -4.94896      0.93693      0.35819      0.57874
     -4.93896      0.90058      0.34786      0.55272
     -4.92896      0.81505      0.31692      0.49812
     -4.91896      0.91413      0.35656      0.55757
     -4.90896      1.01771      0.39155      0.62616
     -4.89896      1.07311      0.41050      0.66261
     -4.88896      1.07732      0.41508      0.66223
     -4.87896      0.95471      0.36896      0.58576
     -4.86896      0.93113      0.35893      0.57220
     -4.85896      0.91392      0.34685      0.56707
     -4.84896      0.91052      0.34119      0.56934
     -4.83896      0.82727      0.31337      0.51389
     -4.82896      0.78366      0.30298      0.48068
     -4.81896      0.88968      0.34757      0.54211
     -4.80896      0.81603      0.31675      0.49928
     -4.79896      0.84002      0.31819      0.52182
     -4.78896      1.20522      0.45763      0.74759
     -4.77896      1.32565      0.50740      0.81825
     -4.76896      1.05519      0.40003      0.65516
     -4.75896      0.75735      0.27927      0.47808
     -4.74896      0.60613      0.22103      0.38510
     -4.73896      0.72660      0.27032      0.45628
     -4.72896      0.99074      0.37454      0.61621
     -4.71896      1.01225      0.38198      0.63027
     -4.70896      0.96026      0.36006      0.60020
     -4.69896      0.93403      0.35720      0.57683
     -4.68896      0.96781      0.37743      0.59038
     -4.67896      1.17375      0.45508      0.71866
     -4.66896      1.24220      0.47666      0.76554
     -4.65896      1.27588      0.48444      0.79144
     -4.64896      1.33028      0.50557      0.82471
     -4.63896      1.06573      0.40390      0.66183
     -4.62896      0.69825      0.26053      0.43772
     -4.61896      0.57550      0.21253      0.36297
     -4.60896      0.62835      0.23059      0.39777
     -4.59896      0.77892      0.28491      0.49401
     -4.58896      0.98699      0.36376      0.62323
     -4.57896      1.26648      0.47579      0.79069
     -4.56896      1.44477      0.55220      0.89257
     -4.55896      1.29959      0.49604      0.80355
     -4.54896      1.05799      0.39746      0.66053
     -4.53896      0.76939      0.29017      0.47923
     -4.52896      0.69243      0.26560      0.42684
     -4.51896      1.03101      0.38880      0.64221
     -4.50896      1.29068      0.47708      0.81360
     -4.49896      1.35803      0.50136      0.85667
     -4.48896      1.23893      0.46325      0.77568
     -4.47896      1.04600      0.39793      0.64807
     -4.46896      0.95164      0.36495      0.58669
     -4.45896      0.82722      0.31493      0.51229
     -4.44896      0.95653      0.36459      0.59194
     -4.43896      1.45573      0.55159      0.90414
     -4.42896      1.72542      0.64778      1.07764
     -4.41896      1.44917      0.53715      0.91201
     -4.40896      1.15414      0.42364      0.73050
     -4.39896      1.06628      0.39651      0.66978
     -4.38896      0.99524      0.37914      0.61610
     -4.37896      1.04244      0.39846      0.64397
     -4.36896      1.11935      0.41622      0.70313
     -4.35896      1.25941      0.46029      0.79912
     -4.34896      1.34870      0.49023      0.85846
     -4.33896      1.21839      0.44298      0.77541
     -4.32896      1.16166      0.42692      0.73473
     -4.31896      1.33232      0.49433      0.83799
     -4.30896      1.64836      0.61736      1.03099
     -4.29896      2.09422      0.78542      1.30880
     -4.28896      2.12428      0.79191      1.33237
     -4.27896      1.63822      0.60305      1.03517
     -4.26896      1.13732      0.41342      0.72390
     -4.25896      1.04889      0.38645      0.66244
     -4.24896      1.18386      0.44103      0.74283
     -4.23896      1.26773      0.47351      0.79421
     -4.22896      1.30050      0.48736      0.81314
     -4.21896      1.23906      0.46473      0.77433
     -4.20896      1.18235      0.44410      0.73825
     -4.19896      1.18991      0.44650      0.74340
     -4.18896      1.29432      0.48546      0.80885
     -4.17896      1.49117      0.55057      0.94059
     -4.16896      1.40491      0.50656      0.89835
     -4.15896      1.19220      0.42942      0.76278
     -4.14896      1.11572      0.41216      0.70356
     -4.13896      1.01749      0.38388      0.63361
     -4.12896      1.05723      0.40248      0.65475
     -4.11896      1.20874      0.45547      0.75326
     -4.10896      1.26530      0.46955      0.79575
     -4.09896      1.31792      0.48710      0.83082
     -4.08896      1.09192      0.40304      0.68888
     -4.07896      0.82341      0.30064      0.52278
     -4.06896      0.86348      0.31151      0.55197
     -4.05896      1.01723      0.36814      0.64910
     -4.04896      0.87063      0.32182      0.54880
     -4.03896      0.72872      0.27455      0.45417
     -4.02896      0.81133      0.30021      0.51112
     -4.01896      0.98843      0.36354      0.62488
     -4.00896      1.19986      0.44689      0.75298
     -3.99896      1.27247      0.47643      0.79605
     -3.98896      1.25975      0.46751      0.79224
     -3.97896      1.05133      0.38252      0.66881
     -3.96896      0.78768      0.28430      0.50338
     -3.95896      0.93938      0.34319      0.59619
     -3.94896      1.10115      0.40261      0.69854
     -3.93896      1.02657      0.37457      0.65200
     -3.92896      0.98082      0.36119      0.61963
     -3.91896      0.86386      0.32000      0.54386
     -3.90896      0.82173      0.30316      0.51858
     -3.89896      1.00771      0.37417      0.63354
     -3.88896      1.24163      0.45948      0.78215
     -3.87896      1.17881      0.42656      0.75225
     -3.86896      0.75499      0.26658      0.48841
     -3.85896      0.48342      0.17220      0.31122
     -3.84896      0.79226      0.28977      0.50248
     -3.83896      1.17682      0.43693      0.73988
     -3.82896      0.97651      0.36808      0.60843
     -3.81896      0.61275      0.23279      0.37996
     -3.80896      0.65617      0.24750      0.40867
     -3.79896      0.99133      0.37119      0.62013
     -3.78896      1.20157      0.44749      0.75409
     -3.77896      1.31060      0.48212      0.82847
     -3.76896      1.38312      0.50152      0.88160
     -3.75896      1.22296      0.43805      0.78491
     -3.74896      0.81277      0.28717      0.52560
     -3.73896      0.49955      0.17547      0.32408
     -3.72896      0.48001      0.16768      0.31233
     -3.71896      0.63862      0.22614      0.41247
     -3.70896      0.89034      0.32394      0.56640
     -3.69896      1.01147      0.37717      0.63430
     -3.68896      0.92110      0.34654      0.57456
     -3.67896      0.85339      0.31262      0.54077
     -3.66896      0.84361      0.30531      0.53831
     -3.65896      0.81497      0.29661      0.51835
     -3.64896      0.81897      0.29117      0.52781
     -3.63896      0.95658      0.34014      0.61644
     -3.62896      1.12822      0.41426      0.71396
     -3.61896      1.08544      0.40470      0.68074
     -3.60896      0.81370      0.29822      0.51549
     -3.59896      0.59891      0.21516      0.38375
     -3.58896      0.48300      0.17594      0.30706
     -3.57896      0.55698      0.20807      0.34891
     -3.56896      0.91928      0.33910      0.58017
     -3.55896      1.25066      0.45241      0.79825
     -3.54896      1.19719      0.42599      0.77120
     -3.53896      0.92768      0.32953      0.59815
     -3.52896      0.72056      0.25622      0.46434
     -3.51896      0.63897      0.22320      0.41578
     -3.50896      0.67513      0.23782      0.43732
     -3.49896      0.68226      0.24418      0.43808
     -3.48896      0.66618      0.23834      0.42784
     -3.47896      0.77288      0.28072      0.49216
     -3.46896      1.11689      0.41263      0.70426
     -3.45896      1.29998      0.48040      0.81958
     -3.44896      1.14385      0.41755      0.72630
     -3.43896      0.85106      0.30848      0.54257
     -3.42896      0.71073      0.25991      0.45082
     -3.41896      0.78139      0.28561      0.49578
     -3.40896      0.65902      0.23857      0.42045
     -3.39896      0.47075      0.16823      0.30252
     -3.38896      0.60151      0.21129      0.39022
     -3.37896      0.91038      0.32514      0.58524
     -3.36896      0.89247      0.32112      0.57135
     -3.35896      0.64683      0.23378      0.41305
     -3.34896      0.57856      0.20955      0.36901
     -3.33896      0.73591      0.25604      0.47987
     -3.32896      0.97355      0.33960      0.63396
     -3.31896      1.04232      0.37291      0.66941
     -3.30896      1.02255      0.36942      0.65313
     -3.29896      1.12534      0.40367      0.72167
     -3.28896      1.13185      0.40354      0.72832
     -3.27896      0.73956      0.26459      0.47497
     -3.26896      0.42205      0.14920      0.27285
     -3.25896      0.39102      0.13280      0.25822
     -3.24896      0.51664      0.17850      0.33814
     -3.23896      0.67143      0.23647      0.43496
     -3.22896      0.69478      0.24719      0.44759
     -3.21896      0.67905      0.24095      0.43810
     -3.20896      0.95018      0.33460      0.61558
     -3.19896      1.08340      0.38083      0.70256
     -3.18896      0.82787      0.29509      0.53278
     -3.17896      0.72801      0.26884      0.45917
     -3.16896      0.78198      0.28708      0.49490
     -3.15896      0.81620      0.29378      0.52242
     -3.14896      0.74383      0.27504      0.46879
     -3.13896      0.65441      0.24997      0.40444
     -3.12896      0.74762      0.28022      0.46740
     -3.11896      0.99619      0.35996      0.63623
     -3.10896      1.05676      0.36808      0.68868
     -3.09896      0.92851      0.30914      0.61938
     -3.08896      0.78301      0.25725      0.52576
     -3.07896      0.68321      0.22918      0.45403
     -3.06896      0.75884      0.26277      0.49607
     -3.05896      0.69229      0.24532      0.44697
     -3.04896      0.57974      0.20685      0.37290
     -3.03896      0.59344      0.21143      0.38201
     -3.02896      0.72956      0.25312      0.47644
     -3.01896      0.76525      0.25988      0.50537
     -3.00896      0.47704      0.16001      0.31703
     -2.99896      0.31991      0.10827      0.21164
     -2.98896      0.53830      0.19476      0.34354
     -2.97896      0.95853      0.34889      0.60964
     -2.96896      1.20829      0.42866      0.77963
     -2.95896      1.14860      0.40497      0.74363
     -2.94896      0.88797      0.31787      0.57010
     -2.93896      0.88616      0.31365      0.57251
     -2.92896      1.06685      0.37456      0.69229
     -2.91896      0.81014      0.28923      0.52091
     -2.90896      0.41555      0.14893      0.26662
     -2.89896      0.39631      0.13148      0.26483
     -2.88896      0.51525      0.16758      0.34768
     -2.87896      0.42127      0.14155      0.27972
     -2.86896      0.38609      0.14339      0.24270
     -2.85896      0.53961      0.20083      0.33878
     -2.84896      0.81843      0.28469      0.53375
     -2.83896      1.17755      0.39728      0.78027
     -2.82896      1.23463      0.41495      0.81968
     -2.81896      0.96595      0.32524      0.64071
     -2.80896      0.74148      0.25766      0.48382
     -2.79896      0.65129      0.23065      0.42064
     -2.78896      0.52455      0.17889      0.34565
     -2.77896      0.50275      0.17066      0.33209
     -2.76896      0.62931      0.22497      0.40434
     -2.75896      0.83678      0.30085      0.53593
     -2.74896      1.07100      0.38039      0.69062
     -2.73896      1.12201      0.39550      0.72652
     -2.72896      0.87303      0.30014      0.57290
     -2.71896      0.58922      0.19314      0.39608
     -2.70896      0.51755      0.17314      0.34441
     -2.69896      0.61620      0.21445      0.40175
     -2.68896      0.66305      0.22705      0.43599
     -2.67896      0.55041      0.17966      0.37075
     -2.66896      0.49571      0.16103      0.33468
     -2.65896      0.62664      0.21545      0.41119
     -2.64896      0.79651      0.27774      0.51878
     -2.63896      0.76076      0.26558      0.49518
     -2.62896      0.53920      0.19326      0.34594
     -2.61896      0.49959      0.17406      0.32552
     -2.60896      0.59694      0.19534      0.40160
     -2.59896      0.65385      0.21233      0.44152
     -2.58896      0.74699      0.24778      0.49921
     -2.57896      0.71976      0.24198      0.47778
     -2.56896      0.66788      0.22838      0.43950
     -2.55896      0.90500      0.31198      0.59302
     -2.54896      1.40416      0.48563      0.91853
     -2.53896      1.43376      0.49478      0.93898
     -2.52896      0.97764      0.33370      0.64394
     -2.51896      0.65096      0.22383      0.42714
     -2.50896      0.46460      0.15903      0.30556
     -2.49896      0.40812      0.13209      0.27603
     -2.48896      0.29262      0.09296      0.19965
     -2.47896      0.33387      0.10997      0.22390
     -2.46896      0.63626      0.21339      0.42288
     -2.45896      0.86338      0.28956      0.57382
     -2.44896      0.94940      0.31681      0.63260
     -2.43896      0.85758      0.28477      0.57281
     -2.42896      0.68093      0.22867      0.45226
     -2.41896      0.44473      0.15320      0.29153
     -2.40896      0.34304      0.11608      0.22696
     -2.39896      0.56193      0.18424      0.37769
     -2.38896      0.72103      0.23542      0.48561
     -2.37896      0.65782      0.21805      0.43977
     -2.36896      0.67736      0.23612      0.44124
     -2.35896      1.01776      0.36135      0.65640
     -2.34896      1.02345      0.36095      0.66250
     -2.33896      0.66229      0.22446      0.43784
     -2.32896      0.65698      0.20122      0.45576
     -2.31896      0.79871      0.23743      0.56128
     -2.30896      0.75891      0.23331      0.52560
     -2.29896      0.59423      0.19184      0.40238
     -2.28896      0.50238      0.16809      0.33429
     -2.27896      0.55251      0.19066      0.36186
     -2.26896      0.85303      0.29721      0.55582
     -2.25896      1.11693      0.38048      0.73645
     -2.24896      1.01266      0.33352      0.67914
     -2.23896      0.66541      0.21072      0.45469
     -2.22896      0.41555      0.13066      0.28489
     -2.21896      0.39525      0.12560      0.26965
     -2.20896      0.45589      0.14318      0.31271
     -2.19896      0.57326      0.18574      0.38753
     -2.18896      0.83416      0.27726      0.55690
     -2.17896      1.08189      0.36451      0.71739
     -2.16896      1.01391      0.34482      0.66909
     -2.15896      0.77072      0.25365      0.51706
     -2.14896      0.58984      0.17874      0.41111
     -2.13896      0.39954      0.12152      0.27802
     -2.12896      0.34542      0.12138      0.22404
     -2.11896      0.50746      0.17865      0.32881
     -2.10896      0.65057      0.21020      0.44036
     -2.09896      0.68587      0.21346      0.47240
     -2.08896      0.62180      0.20162      0.42019
     -2.07896      0.55385      0.18507      0.36878
     -2.06896      0.70550      0.22469      0.48081
     -2.05896      0.88001      0.26891      0.61110
     -2.04896      0.82416      0.25095      0.57321
     -2.03896      0.86158      0.27004      0.59154
     -2.02896      1.03273      0.33310      0.69963
     -2.01896      1.07393      0.35576      0.71817
     -2.00896      0.86915      0.29552      0.57363
     -1.99896      0.59367      0.20363      0.39004
     -1.98896      0.45009      0.15037      0.29972
     -1.97896      0.42674      0.12940      0.29734
     -1.96896      0.57277      0.16599      0.40678
     -1.95896      0.73234      0.21876      0.51358
     -1.94896      0.63626      0.19641      0.43985
     -1.93896      0.56264      0.17834      0.38429
     -1.92896      0.76150      0.24346      0.51804
     -1.91896      0.84662      0.27118      0.57544
     -1.90896      0.64367      0.20347      0.44019
     -1.89896      0.59020      0.18102      0.40918
     -1.88896      0.61492      0.19241      0.42251
     -1.87896      0.77142      0.25252      0.51890
     -1.86896      0.94008      0.30319      0.63689
     -1.85896      0.74310      0.23278      0.51032
     -1.84896      0.40139      0.13066      0.27073
     -1.83896      0.30206      0.10368      0.19838
     -1.82896      0.51524      0.16556      0.34968
     -1.81896      0.82733      0.25976      0.56757
     -1.80896      0.81306      0.25489      0.55818
     -1.79896      0.68064      0.20422      0.47643
     -1.78896      0.83075      0.24031      0.59044
     -1.77896      0.95960      0.28252      0.67708
     -1.76896      0.88875      0.27356      0.61519
     -1.75896      0.85998      0.26774      0.59224
     -1.74896      0.87774      0.26767      0.61007
     -1.73896      0.73753      0.22142      0.51610
     -1.72896      0.54900      0.16898      0.38002
     -1.71896      0.42902      0.13754      0.29147
     -1.70896      0.38796      0.12253      0.26543
     -1.69896      0.56349      0.17216      0.39133
     -1.68896      0.80042      0.23984      0.56058
     -1.67896      0.87839      0.26201      0.61639
     -1.66896      0.85042      0.26235      0.58807
     -1.65896      0.88765      0.27903      0.60862
     -1.64896      0.85552      0.25999      0.59552
     -1.63896      0.58761      0.17043      0.41718
     -1.62896      0.47432      0.13689      0.33743
     -1.61896      0.64924      0.19496      0.45428
     -1.60896      0.67818      0.20900      0.46918
     -1.59896      0.64348      0.19191      0.45157
     -1.58896      0.68494      0.19897      0.48597
     -1.57896      0.63586      0.19815      0.43770
     -1.56896      0.47456      0.15885      0.31570
     -1.55896      0.50949      0.16058      0.34891
     -1.54896      0.73284      0.21580      0.51704
     -1.53896      0.81679      0.23372      0.58307
     -1.52896      0.89238      0.25447      0.63790
     -1.51896      1.00398      0.28348      0.72050
     -1.50896      0.91942      0.25742      0.66200
     -1.49896      0.74346      0.21138      0.53208
     -1.48896      0.67220      0.18156      0.49064
     -1.47896      0.60991      0.15391      0.45600
     -1.46896      0.43467      0.10730      0.32736
     -1.45896      0.26463      0.06513      0.19950
     -1.44896      0.22957      0.05624      0.17333
     -1.43896      0.35915      0.08710      0.27204
     -1.42896      0.56449      0.13625      0.42824
     -1.41896      0.57889      0.13942      0.43947
     -1.40896      0.47161      0.11368      0.35793
     -1.39896      0.45529      0.10998      0.34532
     -1.38896      0.55086      0.13276      0.41810
     -1.37896      0.50801      0.12207      0.38594
     -1.36896      0.38165      0.09124      0.29040
     -1.35896      0.44845      0.10648      0.34197
     -1.34896      0.53145      0.12564      0.40581
     -1.33896      0.39993      0.09415      0.30578
     -1.32896      0.34040      0.07995      0.26045
     -1.31896      0.37764      0.08830      0.28933
     -1.30896      0.38711      0.08973      0.29738
     -1.29896      0.38500      0.08884      0.29616
     -1.28896      0.36475      0.08428      0.28047
     -1.27896      0.53003      0.12278      0.40725
     -1.26896      0.81486      0.18916      0.62570
     -1.25896      0.85158      0.19763      0.65395
     -1.24896      0.70465      0.16285      0.54181
     -1.23896      0.64549      0.14827      0.49722
     -1.22896      0.55596      0.12723      0.42872
     -1.21896      0.46006      0.10453      0.35553
     -1.20896      0.55167      0.12384      0.42784
     -1.19896      0.62133      0.13871      0.48261
     -1.18896      0.55644      0.12404      0.43241
     -1.17896      0.47968      0.10658      0.37310
     -1.16896      0.43906      0.09693      0.34213
     -1.15896      0.39030      0.08603      0.30427
     -1.14896      0.46258      0.10215      0.36043
     -1.13896      0.70560      0.15545      0.55015
     -1.12896      0.76734      0.16823      0.59910
     -1.11896      0.67235      0.14627      0.52607
     -1.10896      0.60096      0.12968      0.47128
     -1.09896      0.51464      0.11066      0.40398
     -1.08896      0.45748      0.09759      0.35989
     -1.07896      0.57266      0.12110      0.45156
     -1.06896      0.52758      0.11104      0.41654
     -1.05896      0.39327      0.08243      0.31084
     -1.04896      0.41909      0.08721      0.33188
     -1.03896      0.52579      0.10858      0.41721
     -1.02896      0.74728      0.15530      0.59197
     -1.01896      1.06596      0.22390      0.84206
     -1.00896      1.09382      0.23000      0.86381
     -0.99896      0.96052      0.19996      0.76056
     -0.98896      0.91212      0.18721      0.72491
     -0.97896      0.87256      0.17704      0.69552
     -0.96896      0.82849      0.16664      0.66185
     -0.95896      0.79117      0.15786      0.63332
     -0.94896      0.79447      0.15690      0.63757
     -0.93896      0.85190      0.16651      0.68538
     -0.92896      0.91534      0.17718      0.73816
     -0.91896      1.06400      0.20422      0.85979
     -0.90896      1.27556      0.24471      1.03086
     -0.89896      1.19172      0.23109      0.96064
     -0.88896      0.84793      0.16633      0.68161
     -0.87896      0.69879      0.13592      0.56287
     -0.86896      0.77402      0.14791      0.62610
     -0.85896      0.78129      0.14760      0.63368
     -0.84896      0.52752      0.09862      0.42890
     -0.83896      0.31441      0.05785      0.25656
     -0.82896      0.27002      0.04917      0.22085
     -0.81896      0.31743      0.05763      0.25980
     -0.80896      0.48467      0.08827      0.39641
     -0.79896      0.97318      0.18002      0.79316
     -0.78896      1.78035      0.33419      1.44616
     -0.77896      1.83322      0.34560      1.48762
     -0.76896      0.91976      0.17202      0.74774
     -0.75896      0.33846      0.06130      0.27716
     -0.74896      0.20874      0.03668      0.17206
     -0.73896      0.25316      0.04416      0.20900
     -0.72896      0.28979      0.05053      0.23926
     -0.71896      0.30926      0.05381      0.25545
     -0.70896      0.35917      0.06259      0.29658
     -0.69896      0.44589      0.07812      0.36777
     -0.68896      0.66454      0.11719      0.54736
     -0.67896      0.83474      0.14735      0.68740
     -0.66896      0.67300      0.11763      0.55537
     -0.65896      0.36168      0.06201      0.29967
     -0.64896      0.25663      0.04320      0.21343
     -0.63896      0.29434      0.04917      0.24517
     -0.62896      0.36842      0.06130      0.30712
     -0.61896      0.45777      0.07598      0.38179
     -0.60896      0.53302      0.08842      0.44460
     -0.59896      0.62892      0.10445      0.52447
     -0.58896      0.78827      0.13163      0.65663
     -0.57896      0.92521      0.15502      0.77019
     -0.56896      0.80301      0.13337      0.66964
     -0.55896      0.42500      0.06926      0.35574
     -0.54896      0.17437      0.02771      0.14666
     -0.53896      0.21655      0.03385      0.18270
     -0.52896      0.31029      0.04827      0.26202
     -0.51896      0.33272      0.05132      0.28140
     -0.50896      0.43112      0.06627      0.36485
     -0.49896      0.42792      0.06601      0.36191
     -0.48896      0.42423      0.06568      0.35854
     -0.47896      0.48162      0.07422      0.40740
     -0.46896      0.40067      0.06091      0.33976
     -0.45896      0.30643      0.04562      0.26081
     -0.44896      0.31653      0.04642      0.27011
     -0.43896      0.38398      0.05591      0.32808
     -0.42896      0.41833      0.06058      0.35775
     -0.41896      0.42347      0.06119      0.36228
     -0.40896      0.43564      0.06302      0.37261
     -0.39896      0.60268      0.08663      0.51605
     -0.38896      0.73723      0.10504      0.63219
     -0.37896      0.46903      0.06640      0.40264
     -0.36896      0.16025      0.02233      0.13792
     -0.35896      0.17764      0.02389      0.15375
     -0.34896      0.31168      0.04171      0.26996
     -0.33896      0.34325      0.04553      0.29772
     -0.32896      0.38257      0.05032      0.33226
     -0.31896      0.40388      0.05316      0.35071
     -0.30896      0.34893      0.04579      0.30314
     -0.29896      0.30538      0.03943      0.26595
     -0.28896      0.26681      0.03376      0.23304
     -0.27896      0.26763      0.03338      0.23425
     -0.26896      0.33600      0.04142      0.29459
     -0.25896      0.43769      0.05344      0.38425
     -0.24896      0.52699      0.06386      0.46313
     -0.23896      0.51795      0.06255      0.45541
     -0.22896      0.34074      0.04088      0.29985
     -0.21896      0.26519      0.03085      0.23433
     -0.20896      0.28756      0.03291      0.25465
     -0.19896      0.19385      0.02198      0.17187
     -0.18896      0.22048      0.02443      0.19605
     -0.17896      0.36447      0.04003      0.32444
     -0.16896      0.39010      0.04233      0.34777
     -0.15896      0.34194      0.03653      0.30541
     -0.14896      0.25757      0.02714      0.23043
     -0.13896      0.26388      0.02722      0.23666
     -0.12896      0.37767      0.03840      0.33927
     -0.11896      0.41660      0.04192      0.37468
     -0.10896      0.32631      0.03233      0.29398
     -0.09896      0.25486      0.02463      0.23023
     -0.08896      0.25446      0.02405      0.23040
     -0.07896      0.27734      0.02579      0.25155
     -0.06896      0.27342      0.02501      0.24841
     -0.05896      0.26684      0.02381      0.24303
     -0.04896      0.33999      0.02966      0.31033
     -0.03896      0.35604      0.03068      0.32536
     -0.02896      0.25696      0.02172      0.23525
     -0.01896      0.23438      0.01917      0.21520
     -0.00896      0.23647      0.01903      0.21744
      0.00104      0.13925      0.01113      0.12813
      0.01104      0.03742      0.00298      0.03445
      0.02104      0.00406      0.00032      0.00374
      0.03104      0.00017      0.00001      0.00015
      0.04104      0.00000      0.00000      0.00000
      0.05104      0.00000      0.00000      0.00000
      0.06104      0.00000      0.00000      0.00000
      0.07104      0.00000      0.00000      0.00000
      0.08104      0.00000      0.00000      0.00000
      0.09104      0.00000      0.00000      0.00000
      0.10104      0.00000      0.00000      0.00000
      0.11104      0.00000      0.00000      0.00000
      0.12104      0.00000      0.00000      0.00000
      0.13104      0.00000      0.00000      0.00000
      0.14104      0.00000      0.00000      0.00000
      0.15104      0.00000      0.00000      0.00000
      0.16104      0.00000      0.00000      0.00000
      0.17104      0.00000      0.00000      0.00000
      0.18104      0.00000      0.00000      0.00000
      0.19104      0.00000      0.00000      0.00000
      0.20104      0.00000      0.00000      0.00000
      0.21104      0.00000      0.00000      0.00000
      0.22104      0.00000      0.00000      0.00000
      0.23104      0.00000      0.00000      0.00000
      0.24104      0.00000      0.00000      0.00000
      0.25104      0.00000      0.00000      0.00000
      0.26104      0.00000      0.00000      0.00000
      0.27104      0.00000      0.00000      0.00000
      0.28104      0.00000      0.00000      0.00000
      0.29104      0.00000      0.00000      0.00000
      0.30104      0.00000      0.00000      0.00000
      0.31104      0.00000      0.00000      0.00000
      0.32104      0.00000      0.00000      0.00000
      0.33104      0.00000      0.00000      0.00000
      0.34104      0.00000      0.00000      0.00000
      0.35104      0.00000      0.00000      0.00000
      0.36104      0.00000      0.00000      0.00000
      0.37104      0.00000      0.00000      0.00000
      0.38104      0.00000      0.00000      0.00000
      0.39104      0.00000      0.00000      0.00000
      0.40104      0.00000      0.00000      0.00000
      0.41104      0.00000      0.00000      0.00000
      0.42104      0.00000      0.00000      0.00000
      0.43104      0.00000      0.00000      0.00000
      0.44104      0.00000      0.00000      0.00000
      0.45104      0.00000      0.00000      0.00000
      0.46104      0.00000      0.00000      0.00000
      0.47104      0.00000      0.00000      0.00000
      0.48104      0.00000      0.00000      0.00000
      0.49104      0.00000      0.00000      0.00000
      0.50104      0.00000      0.00000      0.00000
      0.51104      0.00000      0.00000      0.00000
      0.52104      0.00000      0.00000      0.00000
      0.53104      0.00000      0.00000      0.00000
      0.54104      0.00000      0.00000      0.00000
      0.55104      0.00000      0.00000      0.00000
      0.56104      0.00000      0.00000      0.00000
      0.57104      0.00000      0.00000      0.00000
      0.58104      0.00000      0.00000      0.00000
      0.59104      0.00000      0.00000      0.00000
      0.60104      0.00000      0.00000      0.00000
      0.61104      0.00000      0.00000      0.00000
      0.62104      0.00000      0.00000      0.00000
      0.63104      0.00000      0.00000      0.00000
      0.64104      0.00000      0.00000      0.00000
      0.65104      0.00000      0.00000      0.00000
      0.66104      0.00000      0.00000      0.00000
      0.67104      0.00000      0.00000      0.00000
      0.68104      0.00000      0.00000      0.00000
      0.69104      0.00000      0.00000      0.00000
      0.70104      0.00000      0.00000      0.00000
      0.71104      0.00000      0.00000      0.00000
      0.72104      0.00000      0.00000      0.00000
      0.73104      0.00000      0.00000      0.00000
      0.74104      0.00000      0.00000      0.00000
      0.75104      0.00000      0.00000      0.00000
      0.76104      0.00000      0.00000      0.00000
      0.77104      0.00000      0.00000      0.00000
      0.78104      0.00000      0.00000      0.00000
      0.79104      0.00000      0.00000      0.00000
      0.80104      0.00000      0.00000      0.00000
      0.81104      0.00000      0.00000      0.00000
      0.82104      0.00000      0.00000      0.00000
      0.83104      0.00000      0.00000      0.00000
      0.84104      0.00000      0.00000      0.00000
      0.85104      0.00000      0.00000      0.00000
      0.86104      0.00000      0.00000      0.00000
      0.87104      0.00000      0.00000      0.00000
      0.88104      0.00000      0.00000      0.00000
      0.89104      0.00000      0.00000      0.00000
      0.90104      0.00000      0.00000      0.00000
      0.91104      0.00000      0.00000      0.00000
      0.92104      0.00000      0.00000      0.00000
      0.93104      0.00000      0.00000      0.00000
      0.94104      0.00000      0.00000      0.00000
      0.95104      0.00000      0.00000      0.00000
      0.96104      0.00000      0.00000      0.00000
      0.97104      0.00000      0.00000      0.00000
      0.98104      0.00000      0.00000      0.00000
      0.99104      0.00000      0.00000      0.00000
      1.00104      0.00000      0.00000      0.00000
      1.01104      0.00000      0.00000      0.00000
      1.02104      0.00000      0.00000      0.00000
      1.03104      0.00000      0.00000      0.00000
      1.04104      0.00000      0.00000      0.00000
      1.05104      0.00000      0.00000      0.00000
      1.06104      0.00000      0.00000      0.00000
      1.07104      0.00000      0.00000      0.00000
      1.08104      0.00000      0.00000      0.00000
      1.09104      0.00000      0.00000      0.00000
      1.10104      0.00000      0.00000      0.00000
      1.11104      0.00000      0.00000      0.00000
      1.12104      0.00000      0.00000      0.00000
      1.13104      0.00000      0.00000      0.00000
      1.14104      0.00000      0.00000      0.00000
      1.15104      0.00000      0.00000      0.00000
      1.16104      0.00000      0.00000      0.00000
      1.17104      0.00000      0.00000      0.00000
      1.18104      0.00000      0.00000      0.00000
      1.19104      0.00000      0.00000      0.00000
      1.20104      0.00000      0.00000      0.00000
      1.21104      0.00000      0.00000      0.00000
      1.22104      0.00000      0.00000      0.00000
      1.23104      0.00000      0.00000      0.00000
      1.24104      0.00000      0.00000      0.00000
      1.25104      0.00000      0.00000      0.00000
      1.26104      0.00000      0.00000      0.00000
      1.27104      0.00000      0.00000      0.00000
      1.28104      0.00000      0.00000      0.00000
      1.29104      0.00000      0.00000      0.00000
      1.30104      0.00000      0.00000      0.00000
      1.31104      0.00000      0.00000      0.00000
      1.32104      0.00000      0.00000      0.00000
      1.33104      0.00000      0.00000      0.00000
      1.34104      0.00000      0.00000      0.00000
      1.35104      0.00000      0.00000      0.00000
      1.36104      0.00000      0.00000      0.00000
      1.37104      0.00000      0.00000      0.00000
      1.38104      0.00000      0.00000      0.00000
      1.39104      0.00000      0.00000      0.00000
      1.40104      0.00000      0.00000      0.00000
      1.41104      0.00000      0.00000      0.00000
      1.42104      0.00000      0.00000      0.00000
      1.43104      0.00000      0.00000      0.00000
      1.44104      0.00000      0.00000      0.00000
      1.45104      0.00000      0.00000      0.00000
      1.46104      0.00000      0.00000      0.00000
      1.47104      0.00000      0.00000      0.00000
      1.48104      0.00000      0.00000      0.00000
      1.49104      0.00000      0.00000      0.00000
      1.50104      0.00000      0.00000      0.00000
      1.51104      0.00000      0.00000      0.00000
      1.52104      0.00000      0.00000      0.00000
      1.53104      0.00000      0.00000      0.00000
      1.54104      0.00000      0.00000      0.00000
      1.55104      0.00000      0.00000      0.00000
      1.56104      0.00000      0.00000      0.00000
      1.57104      0.00000      0.00000      0.00000
      1.58104      0.00000      0.00000      0.00000
      1.59104      0.00000      0.00000      0.00000
      1.60104      0.00000      0.00000      0.00000
      1.61104      0.00000      0.00000      0.00000
      1.62104      0.00000      0.00000      0.00000
      1.63104      0.00000      0.00000      0.00000
      1.64104      0.00000      0.00000      0.00000
      1.65104      0.00000      0.00000      0.00000
      1.66104      0.00000      0.00000      0.00000
      1.67104      0.00000      0.00000      0.00000
      1.68104      0.00000      0.00000      0.00000
      1.69104      0.00000      0.00000      0.00000
      1.70104      0.00000      0.00000      0.00000
      1.71104      0.00000      0.00000      0.00000
      1.72104      0.00000      0.00000      0.00000
      1.73104      0.00000      0.00000      0.00000
      1.74104      0.00000      0.00000      0.00000
      1.75104      0.00000      0.00000      0.00000
      1.76104      0.00000      0.00000      0.00000
      1.77104      0.00000      0.00000      0.00000
      1.78104      0.00000      0.00000      0.00000
      1.79104      0.00000      0.00000      0.00000
      1.80104      0.00000      0.00000      0.00000
      1.81104      0.00000      0.00000      0.00000
      1.82104      0.00000      0.00000      0.00000
      1.83104      0.00000      0.00000      0.00000
      1.84104      0.00000      0.00000      0.00000
      1.85104      0.00000      0.00000      0.00000
      1.86104      0.00000      0.00000      0.00000
      1.87104      0.00000      0.00000      0.00000
      1.88104      0.00000      0.00000      0.00000
      1.89104      0.00000      0.00000      0.00000
      1.90104      0.00000      0.00000      0.00000
      1.91104      0.00000      0.00000      0.00000
      1.92104      0.00000      0.00000      0.00000
      1.93104      0.00000      0.00000      0.00000
      1.94104      0.00000      0.00000      0.00000
      1.95104      0.00000      0.00000      0.00000
      1.96104      0.00000      0.00000      0.00000
      1.97104      0.00000      0.00000      0.00000
      1.98104      0.00000      0.00000      0.00000
      1.99104      0.00000      0.00000      0.00000
      2.00104      0.00000      0.00000      0.00000
      2.01104      0.00000      0.00000      0.00000
      2.02104      0.00000      0.00000      0.00000
      2.03104      0.00000      0.00000      0.00000
      2.04104      0.00000      0.00000      0.00000
      2.05104      0.00000      0.00000      0.00000
      2.06104      0.00000      0.00000      0.00000
      2.07104      0.00000      0.00000      0.00000
      2.08104      0.00000      0.00000      0.00000
      2.09104      0.00000      0.00000      0.00000
      2.10104      0.00000      0.00000      0.00000
      2.11104      0.00000      0.00000      0.00000
      2.12104      0.00000      0.00000      0.00000
      2.13104      0.00000      0.00000      0.00000
      2.14104      0.00000      0.00000      0.00000
      2.15104      0.00000      0.00000      0.00000
      2.16104      0.00000      0.00000      0.00000
      2.17104      0.00000      0.00000      0.00000
      2.18104      0.00000      0.00000      0.00000
      2.19104      0.00000      0.00000      0.00000
      2.20104      0.00000      0.00000      0.00000
      2.21104      0.00000      0.00000      0.00000
      2.22104      0.00000      0.00000      0.00000
      2.23104      0.00000      0.00000      0.00000
      2.24104      0.00000      0.00000      0.00000
      2.25104      0.00000      0.00000      0.00000
      2.26104      0.00000      0.00000      0.00000
      2.27104      0.00000      0.00000      0.00000
      2.28104      0.00000      0.00000      0.00000
      2.29104      0.00000      0.00000      0.00000
      2.30104      0.00000      0.00000      0.00000
      2.31104      0.00000      0.00000      0.00000
      2.32104      0.00000      0.00000      0.00000
      2.33104      0.00000      0.00000      0.00000
      2.34104      0.00000      0.00000      0.00000
      2.35104      0.00000      0.00000      0.00000
      2.36104      0.00000      0.00000      0.00000
      2.37104      0.00000      0.00000      0.00000
      2.38104      0.00000      0.00000      0.00000
      2.39104      0.00000      0.00000      0.00000
      2.40104      0.00000      0.00000      0.00000
      2.41104      0.00000      0.00000      0.00000
      2.42104      0.00000      0.00000      0.00000
      2.43104      0.00000      0.00000      0.00000
      2.44104      0.00000      0.00000      0.00000
      2.45104      0.00000      0.00000      0.00000
      2.46104      0.00000      0.00000      0.00000
      2.47104      0.00000      0.00000      0.00000
      2.48104      0.00000      0.00000      0.00000
      2.49104      0.00000      0.00000      0.00000
      2.50104      0.00000      0.00000      0.00000
      2.51104      0.00000      0.00000      0.00000
      2.52104      0.00000      0.00000      0.00000
      2.53104      0.00000      0.00000      0.00000
      2.54104      0.00000      0.00000      0.00000
      2.55104      0.00000      0.00000      0.00000
      2.56104      0.00000      0.00000      0.00000
      2.57104      0.00000      0.00000      0.00000
      2.58104      0.00000      0.00000      0.00000
      2.59104      0.00000      0.00000      0.00000
      2.60104      0.00000      0.00000      0.00000
      2.61104      0.00000      0.00000      0.00000
      2.62104      0.00000      0.00000      0.00000
      2.63104      0.00000      0.00000      0.00000
      2.64104      0.00000      0.00000      0.00000
      2.65104      0.00000      0.00000      0.00000
      2.66104      0.00000      0.00000      0.00000
      2.67104      0.00000      0.00000      0.00000
      2.68104      0.00000      0.00000      0.00000
      2.69104      0.00000      0.00000      0.00000
      2.70104      0.00000      0.00000      0.00000
      2.71104      0.00000      0.00000      0.00000
      2.72104      0.00000      0.00000      0.00000
      2.73104      0.00000      0.00000      0.00000
      2.74104      0.00000      0.00000      0.00000
      2.75104      0.00000      0.00000      0.00000
      2.76104      0.00000      0.00000      0.00000
      2.77104      0.00000      0.00000      0.00000
      2.78104      0.00000      0.00000      0.00000
      2.79104      0.00000      0.00000      0.00000
      2.80104      0.00000      0.00000      0.00000
      2.81104      0.00000      0.00000      0.00000
      2.82104      0.00000      0.00000      0.00000
      2.83104      0.00000      0.00000      0.00000
      2.84104      0.00000      0.00000      0.00000
      2.85104      0.00000      0.00000      0.00000
      2.86104      0.00000      0.00000      0.00000
      2.87104      0.00000      0.00000      0.00000
      2.88104      0.00000      0.00000      0.00000
      2.89104      0.00000      0.00000      0.00000
      2.90104      0.00000      0.00000      0.00000
      2.91104      0.00000      0.00000      0.00000
      2.92104      0.00000      0.00000      0.00000
      2.93104      0.00000      0.00000      0.00000
      2.94104      0.00000      0.00000      0.00000
      2.95104      0.00000      0.00000      0.00000
      2.96104      0.00000      0.00000      0.00000
      2.97104      0.00000      0.00000      0.00000
      2.98104      0.00000      0.00000      0.00000
      2.99104      0.00000      0.00000      0.00000
      3.00104      0.00000      0.00000      0.00000
      3.01104      0.00000      0.00000      0.00000
      3.02104      0.00000      0.00000      0.00000
      3.03104      0.00000      0.00000      0.00000
      3.04104      0.00000      0.00000      0.00000
      3.05104      0.00000      0.00000      0.00000
      3.06104      0.00000      0.00000      0.00000
      3.07104      0.00000      0.00000      0.00000
      3.08104      0.00000      0.00000      0.00000
      3.09104      0.00000      0.00000      0.00000
      3.10104      0.00000      0.00000      0.00000
      3.11104      0.00000      0.00000      0.00000
      3.12104      0.00000      0.00000      0.00000
      3.13104      0.00000      0.00000      0.00000
      3.14104      0.00000      0.00000      0.00000
      3.15104      0.00000      0.00000      0.00000
      3.16104      0.00000      0.00000      0.00000
      3.17104      0.00000      0.00000      0.00000
      3.18104      0.00000      0.00000      0.00000
      3.19104      0.00000      0.00000      0.00000
      3.20104      0.00000      0.00000      0.00000
      3.21104      0.00000      0.00000      0.00000
      3.22104      0.00000      0.00000      0.00000
      3.23104      0.00000      0.00000      0.00000
      3.24104      0.00000      0.00000      0.00000
      3.25104      0.00000      0.00000      0.00000
      3.26104      0.00000      0.00000      0.00000
      3.27104      0.00000      0.00000      0.00000
      3.28104      0.00000      0.00000      0.00000
      3.29104      0.00000      0.00000      0.00000
      3.30104      0.00000      0.00000      0.00000
      3.31104      0.00000      0.00000      0.00000
      3.32104      0.00000      0.00000      0.00000
      3.33104      0.00000      0.00000      0.00000
      3.34104      0.00000      0.00000      0.00000
      3.35104      0.00000      0.00000      0.00000
      3.36104      0.00000      0.00000      0.00000
      3.37104      0.00000      0.00000      0.00000
      3.38104      0.00000      0.00000      0.00000
      3.39104      0.00000      0.00000      0.00000
      3.40104      0.00000      0.00000      0.00000
      3.41104      0.00000      0.00000      0.00000
      3.42104      0.00000      0.00000      0.00000
      3.43104      0.00000      0.00000      0.00000
      3.44104      0.00000      0.00000      0.00000
      3.45104      0.00000      0.00000      0.00000
      3.46104      0.00000      0.00000      0.00000
      3.47104      0.00000      0.00000      0.00000
      3.48104      0.00000      0.00000      0.00000
      3.49104      0.00000      0.00000      0.00000
      3.50104      0.00000      0.00000      0.00000
      3.51104      0.00000      0.00000      0.00000
      3.52104      0.00000      0.00000      0.00000
      3.53104      0.00000      0.00000      0.00000
      3.54104      0.00000      0.00000      0.00000
      3.55104      0.00000      0.00000      0.00000
      3.56104      0.00000      0.00000      0.00000
      3.57104      0.00000      0.00000      0.00000
      3.58104      0.00000      0.00000      0.00000
      3.59104      0.00000      0.00000      0.00000
      3.60104      0.00000      0.00000      0.00000
      3.61104      0.00000      0.00000      0.00000
      3.62104      0.00000      0.00000      0.00000
      3.63104      0.00000      0.00000      0.00000
      3.64104      0.00000      0.00000      0.00000
      3.65104      0.00000      0.00000      0.00000
      3.66104      0.00000      0.00000      0.00000
      3.67104      0.00000      0.00000      0.00000
      3.68104      0.00000      0.00000      0.00000
      3.69104      0.00000      0.00000      0.00000
      3.70104      0.00000      0.00000      0.00000
      3.71104      0.00000      0.00000      0.00000
      3.72104      0.00000      0.00000      0.00000
      3.73104      0.00000      0.00000      0.00000
      3.74104      0.00000      0.00000      0.00000
      3.75104      0.00000      0.00000      0.00000
      3.76104      0.00000      0.00000      0.00000
      3.77104      0.00000      0.00000      0.00000
      3.78104      0.00000      0.00000      0.00000
      3.79104      0.00000      0.00000      0.00000
      3.80104      0.00000      0.00000      0.00000
      3.81104      0.00000      0.00000      0.00000
      3.82104      0.00000      0.00000      0.00000
      3.83104      0.00000      0.00000      0.00000
      3.84104      0.00000      0.00000      0.00000
      3.85104      0.00000      0.00000      0.00000
      3.86104      0.00000      0.00000      0.00000
      3.87104      0.00000      0.00000      0.00000
      3.88104      0.00000      0.00000      0.00000
      3.89104      0.00000      0.00000      0.00000
      3.90104      0.00000      0.00000      0.00000
      3.91104      0.00000      0.00000      0.00000
      3.92104      0.00000      0.00000      0.00000
      3.93104      0.00000      0.00000      0.00000
      3.94104      0.00000      0.00000      0.00000
      3.95104      0.00000      0.00000      0.00000
      3.96104      0.00000      0.00000      0.00000
      3.97104      0.00000      0.00000      0.00000
      3.98104      0.00000      0.00000      0.00000
      3.99104      0.00000      0.00000      0.00000
      4.00104      0.00000      0.00000      0.00000
      4.01104      0.00000      0.00000      0.00000
      4.02104      0.00000      0.00000      0.00000
      4.03104      0.00000      0.00000      0.00000
      4.04104      0.00000      0.00000      0.00000
      4.05104      0.00000      0.00000      0.00000
      4.06104      0.00000      0.00000      0.00000
      4.07104      0.00000      0.00000      0.00000
      4.08104      0.00000      0.00000      0.00000
      4.09104      0.00000      0.00000      0.00000
      4.10104      0.00000      0.00000      0.00000
      4.11104      0.00000      0.00000      0.00000
      4.12104      0.00000      0.00000      0.00000
      4.13104      0.00000      0.00000      0.00000
      4.14104      0.00000      0.00000      0.00000
      4.15104      0.00000      0.00000      0.00000
      4.16104      0.00000      0.00000      0.00000
      4.17104      0.00000      0.00000      0.00000
      4.18104      0.00000      0.00000      0.00000
      4.19104      0.00000      0.00000      0.00000
      4.20104      0.00000      0.00000      0.00000
      4.21104      0.00000      0.00000      0.00000
      4.22104      0.00000      0.00000      0.00000
      4.23104      0.00000      0.00000      0.00000
      4.24104      0.00000      0.00000      0.00000
      4.25104      0.00000      0.00000      0.00000
      4.26104      0.00000      0.00000      0.00000
      4.27104      0.00000      0.00000      0.00000
      4.28104      0.00000      0.00000      0.00000
      4.29104      0.00000      0.00000      0.00000
      4.30104      0.00000      0.00000      0.00000
      4.31104      0.00000      0.00000      0.00000
      4.32104      0.00000      0.00000      0.00000
      4.33104      0.00000      0.00000      0.00000
      4.34104      0.00000      0.00000      0.00000
      4.35104      0.00000      0.00000      0.00000
      4.36104      0.00000      0.00000      0.00000
      4.37104      0.00000      0.00000      0.00000
      4.38104      0.00000      0.00000      0.00000
      4.39104      0.00000      0.00000      0.00000
      4.40104      0.00000      0.00000      0.00000
      4.41104      0.00000      0.00000      0.00000
      4.42104      0.00000      0.00000      0.00000
      4.43104      0.00000      0.00000      0.00000
      4.44104      0.00000      0.00000      0.00000
      4.45104      0.00000      0.00000      0.00000
      4.46104      0.00000      0.00000      0.00000
      4.47104      0.00000      0.00000      0.00000
      4.48104      0.00000      0.00000      0.00000
      4.49104      0.00000      0.00000      0.00000
      4.50104      0.00000      0.00000      0.00000
      4.51104      0.00000      0.00000      0.00000
      4.52104      0.00000      0.00000      0.00000
      4.53104      0.00000      0.00000      0.00000
      4.54104      0.00000      0.00000      0.00000
      4.55104      0.00000      0.00000      0.00000
      4.56104      0.00000      0.00000      0.00000
      4.57104      0.00000      0.00000      0.00000
      4.58104      0.00000      0.00000      0.00000
      4.59104      0.00000      0.00000      0.00000
      4.60104      0.00000      0.00000      0.00000
      4.61104      0.00000      0.00000      0.00000
      4.62104      0.00000      0.00000      0.00000
      4.63104      0.00001      0.00001      0.00000
      4.64104      0.00041      0.00037      0.00004
      4.65104      0.00801      0.00714      0.00087
      4.66104      0.06052      0.05392      0.00659
      4.67104      0.19027      0.16945      0.02081
      4.68104      0.29242      0.26009      0.03233
      4.69104      0.32787      0.29078      0.03709
      4.70104      0.40104      0.35460      0.04645
      4.71104      0.43774      0.38615      0.05159
      4.72104      0.39687      0.34894      0.04793
      4.73104      0.40063      0.35097      0.04966
      4.74104      0.39198      0.34249      0.04950
      4.75104      0.30630      0.26676      0.03953
      4.76104      0.32313      0.28002      0.04311
      4.77104      0.59858      0.51771      0.08086
      4.78104      0.72839      0.62898      0.09941
      4.79104      0.54986      0.47265      0.07721
      4.80104      0.39755      0.33922      0.05833
      4.81104      0.43372      0.36870      0.06502
      4.82104      0.60662      0.51528      0.09134
      4.83104      0.56152      0.47522      0.08630
      4.84104      0.37129      0.30936      0.06192
      4.85104      0.60385      0.48788      0.11597
      4.86104      1.46175      1.17020      0.29155
      4.87104      2.25886      1.80229      0.45658
      4.88104      2.56871      2.03890      0.52981
      4.89104      2.35761      1.85231      0.50530
      4.90104      1.87342      1.46071      0.41271
      4.91104      1.51161      1.17885      0.33276
      4.92104      1.23087      0.96317      0.26770
      4.93104      1.07433      0.84387      0.23046
      4.94104      1.23383      0.96789      0.26594
      4.95104      1.44641      1.12834      0.31807
      4.96104      1.30117      1.01129      0.28988
      4.97104      0.85970      0.66924      0.19045
      4.98104      0.69831      0.54487      0.15344
      4.99104      0.89185      0.69555      0.19630
      5.00104      0.87135      0.68269      0.18866
      5.01104      0.76174      0.60122      0.16051
      5.02104      1.04739      0.81923      0.22816
      5.03104      1.44636      1.11766      0.32869
      5.04104      1.27526      0.98193      0.29334
      5.05104      0.65331      0.50498      0.14833
      5.06104      0.26336      0.20392      0.05944
      5.07104      0.42308      0.32401      0.09907
      5.08104      0.77858      0.59540      0.18318
      5.09104      0.68541      0.52492      0.16049
      5.10104      0.51051      0.39731      0.11320
      5.11104      0.58810      0.46108      0.12703
      5.12104      0.78010      0.59708      0.18301
      5.13104      1.13528      0.85190      0.28338
      5.14104      1.01990      0.76338      0.25653
      5.15104      0.48334      0.36514      0.11819
      5.16104      0.32040      0.24842      0.07198
      5.17104      0.42676      0.33146      0.09530
      5.18104      0.57849      0.44409      0.13441
      5.19104      0.76084      0.57570      0.18513
      5.20104      0.79210      0.60154      0.19057
      5.21104      0.63256      0.48858      0.14398
      5.22104      0.40968      0.31850      0.09118
      5.23104      0.34025      0.26004      0.08021
      5.24104      0.62263      0.46648      0.15616
      5.25104      1.08315      0.80076      0.28238
      5.26104      1.00289      0.73661      0.26628
      5.27104      0.41570      0.30541      0.11029
      5.28104      0.19139      0.14533      0.04606
      5.29104      0.31460      0.24168      0.07292
      5.30104      0.38474      0.29300      0.09175
      5.31104      0.45627      0.34263      0.11364
      5.32104      0.68324      0.50697      0.17627
      5.33104      0.70876      0.52483      0.18393
      5.34104      0.37877      0.28198      0.09679
      5.35104      0.22364      0.16797      0.05566
      5.36104      0.31243      0.23498      0.07745
      5.37104      0.35888      0.26756      0.09132
      5.38104      0.55828      0.40916      0.14911
      5.39104      0.94999      0.68970      0.26029
      5.40104      0.96193      0.69854      0.26339
      5.41104      0.70299      0.51984      0.18315
      5.42104      0.58509      0.44091      0.14418
      5.43104      0.40896      0.31040      0.09856
      5.44104      0.20422      0.15421      0.05001
      5.45104      0.20882      0.15295      0.05587
      5.46104      0.40209      0.29128      0.11081
      5.47104      0.53349      0.38396      0.14953
      5.48104      0.44647      0.32235      0.12412
      5.49104      0.33954      0.24926      0.09028
      5.50104      0.29130      0.21483      0.07646
      5.51104      0.29652      0.21787      0.07865
      5.52104      0.36742      0.26886      0.09855
      5.53104      0.49497      0.35989      0.13508
      5.54104      0.76522      0.54981      0.21541
      5.55104      0.94426      0.67391      0.27034
      5.56104      0.61529      0.43928      0.17601
      5.57104      0.20989      0.15068      0.05921
      5.58104      0.17827      0.12943      0.04884
      5.59104      0.28724      0.20959      0.07765
      5.60104      0.30022      0.21933      0.08089
      5.61104      0.31378      0.22759      0.08618
      5.62104      0.42208      0.30310      0.11898
      5.63104      0.52101      0.37095      0.15006
      5.64104      0.51514      0.36711      0.14802
      5.65104      0.43254      0.31239      0.12015
      5.66104      0.37322      0.27237      0.10085
      5.67104      0.41037      0.29904      0.11133
      5.68104      0.36524      0.26416      0.10108
      5.69104      0.38267      0.27362      0.10905
      5.70104      0.59619      0.42299      0.17320
      5.71104      0.76817      0.53921      0.22896
      5.72104      0.67392      0.46851      0.20541
      5.73104      0.31508      0.21805      0.09703
      5.74104      0.09078      0.06344      0.02733
      5.75104      0.15818      0.11333      0.04485
      5.76104      0.35058      0.25104      0.09954
      5.77104      0.34634      0.24721      0.09912
      5.78104      0.20181      0.14323      0.05858
      5.79104      0.31822      0.22464      0.09358
      5.80104      0.62953      0.44331      0.18622
      5.81104      0.61215      0.42971      0.18244
      5.82104      0.28528      0.19966      0.08562
      5.83104      0.15818      0.11094      0.04724
      5.84104      0.24062      0.16964      0.07097
      5.85104      0.28216      0.19910      0.08306
      5.86104      0.26378      0.18476      0.07901
      5.87104      0.30216      0.21015      0.09200
      5.88104      0.48998      0.33969      0.15029
      5.89104      0.69650      0.48022      0.21628
      5.90104      0.74658      0.51505      0.23153
      5.91104      0.62489      0.43580      0.18909
      5.92104      0.44471      0.31369      0.13102
      5.93104      0.33276      0.23625      0.09650
      5.94104      0.23476      0.16659      0.06817
      5.95104      0.17694      0.12356      0.05338
      5.96104      0.24462      0.16893      0.07568
      5.97104      0.29094      0.20051      0.09042
      5.98104      0.30915      0.21138      0.09777
      5.99104      0.35966      0.24558      0.11407
      6.00104      0.37559      0.25871      0.11688
      6.01104      0.30400      0.21053      0.09346
      6.02104      0.23412      0.16207      0.07205
      6.03104      0.26516      0.18293      0.08223
      6.04104      0.27362      0.18821      0.08542
      6.05104      0.32275      0.22199      0.10076
      6.06104      0.44453      0.30485      0.13968
      6.07104      0.61274      0.41774      0.19500
      6.08104      0.69644      0.47283      0.22361
      6.09104      0.42739      0.28920      0.13819
      6.10104      0.17330      0.11739      0.05591
      6.11104      0.19834      0.13560      0.06276
      6.12104      0.27293      0.18862      0.08501
      6.13104      0.28776      0.21971      0.08050
      6.14104      0.43946      0.45551      0.07127
      6.15104      0.89565      1.06544      0.08470
      6.16104      1.21821      1.45714      0.10856
      6.17104      1.14584      1.31628      0.12217
      6.18104      1.09651      1.17890      0.14939
      6.19104      0.92895      0.99095      0.12678
      6.20104      0.72635      0.77423      0.09702
      6.21104      0.77464      0.78925      0.11917
      6.22104      0.80231      0.84238      0.11046
      6.23104      0.69673      0.74024      0.09149
      6.24104      0.75785      0.73469      0.13417
      6.25104      0.84094      0.78700      0.16284
      6.26104      0.78615      0.72154      0.16019
      6.27104      0.67337      0.58322      0.15569
      6.28104      0.54408      0.51730      0.10117
      6.29104      0.53815      0.62877      0.03779
      6.30104      0.56345      0.64406      0.04619
      6.31104      0.58397      0.56314      0.10176
      6.32104      0.55801      0.50654      0.11355
      6.33104      0.43210      0.44050      0.06239
      6.34104      0.40604      0.43787      0.04573
      6.35104      0.62947      0.58028      0.12326
      6.36104      0.81830      0.68586      0.19693
      6.37104      0.64554      0.55028      0.15073
      6.38104      0.38893      0.37483      0.06750
      6.39104      0.41279      0.43585      0.05041
      6.40104      0.54632      0.55318      0.07904
      6.41104      0.54740      0.54557      0.08381
      6.42104      0.52503      0.53817      0.07269
      6.43104      0.48685      0.48494      0.07538
      6.44104      0.52191      0.46937      0.10828
      6.45104      0.60960      0.49721      0.15459
      6.46104      0.75406      0.60394      0.19765
      6.47104      0.94530      0.79205      0.22788
      6.48104      0.80779      0.69574      0.18337
      6.49104      0.48211      0.39400      0.12060
      6.50104      0.36186      0.28950      0.09380
      6.51104      0.33530      0.31498      0.06142
      6.52104      0.34707      0.35376      0.04861
      6.53104      0.50588      0.49608      0.08146
      6.54104      0.58484      0.58133      0.08919
      6.55104      0.52764      0.53398      0.07520
      6.56104      0.54863      0.52281      0.09693
      6.57104      0.55953      0.49461      0.12035
      6.58104      0.43299      0.35764      0.10707
      6.59104      0.34803      0.30363      0.07699
      6.60104      0.39985      0.36654      0.07868
      6.61104      0.43629      0.40209      0.08503
      6.62104      0.49717      0.47393      0.08787
      6.63104      0.65000      0.61463      0.11706
      6.64104      0.68633      0.59878      0.15221
      6.65104      0.66142      0.48678      0.19843
      6.66104      0.58735      0.42616      0.17999
      6.67104      0.44141      0.40764      0.08567
      6.68104      0.39305      0.41409      0.04730
      6.69104      0.36426      0.32295      0.07833
      6.70104      0.30720      0.22054      0.09525
      6.71104      0.26684      0.19191      0.08239
      6.72104      0.34605      0.31291      0.07026
      6.73104      0.59575      0.59620      0.08843
      6.74104      0.72940      0.72254      0.11294
      6.75104      0.68031      0.65414      0.11707
      6.76104      0.68562      0.61828      0.14133
      6.77104      0.50490      0.42302      0.12219
      6.78104      0.38134      0.30736      0.09919
      6.79104      0.54355      0.46295      0.12758
      6.80104      0.53039      0.46027      0.11994
      6.81104      0.35389      0.28012      0.09562
      6.82104      0.45650      0.33269      0.13976
      6.83104      0.64338      0.51589      0.17007
      6.84104      0.65568      0.55474      0.15687
      6.85104      0.55428      0.47245      0.13078
      6.86104      0.44887      0.44483      0.07040
      6.87104      0.33310      0.37964      0.02437
      6.88104      0.32544      0.33718      0.04332
      6.89104      0.44566      0.38161      0.10474
      6.90104      0.41757      0.31053      0.12480
      6.91104      0.24663      0.18358      0.07358
      6.92104      0.24315      0.22354      0.04818
      6.93104      0.52495      0.44507      0.12578
      6.94104      0.77371      0.62049      0.20614
      6.95104      0.64141      0.55929      0.14488
      6.96104      0.40896      0.42431      0.05231
      6.97104      0.36809      0.38160      0.04678
      6.98104      0.40221      0.36033      0.08430
      6.99104      0.41712      0.36676      0.09180
      7.00104      0.40940      0.37804      0.08050
      7.01104      0.45066      0.42286      0.08602
      7.02104      0.63589      0.58296      0.12908
      7.03104      0.79448      0.70350      0.17498
      7.04104      0.68224      0.55131      0.18036
      7.05104      0.55237      0.38790      0.17917
      7.06104      0.50099      0.36383      0.15549
      7.07104      0.48894      0.41211      0.11928
      7.08104      0.48231      0.44079      0.09813
      7.09104      0.41357      0.40530      0.06809
      7.10104      0.35828      0.32770      0.07216
      7.11104      0.36756      0.29048      0.10081
      7.12104      0.40474      0.34830      0.09538
      7.13104      0.42926      0.40607      0.08004
      7.14104      0.42661      0.39293      0.08504
      7.15104      0.41436      0.34204      0.10550
      7.16104      0.38334      0.32645      0.09310
      7.17104      0.41660      0.37783      0.08872
      7.18104      0.44598      0.39993      0.09734
      7.19104      0.41904      0.36085      0.09964
      7.20104      0.45332      0.33083      0.14086
      7.21104      0.58694      0.41652      0.18846
      7.22104      0.73756      0.61076      0.18654
      7.23104      0.65884      0.64951      0.10670
      7.24104      0.44400      0.49105      0.04150
      7.25104      0.44963      0.47464      0.05643
      7.26104      0.53085      0.51593      0.09206
      7.27104      0.43224      0.37417      0.10056
      7.28104      0.33849      0.26488      0.09462
      7.29104      0.41468      0.34257      0.10562
      7.30104      0.47424      0.38280      0.12595
      7.31104      0.38205      0.28921      0.11278
      7.32104      0.42214      0.35024      0.10844
      7.33104      0.56200      0.53081      0.10847
      7.34104      0.65252      0.62720      0.11822
      7.35104      0.72581      0.64876      0.15263
      7.36104      0.71455      0.62454      0.14583
      7.37104      0.85899      0.75422      0.16639
      7.38104      1.09992      0.97165      0.21503
      7.39104      1.03892      0.98855      0.16327
      7.40104      0.73850      0.78484      0.05845
      7.41104      0.51577      0.58039      0.01086
      7.42104      0.41202      0.44090      0.01855
      7.43104      0.52812      0.49136      0.07578
      7.44104      0.81505      0.74318      0.13809
      7.45104      0.93998      0.92991      0.11673
      7.46104      0.82089      0.83011      0.08756
      7.47104      0.79035      0.70819      0.13782
      7.48104      0.80828      0.67872      0.17186
      7.49104      0.70592      0.65903      0.11072
      7.50104      0.72471      0.74855      0.06364
      7.51104      0.85100      0.86834      0.08210
      7.52104      0.94559      0.93915      0.11564
      7.53104      0.99991      0.97266      0.13591
      7.54104      0.99863      0.95538      0.14257
      7.55104      0.94376      0.91071      0.13586
      7.56104      0.86151      0.84452      0.11823
      7.57104      0.96431      0.91727      0.13232
      7.58104      1.13382      1.09320      0.14691
      7.59104      1.01123      0.98452      0.13423
      7.60104      0.83180      0.74735      0.14387
      7.61104      0.80948      0.70345      0.14586
      7.62104      0.79970      0.74020      0.11629
      7.63104      0.62523      0.61437      0.06806
      7.64104      0.50527      0.48343      0.05729
      7.65104      0.74632      0.68563      0.10430
      7.66104      1.09094      1.04547      0.13554
      7.67104      1.21961      1.19181      0.15336
      7.68104      1.14782      1.12341      0.15536
      7.69104      1.00644      0.97749      0.13355
      7.70104      0.83270      0.77016      0.11699
      7.71104      0.74475      0.67174      0.11368
      7.72104      0.81388      0.79391      0.09921
      7.73104      0.90866      0.91966      0.08838
      7.74104      1.00186      0.95516      0.11856
      7.75104      0.99471      0.89148      0.14719
      7.76104      0.77945      0.69486      0.10841
      7.77104      0.73402      0.65684      0.09966
      7.78104      0.86229      0.79275      0.11965
      7.79104      1.06459      1.00044      0.14754
      7.80104      1.18861      1.05444      0.20566
      7.81104      1.10174      0.89506      0.23998
      7.82104      1.03906      0.86714      0.20153
      7.83104      1.06931      1.01883      0.11233
      7.84104      1.03943      1.08905      0.04712
      7.85104      1.08253      1.14286      0.06834
      7.86104      1.12587      1.11723      0.12261
      7.87104      1.09310      1.03509      0.13044
      7.88104      1.06644      0.99151      0.12655
      7.89104      1.13804      1.04526      0.16102
      7.90104      1.27196      1.15923      0.20162
      7.91104      1.15458      1.03459      0.18605
      7.92104      1.16774      1.10197      0.13803
      7.93104      1.29527      1.26528      0.11361
      7.94104      1.18149      1.08191      0.14469
      7.95104      1.07146      0.89685      0.18861
      7.96104      1.14909      0.96657      0.20543
      7.97104      1.36571      1.19041      0.21859
      7.98104      1.34406      1.15775      0.22309
      7.99104      1.23788      1.05928      0.21712
      8.00104      1.33481      1.20546      0.19818
      8.01104      1.52511      1.46311      0.16977
      8.02104      1.80623      1.74165      0.20397
      8.03104      1.74689      1.60684      0.24491
      8.04104      1.58315      1.35296      0.26886
      8.05104      1.63834      1.36631      0.28691
      8.06104      1.72903      1.49426      0.28224
      8.07104      2.18059      1.93459      0.34599
      8.08104      2.73753      2.37628      0.44835
      8.09104      2.93351      2.46151      0.50416
      8.10104      3.13423      2.57859      0.56184
      8.11104      3.16169      2.59577      0.57693
      8.12104      2.70491      2.25832      0.48442
      8.13104      1.74566      1.50948      0.29519
      8.14104      0.71060      0.67352      0.09897
      8.15104      0.26271      0.30799      0.01514
      8.16104      0.18702      0.24771      0.00098
      8.17104      0.20560      0.27399      0.00003
      8.18104      0.33219      0.43786      0.00000
      8.19104      0.44867      0.58966      0.00000
      8.20104      0.34921      0.45778      0.00000
      8.21104      0.22056      0.28838      0.00000
      8.22104      0.19874      0.26051      0.00000
      8.23104      0.24167      0.31905      0.00000
      8.24104      0.31272      0.41523      0.00000
      8.25104      0.34689      0.46151      0.00000
      8.26104      0.23194      0.30903      0.00000
      8.27104      0.13438      0.17840      0.00000
      8.28104      0.14436      0.19074      0.00000
      8.29104      0.09766      0.12898      0.00000
      8.30104      0.05905      0.07834      0.00000
      8.31104      0.15399      0.20534      0.00000
      8.32104      0.26344      0.35217      0.00000
      8.33104      0.20359      0.27280      0.00000
      8.34104      0.17119      0.22900      0.00000
      8.35104      0.32054      0.42648      0.00000
      8.36104      0.37920      0.50244      0.00000
      8.37104      0.25060      0.33065      0.00000
      8.38104      0.19007      0.25021      0.00000
      8.39104      0.19664      0.26074      0.00000
      8.40104      0.22440      0.29984      0.00000
      8.41104      0.20309      0.27109      0.00000
      8.42104      0.17145      0.22733      0.00000
      8.43104      0.13854      0.18320      0.00000
      8.44104      0.09770      0.12994      0.00000
      8.45104      0.13506      0.18076      0.00000
      8.46104      0.14643      0.19616      0.00000
      8.47104      0.16521      0.22131      0.00000
      8.48104      0.24658      0.32974      0.00000
      8.49104      0.23696      0.31631      0.00000
      8.50104      0.18507      0.24728      0.00000
      8.51104      0.16200      0.21650      0.00000
      8.52104      0.16331      0.21608      0.00000
      8.53104      0.29034      0.38142      0.00000
      8.54104      0.38308      0.50340      0.00000
      8.55104      0.39383      0.51965      0.00000
      8.56104      0.47417      0.62900      0.00000
      8.57104      0.44522      0.59143      0.00000
      8.58104      0.26950      0.35737      0.00000
      8.59104      0.16726      0.22141      0.00000
      8.60104      0.16107      0.21331      0.00000
      8.61104      0.16286      0.21607      0.00000
      8.62104      0.25273      0.33593      0.00000
      8.63104      0.26427      0.35138      0.00000
      8.64104      0.17591      0.23390      0.00000
      8.65104      0.23984      0.31890      0.00000
      8.66104      0.26060      0.34653      0.00000
      8.67104      0.14947      0.19873      0.00000
      8.68104      0.16047      0.21315      0.00000
      8.69104      0.21806      0.28933      0.00000
      8.70104      0.21385      0.28292      0.00000
      8.71104      0.28438      0.37559      0.00000
      8.72104      0.33229      0.43932      0.00000
      8.73104      0.26561      0.35138      0.00000
      8.74104      0.19202      0.25388      0.00000
      8.75104      0.20280      0.26796      0.00000
      8.76104      0.33964      0.44864      0.00000
      8.77104      0.34789      0.45962      0.00000
      8.78104      0.17758      0.23466      0.00000
      8.79104      0.11240      0.14815      0.00000
      8.80104      0.17759      0.23399      0.00000
      8.81104      0.20689      0.27315      0.00000
      8.82104      0.15628      0.20665      0.00000
      8.83104      0.09300      0.12244      0.00000
      8.84104      0.12390      0.16197      0.00000
      8.85104      0.14691      0.19202      0.00000
      8.86104      0.14059      0.18441      0.00000
      8.87104      0.21403      0.28160      0.00000
      8.88104      0.38293      0.50421      0.00000
      8.89104      0.60053      0.79007      0.00000
      8.90104      0.59067      0.77692      0.00000
      8.91104      0.41539      0.54743      0.00000
      8.92104      0.34124      0.44977      0.00000
      8.93104      0.38042      0.49945      0.00000
      8.94104      0.38570      0.50516      0.00000
      8.95104      0.33051      0.43243      0.00000
      8.96104      0.26627      0.34862      0.00000
      8.97104      0.21411      0.28086      0.00000
      8.98104      0.18893      0.24758      0.00000
      8.99104      0.18498      0.24158      0.00000
      9.00104      0.19916      0.25821      0.00000
      9.01104      0.27354      0.35160      0.00000
      9.02104      0.28269      0.36186      0.00000
      9.03104      0.21665      0.27733      0.00000
      9.04104      0.15080      0.19334      0.00000
      9.05104      0.17419      0.22425      0.00000
      9.06104      0.32920      0.42762      0.00000
      9.07104      0.40332      0.52764      0.00000
      9.08104      0.38820      0.50637      0.00000
      9.09104      0.37338      0.48306      0.00000
      9.10104      0.29561      0.38281      0.00000
      9.11104      0.23779      0.30757      0.00000
      9.12104      0.28302      0.36084      0.00000
      9.13104      0.29057      0.36696      0.00000
      9.14104      0.22022      0.27826      0.00000
      9.15104      0.12724      0.16090      0.00000
      9.16104      0.11560      0.14331      0.00000
      9.17104      0.20026      0.24645      0.00000
      9.18104      0.16420      0.20207      0.00000
      9.19104      0.05045      0.06210      0.00000
      9.20104      0.00957      0.01166      0.00000
      9.21104      0.03510      0.04215      0.00000
      9.22104      0.12826      0.15586      0.00000
      9.23104      0.29972      0.37946      0.00000
      9.24104      0.74045      0.96631      0.00000
      9.25104      1.35331      1.76279      0.00000
      9.26104      1.41728      1.82291      0.00000
      9.27104      0.85226      1.07518      0.00000
      9.28104      0.38197      0.46753      0.00000
      9.29104      0.21752      0.25903      0.00000
      9.30104      0.15086      0.17730      0.00000
      9.31104      0.14815      0.17227      0.00000
      9.32104      0.12523      0.14518      0.00000
      9.33104      0.05849      0.06752      0.00000
      9.34104      0.06070      0.06936      0.00000
      9.35104      0.10872      0.12535      0.00000
      9.36104      0.20471      0.24044      0.00000
      9.37104      0.30913      0.36691      0.00000
      9.38104      0.32527      0.38828      0.00000
      9.39104      0.34991      0.41896      0.00000
      9.40104      0.33966      0.41743      0.00000
      9.41104      0.40316      0.51868      0.00000
      9.42104      0.52120      0.68154      0.00000
      9.43104      0.43014      0.55389      0.00000
      9.44104      0.37226      0.43799      0.00000
      9.45104      0.51172      0.57404      0.00000
      9.46104      0.49792      0.55850      0.00000
      9.47104      0.35639      0.40406      0.00000
      9.48104      0.28124      0.32242      0.00000
      9.49104      0.23799      0.27696      0.00000
      9.50104      0.24315      0.28328      0.00000
      9.51104      0.38511      0.43679      0.00000
      9.52104      0.44208      0.49913      0.00000
      9.53104      0.31599      0.36919      0.00000
      9.54104      0.25758      0.31204      0.00000
      9.55104      0.40251      0.47413      0.00001
      9.56104      0.63013      0.71635      0.00010
      9.57104      0.73580      0.83079      0.00045
      9.58104      0.70954      0.82818      0.00080
      9.59104      0.78677      0.96348      0.00111
      9.60104      0.99175      1.22200      0.00264
      9.61104      0.86431      1.04254      0.00360
      9.62104      0.53666      0.61322      0.00240
      9.63104      0.43409      0.45793      0.00456
      9.64104      0.43223      0.43050      0.01308
      9.65104      0.41004      0.39866      0.01763
      9.66104      0.42666      0.43137      0.01493
